W0524 17:05:12.695000 255 site-packages/torch/distributed/run.py:766] 
W0524 17:05:12.695000 255 site-packages/torch/distributed/run.py:766] *****************************************
W0524 17:05:12.695000 255 site-packages/torch/distributed/run.py:766] Setting OMP_NUM_THREADS environment variable for each process to be 1 in default, to avoid your system being overloaded, please further tune the variable for optimal performance in your application as needed. 
W0524 17:05:12.695000 255 site-packages/torch/distributed/run.py:766] *****************************************
/root/miniconda3/envs/llm_test/lib/python3.10/site-packages/torch/autograd/__init__.py:221: UserWarning: Cannot create tensor with interal format while allow_internel_format=False, tensor will be created with base format. (Triggered internally at build/CMakeFiles/torch_npu.dir/compiler_depend.ts:338.)
  torch.ones_like(out, memory_format=torch.preserve_format)
/root/miniconda3/envs/llm_test/lib/python3.10/site-packages/torch/autograd/__init__.py:221: UserWarning: Cannot create tensor with interal format while allow_internel_format=False, tensor will be created with base format. (Triggered internally at build/CMakeFiles/torch_npu.dir/compiler_depend.ts:338.)
  torch.ones_like(out, memory_format=torch.preserve_format)
/root/miniconda3/envs/llm_test/lib/python3.10/site-packages/torch/autograd/__init__.py:221: UserWarning: Cannot create tensor with interal format while allow_internel_format=False, tensor will be created with base format. (Triggered internally at build/CMakeFiles/torch_npu.dir/compiler_depend.ts:338.)
  torch.ones_like(out, memory_format=torch.preserve_format)
/root/miniconda3/envs/llm_test/lib/python3.10/site-packages/torch/autograd/__init__.py:221: UserWarning: Cannot create tensor with interal format while allow_internel_format=False, tensor will be created with base format. (Triggered internally at build/CMakeFiles/torch_npu.dir/compiler_depend.ts:338.)
  torch.ones_like(out, memory_format=torch.preserve_format)
/root/miniconda3/envs/llm_test/lib/python3.10/site-packages/torch/autograd/__init__.py:221: UserWarning: Cannot create tensor with interal format while allow_internel_format=False, tensor will be created with base format. (Triggered internally at build/CMakeFiles/torch_npu.dir/compiler_depend.ts:338.)
  torch.ones_like(out, memory_format=torch.preserve_format)
/root/miniconda3/envs/llm_test/lib/python3.10/site-packages/torch/autograd/__init__.py:221: UserWarning: Cannot create tensor with interal format while allow_internel_format=False, tensor will be created with base format. (Triggered internally at build/CMakeFiles/torch_npu.dir/compiler_depend.ts:338.)
  torch.ones_like(out, memory_format=torch.preserve_format)
/root/miniconda3/envs/llm_test/lib/python3.10/site-packages/torch/autograd/__init__.py:221: UserWarning: Cannot create tensor with interal format while allow_internel_format=False, tensor will be created with base format. (Triggered internally at build/CMakeFiles/torch_npu.dir/compiler_depend.ts:338.)
  torch.ones_like(out, memory_format=torch.preserve_format)
/root/miniconda3/envs/llm_test/lib/python3.10/site-packages/torch/autograd/__init__.py:221: UserWarning: Cannot create tensor with interal format while allow_internel_format=False, tensor will be created with base format. (Triggered internally at build/CMakeFiles/torch_npu.dir/compiler_depend.ts:338.)
  torch.ones_like(out, memory_format=torch.preserve_format)
/root/miniconda3/envs/llm_test/lib/python3.10/site-packages/torch/autograd/__init__.py:221: UserWarning: Cannot create tensor with interal format while allow_internel_format=False, tensor will be created with base format. (Triggered internally at build/CMakeFiles/torch_npu.dir/compiler_depend.ts:338.)
  torch.ones_like(out, memory_format=torch.preserve_format)
/root/miniconda3/envs/llm_test/lib/python3.10/site-packages/torch/distributed/distributed_c10d.py:4631: UserWarning: No device id is provided via `init_process_group` or `barrier `. Using the current device set by the user. 
  warnings.warn(  # warn only once
/root/miniconda3/envs/llm_test/lib/python3.10/site-packages/torch/autograd/__init__.py:221: UserWarning: Cannot create tensor with interal format while allow_internel_format=False, tensor will be created with base format. (Triggered internally at build/CMakeFiles/torch_npu.dir/compiler_depend.ts:338.)
  torch.ones_like(out, memory_format=torch.preserve_format)
/root/miniconda3/envs/llm_test/lib/python3.10/site-packages/torch/autograd/__init__.py:221: UserWarning: Cannot create tensor with interal format while allow_internel_format=False, tensor will be created with base format. (Triggered internally at build/CMakeFiles/torch_npu.dir/compiler_depend.ts:338.)
  torch.ones_like(out, memory_format=torch.preserve_format)
/root/miniconda3/envs/llm_test/lib/python3.10/site-packages/torch/autograd/__init__.py:221: UserWarning: Cannot create tensor with interal format while allow_internel_format=False, tensor will be created with base format. (Triggered internally at build/CMakeFiles/torch_npu.dir/compiler_depend.ts:338.)
  torch.ones_like(out, memory_format=torch.preserve_format)
/root/miniconda3/envs/llm_test/lib/python3.10/site-packages/torch/autograd/__init__.py:221: UserWarning: Cannot create tensor with interal format while allow_internel_format=False, tensor will be created with base format. (Triggered internally at build/CMakeFiles/torch_npu.dir/compiler_depend.ts:338.)
  torch.ones_like(out, memory_format=torch.preserve_format)
/root/miniconda3/envs/llm_test/lib/python3.10/site-packages/torch/autograd/__init__.py:221: UserWarning: Cannot create tensor with interal format while allow_internel_format=False, tensor will be created with base format. (Triggered internally at build/CMakeFiles/torch_npu.dir/compiler_depend.ts:338.)
  torch.ones_like(out, memory_format=torch.preserve_format)
/root/miniconda3/envs/llm_test/lib/python3.10/site-packages/torch/autograd/__init__.py:221: UserWarning: Cannot create tensor with interal format while allow_internel_format=False, tensor will be created with base format. (Triggered internally at build/CMakeFiles/torch_npu.dir/compiler_depend.ts:338.)
  torch.ones_like(out, memory_format=torch.preserve_format)
/root/miniconda3/envs/llm_test/lib/python3.10/site-packages/torch/autograd/__init__.py:221: UserWarning: Cannot create tensor with interal format while allow_internel_format=False, tensor will be created with base format. (Triggered internally at build/CMakeFiles/torch_npu.dir/compiler_depend.ts:338.)
  torch.ones_like(out, memory_format=torch.preserve_format)
/root/miniconda3/envs/llm_test/lib/python3.10/site-packages/torch/distributed/distributed_c10d.py:4631: UserWarning: No device id is provided via `init_process_group` or `barrier `. Using the current device set by the user. 
  warnings.warn(  # warn only once
/root/miniconda3/envs/llm_test/lib/python3.10/site-packages/torch/distributed/distributed_c10d.py:4631: UserWarning: No device id is provided via `init_process_group` or `barrier `. Using the current device set by the user. 
  warnings.warn(  # warn only once
/root/miniconda3/envs/llm_test/lib/python3.10/site-packages/torch/distributed/distributed_c10d.py:4631: UserWarning: No device id is provided via `init_process_group` or `barrier `. Using the current device set by the user. 
  warnings.warn(  # warn only once
/root/miniconda3/envs/llm_test/lib/python3.10/site-packages/torch/distributed/distributed_c10d.py:4631: UserWarning: No device id is provided via `init_process_group` or `barrier `. Using the current device set by the user. 
  warnings.warn(  # warn only once
/root/miniconda3/envs/llm_test/lib/python3.10/site-packages/torch/distributed/distributed_c10d.py:4631: UserWarning: No device id is provided via `init_process_group` or `barrier `. Using the current device set by the user. 
  warnings.warn(  # warn only once
/root/miniconda3/envs/llm_test/lib/python3.10/site-packages/torch/distributed/distributed_c10d.py:4631: UserWarning: No device id is provided via `init_process_group` or `barrier `. Using the current device set by the user. 
  warnings.warn(  # warn only once
/root/miniconda3/envs/llm_test/lib/python3.10/site-packages/torch/distributed/distributed_c10d.py:4631: UserWarning: No device id is provided via `init_process_group` or `barrier `. Using the current device set by the user. 
  warnings.warn(  # warn only once
/root/miniconda3/envs/llm_test/lib/python3.10/site-packages/torch/distributed/distributed_c10d.py:4631: UserWarning: No device id is provided via `init_process_group` or `barrier `. Using the current device set by the user. 
  warnings.warn(  # warn only once
/root/miniconda3/envs/llm_test/lib/python3.10/site-packages/torch/distributed/distributed_c10d.py:4631: UserWarning: No device id is provided via `init_process_group` or `barrier `. Using the current device set by the user. 
  warnings.warn(  # warn only once
/root/miniconda3/envs/llm_test/lib/python3.10/site-packages/torch/distributed/distributed_c10d.py:4631: UserWarning: No device id is provided via `init_process_group` or `barrier `. Using the current device set by the user. 
  warnings.warn(  # warn only once
/root/miniconda3/envs/llm_test/lib/python3.10/site-packages/torch/distributed/distributed_c10d.py:4631: UserWarning: No device id is provided via `init_process_group` or `barrier `. Using the current device set by the user. 
  warnings.warn(  # warn only once
/root/miniconda3/envs/llm_test/lib/python3.10/site-packages/torch/distributed/distributed_c10d.py:4631: UserWarning: No device id is provided via `init_process_group` or `barrier `. Using the current device set by the user. 
  warnings.warn(  # warn only once
/root/miniconda3/envs/llm_test/lib/python3.10/site-packages/torch/distributed/distributed_c10d.py:4631: UserWarning: No device id is provided via `init_process_group` or `barrier `. Using the current device set by the user. 
  warnings.warn(  # warn only once
/root/miniconda3/envs/llm_test/lib/python3.10/site-packages/torch/distributed/distributed_c10d.py:4631: UserWarning: No device id is provided via `init_process_group` or `barrier `. Using the current device set by the user. 
  warnings.warn(  # warn only once
/root/miniconda3/envs/llm_test/lib/python3.10/site-packages/torch/distributed/distributed_c10d.py:4631: UserWarning: No device id is provided via `init_process_group` or `barrier `. Using the current device set by the user. 
  warnings.warn(  # warn only once
logs/8944d94a-af4f-4196-95f8-d60d563ec974.txt
/root/miniconda3/envs/llm_test/lib/python3.10/site-packages/torch_npu/utils/storage.py:89: UserWarning: TypedStorage is deprecated. It will be removed in the future and UntypedStorage will be the only storage class. This should only matter to you if you are using storages directly.  To access UntypedStorage directly, use tensor.untyped_storage() instead of tensor.storage()
  if self.device.type != 'cpu':
step:0/1670 val_loss:10.8125 train_time:0ms step_avg:0.13ms
step:1/1670 train_time:1189ms step_avg:1188.81ms
step:2/1670 train_time:1289ms step_avg:644.43ms
step:3/1670 train_time:1677ms step_avg:558.84ms
step:4/1670 train_time:2058ms step_avg:514.50ms
step:5/1670 train_time:2441ms step_avg:488.20ms
step:6/1670 train_time:2827ms step_avg:471.23ms
step:7/1670 train_time:3217ms step_avg:459.57ms
step:8/1670 train_time:3611ms step_avg:451.40ms
step:9/1670 train_time:3985ms step_avg:442.81ms
step:10/1670 train_time:4372ms step_avg:437.23ms
step:11/1670 train_time:4752ms step_avg:431.99ms
step:12/1670 train_time:5142ms step_avg:428.51ms
step:13/1670 train_time:5530ms step_avg:425.42ms
step:14/1670 train_time:5926ms step_avg:423.30ms
step:15/1670 train_time:6294ms step_avg:419.57ms
step:16/1670 train_time:6685ms step_avg:417.79ms
step:17/1670 train_time:7065ms step_avg:415.61ms
step:18/1670 train_time:7448ms step_avg:413.80ms
step:19/1670 train_time:7831ms step_avg:412.15ms
step:20/1670 train_time:8219ms step_avg:410.94ms
step:21/1670 train_time:8603ms step_avg:409.67ms
step:22/1670 train_time:8990ms step_avg:408.62ms
step:23/1670 train_time:9375ms step_avg:407.62ms
step:24/1670 train_time:9764ms step_avg:406.83ms
step:25/1670 train_time:10144ms step_avg:405.76ms
step:26/1670 train_time:10527ms step_avg:404.90ms
step:27/1670 train_time:10919ms step_avg:404.41ms
step:28/1670 train_time:11301ms step_avg:403.60ms
step:29/1670 train_time:11687ms step_avg:403.00ms
step:30/1670 train_time:12070ms step_avg:402.33ms
step:31/1670 train_time:12456ms step_avg:401.82ms
step:32/1670 train_time:12840ms step_avg:401.26ms
step:33/1670 train_time:13226ms step_avg:400.80ms
step:34/1670 train_time:13616ms step_avg:400.46ms
step:35/1670 train_time:13996ms step_avg:399.89ms
step:36/1670 train_time:14377ms step_avg:399.36ms
step:37/1670 train_time:14762ms step_avg:398.97ms
step:38/1670 train_time:15145ms step_avg:398.56ms
step:39/1670 train_time:15531ms step_avg:398.23ms
step:40/1670 train_time:15915ms step_avg:397.87ms
step:41/1670 train_time:16302ms step_avg:397.61ms
step:42/1670 train_time:16687ms step_avg:397.31ms
step:43/1670 train_time:17073ms step_avg:397.05ms
step:44/1670 train_time:17461ms step_avg:396.85ms
step:45/1670 train_time:17842ms step_avg:396.50ms
step:46/1670 train_time:18224ms step_avg:396.18ms
step:47/1670 train_time:18627ms step_avg:396.31ms
step:48/1670 train_time:19009ms step_avg:396.01ms
step:49/1670 train_time:19379ms step_avg:395.48ms
step:50/1670 train_time:19765ms step_avg:395.29ms
step:51/1670 train_time:20152ms step_avg:395.14ms
step:52/1670 train_time:20539ms step_avg:394.98ms
step:53/1670 train_time:20922ms step_avg:394.76ms
step:54/1670 train_time:21306ms step_avg:394.55ms
step:55/1670 train_time:21691ms step_avg:394.37ms
step:56/1670 train_time:22072ms step_avg:394.15ms
step:57/1670 train_time:22462ms step_avg:394.06ms
step:58/1670 train_time:22847ms step_avg:393.92ms
step:59/1670 train_time:23234ms step_avg:393.80ms
step:60/1670 train_time:23617ms step_avg:393.61ms
step:61/1670 train_time:24002ms step_avg:393.47ms
step:62/1670 train_time:24388ms step_avg:393.36ms
step:63/1670 train_time:24777ms step_avg:393.28ms
step:64/1670 train_time:25158ms step_avg:393.09ms
step:65/1670 train_time:25544ms step_avg:392.99ms
step:66/1670 train_time:25925ms step_avg:392.80ms
step:67/1670 train_time:26308ms step_avg:392.65ms
step:68/1670 train_time:26692ms step_avg:392.54ms
step:69/1670 train_time:27077ms step_avg:392.42ms
step:70/1670 train_time:27466ms step_avg:392.37ms
step:71/1670 train_time:27852ms step_avg:392.28ms
step:72/1670 train_time:28236ms step_avg:392.17ms
step:73/1670 train_time:28621ms step_avg:392.07ms
step:74/1670 train_time:29007ms step_avg:391.98ms
step:75/1670 train_time:29395ms step_avg:391.93ms
step:76/1670 train_time:29780ms step_avg:391.84ms
step:77/1670 train_time:30168ms step_avg:391.80ms
step:78/1670 train_time:30551ms step_avg:391.68ms
step:79/1670 train_time:30943ms step_avg:391.68ms
step:80/1670 train_time:31327ms step_avg:391.59ms
step:81/1670 train_time:31710ms step_avg:391.48ms
step:82/1670 train_time:32099ms step_avg:391.46ms
step:83/1670 train_time:32482ms step_avg:391.34ms
step:84/1670 train_time:32868ms step_avg:391.29ms
step:85/1670 train_time:33252ms step_avg:391.20ms
step:86/1670 train_time:33645ms step_avg:391.22ms
step:87/1670 train_time:34028ms step_avg:391.13ms
step:88/1670 train_time:34415ms step_avg:391.08ms
step:89/1670 train_time:34800ms step_avg:391.01ms
step:90/1670 train_time:35184ms step_avg:390.94ms
step:91/1670 train_time:35572ms step_avg:390.90ms
step:92/1670 train_time:35956ms step_avg:390.83ms
step:93/1670 train_time:36338ms step_avg:390.73ms
step:94/1670 train_time:36728ms step_avg:390.73ms
step:95/1670 train_time:37113ms step_avg:390.66ms
step:96/1670 train_time:37497ms step_avg:390.60ms
step:97/1670 train_time:37879ms step_avg:390.51ms
step:98/1670 train_time:38271ms step_avg:390.52ms
step:99/1670 train_time:38656ms step_avg:390.47ms
step:100/1670 train_time:39041ms step_avg:390.41ms
step:101/1670 train_time:39428ms step_avg:390.37ms
step:102/1670 train_time:39812ms step_avg:390.32ms
step:103/1670 train_time:40198ms step_avg:390.28ms
step:104/1670 train_time:40583ms step_avg:390.22ms
step:105/1670 train_time:40969ms step_avg:390.18ms
step:106/1670 train_time:41354ms step_avg:390.14ms
step:107/1670 train_time:41743ms step_avg:390.13ms
step:108/1670 train_time:42126ms step_avg:390.06ms
step:109/1670 train_time:42510ms step_avg:390.00ms
step:110/1670 train_time:42892ms step_avg:389.93ms
step:111/1670 train_time:43281ms step_avg:389.92ms
step:112/1670 train_time:43666ms step_avg:389.88ms
step:113/1670 train_time:44056ms step_avg:389.88ms
step:114/1670 train_time:44439ms step_avg:389.81ms
step:115/1670 train_time:44822ms step_avg:389.76ms
step:116/1670 train_time:45205ms step_avg:389.70ms
step:117/1670 train_time:45594ms step_avg:389.69ms
step:118/1670 train_time:45980ms step_avg:389.66ms
step:119/1670 train_time:46363ms step_avg:389.61ms
step:120/1670 train_time:46749ms step_avg:389.57ms
step:121/1670 train_time:47135ms step_avg:389.54ms
step:122/1670 train_time:47521ms step_avg:389.52ms
step:123/1670 train_time:47906ms step_avg:389.48ms
step:124/1670 train_time:48289ms step_avg:389.43ms
step:125/1670 train_time:48676ms step_avg:389.41ms
step:125/1670 val_loss:4.3105 train_time:48964ms step_avg:391.71ms
step:126/1670 train_time:49228ms step_avg:390.70ms
step:127/1670 train_time:49569ms step_avg:390.31ms
step:128/1670 train_time:49953ms step_avg:390.26ms
step:129/1670 train_time:50339ms step_avg:390.23ms
step:130/1670 train_time:50727ms step_avg:390.21ms
step:131/1670 train_time:51113ms step_avg:390.17ms
step:132/1670 train_time:51495ms step_avg:390.11ms
step:133/1670 train_time:51878ms step_avg:390.06ms
step:134/1670 train_time:52266ms step_avg:390.04ms
step:135/1670 train_time:52648ms step_avg:389.99ms
step:136/1670 train_time:53032ms step_avg:389.94ms
step:137/1670 train_time:53418ms step_avg:389.91ms
step:138/1670 train_time:53800ms step_avg:389.85ms
step:139/1670 train_time:54185ms step_avg:389.82ms
step:140/1670 train_time:54567ms step_avg:389.77ms
step:141/1670 train_time:54956ms step_avg:389.76ms
step:142/1670 train_time:55340ms step_avg:389.72ms
step:143/1670 train_time:55727ms step_avg:389.70ms
step:144/1670 train_time:56110ms step_avg:389.65ms
step:145/1670 train_time:56504ms step_avg:389.68ms
step:146/1670 train_time:56885ms step_avg:389.63ms
step:147/1670 train_time:57262ms step_avg:389.54ms
step:148/1670 train_time:57647ms step_avg:389.51ms
step:149/1670 train_time:58035ms step_avg:389.50ms
step:150/1670 train_time:58420ms step_avg:389.47ms
step:151/1670 train_time:58804ms step_avg:389.43ms
step:152/1670 train_time:59188ms step_avg:389.39ms
step:153/1670 train_time:59573ms step_avg:389.36ms
step:154/1670 train_time:59961ms step_avg:389.36ms
step:155/1670 train_time:60342ms step_avg:389.30ms
step:156/1670 train_time:60728ms step_avg:389.28ms
step:157/1670 train_time:61116ms step_avg:389.27ms
step:158/1670 train_time:61504ms step_avg:389.27ms
step:159/1670 train_time:61890ms step_avg:389.24ms
step:160/1670 train_time:62276ms step_avg:389.22ms
step:161/1670 train_time:62659ms step_avg:389.19ms
step:162/1670 train_time:63044ms step_avg:389.16ms
step:163/1670 train_time:63430ms step_avg:389.14ms
step:164/1670 train_time:63813ms step_avg:389.10ms
step:165/1670 train_time:64199ms step_avg:389.08ms
step:166/1670 train_time:64583ms step_avg:389.05ms
step:167/1670 train_time:64964ms step_avg:389.01ms
step:168/1670 train_time:65355ms step_avg:389.02ms
step:169/1670 train_time:65740ms step_avg:388.99ms
step:170/1670 train_time:66125ms step_avg:388.97ms
step:171/1670 train_time:66506ms step_avg:388.92ms
step:172/1670 train_time:66891ms step_avg:388.90ms
step:173/1670 train_time:67277ms step_avg:388.89ms
step:174/1670 train_time:67662ms step_avg:388.86ms
step:175/1670 train_time:68043ms step_avg:388.82ms
step:176/1670 train_time:68431ms step_avg:388.81ms
step:177/1670 train_time:68817ms step_avg:388.80ms
step:178/1670 train_time:69200ms step_avg:388.77ms
step:179/1670 train_time:69585ms step_avg:388.74ms
step:180/1670 train_time:69963ms step_avg:388.69ms
step:181/1670 train_time:70349ms step_avg:388.67ms
step:182/1670 train_time:70734ms step_avg:388.65ms
step:183/1670 train_time:71118ms step_avg:388.62ms
step:184/1670 train_time:71506ms step_avg:388.62ms
step:185/1670 train_time:71891ms step_avg:388.60ms
step:186/1670 train_time:72275ms step_avg:388.58ms
step:187/1670 train_time:72657ms step_avg:388.54ms
step:188/1670 train_time:73045ms step_avg:388.54ms
step:189/1670 train_time:73428ms step_avg:388.51ms
step:190/1670 train_time:73813ms step_avg:388.49ms
step:191/1670 train_time:74198ms step_avg:388.47ms
step:192/1670 train_time:74583ms step_avg:388.46ms
step:193/1670 train_time:74965ms step_avg:388.42ms
step:194/1670 train_time:75355ms step_avg:388.43ms
step:195/1670 train_time:75738ms step_avg:388.40ms
step:196/1670 train_time:76125ms step_avg:388.39ms
step:197/1670 train_time:76510ms step_avg:388.38ms
step:198/1670 train_time:76896ms step_avg:388.37ms
step:199/1670 train_time:77283ms step_avg:388.36ms
step:200/1670 train_time:77666ms step_avg:388.33ms
step:201/1670 train_time:78045ms step_avg:388.28ms
step:202/1670 train_time:78432ms step_avg:388.28ms
step:203/1670 train_time:78815ms step_avg:388.25ms
step:204/1670 train_time:79203ms step_avg:388.25ms
step:205/1670 train_time:79583ms step_avg:388.21ms
step:206/1670 train_time:79972ms step_avg:388.21ms
step:207/1670 train_time:80358ms step_avg:388.20ms
step:208/1670 train_time:80742ms step_avg:388.18ms
step:209/1670 train_time:81126ms step_avg:388.16ms
step:210/1670 train_time:81513ms step_avg:388.16ms
step:211/1670 train_time:81899ms step_avg:388.15ms
step:212/1670 train_time:82288ms step_avg:388.15ms
step:213/1670 train_time:82673ms step_avg:388.14ms
step:214/1670 train_time:83056ms step_avg:388.11ms
step:215/1670 train_time:83444ms step_avg:388.11ms
step:216/1670 train_time:83822ms step_avg:388.06ms
step:217/1670 train_time:84206ms step_avg:388.05ms
step:218/1670 train_time:84593ms step_avg:388.04ms
step:219/1670 train_time:84980ms step_avg:388.03ms
step:220/1670 train_time:85370ms step_avg:388.04ms
step:221/1670 train_time:85745ms step_avg:387.99ms
step:222/1670 train_time:86132ms step_avg:387.98ms
step:223/1670 train_time:86515ms step_avg:387.96ms
step:224/1670 train_time:86898ms step_avg:387.94ms
step:225/1670 train_time:87283ms step_avg:387.93ms
step:226/1670 train_time:87668ms step_avg:387.91ms
step:227/1670 train_time:88054ms step_avg:387.90ms
step:228/1670 train_time:88435ms step_avg:387.87ms
step:229/1670 train_time:88822ms step_avg:387.87ms
step:230/1670 train_time:89207ms step_avg:387.86ms
step:231/1670 train_time:89594ms step_avg:387.85ms
step:232/1670 train_time:89975ms step_avg:387.82ms
step:233/1670 train_time:90361ms step_avg:387.82ms
step:234/1670 train_time:90744ms step_avg:387.80ms
step:235/1670 train_time:91131ms step_avg:387.79ms
step:236/1670 train_time:91514ms step_avg:387.77ms
step:237/1670 train_time:91898ms step_avg:387.76ms
step:238/1670 train_time:92281ms step_avg:387.73ms
step:239/1670 train_time:92666ms step_avg:387.72ms
step:240/1670 train_time:93048ms step_avg:387.70ms
step:241/1670 train_time:93435ms step_avg:387.70ms
step:242/1670 train_time:93817ms step_avg:387.67ms
step:243/1670 train_time:94199ms step_avg:387.65ms
step:244/1670 train_time:94584ms step_avg:387.64ms
step:245/1670 train_time:94972ms step_avg:387.64ms
step:246/1670 train_time:95354ms step_avg:387.62ms
step:247/1670 train_time:95741ms step_avg:387.61ms
step:248/1670 train_time:96125ms step_avg:387.60ms
step:249/1670 train_time:96517ms step_avg:387.62ms
step:250/1670 train_time:96900ms step_avg:387.60ms
step:250/1670 val_loss:3.9803 train_time:97191ms step_avg:388.76ms
step:251/1670 train_time:97442ms step_avg:388.21ms
step:252/1670 train_time:97805ms step_avg:388.12ms
step:253/1670 train_time:98193ms step_avg:388.11ms
step:254/1670 train_time:98585ms step_avg:388.13ms
step:255/1670 train_time:98969ms step_avg:388.11ms
step:256/1670 train_time:99351ms step_avg:388.09ms
step:257/1670 train_time:99740ms step_avg:388.09ms
step:258/1670 train_time:100128ms step_avg:388.09ms
step:259/1670 train_time:100512ms step_avg:388.08ms
step:260/1670 train_time:100899ms step_avg:388.07ms
step:261/1670 train_time:101289ms step_avg:388.08ms
step:262/1670 train_time:101680ms step_avg:388.09ms
step:263/1670 train_time:102056ms step_avg:388.05ms
step:264/1670 train_time:102437ms step_avg:388.02ms
step:265/1670 train_time:102822ms step_avg:388.01ms
step:266/1670 train_time:103208ms step_avg:388.00ms
step:267/1670 train_time:103591ms step_avg:387.98ms
step:268/1670 train_time:103971ms step_avg:387.95ms
step:269/1670 train_time:104360ms step_avg:387.95ms
step:270/1670 train_time:104743ms step_avg:387.94ms
step:271/1670 train_time:105128ms step_avg:387.92ms
step:272/1670 train_time:105509ms step_avg:387.90ms
step:273/1670 train_time:105898ms step_avg:387.90ms
step:274/1670 train_time:106281ms step_avg:387.89ms
step:275/1670 train_time:106666ms step_avg:387.88ms
step:276/1670 train_time:107049ms step_avg:387.86ms
step:277/1670 train_time:107436ms step_avg:387.86ms
step:278/1670 train_time:107819ms step_avg:387.84ms
step:279/1670 train_time:108204ms step_avg:387.83ms
step:280/1670 train_time:108595ms step_avg:387.84ms
step:281/1670 train_time:108977ms step_avg:387.82ms
step:282/1670 train_time:109371ms step_avg:387.84ms
step:283/1670 train_time:109750ms step_avg:387.81ms
step:284/1670 train_time:110130ms step_avg:387.78ms
step:285/1670 train_time:110514ms step_avg:387.77ms
step:286/1670 train_time:110899ms step_avg:387.76ms
step:287/1670 train_time:111289ms step_avg:387.77ms
step:288/1670 train_time:111678ms step_avg:387.77ms
step:289/1670 train_time:112060ms step_avg:387.75ms
step:290/1670 train_time:112441ms step_avg:387.73ms
step:291/1670 train_time:112824ms step_avg:387.71ms
step:292/1670 train_time:113209ms step_avg:387.70ms
step:293/1670 train_time:113590ms step_avg:387.68ms
step:294/1670 train_time:113980ms step_avg:387.69ms
step:295/1670 train_time:114365ms step_avg:387.68ms
step:296/1670 train_time:114748ms step_avg:387.66ms
step:297/1670 train_time:115133ms step_avg:387.65ms
step:298/1670 train_time:115514ms step_avg:387.63ms
step:299/1670 train_time:115897ms step_avg:387.62ms
step:300/1670 train_time:116284ms step_avg:387.61ms
step:301/1670 train_time:116665ms step_avg:387.59ms
step:302/1670 train_time:117057ms step_avg:387.61ms
step:303/1670 train_time:117436ms step_avg:387.58ms
step:304/1670 train_time:117818ms step_avg:387.56ms
step:305/1670 train_time:118206ms step_avg:387.56ms
step:306/1670 train_time:118588ms step_avg:387.54ms
step:307/1670 train_time:118970ms step_avg:387.52ms
step:308/1670 train_time:119354ms step_avg:387.51ms
step:309/1670 train_time:119740ms step_avg:387.51ms
step:310/1670 train_time:120127ms step_avg:387.51ms
step:311/1670 train_time:120514ms step_avg:387.50ms
step:312/1670 train_time:120900ms step_avg:387.50ms
step:313/1670 train_time:121290ms step_avg:387.51ms
step:314/1670 train_time:121670ms step_avg:387.49ms
step:315/1670 train_time:122056ms step_avg:387.48ms
step:316/1670 train_time:122443ms step_avg:387.48ms
step:317/1670 train_time:122829ms step_avg:387.47ms
step:318/1670 train_time:123220ms step_avg:387.49ms
step:319/1670 train_time:123604ms step_avg:387.47ms
step:320/1670 train_time:123988ms step_avg:387.46ms
step:321/1670 train_time:124370ms step_avg:387.45ms
step:322/1670 train_time:124754ms step_avg:387.43ms
step:323/1670 train_time:125141ms step_avg:387.43ms
step:324/1670 train_time:125522ms step_avg:387.41ms
step:325/1670 train_time:125904ms step_avg:387.40ms
step:326/1670 train_time:126291ms step_avg:387.40ms
step:327/1670 train_time:126675ms step_avg:387.39ms
step:328/1670 train_time:127055ms step_avg:387.36ms
step:329/1670 train_time:127441ms step_avg:387.36ms
step:330/1670 train_time:127826ms step_avg:387.35ms
step:331/1670 train_time:128210ms step_avg:387.34ms
step:332/1670 train_time:128590ms step_avg:387.32ms
step:333/1670 train_time:128975ms step_avg:387.31ms
step:334/1670 train_time:129361ms step_avg:387.31ms
step:335/1670 train_time:129744ms step_avg:387.29ms
step:336/1670 train_time:130127ms step_avg:387.28ms
step:337/1670 train_time:130510ms step_avg:387.27ms
step:338/1670 train_time:130892ms step_avg:387.26ms
step:339/1670 train_time:131280ms step_avg:387.26ms
step:340/1670 train_time:131672ms step_avg:387.27ms
step:341/1670 train_time:132052ms step_avg:387.25ms
step:342/1670 train_time:132432ms step_avg:387.23ms
step:343/1670 train_time:132817ms step_avg:387.22ms
step:344/1670 train_time:133209ms step_avg:387.24ms
step:345/1670 train_time:133595ms step_avg:387.23ms
step:346/1670 train_time:133979ms step_avg:387.22ms
step:347/1670 train_time:134362ms step_avg:387.21ms
step:348/1670 train_time:134744ms step_avg:387.20ms
step:349/1670 train_time:135130ms step_avg:387.19ms
step:350/1670 train_time:135514ms step_avg:387.18ms
step:351/1670 train_time:135902ms step_avg:387.18ms
step:352/1670 train_time:136283ms step_avg:387.17ms
step:353/1670 train_time:136667ms step_avg:387.16ms
step:354/1670 train_time:137053ms step_avg:387.16ms
step:355/1670 train_time:137435ms step_avg:387.14ms
step:356/1670 train_time:137822ms step_avg:387.14ms
step:357/1670 train_time:138203ms step_avg:387.12ms
step:358/1670 train_time:138588ms step_avg:387.12ms
step:359/1670 train_time:138973ms step_avg:387.11ms
step:360/1670 train_time:139356ms step_avg:387.10ms
step:361/1670 train_time:139740ms step_avg:387.09ms
step:362/1670 train_time:140126ms step_avg:387.09ms
step:363/1670 train_time:140510ms step_avg:387.08ms
step:364/1670 train_time:140897ms step_avg:387.08ms
step:365/1670 train_time:141282ms step_avg:387.07ms
step:366/1670 train_time:141666ms step_avg:387.07ms
step:367/1670 train_time:142055ms step_avg:387.07ms
step:368/1670 train_time:142439ms step_avg:387.06ms
step:369/1670 train_time:142826ms step_avg:387.06ms
step:370/1670 train_time:143210ms step_avg:387.05ms
step:371/1670 train_time:143593ms step_avg:387.04ms
step:372/1670 train_time:143984ms step_avg:387.05ms
step:373/1670 train_time:144368ms step_avg:387.05ms
step:374/1670 train_time:144757ms step_avg:387.05ms
step:375/1670 train_time:145141ms step_avg:387.04ms
step:375/1670 val_loss:3.8227 train_time:145436ms step_avg:387.83ms
step:376/1670 train_time:145695ms step_avg:387.49ms
step:377/1670 train_time:146050ms step_avg:387.40ms
step:378/1670 train_time:146434ms step_avg:387.39ms
step:379/1670 train_time:146823ms step_avg:387.40ms
step:380/1670 train_time:147210ms step_avg:387.39ms
step:381/1670 train_time:147592ms step_avg:387.38ms
step:382/1670 train_time:147976ms step_avg:387.37ms
step:383/1670 train_time:148362ms step_avg:387.37ms
step:384/1670 train_time:148748ms step_avg:387.36ms
step:385/1670 train_time:149133ms step_avg:387.36ms
step:386/1670 train_time:149521ms step_avg:387.36ms
step:387/1670 train_time:149912ms step_avg:387.37ms
step:388/1670 train_time:150299ms step_avg:387.37ms
step:389/1670 train_time:150681ms step_avg:387.35ms
step:390/1670 train_time:151085ms step_avg:387.40ms
step:391/1670 train_time:151454ms step_avg:387.35ms
step:392/1670 train_time:151838ms step_avg:387.34ms
step:393/1670 train_time:152222ms step_avg:387.33ms
step:394/1670 train_time:152608ms step_avg:387.33ms
step:395/1670 train_time:152993ms step_avg:387.32ms
step:396/1670 train_time:153378ms step_avg:387.32ms
step:397/1670 train_time:153758ms step_avg:387.30ms
step:398/1670 train_time:154149ms step_avg:387.31ms
step:399/1670 train_time:154532ms step_avg:387.30ms
step:400/1670 train_time:154919ms step_avg:387.30ms
step:401/1670 train_time:155302ms step_avg:387.29ms
step:402/1670 train_time:155691ms step_avg:387.29ms
step:403/1670 train_time:156076ms step_avg:387.29ms
step:404/1670 train_time:156477ms step_avg:387.32ms
step:405/1670 train_time:156861ms step_avg:387.31ms
step:406/1670 train_time:157246ms step_avg:387.30ms
step:407/1670 train_time:157630ms step_avg:387.30ms
step:408/1670 train_time:158016ms step_avg:387.29ms
step:409/1670 train_time:158401ms step_avg:387.29ms
step:410/1670 train_time:158786ms step_avg:387.28ms
step:411/1670 train_time:159174ms step_avg:387.28ms
step:412/1670 train_time:159558ms step_avg:387.28ms
step:413/1670 train_time:159940ms step_avg:387.27ms
step:414/1670 train_time:160327ms step_avg:387.26ms
step:415/1670 train_time:160715ms step_avg:387.27ms
step:416/1670 train_time:161097ms step_avg:387.25ms
step:417/1670 train_time:161484ms step_avg:387.25ms
step:418/1670 train_time:161866ms step_avg:387.24ms
step:419/1670 train_time:162248ms step_avg:387.23ms
step:420/1670 train_time:162634ms step_avg:387.22ms
step:421/1670 train_time:163019ms step_avg:387.22ms
step:422/1670 train_time:163404ms step_avg:387.21ms
step:423/1670 train_time:163790ms step_avg:387.21ms
step:424/1670 train_time:164177ms step_avg:387.21ms
step:425/1670 train_time:164562ms step_avg:387.20ms
step:426/1670 train_time:164950ms step_avg:387.21ms
step:427/1670 train_time:165336ms step_avg:387.20ms
step:428/1670 train_time:165720ms step_avg:387.20ms
step:429/1670 train_time:166103ms step_avg:387.19ms
step:430/1670 train_time:166476ms step_avg:387.15ms
step:431/1670 train_time:166858ms step_avg:387.14ms
step:432/1670 train_time:167241ms step_avg:387.13ms
step:433/1670 train_time:167625ms step_avg:387.13ms
step:434/1670 train_time:168013ms step_avg:387.13ms
step:435/1670 train_time:168401ms step_avg:387.13ms
step:436/1670 train_time:168783ms step_avg:387.12ms
step:437/1670 train_time:169167ms step_avg:387.11ms
step:438/1670 train_time:169550ms step_avg:387.10ms
step:439/1670 train_time:169936ms step_avg:387.10ms
step:440/1670 train_time:170321ms step_avg:387.09ms
step:441/1670 train_time:170708ms step_avg:387.09ms
step:442/1670 train_time:171093ms step_avg:387.09ms
step:443/1670 train_time:171481ms step_avg:387.09ms
step:444/1670 train_time:171863ms step_avg:387.08ms
step:445/1670 train_time:172248ms step_avg:387.07ms
step:446/1670 train_time:172633ms step_avg:387.07ms
step:447/1670 train_time:173017ms step_avg:387.06ms
step:448/1670 train_time:173401ms step_avg:387.06ms
step:449/1670 train_time:173787ms step_avg:387.05ms
step:450/1670 train_time:174173ms step_avg:387.05ms
step:451/1670 train_time:174557ms step_avg:387.05ms
step:452/1670 train_time:174941ms step_avg:387.04ms
step:453/1670 train_time:175326ms step_avg:387.03ms
step:454/1670 train_time:175710ms step_avg:387.03ms
step:455/1670 train_time:176095ms step_avg:387.02ms
step:456/1670 train_time:176478ms step_avg:387.01ms
step:457/1670 train_time:176861ms step_avg:387.01ms
step:458/1670 train_time:177243ms step_avg:386.99ms
step:459/1670 train_time:177624ms step_avg:386.98ms
step:460/1670 train_time:178007ms step_avg:386.97ms
step:461/1670 train_time:178392ms step_avg:386.97ms
step:462/1670 train_time:178774ms step_avg:386.96ms
step:463/1670 train_time:179162ms step_avg:386.96ms
step:464/1670 train_time:179549ms step_avg:386.96ms
step:465/1670 train_time:179930ms step_avg:386.95ms
step:466/1670 train_time:180311ms step_avg:386.93ms
step:467/1670 train_time:180700ms step_avg:386.94ms
step:468/1670 train_time:181084ms step_avg:386.93ms
step:469/1670 train_time:181469ms step_avg:386.93ms
step:470/1670 train_time:181851ms step_avg:386.92ms
step:471/1670 train_time:182237ms step_avg:386.92ms
step:472/1670 train_time:182620ms step_avg:386.91ms
step:473/1670 train_time:183006ms step_avg:386.91ms
step:474/1670 train_time:183390ms step_avg:386.90ms
step:475/1670 train_time:183772ms step_avg:386.89ms
step:476/1670 train_time:184161ms step_avg:386.89ms
step:477/1670 train_time:184543ms step_avg:386.88ms
step:478/1670 train_time:184927ms step_avg:386.88ms
step:479/1670 train_time:185310ms step_avg:386.87ms
step:480/1670 train_time:185696ms step_avg:386.87ms
step:481/1670 train_time:186085ms step_avg:386.87ms
step:482/1670 train_time:186470ms step_avg:386.87ms
step:483/1670 train_time:186852ms step_avg:386.86ms
step:484/1670 train_time:187237ms step_avg:386.85ms
step:485/1670 train_time:187624ms step_avg:386.85ms
step:486/1670 train_time:188007ms step_avg:386.85ms
step:487/1670 train_time:188393ms step_avg:386.84ms
step:488/1670 train_time:188778ms step_avg:386.84ms
step:489/1670 train_time:189164ms step_avg:386.84ms
step:490/1670 train_time:189547ms step_avg:386.83ms
step:491/1670 train_time:189932ms step_avg:386.83ms
step:492/1670 train_time:190315ms step_avg:386.82ms
step:493/1670 train_time:190701ms step_avg:386.82ms
step:494/1670 train_time:191086ms step_avg:386.81ms
step:495/1670 train_time:191473ms step_avg:386.81ms
step:496/1670 train_time:191857ms step_avg:386.81ms
step:497/1670 train_time:192244ms step_avg:386.81ms
step:498/1670 train_time:192629ms step_avg:386.80ms
step:499/1670 train_time:193014ms step_avg:386.80ms
step:500/1670 train_time:193402ms step_avg:386.80ms
step:500/1670 val_loss:3.7213 train_time:193691ms step_avg:387.38ms
step:501/1670 train_time:193943ms step_avg:387.11ms
step:502/1670 train_time:194293ms step_avg:387.04ms
step:503/1670 train_time:194678ms step_avg:387.03ms
step:504/1670 train_time:195064ms step_avg:387.03ms
step:505/1670 train_time:195448ms step_avg:387.03ms
step:506/1670 train_time:195834ms step_avg:387.02ms
step:507/1670 train_time:196217ms step_avg:387.02ms
step:508/1670 train_time:196603ms step_avg:387.01ms
step:509/1670 train_time:196987ms step_avg:387.01ms
step:510/1670 train_time:197373ms step_avg:387.01ms
step:511/1670 train_time:197759ms step_avg:387.00ms
step:512/1670 train_time:198146ms step_avg:387.00ms
step:513/1670 train_time:198532ms step_avg:387.00ms
step:514/1670 train_time:198916ms step_avg:387.00ms
step:515/1670 train_time:199304ms step_avg:387.00ms
step:516/1670 train_time:199686ms step_avg:386.99ms
step:517/1670 train_time:200068ms step_avg:386.98ms
step:518/1670 train_time:200451ms step_avg:386.97ms
step:519/1670 train_time:200834ms step_avg:386.96ms
step:520/1670 train_time:201219ms step_avg:386.96ms
step:521/1670 train_time:201602ms step_avg:386.95ms
step:522/1670 train_time:201985ms step_avg:386.94ms
step:523/1670 train_time:202366ms step_avg:386.93ms
step:524/1670 train_time:202756ms step_avg:386.94ms
step:525/1670 train_time:203137ms step_avg:386.93ms
step:526/1670 train_time:203525ms step_avg:386.93ms
step:527/1670 train_time:203907ms step_avg:386.92ms
step:528/1670 train_time:204293ms step_avg:386.92ms
step:529/1670 train_time:204683ms step_avg:386.92ms
step:530/1670 train_time:205067ms step_avg:386.92ms
step:531/1670 train_time:205450ms step_avg:386.91ms
step:532/1670 train_time:205839ms step_avg:386.91ms
step:533/1670 train_time:206223ms step_avg:386.91ms
step:534/1670 train_time:206606ms step_avg:386.90ms
step:535/1670 train_time:206993ms step_avg:386.90ms
step:536/1670 train_time:207378ms step_avg:386.90ms
step:537/1670 train_time:207767ms step_avg:386.90ms
step:538/1670 train_time:208151ms step_avg:386.90ms
step:539/1670 train_time:208538ms step_avg:386.90ms
step:540/1670 train_time:208924ms step_avg:386.90ms
step:541/1670 train_time:209307ms step_avg:386.89ms
step:542/1670 train_time:209693ms step_avg:386.89ms
step:543/1670 train_time:210080ms step_avg:386.89ms
step:544/1670 train_time:210462ms step_avg:386.88ms
step:545/1670 train_time:210850ms step_avg:386.88ms
step:546/1670 train_time:211238ms step_avg:386.88ms
step:547/1670 train_time:211620ms step_avg:386.87ms
step:548/1670 train_time:212006ms step_avg:386.87ms
step:549/1670 train_time:212390ms step_avg:386.87ms
step:550/1670 train_time:212778ms step_avg:386.87ms
step:551/1670 train_time:213162ms step_avg:386.86ms
step:552/1670 train_time:213547ms step_avg:386.86ms
step:553/1670 train_time:213932ms step_avg:386.86ms
step:554/1670 train_time:214330ms step_avg:386.88ms
step:555/1670 train_time:214714ms step_avg:386.87ms
step:556/1670 train_time:215089ms step_avg:386.85ms
step:557/1670 train_time:215474ms step_avg:386.85ms
step:558/1670 train_time:215858ms step_avg:386.84ms
step:559/1670 train_time:216247ms step_avg:386.85ms
step:560/1670 train_time:216632ms step_avg:386.84ms
step:561/1670 train_time:217021ms step_avg:386.85ms
step:562/1670 train_time:217406ms step_avg:386.84ms
step:563/1670 train_time:217793ms step_avg:386.84ms
step:564/1670 train_time:218180ms step_avg:386.84ms
step:565/1670 train_time:218568ms step_avg:386.85ms
step:566/1670 train_time:218951ms step_avg:386.84ms
step:567/1670 train_time:219335ms step_avg:386.83ms
step:568/1670 train_time:219718ms step_avg:386.83ms
step:569/1670 train_time:220103ms step_avg:386.82ms
step:570/1670 train_time:220487ms step_avg:386.82ms
step:571/1670 train_time:220880ms step_avg:386.83ms
step:572/1670 train_time:221264ms step_avg:386.82ms
step:573/1670 train_time:221646ms step_avg:386.82ms
step:574/1670 train_time:222030ms step_avg:386.81ms
step:575/1670 train_time:222420ms step_avg:386.82ms
step:576/1670 train_time:222808ms step_avg:386.82ms
step:577/1670 train_time:223192ms step_avg:386.81ms
step:578/1670 train_time:223575ms step_avg:386.81ms
step:579/1670 train_time:223961ms step_avg:386.81ms
step:580/1670 train_time:224347ms step_avg:386.81ms
step:581/1670 train_time:224736ms step_avg:386.81ms
step:582/1670 train_time:225112ms step_avg:386.79ms
step:583/1670 train_time:225502ms step_avg:386.80ms
step:584/1670 train_time:225885ms step_avg:386.79ms
step:585/1670 train_time:226266ms step_avg:386.78ms
step:586/1670 train_time:226652ms step_avg:386.78ms
step:587/1670 train_time:227039ms step_avg:386.78ms
step:588/1670 train_time:227430ms step_avg:386.79ms
step:589/1670 train_time:227812ms step_avg:386.78ms
step:590/1670 train_time:228195ms step_avg:386.77ms
step:591/1670 train_time:228583ms step_avg:386.77ms
step:592/1670 train_time:228957ms step_avg:386.75ms
step:593/1670 train_time:229344ms step_avg:386.75ms
step:594/1670 train_time:229728ms step_avg:386.75ms
step:595/1670 train_time:230109ms step_avg:386.74ms
step:596/1670 train_time:230494ms step_avg:386.74ms
step:597/1670 train_time:230879ms step_avg:386.73ms
step:598/1670 train_time:231262ms step_avg:386.73ms
step:599/1670 train_time:231649ms step_avg:386.73ms
step:600/1670 train_time:232032ms step_avg:386.72ms
step:601/1670 train_time:232415ms step_avg:386.71ms
step:602/1670 train_time:232805ms step_avg:386.72ms
step:603/1670 train_time:233190ms step_avg:386.72ms
step:604/1670 train_time:233577ms step_avg:386.72ms
step:605/1670 train_time:233959ms step_avg:386.71ms
step:606/1670 train_time:234346ms step_avg:386.71ms
step:607/1670 train_time:234729ms step_avg:386.70ms
step:608/1670 train_time:235117ms step_avg:386.71ms
step:609/1670 train_time:235502ms step_avg:386.70ms
step:610/1670 train_time:235883ms step_avg:386.69ms
step:611/1670 train_time:236266ms step_avg:386.69ms
step:612/1670 train_time:236653ms step_avg:386.69ms
step:613/1670 train_time:237038ms step_avg:386.68ms
step:614/1670 train_time:237423ms step_avg:386.68ms
step:615/1670 train_time:237811ms step_avg:386.68ms
step:616/1670 train_time:238193ms step_avg:386.68ms
step:617/1670 train_time:238574ms step_avg:386.67ms
step:618/1670 train_time:238960ms step_avg:386.67ms
step:619/1670 train_time:239344ms step_avg:386.66ms
step:620/1670 train_time:239727ms step_avg:386.66ms
step:621/1670 train_time:240110ms step_avg:386.65ms
step:622/1670 train_time:240492ms step_avg:386.64ms
step:623/1670 train_time:240873ms step_avg:386.63ms
step:624/1670 train_time:241257ms step_avg:386.63ms
step:625/1670 train_time:241645ms step_avg:386.63ms
step:625/1670 val_loss:3.6189 train_time:241942ms step_avg:387.11ms
step:626/1670 train_time:242196ms step_avg:386.90ms
step:627/1670 train_time:242555ms step_avg:386.85ms
step:628/1670 train_time:242937ms step_avg:386.84ms
step:629/1670 train_time:243321ms step_avg:386.84ms
step:630/1670 train_time:243714ms step_avg:386.85ms
step:631/1670 train_time:244102ms step_avg:386.85ms
step:632/1670 train_time:244488ms step_avg:386.85ms
step:633/1670 train_time:244872ms step_avg:386.84ms
step:634/1670 train_time:245257ms step_avg:386.84ms
step:635/1670 train_time:245641ms step_avg:386.84ms
step:636/1670 train_time:246028ms step_avg:386.84ms
step:637/1670 train_time:246414ms step_avg:386.84ms
step:638/1670 train_time:246797ms step_avg:386.83ms
step:639/1670 train_time:247182ms step_avg:386.83ms
step:640/1670 train_time:247571ms step_avg:386.83ms
step:641/1670 train_time:247956ms step_avg:386.83ms
step:642/1670 train_time:248339ms step_avg:386.82ms
step:643/1670 train_time:248724ms step_avg:386.82ms
step:644/1670 train_time:249109ms step_avg:386.82ms
step:645/1670 train_time:249496ms step_avg:386.82ms
step:646/1670 train_time:249877ms step_avg:386.81ms
step:647/1670 train_time:250262ms step_avg:386.80ms
step:648/1670 train_time:250646ms step_avg:386.80ms
step:649/1670 train_time:251032ms step_avg:386.80ms
step:650/1670 train_time:251415ms step_avg:386.79ms
step:651/1670 train_time:251800ms step_avg:386.79ms
step:652/1670 train_time:252183ms step_avg:386.78ms
step:653/1670 train_time:252573ms step_avg:386.79ms
step:654/1670 train_time:252957ms step_avg:386.78ms
step:655/1670 train_time:253342ms step_avg:386.78ms
step:656/1670 train_time:253721ms step_avg:386.77ms
step:657/1670 train_time:254109ms step_avg:386.77ms
step:658/1670 train_time:254495ms step_avg:386.77ms
step:659/1670 train_time:254881ms step_avg:386.77ms
step:660/1670 train_time:255268ms step_avg:386.77ms
step:661/1670 train_time:255652ms step_avg:386.76ms
step:662/1670 train_time:256035ms step_avg:386.76ms
step:663/1670 train_time:256426ms step_avg:386.77ms
step:664/1670 train_time:256807ms step_avg:386.76ms
step:665/1670 train_time:257189ms step_avg:386.75ms
step:666/1670 train_time:257572ms step_avg:386.75ms
step:667/1670 train_time:257955ms step_avg:386.74ms
step:668/1670 train_time:258337ms step_avg:386.73ms
step:669/1670 train_time:258721ms step_avg:386.73ms
step:670/1670 train_time:259105ms step_avg:386.72ms
step:671/1670 train_time:259492ms step_avg:386.72ms
step:672/1670 train_time:259885ms step_avg:386.73ms
step:673/1670 train_time:260273ms step_avg:386.74ms
step:674/1670 train_time:260659ms step_avg:386.73ms
step:675/1670 train_time:261044ms step_avg:386.73ms
step:676/1670 train_time:261428ms step_avg:386.73ms
step:677/1670 train_time:261813ms step_avg:386.73ms
step:678/1670 train_time:262199ms step_avg:386.72ms
step:679/1670 train_time:262582ms step_avg:386.72ms
step:680/1670 train_time:262966ms step_avg:386.71ms
step:681/1670 train_time:263352ms step_avg:386.71ms
step:682/1670 train_time:263735ms step_avg:386.71ms
step:683/1670 train_time:264124ms step_avg:386.71ms
step:684/1670 train_time:264510ms step_avg:386.71ms
step:685/1670 train_time:264895ms step_avg:386.71ms
step:686/1670 train_time:265279ms step_avg:386.70ms
step:687/1670 train_time:265667ms step_avg:386.71ms
step:688/1670 train_time:266052ms step_avg:386.70ms
step:689/1670 train_time:266438ms step_avg:386.70ms
step:690/1670 train_time:266827ms step_avg:386.71ms
step:691/1670 train_time:267210ms step_avg:386.70ms
step:692/1670 train_time:267603ms step_avg:386.71ms
step:693/1670 train_time:267983ms step_avg:386.70ms
step:694/1670 train_time:268370ms step_avg:386.70ms
step:695/1670 train_time:268753ms step_avg:386.70ms
step:696/1670 train_time:269142ms step_avg:386.70ms
step:697/1670 train_time:269526ms step_avg:386.69ms
step:698/1670 train_time:269908ms step_avg:386.69ms
step:699/1670 train_time:270296ms step_avg:386.69ms
step:700/1670 train_time:270677ms step_avg:386.68ms
step:701/1670 train_time:271062ms step_avg:386.68ms
step:702/1670 train_time:271446ms step_avg:386.68ms
step:703/1670 train_time:271831ms step_avg:386.67ms
step:704/1670 train_time:272216ms step_avg:386.67ms
step:705/1670 train_time:272600ms step_avg:386.67ms
step:706/1670 train_time:272983ms step_avg:386.66ms
step:707/1670 train_time:273368ms step_avg:386.66ms
step:708/1670 train_time:273754ms step_avg:386.66ms
step:709/1670 train_time:274143ms step_avg:386.66ms
step:710/1670 train_time:274526ms step_avg:386.66ms
step:711/1670 train_time:274908ms step_avg:386.65ms
step:712/1670 train_time:275294ms step_avg:386.65ms
step:713/1670 train_time:275679ms step_avg:386.65ms
step:714/1670 train_time:276061ms step_avg:386.64ms
step:715/1670 train_time:276446ms step_avg:386.64ms
step:716/1670 train_time:276832ms step_avg:386.64ms
step:717/1670 train_time:277217ms step_avg:386.63ms
step:718/1670 train_time:277605ms step_avg:386.64ms
step:719/1670 train_time:277991ms step_avg:386.64ms
step:720/1670 train_time:278374ms step_avg:386.63ms
step:721/1670 train_time:278772ms step_avg:386.65ms
step:722/1670 train_time:279141ms step_avg:386.62ms
step:723/1670 train_time:279524ms step_avg:386.62ms
step:724/1670 train_time:279913ms step_avg:386.62ms
step:725/1670 train_time:280293ms step_avg:386.61ms
step:726/1670 train_time:280684ms step_avg:386.62ms
step:727/1670 train_time:281067ms step_avg:386.61ms
step:728/1670 train_time:281452ms step_avg:386.61ms
step:729/1670 train_time:281833ms step_avg:386.60ms
step:730/1670 train_time:282225ms step_avg:386.61ms
step:731/1670 train_time:282608ms step_avg:386.60ms
step:732/1670 train_time:282993ms step_avg:386.60ms
step:733/1670 train_time:283375ms step_avg:386.60ms
step:734/1670 train_time:283759ms step_avg:386.59ms
step:735/1670 train_time:284142ms step_avg:386.59ms
step:736/1670 train_time:284532ms step_avg:386.59ms
step:737/1670 train_time:284916ms step_avg:386.59ms
step:738/1670 train_time:285317ms step_avg:386.61ms
step:739/1670 train_time:285688ms step_avg:386.59ms
step:740/1670 train_time:286070ms step_avg:386.58ms
step:741/1670 train_time:286455ms step_avg:386.58ms
step:742/1670 train_time:286840ms step_avg:386.58ms
step:743/1670 train_time:287223ms step_avg:386.57ms
step:744/1670 train_time:287611ms step_avg:386.57ms
step:745/1670 train_time:287999ms step_avg:386.58ms
step:746/1670 train_time:288387ms step_avg:386.58ms
step:747/1670 train_time:288771ms step_avg:386.57ms
step:748/1670 train_time:289155ms step_avg:386.57ms
step:749/1670 train_time:289541ms step_avg:386.57ms
step:750/1670 train_time:289927ms step_avg:386.57ms
step:750/1670 val_loss:3.5664 train_time:290220ms step_avg:386.96ms
step:751/1670 train_time:290474ms step_avg:386.78ms
step:752/1670 train_time:290822ms step_avg:386.73ms
step:753/1670 train_time:291208ms step_avg:386.73ms
step:754/1670 train_time:291593ms step_avg:386.73ms
step:755/1670 train_time:291978ms step_avg:386.73ms
step:756/1670 train_time:292364ms step_avg:386.72ms
step:757/1670 train_time:292747ms step_avg:386.72ms
step:758/1670 train_time:293137ms step_avg:386.72ms
step:759/1670 train_time:293519ms step_avg:386.72ms
step:760/1670 train_time:293906ms step_avg:386.72ms
step:761/1670 train_time:294291ms step_avg:386.72ms
step:762/1670 train_time:294680ms step_avg:386.72ms
step:763/1670 train_time:295069ms step_avg:386.72ms
step:764/1670 train_time:295451ms step_avg:386.72ms
step:765/1670 train_time:295838ms step_avg:386.72ms
step:766/1670 train_time:296223ms step_avg:386.71ms
step:767/1670 train_time:296611ms step_avg:386.72ms
step:768/1670 train_time:296998ms step_avg:386.72ms
step:769/1670 train_time:297385ms step_avg:386.72ms
step:770/1670 train_time:297769ms step_avg:386.71ms
step:771/1670 train_time:298168ms step_avg:386.73ms
step:772/1670 train_time:298539ms step_avg:386.71ms
step:773/1670 train_time:298924ms step_avg:386.71ms
step:774/1670 train_time:299312ms step_avg:386.71ms
step:775/1670 train_time:299699ms step_avg:386.71ms
step:776/1670 train_time:300085ms step_avg:386.71ms
step:777/1670 train_time:300468ms step_avg:386.70ms
step:778/1670 train_time:300854ms step_avg:386.70ms
step:779/1670 train_time:301241ms step_avg:386.70ms
step:780/1670 train_time:301625ms step_avg:386.70ms
step:781/1670 train_time:302009ms step_avg:386.70ms
step:782/1670 train_time:302395ms step_avg:386.69ms
step:783/1670 train_time:302782ms step_avg:386.70ms
step:784/1670 train_time:303166ms step_avg:386.69ms
step:785/1670 train_time:303548ms step_avg:386.69ms
step:786/1670 train_time:303935ms step_avg:386.69ms
step:787/1670 train_time:304321ms step_avg:386.69ms
step:788/1670 train_time:304705ms step_avg:386.68ms
step:789/1670 train_time:305095ms step_avg:386.69ms
step:790/1670 train_time:305479ms step_avg:386.68ms
step:791/1670 train_time:305862ms step_avg:386.68ms
step:792/1670 train_time:306245ms step_avg:386.67ms
step:793/1670 train_time:306627ms step_avg:386.67ms
step:794/1670 train_time:307015ms step_avg:386.67ms
step:795/1670 train_time:307400ms step_avg:386.67ms
step:796/1670 train_time:307783ms step_avg:386.66ms
step:797/1670 train_time:308167ms step_avg:386.66ms
step:798/1670 train_time:308556ms step_avg:386.66ms
step:799/1670 train_time:308939ms step_avg:386.66ms
step:800/1670 train_time:309319ms step_avg:386.65ms
step:801/1670 train_time:309704ms step_avg:386.65ms
step:802/1670 train_time:310088ms step_avg:386.64ms
step:803/1670 train_time:310475ms step_avg:386.64ms
step:804/1670 train_time:310858ms step_avg:386.64ms
step:805/1670 train_time:311241ms step_avg:386.63ms
step:806/1670 train_time:311623ms step_avg:386.63ms
step:807/1670 train_time:312011ms step_avg:386.63ms
step:808/1670 train_time:312396ms step_avg:386.63ms
step:809/1670 train_time:312779ms step_avg:386.62ms
step:810/1670 train_time:313164ms step_avg:386.62ms
step:811/1670 train_time:313548ms step_avg:386.62ms
step:812/1670 train_time:313932ms step_avg:386.62ms
step:813/1670 train_time:314316ms step_avg:386.61ms
step:814/1670 train_time:314697ms step_avg:386.61ms
step:815/1670 train_time:315081ms step_avg:386.60ms
step:816/1670 train_time:315464ms step_avg:386.60ms
step:817/1670 train_time:315850ms step_avg:386.60ms
step:818/1670 train_time:316234ms step_avg:386.59ms
step:819/1670 train_time:316612ms step_avg:386.58ms
step:820/1670 train_time:316996ms step_avg:386.58ms
step:821/1670 train_time:317378ms step_avg:386.58ms
step:822/1670 train_time:317762ms step_avg:386.57ms
step:823/1670 train_time:318146ms step_avg:386.57ms
step:824/1670 train_time:318529ms step_avg:386.56ms
step:825/1670 train_time:318919ms step_avg:386.57ms
step:826/1670 train_time:319303ms step_avg:386.57ms
step:827/1670 train_time:319688ms step_avg:386.56ms
step:828/1670 train_time:320072ms step_avg:386.56ms
step:829/1670 train_time:320460ms step_avg:386.56ms
step:830/1670 train_time:320846ms step_avg:386.56ms
step:831/1670 train_time:321231ms step_avg:386.56ms
step:832/1670 train_time:321613ms step_avg:386.55ms
step:833/1670 train_time:321998ms step_avg:386.55ms
step:834/1670 train_time:322392ms step_avg:386.56ms
step:835/1670 train_time:322775ms step_avg:386.56ms
step:836/1670 train_time:323144ms step_avg:386.54ms
step:837/1670 train_time:323535ms step_avg:386.54ms
step:838/1670 train_time:323924ms step_avg:386.54ms
step:839/1670 train_time:324308ms step_avg:386.54ms
step:840/1670 train_time:324687ms step_avg:386.53ms
step:841/1670 train_time:325076ms step_avg:386.54ms
step:842/1670 train_time:325461ms step_avg:386.53ms
step:843/1670 train_time:325843ms step_avg:386.53ms
step:844/1670 train_time:326226ms step_avg:386.52ms
step:845/1670 train_time:326611ms step_avg:386.52ms
step:846/1670 train_time:326997ms step_avg:386.52ms
step:847/1670 train_time:327379ms step_avg:386.52ms
step:848/1670 train_time:327767ms step_avg:386.52ms
step:849/1670 train_time:328157ms step_avg:386.52ms
step:850/1670 train_time:328542ms step_avg:386.52ms
step:851/1670 train_time:328925ms step_avg:386.52ms
step:852/1670 train_time:329312ms step_avg:386.52ms
step:853/1670 train_time:329698ms step_avg:386.52ms
step:854/1670 train_time:330082ms step_avg:386.51ms
step:855/1670 train_time:330468ms step_avg:386.51ms
step:856/1670 train_time:330848ms step_avg:386.50ms
step:857/1670 train_time:331234ms step_avg:386.50ms
step:858/1670 train_time:331622ms step_avg:386.51ms
step:859/1670 train_time:332011ms step_avg:386.51ms
step:860/1670 train_time:332393ms step_avg:386.50ms
step:861/1670 train_time:332782ms step_avg:386.51ms
step:862/1670 train_time:333168ms step_avg:386.51ms
step:863/1670 train_time:333552ms step_avg:386.50ms
step:864/1670 train_time:333938ms step_avg:386.50ms
step:865/1670 train_time:334324ms step_avg:386.50ms
step:866/1670 train_time:334708ms step_avg:386.50ms
step:867/1670 train_time:335092ms step_avg:386.50ms
step:868/1670 train_time:335475ms step_avg:386.49ms
step:869/1670 train_time:335859ms step_avg:386.49ms
step:870/1670 train_time:336247ms step_avg:386.49ms
step:871/1670 train_time:336628ms step_avg:386.48ms
step:872/1670 train_time:337008ms step_avg:386.48ms
step:873/1670 train_time:337393ms step_avg:386.48ms
step:874/1670 train_time:337777ms step_avg:386.47ms
step:875/1670 train_time:338162ms step_avg:386.47ms
step:875/1670 val_loss:3.5184 train_time:338453ms step_avg:386.80ms
step:876/1670 train_time:338715ms step_avg:386.66ms
step:877/1670 train_time:339055ms step_avg:386.61ms
step:878/1670 train_time:339444ms step_avg:386.61ms
step:879/1670 train_time:339829ms step_avg:386.61ms
step:880/1670 train_time:340221ms step_avg:386.61ms
step:881/1670 train_time:340600ms step_avg:386.61ms
step:882/1670 train_time:340983ms step_avg:386.60ms
step:883/1670 train_time:341366ms step_avg:386.60ms
step:884/1670 train_time:341752ms step_avg:386.60ms
step:885/1670 train_time:342138ms step_avg:386.60ms
step:886/1670 train_time:342521ms step_avg:386.59ms
step:887/1670 train_time:342906ms step_avg:386.59ms
step:888/1670 train_time:343292ms step_avg:386.59ms
step:889/1670 train_time:343675ms step_avg:386.59ms
step:890/1670 train_time:344059ms step_avg:386.58ms
step:891/1670 train_time:344442ms step_avg:386.58ms
step:892/1670 train_time:344829ms step_avg:386.58ms
step:893/1670 train_time:345213ms step_avg:386.58ms
step:894/1670 train_time:345602ms step_avg:386.58ms
step:895/1670 train_time:345985ms step_avg:386.57ms
step:896/1670 train_time:346367ms step_avg:386.57ms
step:897/1670 train_time:346756ms step_avg:386.57ms
step:898/1670 train_time:347140ms step_avg:386.57ms
step:899/1670 train_time:347525ms step_avg:386.57ms
step:900/1670 train_time:347914ms step_avg:386.57ms
step:901/1670 train_time:348294ms step_avg:386.56ms
step:902/1670 train_time:348681ms step_avg:386.56ms
step:903/1670 train_time:349067ms step_avg:386.56ms
step:904/1670 train_time:349453ms step_avg:386.56ms
step:905/1670 train_time:349835ms step_avg:386.56ms
step:906/1670 train_time:350228ms step_avg:386.57ms
step:907/1670 train_time:350617ms step_avg:386.57ms
step:908/1670 train_time:350999ms step_avg:386.56ms
step:909/1670 train_time:351381ms step_avg:386.56ms
step:910/1670 train_time:351767ms step_avg:386.56ms
step:911/1670 train_time:352150ms step_avg:386.55ms
step:912/1670 train_time:352539ms step_avg:386.56ms
step:913/1670 train_time:352919ms step_avg:386.55ms
step:914/1670 train_time:353307ms step_avg:386.55ms
step:915/1670 train_time:353694ms step_avg:386.55ms
step:916/1670 train_time:354080ms step_avg:386.55ms
step:917/1670 train_time:354463ms step_avg:386.55ms
step:918/1670 train_time:354846ms step_avg:386.54ms
step:919/1670 train_time:355226ms step_avg:386.54ms
step:920/1670 train_time:355610ms step_avg:386.53ms
step:921/1670 train_time:355997ms step_avg:386.53ms
step:922/1670 train_time:356381ms step_avg:386.53ms
step:923/1670 train_time:356762ms step_avg:386.52ms
step:924/1670 train_time:357147ms step_avg:386.52ms
step:925/1670 train_time:357532ms step_avg:386.52ms
step:926/1670 train_time:357915ms step_avg:386.52ms
step:927/1670 train_time:358301ms step_avg:386.52ms
step:928/1670 train_time:358686ms step_avg:386.51ms
step:929/1670 train_time:359067ms step_avg:386.51ms
step:930/1670 train_time:359454ms step_avg:386.51ms
step:931/1670 train_time:359838ms step_avg:386.51ms
step:932/1670 train_time:360218ms step_avg:386.50ms
step:933/1670 train_time:360607ms step_avg:386.50ms
step:934/1670 train_time:360989ms step_avg:386.50ms
step:935/1670 train_time:361374ms step_avg:386.50ms
step:936/1670 train_time:361760ms step_avg:386.50ms
step:937/1670 train_time:362149ms step_avg:386.50ms
step:938/1670 train_time:362555ms step_avg:386.52ms
step:939/1670 train_time:362927ms step_avg:386.50ms
step:940/1670 train_time:363309ms step_avg:386.50ms
step:941/1670 train_time:363693ms step_avg:386.50ms
step:942/1670 train_time:364075ms step_avg:386.49ms
step:943/1670 train_time:364459ms step_avg:386.49ms
step:944/1670 train_time:364845ms step_avg:386.49ms
step:945/1670 train_time:365227ms step_avg:386.48ms
step:946/1670 train_time:365614ms step_avg:386.48ms
step:947/1670 train_time:365995ms step_avg:386.48ms
step:948/1670 train_time:366380ms step_avg:386.48ms
step:949/1670 train_time:366764ms step_avg:386.47ms
step:950/1670 train_time:367146ms step_avg:386.47ms
step:951/1670 train_time:367533ms step_avg:386.47ms
step:952/1670 train_time:367920ms step_avg:386.47ms
step:953/1670 train_time:368304ms step_avg:386.47ms
step:954/1670 train_time:368692ms step_avg:386.47ms
step:955/1670 train_time:369072ms step_avg:386.46ms
step:956/1670 train_time:369459ms step_avg:386.46ms
step:957/1670 train_time:369846ms step_avg:386.46ms
step:958/1670 train_time:370234ms step_avg:386.47ms
step:959/1670 train_time:370614ms step_avg:386.46ms
step:960/1670 train_time:371000ms step_avg:386.46ms
step:961/1670 train_time:371386ms step_avg:386.46ms
step:962/1670 train_time:371772ms step_avg:386.46ms
step:963/1670 train_time:372154ms step_avg:386.45ms
step:964/1670 train_time:372561ms step_avg:386.47ms
step:965/1670 train_time:372936ms step_avg:386.46ms
step:966/1670 train_time:373318ms step_avg:386.46ms
step:967/1670 train_time:373700ms step_avg:386.45ms
step:968/1670 train_time:374081ms step_avg:386.45ms
step:969/1670 train_time:374463ms step_avg:386.44ms
step:970/1670 train_time:374851ms step_avg:386.44ms
step:971/1670 train_time:375240ms step_avg:386.45ms
step:972/1670 train_time:375623ms step_avg:386.44ms
step:973/1670 train_time:376008ms step_avg:386.44ms
step:974/1670 train_time:376391ms step_avg:386.44ms
step:975/1670 train_time:376776ms step_avg:386.44ms
step:976/1670 train_time:377159ms step_avg:386.43ms
step:977/1670 train_time:377545ms step_avg:386.43ms
step:978/1670 train_time:377932ms step_avg:386.43ms
step:979/1670 train_time:378316ms step_avg:386.43ms
step:980/1670 train_time:378701ms step_avg:386.43ms
step:981/1670 train_time:379086ms step_avg:386.43ms
step:982/1670 train_time:379471ms step_avg:386.43ms
step:983/1670 train_time:379858ms step_avg:386.43ms
step:984/1670 train_time:380243ms step_avg:386.43ms
step:985/1670 train_time:380632ms step_avg:386.43ms
step:986/1670 train_time:381021ms step_avg:386.43ms
step:987/1670 train_time:381399ms step_avg:386.42ms
step:988/1670 train_time:381785ms step_avg:386.42ms
step:989/1670 train_time:382172ms step_avg:386.42ms
step:990/1670 train_time:382555ms step_avg:386.42ms
step:991/1670 train_time:382939ms step_avg:386.42ms
step:992/1670 train_time:383325ms step_avg:386.42ms
step:993/1670 train_time:383712ms step_avg:386.42ms
step:994/1670 train_time:384097ms step_avg:386.42ms
step:995/1670 train_time:384479ms step_avg:386.41ms
step:996/1670 train_time:384865ms step_avg:386.41ms
step:997/1670 train_time:385256ms step_avg:386.42ms
step:998/1670 train_time:385641ms step_avg:386.41ms
step:999/1670 train_time:386027ms step_avg:386.41ms
step:1000/1670 train_time:386410ms step_avg:386.41ms
step:1000/1670 val_loss:3.4662 train_time:386701ms step_avg:386.70ms
step:1001/1670 train_time:386960ms step_avg:386.57ms
step:1002/1670 train_time:387314ms step_avg:386.54ms
step:1003/1670 train_time:387698ms step_avg:386.54ms
step:1004/1670 train_time:388085ms step_avg:386.54ms
step:1005/1670 train_time:388472ms step_avg:386.54ms
step:1006/1670 train_time:388857ms step_avg:386.54ms
step:1007/1670 train_time:389246ms step_avg:386.54ms
step:1008/1670 train_time:389631ms step_avg:386.54ms
step:1009/1670 train_time:390018ms step_avg:386.54ms
step:1010/1670 train_time:390401ms step_avg:386.54ms
step:1011/1670 train_time:390787ms step_avg:386.53ms
step:1012/1670 train_time:391175ms step_avg:386.54ms
step:1013/1670 train_time:391556ms step_avg:386.53ms
step:1014/1670 train_time:391939ms step_avg:386.53ms
step:1015/1670 train_time:392322ms step_avg:386.52ms
step:1016/1670 train_time:392708ms step_avg:386.52ms
step:1017/1670 train_time:393091ms step_avg:386.52ms
step:1018/1670 train_time:393486ms step_avg:386.53ms
step:1019/1670 train_time:393871ms step_avg:386.53ms
step:1020/1670 train_time:394253ms step_avg:386.52ms
step:1021/1670 train_time:394638ms step_avg:386.52ms
step:1022/1670 train_time:395027ms step_avg:386.52ms
step:1023/1670 train_time:395506ms step_avg:386.61ms
step:1024/1670 train_time:395900ms step_avg:386.62ms
step:1025/1670 train_time:396283ms step_avg:386.62ms
step:1026/1670 train_time:396671ms step_avg:386.62ms
step:1027/1670 train_time:397056ms step_avg:386.62ms
step:1028/1670 train_time:397439ms step_avg:386.61ms
step:1029/1670 train_time:397829ms step_avg:386.62ms
step:1030/1670 train_time:398213ms step_avg:386.61ms
step:1031/1670 train_time:398598ms step_avg:386.61ms
step:1032/1670 train_time:398981ms step_avg:386.61ms
step:1033/1670 train_time:399366ms step_avg:386.61ms
step:1034/1670 train_time:399756ms step_avg:386.61ms
step:1035/1670 train_time:400139ms step_avg:386.61ms
step:1036/1670 train_time:400527ms step_avg:386.61ms
step:1037/1670 train_time:400917ms step_avg:386.61ms
step:1038/1670 train_time:401302ms step_avg:386.61ms
step:1039/1670 train_time:401685ms step_avg:386.61ms
step:1040/1670 train_time:402068ms step_avg:386.60ms
step:1041/1670 train_time:402453ms step_avg:386.60ms
step:1042/1670 train_time:402842ms step_avg:386.61ms
step:1043/1670 train_time:403229ms step_avg:386.60ms
step:1044/1670 train_time:403612ms step_avg:386.60ms
step:1045/1670 train_time:404001ms step_avg:386.60ms
step:1046/1670 train_time:404390ms step_avg:386.61ms
step:1047/1670 train_time:404774ms step_avg:386.60ms
step:1048/1670 train_time:405163ms step_avg:386.61ms
step:1049/1670 train_time:405548ms step_avg:386.60ms
step:1050/1670 train_time:405938ms step_avg:386.61ms
step:1051/1670 train_time:406325ms step_avg:386.61ms
step:1052/1670 train_time:406711ms step_avg:386.61ms
step:1053/1670 train_time:407096ms step_avg:386.61ms
step:1054/1670 train_time:407480ms step_avg:386.60ms
step:1055/1670 train_time:407869ms step_avg:386.61ms
step:1056/1670 train_time:408256ms step_avg:386.61ms
step:1057/1670 train_time:408640ms step_avg:386.60ms
step:1058/1670 train_time:409020ms step_avg:386.60ms
step:1059/1670 train_time:409405ms step_avg:386.60ms
step:1060/1670 train_time:409787ms step_avg:386.59ms
step:1061/1670 train_time:410171ms step_avg:386.59ms
step:1062/1670 train_time:410555ms step_avg:386.59ms
step:1063/1670 train_time:410942ms step_avg:386.59ms
step:1064/1670 train_time:411325ms step_avg:386.58ms
step:1065/1670 train_time:411710ms step_avg:386.58ms
step:1066/1670 train_time:412096ms step_avg:386.58ms
step:1067/1670 train_time:412482ms step_avg:386.58ms
step:1068/1670 train_time:412867ms step_avg:386.58ms
step:1069/1670 train_time:413252ms step_avg:386.58ms
step:1070/1670 train_time:413639ms step_avg:386.58ms
step:1071/1670 train_time:414025ms step_avg:386.58ms
step:1072/1670 train_time:414409ms step_avg:386.58ms
step:1073/1670 train_time:414796ms step_avg:386.58ms
step:1074/1670 train_time:415181ms step_avg:386.57ms
step:1075/1670 train_time:415566ms step_avg:386.57ms
step:1076/1670 train_time:415951ms step_avg:386.57ms
step:1077/1670 train_time:416334ms step_avg:386.57ms
step:1078/1670 train_time:416716ms step_avg:386.56ms
step:1079/1670 train_time:417101ms step_avg:386.56ms
step:1080/1670 train_time:417489ms step_avg:386.56ms
step:1081/1670 train_time:417874ms step_avg:386.56ms
step:1082/1670 train_time:418262ms step_avg:386.56ms
step:1083/1670 train_time:418646ms step_avg:386.56ms
step:1084/1670 train_time:419031ms step_avg:386.56ms
step:1085/1670 train_time:419414ms step_avg:386.56ms
step:1086/1670 train_time:419801ms step_avg:386.56ms
step:1087/1670 train_time:420187ms step_avg:386.56ms
step:1088/1670 train_time:420572ms step_avg:386.55ms
step:1089/1670 train_time:420959ms step_avg:386.56ms
step:1090/1670 train_time:421347ms step_avg:386.56ms
step:1091/1670 train_time:421731ms step_avg:386.55ms
step:1092/1670 train_time:422118ms step_avg:386.56ms
step:1093/1670 train_time:422511ms step_avg:386.56ms
step:1094/1670 train_time:422895ms step_avg:386.56ms
step:1095/1670 train_time:423280ms step_avg:386.56ms
step:1096/1670 train_time:423668ms step_avg:386.56ms
step:1097/1670 train_time:424050ms step_avg:386.55ms
step:1098/1670 train_time:424438ms step_avg:386.56ms
step:1099/1670 train_time:424825ms step_avg:386.56ms
step:1100/1670 train_time:425209ms step_avg:386.55ms
step:1101/1670 train_time:425589ms step_avg:386.55ms
step:1102/1670 train_time:425975ms step_avg:386.55ms
step:1103/1670 train_time:426361ms step_avg:386.55ms
step:1104/1670 train_time:426746ms step_avg:386.55ms
step:1105/1670 train_time:427131ms step_avg:386.54ms
step:1106/1670 train_time:427516ms step_avg:386.54ms
step:1107/1670 train_time:427907ms step_avg:386.55ms
step:1108/1670 train_time:428289ms step_avg:386.54ms
step:1109/1670 train_time:428671ms step_avg:386.54ms
step:1110/1670 train_time:429055ms step_avg:386.54ms
step:1111/1670 train_time:429437ms step_avg:386.53ms
step:1112/1670 train_time:429822ms step_avg:386.53ms
step:1113/1670 train_time:430205ms step_avg:386.53ms
step:1114/1670 train_time:430594ms step_avg:386.53ms
step:1115/1670 train_time:430976ms step_avg:386.53ms
step:1116/1670 train_time:431362ms step_avg:386.52ms
step:1117/1670 train_time:431747ms step_avg:386.52ms
step:1118/1670 train_time:432133ms step_avg:386.52ms
step:1119/1670 train_time:432521ms step_avg:386.52ms
step:1120/1670 train_time:432908ms step_avg:386.53ms
step:1121/1670 train_time:433294ms step_avg:386.52ms
step:1122/1670 train_time:433675ms step_avg:386.52ms
step:1123/1670 train_time:434060ms step_avg:386.52ms
step:1124/1670 train_time:434445ms step_avg:386.52ms
step:1125/1670 train_time:434827ms step_avg:386.51ms
step:1125/1670 val_loss:3.4127 train_time:435120ms step_avg:386.77ms
step:1126/1670 train_time:435429ms step_avg:386.70ms
step:1127/1670 train_time:435779ms step_avg:386.67ms
step:1128/1670 train_time:436165ms step_avg:386.67ms
step:1129/1670 train_time:436552ms step_avg:386.67ms
step:1130/1670 train_time:436935ms step_avg:386.67ms
step:1131/1670 train_time:437325ms step_avg:386.67ms
step:1132/1670 train_time:437707ms step_avg:386.67ms
step:1133/1670 train_time:438093ms step_avg:386.67ms
step:1134/1670 train_time:438477ms step_avg:386.66ms
step:1135/1670 train_time:438859ms step_avg:386.66ms
step:1136/1670 train_time:439245ms step_avg:386.66ms
step:1137/1670 train_time:439633ms step_avg:386.66ms
step:1138/1670 train_time:440013ms step_avg:386.65ms
step:1139/1670 train_time:440399ms step_avg:386.65ms
step:1140/1670 train_time:440785ms step_avg:386.65ms
step:1141/1670 train_time:441172ms step_avg:386.65ms
step:1142/1670 train_time:441561ms step_avg:386.66ms
step:1143/1670 train_time:441945ms step_avg:386.65ms
step:1144/1670 train_time:442343ms step_avg:386.66ms
step:1145/1670 train_time:442732ms step_avg:386.67ms
step:1146/1670 train_time:443121ms step_avg:386.67ms
step:1147/1670 train_time:443487ms step_avg:386.65ms
step:1148/1670 train_time:443877ms step_avg:386.65ms
step:1149/1670 train_time:444262ms step_avg:386.65ms
step:1150/1670 train_time:444656ms step_avg:386.66ms
step:1151/1670 train_time:445045ms step_avg:386.66ms
step:1152/1670 train_time:445417ms step_avg:386.65ms
step:1153/1670 train_time:445801ms step_avg:386.64ms
step:1154/1670 train_time:446186ms step_avg:386.64ms
step:1155/1670 train_time:446573ms step_avg:386.64ms
step:1156/1670 train_time:446956ms step_avg:386.64ms
step:1157/1670 train_time:447340ms step_avg:386.64ms
step:1158/1670 train_time:447726ms step_avg:386.64ms
step:1159/1670 train_time:448111ms step_avg:386.64ms
step:1160/1670 train_time:448497ms step_avg:386.63ms
step:1161/1670 train_time:448883ms step_avg:386.63ms
step:1162/1670 train_time:449269ms step_avg:386.63ms
step:1163/1670 train_time:449654ms step_avg:386.63ms
step:1164/1670 train_time:450039ms step_avg:386.63ms
step:1165/1670 train_time:450428ms step_avg:386.63ms
step:1166/1670 train_time:450813ms step_avg:386.63ms
step:1167/1670 train_time:451198ms step_avg:386.63ms
step:1168/1670 train_time:451581ms step_avg:386.63ms
step:1169/1670 train_time:451966ms step_avg:386.63ms
step:1170/1670 train_time:452350ms step_avg:386.62ms
step:1171/1670 train_time:452732ms step_avg:386.62ms
step:1172/1670 train_time:453118ms step_avg:386.62ms
step:1173/1670 train_time:453501ms step_avg:386.62ms
step:1174/1670 train_time:453883ms step_avg:386.61ms
step:1175/1670 train_time:454273ms step_avg:386.62ms
step:1176/1670 train_time:454654ms step_avg:386.61ms
step:1177/1670 train_time:455042ms step_avg:386.61ms
step:1178/1670 train_time:455429ms step_avg:386.61ms
step:1179/1670 train_time:455817ms step_avg:386.61ms
step:1180/1670 train_time:456203ms step_avg:386.61ms
step:1181/1670 train_time:456589ms step_avg:386.61ms
step:1182/1670 train_time:456971ms step_avg:386.61ms
step:1183/1670 train_time:457357ms step_avg:386.61ms
step:1184/1670 train_time:457737ms step_avg:386.60ms
step:1185/1670 train_time:458123ms step_avg:386.60ms
step:1186/1670 train_time:458507ms step_avg:386.60ms
step:1187/1670 train_time:458889ms step_avg:386.60ms
step:1188/1670 train_time:459277ms step_avg:386.60ms
step:1189/1670 train_time:459661ms step_avg:386.59ms
step:1190/1670 train_time:460047ms step_avg:386.59ms
step:1191/1670 train_time:460435ms step_avg:386.60ms
step:1192/1670 train_time:460817ms step_avg:386.59ms
step:1193/1670 train_time:461205ms step_avg:386.59ms
step:1194/1670 train_time:461591ms step_avg:386.59ms
step:1195/1670 train_time:461974ms step_avg:386.59ms
step:1196/1670 train_time:462362ms step_avg:386.59ms
step:1197/1670 train_time:462746ms step_avg:386.59ms
step:1198/1670 train_time:463132ms step_avg:386.59ms
step:1199/1670 train_time:463518ms step_avg:386.59ms
step:1200/1670 train_time:463901ms step_avg:386.58ms
step:1201/1670 train_time:464288ms step_avg:386.58ms
step:1202/1670 train_time:464676ms step_avg:386.59ms
step:1203/1670 train_time:465057ms step_avg:386.58ms
step:1204/1670 train_time:465441ms step_avg:386.58ms
step:1205/1670 train_time:465826ms step_avg:386.58ms
step:1206/1670 train_time:466210ms step_avg:386.58ms
step:1207/1670 train_time:466592ms step_avg:386.57ms
step:1208/1670 train_time:466977ms step_avg:386.57ms
step:1209/1670 train_time:467363ms step_avg:386.57ms
step:1210/1670 train_time:467743ms step_avg:386.56ms
step:1211/1670 train_time:468133ms step_avg:386.57ms
step:1212/1670 train_time:468518ms step_avg:386.57ms
step:1213/1670 train_time:468904ms step_avg:386.57ms
step:1214/1670 train_time:469287ms step_avg:386.56ms
step:1215/1670 train_time:469669ms step_avg:386.56ms
step:1216/1670 train_time:470051ms step_avg:386.55ms
step:1217/1670 train_time:470434ms step_avg:386.55ms
step:1218/1670 train_time:470818ms step_avg:386.55ms
step:1219/1670 train_time:471206ms step_avg:386.55ms
step:1220/1670 train_time:471595ms step_avg:386.55ms
step:1221/1670 train_time:471979ms step_avg:386.55ms
step:1222/1670 train_time:472364ms step_avg:386.55ms
step:1223/1670 train_time:472752ms step_avg:386.55ms
step:1224/1670 train_time:473136ms step_avg:386.55ms
step:1225/1670 train_time:473520ms step_avg:386.55ms
step:1226/1670 train_time:473903ms step_avg:386.54ms
step:1227/1670 train_time:474288ms step_avg:386.54ms
step:1228/1670 train_time:474670ms step_avg:386.54ms
step:1229/1670 train_time:475055ms step_avg:386.54ms
step:1230/1670 train_time:475441ms step_avg:386.54ms
step:1231/1670 train_time:475823ms step_avg:386.53ms
step:1232/1670 train_time:476207ms step_avg:386.53ms
step:1233/1670 train_time:476591ms step_avg:386.53ms
step:1234/1670 train_time:476978ms step_avg:386.53ms
step:1235/1670 train_time:477359ms step_avg:386.53ms
step:1236/1670 train_time:477745ms step_avg:386.53ms
step:1237/1670 train_time:478129ms step_avg:386.52ms
step:1238/1670 train_time:478513ms step_avg:386.52ms
step:1239/1670 train_time:478896ms step_avg:386.52ms
step:1240/1670 train_time:479280ms step_avg:386.52ms
step:1241/1670 train_time:479665ms step_avg:386.51ms
step:1242/1670 train_time:480053ms step_avg:386.52ms
step:1243/1670 train_time:480436ms step_avg:386.51ms
step:1244/1670 train_time:480826ms step_avg:386.52ms
step:1245/1670 train_time:481210ms step_avg:386.51ms
step:1246/1670 train_time:481593ms step_avg:386.51ms
step:1247/1670 train_time:481975ms step_avg:386.51ms
step:1248/1670 train_time:482358ms step_avg:386.50ms
step:1249/1670 train_time:482743ms step_avg:386.50ms
step:1250/1670 train_time:483128ms step_avg:386.50ms
step:1250/1670 val_loss:3.3742 train_time:483424ms step_avg:386.74ms
step:1251/1670 train_time:483691ms step_avg:386.64ms
step:1252/1670 train_time:484024ms step_avg:386.60ms
step:1253/1670 train_time:484404ms step_avg:386.60ms
step:1254/1670 train_time:484789ms step_avg:386.59ms
step:1255/1670 train_time:485172ms step_avg:386.59ms
step:1256/1670 train_time:485558ms step_avg:386.59ms
step:1257/1670 train_time:485946ms step_avg:386.59ms
step:1258/1670 train_time:486329ms step_avg:386.59ms
step:1259/1670 train_time:486717ms step_avg:386.59ms
step:1260/1670 train_time:487102ms step_avg:386.59ms
step:1261/1670 train_time:487498ms step_avg:386.60ms
step:1262/1670 train_time:487884ms step_avg:386.60ms
step:1263/1670 train_time:488261ms step_avg:386.59ms
step:1264/1670 train_time:488644ms step_avg:386.59ms
step:1265/1670 train_time:489027ms step_avg:386.58ms
step:1266/1670 train_time:489415ms step_avg:386.58ms
step:1267/1670 train_time:489799ms step_avg:386.58ms
step:1268/1670 train_time:490187ms step_avg:386.58ms
step:1269/1670 train_time:490574ms step_avg:386.58ms
step:1270/1670 train_time:490958ms step_avg:386.58ms
step:1271/1670 train_time:491345ms step_avg:386.58ms
step:1272/1670 train_time:491728ms step_avg:386.58ms
step:1273/1670 train_time:492116ms step_avg:386.58ms
step:1274/1670 train_time:492500ms step_avg:386.58ms
step:1275/1670 train_time:492884ms step_avg:386.58ms
step:1276/1670 train_time:493266ms step_avg:386.57ms
step:1277/1670 train_time:493652ms step_avg:386.57ms
step:1278/1670 train_time:494036ms step_avg:386.57ms
step:1279/1670 train_time:494418ms step_avg:386.57ms
step:1280/1670 train_time:494804ms step_avg:386.57ms
step:1281/1670 train_time:495188ms step_avg:386.56ms
step:1282/1670 train_time:495578ms step_avg:386.57ms
step:1283/1670 train_time:495961ms step_avg:386.56ms
step:1284/1670 train_time:496347ms step_avg:386.56ms
step:1285/1670 train_time:496734ms step_avg:386.56ms
step:1286/1670 train_time:497120ms step_avg:386.56ms
step:1287/1670 train_time:497503ms step_avg:386.56ms
step:1288/1670 train_time:497888ms step_avg:386.56ms
step:1289/1670 train_time:498272ms step_avg:386.56ms
step:1290/1670 train_time:498660ms step_avg:386.56ms
step:1291/1670 train_time:499046ms step_avg:386.56ms
step:1292/1670 train_time:499433ms step_avg:386.56ms
step:1293/1670 train_time:499815ms step_avg:386.55ms
step:1294/1670 train_time:500198ms step_avg:386.55ms
step:1295/1670 train_time:500587ms step_avg:386.55ms
step:1296/1670 train_time:500970ms step_avg:386.55ms
step:1297/1670 train_time:501354ms step_avg:386.55ms
step:1298/1670 train_time:501737ms step_avg:386.55ms
step:1299/1670 train_time:502126ms step_avg:386.55ms
step:1300/1670 train_time:502510ms step_avg:386.55ms
step:1301/1670 train_time:502895ms step_avg:386.55ms
step:1302/1670 train_time:503279ms step_avg:386.54ms
step:1303/1670 train_time:503668ms step_avg:386.54ms
step:1304/1670 train_time:504057ms step_avg:386.55ms
step:1305/1670 train_time:504436ms step_avg:386.54ms
step:1306/1670 train_time:504818ms step_avg:386.54ms
step:1307/1670 train_time:505204ms step_avg:386.54ms
step:1308/1670 train_time:505594ms step_avg:386.54ms
step:1309/1670 train_time:505977ms step_avg:386.54ms
step:1310/1670 train_time:506361ms step_avg:386.54ms
step:1311/1670 train_time:506743ms step_avg:386.53ms
step:1312/1670 train_time:507131ms step_avg:386.53ms
step:1313/1670 train_time:507515ms step_avg:386.53ms
step:1314/1670 train_time:507906ms step_avg:386.53ms
step:1315/1670 train_time:508290ms step_avg:386.53ms
step:1316/1670 train_time:508673ms step_avg:386.53ms
step:1317/1670 train_time:509057ms step_avg:386.53ms
step:1318/1670 train_time:509439ms step_avg:386.52ms
step:1319/1670 train_time:509826ms step_avg:386.52ms
step:1320/1670 train_time:510209ms step_avg:386.52ms
step:1321/1670 train_time:510595ms step_avg:386.52ms
step:1322/1670 train_time:510981ms step_avg:386.52ms
step:1323/1670 train_time:511366ms step_avg:386.52ms
step:1324/1670 train_time:511752ms step_avg:386.52ms
step:1325/1670 train_time:512135ms step_avg:386.52ms
step:1326/1670 train_time:512522ms step_avg:386.52ms
step:1327/1670 train_time:512907ms step_avg:386.52ms
step:1328/1670 train_time:513294ms step_avg:386.52ms
step:1329/1670 train_time:513676ms step_avg:386.51ms
step:1330/1670 train_time:514059ms step_avg:386.51ms
step:1331/1670 train_time:514443ms step_avg:386.51ms
step:1332/1670 train_time:514828ms step_avg:386.51ms
step:1333/1670 train_time:515213ms step_avg:386.51ms
step:1334/1670 train_time:515599ms step_avg:386.51ms
step:1335/1670 train_time:515992ms step_avg:386.51ms
step:1336/1670 train_time:516372ms step_avg:386.51ms
step:1337/1670 train_time:516756ms step_avg:386.50ms
step:1338/1670 train_time:517145ms step_avg:386.51ms
step:1339/1670 train_time:517533ms step_avg:386.51ms
step:1340/1670 train_time:517919ms step_avg:386.51ms
step:1341/1670 train_time:518307ms step_avg:386.51ms
step:1342/1670 train_time:518698ms step_avg:386.51ms
step:1343/1670 train_time:519081ms step_avg:386.51ms
step:1344/1670 train_time:519470ms step_avg:386.51ms
step:1345/1670 train_time:519853ms step_avg:386.51ms
step:1346/1670 train_time:520236ms step_avg:386.51ms
step:1347/1670 train_time:520621ms step_avg:386.50ms
step:1348/1670 train_time:521005ms step_avg:386.50ms
step:1349/1670 train_time:521406ms step_avg:386.51ms
step:1350/1670 train_time:521773ms step_avg:386.50ms
step:1351/1670 train_time:522159ms step_avg:386.50ms
step:1352/1670 train_time:522542ms step_avg:386.50ms
step:1353/1670 train_time:522929ms step_avg:386.50ms
step:1354/1670 train_time:523316ms step_avg:386.50ms
step:1355/1670 train_time:523712ms step_avg:386.50ms
step:1356/1670 train_time:524090ms step_avg:386.50ms
step:1357/1670 train_time:524476ms step_avg:386.50ms
step:1358/1670 train_time:524860ms step_avg:386.49ms
step:1359/1670 train_time:525245ms step_avg:386.49ms
step:1360/1670 train_time:525632ms step_avg:386.49ms
step:1361/1670 train_time:526020ms step_avg:386.50ms
step:1362/1670 train_time:526402ms step_avg:386.49ms
step:1363/1670 train_time:526888ms step_avg:386.56ms
step:1364/1670 train_time:527249ms step_avg:386.55ms
step:1365/1670 train_time:527634ms step_avg:386.55ms
step:1366/1670 train_time:528020ms step_avg:386.54ms
step:1367/1670 train_time:528408ms step_avg:386.55ms
step:1368/1670 train_time:528792ms step_avg:386.54ms
step:1369/1670 train_time:529178ms step_avg:386.54ms
step:1370/1670 train_time:529564ms step_avg:386.54ms
step:1371/1670 train_time:529949ms step_avg:386.54ms
step:1372/1670 train_time:530333ms step_avg:386.54ms
step:1373/1670 train_time:530716ms step_avg:386.54ms
step:1374/1670 train_time:531104ms step_avg:386.54ms
step:1375/1670 train_time:531488ms step_avg:386.54ms
step:1375/1670 val_loss:3.3395 train_time:531783ms step_avg:386.75ms
step:1376/1670 train_time:532035ms step_avg:386.65ms
step:1377/1670 train_time:532375ms step_avg:386.62ms
step:1378/1670 train_time:532760ms step_avg:386.62ms
step:1379/1670 train_time:533144ms step_avg:386.62ms
step:1380/1670 train_time:533533ms step_avg:386.62ms
step:1381/1670 train_time:533922ms step_avg:386.62ms
step:1382/1670 train_time:534305ms step_avg:386.62ms
step:1383/1670 train_time:534690ms step_avg:386.62ms
step:1384/1670 train_time:535074ms step_avg:386.61ms
step:1385/1670 train_time:535459ms step_avg:386.61ms
step:1386/1670 train_time:535847ms step_avg:386.61ms
step:1387/1670 train_time:536229ms step_avg:386.61ms
step:1388/1670 train_time:536614ms step_avg:386.61ms
step:1389/1670 train_time:536999ms step_avg:386.61ms
step:1390/1670 train_time:537385ms step_avg:386.61ms
step:1391/1670 train_time:537769ms step_avg:386.61ms
step:1392/1670 train_time:538155ms step_avg:386.61ms
step:1393/1670 train_time:538544ms step_avg:386.61ms
step:1394/1670 train_time:538928ms step_avg:386.61ms
step:1395/1670 train_time:539314ms step_avg:386.60ms
step:1396/1670 train_time:539696ms step_avg:386.60ms
step:1397/1670 train_time:540081ms step_avg:386.60ms
step:1398/1670 train_time:540463ms step_avg:386.60ms
step:1399/1670 train_time:540848ms step_avg:386.60ms
step:1400/1670 train_time:541234ms step_avg:386.60ms
step:1401/1670 train_time:541623ms step_avg:386.60ms
step:1402/1670 train_time:542012ms step_avg:386.60ms
step:1403/1670 train_time:542393ms step_avg:386.60ms
step:1404/1670 train_time:542781ms step_avg:386.60ms
step:1405/1670 train_time:543161ms step_avg:386.59ms
step:1406/1670 train_time:543544ms step_avg:386.59ms
step:1407/1670 train_time:543930ms step_avg:386.59ms
step:1408/1670 train_time:544315ms step_avg:386.59ms
step:1409/1670 train_time:544701ms step_avg:386.59ms
step:1410/1670 train_time:545085ms step_avg:386.59ms
step:1411/1670 train_time:545474ms step_avg:386.59ms
step:1412/1670 train_time:545861ms step_avg:386.59ms
step:1413/1670 train_time:546243ms step_avg:386.58ms
step:1414/1670 train_time:546631ms step_avg:386.58ms
step:1415/1670 train_time:547015ms step_avg:386.58ms
step:1416/1670 train_time:547402ms step_avg:386.58ms
step:1417/1670 train_time:547786ms step_avg:386.58ms
step:1418/1670 train_time:548167ms step_avg:386.58ms
step:1419/1670 train_time:548553ms step_avg:386.58ms
step:1420/1670 train_time:548938ms step_avg:386.58ms
step:1421/1670 train_time:549322ms step_avg:386.57ms
step:1422/1670 train_time:549704ms step_avg:386.57ms
step:1423/1670 train_time:550094ms step_avg:386.57ms
step:1424/1670 train_time:550483ms step_avg:386.58ms
step:1425/1670 train_time:550870ms step_avg:386.58ms
step:1426/1670 train_time:551258ms step_avg:386.58ms
step:1427/1670 train_time:551642ms step_avg:386.57ms
step:1428/1670 train_time:552031ms step_avg:386.58ms
step:1429/1670 train_time:552416ms step_avg:386.58ms
step:1430/1670 train_time:552801ms step_avg:386.57ms
step:1431/1670 train_time:553190ms step_avg:386.58ms
step:1432/1670 train_time:553574ms step_avg:386.57ms
step:1433/1670 train_time:553959ms step_avg:386.57ms
step:1434/1670 train_time:554346ms step_avg:386.57ms
step:1435/1670 train_time:554734ms step_avg:386.57ms
step:1436/1670 train_time:555123ms step_avg:386.58ms
step:1437/1670 train_time:555505ms step_avg:386.57ms
step:1438/1670 train_time:555891ms step_avg:386.57ms
step:1439/1670 train_time:556279ms step_avg:386.57ms
step:1440/1670 train_time:556664ms step_avg:386.57ms
step:1441/1670 train_time:557047ms step_avg:386.57ms
step:1442/1670 train_time:557430ms step_avg:386.57ms
step:1443/1670 train_time:557815ms step_avg:386.57ms
step:1444/1670 train_time:558202ms step_avg:386.57ms
step:1445/1670 train_time:558589ms step_avg:386.57ms
step:1446/1670 train_time:558975ms step_avg:386.57ms
step:1447/1670 train_time:559359ms step_avg:386.56ms
step:1448/1670 train_time:559746ms step_avg:386.56ms
step:1449/1670 train_time:560132ms step_avg:386.56ms
step:1450/1670 train_time:560518ms step_avg:386.56ms
step:1451/1670 train_time:560903ms step_avg:386.56ms
step:1452/1670 train_time:561288ms step_avg:386.56ms
step:1453/1670 train_time:561678ms step_avg:386.56ms
step:1454/1670 train_time:562064ms step_avg:386.56ms
step:1455/1670 train_time:562447ms step_avg:386.56ms
step:1456/1670 train_time:562838ms step_avg:386.56ms
step:1457/1670 train_time:563228ms step_avg:386.57ms
step:1458/1670 train_time:563610ms step_avg:386.56ms
step:1459/1670 train_time:563996ms step_avg:386.56ms
step:1460/1670 train_time:564384ms step_avg:386.56ms
step:1461/1670 train_time:564769ms step_avg:386.56ms
step:1462/1670 train_time:565153ms step_avg:386.56ms
step:1463/1670 train_time:565540ms step_avg:386.56ms
step:1464/1670 train_time:565926ms step_avg:386.56ms
step:1465/1670 train_time:566311ms step_avg:386.56ms
step:1466/1670 train_time:566699ms step_avg:386.56ms
step:1467/1670 train_time:567087ms step_avg:386.56ms
step:1468/1670 train_time:567476ms step_avg:386.56ms
step:1469/1670 train_time:567866ms step_avg:386.57ms
step:1470/1670 train_time:568255ms step_avg:386.57ms
step:1471/1670 train_time:568643ms step_avg:386.57ms
step:1472/1670 train_time:569031ms step_avg:386.57ms
step:1473/1670 train_time:569416ms step_avg:386.57ms
step:1474/1670 train_time:569802ms step_avg:386.57ms
step:1475/1670 train_time:570191ms step_avg:386.57ms
step:1476/1670 train_time:570576ms step_avg:386.57ms
step:1477/1670 train_time:570963ms step_avg:386.57ms
step:1478/1670 train_time:571351ms step_avg:386.57ms
step:1479/1670 train_time:571740ms step_avg:386.57ms
step:1480/1670 train_time:572124ms step_avg:386.57ms
step:1481/1670 train_time:572510ms step_avg:386.57ms
step:1482/1670 train_time:572894ms step_avg:386.57ms
step:1483/1670 train_time:573284ms step_avg:386.57ms
step:1484/1670 train_time:573669ms step_avg:386.57ms
step:1485/1670 train_time:574055ms step_avg:386.57ms
step:1486/1670 train_time:574441ms step_avg:386.57ms
step:1487/1670 train_time:574829ms step_avg:386.57ms
step:1488/1670 train_time:575219ms step_avg:386.57ms
step:1489/1670 train_time:575609ms step_avg:386.57ms
step:1490/1670 train_time:575993ms step_avg:386.57ms
step:1491/1670 train_time:576379ms step_avg:386.57ms
step:1492/1670 train_time:576768ms step_avg:386.57ms
step:1493/1670 train_time:577158ms step_avg:386.58ms
step:1494/1670 train_time:577543ms step_avg:386.58ms
step:1495/1670 train_time:577935ms step_avg:386.58ms
step:1496/1670 train_time:578318ms step_avg:386.58ms
step:1497/1670 train_time:578705ms step_avg:386.58ms
step:1498/1670 train_time:579094ms step_avg:386.58ms
step:1499/1670 train_time:579480ms step_avg:386.58ms
step:1500/1670 train_time:579866ms step_avg:386.58ms
step:1500/1670 val_loss:3.3094 train_time:580155ms step_avg:386.77ms
step:1501/1670 train_time:580412ms step_avg:386.68ms
step:1502/1670 train_time:580775ms step_avg:386.67ms
step:1503/1670 train_time:581167ms step_avg:386.67ms
step:1504/1670 train_time:581557ms step_avg:386.67ms
step:1505/1670 train_time:581949ms step_avg:386.68ms
step:1506/1670 train_time:582337ms step_avg:386.68ms
step:1507/1670 train_time:582726ms step_avg:386.68ms
step:1508/1670 train_time:583111ms step_avg:386.68ms
step:1509/1670 train_time:583499ms step_avg:386.68ms
step:1510/1670 train_time:583884ms step_avg:386.68ms
step:1511/1670 train_time:584275ms step_avg:386.68ms
step:1512/1670 train_time:584657ms step_avg:386.68ms
step:1513/1670 train_time:585046ms step_avg:386.68ms
step:1514/1670 train_time:585428ms step_avg:386.68ms
step:1515/1670 train_time:585815ms step_avg:386.68ms
step:1516/1670 train_time:586202ms step_avg:386.68ms
step:1517/1670 train_time:586589ms step_avg:386.68ms
step:1518/1670 train_time:586974ms step_avg:386.68ms
step:1519/1670 train_time:587361ms step_avg:386.68ms
step:1520/1670 train_time:587754ms step_avg:386.68ms
step:1521/1670 train_time:588142ms step_avg:386.68ms
step:1522/1670 train_time:588529ms step_avg:386.68ms
step:1523/1670 train_time:588932ms step_avg:386.69ms
step:1524/1670 train_time:589309ms step_avg:386.69ms
step:1525/1670 train_time:589697ms step_avg:386.69ms
step:1526/1670 train_time:590082ms step_avg:386.69ms
step:1527/1670 train_time:590471ms step_avg:386.69ms
step:1528/1670 train_time:590857ms step_avg:386.69ms
step:1529/1670 train_time:591244ms step_avg:386.69ms
step:1530/1670 train_time:591634ms step_avg:386.69ms
step:1531/1670 train_time:592024ms step_avg:386.69ms
step:1532/1670 train_time:592409ms step_avg:386.69ms
step:1533/1670 train_time:592796ms step_avg:386.69ms
step:1534/1670 train_time:593181ms step_avg:386.69ms
step:1535/1670 train_time:593564ms step_avg:386.69ms
step:1536/1670 train_time:593950ms step_avg:386.69ms
step:1537/1670 train_time:594337ms step_avg:386.69ms
step:1538/1670 train_time:594724ms step_avg:386.69ms
step:1539/1670 train_time:595112ms step_avg:386.69ms
step:1540/1670 train_time:595499ms step_avg:386.69ms
step:1541/1670 train_time:595884ms step_avg:386.69ms
step:1542/1670 train_time:596273ms step_avg:386.69ms
step:1543/1670 train_time:596663ms step_avg:386.69ms
step:1544/1670 train_time:597048ms step_avg:386.69ms
step:1545/1670 train_time:597436ms step_avg:386.69ms
step:1546/1670 train_time:597821ms step_avg:386.69ms
step:1547/1670 train_time:598205ms step_avg:386.69ms
step:1548/1670 train_time:598592ms step_avg:386.69ms
step:1549/1670 train_time:598981ms step_avg:386.69ms
step:1550/1670 train_time:599369ms step_avg:386.69ms
step:1551/1670 train_time:599758ms step_avg:386.69ms
step:1552/1670 train_time:600144ms step_avg:386.69ms
step:1553/1670 train_time:600532ms step_avg:386.69ms
step:1554/1670 train_time:600919ms step_avg:386.69ms
step:1555/1670 train_time:601304ms step_avg:386.69ms
step:1556/1670 train_time:601690ms step_avg:386.69ms
step:1557/1670 train_time:602079ms step_avg:386.69ms
step:1558/1670 train_time:602469ms step_avg:386.69ms
step:1559/1670 train_time:602855ms step_avg:386.69ms
step:1560/1670 train_time:603243ms step_avg:386.69ms
step:1561/1670 train_time:603625ms step_avg:386.69ms
step:1562/1670 train_time:604012ms step_avg:386.69ms
step:1563/1670 train_time:604398ms step_avg:386.69ms
step:1564/1670 train_time:604788ms step_avg:386.69ms
step:1565/1670 train_time:605175ms step_avg:386.69ms
step:1566/1670 train_time:605563ms step_avg:386.69ms
step:1567/1670 train_time:605950ms step_avg:386.69ms
step:1568/1670 train_time:606337ms step_avg:386.69ms
step:1569/1670 train_time:606719ms step_avg:386.69ms
step:1570/1670 train_time:607109ms step_avg:386.69ms
step:1571/1670 train_time:607494ms step_avg:386.69ms
step:1572/1670 train_time:607884ms step_avg:386.69ms
step:1573/1670 train_time:608270ms step_avg:386.69ms
step:1574/1670 train_time:608658ms step_avg:386.69ms
step:1575/1670 train_time:609046ms step_avg:386.70ms
step:1576/1670 train_time:609435ms step_avg:386.70ms
step:1577/1670 train_time:609821ms step_avg:386.70ms
step:1578/1670 train_time:610207ms step_avg:386.70ms
step:1579/1670 train_time:610593ms step_avg:386.70ms
step:1580/1670 train_time:610983ms step_avg:386.70ms
step:1581/1670 train_time:611372ms step_avg:386.70ms
step:1582/1670 train_time:611757ms step_avg:386.70ms
step:1583/1670 train_time:612143ms step_avg:386.70ms
step:1584/1670 train_time:612532ms step_avg:386.70ms
step:1585/1670 train_time:612921ms step_avg:386.70ms
step:1586/1670 train_time:613305ms step_avg:386.70ms
step:1587/1670 train_time:613692ms step_avg:386.70ms
step:1588/1670 train_time:614080ms step_avg:386.70ms
step:1589/1670 train_time:614466ms step_avg:386.70ms
step:1590/1670 train_time:614850ms step_avg:386.70ms
step:1591/1670 train_time:615239ms step_avg:386.70ms
step:1592/1670 train_time:615625ms step_avg:386.70ms
step:1593/1670 train_time:616009ms step_avg:386.70ms
step:1594/1670 train_time:616399ms step_avg:386.70ms
step:1595/1670 train_time:616787ms step_avg:386.70ms
step:1596/1670 train_time:617173ms step_avg:386.70ms
step:1597/1670 train_time:617562ms step_avg:386.70ms
step:1598/1670 train_time:617948ms step_avg:386.70ms
step:1599/1670 train_time:618339ms step_avg:386.70ms
step:1600/1670 train_time:618725ms step_avg:386.70ms
step:1601/1670 train_time:619112ms step_avg:386.70ms
step:1602/1670 train_time:619497ms step_avg:386.70ms
step:1603/1670 train_time:619885ms step_avg:386.70ms
step:1604/1670 train_time:620278ms step_avg:386.71ms
step:1605/1670 train_time:620666ms step_avg:386.71ms
step:1606/1670 train_time:621053ms step_avg:386.71ms
step:1607/1670 train_time:621441ms step_avg:386.71ms
step:1608/1670 train_time:621824ms step_avg:386.71ms
step:1609/1670 train_time:622213ms step_avg:386.71ms
step:1610/1670 train_time:622599ms step_avg:386.71ms
step:1611/1670 train_time:622996ms step_avg:386.71ms
step:1612/1670 train_time:623377ms step_avg:386.71ms
step:1613/1670 train_time:623769ms step_avg:386.71ms
step:1614/1670 train_time:624156ms step_avg:386.71ms
step:1615/1670 train_time:624545ms step_avg:386.71ms
step:1616/1670 train_time:624931ms step_avg:386.71ms
step:1617/1670 train_time:625316ms step_avg:386.71ms
step:1618/1670 train_time:625701ms step_avg:386.71ms
step:1619/1670 train_time:626086ms step_avg:386.71ms
step:1620/1670 train_time:626478ms step_avg:386.71ms
step:1621/1670 train_time:626866ms step_avg:386.72ms
step:1622/1670 train_time:627269ms step_avg:386.73ms
step:1623/1670 train_time:627641ms step_avg:386.72ms
step:1624/1670 train_time:628029ms step_avg:386.72ms
step:1625/1670 train_time:628417ms step_avg:386.72ms
step:1625/1670 val_loss:3.2848 train_time:628708ms step_avg:386.90ms
step:1626/1670 train_time:628948ms step_avg:386.81ms
step:1627/1670 train_time:629334ms step_avg:386.81ms
step:1628/1670 train_time:629721ms step_avg:386.81ms
step:1629/1670 train_time:630107ms step_avg:386.81ms
step:1630/1670 train_time:630496ms step_avg:386.81ms
step:1631/1670 train_time:630881ms step_avg:386.81ms
step:1632/1670 train_time:631268ms step_avg:386.81ms
step:1633/1670 train_time:631669ms step_avg:386.82ms
step:1634/1670 train_time:632040ms step_avg:386.81ms
step:1635/1670 train_time:632425ms step_avg:386.80ms
step:1636/1670 train_time:632814ms step_avg:386.81ms
step:1637/1670 train_time:633204ms step_avg:386.81ms
step:1638/1670 train_time:633590ms step_avg:386.81ms
step:1639/1670 train_time:633979ms step_avg:386.81ms
step:1640/1670 train_time:634366ms step_avg:386.81ms
step:1641/1670 train_time:634753ms step_avg:386.81ms
step:1642/1670 train_time:635144ms step_avg:386.81ms
step:1643/1670 train_time:635528ms step_avg:386.81ms
step:1644/1670 train_time:635914ms step_avg:386.81ms
step:1645/1670 train_time:636300ms step_avg:386.81ms
step:1646/1670 train_time:636682ms step_avg:386.81ms
step:1647/1670 train_time:637068ms step_avg:386.81ms
step:1648/1670 train_time:637457ms step_avg:386.81ms
step:1649/1670 train_time:637846ms step_avg:386.81ms
step:1650/1670 train_time:638232ms step_avg:386.81ms
step:1651/1670 train_time:638619ms step_avg:386.81ms
step:1652/1670 train_time:639006ms step_avg:386.81ms
step:1653/1670 train_time:639397ms step_avg:386.81ms
step:1654/1670 train_time:639785ms step_avg:386.81ms
step:1655/1670 train_time:640174ms step_avg:386.81ms
step:1656/1670 train_time:640560ms step_avg:386.81ms
step:1657/1670 train_time:640948ms step_avg:386.81ms
step:1658/1670 train_time:641333ms step_avg:386.81ms
step:1659/1670 train_time:641718ms step_avg:386.81ms
step:1660/1670 train_time:642106ms step_avg:386.81ms
step:1661/1670 train_time:642492ms step_avg:386.81ms
step:1662/1670 train_time:642878ms step_avg:386.81ms
step:1663/1670 train_time:643264ms step_avg:386.81ms
step:1664/1670 train_time:643654ms step_avg:386.81ms
step:1665/1670 train_time:644044ms step_avg:386.81ms
step:1666/1670 train_time:644432ms step_avg:386.81ms
step:1667/1670 train_time:644817ms step_avg:386.81ms
step:1668/1670 train_time:645207ms step_avg:386.82ms
step:1669/1670 train_time:645595ms step_avg:386.82ms
step:1670/1670 train_time:645980ms step_avg:386.81ms
step:1670/1670 val_loss:3.2768 train_time:646271ms step_avg:386.99ms
peak memory allocated: 28766 MiB reserved: 31540 MiB
total training time: 646.27s (646271ms)
