W0524 17:05:15.155000 255 site-packages/torch/distributed/run.py:766] 
W0524 17:05:15.155000 255 site-packages/torch/distributed/run.py:766] *****************************************
W0524 17:05:15.155000 255 site-packages/torch/distributed/run.py:766] Setting OMP_NUM_THREADS environment variable for each process to be 1 in default, to avoid your system being overloaded, please further tune the variable for optimal performance in your application as needed. 
W0524 17:05:15.155000 255 site-packages/torch/distributed/run.py:766] *****************************************
/root/miniconda3/envs/llm_test/lib/python3.10/site-packages/torch/autograd/__init__.py:221: UserWarning: Cannot create tensor with interal format while allow_internel_format=False, tensor will be created with base format. (Triggered internally at build/CMakeFiles/torch_npu.dir/compiler_depend.ts:338.)
  torch.ones_like(out, memory_format=torch.preserve_format)
/root/miniconda3/envs/llm_test/lib/python3.10/site-packages/torch/autograd/__init__.py:221: UserWarning: Cannot create tensor with interal format while allow_internel_format=False, tensor will be created with base format. (Triggered internally at build/CMakeFiles/torch_npu.dir/compiler_depend.ts:338.)
  torch.ones_like(out, memory_format=torch.preserve_format)
/root/miniconda3/envs/llm_test/lib/python3.10/site-packages/torch/distributed/distributed_c10d.py:4631: UserWarning: No device id is provided via `init_process_group` or `barrier `. Using the current device set by the user. 
  warnings.warn(  # warn only once
/root/miniconda3/envs/llm_test/lib/python3.10/site-packages/torch/autograd/__init__.py:221: UserWarning: Cannot create tensor with interal format while allow_internel_format=False, tensor will be created with base format. (Triggered internally at build/CMakeFiles/torch_npu.dir/compiler_depend.ts:338.)
  torch.ones_like(out, memory_format=torch.preserve_format)
/root/miniconda3/envs/llm_test/lib/python3.10/site-packages/torch/autograd/__init__.py:221: UserWarning: Cannot create tensor with interal format while allow_internel_format=False, tensor will be created with base format. (Triggered internally at build/CMakeFiles/torch_npu.dir/compiler_depend.ts:338.)
  torch.ones_like(out, memory_format=torch.preserve_format)
/root/miniconda3/envs/llm_test/lib/python3.10/site-packages/torch/autograd/__init__.py:221: UserWarning: Cannot create tensor with interal format while allow_internel_format=False, tensor will be created with base format. (Triggered internally at build/CMakeFiles/torch_npu.dir/compiler_depend.ts:338.)
  torch.ones_like(out, memory_format=torch.preserve_format)
/root/miniconda3/envs/llm_test/lib/python3.10/site-packages/torch/autograd/__init__.py:221: UserWarning: Cannot create tensor with interal format while allow_internel_format=False, tensor will be created with base format. (Triggered internally at build/CMakeFiles/torch_npu.dir/compiler_depend.ts:338.)
  torch.ones_like(out, memory_format=torch.preserve_format)
/root/miniconda3/envs/llm_test/lib/python3.10/site-packages/torch/autograd/__init__.py:221: UserWarning: Cannot create tensor with interal format while allow_internel_format=False, tensor will be created with base format. (Triggered internally at build/CMakeFiles/torch_npu.dir/compiler_depend.ts:338.)
  torch.ones_like(out, memory_format=torch.preserve_format)
/root/miniconda3/envs/llm_test/lib/python3.10/site-packages/torch/autograd/__init__.py:221: UserWarning: Cannot create tensor with interal format while allow_internel_format=False, tensor will be created with base format. (Triggered internally at build/CMakeFiles/torch_npu.dir/compiler_depend.ts:338.)
  torch.ones_like(out, memory_format=torch.preserve_format)
/root/miniconda3/envs/llm_test/lib/python3.10/site-packages/torch/autograd/__init__.py:221: UserWarning: Cannot create tensor with interal format while allow_internel_format=False, tensor will be created with base format. (Triggered internally at build/CMakeFiles/torch_npu.dir/compiler_depend.ts:338.)
  torch.ones_like(out, memory_format=torch.preserve_format)
/root/miniconda3/envs/llm_test/lib/python3.10/site-packages/torch/autograd/__init__.py:221: UserWarning: Cannot create tensor with interal format while allow_internel_format=False, tensor will be created with base format. (Triggered internally at build/CMakeFiles/torch_npu.dir/compiler_depend.ts:338.)
  torch.ones_like(out, memory_format=torch.preserve_format)
/root/miniconda3/envs/llm_test/lib/python3.10/site-packages/torch/autograd/__init__.py:221: UserWarning: Cannot create tensor with interal format while allow_internel_format=False, tensor will be created with base format. (Triggered internally at build/CMakeFiles/torch_npu.dir/compiler_depend.ts:338.)
  torch.ones_like(out, memory_format=torch.preserve_format)
/root/miniconda3/envs/llm_test/lib/python3.10/site-packages/torch/autograd/__init__.py:221: UserWarning: Cannot create tensor with interal format while allow_internel_format=False, tensor will be created with base format. (Triggered internally at build/CMakeFiles/torch_npu.dir/compiler_depend.ts:338.)
  torch.ones_like(out, memory_format=torch.preserve_format)
/root/miniconda3/envs/llm_test/lib/python3.10/site-packages/torch/autograd/__init__.py:221: UserWarning: Cannot create tensor with interal format while allow_internel_format=False, tensor will be created with base format. (Triggered internally at build/CMakeFiles/torch_npu.dir/compiler_depend.ts:338.)
  torch.ones_like(out, memory_format=torch.preserve_format)
/root/miniconda3/envs/llm_test/lib/python3.10/site-packages/torch/autograd/__init__.py:221: UserWarning: Cannot create tensor with interal format while allow_internel_format=False, tensor will be created with base format. (Triggered internally at build/CMakeFiles/torch_npu.dir/compiler_depend.ts:338.)
  torch.ones_like(out, memory_format=torch.preserve_format)
/root/miniconda3/envs/llm_test/lib/python3.10/site-packages/torch/autograd/__init__.py:221: UserWarning: Cannot create tensor with interal format while allow_internel_format=False, tensor will be created with base format. (Triggered internally at build/CMakeFiles/torch_npu.dir/compiler_depend.ts:338.)
  torch.ones_like(out, memory_format=torch.preserve_format)
/root/miniconda3/envs/llm_test/lib/python3.10/site-packages/torch/distributed/distributed_c10d.py:4631: UserWarning: No device id is provided via `init_process_group` or `barrier `. Using the current device set by the user. 
  warnings.warn(  # warn only once
/root/miniconda3/envs/llm_test/lib/python3.10/site-packages/torch/autograd/__init__.py:221: UserWarning: Cannot create tensor with interal format while allow_internel_format=False, tensor will be created with base format. (Triggered internally at build/CMakeFiles/torch_npu.dir/compiler_depend.ts:338.)
  torch.ones_like(out, memory_format=torch.preserve_format)
/root/miniconda3/envs/llm_test/lib/python3.10/site-packages/torch/distributed/distributed_c10d.py:4631: UserWarning: No device id is provided via `init_process_group` or `barrier `. Using the current device set by the user. 
  warnings.warn(  # warn only once
/root/miniconda3/envs/llm_test/lib/python3.10/site-packages/torch/distributed/distributed_c10d.py:4631: UserWarning: No device id is provided via `init_process_group` or `barrier `. Using the current device set by the user. 
  warnings.warn(  # warn only once
/root/miniconda3/envs/llm_test/lib/python3.10/site-packages/torch/distributed/distributed_c10d.py:4631: UserWarning: No device id is provided via `init_process_group` or `barrier `. Using the current device set by the user. 
  warnings.warn(  # warn only once
/root/miniconda3/envs/llm_test/lib/python3.10/site-packages/torch/distributed/distributed_c10d.py:4631: UserWarning: No device id is provided via `init_process_group` or `barrier `. Using the current device set by the user. 
  warnings.warn(  # warn only once
/root/miniconda3/envs/llm_test/lib/python3.10/site-packages/torch/distributed/distributed_c10d.py:4631: UserWarning: No device id is provided via `init_process_group` or `barrier `. Using the current device set by the user. 
  warnings.warn(  # warn only once
/root/miniconda3/envs/llm_test/lib/python3.10/site-packages/torch/distributed/distributed_c10d.py:4631: UserWarning: No device id is provided via `init_process_group` or `barrier `. Using the current device set by the user. 
  warnings.warn(  # warn only once
/root/miniconda3/envs/llm_test/lib/python3.10/site-packages/torch/distributed/distributed_c10d.py:4631: UserWarning: No device id is provided via `init_process_group` or `barrier `. Using the current device set by the user. 
  warnings.warn(  # warn only once
/root/miniconda3/envs/llm_test/lib/python3.10/site-packages/torch/distributed/distributed_c10d.py:4631: UserWarning: No device id is provided via `init_process_group` or `barrier `. Using the current device set by the user. 
  warnings.warn(  # warn only once
/root/miniconda3/envs/llm_test/lib/python3.10/site-packages/torch/distributed/distributed_c10d.py:4631: UserWarning: No device id is provided via `init_process_group` or `barrier `. Using the current device set by the user. 
  warnings.warn(  # warn only once
/root/miniconda3/envs/llm_test/lib/python3.10/site-packages/torch/distributed/distributed_c10d.py:4631: UserWarning: No device id is provided via `init_process_group` or `barrier `. Using the current device set by the user. 
  warnings.warn(  # warn only once
/root/miniconda3/envs/llm_test/lib/python3.10/site-packages/torch/distributed/distributed_c10d.py:4631: UserWarning: No device id is provided via `init_process_group` or `barrier `. Using the current device set by the user. 
  warnings.warn(  # warn only once
/root/miniconda3/envs/llm_test/lib/python3.10/site-packages/torch/distributed/distributed_c10d.py:4631: UserWarning: No device id is provided via `init_process_group` or `barrier `. Using the current device set by the user. 
  warnings.warn(  # warn only once
/root/miniconda3/envs/llm_test/lib/python3.10/site-packages/torch/distributed/distributed_c10d.py:4631: UserWarning: No device id is provided via `init_process_group` or `barrier `. Using the current device set by the user. 
  warnings.warn(  # warn only once
/root/miniconda3/envs/llm_test/lib/python3.10/site-packages/torch/distributed/distributed_c10d.py:4631: UserWarning: No device id is provided via `init_process_group` or `barrier `. Using the current device set by the user. 
  warnings.warn(  # warn only once
logs/33fe605c-b440-4147-8ad8-92760266fa9f.txt
/root/miniconda3/envs/llm_test/lib/python3.10/site-packages/torch_npu/utils/storage.py:89: UserWarning: TypedStorage is deprecated. It will be removed in the future and UntypedStorage will be the only storage class. This should only matter to you if you are using storages directly.  To access UntypedStorage directly, use tensor.untyped_storage() instead of tensor.storage()
  if self.device.type != 'cpu':
step:0/1670 val_loss:10.8125 train_time:0ms step_avg:0.19ms
step:1/1670 train_time:1310ms step_avg:1309.94ms
step:2/1670 train_time:1429ms step_avg:714.65ms
step:3/1670 train_time:1812ms step_avg:603.88ms
step:4/1670 train_time:2178ms step_avg:544.38ms
step:5/1670 train_time:2565ms step_avg:513.06ms
step:6/1670 train_time:2970ms step_avg:495.07ms
step:7/1670 train_time:3340ms step_avg:477.08ms
step:8/1670 train_time:3724ms step_avg:465.49ms
step:9/1670 train_time:4112ms step_avg:456.90ms
step:10/1670 train_time:4501ms step_avg:450.11ms
step:11/1670 train_time:4880ms step_avg:443.67ms
step:12/1670 train_time:5283ms step_avg:440.26ms
step:13/1670 train_time:5655ms step_avg:435.01ms
step:14/1670 train_time:6041ms step_avg:431.48ms
step:15/1670 train_time:6421ms step_avg:428.10ms
step:16/1670 train_time:6813ms step_avg:425.81ms
step:17/1670 train_time:7195ms step_avg:423.25ms
step:18/1670 train_time:7581ms step_avg:421.14ms
step:19/1670 train_time:7969ms step_avg:419.40ms
step:20/1670 train_time:8354ms step_avg:417.68ms
step:21/1670 train_time:8735ms step_avg:415.94ms
step:22/1670 train_time:9124ms step_avg:414.72ms
step:23/1670 train_time:9508ms step_avg:413.40ms
step:24/1670 train_time:9892ms step_avg:412.16ms
step:25/1670 train_time:10275ms step_avg:411.00ms
step:26/1670 train_time:10660ms step_avg:410.00ms
step:27/1670 train_time:11048ms step_avg:409.19ms
step:28/1670 train_time:11433ms step_avg:408.31ms
step:29/1670 train_time:11815ms step_avg:407.41ms
step:30/1670 train_time:12200ms step_avg:406.68ms
step:31/1670 train_time:12588ms step_avg:406.05ms
step:32/1670 train_time:12970ms step_avg:405.32ms
step:33/1670 train_time:13360ms step_avg:404.85ms
step:34/1670 train_time:13741ms step_avg:404.14ms
step:35/1670 train_time:14124ms step_avg:403.54ms
step:36/1670 train_time:14506ms step_avg:402.93ms
step:37/1670 train_time:14891ms step_avg:402.46ms
step:38/1670 train_time:15275ms step_avg:401.96ms
step:39/1670 train_time:15660ms step_avg:401.54ms
step:40/1670 train_time:16046ms step_avg:401.15ms
step:41/1670 train_time:16427ms step_avg:400.67ms
step:42/1670 train_time:16811ms step_avg:400.27ms
step:43/1670 train_time:17197ms step_avg:399.92ms
step:44/1670 train_time:17580ms step_avg:399.54ms
step:45/1670 train_time:17969ms step_avg:399.31ms
step:46/1670 train_time:18352ms step_avg:398.95ms
step:47/1670 train_time:18733ms step_avg:398.58ms
step:48/1670 train_time:19118ms step_avg:398.30ms
step:49/1670 train_time:19504ms step_avg:398.04ms
step:50/1670 train_time:19889ms step_avg:397.79ms
step:51/1670 train_time:20278ms step_avg:397.60ms
step:52/1670 train_time:20662ms step_avg:397.34ms
step:53/1670 train_time:21048ms step_avg:397.13ms
step:54/1670 train_time:21432ms step_avg:396.89ms
step:55/1670 train_time:21818ms step_avg:396.68ms
step:56/1670 train_time:22200ms step_avg:396.43ms
step:57/1670 train_time:22588ms step_avg:396.28ms
step:58/1670 train_time:22973ms step_avg:396.08ms
step:59/1670 train_time:23360ms step_avg:395.93ms
step:60/1670 train_time:23748ms step_avg:395.80ms
step:61/1670 train_time:24129ms step_avg:395.55ms
step:62/1670 train_time:24515ms step_avg:395.41ms
step:63/1670 train_time:24902ms step_avg:395.26ms
step:64/1670 train_time:25284ms step_avg:395.07ms
step:65/1670 train_time:25670ms step_avg:394.92ms
step:66/1670 train_time:26051ms step_avg:394.71ms
step:67/1670 train_time:26432ms step_avg:394.51ms
step:68/1670 train_time:26815ms step_avg:394.34ms
step:69/1670 train_time:27203ms step_avg:394.24ms
step:70/1670 train_time:27590ms step_avg:394.14ms
step:71/1670 train_time:27975ms step_avg:394.02ms
step:72/1670 train_time:28357ms step_avg:393.85ms
step:73/1670 train_time:28742ms step_avg:393.72ms
step:74/1670 train_time:29129ms step_avg:393.63ms
step:75/1670 train_time:29517ms step_avg:393.56ms
step:76/1670 train_time:29901ms step_avg:393.43ms
step:77/1670 train_time:30286ms step_avg:393.33ms
step:78/1670 train_time:30669ms step_avg:393.20ms
step:79/1670 train_time:31056ms step_avg:393.11ms
step:80/1670 train_time:31444ms step_avg:393.05ms
step:81/1670 train_time:31826ms step_avg:392.91ms
step:82/1670 train_time:32214ms step_avg:392.85ms
step:83/1670 train_time:32599ms step_avg:392.75ms
step:84/1670 train_time:32987ms step_avg:392.70ms
step:85/1670 train_time:33369ms step_avg:392.57ms
step:86/1670 train_time:33759ms step_avg:392.54ms
step:87/1670 train_time:34146ms step_avg:392.48ms
step:88/1670 train_time:34528ms step_avg:392.37ms
step:89/1670 train_time:34931ms step_avg:392.48ms
step:90/1670 train_time:35298ms step_avg:392.20ms
step:91/1670 train_time:35685ms step_avg:392.15ms
step:92/1670 train_time:36067ms step_avg:392.03ms
step:93/1670 train_time:36451ms step_avg:391.95ms
step:94/1670 train_time:36839ms step_avg:391.91ms
step:95/1670 train_time:37222ms step_avg:391.81ms
step:96/1670 train_time:37605ms step_avg:391.72ms
step:97/1670 train_time:37990ms step_avg:391.65ms
step:98/1670 train_time:38378ms step_avg:391.62ms
step:99/1670 train_time:38767ms step_avg:391.58ms
step:100/1670 train_time:39149ms step_avg:391.49ms
step:101/1670 train_time:39537ms step_avg:391.46ms
step:102/1670 train_time:39918ms step_avg:391.36ms
step:103/1670 train_time:40303ms step_avg:391.29ms
step:104/1670 train_time:40684ms step_avg:391.19ms
step:105/1670 train_time:41071ms step_avg:391.15ms
step:106/1670 train_time:41454ms step_avg:391.08ms
step:107/1670 train_time:41838ms step_avg:391.01ms
step:108/1670 train_time:42222ms step_avg:390.94ms
step:109/1670 train_time:42607ms step_avg:390.89ms
step:110/1670 train_time:42992ms step_avg:390.83ms
step:111/1670 train_time:43375ms step_avg:390.77ms
step:112/1670 train_time:43759ms step_avg:390.71ms
step:113/1670 train_time:44152ms step_avg:390.73ms
step:114/1670 train_time:44535ms step_avg:390.66ms
step:115/1670 train_time:44918ms step_avg:390.59ms
step:116/1670 train_time:45299ms step_avg:390.51ms
step:117/1670 train_time:45688ms step_avg:390.50ms
step:118/1670 train_time:46071ms step_avg:390.44ms
step:119/1670 train_time:46455ms step_avg:390.38ms
step:120/1670 train_time:46842ms step_avg:390.35ms
step:121/1670 train_time:47225ms step_avg:390.29ms
step:122/1670 train_time:47608ms step_avg:390.23ms
step:123/1670 train_time:47995ms step_avg:390.21ms
step:124/1670 train_time:48375ms step_avg:390.12ms
step:125/1670 train_time:48757ms step_avg:390.06ms
step:125/1670 val_loss:4.3164 train_time:49049ms step_avg:392.40ms
step:126/1670 train_time:49299ms step_avg:391.26ms
step:127/1670 train_time:49636ms step_avg:390.83ms
step:128/1670 train_time:50018ms step_avg:390.76ms
step:129/1670 train_time:50403ms step_avg:390.72ms
step:130/1670 train_time:50790ms step_avg:390.69ms
step:131/1670 train_time:51176ms step_avg:390.66ms
step:132/1670 train_time:51563ms step_avg:390.63ms
step:133/1670 train_time:51946ms step_avg:390.57ms
step:134/1670 train_time:52330ms step_avg:390.52ms
step:135/1670 train_time:52714ms step_avg:390.47ms
step:136/1670 train_time:53089ms step_avg:390.36ms
step:137/1670 train_time:53473ms step_avg:390.31ms
step:138/1670 train_time:53856ms step_avg:390.26ms
step:139/1670 train_time:54243ms step_avg:390.23ms
step:140/1670 train_time:54622ms step_avg:390.16ms
step:141/1670 train_time:55010ms step_avg:390.14ms
step:142/1670 train_time:55396ms step_avg:390.11ms
step:143/1670 train_time:55778ms step_avg:390.06ms
step:144/1670 train_time:56165ms step_avg:390.04ms
step:145/1670 train_time:56548ms step_avg:389.98ms
step:146/1670 train_time:56936ms step_avg:389.97ms
step:147/1670 train_time:57316ms step_avg:389.91ms
step:148/1670 train_time:57700ms step_avg:389.87ms
step:149/1670 train_time:58088ms step_avg:389.86ms
step:150/1670 train_time:58472ms step_avg:389.82ms
step:151/1670 train_time:58857ms step_avg:389.78ms
step:152/1670 train_time:59241ms step_avg:389.74ms
step:153/1670 train_time:59622ms step_avg:389.68ms
step:154/1670 train_time:60008ms step_avg:389.66ms
step:155/1670 train_time:60391ms step_avg:389.62ms
step:156/1670 train_time:60777ms step_avg:389.60ms
step:157/1670 train_time:61164ms step_avg:389.58ms
step:158/1670 train_time:61548ms step_avg:389.54ms
step:159/1670 train_time:61934ms step_avg:389.52ms
step:160/1670 train_time:62316ms step_avg:389.48ms
step:161/1670 train_time:62699ms step_avg:389.44ms
step:162/1670 train_time:63083ms step_avg:389.40ms
step:163/1670 train_time:63481ms step_avg:389.46ms
step:164/1670 train_time:63855ms step_avg:389.36ms
step:165/1670 train_time:64240ms step_avg:389.33ms
step:166/1670 train_time:64622ms step_avg:389.29ms
step:167/1670 train_time:65003ms step_avg:389.24ms
step:168/1670 train_time:65394ms step_avg:389.25ms
step:169/1670 train_time:65778ms step_avg:389.22ms
step:170/1670 train_time:66166ms step_avg:389.21ms
step:171/1670 train_time:66548ms step_avg:389.17ms
step:172/1670 train_time:66935ms step_avg:389.16ms
step:173/1670 train_time:67320ms step_avg:389.13ms
step:174/1670 train_time:67704ms step_avg:389.11ms
step:175/1670 train_time:68090ms step_avg:389.08ms
step:176/1670 train_time:68480ms step_avg:389.09ms
step:177/1670 train_time:68859ms step_avg:389.04ms
step:178/1670 train_time:69244ms step_avg:389.01ms
step:179/1670 train_time:69623ms step_avg:388.96ms
step:180/1670 train_time:70007ms step_avg:388.93ms
step:181/1670 train_time:70392ms step_avg:388.90ms
step:182/1670 train_time:70777ms step_avg:388.89ms
step:183/1670 train_time:71161ms step_avg:388.86ms
step:184/1670 train_time:71547ms step_avg:388.84ms
step:185/1670 train_time:71932ms step_avg:388.82ms
step:186/1670 train_time:72316ms step_avg:388.79ms
step:187/1670 train_time:72698ms step_avg:388.76ms
step:188/1670 train_time:73082ms step_avg:388.74ms
step:189/1670 train_time:73464ms step_avg:388.70ms
step:190/1670 train_time:73852ms step_avg:388.69ms
step:191/1670 train_time:74236ms step_avg:388.67ms
step:192/1670 train_time:74620ms step_avg:388.64ms
step:193/1670 train_time:75006ms step_avg:388.63ms
step:194/1670 train_time:75390ms step_avg:388.61ms
step:195/1670 train_time:75774ms step_avg:388.59ms
step:196/1670 train_time:76160ms step_avg:388.57ms
step:197/1670 train_time:76545ms step_avg:388.55ms
step:198/1670 train_time:76932ms step_avg:388.55ms
step:199/1670 train_time:77318ms step_avg:388.53ms
step:200/1670 train_time:77702ms step_avg:388.51ms
step:201/1670 train_time:78084ms step_avg:388.48ms
step:202/1670 train_time:78468ms step_avg:388.45ms
step:203/1670 train_time:78849ms step_avg:388.42ms
step:204/1670 train_time:79237ms step_avg:388.41ms
step:205/1670 train_time:79621ms step_avg:388.39ms
step:206/1670 train_time:80012ms step_avg:388.41ms
step:207/1670 train_time:80396ms step_avg:388.39ms
step:208/1670 train_time:80782ms step_avg:388.38ms
step:209/1670 train_time:81167ms step_avg:388.36ms
step:210/1670 train_time:81552ms step_avg:388.34ms
step:211/1670 train_time:81939ms step_avg:388.33ms
step:212/1670 train_time:82325ms step_avg:388.33ms
step:213/1670 train_time:82713ms step_avg:388.32ms
step:214/1670 train_time:83095ms step_avg:388.29ms
step:215/1670 train_time:83477ms step_avg:388.27ms
step:216/1670 train_time:83860ms step_avg:388.24ms
step:217/1670 train_time:84244ms step_avg:388.22ms
step:218/1670 train_time:84628ms step_avg:388.20ms
step:219/1670 train_time:85014ms step_avg:388.19ms
step:220/1670 train_time:85400ms step_avg:388.18ms
step:221/1670 train_time:85782ms step_avg:388.15ms
step:222/1670 train_time:86168ms step_avg:388.14ms
step:223/1670 train_time:86549ms step_avg:388.11ms
step:224/1670 train_time:86933ms step_avg:388.09ms
step:225/1670 train_time:87316ms step_avg:388.07ms
step:226/1670 train_time:87701ms step_avg:388.06ms
step:227/1670 train_time:88088ms step_avg:388.05ms
step:228/1670 train_time:88473ms step_avg:388.04ms
step:229/1670 train_time:88861ms step_avg:388.04ms
step:230/1670 train_time:89244ms step_avg:388.02ms
step:231/1670 train_time:89633ms step_avg:388.02ms
step:232/1670 train_time:90014ms step_avg:387.99ms
step:233/1670 train_time:90399ms step_avg:387.98ms
step:234/1670 train_time:90782ms step_avg:387.96ms
step:235/1670 train_time:91169ms step_avg:387.95ms
step:236/1670 train_time:91553ms step_avg:387.94ms
step:237/1670 train_time:91937ms step_avg:387.92ms
step:238/1670 train_time:92320ms step_avg:387.90ms
step:239/1670 train_time:92707ms step_avg:387.89ms
step:240/1670 train_time:93088ms step_avg:387.87ms
step:241/1670 train_time:93473ms step_avg:387.85ms
step:242/1670 train_time:93855ms step_avg:387.83ms
step:243/1670 train_time:94244ms step_avg:387.83ms
step:244/1670 train_time:94622ms step_avg:387.80ms
step:245/1670 train_time:95011ms step_avg:387.80ms
step:246/1670 train_time:95396ms step_avg:387.79ms
step:247/1670 train_time:95780ms step_avg:387.77ms
step:248/1670 train_time:96164ms step_avg:387.76ms
step:249/1670 train_time:96552ms step_avg:387.76ms
step:250/1670 train_time:96937ms step_avg:387.75ms
step:250/1670 val_loss:3.9752 train_time:97228ms step_avg:388.91ms
step:251/1670 train_time:97496ms step_avg:388.43ms
step:252/1670 train_time:97854ms step_avg:388.31ms
step:253/1670 train_time:98240ms step_avg:388.30ms
step:254/1670 train_time:98631ms step_avg:388.31ms
step:255/1670 train_time:99013ms step_avg:388.28ms
step:256/1670 train_time:99395ms step_avg:388.26ms
step:257/1670 train_time:99783ms step_avg:388.26ms
step:258/1670 train_time:100169ms step_avg:388.25ms
step:259/1670 train_time:100555ms step_avg:388.24ms
step:260/1670 train_time:100942ms step_avg:388.24ms
step:261/1670 train_time:101331ms step_avg:388.24ms
step:262/1670 train_time:101713ms step_avg:388.22ms
step:263/1670 train_time:102094ms step_avg:388.19ms
step:264/1670 train_time:102476ms step_avg:388.17ms
step:265/1670 train_time:102860ms step_avg:388.15ms
step:266/1670 train_time:103242ms step_avg:388.13ms
step:267/1670 train_time:103626ms step_avg:388.11ms
step:268/1670 train_time:104006ms step_avg:388.08ms
step:269/1670 train_time:104393ms step_avg:388.08ms
step:270/1670 train_time:104775ms step_avg:388.06ms
step:271/1670 train_time:105159ms step_avg:388.04ms
step:272/1670 train_time:105540ms step_avg:388.02ms
step:273/1670 train_time:105928ms step_avg:388.01ms
step:274/1670 train_time:106309ms step_avg:387.99ms
step:275/1670 train_time:106692ms step_avg:387.97ms
step:276/1670 train_time:107073ms step_avg:387.95ms
step:277/1670 train_time:107459ms step_avg:387.94ms
step:278/1670 train_time:107841ms step_avg:387.92ms
step:279/1670 train_time:108227ms step_avg:387.91ms
step:280/1670 train_time:108613ms step_avg:387.90ms
step:281/1670 train_time:108996ms step_avg:387.88ms
step:282/1670 train_time:109384ms step_avg:387.89ms
step:283/1670 train_time:109763ms step_avg:387.86ms
step:284/1670 train_time:110146ms step_avg:387.84ms
step:285/1670 train_time:110532ms step_avg:387.83ms
step:286/1670 train_time:110918ms step_avg:387.82ms
step:287/1670 train_time:111298ms step_avg:387.80ms
step:288/1670 train_time:111688ms step_avg:387.80ms
step:289/1670 train_time:112070ms step_avg:387.79ms
step:290/1670 train_time:112458ms step_avg:387.78ms
step:291/1670 train_time:112840ms step_avg:387.77ms
step:292/1670 train_time:113224ms step_avg:387.75ms
step:293/1670 train_time:113606ms step_avg:387.74ms
step:294/1670 train_time:113996ms step_avg:387.74ms
step:295/1670 train_time:114380ms step_avg:387.73ms
step:296/1670 train_time:114763ms step_avg:387.71ms
step:297/1670 train_time:115150ms step_avg:387.71ms
step:298/1670 train_time:115531ms step_avg:387.69ms
step:299/1670 train_time:115912ms step_avg:387.67ms
step:300/1670 train_time:116298ms step_avg:387.66ms
step:301/1670 train_time:116680ms step_avg:387.64ms
step:302/1670 train_time:117064ms step_avg:387.63ms
step:303/1670 train_time:117453ms step_avg:387.63ms
step:304/1670 train_time:117833ms step_avg:387.61ms
step:305/1670 train_time:118219ms step_avg:387.60ms
step:306/1670 train_time:118601ms step_avg:387.59ms
step:307/1670 train_time:118984ms step_avg:387.57ms
step:308/1670 train_time:119366ms step_avg:387.55ms
step:309/1670 train_time:119752ms step_avg:387.55ms
step:310/1670 train_time:120137ms step_avg:387.54ms
step:311/1670 train_time:120530ms step_avg:387.55ms
step:312/1670 train_time:120914ms step_avg:387.55ms
step:313/1670 train_time:121296ms step_avg:387.53ms
step:314/1670 train_time:121683ms step_avg:387.52ms
step:315/1670 train_time:122067ms step_avg:387.51ms
step:316/1670 train_time:122454ms step_avg:387.51ms
step:317/1670 train_time:122838ms step_avg:387.50ms
step:318/1670 train_time:123227ms step_avg:387.51ms
step:319/1670 train_time:123607ms step_avg:387.48ms
step:320/1670 train_time:123994ms step_avg:387.48ms
step:321/1670 train_time:124379ms step_avg:387.47ms
step:322/1670 train_time:124761ms step_avg:387.46ms
step:323/1670 train_time:125150ms step_avg:387.46ms
step:324/1670 train_time:125528ms step_avg:387.43ms
step:325/1670 train_time:125913ms step_avg:387.42ms
step:326/1670 train_time:126295ms step_avg:387.41ms
step:327/1670 train_time:126681ms step_avg:387.40ms
step:328/1670 train_time:127061ms step_avg:387.38ms
step:329/1670 train_time:127448ms step_avg:387.38ms
step:330/1670 train_time:127850ms step_avg:387.42ms
step:331/1670 train_time:128230ms step_avg:387.40ms
step:332/1670 train_time:128596ms step_avg:387.34ms
step:333/1670 train_time:128982ms step_avg:387.33ms
step:334/1670 train_time:129366ms step_avg:387.32ms
step:335/1670 train_time:129749ms step_avg:387.31ms
step:336/1670 train_time:130133ms step_avg:387.30ms
step:337/1670 train_time:130515ms step_avg:387.29ms
step:338/1670 train_time:130897ms step_avg:387.27ms
step:339/1670 train_time:131283ms step_avg:387.26ms
step:340/1670 train_time:131665ms step_avg:387.25ms
step:341/1670 train_time:132049ms step_avg:387.24ms
step:342/1670 train_time:132433ms step_avg:387.23ms
step:343/1670 train_time:132818ms step_avg:387.22ms
step:344/1670 train_time:133214ms step_avg:387.25ms
step:345/1670 train_time:133595ms step_avg:387.23ms
step:346/1670 train_time:133982ms step_avg:387.23ms
step:347/1670 train_time:134367ms step_avg:387.22ms
step:348/1670 train_time:134748ms step_avg:387.21ms
step:349/1670 train_time:135133ms step_avg:387.20ms
step:350/1670 train_time:135516ms step_avg:387.19ms
step:351/1670 train_time:135905ms step_avg:387.19ms
step:352/1670 train_time:136286ms step_avg:387.18ms
step:353/1670 train_time:136670ms step_avg:387.17ms
step:354/1670 train_time:137053ms step_avg:387.15ms
step:355/1670 train_time:137439ms step_avg:387.15ms
step:356/1670 train_time:137825ms step_avg:387.15ms
step:357/1670 train_time:138206ms step_avg:387.13ms
step:358/1670 train_time:138587ms step_avg:387.12ms
step:359/1670 train_time:138974ms step_avg:387.11ms
step:360/1670 train_time:139374ms step_avg:387.15ms
step:361/1670 train_time:139759ms step_avg:387.14ms
step:362/1670 train_time:140145ms step_avg:387.14ms
step:363/1670 train_time:140513ms step_avg:387.09ms
step:364/1670 train_time:140902ms step_avg:387.09ms
step:365/1670 train_time:141284ms step_avg:387.08ms
step:366/1670 train_time:141667ms step_avg:387.07ms
step:367/1670 train_time:142056ms step_avg:387.07ms
step:368/1670 train_time:142440ms step_avg:387.07ms
step:369/1670 train_time:142827ms step_avg:387.07ms
step:370/1670 train_time:143208ms step_avg:387.05ms
step:371/1670 train_time:143595ms step_avg:387.05ms
step:372/1670 train_time:143979ms step_avg:387.04ms
step:373/1670 train_time:144364ms step_avg:387.03ms
step:374/1670 train_time:144754ms step_avg:387.04ms
step:375/1670 train_time:145136ms step_avg:387.03ms
step:375/1670 val_loss:3.8248 train_time:145430ms step_avg:387.81ms
step:376/1670 train_time:145674ms step_avg:387.43ms
step:377/1670 train_time:146205ms step_avg:387.81ms
step:378/1670 train_time:146593ms step_avg:387.81ms
step:379/1670 train_time:146978ms step_avg:387.81ms
step:380/1670 train_time:147362ms step_avg:387.80ms
step:381/1670 train_time:147753ms step_avg:387.80ms
step:382/1670 train_time:148137ms step_avg:387.79ms
step:383/1670 train_time:148523ms step_avg:387.79ms
step:384/1670 train_time:148907ms step_avg:387.78ms
step:385/1670 train_time:149288ms step_avg:387.76ms
step:386/1670 train_time:149680ms step_avg:387.77ms
step:387/1670 train_time:150064ms step_avg:387.76ms
step:388/1670 train_time:150451ms step_avg:387.76ms
step:389/1670 train_time:150838ms step_avg:387.76ms
step:390/1670 train_time:151225ms step_avg:387.76ms
step:391/1670 train_time:151609ms step_avg:387.75ms
step:392/1670 train_time:151994ms step_avg:387.74ms
step:393/1670 train_time:152379ms step_avg:387.73ms
step:394/1670 train_time:152763ms step_avg:387.72ms
step:395/1670 train_time:153146ms step_avg:387.71ms
step:396/1670 train_time:153530ms step_avg:387.70ms
step:397/1670 train_time:153911ms step_avg:387.68ms
step:398/1670 train_time:154299ms step_avg:387.69ms
step:399/1670 train_time:154683ms step_avg:387.68ms
step:400/1670 train_time:155068ms step_avg:387.67ms
step:401/1670 train_time:155452ms step_avg:387.66ms
step:402/1670 train_time:155840ms step_avg:387.66ms
step:403/1670 train_time:156222ms step_avg:387.65ms
step:404/1670 train_time:156607ms step_avg:387.64ms
step:405/1670 train_time:156994ms step_avg:387.64ms
step:406/1670 train_time:157377ms step_avg:387.63ms
step:407/1670 train_time:157763ms step_avg:387.62ms
step:408/1670 train_time:158147ms step_avg:387.62ms
step:409/1670 train_time:158533ms step_avg:387.61ms
step:410/1670 train_time:158917ms step_avg:387.60ms
step:411/1670 train_time:159305ms step_avg:387.60ms
step:412/1670 train_time:159688ms step_avg:387.59ms
step:413/1670 train_time:160070ms step_avg:387.58ms
step:414/1670 train_time:160455ms step_avg:387.57ms
step:415/1670 train_time:160842ms step_avg:387.57ms
step:416/1670 train_time:161226ms step_avg:387.56ms
step:417/1670 train_time:161613ms step_avg:387.56ms
step:418/1670 train_time:161994ms step_avg:387.55ms
step:419/1670 train_time:162377ms step_avg:387.53ms
step:420/1670 train_time:162760ms step_avg:387.52ms
step:421/1670 train_time:163148ms step_avg:387.53ms
step:422/1670 train_time:163532ms step_avg:387.52ms
step:423/1670 train_time:163917ms step_avg:387.51ms
step:424/1670 train_time:164300ms step_avg:387.50ms
step:425/1670 train_time:164687ms step_avg:387.50ms
step:426/1670 train_time:165071ms step_avg:387.49ms
step:427/1670 train_time:165457ms step_avg:387.49ms
step:428/1670 train_time:165841ms step_avg:387.48ms
step:429/1670 train_time:166225ms step_avg:387.47ms
step:430/1670 train_time:166609ms step_avg:387.46ms
step:431/1670 train_time:166992ms step_avg:387.45ms
step:432/1670 train_time:167375ms step_avg:387.44ms
step:433/1670 train_time:167758ms step_avg:387.43ms
step:434/1670 train_time:168146ms step_avg:387.43ms
step:435/1670 train_time:168532ms step_avg:387.43ms
step:436/1670 train_time:168913ms step_avg:387.41ms
step:437/1670 train_time:169298ms step_avg:387.41ms
step:438/1670 train_time:169681ms step_avg:387.40ms
step:439/1670 train_time:170066ms step_avg:387.39ms
step:440/1670 train_time:170450ms step_avg:387.39ms
step:441/1670 train_time:170837ms step_avg:387.38ms
step:442/1670 train_time:171219ms step_avg:387.37ms
step:443/1670 train_time:171608ms step_avg:387.38ms
step:444/1670 train_time:171992ms step_avg:387.37ms
step:445/1670 train_time:172377ms step_avg:387.36ms
step:446/1670 train_time:172759ms step_avg:387.35ms
step:447/1670 train_time:173142ms step_avg:387.34ms
step:448/1670 train_time:173525ms step_avg:387.33ms
step:449/1670 train_time:173913ms step_avg:387.33ms
step:450/1670 train_time:174297ms step_avg:387.33ms
step:451/1670 train_time:174682ms step_avg:387.32ms
step:452/1670 train_time:175067ms step_avg:387.32ms
step:453/1670 train_time:175453ms step_avg:387.31ms
step:454/1670 train_time:175837ms step_avg:387.31ms
step:455/1670 train_time:176222ms step_avg:387.30ms
step:456/1670 train_time:176605ms step_avg:387.29ms
step:457/1670 train_time:176989ms step_avg:387.28ms
step:458/1670 train_time:177371ms step_avg:387.27ms
step:459/1670 train_time:177752ms step_avg:387.26ms
step:460/1670 train_time:178133ms step_avg:387.25ms
step:461/1670 train_time:178519ms step_avg:387.24ms
step:462/1670 train_time:178901ms step_avg:387.23ms
step:463/1670 train_time:179289ms step_avg:387.23ms
step:464/1670 train_time:179679ms step_avg:387.24ms
step:465/1670 train_time:180056ms step_avg:387.22ms
step:466/1670 train_time:180439ms step_avg:387.21ms
step:467/1670 train_time:180827ms step_avg:387.21ms
step:468/1670 train_time:181208ms step_avg:387.20ms
step:469/1670 train_time:181593ms step_avg:387.19ms
step:470/1670 train_time:181982ms step_avg:387.20ms
step:471/1670 train_time:182366ms step_avg:387.19ms
step:472/1670 train_time:182749ms step_avg:387.18ms
step:473/1670 train_time:183136ms step_avg:387.18ms
step:474/1670 train_time:183518ms step_avg:387.17ms
step:475/1670 train_time:183900ms step_avg:387.16ms
step:476/1670 train_time:184286ms step_avg:387.16ms
step:477/1670 train_time:184670ms step_avg:387.15ms
step:478/1670 train_time:185052ms step_avg:387.14ms
step:479/1670 train_time:185436ms step_avg:387.13ms
step:480/1670 train_time:185817ms step_avg:387.12ms
step:481/1670 train_time:186203ms step_avg:387.12ms
step:482/1670 train_time:186589ms step_avg:387.11ms
step:483/1670 train_time:186989ms step_avg:387.14ms
step:484/1670 train_time:187373ms step_avg:387.13ms
step:485/1670 train_time:187758ms step_avg:387.13ms
step:486/1670 train_time:188145ms step_avg:387.13ms
step:487/1670 train_time:188514ms step_avg:387.09ms
step:488/1670 train_time:188905ms step_avg:387.10ms
step:489/1670 train_time:189288ms step_avg:387.09ms
step:490/1670 train_time:189666ms step_avg:387.07ms
step:491/1670 train_time:190050ms step_avg:387.07ms
step:492/1670 train_time:190433ms step_avg:387.06ms
step:493/1670 train_time:190816ms step_avg:387.05ms
step:494/1670 train_time:191208ms step_avg:387.06ms
step:495/1670 train_time:191587ms step_avg:387.04ms
step:496/1670 train_time:191971ms step_avg:387.04ms
step:497/1670 train_time:192357ms step_avg:387.04ms
step:498/1670 train_time:192742ms step_avg:387.03ms
step:499/1670 train_time:193127ms step_avg:387.03ms
step:500/1670 train_time:193514ms step_avg:387.03ms
step:500/1670 val_loss:3.7174 train_time:193803ms step_avg:387.61ms
step:501/1670 train_time:194049ms step_avg:387.32ms
step:502/1670 train_time:194390ms step_avg:387.23ms
step:503/1670 train_time:194775ms step_avg:387.23ms
step:504/1670 train_time:195159ms step_avg:387.22ms
step:505/1670 train_time:195541ms step_avg:387.21ms
step:506/1670 train_time:195925ms step_avg:387.20ms
step:507/1670 train_time:196309ms step_avg:387.20ms
step:508/1670 train_time:196693ms step_avg:387.19ms
step:509/1670 train_time:197075ms step_avg:387.18ms
step:510/1670 train_time:197460ms step_avg:387.18ms
step:511/1670 train_time:197846ms step_avg:387.17ms
step:512/1670 train_time:198232ms step_avg:387.17ms
step:513/1670 train_time:198620ms step_avg:387.17ms
step:514/1670 train_time:199005ms step_avg:387.17ms
step:515/1670 train_time:199389ms step_avg:387.16ms
step:516/1670 train_time:199772ms step_avg:387.16ms
step:517/1670 train_time:200154ms step_avg:387.14ms
step:518/1670 train_time:200538ms step_avg:387.14ms
step:519/1670 train_time:200918ms step_avg:387.13ms
step:520/1670 train_time:201304ms step_avg:387.12ms
step:521/1670 train_time:201685ms step_avg:387.11ms
step:522/1670 train_time:202069ms step_avg:387.10ms
step:523/1670 train_time:202453ms step_avg:387.10ms
step:524/1670 train_time:202840ms step_avg:387.10ms
step:525/1670 train_time:203222ms step_avg:387.09ms
step:526/1670 train_time:203608ms step_avg:387.09ms
step:527/1670 train_time:203989ms step_avg:387.08ms
step:528/1670 train_time:204375ms step_avg:387.07ms
step:529/1670 train_time:204765ms step_avg:387.08ms
step:530/1670 train_time:205151ms step_avg:387.08ms
step:531/1670 train_time:205534ms step_avg:387.07ms
step:532/1670 train_time:205918ms step_avg:387.06ms
step:533/1670 train_time:206302ms step_avg:387.06ms
step:534/1670 train_time:206685ms step_avg:387.05ms
step:535/1670 train_time:207074ms step_avg:387.05ms
step:536/1670 train_time:207456ms step_avg:387.04ms
step:537/1670 train_time:207840ms step_avg:387.04ms
step:538/1670 train_time:208230ms step_avg:387.04ms
step:539/1670 train_time:208617ms step_avg:387.04ms
step:540/1670 train_time:209000ms step_avg:387.04ms
step:541/1670 train_time:209379ms step_avg:387.02ms
step:542/1670 train_time:209763ms step_avg:387.02ms
step:543/1670 train_time:210147ms step_avg:387.01ms
step:544/1670 train_time:210532ms step_avg:387.01ms
step:545/1670 train_time:210918ms step_avg:387.01ms
step:546/1670 train_time:211304ms step_avg:387.00ms
step:547/1670 train_time:211689ms step_avg:387.00ms
step:548/1670 train_time:212072ms step_avg:386.99ms
step:549/1670 train_time:212458ms step_avg:386.99ms
step:550/1670 train_time:212847ms step_avg:386.99ms
step:551/1670 train_time:213232ms step_avg:386.99ms
step:552/1670 train_time:213615ms step_avg:386.98ms
step:553/1670 train_time:214002ms step_avg:386.98ms
step:554/1670 train_time:214392ms step_avg:386.99ms
step:555/1670 train_time:214774ms step_avg:386.98ms
step:556/1670 train_time:215158ms step_avg:386.97ms
step:557/1670 train_time:215543ms step_avg:386.97ms
step:558/1670 train_time:215924ms step_avg:386.96ms
step:559/1670 train_time:216312ms step_avg:386.96ms
step:560/1670 train_time:216699ms step_avg:386.96ms
step:561/1670 train_time:217088ms step_avg:386.97ms
step:562/1670 train_time:217473ms step_avg:386.96ms
step:563/1670 train_time:217859ms step_avg:386.96ms
step:564/1670 train_time:218244ms step_avg:386.96ms
step:565/1670 train_time:218634ms step_avg:386.96ms
step:566/1670 train_time:219014ms step_avg:386.95ms
step:567/1670 train_time:219397ms step_avg:386.94ms
step:568/1670 train_time:219780ms step_avg:386.94ms
step:569/1670 train_time:220164ms step_avg:386.93ms
step:570/1670 train_time:220550ms step_avg:386.93ms
step:571/1670 train_time:220935ms step_avg:386.93ms
step:572/1670 train_time:221321ms step_avg:386.93ms
step:573/1670 train_time:221705ms step_avg:386.92ms
step:574/1670 train_time:222086ms step_avg:386.91ms
step:575/1670 train_time:222472ms step_avg:386.91ms
step:576/1670 train_time:222855ms step_avg:386.90ms
step:577/1670 train_time:223241ms step_avg:386.90ms
step:578/1670 train_time:223624ms step_avg:386.89ms
step:579/1670 train_time:224010ms step_avg:386.89ms
step:580/1670 train_time:224396ms step_avg:386.89ms
step:581/1670 train_time:224782ms step_avg:386.89ms
step:582/1670 train_time:225162ms step_avg:386.88ms
step:583/1670 train_time:225549ms step_avg:386.88ms
step:584/1670 train_time:225932ms step_avg:386.87ms
step:585/1670 train_time:226319ms step_avg:386.87ms
step:586/1670 train_time:226703ms step_avg:386.86ms
step:587/1670 train_time:227087ms step_avg:386.86ms
step:588/1670 train_time:227471ms step_avg:386.85ms
step:589/1670 train_time:227851ms step_avg:386.84ms
step:590/1670 train_time:228236ms step_avg:386.84ms
step:591/1670 train_time:228623ms step_avg:386.84ms
step:592/1670 train_time:229002ms step_avg:386.83ms
step:593/1670 train_time:229390ms step_avg:386.83ms
step:594/1670 train_time:229773ms step_avg:386.82ms
step:595/1670 train_time:230156ms step_avg:386.82ms
step:596/1670 train_time:230541ms step_avg:386.81ms
step:597/1670 train_time:230927ms step_avg:386.81ms
step:598/1670 train_time:231312ms step_avg:386.81ms
step:599/1670 train_time:231695ms step_avg:386.80ms
step:600/1670 train_time:232078ms step_avg:386.80ms
step:601/1670 train_time:232462ms step_avg:386.79ms
step:602/1670 train_time:232852ms step_avg:386.80ms
step:603/1670 train_time:233234ms step_avg:386.79ms
step:604/1670 train_time:233622ms step_avg:386.79ms
step:605/1670 train_time:234001ms step_avg:386.78ms
step:606/1670 train_time:234388ms step_avg:386.78ms
step:607/1670 train_time:234773ms step_avg:386.78ms
step:608/1670 train_time:235160ms step_avg:386.78ms
step:609/1670 train_time:235545ms step_avg:386.77ms
step:610/1670 train_time:235924ms step_avg:386.76ms
step:611/1670 train_time:236311ms step_avg:386.76ms
step:612/1670 train_time:236695ms step_avg:386.76ms
step:613/1670 train_time:237078ms step_avg:386.75ms
step:614/1670 train_time:237469ms step_avg:386.76ms
step:615/1670 train_time:237857ms step_avg:386.76ms
step:616/1670 train_time:238238ms step_avg:386.75ms
step:617/1670 train_time:238616ms step_avg:386.74ms
step:618/1670 train_time:238999ms step_avg:386.73ms
step:619/1670 train_time:239381ms step_avg:386.72ms
step:620/1670 train_time:239765ms step_avg:386.72ms
step:621/1670 train_time:240149ms step_avg:386.71ms
step:622/1670 train_time:240533ms step_avg:386.71ms
step:623/1670 train_time:240914ms step_avg:386.70ms
step:624/1670 train_time:241298ms step_avg:386.69ms
step:625/1670 train_time:241684ms step_avg:386.69ms
step:625/1670 val_loss:3.6158 train_time:241979ms step_avg:387.17ms
step:626/1670 train_time:242253ms step_avg:386.99ms
step:627/1670 train_time:242578ms step_avg:386.89ms
step:628/1670 train_time:242961ms step_avg:386.88ms
step:629/1670 train_time:243345ms step_avg:386.88ms
step:630/1670 train_time:243735ms step_avg:386.88ms
step:631/1670 train_time:244121ms step_avg:386.88ms
step:632/1670 train_time:244508ms step_avg:386.88ms
step:633/1670 train_time:244892ms step_avg:386.87ms
step:634/1670 train_time:245278ms step_avg:386.87ms
step:635/1670 train_time:245662ms step_avg:386.87ms
step:636/1670 train_time:246052ms step_avg:386.87ms
step:637/1670 train_time:246438ms step_avg:386.87ms
step:638/1670 train_time:246821ms step_avg:386.87ms
step:639/1670 train_time:247205ms step_avg:386.86ms
step:640/1670 train_time:247591ms step_avg:386.86ms
step:641/1670 train_time:247975ms step_avg:386.86ms
step:642/1670 train_time:248358ms step_avg:386.85ms
step:643/1670 train_time:248743ms step_avg:386.85ms
step:644/1670 train_time:249128ms step_avg:386.84ms
step:645/1670 train_time:249515ms step_avg:386.85ms
step:646/1670 train_time:249897ms step_avg:386.84ms
step:647/1670 train_time:250278ms step_avg:386.83ms
step:648/1670 train_time:250664ms step_avg:386.83ms
step:649/1670 train_time:251050ms step_avg:386.83ms
step:650/1670 train_time:251434ms step_avg:386.82ms
step:651/1670 train_time:251820ms step_avg:386.82ms
step:652/1670 train_time:252203ms step_avg:386.82ms
step:653/1670 train_time:252591ms step_avg:386.82ms
step:654/1670 train_time:252975ms step_avg:386.81ms
step:655/1670 train_time:253359ms step_avg:386.81ms
step:656/1670 train_time:253742ms step_avg:386.80ms
step:657/1670 train_time:254127ms step_avg:386.80ms
step:658/1670 train_time:254507ms step_avg:386.79ms
step:659/1670 train_time:254910ms step_avg:386.81ms
step:660/1670 train_time:255295ms step_avg:386.81ms
step:661/1670 train_time:255679ms step_avg:386.81ms
step:662/1670 train_time:256068ms step_avg:386.81ms
step:663/1670 train_time:256453ms step_avg:386.81ms
step:664/1670 train_time:256836ms step_avg:386.80ms
step:665/1670 train_time:257220ms step_avg:386.80ms
step:666/1670 train_time:257607ms step_avg:386.80ms
step:667/1670 train_time:257971ms step_avg:386.76ms
step:668/1670 train_time:258366ms step_avg:386.78ms
step:669/1670 train_time:258744ms step_avg:386.76ms
step:670/1670 train_time:259126ms step_avg:386.76ms
step:671/1670 train_time:259512ms step_avg:386.75ms
step:672/1670 train_time:259898ms step_avg:386.75ms
step:673/1670 train_time:260284ms step_avg:386.75ms
step:674/1670 train_time:260669ms step_avg:386.75ms
step:675/1670 train_time:261052ms step_avg:386.74ms
step:676/1670 train_time:261438ms step_avg:386.74ms
step:677/1670 train_time:261825ms step_avg:386.74ms
step:678/1670 train_time:262212ms step_avg:386.74ms
step:679/1670 train_time:262593ms step_avg:386.74ms
step:680/1670 train_time:262979ms step_avg:386.73ms
step:681/1670 train_time:263366ms step_avg:386.73ms
step:682/1670 train_time:263749ms step_avg:386.73ms
step:683/1670 train_time:264152ms step_avg:386.75ms
step:684/1670 train_time:264538ms step_avg:386.75ms
step:685/1670 train_time:264923ms step_avg:386.75ms
step:686/1670 train_time:265309ms step_avg:386.75ms
step:687/1670 train_time:265684ms step_avg:386.73ms
step:688/1670 train_time:266070ms step_avg:386.73ms
step:689/1670 train_time:266454ms step_avg:386.73ms
step:690/1670 train_time:266840ms step_avg:386.72ms
step:691/1670 train_time:267223ms step_avg:386.72ms
step:692/1670 train_time:267610ms step_avg:386.72ms
step:693/1670 train_time:267995ms step_avg:386.72ms
step:694/1670 train_time:268383ms step_avg:386.72ms
step:695/1670 train_time:268763ms step_avg:386.71ms
step:696/1670 train_time:269150ms step_avg:386.71ms
step:697/1670 train_time:269534ms step_avg:386.71ms
step:698/1670 train_time:269917ms step_avg:386.70ms
step:699/1670 train_time:270303ms step_avg:386.70ms
step:700/1670 train_time:270686ms step_avg:386.69ms
step:701/1670 train_time:271068ms step_avg:386.69ms
step:702/1670 train_time:271451ms step_avg:386.68ms
step:703/1670 train_time:271834ms step_avg:386.68ms
step:704/1670 train_time:272222ms step_avg:386.68ms
step:705/1670 train_time:272604ms step_avg:386.67ms
step:706/1670 train_time:272986ms step_avg:386.67ms
step:707/1670 train_time:273373ms step_avg:386.67ms
step:708/1670 train_time:273758ms step_avg:386.66ms
step:709/1670 train_time:274146ms step_avg:386.67ms
step:710/1670 train_time:274529ms step_avg:386.66ms
step:711/1670 train_time:274912ms step_avg:386.66ms
step:712/1670 train_time:275295ms step_avg:386.65ms
step:713/1670 train_time:275683ms step_avg:386.65ms
step:714/1670 train_time:276065ms step_avg:386.65ms
step:715/1670 train_time:276448ms step_avg:386.64ms
step:716/1670 train_time:276833ms step_avg:386.64ms
step:717/1670 train_time:277219ms step_avg:386.64ms
step:718/1670 train_time:277607ms step_avg:386.64ms
step:719/1670 train_time:277991ms step_avg:386.64ms
step:720/1670 train_time:278374ms step_avg:386.63ms
step:721/1670 train_time:278757ms step_avg:386.63ms
step:722/1670 train_time:279141ms step_avg:386.62ms
step:723/1670 train_time:279527ms step_avg:386.62ms
step:724/1670 train_time:279915ms step_avg:386.62ms
step:725/1670 train_time:280298ms step_avg:386.62ms
step:726/1670 train_time:280685ms step_avg:386.62ms
step:727/1670 train_time:281067ms step_avg:386.61ms
step:728/1670 train_time:281453ms step_avg:386.61ms
step:729/1670 train_time:281833ms step_avg:386.60ms
step:730/1670 train_time:282225ms step_avg:386.61ms
step:731/1670 train_time:282606ms step_avg:386.60ms
step:732/1670 train_time:282989ms step_avg:386.60ms
step:733/1670 train_time:283373ms step_avg:386.59ms
step:734/1670 train_time:283758ms step_avg:386.59ms
step:735/1670 train_time:284140ms step_avg:386.58ms
step:736/1670 train_time:284531ms step_avg:386.59ms
step:737/1670 train_time:284913ms step_avg:386.58ms
step:738/1670 train_time:285301ms step_avg:386.59ms
step:739/1670 train_time:285692ms step_avg:386.59ms
step:740/1670 train_time:286073ms step_avg:386.59ms
step:741/1670 train_time:286457ms step_avg:386.58ms
step:742/1670 train_time:286839ms step_avg:386.58ms
step:743/1670 train_time:287231ms step_avg:386.58ms
step:744/1670 train_time:287607ms step_avg:386.57ms
step:745/1670 train_time:287993ms step_avg:386.57ms
step:746/1670 train_time:288381ms step_avg:386.57ms
step:747/1670 train_time:288775ms step_avg:386.58ms
step:748/1670 train_time:289157ms step_avg:386.57ms
step:749/1670 train_time:289543ms step_avg:386.57ms
step:750/1670 train_time:289929ms step_avg:386.57ms
step:750/1670 val_loss:3.5639 train_time:290221ms step_avg:386.96ms
step:751/1670 train_time:290466ms step_avg:386.77ms
step:752/1670 train_time:290809ms step_avg:386.71ms
step:753/1670 train_time:291193ms step_avg:386.71ms
step:754/1670 train_time:291580ms step_avg:386.71ms
step:755/1670 train_time:291964ms step_avg:386.71ms
step:756/1670 train_time:292349ms step_avg:386.70ms
step:757/1670 train_time:292731ms step_avg:386.70ms
step:758/1670 train_time:293119ms step_avg:386.70ms
step:759/1670 train_time:293502ms step_avg:386.70ms
step:760/1670 train_time:293888ms step_avg:386.70ms
step:761/1670 train_time:294273ms step_avg:386.69ms
step:762/1670 train_time:294661ms step_avg:386.69ms
step:763/1670 train_time:295048ms step_avg:386.70ms
step:764/1670 train_time:295432ms step_avg:386.69ms
step:765/1670 train_time:295824ms step_avg:386.70ms
step:766/1670 train_time:296211ms step_avg:386.70ms
step:767/1670 train_time:296596ms step_avg:386.70ms
step:768/1670 train_time:296982ms step_avg:386.70ms
step:769/1670 train_time:297368ms step_avg:386.69ms
step:770/1670 train_time:297751ms step_avg:386.69ms
step:771/1670 train_time:298134ms step_avg:386.68ms
step:772/1670 train_time:298524ms step_avg:386.69ms
step:773/1670 train_time:298914ms step_avg:386.69ms
step:774/1670 train_time:299302ms step_avg:386.70ms
step:775/1670 train_time:299674ms step_avg:386.68ms
step:776/1670 train_time:300060ms step_avg:386.67ms
step:777/1670 train_time:300442ms step_avg:386.67ms
step:778/1670 train_time:300828ms step_avg:386.67ms
step:779/1670 train_time:301217ms step_avg:386.67ms
step:780/1670 train_time:301602ms step_avg:386.67ms
step:781/1670 train_time:301986ms step_avg:386.67ms
step:782/1670 train_time:302371ms step_avg:386.66ms
step:783/1670 train_time:302756ms step_avg:386.66ms
step:784/1670 train_time:303141ms step_avg:386.66ms
step:785/1670 train_time:303528ms step_avg:386.66ms
step:786/1670 train_time:303908ms step_avg:386.65ms
step:787/1670 train_time:304293ms step_avg:386.65ms
step:788/1670 train_time:304676ms step_avg:386.64ms
step:789/1670 train_time:305065ms step_avg:386.65ms
step:790/1670 train_time:305448ms step_avg:386.64ms
step:791/1670 train_time:305830ms step_avg:386.64ms
step:792/1670 train_time:306212ms step_avg:386.63ms
step:793/1670 train_time:306593ms step_avg:386.62ms
step:794/1670 train_time:306986ms step_avg:386.63ms
step:795/1670 train_time:307369ms step_avg:386.63ms
step:796/1670 train_time:307757ms step_avg:386.63ms
step:797/1670 train_time:308138ms step_avg:386.62ms
step:798/1670 train_time:308524ms step_avg:386.62ms
step:799/1670 train_time:308921ms step_avg:386.63ms
step:800/1670 train_time:309302ms step_avg:386.63ms
step:801/1670 train_time:309687ms step_avg:386.63ms
step:802/1670 train_time:310072ms step_avg:386.62ms
step:803/1670 train_time:310457ms step_avg:386.62ms
step:804/1670 train_time:310838ms step_avg:386.61ms
step:805/1670 train_time:311221ms step_avg:386.61ms
step:806/1670 train_time:311604ms step_avg:386.60ms
step:807/1670 train_time:311975ms step_avg:386.59ms
step:808/1670 train_time:312361ms step_avg:386.58ms
step:809/1670 train_time:312744ms step_avg:386.58ms
step:810/1670 train_time:313126ms step_avg:386.58ms
step:811/1670 train_time:313514ms step_avg:386.58ms
step:812/1670 train_time:313897ms step_avg:386.57ms
step:813/1670 train_time:314282ms step_avg:386.57ms
step:814/1670 train_time:314663ms step_avg:386.56ms
step:815/1670 train_time:315046ms step_avg:386.56ms
step:816/1670 train_time:315429ms step_avg:386.56ms
step:817/1670 train_time:315813ms step_avg:386.55ms
step:818/1670 train_time:316196ms step_avg:386.55ms
step:819/1670 train_time:316577ms step_avg:386.54ms
step:820/1670 train_time:316961ms step_avg:386.54ms
step:821/1670 train_time:317345ms step_avg:386.54ms
step:822/1670 train_time:317728ms step_avg:386.53ms
step:823/1670 train_time:318113ms step_avg:386.53ms
step:824/1670 train_time:318494ms step_avg:386.52ms
step:825/1670 train_time:318883ms step_avg:386.52ms
step:826/1670 train_time:319266ms step_avg:386.52ms
step:827/1670 train_time:319651ms step_avg:386.52ms
step:828/1670 train_time:320033ms step_avg:386.51ms
step:829/1670 train_time:320422ms step_avg:386.52ms
step:830/1670 train_time:320806ms step_avg:386.51ms
step:831/1670 train_time:321191ms step_avg:386.51ms
step:832/1670 train_time:321577ms step_avg:386.51ms
step:833/1670 train_time:321961ms step_avg:386.51ms
step:834/1670 train_time:322344ms step_avg:386.50ms
step:835/1670 train_time:322726ms step_avg:386.50ms
step:836/1670 train_time:323110ms step_avg:386.49ms
step:837/1670 train_time:323497ms step_avg:386.50ms
step:838/1670 train_time:323883ms step_avg:386.49ms
step:839/1670 train_time:324268ms step_avg:386.49ms
step:840/1670 train_time:324647ms step_avg:386.49ms
step:841/1670 train_time:325035ms step_avg:386.49ms
step:842/1670 train_time:325417ms step_avg:386.48ms
step:843/1670 train_time:325797ms step_avg:386.47ms
step:844/1670 train_time:326182ms step_avg:386.47ms
step:845/1670 train_time:326569ms step_avg:386.47ms
step:846/1670 train_time:326955ms step_avg:386.47ms
step:847/1670 train_time:327335ms step_avg:386.46ms
step:848/1670 train_time:327722ms step_avg:386.46ms
step:849/1670 train_time:328112ms step_avg:386.47ms
step:850/1670 train_time:328498ms step_avg:386.47ms
step:851/1670 train_time:328882ms step_avg:386.47ms
step:852/1670 train_time:329268ms step_avg:386.46ms
step:853/1670 train_time:329652ms step_avg:386.46ms
step:854/1670 train_time:330036ms step_avg:386.46ms
step:855/1670 train_time:330421ms step_avg:386.46ms
step:856/1670 train_time:330800ms step_avg:386.45ms
step:857/1670 train_time:331187ms step_avg:386.45ms
step:858/1670 train_time:331574ms step_avg:386.45ms
step:859/1670 train_time:331961ms step_avg:386.45ms
step:860/1670 train_time:332344ms step_avg:386.45ms
step:861/1670 train_time:332731ms step_avg:386.45ms
step:862/1670 train_time:333117ms step_avg:386.45ms
step:863/1670 train_time:333502ms step_avg:386.45ms
step:864/1670 train_time:333885ms step_avg:386.44ms
step:865/1670 train_time:334272ms step_avg:386.44ms
step:866/1670 train_time:334654ms step_avg:386.44ms
step:867/1670 train_time:335040ms step_avg:386.44ms
step:868/1670 train_time:335422ms step_avg:386.43ms
step:869/1670 train_time:335805ms step_avg:386.43ms
step:870/1670 train_time:336192ms step_avg:386.43ms
step:871/1670 train_time:336572ms step_avg:386.42ms
step:872/1670 train_time:336953ms step_avg:386.41ms
step:873/1670 train_time:337336ms step_avg:386.41ms
step:874/1670 train_time:337716ms step_avg:386.40ms
step:875/1670 train_time:338103ms step_avg:386.40ms
step:875/1670 val_loss:3.5168 train_time:338394ms step_avg:386.74ms
step:876/1670 train_time:338652ms step_avg:386.59ms
step:877/1670 train_time:338997ms step_avg:386.54ms
step:878/1670 train_time:339378ms step_avg:386.54ms
step:879/1670 train_time:339764ms step_avg:386.54ms
step:880/1670 train_time:340150ms step_avg:386.53ms
step:881/1670 train_time:340531ms step_avg:386.53ms
step:882/1670 train_time:340915ms step_avg:386.52ms
step:883/1670 train_time:341295ms step_avg:386.52ms
step:884/1670 train_time:341683ms step_avg:386.52ms
step:885/1670 train_time:342065ms step_avg:386.51ms
step:886/1670 train_time:342447ms step_avg:386.51ms
step:887/1670 train_time:342832ms step_avg:386.51ms
step:888/1670 train_time:343216ms step_avg:386.50ms
step:889/1670 train_time:343603ms step_avg:386.51ms
step:890/1670 train_time:343987ms step_avg:386.50ms
step:891/1670 train_time:344373ms step_avg:386.50ms
step:892/1670 train_time:344757ms step_avg:386.50ms
step:893/1670 train_time:345137ms step_avg:386.49ms
step:894/1670 train_time:345529ms step_avg:386.50ms
step:895/1670 train_time:345913ms step_avg:386.49ms
step:896/1670 train_time:346296ms step_avg:386.49ms
step:897/1670 train_time:346685ms step_avg:386.49ms
step:898/1670 train_time:347069ms step_avg:386.49ms
step:899/1670 train_time:347452ms step_avg:386.49ms
step:900/1670 train_time:347837ms step_avg:386.49ms
step:901/1670 train_time:348220ms step_avg:386.48ms
step:902/1670 train_time:348622ms step_avg:386.50ms
step:903/1670 train_time:348991ms step_avg:386.48ms
step:904/1670 train_time:349375ms step_avg:386.48ms
step:905/1670 train_time:349774ms step_avg:386.49ms
step:906/1670 train_time:350144ms step_avg:386.47ms
step:907/1670 train_time:350530ms step_avg:386.47ms
step:908/1670 train_time:350915ms step_avg:386.47ms
step:909/1670 train_time:351298ms step_avg:386.47ms
step:910/1670 train_time:351681ms step_avg:386.46ms
step:911/1670 train_time:352064ms step_avg:386.46ms
step:912/1670 train_time:352451ms step_avg:386.46ms
step:913/1670 train_time:352834ms step_avg:386.46ms
step:914/1670 train_time:353223ms step_avg:386.46ms
step:915/1670 train_time:353604ms step_avg:386.45ms
step:916/1670 train_time:353987ms step_avg:386.45ms
step:917/1670 train_time:354370ms step_avg:386.45ms
step:918/1670 train_time:354753ms step_avg:386.44ms
step:919/1670 train_time:355134ms step_avg:386.44ms
step:920/1670 train_time:355518ms step_avg:386.43ms
step:921/1670 train_time:355905ms step_avg:386.43ms
step:922/1670 train_time:356288ms step_avg:386.43ms
step:923/1670 train_time:356672ms step_avg:386.43ms
step:924/1670 train_time:357056ms step_avg:386.42ms
step:925/1670 train_time:357440ms step_avg:386.42ms
step:926/1670 train_time:357821ms step_avg:386.42ms
step:927/1670 train_time:358204ms step_avg:386.41ms
step:928/1670 train_time:358586ms step_avg:386.41ms
step:929/1670 train_time:358969ms step_avg:386.40ms
step:930/1670 train_time:359354ms step_avg:386.40ms
step:931/1670 train_time:359741ms step_avg:386.40ms
step:932/1670 train_time:360123ms step_avg:386.40ms
step:933/1670 train_time:360508ms step_avg:386.40ms
step:934/1670 train_time:360896ms step_avg:386.40ms
step:935/1670 train_time:361281ms step_avg:386.40ms
step:936/1670 train_time:361666ms step_avg:386.40ms
step:937/1670 train_time:362056ms step_avg:386.40ms
step:938/1670 train_time:362442ms step_avg:386.40ms
step:939/1670 train_time:362827ms step_avg:386.40ms
step:940/1670 train_time:363208ms step_avg:386.39ms
step:941/1670 train_time:363593ms step_avg:386.39ms
step:942/1670 train_time:363975ms step_avg:386.39ms
step:943/1670 train_time:364358ms step_avg:386.38ms
step:944/1670 train_time:364743ms step_avg:386.38ms
step:945/1670 train_time:365126ms step_avg:386.38ms
step:946/1670 train_time:365514ms step_avg:386.38ms
step:947/1670 train_time:365894ms step_avg:386.37ms
step:948/1670 train_time:366280ms step_avg:386.37ms
step:949/1670 train_time:366662ms step_avg:386.37ms
step:950/1670 train_time:367046ms step_avg:386.36ms
step:951/1670 train_time:367432ms step_avg:386.36ms
step:952/1670 train_time:367814ms step_avg:386.36ms
step:953/1670 train_time:368199ms step_avg:386.36ms
step:954/1670 train_time:368586ms step_avg:386.36ms
step:955/1670 train_time:368969ms step_avg:386.35ms
step:956/1670 train_time:369355ms step_avg:386.35ms
step:957/1670 train_time:369741ms step_avg:386.35ms
step:958/1670 train_time:370126ms step_avg:386.35ms
step:959/1670 train_time:370510ms step_avg:386.35ms
step:960/1670 train_time:370892ms step_avg:386.35ms
step:961/1670 train_time:371279ms step_avg:386.35ms
step:962/1670 train_time:371666ms step_avg:386.35ms
step:963/1670 train_time:372052ms step_avg:386.35ms
step:964/1670 train_time:372443ms step_avg:386.35ms
step:965/1670 train_time:372831ms step_avg:386.35ms
step:966/1670 train_time:373218ms step_avg:386.35ms
step:967/1670 train_time:373598ms step_avg:386.35ms
step:968/1670 train_time:373981ms step_avg:386.34ms
step:969/1670 train_time:374362ms step_avg:386.34ms
step:970/1670 train_time:374751ms step_avg:386.34ms
step:971/1670 train_time:375135ms step_avg:386.34ms
step:972/1670 train_time:375517ms step_avg:386.33ms
step:973/1670 train_time:375903ms step_avg:386.33ms
step:974/1670 train_time:376287ms step_avg:386.33ms
step:975/1670 train_time:376674ms step_avg:386.33ms
step:976/1670 train_time:377057ms step_avg:386.33ms
step:977/1670 train_time:377443ms step_avg:386.33ms
step:978/1670 train_time:377833ms step_avg:386.33ms
step:979/1670 train_time:378217ms step_avg:386.33ms
step:980/1670 train_time:378599ms step_avg:386.33ms
step:981/1670 train_time:378981ms step_avg:386.32ms
step:982/1670 train_time:379366ms step_avg:386.32ms
step:983/1670 train_time:379758ms step_avg:386.33ms
step:984/1670 train_time:380143ms step_avg:386.32ms
step:985/1670 train_time:380530ms step_avg:386.33ms
step:986/1670 train_time:380916ms step_avg:386.32ms
step:987/1670 train_time:381297ms step_avg:386.32ms
step:988/1670 train_time:381683ms step_avg:386.32ms
step:989/1670 train_time:382068ms step_avg:386.32ms
step:990/1670 train_time:382449ms step_avg:386.31ms
step:991/1670 train_time:382831ms step_avg:386.31ms
step:992/1670 train_time:383215ms step_avg:386.31ms
step:993/1670 train_time:383599ms step_avg:386.30ms
step:994/1670 train_time:383984ms step_avg:386.30ms
step:995/1670 train_time:384368ms step_avg:386.30ms
step:996/1670 train_time:384752ms step_avg:386.30ms
step:997/1670 train_time:385139ms step_avg:386.30ms
step:998/1670 train_time:385525ms step_avg:386.30ms
step:999/1670 train_time:385912ms step_avg:386.30ms
step:1000/1670 train_time:386290ms step_avg:386.29ms
step:1000/1670 val_loss:3.4646 train_time:386580ms step_avg:386.58ms
step:1001/1670 train_time:386879ms step_avg:386.49ms
step:1002/1670 train_time:387208ms step_avg:386.43ms
step:1003/1670 train_time:387590ms step_avg:386.43ms
step:1004/1670 train_time:387975ms step_avg:386.43ms
step:1005/1670 train_time:388360ms step_avg:386.43ms
step:1006/1670 train_time:388744ms step_avg:386.43ms
step:1007/1670 train_time:389133ms step_avg:386.43ms
step:1008/1670 train_time:389518ms step_avg:386.43ms
step:1009/1670 train_time:389902ms step_avg:386.42ms
step:1010/1670 train_time:390287ms step_avg:386.42ms
step:1011/1670 train_time:390672ms step_avg:386.42ms
step:1012/1670 train_time:391057ms step_avg:386.42ms
step:1013/1670 train_time:391441ms step_avg:386.42ms
step:1014/1670 train_time:391821ms step_avg:386.41ms
step:1015/1670 train_time:392206ms step_avg:386.41ms
step:1016/1670 train_time:392592ms step_avg:386.41ms
step:1017/1670 train_time:392975ms step_avg:386.41ms
step:1018/1670 train_time:393365ms step_avg:386.41ms
step:1019/1670 train_time:393747ms step_avg:386.41ms
step:1020/1670 train_time:394130ms step_avg:386.40ms
step:1021/1670 train_time:394512ms step_avg:386.40ms
step:1022/1670 train_time:394899ms step_avg:386.40ms
step:1023/1670 train_time:395291ms step_avg:386.40ms
step:1024/1670 train_time:395671ms step_avg:386.40ms
step:1025/1670 train_time:396059ms step_avg:386.40ms
step:1026/1670 train_time:396445ms step_avg:386.40ms
step:1027/1670 train_time:396828ms step_avg:386.40ms
step:1028/1670 train_time:397210ms step_avg:386.39ms
step:1029/1670 train_time:397599ms step_avg:386.39ms
step:1030/1670 train_time:397985ms step_avg:386.39ms
step:1031/1670 train_time:398370ms step_avg:386.39ms
step:1032/1670 train_time:398754ms step_avg:386.39ms
step:1033/1670 train_time:399135ms step_avg:386.38ms
step:1034/1670 train_time:399524ms step_avg:386.39ms
step:1035/1670 train_time:399906ms step_avg:386.38ms
step:1036/1670 train_time:400292ms step_avg:386.38ms
step:1037/1670 train_time:400682ms step_avg:386.39ms
step:1038/1670 train_time:401064ms step_avg:386.38ms
step:1039/1670 train_time:401447ms step_avg:386.38ms
step:1040/1670 train_time:401829ms step_avg:386.37ms
step:1041/1670 train_time:402213ms step_avg:386.37ms
step:1042/1670 train_time:402602ms step_avg:386.37ms
step:1043/1670 train_time:402985ms step_avg:386.37ms
step:1044/1670 train_time:403374ms step_avg:386.37ms
step:1045/1670 train_time:403762ms step_avg:386.38ms
step:1046/1670 train_time:404153ms step_avg:386.38ms
step:1047/1670 train_time:404537ms step_avg:386.38ms
step:1048/1670 train_time:404921ms step_avg:386.38ms
step:1049/1670 train_time:405324ms step_avg:386.39ms
step:1050/1670 train_time:405712ms step_avg:386.39ms
step:1051/1670 train_time:406080ms step_avg:386.37ms
step:1052/1670 train_time:406482ms step_avg:386.39ms
step:1053/1670 train_time:406868ms step_avg:386.39ms
step:1054/1670 train_time:407238ms step_avg:386.37ms
step:1055/1670 train_time:407625ms step_avg:386.37ms
step:1056/1670 train_time:408028ms step_avg:386.39ms
step:1057/1670 train_time:408411ms step_avg:386.39ms
step:1058/1670 train_time:408776ms step_avg:386.37ms
step:1059/1670 train_time:409161ms step_avg:386.37ms
step:1060/1670 train_time:409544ms step_avg:386.36ms
step:1061/1670 train_time:409929ms step_avg:386.36ms
step:1062/1670 train_time:410311ms step_avg:386.36ms
step:1063/1670 train_time:410698ms step_avg:386.36ms
step:1064/1670 train_time:411081ms step_avg:386.35ms
step:1065/1670 train_time:411467ms step_avg:386.35ms
step:1066/1670 train_time:411857ms step_avg:386.36ms
step:1067/1670 train_time:412235ms step_avg:386.35ms
step:1068/1670 train_time:412618ms step_avg:386.35ms
step:1069/1670 train_time:413006ms step_avg:386.35ms
step:1070/1670 train_time:413391ms step_avg:386.35ms
step:1071/1670 train_time:413777ms step_avg:386.35ms
step:1072/1670 train_time:414158ms step_avg:386.34ms
step:1073/1670 train_time:414548ms step_avg:386.34ms
step:1074/1670 train_time:414931ms step_avg:386.34ms
step:1075/1670 train_time:415315ms step_avg:386.34ms
step:1076/1670 train_time:415698ms step_avg:386.34ms
step:1077/1670 train_time:416082ms step_avg:386.33ms
step:1078/1670 train_time:416467ms step_avg:386.33ms
step:1079/1670 train_time:416848ms step_avg:386.33ms
step:1080/1670 train_time:417235ms step_avg:386.33ms
step:1081/1670 train_time:417620ms step_avg:386.33ms
step:1082/1670 train_time:418008ms step_avg:386.33ms
step:1083/1670 train_time:418391ms step_avg:386.33ms
step:1084/1670 train_time:418771ms step_avg:386.32ms
step:1085/1670 train_time:419152ms step_avg:386.31ms
step:1086/1670 train_time:419535ms step_avg:386.31ms
step:1087/1670 train_time:419919ms step_avg:386.31ms
step:1088/1670 train_time:420304ms step_avg:386.31ms
step:1089/1670 train_time:420695ms step_avg:386.31ms
step:1090/1670 train_time:421078ms step_avg:386.31ms
step:1091/1670 train_time:421463ms step_avg:386.31ms
step:1092/1670 train_time:421848ms step_avg:386.31ms
step:1093/1670 train_time:422234ms step_avg:386.31ms
step:1094/1670 train_time:422622ms step_avg:386.31ms
step:1095/1670 train_time:423006ms step_avg:386.31ms
step:1096/1670 train_time:423397ms step_avg:386.31ms
step:1097/1670 train_time:423776ms step_avg:386.30ms
step:1098/1670 train_time:424165ms step_avg:386.31ms
step:1099/1670 train_time:424549ms step_avg:386.30ms
step:1100/1670 train_time:424933ms step_avg:386.30ms
step:1101/1670 train_time:425318ms step_avg:386.30ms
step:1102/1670 train_time:425700ms step_avg:386.30ms
step:1103/1670 train_time:426085ms step_avg:386.30ms
step:1104/1670 train_time:426472ms step_avg:386.30ms
step:1105/1670 train_time:426858ms step_avg:386.30ms
step:1106/1670 train_time:427242ms step_avg:386.29ms
step:1107/1670 train_time:427633ms step_avg:386.30ms
step:1108/1670 train_time:428014ms step_avg:386.29ms
step:1109/1670 train_time:428397ms step_avg:386.29ms
step:1110/1670 train_time:428779ms step_avg:386.29ms
step:1111/1670 train_time:429164ms step_avg:386.29ms
step:1112/1670 train_time:429550ms step_avg:386.29ms
step:1113/1670 train_time:429932ms step_avg:386.28ms
step:1114/1670 train_time:430319ms step_avg:386.28ms
step:1115/1670 train_time:430700ms step_avg:386.28ms
step:1116/1670 train_time:431082ms step_avg:386.27ms
step:1117/1670 train_time:431466ms step_avg:386.27ms
step:1118/1670 train_time:431853ms step_avg:386.27ms
step:1119/1670 train_time:432238ms step_avg:386.27ms
step:1120/1670 train_time:432625ms step_avg:386.27ms
step:1121/1670 train_time:433009ms step_avg:386.27ms
step:1122/1670 train_time:433390ms step_avg:386.27ms
step:1123/1670 train_time:433775ms step_avg:386.26ms
step:1124/1670 train_time:434155ms step_avg:386.26ms
step:1125/1670 train_time:434539ms step_avg:386.26ms
step:1125/1670 val_loss:3.4119 train_time:434831ms step_avg:386.52ms
step:1126/1670 train_time:435086ms step_avg:386.40ms
step:1127/1670 train_time:435428ms step_avg:386.36ms
step:1128/1670 train_time:435812ms step_avg:386.36ms
step:1129/1670 train_time:436199ms step_avg:386.36ms
step:1130/1670 train_time:436584ms step_avg:386.36ms
step:1131/1670 train_time:436973ms step_avg:386.36ms
step:1132/1670 train_time:437355ms step_avg:386.36ms
step:1133/1670 train_time:437739ms step_avg:386.35ms
step:1134/1670 train_time:438122ms step_avg:386.35ms
step:1135/1670 train_time:438507ms step_avg:386.35ms
step:1136/1670 train_time:438892ms step_avg:386.35ms
step:1137/1670 train_time:439279ms step_avg:386.35ms
step:1138/1670 train_time:439663ms step_avg:386.35ms
step:1139/1670 train_time:440045ms step_avg:386.34ms
step:1140/1670 train_time:440428ms step_avg:386.34ms
step:1141/1670 train_time:440815ms step_avg:386.34ms
step:1142/1670 train_time:441199ms step_avg:386.34ms
step:1143/1670 train_time:441582ms step_avg:386.34ms
step:1144/1670 train_time:441965ms step_avg:386.33ms
step:1145/1670 train_time:442353ms step_avg:386.33ms
step:1146/1670 train_time:442741ms step_avg:386.34ms
step:1147/1670 train_time:443124ms step_avg:386.33ms
step:1148/1670 train_time:443514ms step_avg:386.34ms
step:1149/1670 train_time:443900ms step_avg:386.34ms
step:1150/1670 train_time:444283ms step_avg:386.33ms
step:1151/1670 train_time:444674ms step_avg:386.34ms
step:1152/1670 train_time:445058ms step_avg:386.34ms
step:1153/1670 train_time:445446ms step_avg:386.34ms
step:1154/1670 train_time:445826ms step_avg:386.33ms
step:1155/1670 train_time:446211ms step_avg:386.33ms
step:1156/1670 train_time:446590ms step_avg:386.32ms
step:1157/1670 train_time:446974ms step_avg:386.32ms
step:1158/1670 train_time:447358ms step_avg:386.32ms
step:1159/1670 train_time:447741ms step_avg:386.32ms
step:1160/1670 train_time:448130ms step_avg:386.32ms
step:1161/1670 train_time:448517ms step_avg:386.32ms
step:1162/1670 train_time:448902ms step_avg:386.32ms
step:1163/1670 train_time:449284ms step_avg:386.31ms
step:1164/1670 train_time:449672ms step_avg:386.32ms
step:1165/1670 train_time:450059ms step_avg:386.32ms
step:1166/1670 train_time:450441ms step_avg:386.31ms
step:1167/1670 train_time:450830ms step_avg:386.32ms
step:1168/1670 train_time:451210ms step_avg:386.31ms
step:1169/1670 train_time:451594ms step_avg:386.31ms
step:1170/1670 train_time:451976ms step_avg:386.30ms
step:1171/1670 train_time:452361ms step_avg:386.30ms
step:1172/1670 train_time:452747ms step_avg:386.30ms
step:1173/1670 train_time:453129ms step_avg:386.30ms
step:1174/1670 train_time:453512ms step_avg:386.30ms
step:1175/1670 train_time:453901ms step_avg:386.30ms
step:1176/1670 train_time:454285ms step_avg:386.30ms
step:1177/1670 train_time:454670ms step_avg:386.30ms
step:1178/1670 train_time:455057ms step_avg:386.30ms
step:1179/1670 train_time:455444ms step_avg:386.30ms
step:1180/1670 train_time:455829ms step_avg:386.30ms
step:1181/1670 train_time:456213ms step_avg:386.29ms
step:1182/1670 train_time:456594ms step_avg:386.29ms
step:1183/1670 train_time:456979ms step_avg:386.29ms
step:1184/1670 train_time:457361ms step_avg:386.28ms
step:1185/1670 train_time:457748ms step_avg:386.29ms
step:1186/1670 train_time:458130ms step_avg:386.28ms
step:1187/1670 train_time:458514ms step_avg:386.28ms
step:1188/1670 train_time:458901ms step_avg:386.28ms
step:1189/1670 train_time:459287ms step_avg:386.28ms
step:1190/1670 train_time:459670ms step_avg:386.28ms
step:1191/1670 train_time:460058ms step_avg:386.28ms
step:1192/1670 train_time:460441ms step_avg:386.28ms
step:1193/1670 train_time:460829ms step_avg:386.28ms
step:1194/1670 train_time:461213ms step_avg:386.28ms
step:1195/1670 train_time:461595ms step_avg:386.27ms
step:1196/1670 train_time:461980ms step_avg:386.27ms
step:1197/1670 train_time:462364ms step_avg:386.27ms
step:1198/1670 train_time:462749ms step_avg:386.27ms
step:1199/1670 train_time:463135ms step_avg:386.27ms
step:1200/1670 train_time:463517ms step_avg:386.26ms
step:1201/1670 train_time:463902ms step_avg:386.26ms
step:1202/1670 train_time:464290ms step_avg:386.26ms
step:1203/1670 train_time:464671ms step_avg:386.26ms
step:1204/1670 train_time:465056ms step_avg:386.26ms
step:1205/1670 train_time:465440ms step_avg:386.26ms
step:1206/1670 train_time:465824ms step_avg:386.26ms
step:1207/1670 train_time:466206ms step_avg:386.25ms
step:1208/1670 train_time:466591ms step_avg:386.25ms
step:1209/1670 train_time:466976ms step_avg:386.25ms
step:1210/1670 train_time:467359ms step_avg:386.25ms
step:1211/1670 train_time:467745ms step_avg:386.25ms
step:1212/1670 train_time:468147ms step_avg:386.26ms
step:1213/1670 train_time:468533ms step_avg:386.26ms
step:1214/1670 train_time:468898ms step_avg:386.24ms
step:1215/1670 train_time:469278ms step_avg:386.24ms
step:1216/1670 train_time:469660ms step_avg:386.23ms
step:1217/1670 train_time:470044ms step_avg:386.23ms
step:1218/1670 train_time:470433ms step_avg:386.23ms
step:1219/1670 train_time:470820ms step_avg:386.23ms
step:1220/1670 train_time:471209ms step_avg:386.24ms
step:1221/1670 train_time:471589ms step_avg:386.23ms
step:1222/1670 train_time:471972ms step_avg:386.23ms
step:1223/1670 train_time:472364ms step_avg:386.23ms
step:1224/1670 train_time:472745ms step_avg:386.23ms
step:1225/1670 train_time:473130ms step_avg:386.23ms
step:1226/1670 train_time:473514ms step_avg:386.23ms
step:1227/1670 train_time:473899ms step_avg:386.23ms
step:1228/1670 train_time:474285ms step_avg:386.23ms
step:1229/1670 train_time:474669ms step_avg:386.22ms
step:1230/1670 train_time:475053ms step_avg:386.22ms
step:1231/1670 train_time:475433ms step_avg:386.22ms
step:1232/1670 train_time:475819ms step_avg:386.22ms
step:1233/1670 train_time:476203ms step_avg:386.21ms
step:1234/1670 train_time:476588ms step_avg:386.21ms
step:1235/1670 train_time:476972ms step_avg:386.21ms
step:1236/1670 train_time:477357ms step_avg:386.21ms
step:1237/1670 train_time:477741ms step_avg:386.21ms
step:1238/1670 train_time:478124ms step_avg:386.21ms
step:1239/1670 train_time:478507ms step_avg:386.20ms
step:1240/1670 train_time:478891ms step_avg:386.20ms
step:1241/1670 train_time:479279ms step_avg:386.20ms
step:1242/1670 train_time:479664ms step_avg:386.20ms
step:1243/1670 train_time:480047ms step_avg:386.20ms
step:1244/1670 train_time:480436ms step_avg:386.20ms
step:1245/1670 train_time:480823ms step_avg:386.20ms
step:1246/1670 train_time:481207ms step_avg:386.20ms
step:1247/1670 train_time:481589ms step_avg:386.20ms
step:1248/1670 train_time:481972ms step_avg:386.20ms
step:1249/1670 train_time:482357ms step_avg:386.19ms
step:1250/1670 train_time:482740ms step_avg:386.19ms
step:1250/1670 val_loss:3.3730 train_time:483033ms step_avg:386.43ms
step:1251/1670 train_time:483279ms step_avg:386.31ms
step:1252/1670 train_time:483620ms step_avg:386.28ms
step:1253/1670 train_time:484007ms step_avg:386.28ms
step:1254/1670 train_time:484392ms step_avg:386.28ms
step:1255/1670 train_time:484776ms step_avg:386.28ms
step:1256/1670 train_time:485161ms step_avg:386.27ms
step:1257/1670 train_time:485549ms step_avg:386.28ms
step:1258/1670 train_time:485931ms step_avg:386.27ms
step:1259/1670 train_time:486317ms step_avg:386.27ms
step:1260/1670 train_time:486705ms step_avg:386.27ms
step:1261/1670 train_time:487090ms step_avg:386.27ms
step:1262/1670 train_time:487478ms step_avg:386.27ms
step:1263/1670 train_time:487863ms step_avg:386.27ms
step:1264/1670 train_time:488244ms step_avg:386.27ms
step:1265/1670 train_time:488626ms step_avg:386.27ms
step:1266/1670 train_time:489013ms step_avg:386.27ms
step:1267/1670 train_time:489398ms step_avg:386.27ms
step:1268/1670 train_time:489787ms step_avg:386.27ms
step:1269/1670 train_time:490172ms step_avg:386.27ms
step:1270/1670 train_time:490557ms step_avg:386.27ms
step:1271/1670 train_time:490941ms step_avg:386.26ms
step:1272/1670 train_time:491328ms step_avg:386.26ms
step:1273/1670 train_time:491714ms step_avg:386.26ms
step:1274/1670 train_time:492096ms step_avg:386.26ms
step:1275/1670 train_time:492481ms step_avg:386.26ms
step:1276/1670 train_time:492863ms step_avg:386.26ms
step:1277/1670 train_time:493247ms step_avg:386.25ms
step:1278/1670 train_time:493628ms step_avg:386.25ms
step:1279/1670 train_time:494011ms step_avg:386.25ms
step:1280/1670 train_time:494399ms step_avg:386.25ms
step:1281/1670 train_time:494781ms step_avg:386.25ms
step:1282/1670 train_time:495171ms step_avg:386.25ms
step:1283/1670 train_time:495553ms step_avg:386.25ms
step:1284/1670 train_time:495939ms step_avg:386.25ms
step:1285/1670 train_time:496326ms step_avg:386.25ms
step:1286/1670 train_time:496714ms step_avg:386.25ms
step:1287/1670 train_time:497098ms step_avg:386.25ms
step:1288/1670 train_time:497485ms step_avg:386.25ms
step:1289/1670 train_time:497870ms step_avg:386.25ms
step:1290/1670 train_time:498256ms step_avg:386.25ms
step:1291/1670 train_time:498641ms step_avg:386.24ms
step:1292/1670 train_time:499026ms step_avg:386.24ms
step:1293/1670 train_time:499410ms step_avg:386.24ms
step:1294/1670 train_time:499795ms step_avg:386.24ms
step:1295/1670 train_time:500186ms step_avg:386.24ms
step:1296/1670 train_time:500567ms step_avg:386.24ms
step:1297/1670 train_time:500957ms step_avg:386.24ms
step:1298/1670 train_time:501352ms step_avg:386.25ms
step:1299/1670 train_time:501724ms step_avg:386.24ms
step:1300/1670 train_time:502107ms step_avg:386.24ms
step:1301/1670 train_time:502493ms step_avg:386.24ms
step:1302/1670 train_time:502878ms step_avg:386.23ms
step:1303/1670 train_time:503269ms step_avg:386.24ms
step:1304/1670 train_time:503655ms step_avg:386.24ms
step:1305/1670 train_time:504040ms step_avg:386.24ms
step:1306/1670 train_time:504421ms step_avg:386.23ms
step:1307/1670 train_time:504809ms step_avg:386.24ms
step:1308/1670 train_time:505198ms step_avg:386.24ms
step:1309/1670 train_time:505579ms step_avg:386.23ms
step:1310/1670 train_time:505964ms step_avg:386.23ms
step:1311/1670 train_time:506348ms step_avg:386.23ms
step:1312/1670 train_time:506736ms step_avg:386.23ms
step:1313/1670 train_time:507119ms step_avg:386.23ms
step:1314/1670 train_time:507512ms step_avg:386.23ms
step:1315/1670 train_time:507897ms step_avg:386.23ms
step:1316/1670 train_time:508280ms step_avg:386.23ms
step:1317/1670 train_time:508662ms step_avg:386.23ms
step:1318/1670 train_time:509044ms step_avg:386.22ms
step:1319/1670 train_time:509429ms step_avg:386.22ms
step:1320/1670 train_time:509815ms step_avg:386.22ms
step:1321/1670 train_time:510201ms step_avg:386.22ms
step:1322/1670 train_time:510589ms step_avg:386.22ms
step:1323/1670 train_time:510977ms step_avg:386.23ms
step:1324/1670 train_time:511361ms step_avg:386.22ms
step:1325/1670 train_time:511742ms step_avg:386.22ms
step:1326/1670 train_time:512129ms step_avg:386.22ms
step:1327/1670 train_time:512513ms step_avg:386.22ms
step:1328/1670 train_time:512897ms step_avg:386.22ms
step:1329/1670 train_time:513281ms step_avg:386.22ms
step:1330/1670 train_time:513662ms step_avg:386.21ms
step:1331/1670 train_time:514045ms step_avg:386.21ms
step:1332/1670 train_time:514432ms step_avg:386.21ms
step:1333/1670 train_time:514816ms step_avg:386.21ms
step:1334/1670 train_time:515203ms step_avg:386.21ms
step:1335/1670 train_time:515590ms step_avg:386.21ms
step:1336/1670 train_time:515974ms step_avg:386.21ms
step:1337/1670 train_time:516361ms step_avg:386.21ms
step:1338/1670 train_time:516747ms step_avg:386.21ms
step:1339/1670 train_time:517136ms step_avg:386.21ms
step:1340/1670 train_time:517520ms step_avg:386.21ms
step:1341/1670 train_time:517909ms step_avg:386.21ms
step:1342/1670 train_time:518297ms step_avg:386.21ms
step:1343/1670 train_time:518679ms step_avg:386.21ms
step:1344/1670 train_time:519072ms step_avg:386.21ms
step:1345/1670 train_time:519451ms step_avg:386.21ms
step:1346/1670 train_time:519834ms step_avg:386.21ms
step:1347/1670 train_time:520222ms step_avg:386.21ms
step:1348/1670 train_time:520608ms step_avg:386.21ms
step:1349/1670 train_time:520992ms step_avg:386.21ms
step:1350/1670 train_time:521377ms step_avg:386.21ms
step:1351/1670 train_time:521755ms step_avg:386.20ms
step:1352/1670 train_time:522142ms step_avg:386.20ms
step:1353/1670 train_time:522529ms step_avg:386.20ms
step:1354/1670 train_time:522917ms step_avg:386.20ms
step:1355/1670 train_time:523302ms step_avg:386.20ms
step:1356/1670 train_time:523692ms step_avg:386.20ms
step:1357/1670 train_time:524082ms step_avg:386.21ms
step:1358/1670 train_time:524456ms step_avg:386.20ms
step:1359/1670 train_time:524840ms step_avg:386.20ms
step:1360/1670 train_time:525227ms step_avg:386.20ms
step:1361/1670 train_time:525613ms step_avg:386.20ms
step:1362/1670 train_time:525997ms step_avg:386.19ms
step:1363/1670 train_time:526385ms step_avg:386.20ms
step:1364/1670 train_time:526765ms step_avg:386.19ms
step:1365/1670 train_time:527151ms step_avg:386.19ms
step:1366/1670 train_time:527538ms step_avg:386.19ms
step:1367/1670 train_time:527924ms step_avg:386.19ms
step:1368/1670 train_time:528308ms step_avg:386.19ms
step:1369/1670 train_time:528696ms step_avg:386.19ms
step:1370/1670 train_time:529080ms step_avg:386.19ms
step:1371/1670 train_time:529464ms step_avg:386.19ms
step:1372/1670 train_time:529848ms step_avg:386.19ms
step:1373/1670 train_time:530231ms step_avg:386.18ms
step:1374/1670 train_time:530618ms step_avg:386.19ms
step:1375/1670 train_time:531001ms step_avg:386.18ms
step:1375/1670 val_loss:3.3381 train_time:531295ms step_avg:386.40ms
step:1376/1670 train_time:531552ms step_avg:386.30ms
step:1377/1670 train_time:531897ms step_avg:386.27ms
step:1378/1670 train_time:532281ms step_avg:386.27ms
step:1379/1670 train_time:532666ms step_avg:386.27ms
step:1380/1670 train_time:533056ms step_avg:386.27ms
step:1381/1670 train_time:533443ms step_avg:386.27ms
step:1382/1670 train_time:533826ms step_avg:386.27ms
step:1383/1670 train_time:534210ms step_avg:386.27ms
step:1384/1670 train_time:534595ms step_avg:386.27ms
step:1385/1670 train_time:534979ms step_avg:386.27ms
step:1386/1670 train_time:535366ms step_avg:386.27ms
step:1387/1670 train_time:535748ms step_avg:386.26ms
step:1388/1670 train_time:536136ms step_avg:386.27ms
step:1389/1670 train_time:536519ms step_avg:386.26ms
step:1390/1670 train_time:536906ms step_avg:386.26ms
step:1391/1670 train_time:537290ms step_avg:386.26ms
step:1392/1670 train_time:537675ms step_avg:386.26ms
step:1393/1670 train_time:538061ms step_avg:386.26ms
step:1394/1670 train_time:538447ms step_avg:386.26ms
step:1395/1670 train_time:538832ms step_avg:386.26ms
step:1396/1670 train_time:539216ms step_avg:386.26ms
step:1397/1670 train_time:539602ms step_avg:386.26ms
step:1398/1670 train_time:539983ms step_avg:386.25ms
step:1399/1670 train_time:540367ms step_avg:386.25ms
step:1400/1670 train_time:540748ms step_avg:386.25ms
step:1401/1670 train_time:541137ms step_avg:386.25ms
step:1402/1670 train_time:541524ms step_avg:386.25ms
step:1403/1670 train_time:541907ms step_avg:386.25ms
step:1404/1670 train_time:542294ms step_avg:386.25ms
step:1405/1670 train_time:542678ms step_avg:386.25ms
step:1406/1670 train_time:543062ms step_avg:386.25ms
step:1407/1670 train_time:543447ms step_avg:386.25ms
step:1408/1670 train_time:543833ms step_avg:386.25ms
step:1409/1670 train_time:544219ms step_avg:386.24ms
step:1410/1670 train_time:544603ms step_avg:386.24ms
step:1411/1670 train_time:544987ms step_avg:386.24ms
step:1412/1670 train_time:545374ms step_avg:386.24ms
step:1413/1670 train_time:545757ms step_avg:386.24ms
step:1414/1670 train_time:546143ms step_avg:386.24ms
step:1415/1670 train_time:546525ms step_avg:386.24ms
step:1416/1670 train_time:546909ms step_avg:386.24ms
step:1417/1670 train_time:547294ms step_avg:386.23ms
step:1418/1670 train_time:547677ms step_avg:386.23ms
step:1419/1670 train_time:548066ms step_avg:386.23ms
step:1420/1670 train_time:548450ms step_avg:386.23ms
step:1421/1670 train_time:548834ms step_avg:386.23ms
step:1422/1670 train_time:549218ms step_avg:386.23ms
step:1423/1670 train_time:549608ms step_avg:386.23ms
step:1424/1670 train_time:549997ms step_avg:386.23ms
step:1425/1670 train_time:550383ms step_avg:386.23ms
step:1426/1670 train_time:550773ms step_avg:386.24ms
step:1427/1670 train_time:551156ms step_avg:386.23ms
step:1428/1670 train_time:551545ms step_avg:386.24ms
step:1429/1670 train_time:551927ms step_avg:386.23ms
step:1430/1670 train_time:552318ms step_avg:386.24ms
step:1431/1670 train_time:552706ms step_avg:386.24ms
step:1432/1670 train_time:553090ms step_avg:386.24ms
step:1433/1670 train_time:553475ms step_avg:386.23ms
step:1434/1670 train_time:553858ms step_avg:386.23ms
step:1435/1670 train_time:554246ms step_avg:386.23ms
step:1436/1670 train_time:554633ms step_avg:386.23ms
step:1437/1670 train_time:555016ms step_avg:386.23ms
step:1438/1670 train_time:555400ms step_avg:386.23ms
step:1439/1670 train_time:555787ms step_avg:386.23ms
step:1440/1670 train_time:556171ms step_avg:386.23ms
step:1441/1670 train_time:556555ms step_avg:386.23ms
step:1442/1670 train_time:556939ms step_avg:386.23ms
step:1443/1670 train_time:557322ms step_avg:386.22ms
step:1444/1670 train_time:557709ms step_avg:386.23ms
step:1445/1670 train_time:558100ms step_avg:386.23ms
step:1446/1670 train_time:558486ms step_avg:386.23ms
step:1447/1670 train_time:558870ms step_avg:386.23ms
step:1448/1670 train_time:559256ms step_avg:386.23ms
step:1449/1670 train_time:559644ms step_avg:386.23ms
step:1450/1670 train_time:560031ms step_avg:386.23ms
step:1451/1670 train_time:560417ms step_avg:386.23ms
step:1452/1670 train_time:560805ms step_avg:386.23ms
step:1453/1670 train_time:561190ms step_avg:386.23ms
step:1454/1670 train_time:561573ms step_avg:386.23ms
step:1455/1670 train_time:561956ms step_avg:386.22ms
step:1456/1670 train_time:562347ms step_avg:386.23ms
step:1457/1670 train_time:562737ms step_avg:386.23ms
step:1458/1670 train_time:563120ms step_avg:386.23ms
step:1459/1670 train_time:563506ms step_avg:386.23ms
step:1460/1670 train_time:563892ms step_avg:386.23ms
step:1461/1670 train_time:564277ms step_avg:386.23ms
step:1462/1670 train_time:564661ms step_avg:386.22ms
step:1463/1670 train_time:565046ms step_avg:386.22ms
step:1464/1670 train_time:565434ms step_avg:386.23ms
step:1465/1670 train_time:565819ms step_avg:386.22ms
step:1466/1670 train_time:566208ms step_avg:386.23ms
step:1467/1670 train_time:566595ms step_avg:386.23ms
step:1468/1670 train_time:566984ms step_avg:386.23ms
step:1469/1670 train_time:567374ms step_avg:386.23ms
step:1470/1670 train_time:567764ms step_avg:386.23ms
step:1471/1670 train_time:568148ms step_avg:386.23ms
step:1472/1670 train_time:568535ms step_avg:386.23ms
step:1473/1670 train_time:568920ms step_avg:386.23ms
step:1474/1670 train_time:569309ms step_avg:386.23ms
step:1475/1670 train_time:569697ms step_avg:386.24ms
step:1476/1670 train_time:570083ms step_avg:386.23ms
step:1477/1670 train_time:570470ms step_avg:386.24ms
step:1478/1670 train_time:570856ms step_avg:386.24ms
step:1479/1670 train_time:571246ms step_avg:386.24ms
step:1480/1670 train_time:571633ms step_avg:386.24ms
step:1481/1670 train_time:572020ms step_avg:386.24ms
step:1482/1670 train_time:572407ms step_avg:386.24ms
step:1483/1670 train_time:572796ms step_avg:386.24ms
step:1484/1670 train_time:573181ms step_avg:386.24ms
step:1485/1670 train_time:573567ms step_avg:386.24ms
step:1486/1670 train_time:573953ms step_avg:386.24ms
step:1487/1670 train_time:574342ms step_avg:386.24ms
step:1488/1670 train_time:574731ms step_avg:386.24ms
step:1489/1670 train_time:575121ms step_avg:386.25ms
step:1490/1670 train_time:575505ms step_avg:386.24ms
step:1491/1670 train_time:575891ms step_avg:386.24ms
step:1492/1670 train_time:576279ms step_avg:386.25ms
step:1493/1670 train_time:576669ms step_avg:386.25ms
step:1494/1670 train_time:577054ms step_avg:386.25ms
step:1495/1670 train_time:577444ms step_avg:386.25ms
step:1496/1670 train_time:577830ms step_avg:386.25ms
step:1497/1670 train_time:578214ms step_avg:386.25ms
step:1498/1670 train_time:578600ms step_avg:386.25ms
step:1499/1670 train_time:578987ms step_avg:386.25ms
step:1500/1670 train_time:579374ms step_avg:386.25ms
step:1500/1670 val_loss:3.3072 train_time:579666ms step_avg:386.44ms
step:1501/1670 train_time:579918ms step_avg:386.35ms
step:1502/1670 train_time:580292ms step_avg:386.35ms
step:1503/1670 train_time:580681ms step_avg:386.35ms
step:1504/1670 train_time:581071ms step_avg:386.35ms
step:1505/1670 train_time:581460ms step_avg:386.35ms
step:1506/1670 train_time:581846ms step_avg:386.35ms
step:1507/1670 train_time:582234ms step_avg:386.35ms
step:1508/1670 train_time:582617ms step_avg:386.35ms
step:1509/1670 train_time:583006ms step_avg:386.35ms
step:1510/1670 train_time:583391ms step_avg:386.35ms
step:1511/1670 train_time:583780ms step_avg:386.35ms
step:1512/1670 train_time:584163ms step_avg:386.35ms
step:1513/1670 train_time:584549ms step_avg:386.35ms
step:1514/1670 train_time:584932ms step_avg:386.35ms
step:1515/1670 train_time:585319ms step_avg:386.35ms
step:1516/1670 train_time:585707ms step_avg:386.35ms
step:1517/1670 train_time:586093ms step_avg:386.35ms
step:1518/1670 train_time:586477ms step_avg:386.35ms
step:1519/1670 train_time:586866ms step_avg:386.35ms
step:1520/1670 train_time:587257ms step_avg:386.35ms
step:1521/1670 train_time:587644ms step_avg:386.35ms
step:1522/1670 train_time:588028ms step_avg:386.35ms
step:1523/1670 train_time:588410ms step_avg:386.35ms
step:1524/1670 train_time:588800ms step_avg:386.35ms
step:1525/1670 train_time:589188ms step_avg:386.35ms
step:1526/1670 train_time:589572ms step_avg:386.35ms
step:1527/1670 train_time:589960ms step_avg:386.35ms
step:1528/1670 train_time:590344ms step_avg:386.35ms
step:1529/1670 train_time:590729ms step_avg:386.35ms
step:1530/1670 train_time:591118ms step_avg:386.35ms
step:1531/1670 train_time:591507ms step_avg:386.35ms
step:1532/1670 train_time:591892ms step_avg:386.35ms
step:1533/1670 train_time:592277ms step_avg:386.35ms
step:1534/1670 train_time:592662ms step_avg:386.35ms
step:1535/1670 train_time:593046ms step_avg:386.35ms
step:1536/1670 train_time:593431ms step_avg:386.35ms
step:1537/1670 train_time:593818ms step_avg:386.35ms
step:1538/1670 train_time:594204ms step_avg:386.35ms
step:1539/1670 train_time:594592ms step_avg:386.35ms
step:1540/1670 train_time:594980ms step_avg:386.35ms
step:1541/1670 train_time:595365ms step_avg:386.35ms
step:1542/1670 train_time:595753ms step_avg:386.35ms
step:1543/1670 train_time:596147ms step_avg:386.36ms
step:1544/1670 train_time:596530ms step_avg:386.35ms
step:1545/1670 train_time:596917ms step_avg:386.35ms
step:1546/1670 train_time:597303ms step_avg:386.35ms
step:1547/1670 train_time:597686ms step_avg:386.35ms
step:1548/1670 train_time:598075ms step_avg:386.35ms
step:1549/1670 train_time:598462ms step_avg:386.35ms
step:1550/1670 train_time:598851ms step_avg:386.36ms
step:1551/1670 train_time:599237ms step_avg:386.36ms
step:1552/1670 train_time:599625ms step_avg:386.36ms
step:1553/1670 train_time:600018ms step_avg:386.36ms
step:1554/1670 train_time:600401ms step_avg:386.36ms
step:1555/1670 train_time:600785ms step_avg:386.36ms
step:1556/1670 train_time:601171ms step_avg:386.36ms
step:1557/1670 train_time:601558ms step_avg:386.36ms
step:1558/1670 train_time:601948ms step_avg:386.36ms
step:1559/1670 train_time:602332ms step_avg:386.36ms
step:1560/1670 train_time:602717ms step_avg:386.36ms
step:1561/1670 train_time:603104ms step_avg:386.36ms
step:1562/1670 train_time:603492ms step_avg:386.36ms
step:1563/1670 train_time:603879ms step_avg:386.36ms
step:1564/1670 train_time:604266ms step_avg:386.36ms
step:1565/1670 train_time:604651ms step_avg:386.36ms
step:1566/1670 train_time:605041ms step_avg:386.36ms
step:1567/1670 train_time:605428ms step_avg:386.36ms
step:1568/1670 train_time:605813ms step_avg:386.36ms
step:1569/1670 train_time:606197ms step_avg:386.36ms
step:1570/1670 train_time:606586ms step_avg:386.36ms
step:1571/1670 train_time:606973ms step_avg:386.36ms
step:1572/1670 train_time:607363ms step_avg:386.36ms
step:1573/1670 train_time:607748ms step_avg:386.36ms
step:1574/1670 train_time:608136ms step_avg:386.36ms
step:1575/1670 train_time:608523ms step_avg:386.36ms
step:1576/1670 train_time:608910ms step_avg:386.36ms
step:1577/1670 train_time:609297ms step_avg:386.36ms
step:1578/1670 train_time:609684ms step_avg:386.36ms
step:1579/1670 train_time:610071ms step_avg:386.37ms
step:1580/1670 train_time:610458ms step_avg:386.37ms
step:1581/1670 train_time:610844ms step_avg:386.37ms
step:1582/1670 train_time:611232ms step_avg:386.37ms
step:1583/1670 train_time:611621ms step_avg:386.37ms
step:1584/1670 train_time:612007ms step_avg:386.37ms
step:1585/1670 train_time:612392ms step_avg:386.37ms
step:1586/1670 train_time:612778ms step_avg:386.37ms
step:1587/1670 train_time:613164ms step_avg:386.37ms
step:1588/1670 train_time:613549ms step_avg:386.37ms
step:1589/1670 train_time:613935ms step_avg:386.37ms
step:1590/1670 train_time:614318ms step_avg:386.36ms
step:1591/1670 train_time:614706ms step_avg:386.36ms
step:1592/1670 train_time:615092ms step_avg:386.36ms
step:1593/1670 train_time:615473ms step_avg:386.36ms
step:1594/1670 train_time:615864ms step_avg:386.36ms
step:1595/1670 train_time:616251ms step_avg:386.36ms
step:1596/1670 train_time:616644ms step_avg:386.37ms
step:1597/1670 train_time:617032ms step_avg:386.37ms
step:1598/1670 train_time:617417ms step_avg:386.37ms
step:1599/1670 train_time:617797ms step_avg:386.36ms
step:1600/1670 train_time:618187ms step_avg:386.37ms
step:1601/1670 train_time:618573ms step_avg:386.37ms
step:1602/1670 train_time:618957ms step_avg:386.37ms
step:1603/1670 train_time:619343ms step_avg:386.37ms
step:1604/1670 train_time:619736ms step_avg:386.37ms
step:1605/1670 train_time:620124ms step_avg:386.37ms
step:1606/1670 train_time:620511ms step_avg:386.37ms
step:1607/1670 train_time:620897ms step_avg:386.37ms
step:1608/1670 train_time:621281ms step_avg:386.37ms
step:1609/1670 train_time:621678ms step_avg:386.38ms
step:1610/1670 train_time:622054ms step_avg:386.37ms
step:1611/1670 train_time:622447ms step_avg:386.37ms
step:1612/1670 train_time:622845ms step_avg:386.38ms
step:1613/1670 train_time:623235ms step_avg:386.38ms
step:1614/1670 train_time:623619ms step_avg:386.38ms
step:1615/1670 train_time:623995ms step_avg:386.37ms
step:1616/1670 train_time:624384ms step_avg:386.38ms
step:1617/1670 train_time:624763ms step_avg:386.37ms
step:1618/1670 train_time:625164ms step_avg:386.38ms
step:1619/1670 train_time:625543ms step_avg:386.38ms
step:1620/1670 train_time:625932ms step_avg:386.38ms
step:1621/1670 train_time:626321ms step_avg:386.38ms
step:1622/1670 train_time:626708ms step_avg:386.38ms
step:1623/1670 train_time:627091ms step_avg:386.38ms
step:1624/1670 train_time:627483ms step_avg:386.38ms
step:1625/1670 train_time:627867ms step_avg:386.38ms
step:1625/1670 val_loss:3.2826 train_time:628158ms step_avg:386.56ms
step:1626/1670 train_time:628410ms step_avg:386.48ms
step:1627/1670 train_time:628756ms step_avg:386.45ms
step:1628/1670 train_time:629144ms step_avg:386.45ms
step:1629/1670 train_time:629531ms step_avg:386.45ms
step:1630/1670 train_time:629919ms step_avg:386.45ms
step:1631/1670 train_time:630303ms step_avg:386.45ms
step:1632/1670 train_time:630690ms step_avg:386.45ms
step:1633/1670 train_time:631071ms step_avg:386.45ms
step:1634/1670 train_time:631459ms step_avg:386.45ms
step:1635/1670 train_time:631843ms step_avg:386.45ms
step:1636/1670 train_time:632230ms step_avg:386.45ms
step:1637/1670 train_time:632620ms step_avg:386.45ms
step:1638/1670 train_time:633004ms step_avg:386.45ms
step:1639/1670 train_time:633393ms step_avg:386.45ms
step:1640/1670 train_time:633780ms step_avg:386.45ms
step:1641/1670 train_time:634166ms step_avg:386.45ms
step:1642/1670 train_time:634555ms step_avg:386.45ms
step:1643/1670 train_time:634941ms step_avg:386.45ms
step:1644/1670 train_time:635327ms step_avg:386.45ms
step:1645/1670 train_time:635710ms step_avg:386.45ms
step:1646/1670 train_time:636093ms step_avg:386.45ms
step:1647/1670 train_time:636478ms step_avg:386.45ms
step:1648/1670 train_time:636864ms step_avg:386.45ms
step:1649/1670 train_time:637255ms step_avg:386.45ms
step:1650/1670 train_time:637641ms step_avg:386.45ms
step:1651/1670 train_time:638030ms step_avg:386.45ms
step:1652/1670 train_time:638414ms step_avg:386.45ms
step:1653/1670 train_time:638807ms step_avg:386.45ms
step:1654/1670 train_time:639192ms step_avg:386.45ms
step:1655/1670 train_time:639581ms step_avg:386.45ms
step:1656/1670 train_time:639968ms step_avg:386.45ms
step:1657/1670 train_time:640355ms step_avg:386.45ms
step:1658/1670 train_time:640742ms step_avg:386.45ms
step:1659/1670 train_time:641127ms step_avg:386.45ms
step:1660/1670 train_time:641511ms step_avg:386.45ms
step:1661/1670 train_time:641898ms step_avg:386.45ms
step:1662/1670 train_time:642284ms step_avg:386.45ms
step:1663/1670 train_time:642669ms step_avg:386.45ms
step:1664/1670 train_time:643060ms step_avg:386.45ms
step:1665/1670 train_time:643450ms step_avg:386.46ms
step:1666/1670 train_time:643837ms step_avg:386.46ms
step:1667/1670 train_time:644222ms step_avg:386.46ms
step:1668/1670 train_time:644612ms step_avg:386.46ms
step:1669/1670 train_time:645003ms step_avg:386.46ms
step:1670/1670 train_time:645389ms step_avg:386.46ms
step:1670/1670 val_loss:3.2758 train_time:645677ms step_avg:386.63ms
peak memory allocated: 28766 MiB reserved: 31540 MiB
total training time: 645.68s (645677ms)
