W0524 17:05:12.746000 255 site-packages/torch/distributed/run.py:766] 
W0524 17:05:12.746000 255 site-packages/torch/distributed/run.py:766] *****************************************
W0524 17:05:12.746000 255 site-packages/torch/distributed/run.py:766] Setting OMP_NUM_THREADS environment variable for each process to be 1 in default, to avoid your system being overloaded, please further tune the variable for optimal performance in your application as needed. 
W0524 17:05:12.746000 255 site-packages/torch/distributed/run.py:766] *****************************************
/root/miniconda3/envs/llm_test/lib/python3.10/site-packages/torch/autograd/__init__.py:221: UserWarning: Cannot create tensor with interal format while allow_internel_format=False, tensor will be created with base format. (Triggered internally at build/CMakeFiles/torch_npu.dir/compiler_depend.ts:338.)
  torch.ones_like(out, memory_format=torch.preserve_format)
/root/miniconda3/envs/llm_test/lib/python3.10/site-packages/torch/autograd/__init__.py:221: UserWarning: Cannot create tensor with interal format while allow_internel_format=False, tensor will be created with base format. (Triggered internally at build/CMakeFiles/torch_npu.dir/compiler_depend.ts:338.)
  torch.ones_like(out, memory_format=torch.preserve_format)
/root/miniconda3/envs/llm_test/lib/python3.10/site-packages/torch/autograd/__init__.py:221: UserWarning: Cannot create tensor with interal format while allow_internel_format=False, tensor will be created with base format. (Triggered internally at build/CMakeFiles/torch_npu.dir/compiler_depend.ts:338.)
  torch.ones_like(out, memory_format=torch.preserve_format)
/root/miniconda3/envs/llm_test/lib/python3.10/site-packages/torch/autograd/__init__.py:221: UserWarning: Cannot create tensor with interal format while allow_internel_format=False, tensor will be created with base format. (Triggered internally at build/CMakeFiles/torch_npu.dir/compiler_depend.ts:338.)
  torch.ones_like(out, memory_format=torch.preserve_format)
/root/miniconda3/envs/llm_test/lib/python3.10/site-packages/torch/autograd/__init__.py:221: UserWarning: Cannot create tensor with interal format while allow_internel_format=False, tensor will be created with base format. (Triggered internally at build/CMakeFiles/torch_npu.dir/compiler_depend.ts:338.)
  torch.ones_like(out, memory_format=torch.preserve_format)
/root/miniconda3/envs/llm_test/lib/python3.10/site-packages/torch/autograd/__init__.py:221: UserWarning: Cannot create tensor with interal format while allow_internel_format=False, tensor will be created with base format. (Triggered internally at build/CMakeFiles/torch_npu.dir/compiler_depend.ts:338.)
  torch.ones_like(out, memory_format=torch.preserve_format)
/root/miniconda3/envs/llm_test/lib/python3.10/site-packages/torch/autograd/__init__.py:221: UserWarning: Cannot create tensor with interal format while allow_internel_format=False, tensor will be created with base format. (Triggered internally at build/CMakeFiles/torch_npu.dir/compiler_depend.ts:338.)
  torch.ones_like(out, memory_format=torch.preserve_format)
/root/miniconda3/envs/llm_test/lib/python3.10/site-packages/torch/autograd/__init__.py:221: UserWarning: Cannot create tensor with interal format while allow_internel_format=False, tensor will be created with base format. (Triggered internally at build/CMakeFiles/torch_npu.dir/compiler_depend.ts:338.)
  torch.ones_like(out, memory_format=torch.preserve_format)
/root/miniconda3/envs/llm_test/lib/python3.10/site-packages/torch/autograd/__init__.py:221: UserWarning: Cannot create tensor with interal format while allow_internel_format=False, tensor will be created with base format. (Triggered internally at build/CMakeFiles/torch_npu.dir/compiler_depend.ts:338.)
  torch.ones_like(out, memory_format=torch.preserve_format)
/root/miniconda3/envs/llm_test/lib/python3.10/site-packages/torch/autograd/__init__.py:221: UserWarning: Cannot create tensor with interal format while allow_internel_format=False, tensor will be created with base format. (Triggered internally at build/CMakeFiles/torch_npu.dir/compiler_depend.ts:338.)
  torch.ones_like(out, memory_format=torch.preserve_format)
/root/miniconda3/envs/llm_test/lib/python3.10/site-packages/torch/autograd/__init__.py:221: UserWarning: Cannot create tensor with interal format while allow_internel_format=False, tensor will be created with base format. (Triggered internally at build/CMakeFiles/torch_npu.dir/compiler_depend.ts:338.)
  torch.ones_like(out, memory_format=torch.preserve_format)
/root/miniconda3/envs/llm_test/lib/python3.10/site-packages/torch/distributed/distributed_c10d.py:4631: UserWarning: No device id is provided via `init_process_group` or `barrier `. Using the current device set by the user. 
  warnings.warn(  # warn only once
/root/miniconda3/envs/llm_test/lib/python3.10/site-packages/torch/autograd/__init__.py:221: UserWarning: Cannot create tensor with interal format while allow_internel_format=False, tensor will be created with base format. (Triggered internally at build/CMakeFiles/torch_npu.dir/compiler_depend.ts:338.)
  torch.ones_like(out, memory_format=torch.preserve_format)
/root/miniconda3/envs/llm_test/lib/python3.10/site-packages/torch/autograd/__init__.py:221: UserWarning: Cannot create tensor with interal format while allow_internel_format=False, tensor will be created with base format. (Triggered internally at build/CMakeFiles/torch_npu.dir/compiler_depend.ts:338.)
  torch.ones_like(out, memory_format=torch.preserve_format)
/root/miniconda3/envs/llm_test/lib/python3.10/site-packages/torch/autograd/__init__.py:221: UserWarning: Cannot create tensor with interal format while allow_internel_format=False, tensor will be created with base format. (Triggered internally at build/CMakeFiles/torch_npu.dir/compiler_depend.ts:338.)
  torch.ones_like(out, memory_format=torch.preserve_format)
/root/miniconda3/envs/llm_test/lib/python3.10/site-packages/torch/autograd/__init__.py:221: UserWarning: Cannot create tensor with interal format while allow_internel_format=False, tensor will be created with base format. (Triggered internally at build/CMakeFiles/torch_npu.dir/compiler_depend.ts:338.)
  torch.ones_like(out, memory_format=torch.preserve_format)
/root/miniconda3/envs/llm_test/lib/python3.10/site-packages/torch/autograd/__init__.py:221: UserWarning: Cannot create tensor with interal format while allow_internel_format=False, tensor will be created with base format. (Triggered internally at build/CMakeFiles/torch_npu.dir/compiler_depend.ts:338.)
  torch.ones_like(out, memory_format=torch.preserve_format)
/root/miniconda3/envs/llm_test/lib/python3.10/site-packages/torch/distributed/distributed_c10d.py:4631: UserWarning: No device id is provided via `init_process_group` or `barrier `. Using the current device set by the user. 
  warnings.warn(  # warn only once
/root/miniconda3/envs/llm_test/lib/python3.10/site-packages/torch/distributed/distributed_c10d.py:4631: UserWarning: No device id is provided via `init_process_group` or `barrier `. Using the current device set by the user. 
  warnings.warn(  # warn only once
/root/miniconda3/envs/llm_test/lib/python3.10/site-packages/torch/distributed/distributed_c10d.py:4631: UserWarning: No device id is provided via `init_process_group` or `barrier `. Using the current device set by the user. 
  warnings.warn(  # warn only once
/root/miniconda3/envs/llm_test/lib/python3.10/site-packages/torch/distributed/distributed_c10d.py:4631: UserWarning: No device id is provided via `init_process_group` or `barrier `. Using the current device set by the user. 
  warnings.warn(  # warn only once
/root/miniconda3/envs/llm_test/lib/python3.10/site-packages/torch/distributed/distributed_c10d.py:4631: UserWarning: No device id is provided via `init_process_group` or `barrier `. Using the current device set by the user. 
  warnings.warn(  # warn only once
/root/miniconda3/envs/llm_test/lib/python3.10/site-packages/torch/distributed/distributed_c10d.py:4631: UserWarning: No device id is provided via `init_process_group` or `barrier `. Using the current device set by the user. 
  warnings.warn(  # warn only once
/root/miniconda3/envs/llm_test/lib/python3.10/site-packages/torch/distributed/distributed_c10d.py:4631: UserWarning: No device id is provided via `init_process_group` or `barrier `. Using the current device set by the user. 
  warnings.warn(  # warn only once
/root/miniconda3/envs/llm_test/lib/python3.10/site-packages/torch/distributed/distributed_c10d.py:4631: UserWarning: No device id is provided via `init_process_group` or `barrier `. Using the current device set by the user. 
  warnings.warn(  # warn only once
/root/miniconda3/envs/llm_test/lib/python3.10/site-packages/torch/distributed/distributed_c10d.py:4631: UserWarning: No device id is provided via `init_process_group` or `barrier `. Using the current device set by the user. 
  warnings.warn(  # warn only once
/root/miniconda3/envs/llm_test/lib/python3.10/site-packages/torch/distributed/distributed_c10d.py:4631: UserWarning: No device id is provided via `init_process_group` or `barrier `. Using the current device set by the user. 
  warnings.warn(  # warn only once
/root/miniconda3/envs/llm_test/lib/python3.10/site-packages/torch/distributed/distributed_c10d.py:4631: UserWarning: No device id is provided via `init_process_group` or `barrier `. Using the current device set by the user. 
  warnings.warn(  # warn only once
/root/miniconda3/envs/llm_test/lib/python3.10/site-packages/torch/distributed/distributed_c10d.py:4631: UserWarning: No device id is provided via `init_process_group` or `barrier `. Using the current device set by the user. 
  warnings.warn(  # warn only once
/root/miniconda3/envs/llm_test/lib/python3.10/site-packages/torch/distributed/distributed_c10d.py:4631: UserWarning: No device id is provided via `init_process_group` or `barrier `. Using the current device set by the user. 
  warnings.warn(  # warn only once
/root/miniconda3/envs/llm_test/lib/python3.10/site-packages/torch/distributed/distributed_c10d.py:4631: UserWarning: No device id is provided via `init_process_group` or `barrier `. Using the current device set by the user. 
  warnings.warn(  # warn only once
/root/miniconda3/envs/llm_test/lib/python3.10/site-packages/torch/distributed/distributed_c10d.py:4631: UserWarning: No device id is provided via `init_process_group` or `barrier `. Using the current device set by the user. 
  warnings.warn(  # warn only once
logs/29b6b1ab-1464-44c2-8909-0dcbd6a636bb.txt
/root/miniconda3/envs/llm_test/lib/python3.10/site-packages/torch_npu/utils/storage.py:89: UserWarning: TypedStorage is deprecated. It will be removed in the future and UntypedStorage will be the only storage class. This should only matter to you if you are using storages directly.  To access UntypedStorage directly, use tensor.untyped_storage() instead of tensor.storage()
  if self.device.type != 'cpu':
step:0/1670 val_loss:10.8125 train_time:0ms step_avg:0.10ms
step:1/1670 train_time:1195ms step_avg:1194.57ms
step:2/1670 train_time:1306ms step_avg:653.01ms
step:3/1670 train_time:1686ms step_avg:561.94ms
step:4/1670 train_time:2065ms step_avg:516.29ms
step:5/1670 train_time:2449ms step_avg:489.87ms
step:6/1670 train_time:2839ms step_avg:473.21ms
step:7/1670 train_time:3224ms step_avg:460.61ms
step:8/1670 train_time:3609ms step_avg:451.15ms
step:9/1670 train_time:3997ms step_avg:444.11ms
step:10/1670 train_time:4383ms step_avg:438.35ms
step:11/1670 train_time:4765ms step_avg:433.21ms
step:12/1670 train_time:5154ms step_avg:429.48ms
step:13/1670 train_time:5547ms step_avg:426.67ms
step:14/1670 train_time:5931ms step_avg:423.61ms
step:15/1670 train_time:6315ms step_avg:421.01ms
step:16/1670 train_time:6704ms step_avg:419.02ms
step:17/1670 train_time:7089ms step_avg:417.00ms
step:18/1670 train_time:7471ms step_avg:415.05ms
step:19/1670 train_time:7858ms step_avg:413.59ms
step:20/1670 train_time:8245ms step_avg:412.25ms
step:21/1670 train_time:8629ms step_avg:410.93ms
step:22/1670 train_time:9016ms step_avg:409.83ms
step:23/1670 train_time:9402ms step_avg:408.80ms
step:24/1670 train_time:9787ms step_avg:407.81ms
step:25/1670 train_time:10172ms step_avg:406.88ms
step:26/1670 train_time:10558ms step_avg:406.08ms
step:27/1670 train_time:10951ms step_avg:405.59ms
step:28/1670 train_time:11337ms step_avg:404.89ms
step:29/1670 train_time:11721ms step_avg:404.16ms
step:30/1670 train_time:12101ms step_avg:403.38ms
step:31/1670 train_time:12486ms step_avg:402.78ms
step:32/1670 train_time:12872ms step_avg:402.26ms
step:33/1670 train_time:13258ms step_avg:401.75ms
step:34/1670 train_time:13644ms step_avg:401.30ms
step:35/1670 train_time:14029ms step_avg:400.84ms
step:36/1670 train_time:14413ms step_avg:400.35ms
step:37/1670 train_time:14800ms step_avg:400.00ms
step:38/1670 train_time:15187ms step_avg:399.66ms
step:39/1670 train_time:15573ms step_avg:399.30ms
step:40/1670 train_time:15960ms step_avg:399.01ms
step:41/1670 train_time:16343ms step_avg:398.60ms
step:42/1670 train_time:16727ms step_avg:398.27ms
step:43/1670 train_time:17116ms step_avg:398.05ms
step:44/1670 train_time:17501ms step_avg:397.75ms
step:45/1670 train_time:17891ms step_avg:397.58ms
step:46/1670 train_time:18271ms step_avg:397.19ms
step:47/1670 train_time:18656ms step_avg:396.94ms
step:48/1670 train_time:19039ms step_avg:396.65ms
step:49/1670 train_time:19425ms step_avg:396.42ms
step:50/1670 train_time:19811ms step_avg:396.21ms
step:51/1670 train_time:20197ms step_avg:396.03ms
step:52/1670 train_time:20581ms step_avg:395.78ms
step:53/1670 train_time:20968ms step_avg:395.62ms
step:54/1670 train_time:21354ms step_avg:395.44ms
step:55/1670 train_time:21740ms step_avg:395.27ms
step:56/1670 train_time:22121ms step_avg:395.02ms
step:57/1670 train_time:22507ms step_avg:394.87ms
step:58/1670 train_time:22894ms step_avg:394.72ms
step:59/1670 train_time:23279ms step_avg:394.56ms
step:60/1670 train_time:23663ms step_avg:394.39ms
step:61/1670 train_time:24048ms step_avg:394.23ms
step:62/1670 train_time:24436ms step_avg:394.13ms
step:63/1670 train_time:24824ms step_avg:394.04ms
step:64/1670 train_time:25207ms step_avg:393.85ms
step:65/1670 train_time:25592ms step_avg:393.73ms
step:66/1670 train_time:25972ms step_avg:393.52ms
step:67/1670 train_time:26355ms step_avg:393.36ms
step:68/1670 train_time:26739ms step_avg:393.23ms
step:69/1670 train_time:27126ms step_avg:393.13ms
step:70/1670 train_time:27513ms step_avg:393.05ms
step:71/1670 train_time:27900ms step_avg:392.95ms
step:72/1670 train_time:28283ms step_avg:392.83ms
step:73/1670 train_time:28668ms step_avg:392.72ms
step:74/1670 train_time:29054ms step_avg:392.62ms
step:75/1670 train_time:29443ms step_avg:392.58ms
step:76/1670 train_time:29828ms step_avg:392.47ms
step:77/1670 train_time:30216ms step_avg:392.42ms
step:78/1670 train_time:30600ms step_avg:392.30ms
step:79/1670 train_time:30985ms step_avg:392.22ms
step:80/1670 train_time:31373ms step_avg:392.16ms
step:81/1670 train_time:31755ms step_avg:392.04ms
step:82/1670 train_time:32142ms step_avg:391.98ms
step:83/1670 train_time:32526ms step_avg:391.88ms
step:84/1670 train_time:32914ms step_avg:391.83ms
step:85/1670 train_time:33297ms step_avg:391.73ms
step:86/1670 train_time:33687ms step_avg:391.71ms
step:87/1670 train_time:34072ms step_avg:391.64ms
step:88/1670 train_time:34457ms step_avg:391.56ms
step:89/1670 train_time:34843ms step_avg:391.50ms
step:90/1670 train_time:35227ms step_avg:391.41ms
step:91/1670 train_time:35615ms step_avg:391.38ms
step:92/1670 train_time:35998ms step_avg:391.29ms
step:93/1670 train_time:36384ms step_avg:391.22ms
step:94/1670 train_time:36769ms step_avg:391.16ms
step:95/1670 train_time:37153ms step_avg:391.09ms
step:96/1670 train_time:37538ms step_avg:391.02ms
step:97/1670 train_time:37925ms step_avg:390.98ms
step:98/1670 train_time:38310ms step_avg:390.92ms
step:99/1670 train_time:38696ms step_avg:390.87ms
step:100/1670 train_time:39078ms step_avg:390.78ms
step:101/1670 train_time:39466ms step_avg:390.76ms
step:102/1670 train_time:39851ms step_avg:390.69ms
step:103/1670 train_time:40235ms step_avg:390.63ms
step:104/1670 train_time:40620ms step_avg:390.57ms
step:105/1670 train_time:41002ms step_avg:390.50ms
step:106/1670 train_time:41387ms step_avg:390.45ms
step:107/1670 train_time:41774ms step_avg:390.41ms
step:108/1670 train_time:42160ms step_avg:390.37ms
step:109/1670 train_time:42543ms step_avg:390.30ms
step:110/1670 train_time:42926ms step_avg:390.24ms
step:111/1670 train_time:43315ms step_avg:390.23ms
step:112/1670 train_time:43702ms step_avg:390.19ms
step:113/1670 train_time:44087ms step_avg:390.15ms
step:114/1670 train_time:44472ms step_avg:390.11ms
step:115/1670 train_time:44854ms step_avg:390.04ms
step:116/1670 train_time:45239ms step_avg:389.99ms
step:117/1670 train_time:45626ms step_avg:389.97ms
step:118/1670 train_time:46013ms step_avg:389.94ms
step:119/1670 train_time:46398ms step_avg:389.90ms
step:120/1670 train_time:46783ms step_avg:389.86ms
step:121/1670 train_time:47170ms step_avg:389.83ms
step:122/1670 train_time:47554ms step_avg:389.79ms
step:123/1670 train_time:47941ms step_avg:389.77ms
step:124/1670 train_time:48321ms step_avg:389.69ms
step:125/1670 train_time:48706ms step_avg:389.65ms
step:125/1670 val_loss:4.3191 train_time:48998ms step_avg:391.98ms
step:126/1670 train_time:49260ms step_avg:390.96ms
step:127/1670 train_time:49605ms step_avg:390.59ms
step:128/1670 train_time:49985ms step_avg:390.51ms
step:129/1670 train_time:50369ms step_avg:390.46ms
step:130/1670 train_time:50761ms step_avg:390.47ms
step:131/1670 train_time:51142ms step_avg:390.40ms
step:132/1670 train_time:51531ms step_avg:390.38ms
step:133/1670 train_time:51912ms step_avg:390.32ms
step:134/1670 train_time:52299ms step_avg:390.29ms
step:135/1670 train_time:52684ms step_avg:390.25ms
step:136/1670 train_time:53066ms step_avg:390.19ms
step:137/1670 train_time:53451ms step_avg:390.15ms
step:138/1670 train_time:53828ms step_avg:390.06ms
step:139/1670 train_time:54222ms step_avg:390.08ms
step:140/1670 train_time:54602ms step_avg:390.02ms
step:141/1670 train_time:54991ms step_avg:390.01ms
step:142/1670 train_time:55381ms step_avg:390.01ms
step:143/1670 train_time:55763ms step_avg:389.95ms
step:144/1670 train_time:56146ms step_avg:389.90ms
step:145/1670 train_time:56529ms step_avg:389.86ms
step:146/1670 train_time:56917ms step_avg:389.84ms
step:147/1670 train_time:57299ms step_avg:389.79ms
step:148/1670 train_time:57682ms step_avg:389.74ms
step:149/1670 train_time:58071ms step_avg:389.74ms
step:150/1670 train_time:58454ms step_avg:389.70ms
step:151/1670 train_time:58839ms step_avg:389.66ms
step:152/1670 train_time:59224ms step_avg:389.63ms
step:153/1670 train_time:59605ms step_avg:389.57ms
step:154/1670 train_time:59992ms step_avg:389.56ms
step:155/1670 train_time:60377ms step_avg:389.53ms
step:156/1670 train_time:60759ms step_avg:389.48ms
step:157/1670 train_time:61150ms step_avg:389.49ms
step:158/1670 train_time:61536ms step_avg:389.47ms
step:159/1670 train_time:61923ms step_avg:389.46ms
step:160/1670 train_time:62306ms step_avg:389.41ms
step:161/1670 train_time:62691ms step_avg:389.38ms
step:162/1670 train_time:63075ms step_avg:389.35ms
step:163/1670 train_time:63463ms step_avg:389.34ms
step:164/1670 train_time:63847ms step_avg:389.31ms
step:165/1670 train_time:64231ms step_avg:389.28ms
step:166/1670 train_time:64615ms step_avg:389.25ms
step:167/1670 train_time:64997ms step_avg:389.20ms
step:168/1670 train_time:65385ms step_avg:389.20ms
step:169/1670 train_time:65769ms step_avg:389.17ms
step:170/1670 train_time:66155ms step_avg:389.15ms
step:171/1670 train_time:66535ms step_avg:389.10ms
step:172/1670 train_time:66923ms step_avg:389.09ms
step:173/1670 train_time:67309ms step_avg:389.07ms
step:174/1670 train_time:67696ms step_avg:389.06ms
step:175/1670 train_time:68082ms step_avg:389.04ms
step:176/1670 train_time:68469ms step_avg:389.03ms
step:177/1670 train_time:68856ms step_avg:389.02ms
step:178/1670 train_time:69240ms step_avg:388.99ms
step:179/1670 train_time:69621ms step_avg:388.95ms
step:180/1670 train_time:70002ms step_avg:388.90ms
step:181/1670 train_time:70386ms step_avg:388.87ms
step:182/1670 train_time:70775ms step_avg:388.87ms
step:183/1670 train_time:71164ms step_avg:388.87ms
step:184/1670 train_time:71546ms step_avg:388.84ms
step:185/1670 train_time:71930ms step_avg:388.81ms
step:186/1670 train_time:72317ms step_avg:388.80ms
step:187/1670 train_time:72701ms step_avg:388.78ms
step:188/1670 train_time:73089ms step_avg:388.77ms
step:189/1670 train_time:73471ms step_avg:388.73ms
step:190/1670 train_time:73857ms step_avg:388.72ms
step:191/1670 train_time:74239ms step_avg:388.69ms
step:192/1670 train_time:74625ms step_avg:388.67ms
step:193/1670 train_time:75004ms step_avg:388.62ms
step:194/1670 train_time:75392ms step_avg:388.62ms
step:195/1670 train_time:75775ms step_avg:388.59ms
step:196/1670 train_time:76178ms step_avg:388.67ms
step:197/1670 train_time:76563ms step_avg:388.65ms
step:198/1670 train_time:76953ms step_avg:388.65ms
step:199/1670 train_time:77321ms step_avg:388.55ms
step:200/1670 train_time:77704ms step_avg:388.52ms
step:201/1670 train_time:78084ms step_avg:388.48ms
step:202/1670 train_time:78474ms step_avg:388.48ms
step:203/1670 train_time:78858ms step_avg:388.46ms
step:204/1670 train_time:79247ms step_avg:388.46ms
step:205/1670 train_time:79628ms step_avg:388.43ms
step:206/1670 train_time:80016ms step_avg:388.42ms
step:207/1670 train_time:80399ms step_avg:388.40ms
step:208/1670 train_time:80788ms step_avg:388.40ms
step:209/1670 train_time:81171ms step_avg:388.38ms
step:210/1670 train_time:81561ms step_avg:388.39ms
step:211/1670 train_time:81944ms step_avg:388.36ms
step:212/1670 train_time:82332ms step_avg:388.36ms
step:213/1670 train_time:82717ms step_avg:388.34ms
step:214/1670 train_time:83102ms step_avg:388.33ms
step:215/1670 train_time:83484ms step_avg:388.30ms
step:216/1670 train_time:83868ms step_avg:388.28ms
step:217/1670 train_time:84252ms step_avg:388.26ms
step:218/1670 train_time:84637ms step_avg:388.25ms
step:219/1670 train_time:85023ms step_avg:388.23ms
step:220/1670 train_time:85408ms step_avg:388.22ms
step:221/1670 train_time:85792ms step_avg:388.20ms
step:222/1670 train_time:86193ms step_avg:388.26ms
step:223/1670 train_time:86558ms step_avg:388.15ms
step:224/1670 train_time:86942ms step_avg:388.13ms
step:225/1670 train_time:87325ms step_avg:388.11ms
step:226/1670 train_time:87709ms step_avg:388.09ms
step:227/1670 train_time:88096ms step_avg:388.09ms
step:228/1670 train_time:88480ms step_avg:388.07ms
step:229/1670 train_time:88867ms step_avg:388.06ms
step:230/1670 train_time:89250ms step_avg:388.04ms
step:231/1670 train_time:89639ms step_avg:388.05ms
step:232/1670 train_time:90019ms step_avg:388.01ms
step:233/1670 train_time:90404ms step_avg:388.00ms
step:234/1670 train_time:90789ms step_avg:387.99ms
step:235/1670 train_time:91176ms step_avg:387.98ms
step:236/1670 train_time:91559ms step_avg:387.96ms
step:237/1670 train_time:91943ms step_avg:387.94ms
step:238/1670 train_time:92326ms step_avg:387.93ms
step:239/1670 train_time:92710ms step_avg:387.91ms
step:240/1670 train_time:93094ms step_avg:387.89ms
step:241/1670 train_time:93481ms step_avg:387.89ms
step:242/1670 train_time:93863ms step_avg:387.86ms
step:243/1670 train_time:94246ms step_avg:387.84ms
step:244/1670 train_time:94630ms step_avg:387.83ms
step:245/1670 train_time:95020ms step_avg:387.84ms
step:246/1670 train_time:95402ms step_avg:387.81ms
step:247/1670 train_time:95789ms step_avg:387.81ms
step:248/1670 train_time:96172ms step_avg:387.79ms
step:249/1670 train_time:96563ms step_avg:387.80ms
step:250/1670 train_time:96946ms step_avg:387.78ms
step:250/1670 val_loss:3.9791 train_time:97239ms step_avg:388.96ms
step:251/1670 train_time:97506ms step_avg:388.47ms
step:252/1670 train_time:97869ms step_avg:388.37ms
step:253/1670 train_time:98255ms step_avg:388.36ms
step:254/1670 train_time:98647ms step_avg:388.37ms
step:255/1670 train_time:99030ms step_avg:388.35ms
step:256/1670 train_time:99413ms step_avg:388.33ms
step:257/1670 train_time:99799ms step_avg:388.32ms
step:258/1670 train_time:100185ms step_avg:388.31ms
step:259/1670 train_time:100572ms step_avg:388.31ms
step:260/1670 train_time:100958ms step_avg:388.30ms
step:261/1670 train_time:101346ms step_avg:388.30ms
step:262/1670 train_time:101735ms step_avg:388.30ms
step:263/1670 train_time:102113ms step_avg:388.26ms
step:264/1670 train_time:102497ms step_avg:388.25ms
step:265/1670 train_time:102882ms step_avg:388.23ms
step:266/1670 train_time:103263ms step_avg:388.21ms
step:267/1670 train_time:103644ms step_avg:388.18ms
step:268/1670 train_time:104028ms step_avg:388.17ms
step:269/1670 train_time:104416ms step_avg:388.16ms
step:270/1670 train_time:104815ms step_avg:388.20ms
step:271/1670 train_time:105199ms step_avg:388.19ms
step:272/1670 train_time:105563ms step_avg:388.10ms
step:273/1670 train_time:105952ms step_avg:388.10ms
step:274/1670 train_time:106336ms step_avg:388.09ms
step:275/1670 train_time:106722ms step_avg:388.08ms
step:276/1670 train_time:107106ms step_avg:388.07ms
step:277/1670 train_time:107491ms step_avg:388.06ms
step:278/1670 train_time:107875ms step_avg:388.04ms
step:279/1670 train_time:108262ms step_avg:388.04ms
step:280/1670 train_time:108649ms step_avg:388.03ms
step:281/1670 train_time:109034ms step_avg:388.02ms
step:282/1670 train_time:109425ms step_avg:388.03ms
step:283/1670 train_time:109810ms step_avg:388.02ms
step:284/1670 train_time:110193ms step_avg:388.00ms
step:285/1670 train_time:110582ms step_avg:388.01ms
step:286/1670 train_time:110969ms step_avg:388.00ms
step:287/1670 train_time:111349ms step_avg:387.98ms
step:288/1670 train_time:111741ms step_avg:387.99ms
step:289/1670 train_time:112120ms step_avg:387.96ms
step:290/1670 train_time:112508ms step_avg:387.96ms
step:291/1670 train_time:112893ms step_avg:387.95ms
step:292/1670 train_time:113279ms step_avg:387.94ms
step:293/1670 train_time:113662ms step_avg:387.92ms
step:294/1670 train_time:114050ms step_avg:387.92ms
step:295/1670 train_time:114438ms step_avg:387.92ms
step:296/1670 train_time:114821ms step_avg:387.91ms
step:297/1670 train_time:115207ms step_avg:387.90ms
step:298/1670 train_time:115588ms step_avg:387.88ms
step:299/1670 train_time:115970ms step_avg:387.86ms
step:300/1670 train_time:116358ms step_avg:387.86ms
step:301/1670 train_time:116738ms step_avg:387.84ms
step:302/1670 train_time:117124ms step_avg:387.83ms
step:303/1670 train_time:117509ms step_avg:387.82ms
step:304/1670 train_time:117894ms step_avg:387.81ms
step:305/1670 train_time:118283ms step_avg:387.81ms
step:306/1670 train_time:118665ms step_avg:387.80ms
step:307/1670 train_time:119047ms step_avg:387.77ms
step:308/1670 train_time:119430ms step_avg:387.76ms
step:309/1670 train_time:119817ms step_avg:387.76ms
step:310/1670 train_time:120202ms step_avg:387.75ms
step:311/1670 train_time:120587ms step_avg:387.74ms
step:312/1670 train_time:120974ms step_avg:387.74ms
step:313/1670 train_time:121355ms step_avg:387.72ms
step:314/1670 train_time:121741ms step_avg:387.71ms
step:315/1670 train_time:122128ms step_avg:387.71ms
step:316/1670 train_time:122515ms step_avg:387.71ms
step:317/1670 train_time:122902ms step_avg:387.70ms
step:318/1670 train_time:123290ms step_avg:387.70ms
step:319/1670 train_time:123672ms step_avg:387.69ms
step:320/1670 train_time:124056ms step_avg:387.68ms
step:321/1670 train_time:124442ms step_avg:387.67ms
step:322/1670 train_time:124828ms step_avg:387.66ms
step:323/1670 train_time:125213ms step_avg:387.66ms
step:324/1670 train_time:125594ms step_avg:387.63ms
step:325/1670 train_time:125982ms step_avg:387.64ms
step:326/1670 train_time:126360ms step_avg:387.61ms
step:327/1670 train_time:126744ms step_avg:387.60ms
step:328/1670 train_time:127127ms step_avg:387.58ms
step:329/1670 train_time:127514ms step_avg:387.58ms
step:330/1670 train_time:127900ms step_avg:387.57ms
step:331/1670 train_time:128284ms step_avg:387.57ms
step:332/1670 train_time:128667ms step_avg:387.55ms
step:333/1670 train_time:129054ms step_avg:387.55ms
step:334/1670 train_time:129439ms step_avg:387.54ms
step:335/1670 train_time:129822ms step_avg:387.53ms
step:336/1670 train_time:130206ms step_avg:387.52ms
step:337/1670 train_time:130588ms step_avg:387.50ms
step:338/1670 train_time:130970ms step_avg:387.49ms
step:339/1670 train_time:131360ms step_avg:387.49ms
step:340/1670 train_time:131743ms step_avg:387.48ms
step:341/1670 train_time:132125ms step_avg:387.46ms
step:342/1670 train_time:132510ms step_avg:387.45ms
step:343/1670 train_time:132893ms step_avg:387.44ms
step:344/1670 train_time:133287ms step_avg:387.46ms
step:345/1670 train_time:133670ms step_avg:387.45ms
step:346/1670 train_time:134055ms step_avg:387.44ms
step:347/1670 train_time:134440ms step_avg:387.43ms
step:348/1670 train_time:134823ms step_avg:387.42ms
step:349/1670 train_time:135208ms step_avg:387.42ms
step:350/1670 train_time:135592ms step_avg:387.41ms
step:351/1670 train_time:135975ms step_avg:387.39ms
step:352/1670 train_time:136360ms step_avg:387.39ms
step:353/1670 train_time:136744ms step_avg:387.38ms
step:354/1670 train_time:137128ms step_avg:387.37ms
step:355/1670 train_time:137512ms step_avg:387.36ms
step:356/1670 train_time:137898ms step_avg:387.35ms
step:357/1670 train_time:138279ms step_avg:387.34ms
step:358/1670 train_time:138662ms step_avg:387.33ms
step:359/1670 train_time:139047ms step_avg:387.32ms
step:360/1670 train_time:139433ms step_avg:387.31ms
step:361/1670 train_time:139816ms step_avg:387.30ms
step:362/1670 train_time:140203ms step_avg:387.30ms
step:363/1670 train_time:140585ms step_avg:387.29ms
step:364/1670 train_time:140974ms step_avg:387.29ms
step:365/1670 train_time:141358ms step_avg:387.28ms
step:366/1670 train_time:141741ms step_avg:387.27ms
step:367/1670 train_time:142131ms step_avg:387.28ms
step:368/1670 train_time:142516ms step_avg:387.27ms
step:369/1670 train_time:142900ms step_avg:387.26ms
step:370/1670 train_time:143282ms step_avg:387.25ms
step:371/1670 train_time:143667ms step_avg:387.24ms
step:372/1670 train_time:144058ms step_avg:387.25ms
step:373/1670 train_time:144443ms step_avg:387.25ms
step:374/1670 train_time:144830ms step_avg:387.24ms
step:375/1670 train_time:145213ms step_avg:387.23ms
step:375/1670 val_loss:3.8281 train_time:145506ms step_avg:388.02ms
step:376/1670 train_time:145782ms step_avg:387.72ms
step:377/1670 train_time:146122ms step_avg:387.59ms
step:378/1670 train_time:146505ms step_avg:387.58ms
step:379/1670 train_time:146897ms step_avg:387.59ms
step:380/1670 train_time:147278ms step_avg:387.57ms
step:381/1670 train_time:147662ms step_avg:387.57ms
step:382/1670 train_time:148050ms step_avg:387.57ms
step:383/1670 train_time:148435ms step_avg:387.56ms
step:384/1670 train_time:148811ms step_avg:387.53ms
step:385/1670 train_time:149193ms step_avg:387.51ms
step:386/1670 train_time:149588ms step_avg:387.53ms
step:387/1670 train_time:149976ms step_avg:387.53ms
step:388/1670 train_time:150365ms step_avg:387.54ms
step:389/1670 train_time:150750ms step_avg:387.53ms
step:390/1670 train_time:151137ms step_avg:387.53ms
step:391/1670 train_time:151522ms step_avg:387.53ms
step:392/1670 train_time:151908ms step_avg:387.52ms
step:393/1670 train_time:152293ms step_avg:387.51ms
step:394/1670 train_time:152678ms step_avg:387.51ms
step:395/1670 train_time:153065ms step_avg:387.51ms
step:396/1670 train_time:153450ms step_avg:387.50ms
step:397/1670 train_time:153830ms step_avg:387.48ms
step:398/1670 train_time:154218ms step_avg:387.48ms
step:399/1670 train_time:154604ms step_avg:387.48ms
step:400/1670 train_time:154989ms step_avg:387.47ms
step:401/1670 train_time:155374ms step_avg:387.47ms
step:402/1670 train_time:155762ms step_avg:387.47ms
step:403/1670 train_time:156149ms step_avg:387.47ms
step:404/1670 train_time:156535ms step_avg:387.46ms
step:405/1670 train_time:156920ms step_avg:387.46ms
step:406/1670 train_time:157303ms step_avg:387.45ms
step:407/1670 train_time:157686ms step_avg:387.43ms
step:408/1670 train_time:158073ms step_avg:387.43ms
step:409/1670 train_time:158461ms step_avg:387.44ms
step:410/1670 train_time:158846ms step_avg:387.43ms
step:411/1670 train_time:159233ms step_avg:387.43ms
step:412/1670 train_time:159616ms step_avg:387.42ms
step:413/1670 train_time:159997ms step_avg:387.40ms
step:414/1670 train_time:160383ms step_avg:387.40ms
step:415/1670 train_time:160770ms step_avg:387.40ms
step:416/1670 train_time:161153ms step_avg:387.39ms
step:417/1670 train_time:161541ms step_avg:387.39ms
step:418/1670 train_time:161922ms step_avg:387.37ms
step:419/1670 train_time:162305ms step_avg:387.36ms
step:420/1670 train_time:162693ms step_avg:387.36ms
step:421/1670 train_time:163081ms step_avg:387.36ms
step:422/1670 train_time:163463ms step_avg:387.35ms
step:423/1670 train_time:163847ms step_avg:387.35ms
step:424/1670 train_time:164236ms step_avg:387.35ms
step:425/1670 train_time:164622ms step_avg:387.35ms
step:426/1670 train_time:165015ms step_avg:387.36ms
step:427/1670 train_time:165399ms step_avg:387.35ms
step:428/1670 train_time:165784ms step_avg:387.35ms
step:429/1670 train_time:166165ms step_avg:387.33ms
step:430/1670 train_time:166549ms step_avg:387.32ms
step:431/1670 train_time:166932ms step_avg:387.31ms
step:432/1670 train_time:167313ms step_avg:387.30ms
step:433/1670 train_time:167697ms step_avg:387.29ms
step:434/1670 train_time:168086ms step_avg:387.29ms
step:435/1670 train_time:168473ms step_avg:387.29ms
step:436/1670 train_time:168855ms step_avg:387.28ms
step:437/1670 train_time:169240ms step_avg:387.28ms
step:438/1670 train_time:169623ms step_avg:387.27ms
step:439/1670 train_time:170011ms step_avg:387.27ms
step:440/1670 train_time:170395ms step_avg:387.26ms
step:441/1670 train_time:170781ms step_avg:387.26ms
step:442/1670 train_time:171165ms step_avg:387.25ms
step:443/1670 train_time:171556ms step_avg:387.26ms
step:444/1670 train_time:171941ms step_avg:387.26ms
step:445/1670 train_time:172327ms step_avg:387.25ms
step:446/1670 train_time:172709ms step_avg:387.24ms
step:447/1670 train_time:173093ms step_avg:387.23ms
step:448/1670 train_time:173477ms step_avg:387.23ms
step:449/1670 train_time:173864ms step_avg:387.23ms
step:450/1670 train_time:174252ms step_avg:387.23ms
step:451/1670 train_time:174633ms step_avg:387.21ms
step:452/1670 train_time:175018ms step_avg:387.21ms
step:453/1670 train_time:175406ms step_avg:387.21ms
step:454/1670 train_time:175787ms step_avg:387.20ms
step:455/1670 train_time:176170ms step_avg:387.19ms
step:456/1670 train_time:176555ms step_avg:387.18ms
step:457/1670 train_time:176941ms step_avg:387.18ms
step:458/1670 train_time:177325ms step_avg:387.17ms
step:459/1670 train_time:177705ms step_avg:387.16ms
step:460/1670 train_time:178088ms step_avg:387.15ms
step:461/1670 train_time:178474ms step_avg:387.15ms
step:462/1670 train_time:178855ms step_avg:387.13ms
step:463/1670 train_time:179244ms step_avg:387.14ms
step:464/1670 train_time:179628ms step_avg:387.13ms
step:465/1670 train_time:180012ms step_avg:387.12ms
step:466/1670 train_time:180394ms step_avg:387.11ms
step:467/1670 train_time:180784ms step_avg:387.12ms
step:468/1670 train_time:181166ms step_avg:387.11ms
step:469/1670 train_time:181551ms step_avg:387.10ms
step:470/1670 train_time:181935ms step_avg:387.10ms
step:471/1670 train_time:182322ms step_avg:387.10ms
step:472/1670 train_time:182705ms step_avg:387.09ms
step:473/1670 train_time:183092ms step_avg:387.09ms
step:474/1670 train_time:183474ms step_avg:387.08ms
step:475/1670 train_time:183858ms step_avg:387.07ms
step:476/1670 train_time:184246ms step_avg:387.07ms
step:477/1670 train_time:184628ms step_avg:387.06ms
step:478/1670 train_time:185012ms step_avg:387.06ms
step:479/1670 train_time:185397ms step_avg:387.05ms
step:480/1670 train_time:185781ms step_avg:387.04ms
step:481/1670 train_time:186169ms step_avg:387.05ms
step:482/1670 train_time:186553ms step_avg:387.04ms
step:483/1670 train_time:186939ms step_avg:387.04ms
step:484/1670 train_time:187322ms step_avg:387.03ms
step:485/1670 train_time:187708ms step_avg:387.03ms
step:486/1670 train_time:188092ms step_avg:387.02ms
step:487/1670 train_time:188478ms step_avg:387.02ms
step:488/1670 train_time:188862ms step_avg:387.01ms
step:489/1670 train_time:189248ms step_avg:387.01ms
step:490/1670 train_time:189630ms step_avg:387.00ms
step:491/1670 train_time:190018ms step_avg:387.00ms
step:492/1670 train_time:190401ms step_avg:386.99ms
step:493/1670 train_time:190785ms step_avg:386.99ms
step:494/1670 train_time:191170ms step_avg:386.98ms
step:495/1670 train_time:191556ms step_avg:386.98ms
step:496/1670 train_time:191941ms step_avg:386.98ms
step:497/1670 train_time:192333ms step_avg:386.99ms
step:498/1670 train_time:192725ms step_avg:387.00ms
step:499/1670 train_time:193100ms step_avg:386.97ms
step:500/1670 train_time:193493ms step_avg:386.99ms
step:500/1670 val_loss:3.7213 train_time:193779ms step_avg:387.56ms
step:501/1670 train_time:194044ms step_avg:387.31ms
step:502/1670 train_time:194407ms step_avg:387.26ms
step:503/1670 train_time:194793ms step_avg:387.26ms
step:504/1670 train_time:195178ms step_avg:387.26ms
step:505/1670 train_time:195563ms step_avg:387.25ms
step:506/1670 train_time:195946ms step_avg:387.24ms
step:507/1670 train_time:196329ms step_avg:387.24ms
step:508/1670 train_time:196714ms step_avg:387.23ms
step:509/1670 train_time:197099ms step_avg:387.23ms
step:510/1670 train_time:197485ms step_avg:387.23ms
step:511/1670 train_time:197871ms step_avg:387.22ms
step:512/1670 train_time:198260ms step_avg:387.23ms
step:513/1670 train_time:198648ms step_avg:387.23ms
step:514/1670 train_time:199034ms step_avg:387.23ms
step:515/1670 train_time:199414ms step_avg:387.21ms
step:516/1670 train_time:199797ms step_avg:387.20ms
step:517/1670 train_time:200179ms step_avg:387.19ms
step:518/1670 train_time:200562ms step_avg:387.19ms
step:519/1670 train_time:200945ms step_avg:387.18ms
step:520/1670 train_time:201331ms step_avg:387.17ms
step:521/1670 train_time:201715ms step_avg:387.17ms
step:522/1670 train_time:202097ms step_avg:387.16ms
step:523/1670 train_time:202482ms step_avg:387.16ms
step:524/1670 train_time:202868ms step_avg:387.15ms
step:525/1670 train_time:203253ms step_avg:387.15ms
step:526/1670 train_time:203641ms step_avg:387.15ms
step:527/1670 train_time:204021ms step_avg:387.14ms
step:528/1670 train_time:204404ms step_avg:387.13ms
step:529/1670 train_time:204796ms step_avg:387.14ms
step:530/1670 train_time:205183ms step_avg:387.14ms
step:531/1670 train_time:205564ms step_avg:387.13ms
step:532/1670 train_time:205951ms step_avg:387.13ms
step:533/1670 train_time:206335ms step_avg:387.12ms
step:534/1670 train_time:206720ms step_avg:387.12ms
step:535/1670 train_time:207106ms step_avg:387.11ms
step:536/1670 train_time:207490ms step_avg:387.11ms
step:537/1670 train_time:207875ms step_avg:387.10ms
step:538/1670 train_time:208261ms step_avg:387.10ms
step:539/1670 train_time:208649ms step_avg:387.10ms
step:540/1670 train_time:209035ms step_avg:387.10ms
step:541/1670 train_time:209417ms step_avg:387.09ms
step:542/1670 train_time:209804ms step_avg:387.09ms
step:543/1670 train_time:210189ms step_avg:387.09ms
step:544/1670 train_time:210574ms step_avg:387.08ms
step:545/1670 train_time:210962ms step_avg:387.09ms
step:546/1670 train_time:211348ms step_avg:387.08ms
step:547/1670 train_time:211733ms step_avg:387.08ms
step:548/1670 train_time:212116ms step_avg:387.07ms
step:549/1670 train_time:212502ms step_avg:387.07ms
step:550/1670 train_time:212891ms step_avg:387.08ms
step:551/1670 train_time:213275ms step_avg:387.07ms
step:552/1670 train_time:213658ms step_avg:387.06ms
step:553/1670 train_time:214044ms step_avg:387.06ms
step:554/1670 train_time:214430ms step_avg:387.06ms
step:555/1670 train_time:214815ms step_avg:387.05ms
step:556/1670 train_time:215202ms step_avg:387.05ms
step:557/1670 train_time:215585ms step_avg:387.05ms
step:558/1670 train_time:215967ms step_avg:387.04ms
step:559/1670 train_time:216355ms step_avg:387.04ms
step:560/1670 train_time:216744ms step_avg:387.04ms
step:561/1670 train_time:217134ms step_avg:387.05ms
step:562/1670 train_time:217524ms step_avg:387.05ms
step:563/1670 train_time:217909ms step_avg:387.05ms
step:564/1670 train_time:218295ms step_avg:387.05ms
step:565/1670 train_time:218686ms step_avg:387.05ms
step:566/1670 train_time:219067ms step_avg:387.04ms
step:567/1670 train_time:219450ms step_avg:387.04ms
step:568/1670 train_time:219835ms step_avg:387.03ms
step:569/1670 train_time:220221ms step_avg:387.03ms
step:570/1670 train_time:220608ms step_avg:387.03ms
step:571/1670 train_time:220997ms step_avg:387.03ms
step:572/1670 train_time:221383ms step_avg:387.03ms
step:573/1670 train_time:221764ms step_avg:387.02ms
step:574/1670 train_time:222144ms step_avg:387.01ms
step:575/1670 train_time:222533ms step_avg:387.01ms
step:576/1670 train_time:222918ms step_avg:387.01ms
step:577/1670 train_time:223303ms step_avg:387.01ms
step:578/1670 train_time:223686ms step_avg:387.00ms
step:579/1670 train_time:224071ms step_avg:387.00ms
step:580/1670 train_time:224455ms step_avg:386.99ms
step:581/1670 train_time:224843ms step_avg:386.99ms
step:582/1670 train_time:225227ms step_avg:386.99ms
step:583/1670 train_time:225614ms step_avg:386.99ms
step:584/1670 train_time:225998ms step_avg:386.98ms
step:585/1670 train_time:226384ms step_avg:386.98ms
step:586/1670 train_time:226767ms step_avg:386.98ms
step:587/1670 train_time:227154ms step_avg:386.97ms
step:588/1670 train_time:227538ms step_avg:386.97ms
step:589/1670 train_time:227918ms step_avg:386.96ms
step:590/1670 train_time:228303ms step_avg:386.95ms
step:591/1670 train_time:228689ms step_avg:386.95ms
step:592/1670 train_time:229070ms step_avg:386.94ms
step:593/1670 train_time:229454ms step_avg:386.94ms
step:594/1670 train_time:229837ms step_avg:386.93ms
step:595/1670 train_time:230222ms step_avg:386.93ms
step:596/1670 train_time:230607ms step_avg:386.92ms
step:597/1670 train_time:230990ms step_avg:386.92ms
step:598/1670 train_time:231373ms step_avg:386.91ms
step:599/1670 train_time:231757ms step_avg:386.91ms
step:600/1670 train_time:232141ms step_avg:386.90ms
step:601/1670 train_time:232525ms step_avg:386.90ms
step:602/1670 train_time:232922ms step_avg:386.91ms
step:603/1670 train_time:233306ms step_avg:386.91ms
step:604/1670 train_time:233694ms step_avg:386.91ms
step:605/1670 train_time:234074ms step_avg:386.90ms
step:606/1670 train_time:234459ms step_avg:386.90ms
step:607/1670 train_time:234846ms step_avg:386.90ms
step:608/1670 train_time:235230ms step_avg:386.89ms
step:609/1670 train_time:235614ms step_avg:386.89ms
step:610/1670 train_time:235994ms step_avg:386.88ms
step:611/1670 train_time:236383ms step_avg:386.88ms
step:612/1670 train_time:236766ms step_avg:386.87ms
step:613/1670 train_time:237153ms step_avg:386.87ms
step:614/1670 train_time:237538ms step_avg:386.87ms
step:615/1670 train_time:237923ms step_avg:386.87ms
step:616/1670 train_time:238305ms step_avg:386.86ms
step:617/1670 train_time:238688ms step_avg:386.85ms
step:618/1670 train_time:239070ms step_avg:386.85ms
step:619/1670 train_time:239456ms step_avg:386.84ms
step:620/1670 train_time:239837ms step_avg:386.83ms
step:621/1670 train_time:240222ms step_avg:386.83ms
step:622/1670 train_time:240604ms step_avg:386.82ms
step:623/1670 train_time:240985ms step_avg:386.81ms
step:624/1670 train_time:241371ms step_avg:386.81ms
step:625/1670 train_time:241760ms step_avg:386.82ms
step:625/1670 val_loss:3.6184 train_time:242055ms step_avg:387.29ms
step:626/1670 train_time:242309ms step_avg:387.08ms
step:627/1670 train_time:242648ms step_avg:387.00ms
step:628/1670 train_time:243031ms step_avg:386.99ms
step:629/1670 train_time:243416ms step_avg:386.99ms
step:630/1670 train_time:243807ms step_avg:387.00ms
step:631/1670 train_time:244193ms step_avg:386.99ms
step:632/1670 train_time:244580ms step_avg:386.99ms
step:633/1670 train_time:244967ms step_avg:386.99ms
step:634/1670 train_time:245353ms step_avg:386.99ms
step:635/1670 train_time:245739ms step_avg:386.99ms
step:636/1670 train_time:246126ms step_avg:386.99ms
step:637/1670 train_time:246512ms step_avg:386.99ms
step:638/1670 train_time:246907ms step_avg:387.00ms
step:639/1670 train_time:247281ms step_avg:386.98ms
step:640/1670 train_time:247668ms step_avg:386.98ms
step:641/1670 train_time:248054ms step_avg:386.98ms
step:642/1670 train_time:248437ms step_avg:386.97ms
step:643/1670 train_time:248824ms step_avg:386.97ms
step:644/1670 train_time:249207ms step_avg:386.97ms
step:645/1670 train_time:249595ms step_avg:386.97ms
step:646/1670 train_time:249973ms step_avg:386.95ms
step:647/1670 train_time:250358ms step_avg:386.95ms
step:648/1670 train_time:250746ms step_avg:386.95ms
step:649/1670 train_time:251131ms step_avg:386.95ms
step:650/1670 train_time:251515ms step_avg:386.95ms
step:651/1670 train_time:251900ms step_avg:386.94ms
step:652/1670 train_time:252282ms step_avg:386.93ms
step:653/1670 train_time:252671ms step_avg:386.94ms
step:654/1670 train_time:253054ms step_avg:386.93ms
step:655/1670 train_time:253438ms step_avg:386.93ms
step:656/1670 train_time:253822ms step_avg:386.92ms
step:657/1670 train_time:254208ms step_avg:386.92ms
step:658/1670 train_time:254592ms step_avg:386.92ms
step:659/1670 train_time:254977ms step_avg:386.91ms
step:660/1670 train_time:255365ms step_avg:386.92ms
step:661/1670 train_time:255747ms step_avg:386.91ms
step:662/1670 train_time:256129ms step_avg:386.90ms
step:663/1670 train_time:256516ms step_avg:386.90ms
step:664/1670 train_time:256898ms step_avg:386.89ms
step:665/1670 train_time:257283ms step_avg:386.89ms
step:666/1670 train_time:257668ms step_avg:386.89ms
step:667/1670 train_time:258060ms step_avg:386.90ms
step:668/1670 train_time:258436ms step_avg:386.88ms
step:669/1670 train_time:258819ms step_avg:386.87ms
step:670/1670 train_time:259203ms step_avg:386.87ms
step:671/1670 train_time:259586ms step_avg:386.86ms
step:672/1670 train_time:259982ms step_avg:386.88ms
step:673/1670 train_time:260369ms step_avg:386.88ms
step:674/1670 train_time:260755ms step_avg:386.88ms
step:675/1670 train_time:261141ms step_avg:386.87ms
step:676/1670 train_time:261524ms step_avg:386.87ms
step:677/1670 train_time:261910ms step_avg:386.87ms
step:678/1670 train_time:262299ms step_avg:386.87ms
step:679/1670 train_time:262681ms step_avg:386.86ms
step:680/1670 train_time:263065ms step_avg:386.86ms
step:681/1670 train_time:263451ms step_avg:386.86ms
step:682/1670 train_time:263833ms step_avg:386.85ms
step:683/1670 train_time:264224ms step_avg:386.86ms
step:684/1670 train_time:264609ms step_avg:386.86ms
step:685/1670 train_time:264996ms step_avg:386.86ms
step:686/1670 train_time:265383ms step_avg:386.86ms
step:687/1670 train_time:265769ms step_avg:386.85ms
step:688/1670 train_time:266153ms step_avg:386.85ms
step:689/1670 train_time:266538ms step_avg:386.85ms
step:690/1670 train_time:266927ms step_avg:386.85ms
step:691/1670 train_time:267311ms step_avg:386.85ms
step:692/1670 train_time:267699ms step_avg:386.85ms
step:693/1670 train_time:268082ms step_avg:386.84ms
step:694/1670 train_time:268470ms step_avg:386.84ms
step:695/1670 train_time:268858ms step_avg:386.85ms
step:696/1670 train_time:269241ms step_avg:386.84ms
step:697/1670 train_time:269623ms step_avg:386.83ms
step:698/1670 train_time:270007ms step_avg:386.83ms
step:699/1670 train_time:270394ms step_avg:386.83ms
step:700/1670 train_time:270790ms step_avg:386.84ms
step:701/1670 train_time:271162ms step_avg:386.82ms
step:702/1670 train_time:271548ms step_avg:386.82ms
step:703/1670 train_time:271931ms step_avg:386.82ms
step:704/1670 train_time:272318ms step_avg:386.82ms
step:705/1670 train_time:272702ms step_avg:386.81ms
step:706/1670 train_time:273082ms step_avg:386.80ms
step:707/1670 train_time:273472ms step_avg:386.81ms
step:708/1670 train_time:273856ms step_avg:386.80ms
step:709/1670 train_time:274243ms step_avg:386.80ms
step:710/1670 train_time:274626ms step_avg:386.80ms
step:711/1670 train_time:275007ms step_avg:386.79ms
step:712/1670 train_time:275392ms step_avg:386.79ms
step:713/1670 train_time:275778ms step_avg:386.79ms
step:714/1670 train_time:276160ms step_avg:386.78ms
step:715/1670 train_time:276543ms step_avg:386.77ms
step:716/1670 train_time:276929ms step_avg:386.77ms
step:717/1670 train_time:277315ms step_avg:386.77ms
step:718/1670 train_time:277704ms step_avg:386.77ms
step:719/1670 train_time:278088ms step_avg:386.77ms
step:720/1670 train_time:278473ms step_avg:386.77ms
step:721/1670 train_time:278857ms step_avg:386.76ms
step:722/1670 train_time:279243ms step_avg:386.76ms
step:723/1670 train_time:279626ms step_avg:386.76ms
step:724/1670 train_time:280014ms step_avg:386.76ms
step:725/1670 train_time:280399ms step_avg:386.76ms
step:726/1670 train_time:280787ms step_avg:386.76ms
step:727/1670 train_time:281170ms step_avg:386.75ms
step:728/1670 train_time:281559ms step_avg:386.76ms
step:729/1670 train_time:281939ms step_avg:386.75ms
step:730/1670 train_time:282332ms step_avg:386.76ms
step:731/1670 train_time:282710ms step_avg:386.74ms
step:732/1670 train_time:283094ms step_avg:386.74ms
step:733/1670 train_time:283478ms step_avg:386.74ms
step:734/1670 train_time:283862ms step_avg:386.73ms
step:735/1670 train_time:284246ms step_avg:386.73ms
step:736/1670 train_time:284641ms step_avg:386.74ms
step:737/1670 train_time:285021ms step_avg:386.73ms
step:738/1670 train_time:285402ms step_avg:386.72ms
step:739/1670 train_time:285793ms step_avg:386.73ms
step:740/1670 train_time:286177ms step_avg:386.73ms
step:741/1670 train_time:286560ms step_avg:386.72ms
step:742/1670 train_time:286946ms step_avg:386.72ms
step:743/1670 train_time:287329ms step_avg:386.71ms
step:744/1670 train_time:287717ms step_avg:386.72ms
step:745/1670 train_time:288103ms step_avg:386.72ms
step:746/1670 train_time:288491ms step_avg:386.72ms
step:747/1670 train_time:288877ms step_avg:386.72ms
step:748/1670 train_time:289261ms step_avg:386.71ms
step:749/1670 train_time:289648ms step_avg:386.71ms
step:750/1670 train_time:290032ms step_avg:386.71ms
step:750/1670 val_loss:3.5668 train_time:290326ms step_avg:387.10ms
step:751/1670 train_time:290580ms step_avg:386.92ms
step:752/1670 train_time:290919ms step_avg:386.86ms
step:753/1670 train_time:291303ms step_avg:386.86ms
step:754/1670 train_time:291689ms step_avg:386.86ms
step:755/1670 train_time:292078ms step_avg:386.86ms
step:756/1670 train_time:292462ms step_avg:386.85ms
step:757/1670 train_time:292844ms step_avg:386.85ms
step:758/1670 train_time:293232ms step_avg:386.85ms
step:759/1670 train_time:293618ms step_avg:386.85ms
step:760/1670 train_time:294004ms step_avg:386.85ms
step:761/1670 train_time:294389ms step_avg:386.84ms
step:762/1670 train_time:294776ms step_avg:386.85ms
step:763/1670 train_time:295164ms step_avg:386.85ms
step:764/1670 train_time:295549ms step_avg:386.84ms
step:765/1670 train_time:295935ms step_avg:386.84ms
step:766/1670 train_time:296321ms step_avg:386.84ms
step:767/1670 train_time:296707ms step_avg:386.84ms
step:768/1670 train_time:297094ms step_avg:386.84ms
step:769/1670 train_time:297477ms step_avg:386.84ms
step:770/1670 train_time:297861ms step_avg:386.83ms
step:771/1670 train_time:298243ms step_avg:386.83ms
step:772/1670 train_time:298633ms step_avg:386.83ms
step:773/1670 train_time:299017ms step_avg:386.83ms
step:774/1670 train_time:299407ms step_avg:386.83ms
step:775/1670 train_time:299791ms step_avg:386.83ms
step:776/1670 train_time:300180ms step_avg:386.83ms
step:777/1670 train_time:300563ms step_avg:386.82ms
step:778/1670 train_time:300949ms step_avg:386.82ms
step:779/1670 train_time:301336ms step_avg:386.82ms
step:780/1670 train_time:301720ms step_avg:386.82ms
step:781/1670 train_time:302104ms step_avg:386.82ms
step:782/1670 train_time:302491ms step_avg:386.82ms
step:783/1670 train_time:302872ms step_avg:386.81ms
step:784/1670 train_time:303262ms step_avg:386.81ms
step:785/1670 train_time:303644ms step_avg:386.81ms
step:786/1670 train_time:304030ms step_avg:386.81ms
step:787/1670 train_time:304415ms step_avg:386.80ms
step:788/1670 train_time:304795ms step_avg:386.80ms
step:789/1670 train_time:305185ms step_avg:386.80ms
step:790/1670 train_time:305572ms step_avg:386.80ms
step:791/1670 train_time:305953ms step_avg:386.79ms
step:792/1670 train_time:306335ms step_avg:386.79ms
step:793/1670 train_time:306717ms step_avg:386.78ms
step:794/1670 train_time:307107ms step_avg:386.78ms
step:795/1670 train_time:307488ms step_avg:386.78ms
step:796/1670 train_time:307874ms step_avg:386.78ms
step:797/1670 train_time:308258ms step_avg:386.77ms
step:798/1670 train_time:308648ms step_avg:386.78ms
step:799/1670 train_time:309032ms step_avg:386.77ms
step:800/1670 train_time:309414ms step_avg:386.77ms
step:801/1670 train_time:309797ms step_avg:386.76ms
step:802/1670 train_time:310182ms step_avg:386.76ms
step:803/1670 train_time:310568ms step_avg:386.76ms
step:804/1670 train_time:310956ms step_avg:386.76ms
step:805/1670 train_time:311342ms step_avg:386.76ms
step:806/1670 train_time:311725ms step_avg:386.76ms
step:807/1670 train_time:312105ms step_avg:386.75ms
step:808/1670 train_time:312496ms step_avg:386.75ms
step:809/1670 train_time:312881ms step_avg:386.75ms
step:810/1670 train_time:313263ms step_avg:386.74ms
step:811/1670 train_time:313649ms step_avg:386.74ms
step:812/1670 train_time:314029ms step_avg:386.73ms
step:813/1670 train_time:314419ms step_avg:386.74ms
step:814/1670 train_time:314807ms step_avg:386.74ms
step:815/1670 train_time:315183ms step_avg:386.73ms
step:816/1670 train_time:315572ms step_avg:386.73ms
step:817/1670 train_time:315959ms step_avg:386.73ms
step:818/1670 train_time:316342ms step_avg:386.73ms
step:819/1670 train_time:316715ms step_avg:386.71ms
step:820/1670 train_time:317098ms step_avg:386.70ms
step:821/1670 train_time:317482ms step_avg:386.70ms
step:822/1670 train_time:317863ms step_avg:386.69ms
step:823/1670 train_time:318251ms step_avg:386.70ms
step:824/1670 train_time:318632ms step_avg:386.69ms
step:825/1670 train_time:319017ms step_avg:386.69ms
step:826/1670 train_time:319407ms step_avg:386.69ms
step:827/1670 train_time:319795ms step_avg:386.69ms
step:828/1670 train_time:320170ms step_avg:386.68ms
step:829/1670 train_time:320560ms step_avg:386.68ms
step:830/1670 train_time:320944ms step_avg:386.68ms
step:831/1670 train_time:321336ms step_avg:386.69ms
step:832/1670 train_time:321716ms step_avg:386.68ms
step:833/1670 train_time:322100ms step_avg:386.67ms
step:834/1670 train_time:322483ms step_avg:386.67ms
step:835/1670 train_time:322864ms step_avg:386.66ms
step:836/1670 train_time:323249ms step_avg:386.66ms
step:837/1670 train_time:323636ms step_avg:386.66ms
step:838/1670 train_time:324022ms step_avg:386.66ms
step:839/1670 train_time:324408ms step_avg:386.66ms
step:840/1670 train_time:324790ms step_avg:386.65ms
step:841/1670 train_time:325179ms step_avg:386.66ms
step:842/1670 train_time:325564ms step_avg:386.66ms
step:843/1670 train_time:325943ms step_avg:386.65ms
step:844/1670 train_time:326327ms step_avg:386.64ms
step:845/1670 train_time:326713ms step_avg:386.64ms
step:846/1670 train_time:327099ms step_avg:386.64ms
step:847/1670 train_time:327480ms step_avg:386.63ms
step:848/1670 train_time:327870ms step_avg:386.64ms
step:849/1670 train_time:328257ms step_avg:386.64ms
step:850/1670 train_time:328645ms step_avg:386.64ms
step:851/1670 train_time:329026ms step_avg:386.63ms
step:852/1670 train_time:329412ms step_avg:386.63ms
step:853/1670 train_time:329800ms step_avg:386.63ms
step:854/1670 train_time:330182ms step_avg:386.63ms
step:855/1670 train_time:330569ms step_avg:386.63ms
step:856/1670 train_time:330948ms step_avg:386.62ms
step:857/1670 train_time:331335ms step_avg:386.62ms
step:858/1670 train_time:331723ms step_avg:386.62ms
step:859/1670 train_time:332109ms step_avg:386.62ms
step:860/1670 train_time:332494ms step_avg:386.62ms
step:861/1670 train_time:332880ms step_avg:386.62ms
step:862/1670 train_time:333266ms step_avg:386.62ms
step:863/1670 train_time:333652ms step_avg:386.62ms
step:864/1670 train_time:334039ms step_avg:386.62ms
step:865/1670 train_time:334424ms step_avg:386.62ms
step:866/1670 train_time:334807ms step_avg:386.61ms
step:867/1670 train_time:335194ms step_avg:386.61ms
step:868/1670 train_time:335578ms step_avg:386.61ms
step:869/1670 train_time:335965ms step_avg:386.61ms
step:870/1670 train_time:336351ms step_avg:386.61ms
step:871/1670 train_time:336733ms step_avg:386.60ms
step:872/1670 train_time:337117ms step_avg:386.60ms
step:873/1670 train_time:337499ms step_avg:386.60ms
step:874/1670 train_time:337879ms step_avg:386.59ms
step:875/1670 train_time:338264ms step_avg:386.59ms
step:875/1670 val_loss:3.5191 train_time:338554ms step_avg:386.92ms
step:876/1670 train_time:338802ms step_avg:386.76ms
step:877/1670 train_time:339150ms step_avg:386.72ms
step:878/1670 train_time:339537ms step_avg:386.72ms
step:879/1670 train_time:339925ms step_avg:386.72ms
step:880/1670 train_time:340311ms step_avg:386.72ms
step:881/1670 train_time:340694ms step_avg:386.71ms
step:882/1670 train_time:341078ms step_avg:386.71ms
step:883/1670 train_time:341460ms step_avg:386.70ms
step:884/1670 train_time:341846ms step_avg:386.70ms
step:885/1670 train_time:342231ms step_avg:386.70ms
step:886/1670 train_time:342613ms step_avg:386.70ms
step:887/1670 train_time:343000ms step_avg:386.70ms
step:888/1670 train_time:343386ms step_avg:386.70ms
step:889/1670 train_time:343771ms step_avg:386.69ms
step:890/1670 train_time:344156ms step_avg:386.69ms
step:891/1670 train_time:344541ms step_avg:386.69ms
step:892/1670 train_time:344923ms step_avg:386.69ms
step:893/1670 train_time:345308ms step_avg:386.68ms
step:894/1670 train_time:345698ms step_avg:386.69ms
step:895/1670 train_time:346085ms step_avg:386.69ms
step:896/1670 train_time:346467ms step_avg:386.68ms
step:897/1670 train_time:346858ms step_avg:386.69ms
step:898/1670 train_time:347244ms step_avg:386.69ms
step:899/1670 train_time:347631ms step_avg:386.69ms
step:900/1670 train_time:348015ms step_avg:386.68ms
step:901/1670 train_time:348397ms step_avg:386.68ms
step:902/1670 train_time:348782ms step_avg:386.68ms
step:903/1670 train_time:349166ms step_avg:386.67ms
step:904/1670 train_time:349550ms step_avg:386.67ms
step:905/1670 train_time:349937ms step_avg:386.67ms
step:906/1670 train_time:350325ms step_avg:386.67ms
step:907/1670 train_time:350713ms step_avg:386.67ms
step:908/1670 train_time:351098ms step_avg:386.67ms
step:909/1670 train_time:351477ms step_avg:386.66ms
step:910/1670 train_time:351869ms step_avg:386.67ms
step:911/1670 train_time:352248ms step_avg:386.66ms
step:912/1670 train_time:352637ms step_avg:386.66ms
step:913/1670 train_time:353019ms step_avg:386.66ms
step:914/1670 train_time:353404ms step_avg:386.66ms
step:915/1670 train_time:353790ms step_avg:386.66ms
step:916/1670 train_time:354174ms step_avg:386.65ms
step:917/1670 train_time:354561ms step_avg:386.65ms
step:918/1670 train_time:354946ms step_avg:386.65ms
step:919/1670 train_time:355328ms step_avg:386.65ms
step:920/1670 train_time:355711ms step_avg:386.64ms
step:921/1670 train_time:356096ms step_avg:386.64ms
step:922/1670 train_time:356482ms step_avg:386.64ms
step:923/1670 train_time:356867ms step_avg:386.64ms
step:924/1670 train_time:357247ms step_avg:386.63ms
step:925/1670 train_time:357632ms step_avg:386.63ms
step:926/1670 train_time:358015ms step_avg:386.63ms
step:927/1670 train_time:358397ms step_avg:386.62ms
step:928/1670 train_time:358780ms step_avg:386.62ms
step:929/1670 train_time:359167ms step_avg:386.62ms
step:930/1670 train_time:359552ms step_avg:386.61ms
step:931/1670 train_time:359935ms step_avg:386.61ms
step:932/1670 train_time:360315ms step_avg:386.60ms
step:933/1670 train_time:360700ms step_avg:386.60ms
step:934/1670 train_time:361087ms step_avg:386.60ms
step:935/1670 train_time:361472ms step_avg:386.60ms
step:936/1670 train_time:361858ms step_avg:386.60ms
step:937/1670 train_time:362245ms step_avg:386.60ms
step:938/1670 train_time:362631ms step_avg:386.60ms
step:939/1670 train_time:363015ms step_avg:386.60ms
step:940/1670 train_time:363397ms step_avg:386.59ms
step:941/1670 train_time:363784ms step_avg:386.59ms
step:942/1670 train_time:364167ms step_avg:386.59ms
step:943/1670 train_time:364551ms step_avg:386.59ms
step:944/1670 train_time:364936ms step_avg:386.59ms
step:945/1670 train_time:365317ms step_avg:386.58ms
step:946/1670 train_time:365704ms step_avg:386.58ms
step:947/1670 train_time:366085ms step_avg:386.57ms
step:948/1670 train_time:366470ms step_avg:386.57ms
step:949/1670 train_time:366853ms step_avg:386.57ms
step:950/1670 train_time:367236ms step_avg:386.56ms
step:951/1670 train_time:367623ms step_avg:386.56ms
step:952/1670 train_time:368005ms step_avg:386.56ms
step:953/1670 train_time:368390ms step_avg:386.56ms
step:954/1670 train_time:368778ms step_avg:386.56ms
step:955/1670 train_time:369161ms step_avg:386.56ms
step:956/1670 train_time:369549ms step_avg:386.56ms
step:957/1670 train_time:369934ms step_avg:386.56ms
step:958/1670 train_time:370320ms step_avg:386.56ms
step:959/1670 train_time:370705ms step_avg:386.55ms
step:960/1670 train_time:371087ms step_avg:386.55ms
step:961/1670 train_time:371475ms step_avg:386.55ms
step:962/1670 train_time:371859ms step_avg:386.55ms
step:963/1670 train_time:372249ms step_avg:386.55ms
step:964/1670 train_time:372636ms step_avg:386.55ms
step:965/1670 train_time:373020ms step_avg:386.55ms
step:966/1670 train_time:373407ms step_avg:386.55ms
step:967/1670 train_time:373789ms step_avg:386.55ms
step:968/1670 train_time:374174ms step_avg:386.54ms
step:969/1670 train_time:374557ms step_avg:386.54ms
step:970/1670 train_time:374941ms step_avg:386.54ms
step:971/1670 train_time:375327ms step_avg:386.54ms
step:972/1670 train_time:375710ms step_avg:386.53ms
step:973/1670 train_time:376098ms step_avg:386.53ms
step:974/1670 train_time:376481ms step_avg:386.53ms
step:975/1670 train_time:376867ms step_avg:386.53ms
step:976/1670 train_time:377251ms step_avg:386.53ms
step:977/1670 train_time:377638ms step_avg:386.53ms
step:978/1670 train_time:378021ms step_avg:386.52ms
step:979/1670 train_time:378405ms step_avg:386.52ms
step:980/1670 train_time:378787ms step_avg:386.52ms
step:981/1670 train_time:379173ms step_avg:386.52ms
step:982/1670 train_time:379561ms step_avg:386.52ms
step:983/1670 train_time:379949ms step_avg:386.52ms
step:984/1670 train_time:380334ms step_avg:386.52ms
step:985/1670 train_time:380719ms step_avg:386.52ms
step:986/1670 train_time:381105ms step_avg:386.52ms
step:987/1670 train_time:381489ms step_avg:386.51ms
step:988/1670 train_time:381875ms step_avg:386.51ms
step:989/1670 train_time:382260ms step_avg:386.51ms
step:990/1670 train_time:382643ms step_avg:386.51ms
step:991/1670 train_time:383028ms step_avg:386.51ms
step:992/1670 train_time:383411ms step_avg:386.50ms
step:993/1670 train_time:383797ms step_avg:386.50ms
step:994/1670 train_time:384181ms step_avg:386.50ms
step:995/1670 train_time:384565ms step_avg:386.50ms
step:996/1670 train_time:384950ms step_avg:386.50ms
step:997/1670 train_time:385338ms step_avg:386.50ms
step:998/1670 train_time:385720ms step_avg:386.49ms
step:999/1670 train_time:386106ms step_avg:386.49ms
step:1000/1670 train_time:386489ms step_avg:386.49ms
step:1000/1670 val_loss:3.4678 train_time:386780ms step_avg:386.78ms
step:1001/1670 train_time:387033ms step_avg:386.65ms
step:1002/1670 train_time:387382ms step_avg:386.61ms
step:1003/1670 train_time:387761ms step_avg:386.60ms
step:1004/1670 train_time:388149ms step_avg:386.60ms
step:1005/1670 train_time:388537ms step_avg:386.60ms
step:1006/1670 train_time:388922ms step_avg:386.60ms
step:1007/1670 train_time:389308ms step_avg:386.60ms
step:1008/1670 train_time:389693ms step_avg:386.60ms
step:1009/1670 train_time:390077ms step_avg:386.60ms
step:1010/1670 train_time:390461ms step_avg:386.59ms
step:1011/1670 train_time:390847ms step_avg:386.59ms
step:1012/1670 train_time:391235ms step_avg:386.60ms
step:1013/1670 train_time:391617ms step_avg:386.59ms
step:1014/1670 train_time:391999ms step_avg:386.59ms
step:1015/1670 train_time:392381ms step_avg:386.58ms
step:1016/1670 train_time:392769ms step_avg:386.58ms
step:1017/1670 train_time:393151ms step_avg:386.58ms
step:1018/1670 train_time:393542ms step_avg:386.58ms
step:1019/1670 train_time:393926ms step_avg:386.58ms
step:1020/1670 train_time:394308ms step_avg:386.58ms
step:1021/1670 train_time:394692ms step_avg:386.57ms
step:1022/1670 train_time:395083ms step_avg:386.58ms
step:1023/1670 train_time:395469ms step_avg:386.58ms
step:1024/1670 train_time:395853ms step_avg:386.57ms
step:1025/1670 train_time:396240ms step_avg:386.58ms
step:1026/1670 train_time:396626ms step_avg:386.57ms
step:1027/1670 train_time:397008ms step_avg:386.57ms
step:1028/1670 train_time:397391ms step_avg:386.57ms
step:1029/1670 train_time:397779ms step_avg:386.57ms
step:1030/1670 train_time:398165ms step_avg:386.57ms
step:1031/1670 train_time:398551ms step_avg:386.57ms
step:1032/1670 train_time:398936ms step_avg:386.57ms
step:1033/1670 train_time:399318ms step_avg:386.56ms
step:1034/1670 train_time:399706ms step_avg:386.56ms
step:1035/1670 train_time:400090ms step_avg:386.56ms
step:1036/1670 train_time:400476ms step_avg:386.56ms
step:1037/1670 train_time:400865ms step_avg:386.56ms
step:1038/1670 train_time:401249ms step_avg:386.56ms
step:1039/1670 train_time:401631ms step_avg:386.55ms
step:1040/1670 train_time:402015ms step_avg:386.55ms
step:1041/1670 train_time:402398ms step_avg:386.55ms
step:1042/1670 train_time:402790ms step_avg:386.55ms
step:1043/1670 train_time:403173ms step_avg:386.55ms
step:1044/1670 train_time:403558ms step_avg:386.55ms
step:1045/1670 train_time:403946ms step_avg:386.55ms
step:1046/1670 train_time:404336ms step_avg:386.55ms
step:1047/1670 train_time:404718ms step_avg:386.55ms
step:1048/1670 train_time:405104ms step_avg:386.55ms
step:1049/1670 train_time:405487ms step_avg:386.55ms
step:1050/1670 train_time:405876ms step_avg:386.55ms
step:1051/1670 train_time:406263ms step_avg:386.55ms
step:1052/1670 train_time:406650ms step_avg:386.55ms
step:1053/1670 train_time:407039ms step_avg:386.55ms
step:1054/1670 train_time:407428ms step_avg:386.55ms
step:1055/1670 train_time:407810ms step_avg:386.55ms
step:1056/1670 train_time:408198ms step_avg:386.55ms
step:1057/1670 train_time:408592ms step_avg:386.56ms
step:1058/1670 train_time:408973ms step_avg:386.55ms
step:1059/1670 train_time:409357ms step_avg:386.55ms
step:1060/1670 train_time:409729ms step_avg:386.54ms
step:1061/1670 train_time:410112ms step_avg:386.53ms
step:1062/1670 train_time:410498ms step_avg:386.53ms
step:1063/1670 train_time:410895ms step_avg:386.54ms
step:1064/1670 train_time:411275ms step_avg:386.54ms
step:1065/1670 train_time:411661ms step_avg:386.54ms
step:1066/1670 train_time:412046ms step_avg:386.54ms
step:1067/1670 train_time:412432ms step_avg:386.53ms
step:1068/1670 train_time:412816ms step_avg:386.53ms
step:1069/1670 train_time:413202ms step_avg:386.53ms
step:1070/1670 train_time:413588ms step_avg:386.53ms
step:1071/1670 train_time:413972ms step_avg:386.53ms
step:1072/1670 train_time:414360ms step_avg:386.53ms
step:1073/1670 train_time:414747ms step_avg:386.53ms
step:1074/1670 train_time:415129ms step_avg:386.53ms
step:1075/1670 train_time:415508ms step_avg:386.52ms
step:1076/1670 train_time:415903ms step_avg:386.53ms
step:1077/1670 train_time:416281ms step_avg:386.52ms
step:1078/1670 train_time:416665ms step_avg:386.52ms
step:1079/1670 train_time:417050ms step_avg:386.52ms
step:1080/1670 train_time:417438ms step_avg:386.52ms
step:1081/1670 train_time:417823ms step_avg:386.52ms
step:1082/1670 train_time:418209ms step_avg:386.52ms
step:1083/1670 train_time:418593ms step_avg:386.51ms
step:1084/1670 train_time:418977ms step_avg:386.51ms
step:1085/1670 train_time:419360ms step_avg:386.51ms
step:1086/1670 train_time:419749ms step_avg:386.51ms
step:1087/1670 train_time:420130ms step_avg:386.50ms
step:1088/1670 train_time:420518ms step_avg:386.51ms
step:1089/1670 train_time:420901ms step_avg:386.50ms
step:1090/1670 train_time:421286ms step_avg:386.50ms
step:1091/1670 train_time:421669ms step_avg:386.50ms
step:1092/1670 train_time:422056ms step_avg:386.50ms
step:1093/1670 train_time:422444ms step_avg:386.50ms
step:1094/1670 train_time:422832ms step_avg:386.50ms
step:1095/1670 train_time:423213ms step_avg:386.50ms
step:1096/1670 train_time:423604ms step_avg:386.50ms
step:1097/1670 train_time:423986ms step_avg:386.50ms
step:1098/1670 train_time:424376ms step_avg:386.50ms
step:1099/1670 train_time:424760ms step_avg:386.50ms
step:1100/1670 train_time:425151ms step_avg:386.50ms
step:1101/1670 train_time:425527ms step_avg:386.49ms
step:1102/1670 train_time:425913ms step_avg:386.49ms
step:1103/1670 train_time:426297ms step_avg:386.49ms
step:1104/1670 train_time:426679ms step_avg:386.48ms
step:1105/1670 train_time:427067ms step_avg:386.49ms
step:1106/1670 train_time:427447ms step_avg:386.48ms
step:1107/1670 train_time:427836ms step_avg:386.48ms
step:1108/1670 train_time:428217ms step_avg:386.48ms
step:1109/1670 train_time:428602ms step_avg:386.48ms
step:1110/1670 train_time:428982ms step_avg:386.47ms
step:1111/1670 train_time:429367ms step_avg:386.47ms
step:1112/1670 train_time:429752ms step_avg:386.47ms
step:1113/1670 train_time:430140ms step_avg:386.47ms
step:1114/1670 train_time:430525ms step_avg:386.47ms
step:1115/1670 train_time:430911ms step_avg:386.47ms
step:1116/1670 train_time:431293ms step_avg:386.46ms
step:1117/1670 train_time:431677ms step_avg:386.46ms
step:1118/1670 train_time:432063ms step_avg:386.46ms
step:1119/1670 train_time:432453ms step_avg:386.46ms
step:1120/1670 train_time:432833ms step_avg:386.46ms
step:1121/1670 train_time:433217ms step_avg:386.46ms
step:1122/1670 train_time:433603ms step_avg:386.46ms
step:1123/1670 train_time:434008ms step_avg:386.47ms
step:1124/1670 train_time:434390ms step_avg:386.47ms
step:1125/1670 train_time:434773ms step_avg:386.47ms
step:1125/1670 val_loss:3.4137 train_time:435050ms step_avg:386.71ms
step:1126/1670 train_time:435328ms step_avg:386.61ms
step:1127/1670 train_time:435689ms step_avg:386.59ms
step:1128/1670 train_time:436072ms step_avg:386.59ms
step:1129/1670 train_time:436459ms step_avg:386.59ms
step:1130/1670 train_time:436842ms step_avg:386.59ms
step:1131/1670 train_time:437232ms step_avg:386.59ms
step:1132/1670 train_time:437612ms step_avg:386.58ms
step:1133/1670 train_time:437991ms step_avg:386.58ms
step:1134/1670 train_time:438378ms step_avg:386.58ms
step:1135/1670 train_time:438761ms step_avg:386.57ms
step:1136/1670 train_time:439149ms step_avg:386.57ms
step:1137/1670 train_time:439535ms step_avg:386.57ms
step:1138/1670 train_time:439916ms step_avg:386.57ms
step:1139/1670 train_time:440295ms step_avg:386.56ms
step:1140/1670 train_time:440677ms step_avg:386.56ms
step:1141/1670 train_time:441065ms step_avg:386.56ms
step:1142/1670 train_time:441449ms step_avg:386.56ms
step:1143/1670 train_time:441853ms step_avg:386.57ms
step:1144/1670 train_time:442237ms step_avg:386.57ms
step:1145/1670 train_time:442622ms step_avg:386.57ms
step:1146/1670 train_time:442995ms step_avg:386.56ms
step:1147/1670 train_time:443379ms step_avg:386.56ms
step:1148/1670 train_time:443769ms step_avg:386.56ms
step:1149/1670 train_time:444153ms step_avg:386.56ms
step:1150/1670 train_time:444535ms step_avg:386.55ms
step:1151/1670 train_time:444924ms step_avg:386.55ms
step:1152/1670 train_time:445307ms step_avg:386.55ms
step:1153/1670 train_time:445691ms step_avg:386.55ms
step:1154/1670 train_time:446073ms step_avg:386.55ms
step:1155/1670 train_time:446459ms step_avg:386.54ms
step:1156/1670 train_time:446841ms step_avg:386.54ms
step:1157/1670 train_time:447232ms step_avg:386.54ms
step:1158/1670 train_time:447615ms step_avg:386.54ms
step:1159/1670 train_time:447998ms step_avg:386.54ms
step:1160/1670 train_time:448383ms step_avg:386.54ms
step:1161/1670 train_time:448770ms step_avg:386.54ms
step:1162/1670 train_time:449156ms step_avg:386.54ms
step:1163/1670 train_time:449539ms step_avg:386.53ms
step:1164/1670 train_time:449928ms step_avg:386.54ms
step:1165/1670 train_time:450316ms step_avg:386.54ms
step:1166/1670 train_time:450704ms step_avg:386.54ms
step:1167/1670 train_time:451085ms step_avg:386.53ms
step:1168/1670 train_time:451465ms step_avg:386.53ms
step:1169/1670 train_time:451848ms step_avg:386.53ms
step:1170/1670 train_time:452231ms step_avg:386.52ms
step:1171/1670 train_time:452613ms step_avg:386.52ms
step:1172/1670 train_time:453001ms step_avg:386.52ms
step:1173/1670 train_time:453386ms step_avg:386.52ms
step:1174/1670 train_time:453767ms step_avg:386.51ms
step:1175/1670 train_time:454157ms step_avg:386.52ms
step:1176/1670 train_time:454538ms step_avg:386.51ms
step:1177/1670 train_time:454928ms step_avg:386.51ms
step:1178/1670 train_time:455315ms step_avg:386.52ms
step:1179/1670 train_time:455702ms step_avg:386.52ms
step:1180/1670 train_time:456091ms step_avg:386.52ms
step:1181/1670 train_time:456473ms step_avg:386.51ms
step:1182/1670 train_time:456854ms step_avg:386.51ms
step:1183/1670 train_time:457240ms step_avg:386.51ms
step:1184/1670 train_time:457620ms step_avg:386.50ms
step:1185/1670 train_time:458009ms step_avg:386.51ms
step:1186/1670 train_time:458391ms step_avg:386.50ms
step:1187/1670 train_time:458777ms step_avg:386.50ms
step:1188/1670 train_time:459162ms step_avg:386.50ms
step:1189/1670 train_time:459548ms step_avg:386.50ms
step:1190/1670 train_time:459931ms step_avg:386.50ms
step:1191/1670 train_time:460319ms step_avg:386.50ms
step:1192/1670 train_time:460703ms step_avg:386.50ms
step:1193/1670 train_time:461091ms step_avg:386.50ms
step:1194/1670 train_time:461477ms step_avg:386.50ms
step:1195/1670 train_time:461859ms step_avg:386.49ms
step:1196/1670 train_time:462245ms step_avg:386.49ms
step:1197/1670 train_time:462629ms step_avg:386.49ms
step:1198/1670 train_time:463014ms step_avg:386.49ms
step:1199/1670 train_time:463400ms step_avg:386.49ms
step:1200/1670 train_time:463783ms step_avg:386.49ms
step:1201/1670 train_time:464168ms step_avg:386.48ms
step:1202/1670 train_time:464555ms step_avg:386.49ms
step:1203/1670 train_time:464939ms step_avg:386.48ms
step:1204/1670 train_time:465325ms step_avg:386.48ms
step:1205/1670 train_time:465707ms step_avg:386.48ms
step:1206/1670 train_time:466091ms step_avg:386.48ms
step:1207/1670 train_time:466473ms step_avg:386.47ms
step:1208/1670 train_time:466857ms step_avg:386.47ms
step:1209/1670 train_time:467240ms step_avg:386.47ms
step:1210/1670 train_time:467628ms step_avg:386.47ms
step:1211/1670 train_time:468013ms step_avg:386.47ms
step:1212/1670 train_time:468400ms step_avg:386.47ms
step:1213/1670 train_time:468784ms step_avg:386.47ms
step:1214/1670 train_time:469167ms step_avg:386.46ms
step:1215/1670 train_time:469548ms step_avg:386.46ms
step:1216/1670 train_time:469930ms step_avg:386.46ms
step:1217/1670 train_time:470316ms step_avg:386.45ms
step:1218/1670 train_time:470697ms step_avg:386.45ms
step:1219/1670 train_time:471083ms step_avg:386.45ms
step:1220/1670 train_time:471473ms step_avg:386.45ms
step:1221/1670 train_time:471857ms step_avg:386.45ms
step:1222/1670 train_time:472239ms step_avg:386.45ms
step:1223/1670 train_time:472627ms step_avg:386.45ms
step:1224/1670 train_time:473008ms step_avg:386.44ms
step:1225/1670 train_time:473394ms step_avg:386.44ms
step:1226/1670 train_time:473780ms step_avg:386.44ms
step:1227/1670 train_time:474165ms step_avg:386.44ms
step:1228/1670 train_time:474547ms step_avg:386.44ms
step:1229/1670 train_time:474933ms step_avg:386.44ms
step:1230/1670 train_time:475319ms step_avg:386.44ms
step:1231/1670 train_time:475700ms step_avg:386.43ms
step:1232/1670 train_time:476084ms step_avg:386.43ms
step:1233/1670 train_time:476469ms step_avg:386.43ms
step:1234/1670 train_time:476854ms step_avg:386.43ms
step:1235/1670 train_time:477236ms step_avg:386.43ms
step:1236/1670 train_time:477625ms step_avg:386.43ms
step:1237/1670 train_time:478008ms step_avg:386.43ms
step:1238/1670 train_time:478393ms step_avg:386.42ms
step:1239/1670 train_time:478776ms step_avg:386.42ms
step:1240/1670 train_time:479161ms step_avg:386.42ms
step:1241/1670 train_time:479545ms step_avg:386.42ms
step:1242/1670 train_time:479928ms step_avg:386.42ms
step:1243/1670 train_time:480312ms step_avg:386.41ms
step:1244/1670 train_time:480703ms step_avg:386.42ms
step:1245/1670 train_time:481088ms step_avg:386.42ms
step:1246/1670 train_time:481472ms step_avg:386.41ms
step:1247/1670 train_time:481853ms step_avg:386.41ms
step:1248/1670 train_time:482237ms step_avg:386.41ms
step:1249/1670 train_time:482623ms step_avg:386.41ms
step:1250/1670 train_time:483007ms step_avg:386.41ms
step:1250/1670 val_loss:3.3740 train_time:483303ms step_avg:386.64ms
step:1251/1670 train_time:483562ms step_avg:386.54ms
step:1252/1670 train_time:483904ms step_avg:386.50ms
step:1253/1670 train_time:484294ms step_avg:386.51ms
step:1254/1670 train_time:484679ms step_avg:386.51ms
step:1255/1670 train_time:485062ms step_avg:386.50ms
step:1256/1670 train_time:485450ms step_avg:386.51ms
step:1257/1670 train_time:485838ms step_avg:386.51ms
step:1258/1670 train_time:486222ms step_avg:386.50ms
step:1259/1670 train_time:486608ms step_avg:386.50ms
step:1260/1670 train_time:486996ms step_avg:386.50ms
step:1261/1670 train_time:487387ms step_avg:386.51ms
step:1262/1670 train_time:487769ms step_avg:386.50ms
step:1263/1670 train_time:488153ms step_avg:386.50ms
step:1264/1670 train_time:488540ms step_avg:386.50ms
step:1265/1670 train_time:488920ms step_avg:386.50ms
step:1266/1670 train_time:489306ms step_avg:386.50ms
step:1267/1670 train_time:489693ms step_avg:386.50ms
step:1268/1670 train_time:490080ms step_avg:386.50ms
step:1269/1670 train_time:490468ms step_avg:386.50ms
step:1270/1670 train_time:490854ms step_avg:386.50ms
step:1271/1670 train_time:491239ms step_avg:386.50ms
step:1272/1670 train_time:491624ms step_avg:386.50ms
step:1273/1670 train_time:492010ms step_avg:386.50ms
step:1274/1670 train_time:492395ms step_avg:386.50ms
step:1275/1670 train_time:492778ms step_avg:386.49ms
step:1276/1670 train_time:493161ms step_avg:386.49ms
step:1277/1670 train_time:493545ms step_avg:386.49ms
step:1278/1670 train_time:493947ms step_avg:386.50ms
step:1279/1670 train_time:494311ms step_avg:386.48ms
step:1280/1670 train_time:494700ms step_avg:386.48ms
step:1281/1670 train_time:495084ms step_avg:386.48ms
step:1282/1670 train_time:495471ms step_avg:386.48ms
step:1283/1670 train_time:495850ms step_avg:386.48ms
step:1284/1670 train_time:496254ms step_avg:386.49ms
step:1285/1670 train_time:496624ms step_avg:386.48ms
step:1286/1670 train_time:497012ms step_avg:386.48ms
step:1287/1670 train_time:497395ms step_avg:386.48ms
step:1288/1670 train_time:497783ms step_avg:386.48ms
step:1289/1670 train_time:498167ms step_avg:386.48ms
step:1290/1670 train_time:498555ms step_avg:386.48ms
step:1291/1670 train_time:498940ms step_avg:386.48ms
step:1292/1670 train_time:499325ms step_avg:386.47ms
step:1293/1670 train_time:499709ms step_avg:386.47ms
step:1294/1670 train_time:500092ms step_avg:386.47ms
step:1295/1670 train_time:500481ms step_avg:386.47ms
step:1296/1670 train_time:500864ms step_avg:386.47ms
step:1297/1670 train_time:501250ms step_avg:386.47ms
step:1298/1670 train_time:501634ms step_avg:386.47ms
step:1299/1670 train_time:502021ms step_avg:386.47ms
step:1300/1670 train_time:502404ms step_avg:386.46ms
step:1301/1670 train_time:502787ms step_avg:386.46ms
step:1302/1670 train_time:503172ms step_avg:386.46ms
step:1303/1670 train_time:503561ms step_avg:386.46ms
step:1304/1670 train_time:503948ms step_avg:386.46ms
step:1305/1670 train_time:504332ms step_avg:386.46ms
step:1306/1670 train_time:504730ms step_avg:386.47ms
step:1307/1670 train_time:505120ms step_avg:386.47ms
step:1308/1670 train_time:505508ms step_avg:386.47ms
step:1309/1670 train_time:505890ms step_avg:386.47ms
step:1310/1670 train_time:506275ms step_avg:386.47ms
step:1311/1670 train_time:506649ms step_avg:386.46ms
step:1312/1670 train_time:507036ms step_avg:386.46ms
step:1313/1670 train_time:507421ms step_avg:386.46ms
step:1314/1670 train_time:507807ms step_avg:386.46ms
step:1315/1670 train_time:508193ms step_avg:386.46ms
step:1316/1670 train_time:508587ms step_avg:386.46ms
step:1317/1670 train_time:508972ms step_avg:386.46ms
step:1318/1670 train_time:509343ms step_avg:386.45ms
step:1319/1670 train_time:509728ms step_avg:386.45ms
step:1320/1670 train_time:510113ms step_avg:386.45ms
step:1321/1670 train_time:510500ms step_avg:386.45ms
step:1322/1670 train_time:510885ms step_avg:386.45ms
step:1323/1670 train_time:511269ms step_avg:386.45ms
step:1324/1670 train_time:511657ms step_avg:386.45ms
step:1325/1670 train_time:512039ms step_avg:386.44ms
step:1326/1670 train_time:512426ms step_avg:386.44ms
step:1327/1670 train_time:512812ms step_avg:386.44ms
step:1328/1670 train_time:513201ms step_avg:386.45ms
step:1329/1670 train_time:513581ms step_avg:386.44ms
step:1330/1670 train_time:513964ms step_avg:386.44ms
step:1331/1670 train_time:514346ms step_avg:386.44ms
step:1332/1670 train_time:514734ms step_avg:386.44ms
step:1333/1670 train_time:515118ms step_avg:386.44ms
step:1334/1670 train_time:515501ms step_avg:386.43ms
step:1335/1670 train_time:515886ms step_avg:386.43ms
step:1336/1670 train_time:516271ms step_avg:386.43ms
step:1337/1670 train_time:516658ms step_avg:386.43ms
step:1338/1670 train_time:517046ms step_avg:386.43ms
step:1339/1670 train_time:517431ms step_avg:386.43ms
step:1340/1670 train_time:517819ms step_avg:386.43ms
step:1341/1670 train_time:518208ms step_avg:386.43ms
step:1342/1670 train_time:518596ms step_avg:386.44ms
step:1343/1670 train_time:518979ms step_avg:386.43ms
step:1344/1670 train_time:519369ms step_avg:386.44ms
step:1345/1670 train_time:519751ms step_avg:386.43ms
step:1346/1670 train_time:520133ms step_avg:386.43ms
step:1347/1670 train_time:520516ms step_avg:386.43ms
step:1348/1670 train_time:520902ms step_avg:386.43ms
step:1349/1670 train_time:521288ms step_avg:386.43ms
step:1350/1670 train_time:521672ms step_avg:386.42ms
step:1351/1670 train_time:522055ms step_avg:386.42ms
step:1352/1670 train_time:522438ms step_avg:386.42ms
step:1353/1670 train_time:522823ms step_avg:386.42ms
step:1354/1670 train_time:523207ms step_avg:386.42ms
step:1355/1670 train_time:523592ms step_avg:386.41ms
step:1356/1670 train_time:523977ms step_avg:386.41ms
step:1357/1670 train_time:524364ms step_avg:386.41ms
step:1358/1670 train_time:524747ms step_avg:386.41ms
step:1359/1670 train_time:525132ms step_avg:386.41ms
step:1360/1670 train_time:525519ms step_avg:386.41ms
step:1361/1670 train_time:525903ms step_avg:386.41ms
step:1362/1670 train_time:526287ms step_avg:386.41ms
step:1363/1670 train_time:526673ms step_avg:386.41ms
step:1364/1670 train_time:527054ms step_avg:386.40ms
step:1365/1670 train_time:527441ms step_avg:386.40ms
step:1366/1670 train_time:527826ms step_avg:386.40ms
step:1367/1670 train_time:528212ms step_avg:386.40ms
step:1368/1670 train_time:528599ms step_avg:386.40ms
step:1369/1670 train_time:528984ms step_avg:386.40ms
step:1370/1670 train_time:529370ms step_avg:386.40ms
step:1371/1670 train_time:529752ms step_avg:386.40ms
step:1372/1670 train_time:530137ms step_avg:386.40ms
step:1373/1670 train_time:530520ms step_avg:386.39ms
step:1374/1670 train_time:530905ms step_avg:386.39ms
step:1375/1670 train_time:531287ms step_avg:386.39ms
step:1375/1670 val_loss:3.3396 train_time:531584ms step_avg:386.61ms
step:1376/1670 train_time:531868ms step_avg:386.53ms
step:1377/1670 train_time:532215ms step_avg:386.50ms
step:1378/1670 train_time:532597ms step_avg:386.50ms
step:1379/1670 train_time:532982ms step_avg:386.50ms
step:1380/1670 train_time:533374ms step_avg:386.50ms
step:1381/1670 train_time:533767ms step_avg:386.51ms
step:1382/1670 train_time:534151ms step_avg:386.51ms
step:1383/1670 train_time:534531ms step_avg:386.50ms
step:1384/1670 train_time:534917ms step_avg:386.50ms
step:1385/1670 train_time:535305ms step_avg:386.50ms
step:1386/1670 train_time:535690ms step_avg:386.50ms
step:1387/1670 train_time:536075ms step_avg:386.50ms
step:1388/1670 train_time:536463ms step_avg:386.50ms
step:1389/1670 train_time:536847ms step_avg:386.50ms
step:1390/1670 train_time:537231ms step_avg:386.50ms
step:1391/1670 train_time:537615ms step_avg:386.50ms
step:1392/1670 train_time:538003ms step_avg:386.50ms
step:1393/1670 train_time:538393ms step_avg:386.50ms
step:1394/1670 train_time:538775ms step_avg:386.50ms
step:1395/1670 train_time:539160ms step_avg:386.49ms
step:1396/1670 train_time:539542ms step_avg:386.49ms
step:1397/1670 train_time:539928ms step_avg:386.49ms
step:1398/1670 train_time:540312ms step_avg:386.49ms
step:1399/1670 train_time:540695ms step_avg:386.49ms
step:1400/1670 train_time:541078ms step_avg:386.48ms
step:1401/1670 train_time:541467ms step_avg:386.49ms
step:1402/1670 train_time:541855ms step_avg:386.49ms
step:1403/1670 train_time:542237ms step_avg:386.48ms
step:1404/1670 train_time:542623ms step_avg:386.48ms
step:1405/1670 train_time:543007ms step_avg:386.48ms
step:1406/1670 train_time:543391ms step_avg:386.48ms
step:1407/1670 train_time:543778ms step_avg:386.48ms
step:1408/1670 train_time:544164ms step_avg:386.48ms
step:1409/1670 train_time:544549ms step_avg:386.48ms
step:1410/1670 train_time:544934ms step_avg:386.48ms
step:1411/1670 train_time:545319ms step_avg:386.48ms
step:1412/1670 train_time:545704ms step_avg:386.48ms
step:1413/1670 train_time:546087ms step_avg:386.47ms
step:1414/1670 train_time:546474ms step_avg:386.47ms
step:1415/1670 train_time:546875ms step_avg:386.48ms
step:1416/1670 train_time:547248ms step_avg:386.47ms
step:1417/1670 train_time:547633ms step_avg:386.47ms
step:1418/1670 train_time:548014ms step_avg:386.47ms
step:1419/1670 train_time:548398ms step_avg:386.47ms
step:1420/1670 train_time:548788ms step_avg:386.47ms
step:1421/1670 train_time:549167ms step_avg:386.47ms
step:1422/1670 train_time:549550ms step_avg:386.46ms
step:1423/1670 train_time:549941ms step_avg:386.47ms
step:1424/1670 train_time:550328ms step_avg:386.47ms
step:1425/1670 train_time:550715ms step_avg:386.47ms
step:1426/1670 train_time:551103ms step_avg:386.47ms
step:1427/1670 train_time:551486ms step_avg:386.47ms
step:1428/1670 train_time:551875ms step_avg:386.47ms
step:1429/1670 train_time:552264ms step_avg:386.47ms
step:1430/1670 train_time:552652ms step_avg:386.47ms
step:1431/1670 train_time:553034ms step_avg:386.47ms
step:1432/1670 train_time:553420ms step_avg:386.47ms
step:1433/1670 train_time:553818ms step_avg:386.47ms
step:1434/1670 train_time:554191ms step_avg:386.46ms
step:1435/1670 train_time:554574ms step_avg:386.46ms
step:1436/1670 train_time:554962ms step_avg:386.46ms
step:1437/1670 train_time:555349ms step_avg:386.46ms
step:1438/1670 train_time:555734ms step_avg:386.46ms
step:1439/1670 train_time:556119ms step_avg:386.46ms
step:1440/1670 train_time:556503ms step_avg:386.46ms
step:1441/1670 train_time:556886ms step_avg:386.46ms
step:1442/1670 train_time:557271ms step_avg:386.46ms
step:1443/1670 train_time:557657ms step_avg:386.46ms
step:1444/1670 train_time:558042ms step_avg:386.46ms
step:1445/1670 train_time:558431ms step_avg:386.46ms
step:1446/1670 train_time:558818ms step_avg:386.46ms
step:1447/1670 train_time:559200ms step_avg:386.45ms
step:1448/1670 train_time:559587ms step_avg:386.45ms
step:1449/1670 train_time:559973ms step_avg:386.45ms
step:1450/1670 train_time:560355ms step_avg:386.45ms
step:1451/1670 train_time:560744ms step_avg:386.45ms
step:1452/1670 train_time:561131ms step_avg:386.45ms
step:1453/1670 train_time:561518ms step_avg:386.45ms
step:1454/1670 train_time:561903ms step_avg:386.45ms
step:1455/1670 train_time:562285ms step_avg:386.45ms
step:1456/1670 train_time:562674ms step_avg:386.45ms
step:1457/1670 train_time:563061ms step_avg:386.45ms
step:1458/1670 train_time:563449ms step_avg:386.45ms
step:1459/1670 train_time:563838ms step_avg:386.45ms
step:1460/1670 train_time:564225ms step_avg:386.46ms
step:1461/1670 train_time:564611ms step_avg:386.45ms
step:1462/1670 train_time:564993ms step_avg:386.45ms
step:1463/1670 train_time:565379ms step_avg:386.45ms
step:1464/1670 train_time:565766ms step_avg:386.45ms
step:1465/1670 train_time:566152ms step_avg:386.45ms
step:1466/1670 train_time:566536ms step_avg:386.45ms
step:1467/1670 train_time:566926ms step_avg:386.45ms
step:1468/1670 train_time:567313ms step_avg:386.45ms
step:1469/1670 train_time:567703ms step_avg:386.46ms
step:1470/1670 train_time:568092ms step_avg:386.46ms
step:1471/1670 train_time:568479ms step_avg:386.46ms
step:1472/1670 train_time:568869ms step_avg:386.46ms
step:1473/1670 train_time:569251ms step_avg:386.46ms
step:1474/1670 train_time:569639ms step_avg:386.46ms
step:1475/1670 train_time:570029ms step_avg:386.46ms
step:1476/1670 train_time:570415ms step_avg:386.46ms
step:1477/1670 train_time:570800ms step_avg:386.46ms
step:1478/1670 train_time:571193ms step_avg:386.46ms
step:1479/1670 train_time:571580ms step_avg:386.46ms
step:1480/1670 train_time:571964ms step_avg:386.46ms
step:1481/1670 train_time:572345ms step_avg:386.46ms
step:1482/1670 train_time:572747ms step_avg:386.47ms
step:1483/1670 train_time:573136ms step_avg:386.47ms
step:1484/1670 train_time:573503ms step_avg:386.46ms
step:1485/1670 train_time:573890ms step_avg:386.46ms
step:1486/1670 train_time:574276ms step_avg:386.46ms
step:1487/1670 train_time:574664ms step_avg:386.46ms
step:1488/1670 train_time:575053ms step_avg:386.46ms
step:1489/1670 train_time:575443ms step_avg:386.46ms
step:1490/1670 train_time:575826ms step_avg:386.46ms
step:1491/1670 train_time:576211ms step_avg:386.46ms
step:1492/1670 train_time:576603ms step_avg:386.46ms
step:1493/1670 train_time:576991ms step_avg:386.46ms
step:1494/1670 train_time:577375ms step_avg:386.46ms
step:1495/1670 train_time:577764ms step_avg:386.46ms
step:1496/1670 train_time:578151ms step_avg:386.46ms
step:1497/1670 train_time:578537ms step_avg:386.46ms
step:1498/1670 train_time:578925ms step_avg:386.47ms
step:1499/1670 train_time:579311ms step_avg:386.46ms
step:1500/1670 train_time:579694ms step_avg:386.46ms
step:1500/1670 val_loss:3.3100 train_time:579985ms step_avg:386.66ms
step:1501/1670 train_time:580249ms step_avg:386.58ms
step:1502/1670 train_time:580582ms step_avg:386.54ms
step:1503/1670 train_time:580968ms step_avg:386.54ms
step:1504/1670 train_time:581361ms step_avg:386.54ms
step:1505/1670 train_time:581751ms step_avg:386.55ms
step:1506/1670 train_time:582138ms step_avg:386.55ms
step:1507/1670 train_time:582524ms step_avg:386.55ms
step:1508/1670 train_time:582908ms step_avg:386.54ms
step:1509/1670 train_time:583296ms step_avg:386.54ms
step:1510/1670 train_time:583684ms step_avg:386.55ms
step:1511/1670 train_time:584074ms step_avg:386.55ms
step:1512/1670 train_time:584457ms step_avg:386.55ms
step:1513/1670 train_time:584844ms step_avg:386.55ms
step:1514/1670 train_time:585226ms step_avg:386.54ms
step:1515/1670 train_time:585614ms step_avg:386.54ms
step:1516/1670 train_time:586006ms step_avg:386.55ms
step:1517/1670 train_time:586388ms step_avg:386.54ms
step:1518/1670 train_time:586780ms step_avg:386.55ms
step:1519/1670 train_time:587167ms step_avg:386.55ms
step:1520/1670 train_time:587559ms step_avg:386.55ms
step:1521/1670 train_time:587947ms step_avg:386.55ms
step:1522/1670 train_time:588335ms step_avg:386.55ms
step:1523/1670 train_time:588713ms step_avg:386.55ms
step:1524/1670 train_time:589103ms step_avg:386.55ms
step:1525/1670 train_time:589495ms step_avg:386.55ms
step:1526/1670 train_time:589881ms step_avg:386.55ms
step:1527/1670 train_time:590265ms step_avg:386.55ms
step:1528/1670 train_time:590651ms step_avg:386.55ms
step:1529/1670 train_time:591038ms step_avg:386.55ms
step:1530/1670 train_time:591426ms step_avg:386.55ms
step:1531/1670 train_time:591815ms step_avg:386.55ms
step:1532/1670 train_time:592201ms step_avg:386.55ms
step:1533/1670 train_time:592587ms step_avg:386.55ms
step:1534/1670 train_time:592974ms step_avg:386.55ms
step:1535/1670 train_time:593356ms step_avg:386.55ms
step:1536/1670 train_time:593744ms step_avg:386.55ms
step:1537/1670 train_time:594136ms step_avg:386.56ms
step:1538/1670 train_time:594522ms step_avg:386.56ms
step:1539/1670 train_time:594909ms step_avg:386.56ms
step:1540/1670 train_time:595291ms step_avg:386.55ms
step:1541/1670 train_time:595677ms step_avg:386.55ms
step:1542/1670 train_time:596067ms step_avg:386.55ms
step:1543/1670 train_time:596458ms step_avg:386.56ms
step:1544/1670 train_time:596842ms step_avg:386.56ms
step:1545/1670 train_time:597230ms step_avg:386.56ms
step:1546/1670 train_time:597616ms step_avg:386.56ms
step:1547/1670 train_time:598003ms step_avg:386.56ms
step:1548/1670 train_time:598391ms step_avg:386.56ms
step:1549/1670 train_time:598776ms step_avg:386.56ms
step:1550/1670 train_time:599173ms step_avg:386.56ms
step:1551/1670 train_time:599561ms step_avg:386.56ms
step:1552/1670 train_time:599950ms step_avg:386.57ms
step:1553/1670 train_time:600333ms step_avg:386.56ms
step:1554/1670 train_time:600723ms step_avg:386.57ms
step:1555/1670 train_time:601111ms step_avg:386.57ms
step:1556/1670 train_time:601501ms step_avg:386.57ms
step:1557/1670 train_time:601888ms step_avg:386.57ms
step:1558/1670 train_time:602278ms step_avg:386.57ms
step:1559/1670 train_time:602664ms step_avg:386.57ms
step:1560/1670 train_time:603049ms step_avg:386.57ms
step:1561/1670 train_time:603433ms step_avg:386.57ms
step:1562/1670 train_time:603822ms step_avg:386.57ms
step:1563/1670 train_time:604208ms step_avg:386.57ms
step:1564/1670 train_time:604596ms step_avg:386.57ms
step:1565/1670 train_time:604982ms step_avg:386.57ms
step:1566/1670 train_time:605371ms step_avg:386.57ms
step:1567/1670 train_time:605756ms step_avg:386.57ms
step:1568/1670 train_time:606144ms step_avg:386.57ms
step:1569/1670 train_time:606526ms step_avg:386.57ms
step:1570/1670 train_time:606914ms step_avg:386.57ms
step:1571/1670 train_time:607299ms step_avg:386.57ms
step:1572/1670 train_time:607694ms step_avg:386.57ms
step:1573/1670 train_time:608078ms step_avg:386.57ms
step:1574/1670 train_time:608467ms step_avg:386.57ms
step:1575/1670 train_time:608855ms step_avg:386.57ms
step:1576/1670 train_time:609247ms step_avg:386.58ms
step:1577/1670 train_time:609630ms step_avg:386.58ms
step:1578/1670 train_time:610019ms step_avg:386.58ms
step:1579/1670 train_time:610403ms step_avg:386.58ms
step:1580/1670 train_time:610790ms step_avg:386.58ms
step:1581/1670 train_time:611178ms step_avg:386.58ms
step:1582/1670 train_time:611562ms step_avg:386.58ms
step:1583/1670 train_time:611948ms step_avg:386.57ms
step:1584/1670 train_time:612336ms step_avg:386.58ms
step:1585/1670 train_time:612726ms step_avg:386.58ms
step:1586/1670 train_time:613112ms step_avg:386.58ms
step:1587/1670 train_time:613499ms step_avg:386.58ms
step:1588/1670 train_time:613885ms step_avg:386.58ms
step:1589/1670 train_time:614266ms step_avg:386.57ms
step:1590/1670 train_time:614651ms step_avg:386.57ms
step:1591/1670 train_time:615039ms step_avg:386.57ms
step:1592/1670 train_time:615425ms step_avg:386.57ms
step:1593/1670 train_time:615808ms step_avg:386.57ms
step:1594/1670 train_time:616200ms step_avg:386.57ms
step:1595/1670 train_time:616586ms step_avg:386.57ms
step:1596/1670 train_time:616986ms step_avg:386.58ms
step:1597/1670 train_time:617364ms step_avg:386.58ms
step:1598/1670 train_time:617747ms step_avg:386.58ms
step:1599/1670 train_time:618138ms step_avg:386.58ms
step:1600/1670 train_time:618526ms step_avg:386.58ms
step:1601/1670 train_time:618911ms step_avg:386.58ms
step:1602/1670 train_time:619298ms step_avg:386.58ms
step:1603/1670 train_time:619684ms step_avg:386.58ms
step:1604/1670 train_time:620077ms step_avg:386.58ms
step:1605/1670 train_time:620466ms step_avg:386.58ms
step:1606/1670 train_time:620849ms step_avg:386.58ms
step:1607/1670 train_time:621237ms step_avg:386.58ms
step:1608/1670 train_time:621627ms step_avg:386.58ms
step:1609/1670 train_time:622010ms step_avg:386.58ms
step:1610/1670 train_time:622397ms step_avg:386.58ms
step:1611/1670 train_time:622791ms step_avg:386.59ms
step:1612/1670 train_time:623176ms step_avg:386.59ms
step:1613/1670 train_time:623566ms step_avg:386.59ms
step:1614/1670 train_time:623953ms step_avg:386.59ms
step:1615/1670 train_time:624339ms step_avg:386.59ms
step:1616/1670 train_time:624729ms step_avg:386.59ms
step:1617/1670 train_time:625111ms step_avg:386.59ms
step:1618/1670 train_time:625498ms step_avg:386.59ms
step:1619/1670 train_time:625885ms step_avg:386.59ms
step:1620/1670 train_time:626276ms step_avg:386.59ms
step:1621/1670 train_time:626663ms step_avg:386.59ms
step:1622/1670 train_time:627052ms step_avg:386.59ms
step:1623/1670 train_time:627438ms step_avg:386.59ms
step:1624/1670 train_time:627825ms step_avg:386.59ms
step:1625/1670 train_time:628216ms step_avg:386.59ms
step:1625/1670 val_loss:3.2857 train_time:628508ms step_avg:386.77ms
step:1626/1670 train_time:628758ms step_avg:386.69ms
step:1627/1670 train_time:629118ms step_avg:386.67ms
step:1628/1670 train_time:629505ms step_avg:386.67ms
step:1629/1670 train_time:629891ms step_avg:386.67ms
step:1630/1670 train_time:630279ms step_avg:386.67ms
step:1631/1670 train_time:630663ms step_avg:386.67ms
step:1632/1670 train_time:631062ms step_avg:386.68ms
step:1633/1670 train_time:631445ms step_avg:386.68ms
step:1634/1670 train_time:631834ms step_avg:386.68ms
step:1635/1670 train_time:632216ms step_avg:386.68ms
step:1636/1670 train_time:632604ms step_avg:386.68ms
step:1637/1670 train_time:632994ms step_avg:386.68ms
step:1638/1670 train_time:633373ms step_avg:386.67ms
step:1639/1670 train_time:633755ms step_avg:386.67ms
step:1640/1670 train_time:634141ms step_avg:386.67ms
step:1641/1670 train_time:634529ms step_avg:386.67ms
step:1642/1670 train_time:634918ms step_avg:386.67ms
step:1643/1670 train_time:635305ms step_avg:386.67ms
step:1644/1670 train_time:635693ms step_avg:386.67ms
step:1645/1670 train_time:636078ms step_avg:386.67ms
step:1646/1670 train_time:636460ms step_avg:386.67ms
step:1647/1670 train_time:636847ms step_avg:386.67ms
step:1648/1670 train_time:637233ms step_avg:386.67ms
step:1649/1670 train_time:637621ms step_avg:386.67ms
step:1650/1670 train_time:638008ms step_avg:386.67ms
step:1651/1670 train_time:638396ms step_avg:386.67ms
step:1652/1670 train_time:638784ms step_avg:386.67ms
step:1653/1670 train_time:639174ms step_avg:386.67ms
step:1654/1670 train_time:639563ms step_avg:386.68ms
step:1655/1670 train_time:639953ms step_avg:386.68ms
step:1656/1670 train_time:640340ms step_avg:386.68ms
step:1657/1670 train_time:640726ms step_avg:386.68ms
step:1658/1670 train_time:641115ms step_avg:386.68ms
step:1659/1670 train_time:641498ms step_avg:386.68ms
step:1660/1670 train_time:641885ms step_avg:386.68ms
step:1661/1670 train_time:642272ms step_avg:386.68ms
step:1662/1670 train_time:642659ms step_avg:386.68ms
step:1663/1670 train_time:643041ms step_avg:386.68ms
step:1664/1670 train_time:643431ms step_avg:386.68ms
step:1665/1670 train_time:643820ms step_avg:386.68ms
step:1666/1670 train_time:644207ms step_avg:386.68ms
step:1667/1670 train_time:644595ms step_avg:386.68ms
step:1668/1670 train_time:644985ms step_avg:386.68ms
step:1669/1670 train_time:645372ms step_avg:386.68ms
step:1670/1670 train_time:645758ms step_avg:386.68ms
step:1670/1670 val_loss:3.2773 train_time:646047ms step_avg:386.85ms
peak memory allocated: 28766 MiB reserved: 31540 MiB
total training time: 646.05s (646047ms)
