W0524 17:05:12.663000 255 site-packages/torch/distributed/run.py:766] 
W0524 17:05:12.663000 255 site-packages/torch/distributed/run.py:766] *****************************************
W0524 17:05:12.663000 255 site-packages/torch/distributed/run.py:766] Setting OMP_NUM_THREADS environment variable for each process to be 1 in default, to avoid your system being overloaded, please further tune the variable for optimal performance in your application as needed. 
W0524 17:05:12.663000 255 site-packages/torch/distributed/run.py:766] *****************************************
/root/miniconda3/envs/llm_test/lib/python3.10/site-packages/torch/autograd/__init__.py:221: UserWarning: Cannot create tensor with interal format while allow_internel_format=False, tensor will be created with base format. (Triggered internally at build/CMakeFiles/torch_npu.dir/compiler_depend.ts:338.)
  torch.ones_like(out, memory_format=torch.preserve_format)
/root/miniconda3/envs/llm_test/lib/python3.10/site-packages/torch/distributed/distributed_c10d.py:4631: UserWarning: No device id is provided via `init_process_group` or `barrier `. Using the current device set by the user. 
  warnings.warn(  # warn only once
/root/miniconda3/envs/llm_test/lib/python3.10/site-packages/torch/autograd/__init__.py:221: UserWarning: Cannot create tensor with interal format while allow_internel_format=False, tensor will be created with base format. (Triggered internally at build/CMakeFiles/torch_npu.dir/compiler_depend.ts:338.)
  torch.ones_like(out, memory_format=torch.preserve_format)
/root/miniconda3/envs/llm_test/lib/python3.10/site-packages/torch/distributed/distributed_c10d.py:4631: UserWarning: No device id is provided via `init_process_group` or `barrier `. Using the current device set by the user. 
  warnings.warn(  # warn only once
/root/miniconda3/envs/llm_test/lib/python3.10/site-packages/torch/autograd/__init__.py:221: UserWarning: Cannot create tensor with interal format while allow_internel_format=False, tensor will be created with base format. (Triggered internally at build/CMakeFiles/torch_npu.dir/compiler_depend.ts:338.)
  torch.ones_like(out, memory_format=torch.preserve_format)
/root/miniconda3/envs/llm_test/lib/python3.10/site-packages/torch/autograd/__init__.py:221: UserWarning: Cannot create tensor with interal format while allow_internel_format=False, tensor will be created with base format. (Triggered internally at build/CMakeFiles/torch_npu.dir/compiler_depend.ts:338.)
  torch.ones_like(out, memory_format=torch.preserve_format)
/root/miniconda3/envs/llm_test/lib/python3.10/site-packages/torch/autograd/__init__.py:221: UserWarning: Cannot create tensor with interal format while allow_internel_format=False, tensor will be created with base format. (Triggered internally at build/CMakeFiles/torch_npu.dir/compiler_depend.ts:338.)
  torch.ones_like(out, memory_format=torch.preserve_format)
/root/miniconda3/envs/llm_test/lib/python3.10/site-packages/torch/autograd/__init__.py:221: UserWarning: Cannot create tensor with interal format while allow_internel_format=False, tensor will be created with base format. (Triggered internally at build/CMakeFiles/torch_npu.dir/compiler_depend.ts:338.)
  torch.ones_like(out, memory_format=torch.preserve_format)
/root/miniconda3/envs/llm_test/lib/python3.10/site-packages/torch/autograd/__init__.py:221: UserWarning: Cannot create tensor with interal format while allow_internel_format=False, tensor will be created with base format. (Triggered internally at build/CMakeFiles/torch_npu.dir/compiler_depend.ts:338.)
  torch.ones_like(out, memory_format=torch.preserve_format)
/root/miniconda3/envs/llm_test/lib/python3.10/site-packages/torch/autograd/__init__.py:221: UserWarning: Cannot create tensor with interal format while allow_internel_format=False, tensor will be created with base format. (Triggered internally at build/CMakeFiles/torch_npu.dir/compiler_depend.ts:338.)
  torch.ones_like(out, memory_format=torch.preserve_format)
/root/miniconda3/envs/llm_test/lib/python3.10/site-packages/torch/autograd/__init__.py:221: UserWarning: Cannot create tensor with interal format while allow_internel_format=False, tensor will be created with base format. (Triggered internally at build/CMakeFiles/torch_npu.dir/compiler_depend.ts:338.)
  torch.ones_like(out, memory_format=torch.preserve_format)
/root/miniconda3/envs/llm_test/lib/python3.10/site-packages/torch/autograd/__init__.py:221: UserWarning: Cannot create tensor with interal format while allow_internel_format=False, tensor will be created with base format. (Triggered internally at build/CMakeFiles/torch_npu.dir/compiler_depend.ts:338.)
  torch.ones_like(out, memory_format=torch.preserve_format)
/root/miniconda3/envs/llm_test/lib/python3.10/site-packages/torch/autograd/__init__.py:221: UserWarning: Cannot create tensor with interal format while allow_internel_format=False, tensor will be created with base format. (Triggered internally at build/CMakeFiles/torch_npu.dir/compiler_depend.ts:338.)
  torch.ones_like(out, memory_format=torch.preserve_format)
/root/miniconda3/envs/llm_test/lib/python3.10/site-packages/torch/autograd/__init__.py:221: UserWarning: Cannot create tensor with interal format while allow_internel_format=False, tensor will be created with base format. (Triggered internally at build/CMakeFiles/torch_npu.dir/compiler_depend.ts:338.)
  torch.ones_like(out, memory_format=torch.preserve_format)
/root/miniconda3/envs/llm_test/lib/python3.10/site-packages/torch/autograd/__init__.py:221: UserWarning: Cannot create tensor with interal format while allow_internel_format=False, tensor will be created with base format. (Triggered internally at build/CMakeFiles/torch_npu.dir/compiler_depend.ts:338.)
  torch.ones_like(out, memory_format=torch.preserve_format)
/root/miniconda3/envs/llm_test/lib/python3.10/site-packages/torch/autograd/__init__.py:221: UserWarning: Cannot create tensor with interal format while allow_internel_format=False, tensor will be created with base format. (Triggered internally at build/CMakeFiles/torch_npu.dir/compiler_depend.ts:338.)
  torch.ones_like(out, memory_format=torch.preserve_format)
/root/miniconda3/envs/llm_test/lib/python3.10/site-packages/torch/autograd/__init__.py:221: UserWarning: Cannot create tensor with interal format while allow_internel_format=False, tensor will be created with base format. (Triggered internally at build/CMakeFiles/torch_npu.dir/compiler_depend.ts:338.)
  torch.ones_like(out, memory_format=torch.preserve_format)
/root/miniconda3/envs/llm_test/lib/python3.10/site-packages/torch/autograd/__init__.py:221: UserWarning: Cannot create tensor with interal format while allow_internel_format=False, tensor will be created with base format. (Triggered internally at build/CMakeFiles/torch_npu.dir/compiler_depend.ts:338.)
  torch.ones_like(out, memory_format=torch.preserve_format)
/root/miniconda3/envs/llm_test/lib/python3.10/site-packages/torch/distributed/distributed_c10d.py:4631: UserWarning: No device id is provided via `init_process_group` or `barrier `. Using the current device set by the user. 
  warnings.warn(  # warn only once
/root/miniconda3/envs/llm_test/lib/python3.10/site-packages/torch/distributed/distributed_c10d.py:4631: UserWarning: No device id is provided via `init_process_group` or `barrier `. Using the current device set by the user. 
  warnings.warn(  # warn only once
/root/miniconda3/envs/llm_test/lib/python3.10/site-packages/torch/distributed/distributed_c10d.py:4631: UserWarning: No device id is provided via `init_process_group` or `barrier `. Using the current device set by the user. 
  warnings.warn(  # warn only once
/root/miniconda3/envs/llm_test/lib/python3.10/site-packages/torch/distributed/distributed_c10d.py:4631: UserWarning: No device id is provided via `init_process_group` or `barrier `. Using the current device set by the user. 
  warnings.warn(  # warn only once
/root/miniconda3/envs/llm_test/lib/python3.10/site-packages/torch/distributed/distributed_c10d.py:4631: UserWarning: No device id is provided via `init_process_group` or `barrier `. Using the current device set by the user. 
  warnings.warn(  # warn only once
/root/miniconda3/envs/llm_test/lib/python3.10/site-packages/torch/distributed/distributed_c10d.py:4631: UserWarning: No device id is provided via `init_process_group` or `barrier `. Using the current device set by the user. 
  warnings.warn(  # warn only once
/root/miniconda3/envs/llm_test/lib/python3.10/site-packages/torch/distributed/distributed_c10d.py:4631: UserWarning: No device id is provided via `init_process_group` or `barrier `. Using the current device set by the user. 
  warnings.warn(  # warn only once
/root/miniconda3/envs/llm_test/lib/python3.10/site-packages/torch/distributed/distributed_c10d.py:4631: UserWarning: No device id is provided via `init_process_group` or `barrier `. Using the current device set by the user. 
  warnings.warn(  # warn only once
/root/miniconda3/envs/llm_test/lib/python3.10/site-packages/torch/distributed/distributed_c10d.py:4631: UserWarning: No device id is provided via `init_process_group` or `barrier `. Using the current device set by the user. 
  warnings.warn(  # warn only once
/root/miniconda3/envs/llm_test/lib/python3.10/site-packages/torch/distributed/distributed_c10d.py:4631: UserWarning: No device id is provided via `init_process_group` or `barrier `. Using the current device set by the user. 
  warnings.warn(  # warn only once
/root/miniconda3/envs/llm_test/lib/python3.10/site-packages/torch/distributed/distributed_c10d.py:4631: UserWarning: No device id is provided via `init_process_group` or `barrier `. Using the current device set by the user. 
  warnings.warn(  # warn only once
/root/miniconda3/envs/llm_test/lib/python3.10/site-packages/torch/distributed/distributed_c10d.py:4631: UserWarning: No device id is provided via `init_process_group` or `barrier `. Using the current device set by the user. 
  warnings.warn(  # warn only once
/root/miniconda3/envs/llm_test/lib/python3.10/site-packages/torch/distributed/distributed_c10d.py:4631: UserWarning: No device id is provided via `init_process_group` or `barrier `. Using the current device set by the user. 
  warnings.warn(  # warn only once
/root/miniconda3/envs/llm_test/lib/python3.10/site-packages/torch/distributed/distributed_c10d.py:4631: UserWarning: No device id is provided via `init_process_group` or `barrier `. Using the current device set by the user. 
  warnings.warn(  # warn only once
logs/0f4670ea-8de4-4c94-aeed-e672c791b6da.txt
/root/miniconda3/envs/llm_test/lib/python3.10/site-packages/torch_npu/utils/storage.py:89: UserWarning: TypedStorage is deprecated. It will be removed in the future and UntypedStorage will be the only storage class. This should only matter to you if you are using storages directly.  To access UntypedStorage directly, use tensor.untyped_storage() instead of tensor.storage()
  if self.device.type != 'cpu':
step:0/1670 val_loss:10.8125 train_time:0ms step_avg:0.08ms
step:1/1670 train_time:1175ms step_avg:1175.14ms
step:2/1670 train_time:1283ms step_avg:641.65ms
step:3/1670 train_time:1668ms step_avg:556.14ms
step:4/1670 train_time:2051ms step_avg:512.82ms
step:5/1670 train_time:2443ms step_avg:488.50ms
step:6/1670 train_time:2822ms step_avg:470.35ms
step:7/1670 train_time:3230ms step_avg:461.36ms
step:8/1670 train_time:3584ms step_avg:448.06ms
step:9/1670 train_time:3968ms step_avg:440.94ms
step:10/1670 train_time:4356ms step_avg:435.60ms
step:11/1670 train_time:4738ms step_avg:430.76ms
step:12/1670 train_time:5125ms step_avg:427.05ms
step:13/1670 train_time:5510ms step_avg:423.83ms
step:14/1670 train_time:5895ms step_avg:421.10ms
step:15/1670 train_time:6279ms step_avg:418.59ms
step:16/1670 train_time:6666ms step_avg:416.61ms
step:17/1670 train_time:7050ms step_avg:414.73ms
step:18/1670 train_time:7433ms step_avg:412.95ms
step:19/1670 train_time:7819ms step_avg:411.52ms
step:20/1670 train_time:8208ms step_avg:410.39ms
step:21/1670 train_time:8589ms step_avg:408.99ms
step:22/1670 train_time:8977ms step_avg:408.03ms
step:23/1670 train_time:9364ms step_avg:407.12ms
step:24/1670 train_time:9749ms step_avg:406.22ms
step:25/1670 train_time:10133ms step_avg:405.34ms
step:26/1670 train_time:10518ms step_avg:404.52ms
step:27/1670 train_time:10906ms step_avg:403.93ms
step:28/1670 train_time:11289ms step_avg:403.17ms
step:29/1670 train_time:11674ms step_avg:402.54ms
step:30/1670 train_time:12060ms step_avg:402.00ms
step:31/1670 train_time:12446ms step_avg:401.47ms
step:32/1670 train_time:12828ms step_avg:400.89ms
step:33/1670 train_time:13214ms step_avg:400.42ms
step:34/1670 train_time:13600ms step_avg:400.01ms
step:35/1670 train_time:13984ms step_avg:399.54ms
step:36/1670 train_time:14368ms step_avg:399.11ms
step:37/1670 train_time:14756ms step_avg:398.80ms
step:38/1670 train_time:15135ms step_avg:398.28ms
step:39/1670 train_time:15520ms step_avg:397.96ms
step:40/1670 train_time:15905ms step_avg:397.62ms
step:41/1670 train_time:16289ms step_avg:397.29ms
step:42/1670 train_time:16672ms step_avg:396.96ms
step:43/1670 train_time:17059ms step_avg:396.71ms
step:44/1670 train_time:17445ms step_avg:396.48ms
step:45/1670 train_time:17831ms step_avg:396.25ms
step:46/1670 train_time:18217ms step_avg:396.03ms
step:47/1670 train_time:18602ms step_avg:395.80ms
step:48/1670 train_time:18985ms step_avg:395.51ms
step:49/1670 train_time:19372ms step_avg:395.35ms
step:50/1670 train_time:19758ms step_avg:395.15ms
step:51/1670 train_time:20145ms step_avg:394.99ms
step:52/1670 train_time:20531ms step_avg:394.82ms
step:53/1670 train_time:20914ms step_avg:394.60ms
step:54/1670 train_time:21297ms step_avg:394.40ms
step:55/1670 train_time:21684ms step_avg:394.25ms
step:56/1670 train_time:22064ms step_avg:394.01ms
step:57/1670 train_time:22452ms step_avg:393.89ms
step:58/1670 train_time:22838ms step_avg:393.76ms
step:59/1670 train_time:23224ms step_avg:393.62ms
step:60/1670 train_time:23608ms step_avg:393.46ms
step:61/1670 train_time:23992ms step_avg:393.31ms
step:62/1670 train_time:24378ms step_avg:393.19ms
step:63/1670 train_time:24766ms step_avg:393.11ms
step:64/1670 train_time:25148ms step_avg:392.94ms
step:65/1670 train_time:25532ms step_avg:392.80ms
step:66/1670 train_time:25916ms step_avg:392.66ms
step:67/1670 train_time:26298ms step_avg:392.51ms
step:68/1670 train_time:26679ms step_avg:392.34ms
step:69/1670 train_time:27065ms step_avg:392.25ms
step:70/1670 train_time:27454ms step_avg:392.20ms
step:71/1670 train_time:27840ms step_avg:392.11ms
step:72/1670 train_time:28225ms step_avg:392.01ms
step:73/1670 train_time:28612ms step_avg:391.94ms
step:74/1670 train_time:28996ms step_avg:391.84ms
step:75/1670 train_time:29387ms step_avg:391.83ms
step:76/1670 train_time:29771ms step_avg:391.72ms
step:77/1670 train_time:30159ms step_avg:391.68ms
step:78/1670 train_time:30543ms step_avg:391.58ms
step:79/1670 train_time:30930ms step_avg:391.52ms
step:80/1670 train_time:31318ms step_avg:391.47ms
step:81/1670 train_time:31701ms step_avg:391.38ms
step:82/1670 train_time:32088ms step_avg:391.31ms
step:83/1670 train_time:32474ms step_avg:391.25ms
step:84/1670 train_time:32861ms step_avg:391.21ms
step:85/1670 train_time:33245ms step_avg:391.12ms
step:86/1670 train_time:33635ms step_avg:391.11ms
step:87/1670 train_time:34018ms step_avg:391.02ms
step:88/1670 train_time:34406ms step_avg:390.97ms
step:89/1670 train_time:34790ms step_avg:390.90ms
step:90/1670 train_time:35174ms step_avg:390.82ms
step:91/1670 train_time:35560ms step_avg:390.77ms
step:92/1670 train_time:35942ms step_avg:390.67ms
step:93/1670 train_time:36328ms step_avg:390.62ms
step:94/1670 train_time:36730ms step_avg:390.75ms
step:95/1670 train_time:37097ms step_avg:390.49ms
step:96/1670 train_time:37481ms step_avg:390.43ms
step:97/1670 train_time:37866ms step_avg:390.37ms
step:98/1670 train_time:38253ms step_avg:390.34ms
step:99/1670 train_time:38640ms step_avg:390.30ms
step:100/1670 train_time:39025ms step_avg:390.25ms
step:101/1670 train_time:39416ms step_avg:390.26ms
step:102/1670 train_time:39797ms step_avg:390.17ms
step:103/1670 train_time:40178ms step_avg:390.07ms
step:104/1670 train_time:40562ms step_avg:390.02ms
step:105/1670 train_time:40944ms step_avg:389.94ms
step:106/1670 train_time:41329ms step_avg:389.90ms
step:107/1670 train_time:41716ms step_avg:389.87ms
step:108/1670 train_time:42099ms step_avg:389.81ms
step:109/1670 train_time:42483ms step_avg:389.76ms
step:110/1670 train_time:42866ms step_avg:389.69ms
step:111/1670 train_time:43255ms step_avg:389.68ms
step:112/1670 train_time:43639ms step_avg:389.63ms
step:113/1670 train_time:44026ms step_avg:389.61ms
step:114/1670 train_time:44413ms step_avg:389.59ms
step:115/1670 train_time:44794ms step_avg:389.51ms
step:116/1670 train_time:45179ms step_avg:389.48ms
step:117/1670 train_time:45566ms step_avg:389.45ms
step:118/1670 train_time:45950ms step_avg:389.40ms
step:119/1670 train_time:46332ms step_avg:389.34ms
step:120/1670 train_time:46718ms step_avg:389.31ms
step:121/1670 train_time:47105ms step_avg:389.30ms
step:122/1670 train_time:47489ms step_avg:389.25ms
step:123/1670 train_time:47874ms step_avg:389.22ms
step:124/1670 train_time:48255ms step_avg:389.15ms
step:125/1670 train_time:48638ms step_avg:389.11ms
step:125/1670 val_loss:4.3391 train_time:48930ms step_avg:391.44ms
step:126/1670 train_time:49195ms step_avg:390.44ms
step:127/1670 train_time:49533ms step_avg:390.03ms
step:128/1670 train_time:49916ms step_avg:389.97ms
step:129/1670 train_time:50302ms step_avg:389.94ms
step:130/1670 train_time:50692ms step_avg:389.94ms
step:131/1670 train_time:51089ms step_avg:390.00ms
step:132/1670 train_time:51462ms step_avg:389.86ms
step:133/1670 train_time:51845ms step_avg:389.81ms
step:134/1670 train_time:52230ms step_avg:389.78ms
step:135/1670 train_time:52612ms step_avg:389.72ms
step:136/1670 train_time:52993ms step_avg:389.66ms
step:137/1670 train_time:53377ms step_avg:389.61ms
step:138/1670 train_time:53759ms step_avg:389.56ms
step:139/1670 train_time:54147ms step_avg:389.55ms
step:140/1670 train_time:54530ms step_avg:389.50ms
step:141/1670 train_time:54917ms step_avg:389.48ms
step:142/1670 train_time:55301ms step_avg:389.44ms
step:143/1670 train_time:55688ms step_avg:389.43ms
step:144/1670 train_time:56072ms step_avg:389.39ms
step:145/1670 train_time:56457ms step_avg:389.36ms
step:146/1670 train_time:56844ms step_avg:389.34ms
step:147/1670 train_time:57224ms step_avg:389.28ms
step:148/1670 train_time:57609ms step_avg:389.25ms
step:149/1670 train_time:57996ms step_avg:389.24ms
step:150/1670 train_time:58380ms step_avg:389.20ms
step:151/1670 train_time:58765ms step_avg:389.17ms
step:152/1670 train_time:59150ms step_avg:389.15ms
step:153/1670 train_time:59531ms step_avg:389.09ms
step:154/1670 train_time:59917ms step_avg:389.07ms
step:155/1670 train_time:60299ms step_avg:389.02ms
step:156/1670 train_time:60684ms step_avg:389.00ms
step:157/1670 train_time:61074ms step_avg:389.00ms
step:158/1670 train_time:61458ms step_avg:388.98ms
step:159/1670 train_time:61845ms step_avg:388.96ms
step:160/1670 train_time:62228ms step_avg:388.92ms
step:161/1670 train_time:62612ms step_avg:388.89ms
step:162/1670 train_time:62996ms step_avg:388.86ms
step:163/1670 train_time:63381ms step_avg:388.84ms
step:164/1670 train_time:63765ms step_avg:388.81ms
step:165/1670 train_time:64154ms step_avg:388.81ms
step:166/1670 train_time:64535ms step_avg:388.76ms
step:167/1670 train_time:64915ms step_avg:388.71ms
step:168/1670 train_time:65309ms step_avg:388.74ms
step:169/1670 train_time:65696ms step_avg:388.74ms
step:170/1670 train_time:66090ms step_avg:388.77ms
step:171/1670 train_time:66460ms step_avg:388.66ms
step:172/1670 train_time:66853ms step_avg:388.68ms
step:173/1670 train_time:67233ms step_avg:388.63ms
step:174/1670 train_time:67619ms step_avg:388.61ms
step:175/1670 train_time:68000ms step_avg:388.57ms
step:176/1670 train_time:68389ms step_avg:388.57ms
step:177/1670 train_time:68773ms step_avg:388.55ms
step:178/1670 train_time:69157ms step_avg:388.52ms
step:179/1670 train_time:69542ms step_avg:388.51ms
step:180/1670 train_time:69925ms step_avg:388.47ms
step:181/1670 train_time:70312ms step_avg:388.46ms
step:182/1670 train_time:70696ms step_avg:388.44ms
step:183/1670 train_time:71082ms step_avg:388.43ms
step:184/1670 train_time:71467ms step_avg:388.41ms
step:185/1670 train_time:71853ms step_avg:388.40ms
step:186/1670 train_time:72236ms step_avg:388.37ms
step:187/1670 train_time:72619ms step_avg:388.34ms
step:188/1670 train_time:73006ms step_avg:388.33ms
step:189/1670 train_time:73389ms step_avg:388.30ms
step:190/1670 train_time:73773ms step_avg:388.28ms
step:191/1670 train_time:74156ms step_avg:388.25ms
step:192/1670 train_time:74543ms step_avg:388.25ms
step:193/1670 train_time:74924ms step_avg:388.21ms
step:194/1670 train_time:75312ms step_avg:388.21ms
step:195/1670 train_time:75695ms step_avg:388.18ms
step:196/1670 train_time:76083ms step_avg:388.18ms
step:197/1670 train_time:76469ms step_avg:388.17ms
step:198/1670 train_time:76857ms step_avg:388.16ms
step:199/1670 train_time:77243ms step_avg:388.16ms
step:200/1670 train_time:77627ms step_avg:388.14ms
step:201/1670 train_time:78007ms step_avg:388.09ms
step:202/1670 train_time:78394ms step_avg:388.09ms
step:203/1670 train_time:78780ms step_avg:388.08ms
step:204/1670 train_time:79168ms step_avg:388.08ms
step:205/1670 train_time:79548ms step_avg:388.04ms
step:206/1670 train_time:79937ms step_avg:388.04ms
step:207/1670 train_time:80320ms step_avg:388.02ms
step:208/1670 train_time:80705ms step_avg:388.01ms
step:209/1670 train_time:81089ms step_avg:387.99ms
step:210/1670 train_time:81476ms step_avg:387.98ms
step:211/1670 train_time:81860ms step_avg:387.96ms
step:212/1670 train_time:82247ms step_avg:387.96ms
step:213/1670 train_time:82633ms step_avg:387.95ms
step:214/1670 train_time:83016ms step_avg:387.93ms
step:215/1670 train_time:83400ms step_avg:387.91ms
step:216/1670 train_time:83784ms step_avg:387.89ms
step:217/1670 train_time:84164ms step_avg:387.85ms
step:218/1670 train_time:84549ms step_avg:387.84ms
step:219/1670 train_time:84934ms step_avg:387.83ms
step:220/1670 train_time:85318ms step_avg:387.81ms
step:221/1670 train_time:85698ms step_avg:387.77ms
step:222/1670 train_time:86090ms step_avg:387.79ms
step:223/1670 train_time:86467ms step_avg:387.75ms
step:224/1670 train_time:86855ms step_avg:387.75ms
step:225/1670 train_time:87239ms step_avg:387.73ms
step:226/1670 train_time:87625ms step_avg:387.72ms
step:227/1670 train_time:88006ms step_avg:387.69ms
step:228/1670 train_time:88396ms step_avg:387.70ms
step:229/1670 train_time:88780ms step_avg:387.69ms
step:230/1670 train_time:89166ms step_avg:387.68ms
step:231/1670 train_time:89556ms step_avg:387.69ms
step:232/1670 train_time:89939ms step_avg:387.67ms
step:233/1670 train_time:90324ms step_avg:387.65ms
step:234/1670 train_time:90707ms step_avg:387.64ms
step:235/1670 train_time:91094ms step_avg:387.63ms
step:236/1670 train_time:91478ms step_avg:387.62ms
step:237/1670 train_time:91872ms step_avg:387.65ms
step:238/1670 train_time:92242ms step_avg:387.57ms
step:239/1670 train_time:92627ms step_avg:387.56ms
step:240/1670 train_time:93010ms step_avg:387.54ms
step:241/1670 train_time:93394ms step_avg:387.53ms
step:242/1670 train_time:93775ms step_avg:387.50ms
step:243/1670 train_time:94160ms step_avg:387.49ms
step:244/1670 train_time:94543ms step_avg:387.47ms
step:245/1670 train_time:94932ms step_avg:387.48ms
step:246/1670 train_time:95315ms step_avg:387.46ms
step:247/1670 train_time:95700ms step_avg:387.45ms
step:248/1670 train_time:96083ms step_avg:387.43ms
step:249/1670 train_time:96473ms step_avg:387.44ms
step:250/1670 train_time:96855ms step_avg:387.42ms
step:250/1670 val_loss:3.9750 train_time:97147ms step_avg:388.59ms
step:251/1670 train_time:97383ms step_avg:387.98ms
step:252/1670 train_time:97734ms step_avg:387.83ms
step:253/1670 train_time:98121ms step_avg:387.83ms
step:254/1670 train_time:98510ms step_avg:387.83ms
step:255/1670 train_time:98896ms step_avg:387.83ms
step:256/1670 train_time:99280ms step_avg:387.81ms
step:257/1670 train_time:99668ms step_avg:387.81ms
step:258/1670 train_time:100054ms step_avg:387.81ms
step:259/1670 train_time:100440ms step_avg:387.80ms
step:260/1670 train_time:100840ms step_avg:387.85ms
step:261/1670 train_time:101228ms step_avg:387.85ms
step:262/1670 train_time:101610ms step_avg:387.83ms
step:263/1670 train_time:101981ms step_avg:387.76ms
step:264/1670 train_time:102360ms step_avg:387.73ms
step:265/1670 train_time:102743ms step_avg:387.71ms
step:266/1670 train_time:103127ms step_avg:387.69ms
step:267/1670 train_time:103509ms step_avg:387.68ms
step:268/1670 train_time:103888ms step_avg:387.64ms
step:269/1670 train_time:104276ms step_avg:387.64ms
step:270/1670 train_time:104658ms step_avg:387.62ms
step:271/1670 train_time:105041ms step_avg:387.61ms
step:272/1670 train_time:105426ms step_avg:387.60ms
step:273/1670 train_time:105815ms step_avg:387.60ms
step:274/1670 train_time:106197ms step_avg:387.58ms
step:275/1670 train_time:106581ms step_avg:387.57ms
step:276/1670 train_time:106961ms step_avg:387.54ms
step:277/1670 train_time:107348ms step_avg:387.54ms
step:278/1670 train_time:107729ms step_avg:387.51ms
step:279/1670 train_time:108112ms step_avg:387.50ms
step:280/1670 train_time:108500ms step_avg:387.50ms
step:281/1670 train_time:108883ms step_avg:387.48ms
step:282/1670 train_time:109271ms step_avg:387.48ms
step:283/1670 train_time:109653ms step_avg:387.47ms
step:284/1670 train_time:110036ms step_avg:387.45ms
step:285/1670 train_time:110421ms step_avg:387.44ms
step:286/1670 train_time:110806ms step_avg:387.43ms
step:287/1670 train_time:111186ms step_avg:387.41ms
step:288/1670 train_time:111576ms step_avg:387.42ms
step:289/1670 train_time:111958ms step_avg:387.40ms
step:290/1670 train_time:112347ms step_avg:387.40ms
step:291/1670 train_time:112729ms step_avg:387.39ms
step:292/1670 train_time:113115ms step_avg:387.38ms
step:293/1670 train_time:113500ms step_avg:387.37ms
step:294/1670 train_time:113889ms step_avg:387.38ms
step:295/1670 train_time:114273ms step_avg:387.37ms
step:296/1670 train_time:114657ms step_avg:387.35ms
step:297/1670 train_time:115045ms step_avg:387.36ms
step:298/1670 train_time:115425ms step_avg:387.33ms
step:299/1670 train_time:115806ms step_avg:387.31ms
step:300/1670 train_time:116193ms step_avg:387.31ms
step:301/1670 train_time:116574ms step_avg:387.29ms
step:302/1670 train_time:116961ms step_avg:387.29ms
step:303/1670 train_time:117350ms step_avg:387.29ms
step:304/1670 train_time:117730ms step_avg:387.27ms
step:305/1670 train_time:118115ms step_avg:387.26ms
step:306/1670 train_time:118500ms step_avg:387.26ms
step:307/1670 train_time:118882ms step_avg:387.24ms
step:308/1670 train_time:119266ms step_avg:387.23ms
step:309/1670 train_time:119651ms step_avg:387.22ms
step:310/1670 train_time:120038ms step_avg:387.22ms
step:311/1670 train_time:120424ms step_avg:387.22ms
step:312/1670 train_time:120811ms step_avg:387.21ms
step:313/1670 train_time:121193ms step_avg:387.20ms
step:314/1670 train_time:121578ms step_avg:387.19ms
step:315/1670 train_time:121964ms step_avg:387.19ms
step:316/1670 train_time:122351ms step_avg:387.19ms
step:317/1670 train_time:122736ms step_avg:387.18ms
step:318/1670 train_time:123124ms step_avg:387.18ms
step:319/1670 train_time:123507ms step_avg:387.17ms
step:320/1670 train_time:123891ms step_avg:387.16ms
step:321/1670 train_time:124279ms step_avg:387.16ms
step:322/1670 train_time:124663ms step_avg:387.15ms
step:323/1670 train_time:125048ms step_avg:387.15ms
step:324/1670 train_time:125443ms step_avg:387.17ms
step:325/1670 train_time:125826ms step_avg:387.16ms
step:326/1670 train_time:126211ms step_avg:387.15ms
step:327/1670 train_time:126581ms step_avg:387.10ms
step:328/1670 train_time:126962ms step_avg:387.08ms
step:329/1670 train_time:127349ms step_avg:387.08ms
step:330/1670 train_time:127733ms step_avg:387.07ms
step:331/1670 train_time:128117ms step_avg:387.06ms
step:332/1670 train_time:128498ms step_avg:387.04ms
step:333/1670 train_time:128886ms step_avg:387.04ms
step:334/1670 train_time:129269ms step_avg:387.03ms
step:335/1670 train_time:129651ms step_avg:387.02ms
step:336/1670 train_time:130035ms step_avg:387.01ms
step:337/1670 train_time:130417ms step_avg:386.99ms
step:338/1670 train_time:130798ms step_avg:386.98ms
step:339/1670 train_time:131185ms step_avg:386.98ms
step:340/1670 train_time:131569ms step_avg:386.97ms
step:341/1670 train_time:131953ms step_avg:386.96ms
step:342/1670 train_time:132336ms step_avg:386.95ms
step:343/1670 train_time:132722ms step_avg:386.94ms
step:344/1670 train_time:133114ms step_avg:386.96ms
step:345/1670 train_time:133497ms step_avg:386.95ms
step:346/1670 train_time:133882ms step_avg:386.94ms
step:347/1670 train_time:134266ms step_avg:386.93ms
step:348/1670 train_time:134648ms step_avg:386.92ms
step:349/1670 train_time:135033ms step_avg:386.92ms
step:350/1670 train_time:135422ms step_avg:386.92ms
step:351/1670 train_time:135808ms step_avg:386.92ms
step:352/1670 train_time:136189ms step_avg:386.90ms
step:353/1670 train_time:136572ms step_avg:386.89ms
step:354/1670 train_time:136957ms step_avg:386.88ms
step:355/1670 train_time:137341ms step_avg:386.88ms
step:356/1670 train_time:137725ms step_avg:386.87ms
step:357/1670 train_time:138108ms step_avg:386.86ms
step:358/1670 train_time:138491ms step_avg:386.85ms
step:359/1670 train_time:138875ms step_avg:386.84ms
step:360/1670 train_time:139259ms step_avg:386.83ms
step:361/1670 train_time:139640ms step_avg:386.81ms
step:362/1670 train_time:140029ms step_avg:386.82ms
step:363/1670 train_time:140410ms step_avg:386.80ms
step:364/1670 train_time:140798ms step_avg:386.81ms
step:365/1670 train_time:141198ms step_avg:386.84ms
step:366/1670 train_time:141565ms step_avg:386.79ms
step:367/1670 train_time:141953ms step_avg:386.79ms
step:368/1670 train_time:142338ms step_avg:386.79ms
step:369/1670 train_time:142723ms step_avg:386.78ms
step:370/1670 train_time:143106ms step_avg:386.77ms
step:371/1670 train_time:143488ms step_avg:386.76ms
step:372/1670 train_time:143878ms step_avg:386.77ms
step:373/1670 train_time:144260ms step_avg:386.76ms
step:374/1670 train_time:144647ms step_avg:386.76ms
step:375/1670 train_time:145032ms step_avg:386.75ms
step:375/1670 val_loss:3.8270 train_time:145323ms step_avg:387.53ms
step:376/1670 train_time:145595ms step_avg:387.22ms
step:377/1670 train_time:145937ms step_avg:387.10ms
step:378/1670 train_time:146319ms step_avg:387.09ms
step:379/1670 train_time:146707ms step_avg:387.09ms
step:380/1670 train_time:147092ms step_avg:387.08ms
step:381/1670 train_time:147476ms step_avg:387.08ms
step:382/1670 train_time:147860ms step_avg:387.07ms
step:383/1670 train_time:148246ms step_avg:387.06ms
step:384/1670 train_time:148629ms step_avg:387.05ms
step:385/1670 train_time:149012ms step_avg:387.04ms
step:386/1670 train_time:149404ms step_avg:387.06ms
step:387/1670 train_time:149790ms step_avg:387.06ms
step:388/1670 train_time:150177ms step_avg:387.05ms
step:389/1670 train_time:150562ms step_avg:387.05ms
step:390/1670 train_time:150947ms step_avg:387.04ms
step:391/1670 train_time:151331ms step_avg:387.04ms
step:392/1670 train_time:151716ms step_avg:387.03ms
step:393/1670 train_time:152097ms step_avg:387.01ms
step:394/1670 train_time:152480ms step_avg:387.00ms
step:395/1670 train_time:152865ms step_avg:387.00ms
step:396/1670 train_time:153251ms step_avg:387.00ms
step:397/1670 train_time:153633ms step_avg:386.98ms
step:398/1670 train_time:154025ms step_avg:387.00ms
step:399/1670 train_time:154407ms step_avg:386.98ms
step:400/1670 train_time:154793ms step_avg:386.98ms
step:401/1670 train_time:155183ms step_avg:386.99ms
step:402/1670 train_time:155565ms step_avg:386.98ms
step:403/1670 train_time:155949ms step_avg:386.97ms
step:404/1670 train_time:156332ms step_avg:386.96ms
step:405/1670 train_time:156717ms step_avg:386.96ms
step:406/1670 train_time:157097ms step_avg:386.94ms
step:407/1670 train_time:157483ms step_avg:386.94ms
step:408/1670 train_time:157870ms step_avg:386.94ms
step:409/1670 train_time:158257ms step_avg:386.94ms
step:410/1670 train_time:158642ms step_avg:386.93ms
step:411/1670 train_time:159031ms step_avg:386.94ms
step:412/1670 train_time:159412ms step_avg:386.92ms
step:413/1670 train_time:159795ms step_avg:386.91ms
step:414/1670 train_time:160182ms step_avg:386.91ms
step:415/1670 train_time:160571ms step_avg:386.92ms
step:416/1670 train_time:160952ms step_avg:386.90ms
step:417/1670 train_time:161337ms step_avg:386.90ms
step:418/1670 train_time:161716ms step_avg:386.88ms
step:419/1670 train_time:162099ms step_avg:386.87ms
step:420/1670 train_time:162483ms step_avg:386.87ms
step:421/1670 train_time:162870ms step_avg:386.86ms
step:422/1670 train_time:163256ms step_avg:386.86ms
step:423/1670 train_time:163641ms step_avg:386.86ms
step:424/1670 train_time:164027ms step_avg:386.86ms
step:425/1670 train_time:164415ms step_avg:386.86ms
step:426/1670 train_time:164800ms step_avg:386.86ms
step:427/1670 train_time:165185ms step_avg:386.85ms
step:428/1670 train_time:165568ms step_avg:386.84ms
step:429/1670 train_time:165951ms step_avg:386.83ms
step:430/1670 train_time:166336ms step_avg:386.83ms
step:431/1670 train_time:166721ms step_avg:386.82ms
step:432/1670 train_time:167104ms step_avg:386.81ms
step:433/1670 train_time:167489ms step_avg:386.81ms
step:434/1670 train_time:167875ms step_avg:386.81ms
step:435/1670 train_time:168260ms step_avg:386.80ms
step:436/1670 train_time:168642ms step_avg:386.79ms
step:437/1670 train_time:169027ms step_avg:386.79ms
step:438/1670 train_time:169409ms step_avg:386.78ms
step:439/1670 train_time:169794ms step_avg:386.78ms
step:440/1670 train_time:170183ms step_avg:386.78ms
step:441/1670 train_time:170572ms step_avg:386.78ms
step:442/1670 train_time:170955ms step_avg:386.78ms
step:443/1670 train_time:171343ms step_avg:386.78ms
step:444/1670 train_time:171727ms step_avg:386.77ms
step:445/1670 train_time:172113ms step_avg:386.77ms
step:446/1670 train_time:172494ms step_avg:386.76ms
step:447/1670 train_time:172878ms step_avg:386.75ms
step:448/1670 train_time:173261ms step_avg:386.74ms
step:449/1670 train_time:173648ms step_avg:386.74ms
step:450/1670 train_time:174031ms step_avg:386.74ms
step:451/1670 train_time:174417ms step_avg:386.73ms
step:452/1670 train_time:174803ms step_avg:386.73ms
step:453/1670 train_time:175188ms step_avg:386.73ms
step:454/1670 train_time:175577ms step_avg:386.73ms
step:455/1670 train_time:175956ms step_avg:386.72ms
step:456/1670 train_time:176338ms step_avg:386.71ms
step:457/1670 train_time:176724ms step_avg:386.70ms
step:458/1670 train_time:177106ms step_avg:386.69ms
step:459/1670 train_time:177488ms step_avg:386.68ms
step:460/1670 train_time:177869ms step_avg:386.67ms
step:461/1670 train_time:178254ms step_avg:386.67ms
step:462/1670 train_time:178637ms step_avg:386.66ms
step:463/1670 train_time:179026ms step_avg:386.66ms
step:464/1670 train_time:179410ms step_avg:386.66ms
step:465/1670 train_time:179791ms step_avg:386.65ms
step:466/1670 train_time:180174ms step_avg:386.64ms
step:467/1670 train_time:180569ms step_avg:386.66ms
step:468/1670 train_time:180949ms step_avg:386.64ms
step:469/1670 train_time:181336ms step_avg:386.64ms
step:470/1670 train_time:181717ms step_avg:386.63ms
step:471/1670 train_time:182104ms step_avg:386.63ms
step:472/1670 train_time:182488ms step_avg:386.63ms
step:473/1670 train_time:182875ms step_avg:386.63ms
step:474/1670 train_time:183259ms step_avg:386.62ms
step:475/1670 train_time:183641ms step_avg:386.61ms
step:476/1670 train_time:184029ms step_avg:386.61ms
step:477/1670 train_time:184414ms step_avg:386.61ms
step:478/1670 train_time:184795ms step_avg:386.60ms
step:479/1670 train_time:185179ms step_avg:386.60ms
step:480/1670 train_time:185563ms step_avg:386.59ms
step:481/1670 train_time:185953ms step_avg:386.60ms
step:482/1670 train_time:186336ms step_avg:386.59ms
step:483/1670 train_time:186722ms step_avg:386.59ms
step:484/1670 train_time:187105ms step_avg:386.58ms
step:485/1670 train_time:187494ms step_avg:386.59ms
step:486/1670 train_time:187876ms step_avg:386.58ms
step:487/1670 train_time:188261ms step_avg:386.57ms
step:488/1670 train_time:188647ms step_avg:386.57ms
step:489/1670 train_time:189030ms step_avg:386.56ms
step:490/1670 train_time:189411ms step_avg:386.55ms
step:491/1670 train_time:189796ms step_avg:386.55ms
step:492/1670 train_time:190180ms step_avg:386.54ms
step:493/1670 train_time:190564ms step_avg:386.54ms
step:494/1670 train_time:190949ms step_avg:386.54ms
step:495/1670 train_time:191336ms step_avg:386.54ms
step:496/1670 train_time:191719ms step_avg:386.53ms
step:497/1670 train_time:192108ms step_avg:386.53ms
step:498/1670 train_time:192493ms step_avg:386.53ms
step:499/1670 train_time:192877ms step_avg:386.53ms
step:500/1670 train_time:193265ms step_avg:386.53ms
step:500/1670 val_loss:3.7223 train_time:193555ms step_avg:387.11ms
step:501/1670 train_time:193794ms step_avg:386.81ms
step:502/1670 train_time:194145ms step_avg:386.74ms
step:503/1670 train_time:194529ms step_avg:386.74ms
step:504/1670 train_time:194915ms step_avg:386.74ms
step:505/1670 train_time:195297ms step_avg:386.73ms
step:506/1670 train_time:195681ms step_avg:386.72ms
step:507/1670 train_time:196060ms step_avg:386.71ms
step:508/1670 train_time:196447ms step_avg:386.71ms
step:509/1670 train_time:196829ms step_avg:386.70ms
step:510/1670 train_time:197215ms step_avg:386.70ms
step:511/1670 train_time:197602ms step_avg:386.70ms
step:512/1670 train_time:197988ms step_avg:386.69ms
step:513/1670 train_time:198375ms step_avg:386.70ms
step:514/1670 train_time:198760ms step_avg:386.69ms
step:515/1670 train_time:199144ms step_avg:386.69ms
step:516/1670 train_time:199527ms step_avg:386.68ms
step:517/1670 train_time:199908ms step_avg:386.67ms
step:518/1670 train_time:200292ms step_avg:386.66ms
step:519/1670 train_time:200674ms step_avg:386.65ms
step:520/1670 train_time:201059ms step_avg:386.65ms
step:521/1670 train_time:201445ms step_avg:386.65ms
step:522/1670 train_time:201831ms step_avg:386.65ms
step:523/1670 train_time:202212ms step_avg:386.64ms
step:524/1670 train_time:202601ms step_avg:386.64ms
step:525/1670 train_time:202983ms step_avg:386.63ms
step:526/1670 train_time:203367ms step_avg:386.63ms
step:527/1670 train_time:203748ms step_avg:386.62ms
step:528/1670 train_time:204133ms step_avg:386.61ms
step:529/1670 train_time:204523ms step_avg:386.62ms
step:530/1670 train_time:204911ms step_avg:386.63ms
step:531/1670 train_time:205295ms step_avg:386.62ms
step:532/1670 train_time:205679ms step_avg:386.61ms
step:533/1670 train_time:206065ms step_avg:386.61ms
step:534/1670 train_time:206450ms step_avg:386.61ms
step:535/1670 train_time:206838ms step_avg:386.61ms
step:536/1670 train_time:207222ms step_avg:386.61ms
step:537/1670 train_time:207607ms step_avg:386.61ms
step:538/1670 train_time:207993ms step_avg:386.60ms
step:539/1670 train_time:208379ms step_avg:386.60ms
step:540/1670 train_time:208763ms step_avg:386.60ms
step:541/1670 train_time:209146ms step_avg:386.59ms
step:542/1670 train_time:209531ms step_avg:386.59ms
step:543/1670 train_time:209917ms step_avg:386.59ms
step:544/1670 train_time:210300ms step_avg:386.58ms
step:545/1670 train_time:210689ms step_avg:386.58ms
step:546/1670 train_time:211074ms step_avg:386.58ms
step:547/1670 train_time:211458ms step_avg:386.58ms
step:548/1670 train_time:211844ms step_avg:386.58ms
step:549/1670 train_time:212229ms step_avg:386.57ms
step:550/1670 train_time:212618ms step_avg:386.58ms
step:551/1670 train_time:213002ms step_avg:386.57ms
step:552/1670 train_time:213386ms step_avg:386.57ms
step:553/1670 train_time:213771ms step_avg:386.57ms
step:554/1670 train_time:214160ms step_avg:386.57ms
step:555/1670 train_time:214541ms step_avg:386.56ms
step:556/1670 train_time:214927ms step_avg:386.56ms
step:557/1670 train_time:215309ms step_avg:386.55ms
step:558/1670 train_time:215692ms step_avg:386.55ms
step:559/1670 train_time:216079ms step_avg:386.55ms
step:560/1670 train_time:216468ms step_avg:386.55ms
step:561/1670 train_time:216856ms step_avg:386.55ms
step:562/1670 train_time:217242ms step_avg:386.55ms
step:563/1670 train_time:217632ms step_avg:386.56ms
step:564/1670 train_time:218015ms step_avg:386.55ms
step:565/1670 train_time:218404ms step_avg:386.56ms
step:566/1670 train_time:218786ms step_avg:386.55ms
step:567/1670 train_time:219169ms step_avg:386.54ms
step:568/1670 train_time:219553ms step_avg:386.54ms
step:569/1670 train_time:219940ms step_avg:386.54ms
step:570/1670 train_time:220325ms step_avg:386.53ms
step:571/1670 train_time:220713ms step_avg:386.54ms
step:572/1670 train_time:221099ms step_avg:386.54ms
step:573/1670 train_time:221482ms step_avg:386.53ms
step:574/1670 train_time:221866ms step_avg:386.53ms
step:575/1670 train_time:222270ms step_avg:386.56ms
step:576/1670 train_time:222635ms step_avg:386.52ms
step:577/1670 train_time:223027ms step_avg:386.53ms
step:578/1670 train_time:223412ms step_avg:386.53ms
step:579/1670 train_time:223798ms step_avg:386.53ms
step:580/1670 train_time:224183ms step_avg:386.52ms
step:581/1670 train_time:224567ms step_avg:386.52ms
step:582/1670 train_time:224950ms step_avg:386.51ms
step:583/1670 train_time:225339ms step_avg:386.52ms
step:584/1670 train_time:225722ms step_avg:386.51ms
step:585/1670 train_time:226101ms step_avg:386.50ms
step:586/1670 train_time:226487ms step_avg:386.50ms
step:587/1670 train_time:226872ms step_avg:386.49ms
step:588/1670 train_time:227257ms step_avg:386.49ms
step:589/1670 train_time:227637ms step_avg:386.48ms
step:590/1670 train_time:228020ms step_avg:386.48ms
step:591/1670 train_time:228405ms step_avg:386.47ms
step:592/1670 train_time:228787ms step_avg:386.47ms
step:593/1670 train_time:229174ms step_avg:386.47ms
step:594/1670 train_time:229559ms step_avg:386.46ms
step:595/1670 train_time:229943ms step_avg:386.46ms
step:596/1670 train_time:230328ms step_avg:386.46ms
step:597/1670 train_time:230711ms step_avg:386.45ms
step:598/1670 train_time:231096ms step_avg:386.45ms
step:599/1670 train_time:231480ms step_avg:386.44ms
step:600/1670 train_time:231862ms step_avg:386.44ms
step:601/1670 train_time:232247ms step_avg:386.43ms
step:602/1670 train_time:232637ms step_avg:386.44ms
step:603/1670 train_time:233021ms step_avg:386.44ms
step:604/1670 train_time:233408ms step_avg:386.44ms
step:605/1670 train_time:233790ms step_avg:386.43ms
step:606/1670 train_time:234177ms step_avg:386.43ms
step:607/1670 train_time:234561ms step_avg:386.43ms
step:608/1670 train_time:234948ms step_avg:386.43ms
step:609/1670 train_time:235331ms step_avg:386.42ms
step:610/1670 train_time:235712ms step_avg:386.41ms
step:611/1670 train_time:236098ms step_avg:386.41ms
step:612/1670 train_time:236480ms step_avg:386.41ms
step:613/1670 train_time:236865ms step_avg:386.40ms
step:614/1670 train_time:237250ms step_avg:386.40ms
step:615/1670 train_time:237638ms step_avg:386.40ms
step:616/1670 train_time:238018ms step_avg:386.39ms
step:617/1670 train_time:238403ms step_avg:386.39ms
step:618/1670 train_time:238785ms step_avg:386.38ms
step:619/1670 train_time:239169ms step_avg:386.38ms
step:620/1670 train_time:239551ms step_avg:386.37ms
step:621/1670 train_time:239936ms step_avg:386.37ms
step:622/1670 train_time:240318ms step_avg:386.36ms
step:623/1670 train_time:240699ms step_avg:386.35ms
step:624/1670 train_time:241084ms step_avg:386.35ms
step:625/1670 train_time:241469ms step_avg:386.35ms
step:625/1670 val_loss:3.6191 train_time:241766ms step_avg:386.83ms
step:626/1670 train_time:242012ms step_avg:386.60ms
step:627/1670 train_time:242354ms step_avg:386.53ms
step:628/1670 train_time:242736ms step_avg:386.52ms
step:629/1670 train_time:243119ms step_avg:386.52ms
step:630/1670 train_time:243509ms step_avg:386.52ms
step:631/1670 train_time:243895ms step_avg:386.52ms
step:632/1670 train_time:244282ms step_avg:386.52ms
step:633/1670 train_time:244664ms step_avg:386.52ms
step:634/1670 train_time:245049ms step_avg:386.51ms
step:635/1670 train_time:245436ms step_avg:386.51ms
step:636/1670 train_time:245822ms step_avg:386.51ms
step:637/1670 train_time:246207ms step_avg:386.51ms
step:638/1670 train_time:246591ms step_avg:386.51ms
step:639/1670 train_time:246975ms step_avg:386.50ms
step:640/1670 train_time:247363ms step_avg:386.51ms
step:641/1670 train_time:247748ms step_avg:386.50ms
step:642/1670 train_time:248131ms step_avg:386.50ms
step:643/1670 train_time:248517ms step_avg:386.50ms
step:644/1670 train_time:248900ms step_avg:386.49ms
step:645/1670 train_time:249302ms step_avg:386.51ms
step:646/1670 train_time:249681ms step_avg:386.50ms
step:647/1670 train_time:250051ms step_avg:386.48ms
step:648/1670 train_time:250438ms step_avg:386.48ms
step:649/1670 train_time:250823ms step_avg:386.48ms
step:650/1670 train_time:251207ms step_avg:386.47ms
step:651/1670 train_time:251590ms step_avg:386.47ms
step:652/1670 train_time:251973ms step_avg:386.46ms
step:653/1670 train_time:252362ms step_avg:386.47ms
step:654/1670 train_time:252747ms step_avg:386.46ms
step:655/1670 train_time:253139ms step_avg:386.47ms
step:656/1670 train_time:253517ms step_avg:386.46ms
step:657/1670 train_time:253902ms step_avg:386.46ms
step:658/1670 train_time:254286ms step_avg:386.45ms
step:659/1670 train_time:254672ms step_avg:386.45ms
step:660/1670 train_time:255061ms step_avg:386.46ms
step:661/1670 train_time:255444ms step_avg:386.45ms
step:662/1670 train_time:255826ms step_avg:386.44ms
step:663/1670 train_time:256214ms step_avg:386.45ms
step:664/1670 train_time:256596ms step_avg:386.44ms
step:665/1670 train_time:256983ms step_avg:386.44ms
step:666/1670 train_time:257367ms step_avg:386.44ms
step:667/1670 train_time:257749ms step_avg:386.43ms
step:668/1670 train_time:258133ms step_avg:386.43ms
step:669/1670 train_time:258518ms step_avg:386.42ms
step:670/1670 train_time:258901ms step_avg:386.42ms
step:671/1670 train_time:259287ms step_avg:386.42ms
step:672/1670 train_time:259680ms step_avg:386.43ms
step:673/1670 train_time:260066ms step_avg:386.43ms
step:674/1670 train_time:260454ms step_avg:386.43ms
step:675/1670 train_time:260839ms step_avg:386.43ms
step:676/1670 train_time:261224ms step_avg:386.43ms
step:677/1670 train_time:261609ms step_avg:386.42ms
step:678/1670 train_time:261995ms step_avg:386.42ms
step:679/1670 train_time:262377ms step_avg:386.42ms
step:680/1670 train_time:262761ms step_avg:386.41ms
step:681/1670 train_time:263149ms step_avg:386.42ms
step:682/1670 train_time:263533ms step_avg:386.41ms
step:683/1670 train_time:263922ms step_avg:386.42ms
step:684/1670 train_time:264307ms step_avg:386.41ms
step:685/1670 train_time:264694ms step_avg:386.41ms
step:686/1670 train_time:265079ms step_avg:386.41ms
step:687/1670 train_time:265468ms step_avg:386.42ms
step:688/1670 train_time:265853ms step_avg:386.41ms
step:689/1670 train_time:266237ms step_avg:386.41ms
step:690/1670 train_time:266625ms step_avg:386.41ms
step:691/1670 train_time:267009ms step_avg:386.41ms
step:692/1670 train_time:267397ms step_avg:386.41ms
step:693/1670 train_time:267783ms step_avg:386.41ms
step:694/1670 train_time:268169ms step_avg:386.41ms
step:695/1670 train_time:268552ms step_avg:386.41ms
step:696/1670 train_time:268939ms step_avg:386.41ms
step:697/1670 train_time:269324ms step_avg:386.40ms
step:698/1670 train_time:269707ms step_avg:386.40ms
step:699/1670 train_time:270093ms step_avg:386.40ms
step:700/1670 train_time:270475ms step_avg:386.39ms
step:701/1670 train_time:270859ms step_avg:386.39ms
step:702/1670 train_time:271243ms step_avg:386.39ms
step:703/1670 train_time:271626ms step_avg:386.38ms
step:704/1670 train_time:272014ms step_avg:386.38ms
step:705/1670 train_time:272395ms step_avg:386.38ms
step:706/1670 train_time:272776ms step_avg:386.37ms
step:707/1670 train_time:273165ms step_avg:386.37ms
step:708/1670 train_time:273550ms step_avg:386.37ms
step:709/1670 train_time:273938ms step_avg:386.37ms
step:710/1670 train_time:274322ms step_avg:386.37ms
step:711/1670 train_time:274703ms step_avg:386.36ms
step:712/1670 train_time:275087ms step_avg:386.36ms
step:713/1670 train_time:275473ms step_avg:386.36ms
step:714/1670 train_time:275856ms step_avg:386.35ms
step:715/1670 train_time:276241ms step_avg:386.35ms
step:716/1670 train_time:276629ms step_avg:386.35ms
step:717/1670 train_time:277015ms step_avg:386.35ms
step:718/1670 train_time:277403ms step_avg:386.35ms
step:719/1670 train_time:277787ms step_avg:386.35ms
step:720/1670 train_time:278176ms step_avg:386.36ms
step:721/1670 train_time:278555ms step_avg:386.34ms
step:722/1670 train_time:278938ms step_avg:386.34ms
step:723/1670 train_time:279323ms step_avg:386.34ms
step:724/1670 train_time:279712ms step_avg:386.34ms
step:725/1670 train_time:280100ms step_avg:386.34ms
step:726/1670 train_time:280486ms step_avg:386.34ms
step:727/1670 train_time:280872ms step_avg:386.34ms
step:728/1670 train_time:281268ms step_avg:386.36ms
step:729/1670 train_time:281637ms step_avg:386.33ms
step:730/1670 train_time:282029ms step_avg:386.34ms
step:731/1670 train_time:282411ms step_avg:386.34ms
step:732/1670 train_time:282798ms step_avg:386.34ms
step:733/1670 train_time:283181ms step_avg:386.33ms
step:734/1670 train_time:283564ms step_avg:386.33ms
step:735/1670 train_time:283947ms step_avg:386.32ms
step:736/1670 train_time:284336ms step_avg:386.33ms
step:737/1670 train_time:284716ms step_avg:386.32ms
step:738/1670 train_time:285101ms step_avg:386.32ms
step:739/1670 train_time:285487ms step_avg:386.31ms
step:740/1670 train_time:285870ms step_avg:386.31ms
step:741/1670 train_time:286251ms step_avg:386.30ms
step:742/1670 train_time:286654ms step_avg:386.33ms
step:743/1670 train_time:287021ms step_avg:386.30ms
step:744/1670 train_time:287410ms step_avg:386.30ms
step:745/1670 train_time:287797ms step_avg:386.31ms
step:746/1670 train_time:288185ms step_avg:386.31ms
step:747/1670 train_time:288575ms step_avg:386.31ms
step:748/1670 train_time:288956ms step_avg:386.30ms
step:749/1670 train_time:289343ms step_avg:386.31ms
step:750/1670 train_time:289727ms step_avg:386.30ms
step:750/1670 val_loss:3.5666 train_time:290020ms step_avg:386.69ms
step:751/1670 train_time:290290ms step_avg:386.54ms
step:752/1670 train_time:290642ms step_avg:386.49ms
step:753/1670 train_time:291027ms step_avg:386.49ms
step:754/1670 train_time:291410ms step_avg:386.49ms
step:755/1670 train_time:291795ms step_avg:386.48ms
step:756/1670 train_time:292180ms step_avg:386.48ms
step:757/1670 train_time:292563ms step_avg:386.48ms
step:758/1670 train_time:292954ms step_avg:386.48ms
step:759/1670 train_time:293337ms step_avg:386.48ms
step:760/1670 train_time:293737ms step_avg:386.50ms
step:761/1670 train_time:294110ms step_avg:386.48ms
step:762/1670 train_time:294496ms step_avg:386.48ms
step:763/1670 train_time:294883ms step_avg:386.48ms
step:764/1670 train_time:295266ms step_avg:386.47ms
step:765/1670 train_time:295655ms step_avg:386.48ms
step:766/1670 train_time:296042ms step_avg:386.48ms
step:767/1670 train_time:296429ms step_avg:386.48ms
step:768/1670 train_time:296818ms step_avg:386.48ms
step:769/1670 train_time:297200ms step_avg:386.48ms
step:770/1670 train_time:297582ms step_avg:386.47ms
step:771/1670 train_time:297967ms step_avg:386.47ms
step:772/1670 train_time:298354ms step_avg:386.47ms
step:773/1670 train_time:298739ms step_avg:386.47ms
step:774/1670 train_time:299128ms step_avg:386.47ms
step:775/1670 train_time:299513ms step_avg:386.47ms
step:776/1670 train_time:299899ms step_avg:386.47ms
step:777/1670 train_time:300282ms step_avg:386.46ms
step:778/1670 train_time:300671ms step_avg:386.47ms
step:779/1670 train_time:301060ms step_avg:386.47ms
step:780/1670 train_time:301443ms step_avg:386.47ms
step:781/1670 train_time:301825ms step_avg:386.46ms
step:782/1670 train_time:302210ms step_avg:386.46ms
step:783/1670 train_time:302595ms step_avg:386.46ms
step:784/1670 train_time:302979ms step_avg:386.45ms
step:785/1670 train_time:303372ms step_avg:386.46ms
step:786/1670 train_time:303762ms step_avg:386.47ms
step:787/1670 train_time:304146ms step_avg:386.46ms
step:788/1670 train_time:304534ms step_avg:386.46ms
step:789/1670 train_time:304921ms step_avg:386.47ms
step:790/1670 train_time:305303ms step_avg:386.46ms
step:791/1670 train_time:305688ms step_avg:386.46ms
step:792/1670 train_time:306070ms step_avg:386.45ms
step:793/1670 train_time:306451ms step_avg:386.44ms
step:794/1670 train_time:306840ms step_avg:386.45ms
step:795/1670 train_time:307223ms step_avg:386.44ms
step:796/1670 train_time:307604ms step_avg:386.44ms
step:797/1670 train_time:307988ms step_avg:386.43ms
step:798/1670 train_time:308372ms step_avg:386.43ms
step:799/1670 train_time:308760ms step_avg:386.43ms
step:800/1670 train_time:309140ms step_avg:386.43ms
step:801/1670 train_time:309525ms step_avg:386.42ms
step:802/1670 train_time:309909ms step_avg:386.42ms
step:803/1670 train_time:310296ms step_avg:386.42ms
step:804/1670 train_time:310674ms step_avg:386.41ms
step:805/1670 train_time:311061ms step_avg:386.41ms
step:806/1670 train_time:311436ms step_avg:386.40ms
step:807/1670 train_time:311824ms step_avg:386.40ms
step:808/1670 train_time:312209ms step_avg:386.40ms
step:809/1670 train_time:312592ms step_avg:386.39ms
step:810/1670 train_time:312975ms step_avg:386.39ms
step:811/1670 train_time:313361ms step_avg:386.39ms
step:812/1670 train_time:313743ms step_avg:386.38ms
step:813/1670 train_time:314140ms step_avg:386.40ms
step:814/1670 train_time:314522ms step_avg:386.39ms
step:815/1670 train_time:314898ms step_avg:386.38ms
step:816/1670 train_time:315282ms step_avg:386.37ms
step:817/1670 train_time:315664ms step_avg:386.37ms
step:818/1670 train_time:316049ms step_avg:386.37ms
step:819/1670 train_time:316430ms step_avg:386.36ms
step:820/1670 train_time:316812ms step_avg:386.36ms
step:821/1670 train_time:317194ms step_avg:386.35ms
step:822/1670 train_time:317576ms step_avg:386.35ms
step:823/1670 train_time:317962ms step_avg:386.35ms
step:824/1670 train_time:318342ms step_avg:386.34ms
step:825/1670 train_time:318730ms step_avg:386.34ms
step:826/1670 train_time:319111ms step_avg:386.33ms
step:827/1670 train_time:319497ms step_avg:386.33ms
step:828/1670 train_time:319879ms step_avg:386.33ms
step:829/1670 train_time:320268ms step_avg:386.33ms
step:830/1670 train_time:320654ms step_avg:386.33ms
step:831/1670 train_time:321040ms step_avg:386.33ms
step:832/1670 train_time:321426ms step_avg:386.33ms
step:833/1670 train_time:321809ms step_avg:386.33ms
step:834/1670 train_time:322191ms step_avg:386.32ms
step:835/1670 train_time:322574ms step_avg:386.32ms
step:836/1670 train_time:322963ms step_avg:386.32ms
step:837/1670 train_time:323350ms step_avg:386.32ms
step:838/1670 train_time:323736ms step_avg:386.32ms
step:839/1670 train_time:324122ms step_avg:386.32ms
step:840/1670 train_time:324502ms step_avg:386.31ms
step:841/1670 train_time:324888ms step_avg:386.31ms
step:842/1670 train_time:325271ms step_avg:386.31ms
step:843/1670 train_time:325652ms step_avg:386.30ms
step:844/1670 train_time:326036ms step_avg:386.30ms
step:845/1670 train_time:326422ms step_avg:386.30ms
step:846/1670 train_time:326807ms step_avg:386.30ms
step:847/1670 train_time:327189ms step_avg:386.29ms
step:848/1670 train_time:327577ms step_avg:386.29ms
step:849/1670 train_time:327966ms step_avg:386.30ms
step:850/1670 train_time:328354ms step_avg:386.30ms
step:851/1670 train_time:328735ms step_avg:386.29ms
step:852/1670 train_time:329122ms step_avg:386.29ms
step:853/1670 train_time:329511ms step_avg:386.30ms
step:854/1670 train_time:329895ms step_avg:386.29ms
step:855/1670 train_time:330281ms step_avg:386.29ms
step:856/1670 train_time:330657ms step_avg:386.28ms
step:857/1670 train_time:331046ms step_avg:386.28ms
step:858/1670 train_time:331432ms step_avg:386.28ms
step:859/1670 train_time:331819ms step_avg:386.28ms
step:860/1670 train_time:332207ms step_avg:386.29ms
step:861/1670 train_time:332592ms step_avg:386.29ms
step:862/1670 train_time:332974ms step_avg:386.28ms
step:863/1670 train_time:333358ms step_avg:386.28ms
step:864/1670 train_time:333747ms step_avg:386.28ms
step:865/1670 train_time:334133ms step_avg:386.28ms
step:866/1670 train_time:334516ms step_avg:386.28ms
step:867/1670 train_time:334902ms step_avg:386.28ms
step:868/1670 train_time:335285ms step_avg:386.27ms
step:869/1670 train_time:335667ms step_avg:386.27ms
step:870/1670 train_time:336054ms step_avg:386.27ms
step:871/1670 train_time:336434ms step_avg:386.26ms
step:872/1670 train_time:336816ms step_avg:386.26ms
step:873/1670 train_time:337198ms step_avg:386.25ms
step:874/1670 train_time:337580ms step_avg:386.25ms
step:875/1670 train_time:337966ms step_avg:386.25ms
step:875/1670 val_loss:3.5199 train_time:338257ms step_avg:386.58ms
step:876/1670 train_time:338500ms step_avg:386.42ms
step:877/1670 train_time:338851ms step_avg:386.38ms
step:878/1670 train_time:339244ms step_avg:386.38ms
step:879/1670 train_time:339622ms step_avg:386.37ms
step:880/1670 train_time:340007ms step_avg:386.37ms
step:881/1670 train_time:340389ms step_avg:386.37ms
step:882/1670 train_time:340772ms step_avg:386.36ms
step:883/1670 train_time:341153ms step_avg:386.36ms
step:884/1670 train_time:341540ms step_avg:386.36ms
step:885/1670 train_time:341922ms step_avg:386.35ms
step:886/1670 train_time:342305ms step_avg:386.35ms
step:887/1670 train_time:342690ms step_avg:386.35ms
step:888/1670 train_time:343073ms step_avg:386.34ms
step:889/1670 train_time:343459ms step_avg:386.34ms
step:890/1670 train_time:343843ms step_avg:386.34ms
step:891/1670 train_time:344226ms step_avg:386.34ms
step:892/1670 train_time:344608ms step_avg:386.33ms
step:893/1670 train_time:344991ms step_avg:386.33ms
step:894/1670 train_time:345384ms step_avg:386.34ms
step:895/1670 train_time:345769ms step_avg:386.33ms
step:896/1670 train_time:346148ms step_avg:386.33ms
step:897/1670 train_time:346541ms step_avg:386.33ms
step:898/1670 train_time:346927ms step_avg:386.33ms
step:899/1670 train_time:347310ms step_avg:386.33ms
step:900/1670 train_time:347693ms step_avg:386.33ms
step:901/1670 train_time:348075ms step_avg:386.32ms
step:902/1670 train_time:348464ms step_avg:386.32ms
step:903/1670 train_time:348845ms step_avg:386.32ms
step:904/1670 train_time:349229ms step_avg:386.32ms
step:905/1670 train_time:349612ms step_avg:386.31ms
step:906/1670 train_time:350004ms step_avg:386.32ms
step:907/1670 train_time:350402ms step_avg:386.33ms
step:908/1670 train_time:350775ms step_avg:386.32ms
step:909/1670 train_time:351157ms step_avg:386.31ms
step:910/1670 train_time:351539ms step_avg:386.31ms
step:911/1670 train_time:351929ms step_avg:386.31ms
step:912/1670 train_time:352314ms step_avg:386.31ms
step:913/1670 train_time:352701ms step_avg:386.31ms
step:914/1670 train_time:353097ms step_avg:386.32ms
step:915/1670 train_time:353467ms step_avg:386.30ms
step:916/1670 train_time:353851ms step_avg:386.30ms
step:917/1670 train_time:354237ms step_avg:386.30ms
step:918/1670 train_time:354633ms step_avg:386.31ms
step:919/1670 train_time:355014ms step_avg:386.31ms
step:920/1670 train_time:355383ms step_avg:386.29ms
step:921/1670 train_time:355769ms step_avg:386.29ms
step:922/1670 train_time:356153ms step_avg:386.28ms
step:923/1670 train_time:356534ms step_avg:386.28ms
step:924/1670 train_time:356918ms step_avg:386.28ms
step:925/1670 train_time:357304ms step_avg:386.27ms
step:926/1670 train_time:357686ms step_avg:386.27ms
step:927/1670 train_time:358071ms step_avg:386.27ms
step:928/1670 train_time:358457ms step_avg:386.27ms
step:929/1670 train_time:358835ms step_avg:386.26ms
step:930/1670 train_time:359220ms step_avg:386.26ms
step:931/1670 train_time:359603ms step_avg:386.25ms
step:932/1670 train_time:359982ms step_avg:386.25ms
step:933/1670 train_time:360369ms step_avg:386.25ms
step:934/1670 train_time:360755ms step_avg:386.25ms
step:935/1670 train_time:361140ms step_avg:386.25ms
step:936/1670 train_time:361527ms step_avg:386.25ms
step:937/1670 train_time:361915ms step_avg:386.25ms
step:938/1670 train_time:362302ms step_avg:386.25ms
step:939/1670 train_time:362685ms step_avg:386.25ms
step:940/1670 train_time:363067ms step_avg:386.24ms
step:941/1670 train_time:363470ms step_avg:386.26ms
step:942/1670 train_time:363838ms step_avg:386.24ms
step:943/1670 train_time:364237ms step_avg:386.25ms
step:944/1670 train_time:364608ms step_avg:386.24ms
step:945/1670 train_time:364990ms step_avg:386.23ms
step:946/1670 train_time:365375ms step_avg:386.23ms
step:947/1670 train_time:365759ms step_avg:386.23ms
step:948/1670 train_time:366144ms step_avg:386.23ms
step:949/1670 train_time:366526ms step_avg:386.22ms
step:950/1670 train_time:366909ms step_avg:386.22ms
step:951/1670 train_time:367295ms step_avg:386.22ms
step:952/1670 train_time:367678ms step_avg:386.22ms
step:953/1670 train_time:368062ms step_avg:386.21ms
step:954/1670 train_time:368451ms step_avg:386.22ms
step:955/1670 train_time:368835ms step_avg:386.21ms
step:956/1670 train_time:369222ms step_avg:386.22ms
step:957/1670 train_time:369608ms step_avg:386.21ms
step:958/1670 train_time:369994ms step_avg:386.21ms
step:959/1670 train_time:370376ms step_avg:386.21ms
step:960/1670 train_time:370760ms step_avg:386.21ms
step:961/1670 train_time:371149ms step_avg:386.21ms
step:962/1670 train_time:371533ms step_avg:386.21ms
step:963/1670 train_time:371919ms step_avg:386.21ms
step:964/1670 train_time:372307ms step_avg:386.21ms
step:965/1670 train_time:372690ms step_avg:386.21ms
step:966/1670 train_time:373077ms step_avg:386.21ms
step:967/1670 train_time:373458ms step_avg:386.20ms
step:968/1670 train_time:373845ms step_avg:386.20ms
step:969/1670 train_time:374225ms step_avg:386.20ms
step:970/1670 train_time:374611ms step_avg:386.20ms
step:971/1670 train_time:374996ms step_avg:386.20ms
step:972/1670 train_time:375379ms step_avg:386.19ms
step:973/1670 train_time:375767ms step_avg:386.19ms
step:974/1670 train_time:376150ms step_avg:386.19ms
step:975/1670 train_time:376535ms step_avg:386.19ms
step:976/1670 train_time:376923ms step_avg:386.19ms
step:977/1670 train_time:377314ms step_avg:386.20ms
step:978/1670 train_time:377696ms step_avg:386.19ms
step:979/1670 train_time:378084ms step_avg:386.19ms
step:980/1670 train_time:378463ms step_avg:386.19ms
step:981/1670 train_time:378850ms step_avg:386.19ms
step:982/1670 train_time:379237ms step_avg:386.19ms
step:983/1670 train_time:379624ms step_avg:386.19ms
step:984/1670 train_time:380007ms step_avg:386.19ms
step:985/1670 train_time:380392ms step_avg:386.19ms
step:986/1670 train_time:380778ms step_avg:386.18ms
step:987/1670 train_time:381160ms step_avg:386.18ms
step:988/1670 train_time:381544ms step_avg:386.18ms
step:989/1670 train_time:381928ms step_avg:386.18ms
step:990/1670 train_time:382311ms step_avg:386.17ms
step:991/1670 train_time:382694ms step_avg:386.17ms
step:992/1670 train_time:383086ms step_avg:386.18ms
step:993/1670 train_time:383464ms step_avg:386.17ms
step:994/1670 train_time:383849ms step_avg:386.17ms
step:995/1670 train_time:384235ms step_avg:386.17ms
step:996/1670 train_time:384618ms step_avg:386.16ms
step:997/1670 train_time:385006ms step_avg:386.16ms
step:998/1670 train_time:385388ms step_avg:386.16ms
step:999/1670 train_time:385775ms step_avg:386.16ms
step:1000/1670 train_time:386174ms step_avg:386.17ms
step:1000/1670 val_loss:3.4684 train_time:386448ms step_avg:386.45ms
step:1001/1670 train_time:386691ms step_avg:386.30ms
step:1002/1670 train_time:387039ms step_avg:386.27ms
step:1003/1670 train_time:387421ms step_avg:386.26ms
step:1004/1670 train_time:387810ms step_avg:386.26ms
step:1005/1670 train_time:388195ms step_avg:386.26ms
step:1006/1670 train_time:388579ms step_avg:386.26ms
step:1007/1670 train_time:388968ms step_avg:386.26ms
step:1008/1670 train_time:389353ms step_avg:386.26ms
step:1009/1670 train_time:389736ms step_avg:386.26ms
step:1010/1670 train_time:390118ms step_avg:386.26ms
step:1011/1670 train_time:390504ms step_avg:386.26ms
step:1012/1670 train_time:390889ms step_avg:386.25ms
step:1013/1670 train_time:391273ms step_avg:386.25ms
step:1014/1670 train_time:391654ms step_avg:386.25ms
step:1015/1670 train_time:392039ms step_avg:386.25ms
step:1016/1670 train_time:392425ms step_avg:386.25ms
step:1017/1670 train_time:392808ms step_avg:386.24ms
step:1018/1670 train_time:393199ms step_avg:386.25ms
step:1019/1670 train_time:393584ms step_avg:386.25ms
step:1020/1670 train_time:393963ms step_avg:386.24ms
step:1021/1670 train_time:394346ms step_avg:386.24ms
step:1022/1670 train_time:394735ms step_avg:386.24ms
step:1023/1670 train_time:395125ms step_avg:386.24ms
step:1024/1670 train_time:395506ms step_avg:386.24ms
step:1025/1670 train_time:395891ms step_avg:386.24ms
step:1026/1670 train_time:396277ms step_avg:386.23ms
step:1027/1670 train_time:396660ms step_avg:386.23ms
step:1028/1670 train_time:397041ms step_avg:386.23ms
step:1029/1670 train_time:397430ms step_avg:386.23ms
step:1030/1670 train_time:397813ms step_avg:386.23ms
step:1031/1670 train_time:398198ms step_avg:386.23ms
step:1032/1670 train_time:398584ms step_avg:386.22ms
step:1033/1670 train_time:398967ms step_avg:386.22ms
step:1034/1670 train_time:399355ms step_avg:386.22ms
step:1035/1670 train_time:399743ms step_avg:386.23ms
step:1036/1670 train_time:400130ms step_avg:386.23ms
step:1037/1670 train_time:400520ms step_avg:386.23ms
step:1038/1670 train_time:400896ms step_avg:386.22ms
step:1039/1670 train_time:401278ms step_avg:386.22ms
step:1040/1670 train_time:401661ms step_avg:386.21ms
step:1041/1670 train_time:402043ms step_avg:386.21ms
step:1042/1670 train_time:402434ms step_avg:386.21ms
step:1043/1670 train_time:402819ms step_avg:386.21ms
step:1044/1670 train_time:403204ms step_avg:386.21ms
step:1045/1670 train_time:403591ms step_avg:386.21ms
step:1046/1670 train_time:403980ms step_avg:386.21ms
step:1047/1670 train_time:404363ms step_avg:386.21ms
step:1048/1670 train_time:404748ms step_avg:386.21ms
step:1049/1670 train_time:405132ms step_avg:386.21ms
step:1050/1670 train_time:405522ms step_avg:386.21ms
step:1051/1670 train_time:405907ms step_avg:386.21ms
step:1052/1670 train_time:406293ms step_avg:386.21ms
step:1053/1670 train_time:406679ms step_avg:386.21ms
step:1054/1670 train_time:407063ms step_avg:386.21ms
step:1055/1670 train_time:407451ms step_avg:386.21ms
step:1056/1670 train_time:407838ms step_avg:386.21ms
step:1057/1670 train_time:408221ms step_avg:386.21ms
step:1058/1670 train_time:408601ms step_avg:386.20ms
step:1059/1670 train_time:408985ms step_avg:386.20ms
step:1060/1670 train_time:409370ms step_avg:386.20ms
step:1061/1670 train_time:409753ms step_avg:386.19ms
step:1062/1670 train_time:410138ms step_avg:386.19ms
step:1063/1670 train_time:410526ms step_avg:386.20ms
step:1064/1670 train_time:410908ms step_avg:386.19ms
step:1065/1670 train_time:411294ms step_avg:386.19ms
step:1066/1670 train_time:411678ms step_avg:386.19ms
step:1067/1670 train_time:412063ms step_avg:386.19ms
step:1068/1670 train_time:412447ms step_avg:386.19ms
step:1069/1670 train_time:412833ms step_avg:386.19ms
step:1070/1670 train_time:413217ms step_avg:386.18ms
step:1071/1670 train_time:413602ms step_avg:386.18ms
step:1072/1670 train_time:413986ms step_avg:386.18ms
step:1073/1670 train_time:414371ms step_avg:386.18ms
step:1074/1670 train_time:414752ms step_avg:386.17ms
step:1075/1670 train_time:415139ms step_avg:386.18ms
step:1076/1670 train_time:415521ms step_avg:386.17ms
step:1077/1670 train_time:415905ms step_avg:386.17ms
step:1078/1670 train_time:416290ms step_avg:386.17ms
step:1079/1670 train_time:416676ms step_avg:386.17ms
step:1080/1670 train_time:417062ms step_avg:386.17ms
step:1081/1670 train_time:417447ms step_avg:386.17ms
step:1082/1670 train_time:417836ms step_avg:386.17ms
step:1083/1670 train_time:418218ms step_avg:386.17ms
step:1084/1670 train_time:418600ms step_avg:386.16ms
step:1085/1670 train_time:418982ms step_avg:386.16ms
step:1086/1670 train_time:419368ms step_avg:386.16ms
step:1087/1670 train_time:419751ms step_avg:386.16ms
step:1088/1670 train_time:420134ms step_avg:386.15ms
step:1089/1670 train_time:420518ms step_avg:386.15ms
step:1090/1670 train_time:420901ms step_avg:386.15ms
step:1091/1670 train_time:421286ms step_avg:386.15ms
step:1092/1670 train_time:421676ms step_avg:386.15ms
step:1093/1670 train_time:422064ms step_avg:386.15ms
step:1094/1670 train_time:422452ms step_avg:386.15ms
step:1095/1670 train_time:422834ms step_avg:386.15ms
step:1096/1670 train_time:423225ms step_avg:386.15ms
step:1097/1670 train_time:423606ms step_avg:386.15ms
step:1098/1670 train_time:423995ms step_avg:386.15ms
step:1099/1670 train_time:424379ms step_avg:386.15ms
step:1100/1670 train_time:424763ms step_avg:386.15ms
step:1101/1670 train_time:425149ms step_avg:386.15ms
step:1102/1670 train_time:425530ms step_avg:386.14ms
step:1103/1670 train_time:425916ms step_avg:386.14ms
step:1104/1670 train_time:426303ms step_avg:386.14ms
step:1105/1670 train_time:426689ms step_avg:386.14ms
step:1106/1670 train_time:427069ms step_avg:386.14ms
step:1107/1670 train_time:427456ms step_avg:386.14ms
step:1108/1670 train_time:427836ms step_avg:386.13ms
step:1109/1670 train_time:428221ms step_avg:386.13ms
step:1110/1670 train_time:428606ms step_avg:386.13ms
step:1111/1670 train_time:428989ms step_avg:386.13ms
step:1112/1670 train_time:429373ms step_avg:386.13ms
step:1113/1670 train_time:429756ms step_avg:386.12ms
step:1114/1670 train_time:430140ms step_avg:386.12ms
step:1115/1670 train_time:430525ms step_avg:386.12ms
step:1116/1670 train_time:430906ms step_avg:386.12ms
step:1117/1670 train_time:431292ms step_avg:386.12ms
step:1118/1670 train_time:431680ms step_avg:386.12ms
step:1119/1670 train_time:432064ms step_avg:386.12ms
step:1120/1670 train_time:432456ms step_avg:386.12ms
step:1121/1670 train_time:432840ms step_avg:386.12ms
step:1122/1670 train_time:433221ms step_avg:386.11ms
step:1123/1670 train_time:433606ms step_avg:386.11ms
step:1124/1670 train_time:433988ms step_avg:386.11ms
step:1125/1670 train_time:434372ms step_avg:386.11ms
step:1125/1670 val_loss:3.4152 train_time:434664ms step_avg:386.37ms
step:1126/1670 train_time:434904ms step_avg:386.24ms
step:1127/1670 train_time:435265ms step_avg:386.22ms
step:1128/1670 train_time:435650ms step_avg:386.21ms
step:1129/1670 train_time:436034ms step_avg:386.21ms
step:1130/1670 train_time:436420ms step_avg:386.21ms
step:1131/1670 train_time:436808ms step_avg:386.21ms
step:1132/1670 train_time:437191ms step_avg:386.21ms
step:1133/1670 train_time:437575ms step_avg:386.21ms
step:1134/1670 train_time:437965ms step_avg:386.21ms
step:1135/1670 train_time:438350ms step_avg:386.21ms
step:1136/1670 train_time:438742ms step_avg:386.22ms
step:1137/1670 train_time:439124ms step_avg:386.21ms
step:1138/1670 train_time:439509ms step_avg:386.21ms
step:1139/1670 train_time:439892ms step_avg:386.21ms
step:1140/1670 train_time:440276ms step_avg:386.21ms
step:1141/1670 train_time:440660ms step_avg:386.20ms
step:1142/1670 train_time:441047ms step_avg:386.21ms
step:1143/1670 train_time:441433ms step_avg:386.21ms
step:1144/1670 train_time:441816ms step_avg:386.20ms
step:1145/1670 train_time:442201ms step_avg:386.20ms
step:1146/1670 train_time:442593ms step_avg:386.21ms
step:1147/1670 train_time:442973ms step_avg:386.20ms
step:1148/1670 train_time:443361ms step_avg:386.20ms
step:1149/1670 train_time:443749ms step_avg:386.20ms
step:1150/1670 train_time:444134ms step_avg:386.20ms
step:1151/1670 train_time:444526ms step_avg:386.21ms
step:1152/1670 train_time:444905ms step_avg:386.20ms
step:1153/1670 train_time:445289ms step_avg:386.20ms
step:1154/1670 train_time:445672ms step_avg:386.20ms
step:1155/1670 train_time:446054ms step_avg:386.19ms
step:1156/1670 train_time:446438ms step_avg:386.19ms
step:1157/1670 train_time:446821ms step_avg:386.19ms
step:1158/1670 train_time:447207ms step_avg:386.19ms
step:1159/1670 train_time:447590ms step_avg:386.19ms
step:1160/1670 train_time:447984ms step_avg:386.19ms
step:1161/1670 train_time:448368ms step_avg:386.19ms
step:1162/1670 train_time:448751ms step_avg:386.19ms
step:1163/1670 train_time:449136ms step_avg:386.19ms
step:1164/1670 train_time:449526ms step_avg:386.19ms
step:1165/1670 train_time:449913ms step_avg:386.19ms
step:1166/1670 train_time:450296ms step_avg:386.19ms
step:1167/1670 train_time:450680ms step_avg:386.19ms
step:1168/1670 train_time:451061ms step_avg:386.18ms
step:1169/1670 train_time:451449ms step_avg:386.18ms
step:1170/1670 train_time:451828ms step_avg:386.18ms
step:1171/1670 train_time:452222ms step_avg:386.18ms
step:1172/1670 train_time:452611ms step_avg:386.19ms
step:1173/1670 train_time:452993ms step_avg:386.18ms
step:1174/1670 train_time:453377ms step_avg:386.18ms
step:1175/1670 train_time:453765ms step_avg:386.18ms
step:1176/1670 train_time:454139ms step_avg:386.17ms
step:1177/1670 train_time:454526ms step_avg:386.17ms
step:1178/1670 train_time:454913ms step_avg:386.17ms
step:1179/1670 train_time:455302ms step_avg:386.18ms
step:1180/1670 train_time:455687ms step_avg:386.18ms
step:1181/1670 train_time:456071ms step_avg:386.17ms
step:1182/1670 train_time:456453ms step_avg:386.17ms
step:1183/1670 train_time:456839ms step_avg:386.17ms
step:1184/1670 train_time:457221ms step_avg:386.17ms
step:1185/1670 train_time:457610ms step_avg:386.17ms
step:1186/1670 train_time:457990ms step_avg:386.16ms
step:1187/1670 train_time:458374ms step_avg:386.16ms
step:1188/1670 train_time:458762ms step_avg:386.16ms
step:1189/1670 train_time:459146ms step_avg:386.16ms
step:1190/1670 train_time:459529ms step_avg:386.16ms
step:1191/1670 train_time:459917ms step_avg:386.16ms
step:1192/1670 train_time:460299ms step_avg:386.16ms
step:1193/1670 train_time:460686ms step_avg:386.16ms
step:1194/1670 train_time:461072ms step_avg:386.16ms
step:1195/1670 train_time:461456ms step_avg:386.16ms
step:1196/1670 train_time:461841ms step_avg:386.15ms
step:1197/1670 train_time:462226ms step_avg:386.15ms
step:1198/1670 train_time:462612ms step_avg:386.15ms
step:1199/1670 train_time:462997ms step_avg:386.15ms
step:1200/1670 train_time:463379ms step_avg:386.15ms
step:1201/1670 train_time:463764ms step_avg:386.15ms
step:1202/1670 train_time:464151ms step_avg:386.15ms
step:1203/1670 train_time:464532ms step_avg:386.14ms
step:1204/1670 train_time:464918ms step_avg:386.14ms
step:1205/1670 train_time:465303ms step_avg:386.14ms
step:1206/1670 train_time:465685ms step_avg:386.14ms
step:1207/1670 train_time:466068ms step_avg:386.14ms
step:1208/1670 train_time:466453ms step_avg:386.14ms
step:1209/1670 train_time:466836ms step_avg:386.13ms
step:1210/1670 train_time:467219ms step_avg:386.13ms
step:1211/1670 train_time:467606ms step_avg:386.13ms
step:1212/1670 train_time:467991ms step_avg:386.13ms
step:1213/1670 train_time:468379ms step_avg:386.13ms
step:1214/1670 train_time:468762ms step_avg:386.13ms
step:1215/1670 train_time:469150ms step_avg:386.13ms
step:1216/1670 train_time:469532ms step_avg:386.13ms
step:1217/1670 train_time:469911ms step_avg:386.12ms
step:1218/1670 train_time:470302ms step_avg:386.13ms
step:1219/1670 train_time:470687ms step_avg:386.13ms
step:1220/1670 train_time:471078ms step_avg:386.13ms
step:1221/1670 train_time:471465ms step_avg:386.13ms
step:1222/1670 train_time:471849ms step_avg:386.13ms
step:1223/1670 train_time:472238ms step_avg:386.13ms
step:1224/1670 train_time:472615ms step_avg:386.12ms
step:1225/1670 train_time:473000ms step_avg:386.12ms
step:1226/1670 train_time:473385ms step_avg:386.12ms
step:1227/1670 train_time:473769ms step_avg:386.12ms
step:1228/1670 train_time:474152ms step_avg:386.12ms
step:1229/1670 train_time:474537ms step_avg:386.12ms
step:1230/1670 train_time:474926ms step_avg:386.12ms
step:1231/1670 train_time:475304ms step_avg:386.11ms
step:1232/1670 train_time:475690ms step_avg:386.11ms
step:1233/1670 train_time:476073ms step_avg:386.11ms
step:1234/1670 train_time:476458ms step_avg:386.11ms
step:1235/1670 train_time:476839ms step_avg:386.10ms
step:1236/1670 train_time:477224ms step_avg:386.10ms
step:1237/1670 train_time:477610ms step_avg:386.10ms
step:1238/1670 train_time:477994ms step_avg:386.10ms
step:1239/1670 train_time:478376ms step_avg:386.10ms
step:1240/1670 train_time:478763ms step_avg:386.10ms
step:1241/1670 train_time:479148ms step_avg:386.10ms
step:1242/1670 train_time:479535ms step_avg:386.10ms
step:1243/1670 train_time:479920ms step_avg:386.10ms
step:1244/1670 train_time:480305ms step_avg:386.10ms
step:1245/1670 train_time:480690ms step_avg:386.10ms
step:1246/1670 train_time:481075ms step_avg:386.10ms
step:1247/1670 train_time:481457ms step_avg:386.09ms
step:1248/1670 train_time:481842ms step_avg:386.09ms
step:1249/1670 train_time:482227ms step_avg:386.09ms
step:1250/1670 train_time:482611ms step_avg:386.09ms
step:1250/1670 val_loss:3.3758 train_time:482904ms step_avg:386.32ms
step:1251/1670 train_time:483175ms step_avg:386.23ms
step:1252/1670 train_time:483509ms step_avg:386.19ms
step:1253/1670 train_time:483896ms step_avg:386.19ms
step:1254/1670 train_time:484281ms step_avg:386.19ms
step:1255/1670 train_time:484665ms step_avg:386.19ms
step:1256/1670 train_time:485048ms step_avg:386.18ms
step:1257/1670 train_time:485437ms step_avg:386.19ms
step:1258/1670 train_time:485817ms step_avg:386.18ms
step:1259/1670 train_time:486202ms step_avg:386.18ms
step:1260/1670 train_time:486589ms step_avg:386.18ms
step:1261/1670 train_time:486970ms step_avg:386.18ms
step:1262/1670 train_time:487358ms step_avg:386.18ms
step:1263/1670 train_time:487743ms step_avg:386.18ms
step:1264/1670 train_time:488124ms step_avg:386.17ms
step:1265/1670 train_time:488507ms step_avg:386.17ms
step:1266/1670 train_time:488894ms step_avg:386.17ms
step:1267/1670 train_time:489279ms step_avg:386.17ms
step:1268/1670 train_time:489667ms step_avg:386.17ms
step:1269/1670 train_time:490053ms step_avg:386.17ms
step:1270/1670 train_time:490439ms step_avg:386.17ms
step:1271/1670 train_time:490825ms step_avg:386.17ms
step:1272/1670 train_time:491208ms step_avg:386.17ms
step:1273/1670 train_time:491595ms step_avg:386.17ms
step:1274/1670 train_time:491977ms step_avg:386.17ms
step:1275/1670 train_time:492361ms step_avg:386.17ms
step:1276/1670 train_time:492744ms step_avg:386.16ms
step:1277/1670 train_time:493132ms step_avg:386.16ms
step:1278/1670 train_time:493516ms step_avg:386.16ms
step:1279/1670 train_time:493899ms step_avg:386.16ms
step:1280/1670 train_time:494283ms step_avg:386.16ms
step:1281/1670 train_time:494669ms step_avg:386.16ms
step:1282/1670 train_time:495057ms step_avg:386.16ms
step:1283/1670 train_time:495439ms step_avg:386.16ms
step:1284/1670 train_time:495824ms step_avg:386.16ms
step:1285/1670 train_time:496210ms step_avg:386.16ms
step:1286/1670 train_time:496597ms step_avg:386.16ms
step:1287/1670 train_time:496980ms step_avg:386.15ms
step:1288/1670 train_time:497368ms step_avg:386.15ms
step:1289/1670 train_time:497752ms step_avg:386.15ms
step:1290/1670 train_time:498139ms step_avg:386.15ms
step:1291/1670 train_time:498525ms step_avg:386.15ms
step:1292/1670 train_time:498911ms step_avg:386.15ms
step:1293/1670 train_time:499293ms step_avg:386.15ms
step:1294/1670 train_time:499675ms step_avg:386.15ms
step:1295/1670 train_time:500064ms step_avg:386.15ms
step:1296/1670 train_time:500448ms step_avg:386.15ms
step:1297/1670 train_time:500834ms step_avg:386.15ms
step:1298/1670 train_time:501217ms step_avg:386.15ms
step:1299/1670 train_time:501604ms step_avg:386.15ms
step:1300/1670 train_time:501990ms step_avg:386.15ms
step:1301/1670 train_time:502374ms step_avg:386.14ms
step:1302/1670 train_time:502760ms step_avg:386.14ms
step:1303/1670 train_time:503149ms step_avg:386.15ms
step:1304/1670 train_time:503544ms step_avg:386.15ms
step:1305/1670 train_time:503930ms step_avg:386.15ms
step:1306/1670 train_time:504309ms step_avg:386.15ms
step:1307/1670 train_time:504694ms step_avg:386.15ms
step:1308/1670 train_time:505083ms step_avg:386.15ms
step:1309/1670 train_time:505464ms step_avg:386.15ms
step:1310/1670 train_time:505850ms step_avg:386.14ms
step:1311/1670 train_time:506234ms step_avg:386.14ms
step:1312/1670 train_time:506622ms step_avg:386.15ms
step:1313/1670 train_time:507007ms step_avg:386.14ms
step:1314/1670 train_time:507399ms step_avg:386.15ms
step:1315/1670 train_time:507787ms step_avg:386.15ms
step:1316/1670 train_time:508169ms step_avg:386.15ms
step:1317/1670 train_time:508553ms step_avg:386.15ms
step:1318/1670 train_time:508936ms step_avg:386.14ms
step:1319/1670 train_time:509319ms step_avg:386.14ms
step:1320/1670 train_time:509704ms step_avg:386.14ms
step:1321/1670 train_time:510089ms step_avg:386.14ms
step:1322/1670 train_time:510477ms step_avg:386.14ms
step:1323/1670 train_time:510862ms step_avg:386.14ms
step:1324/1670 train_time:511248ms step_avg:386.14ms
step:1325/1670 train_time:511632ms step_avg:386.14ms
step:1326/1670 train_time:512018ms step_avg:386.14ms
step:1327/1670 train_time:512401ms step_avg:386.14ms
step:1328/1670 train_time:512790ms step_avg:386.14ms
step:1329/1670 train_time:513172ms step_avg:386.13ms
step:1330/1670 train_time:513553ms step_avg:386.13ms
step:1331/1670 train_time:513936ms step_avg:386.13ms
step:1332/1670 train_time:514322ms step_avg:386.13ms
step:1333/1670 train_time:514707ms step_avg:386.13ms
step:1334/1670 train_time:515094ms step_avg:386.13ms
step:1335/1670 train_time:515478ms step_avg:386.13ms
step:1336/1670 train_time:515863ms step_avg:386.12ms
step:1337/1670 train_time:516248ms step_avg:386.12ms
step:1338/1670 train_time:516636ms step_avg:386.13ms
step:1339/1670 train_time:517023ms step_avg:386.13ms
step:1340/1670 train_time:517411ms step_avg:386.13ms
step:1341/1670 train_time:517804ms step_avg:386.13ms
step:1342/1670 train_time:518198ms step_avg:386.14ms
step:1343/1670 train_time:518577ms step_avg:386.13ms
step:1344/1670 train_time:518969ms step_avg:386.14ms
step:1345/1670 train_time:519350ms step_avg:386.13ms
step:1346/1670 train_time:519733ms step_avg:386.13ms
step:1347/1670 train_time:520113ms step_avg:386.13ms
step:1348/1670 train_time:520499ms step_avg:386.13ms
step:1349/1670 train_time:520887ms step_avg:386.13ms
step:1350/1670 train_time:521271ms step_avg:386.13ms
step:1351/1670 train_time:521656ms step_avg:386.13ms
step:1352/1670 train_time:522040ms step_avg:386.12ms
step:1353/1670 train_time:522427ms step_avg:386.12ms
step:1354/1670 train_time:522813ms step_avg:386.12ms
step:1355/1670 train_time:523197ms step_avg:386.12ms
step:1356/1670 train_time:523584ms step_avg:386.12ms
step:1357/1670 train_time:523973ms step_avg:386.13ms
step:1358/1670 train_time:524352ms step_avg:386.12ms
step:1359/1670 train_time:524741ms step_avg:386.12ms
step:1360/1670 train_time:525128ms step_avg:386.12ms
step:1361/1670 train_time:525514ms step_avg:386.12ms
step:1362/1670 train_time:525896ms step_avg:386.12ms
step:1363/1670 train_time:526282ms step_avg:386.12ms
step:1364/1670 train_time:526663ms step_avg:386.12ms
step:1365/1670 train_time:527053ms step_avg:386.12ms
step:1366/1670 train_time:527440ms step_avg:386.12ms
step:1367/1670 train_time:527824ms step_avg:386.12ms
step:1368/1670 train_time:528204ms step_avg:386.11ms
step:1369/1670 train_time:528590ms step_avg:386.11ms
step:1370/1670 train_time:528978ms step_avg:386.12ms
step:1371/1670 train_time:529358ms step_avg:386.11ms
step:1372/1670 train_time:529739ms step_avg:386.11ms
step:1373/1670 train_time:530125ms step_avg:386.11ms
step:1374/1670 train_time:530513ms step_avg:386.11ms
step:1375/1670 train_time:530898ms step_avg:386.11ms
step:1375/1670 val_loss:3.3400 train_time:531192ms step_avg:386.32ms
step:1376/1670 train_time:531453ms step_avg:386.23ms
step:1377/1670 train_time:531803ms step_avg:386.20ms
step:1378/1670 train_time:532188ms step_avg:386.20ms
step:1379/1670 train_time:532573ms step_avg:386.20ms
step:1380/1670 train_time:532963ms step_avg:386.21ms
step:1381/1670 train_time:533353ms step_avg:386.21ms
step:1382/1670 train_time:533736ms step_avg:386.21ms
step:1383/1670 train_time:534119ms step_avg:386.20ms
step:1384/1670 train_time:534504ms step_avg:386.20ms
step:1385/1670 train_time:534892ms step_avg:386.20ms
step:1386/1670 train_time:535275ms step_avg:386.20ms
step:1387/1670 train_time:535658ms step_avg:386.20ms
step:1388/1670 train_time:536045ms step_avg:386.20ms
step:1389/1670 train_time:536430ms step_avg:386.20ms
step:1390/1670 train_time:536815ms step_avg:386.20ms
step:1391/1670 train_time:537199ms step_avg:386.20ms
step:1392/1670 train_time:537585ms step_avg:386.20ms
step:1393/1670 train_time:537973ms step_avg:386.20ms
step:1394/1670 train_time:538355ms step_avg:386.19ms
step:1395/1670 train_time:538742ms step_avg:386.20ms
step:1396/1670 train_time:539122ms step_avg:386.19ms
step:1397/1670 train_time:539509ms step_avg:386.19ms
step:1398/1670 train_time:539892ms step_avg:386.19ms
step:1399/1670 train_time:540274ms step_avg:386.19ms
step:1400/1670 train_time:540656ms step_avg:386.18ms
step:1401/1670 train_time:541046ms step_avg:386.19ms
step:1402/1670 train_time:541435ms step_avg:386.19ms
step:1403/1670 train_time:541816ms step_avg:386.18ms
step:1404/1670 train_time:542203ms step_avg:386.18ms
step:1405/1670 train_time:542589ms step_avg:386.18ms
step:1406/1670 train_time:542971ms step_avg:386.18ms
step:1407/1670 train_time:543357ms step_avg:386.18ms
step:1408/1670 train_time:543745ms step_avg:386.18ms
step:1409/1670 train_time:544131ms step_avg:386.18ms
step:1410/1670 train_time:544513ms step_avg:386.18ms
step:1411/1670 train_time:544899ms step_avg:386.18ms
step:1412/1670 train_time:545286ms step_avg:386.18ms
step:1413/1670 train_time:545670ms step_avg:386.18ms
step:1414/1670 train_time:546057ms step_avg:386.18ms
step:1415/1670 train_time:546441ms step_avg:386.18ms
step:1416/1670 train_time:546828ms step_avg:386.18ms
step:1417/1670 train_time:547211ms step_avg:386.18ms
step:1418/1670 train_time:547596ms step_avg:386.17ms
step:1419/1670 train_time:547980ms step_avg:386.17ms
step:1420/1670 train_time:548365ms step_avg:386.17ms
step:1421/1670 train_time:548750ms step_avg:386.17ms
step:1422/1670 train_time:549134ms step_avg:386.17ms
step:1423/1670 train_time:549524ms step_avg:386.17ms
step:1424/1670 train_time:549912ms step_avg:386.17ms
step:1425/1670 train_time:550299ms step_avg:386.17ms
step:1426/1670 train_time:550688ms step_avg:386.18ms
step:1427/1670 train_time:551072ms step_avg:386.17ms
step:1428/1670 train_time:551461ms step_avg:386.18ms
step:1429/1670 train_time:551845ms step_avg:386.18ms
step:1430/1670 train_time:552232ms step_avg:386.18ms
step:1431/1670 train_time:552621ms step_avg:386.18ms
step:1432/1670 train_time:553006ms step_avg:386.18ms
step:1433/1670 train_time:553392ms step_avg:386.18ms
step:1434/1670 train_time:553778ms step_avg:386.18ms
step:1435/1670 train_time:554165ms step_avg:386.18ms
step:1436/1670 train_time:554552ms step_avg:386.18ms
step:1437/1670 train_time:554935ms step_avg:386.18ms
step:1438/1670 train_time:555319ms step_avg:386.17ms
step:1439/1670 train_time:555708ms step_avg:386.18ms
step:1440/1670 train_time:556094ms step_avg:386.18ms
step:1441/1670 train_time:556477ms step_avg:386.17ms
step:1442/1670 train_time:556861ms step_avg:386.17ms
step:1443/1670 train_time:557244ms step_avg:386.17ms
step:1444/1670 train_time:557631ms step_avg:386.17ms
step:1445/1670 train_time:558018ms step_avg:386.17ms
step:1446/1670 train_time:558422ms step_avg:386.18ms
step:1447/1670 train_time:558791ms step_avg:386.17ms
step:1448/1670 train_time:559177ms step_avg:386.17ms
step:1449/1670 train_time:559574ms step_avg:386.18ms
step:1450/1670 train_time:559959ms step_avg:386.18ms
step:1451/1670 train_time:560344ms step_avg:386.18ms
step:1452/1670 train_time:560731ms step_avg:386.18ms
step:1453/1670 train_time:561116ms step_avg:386.18ms
step:1454/1670 train_time:561494ms step_avg:386.17ms
step:1455/1670 train_time:561878ms step_avg:386.17ms
step:1456/1670 train_time:562266ms step_avg:386.17ms
step:1457/1670 train_time:562653ms step_avg:386.17ms
step:1458/1670 train_time:563038ms step_avg:386.17ms
step:1459/1670 train_time:563426ms step_avg:386.17ms
step:1460/1670 train_time:563812ms step_avg:386.17ms
step:1461/1670 train_time:564196ms step_avg:386.17ms
step:1462/1670 train_time:564580ms step_avg:386.17ms
step:1463/1670 train_time:564967ms step_avg:386.17ms
step:1464/1670 train_time:565355ms step_avg:386.17ms
step:1465/1670 train_time:565743ms step_avg:386.17ms
step:1466/1670 train_time:566129ms step_avg:386.17ms
step:1467/1670 train_time:566518ms step_avg:386.17ms
step:1468/1670 train_time:566905ms step_avg:386.18ms
step:1469/1670 train_time:567298ms step_avg:386.18ms
step:1470/1670 train_time:567682ms step_avg:386.18ms
step:1471/1670 train_time:568070ms step_avg:386.18ms
step:1472/1670 train_time:568459ms step_avg:386.18ms
step:1473/1670 train_time:568845ms step_avg:386.18ms
step:1474/1670 train_time:569231ms step_avg:386.18ms
step:1475/1670 train_time:569619ms step_avg:386.18ms
step:1476/1670 train_time:570005ms step_avg:386.18ms
step:1477/1670 train_time:570391ms step_avg:386.18ms
step:1478/1670 train_time:570791ms step_avg:386.19ms
step:1479/1670 train_time:571168ms step_avg:386.19ms
step:1480/1670 train_time:571555ms step_avg:386.19ms
step:1481/1670 train_time:571939ms step_avg:386.18ms
step:1482/1670 train_time:572325ms step_avg:386.18ms
step:1483/1670 train_time:572714ms step_avg:386.19ms
step:1484/1670 train_time:573098ms step_avg:386.18ms
step:1485/1670 train_time:573501ms step_avg:386.20ms
step:1486/1670 train_time:573883ms step_avg:386.19ms
step:1487/1670 train_time:574269ms step_avg:386.19ms
step:1488/1670 train_time:574648ms step_avg:386.19ms
step:1489/1670 train_time:575038ms step_avg:386.19ms
step:1490/1670 train_time:575422ms step_avg:386.19ms
step:1491/1670 train_time:575810ms step_avg:386.19ms
step:1492/1670 train_time:576196ms step_avg:386.19ms
step:1493/1670 train_time:576587ms step_avg:386.19ms
step:1494/1670 train_time:576972ms step_avg:386.19ms
step:1495/1670 train_time:577362ms step_avg:386.20ms
step:1496/1670 train_time:577758ms step_avg:386.20ms
step:1497/1670 train_time:578143ms step_avg:386.20ms
step:1498/1670 train_time:578527ms step_avg:386.20ms
step:1499/1670 train_time:578908ms step_avg:386.20ms
step:1500/1670 train_time:579304ms step_avg:386.20ms
step:1500/1670 val_loss:3.3105 train_time:579583ms step_avg:386.39ms
step:1501/1670 train_time:579849ms step_avg:386.31ms
step:1502/1670 train_time:580238ms step_avg:386.31ms
step:1503/1670 train_time:580626ms step_avg:386.31ms
step:1504/1670 train_time:581015ms step_avg:386.31ms
step:1505/1670 train_time:581405ms step_avg:386.32ms
step:1506/1670 train_time:581799ms step_avg:386.32ms
step:1507/1670 train_time:582181ms step_avg:386.32ms
step:1508/1670 train_time:582570ms step_avg:386.32ms
step:1509/1670 train_time:582957ms step_avg:386.32ms
step:1510/1670 train_time:583344ms step_avg:386.32ms
step:1511/1670 train_time:583728ms step_avg:386.32ms
step:1512/1670 train_time:584114ms step_avg:386.32ms
step:1513/1670 train_time:584499ms step_avg:386.32ms
step:1514/1670 train_time:584885ms step_avg:386.32ms
step:1515/1670 train_time:585270ms step_avg:386.32ms
step:1516/1670 train_time:585657ms step_avg:386.32ms
step:1517/1670 train_time:586044ms step_avg:386.32ms
step:1518/1670 train_time:586429ms step_avg:386.32ms
step:1519/1670 train_time:586816ms step_avg:386.32ms
step:1520/1670 train_time:587207ms step_avg:386.32ms
step:1521/1670 train_time:587597ms step_avg:386.32ms
step:1522/1670 train_time:587982ms step_avg:386.32ms
step:1523/1670 train_time:588364ms step_avg:386.32ms
step:1524/1670 train_time:588753ms step_avg:386.32ms
step:1525/1670 train_time:589142ms step_avg:386.32ms
step:1526/1670 train_time:589528ms step_avg:386.32ms
step:1527/1670 train_time:589919ms step_avg:386.33ms
step:1528/1670 train_time:590303ms step_avg:386.32ms
step:1529/1670 train_time:590689ms step_avg:386.32ms
step:1530/1670 train_time:591075ms step_avg:386.32ms
step:1531/1670 train_time:591463ms step_avg:386.32ms
step:1532/1670 train_time:591846ms step_avg:386.32ms
step:1533/1670 train_time:592231ms step_avg:386.32ms
step:1534/1670 train_time:592620ms step_avg:386.32ms
step:1535/1670 train_time:593004ms step_avg:386.32ms
step:1536/1670 train_time:593390ms step_avg:386.32ms
step:1537/1670 train_time:593776ms step_avg:386.32ms
step:1538/1670 train_time:594161ms step_avg:386.32ms
step:1539/1670 train_time:594549ms step_avg:386.32ms
step:1540/1670 train_time:594938ms step_avg:386.32ms
step:1541/1670 train_time:595323ms step_avg:386.32ms
step:1542/1670 train_time:595711ms step_avg:386.32ms
step:1543/1670 train_time:596103ms step_avg:386.33ms
step:1544/1670 train_time:596487ms step_avg:386.33ms
step:1545/1670 train_time:596875ms step_avg:386.33ms
step:1546/1670 train_time:597259ms step_avg:386.33ms
step:1547/1670 train_time:597644ms step_avg:386.32ms
step:1548/1670 train_time:598030ms step_avg:386.32ms
step:1549/1670 train_time:598418ms step_avg:386.33ms
step:1550/1670 train_time:598807ms step_avg:386.33ms
step:1551/1670 train_time:599196ms step_avg:386.33ms
step:1552/1670 train_time:599587ms step_avg:386.33ms
step:1553/1670 train_time:599974ms step_avg:386.33ms
step:1554/1670 train_time:600362ms step_avg:386.33ms
step:1555/1670 train_time:600749ms step_avg:386.33ms
step:1556/1670 train_time:601131ms step_avg:386.33ms
step:1557/1670 train_time:601520ms step_avg:386.33ms
step:1558/1670 train_time:601907ms step_avg:386.33ms
step:1559/1670 train_time:602292ms step_avg:386.33ms
step:1560/1670 train_time:602681ms step_avg:386.33ms
step:1561/1670 train_time:603065ms step_avg:386.33ms
step:1562/1670 train_time:603453ms step_avg:386.33ms
step:1563/1670 train_time:603839ms step_avg:386.33ms
step:1564/1670 train_time:604225ms step_avg:386.33ms
step:1565/1670 train_time:604612ms step_avg:386.33ms
step:1566/1670 train_time:605003ms step_avg:386.34ms
step:1567/1670 train_time:605387ms step_avg:386.34ms
step:1568/1670 train_time:605775ms step_avg:386.34ms
step:1569/1670 train_time:606157ms step_avg:386.33ms
step:1570/1670 train_time:606547ms step_avg:386.34ms
step:1571/1670 train_time:606931ms step_avg:386.33ms
step:1572/1670 train_time:607325ms step_avg:386.34ms
step:1573/1670 train_time:607707ms step_avg:386.34ms
step:1574/1670 train_time:608095ms step_avg:386.34ms
step:1575/1670 train_time:608481ms step_avg:386.34ms
step:1576/1670 train_time:608870ms step_avg:386.34ms
step:1577/1670 train_time:609261ms step_avg:386.34ms
step:1578/1670 train_time:609647ms step_avg:386.34ms
step:1579/1670 train_time:610032ms step_avg:386.34ms
step:1580/1670 train_time:610418ms step_avg:386.34ms
step:1581/1670 train_time:610806ms step_avg:386.34ms
step:1582/1670 train_time:611188ms step_avg:386.34ms
step:1583/1670 train_time:611579ms step_avg:386.34ms
step:1584/1670 train_time:611967ms step_avg:386.34ms
step:1585/1670 train_time:612351ms step_avg:386.34ms
step:1586/1670 train_time:612742ms step_avg:386.34ms
step:1587/1670 train_time:613128ms step_avg:386.34ms
step:1588/1670 train_time:613513ms step_avg:386.34ms
step:1589/1670 train_time:613893ms step_avg:386.34ms
step:1590/1670 train_time:614280ms step_avg:386.34ms
step:1591/1670 train_time:614673ms step_avg:386.34ms
step:1592/1670 train_time:615059ms step_avg:386.34ms
step:1593/1670 train_time:615442ms step_avg:386.34ms
step:1594/1670 train_time:615833ms step_avg:386.34ms
step:1595/1670 train_time:616220ms step_avg:386.34ms
step:1596/1670 train_time:616605ms step_avg:386.34ms
step:1597/1670 train_time:616995ms step_avg:386.35ms
step:1598/1670 train_time:617379ms step_avg:386.34ms
step:1599/1670 train_time:617766ms step_avg:386.34ms
step:1600/1670 train_time:618154ms step_avg:386.35ms
step:1601/1670 train_time:618540ms step_avg:386.35ms
step:1602/1670 train_time:618924ms step_avg:386.34ms
step:1603/1670 train_time:619310ms step_avg:386.34ms
step:1604/1670 train_time:619708ms step_avg:386.35ms
step:1605/1670 train_time:620096ms step_avg:386.35ms
step:1606/1670 train_time:620482ms step_avg:386.35ms
step:1607/1670 train_time:620870ms step_avg:386.35ms
step:1608/1670 train_time:621251ms step_avg:386.35ms
step:1609/1670 train_time:621637ms step_avg:386.35ms
step:1610/1670 train_time:622028ms step_avg:386.35ms
step:1611/1670 train_time:622421ms step_avg:386.36ms
step:1612/1670 train_time:622804ms step_avg:386.35ms
step:1613/1670 train_time:623196ms step_avg:386.36ms
step:1614/1670 train_time:623583ms step_avg:386.36ms
step:1615/1670 train_time:623969ms step_avg:386.36ms
step:1616/1670 train_time:624360ms step_avg:386.36ms
step:1617/1670 train_time:624741ms step_avg:386.36ms
step:1618/1670 train_time:625128ms step_avg:386.36ms
step:1619/1670 train_time:625516ms step_avg:386.36ms
step:1620/1670 train_time:625908ms step_avg:386.36ms
step:1621/1670 train_time:626295ms step_avg:386.36ms
step:1622/1670 train_time:626683ms step_avg:386.36ms
step:1623/1670 train_time:627073ms step_avg:386.37ms
step:1624/1670 train_time:627459ms step_avg:386.37ms
step:1625/1670 train_time:627850ms step_avg:386.37ms
step:1625/1670 val_loss:3.2861 train_time:628133ms step_avg:386.54ms
step:1626/1670 train_time:628394ms step_avg:386.47ms
step:1627/1670 train_time:628741ms step_avg:386.44ms
step:1628/1670 train_time:629128ms step_avg:386.44ms
step:1629/1670 train_time:629513ms step_avg:386.44ms
step:1630/1670 train_time:629903ms step_avg:386.44ms
step:1631/1670 train_time:630290ms step_avg:386.44ms
step:1632/1670 train_time:630675ms step_avg:386.44ms
step:1633/1670 train_time:631059ms step_avg:386.44ms
step:1634/1670 train_time:631449ms step_avg:386.44ms
step:1635/1670 train_time:631835ms step_avg:386.44ms
step:1636/1670 train_time:632225ms step_avg:386.45ms
step:1637/1670 train_time:632614ms step_avg:386.45ms
step:1638/1670 train_time:632998ms step_avg:386.45ms
step:1639/1670 train_time:633385ms step_avg:386.45ms
step:1640/1670 train_time:633769ms step_avg:386.44ms
step:1641/1670 train_time:634158ms step_avg:386.45ms
step:1642/1670 train_time:634546ms step_avg:386.45ms
step:1643/1670 train_time:634930ms step_avg:386.45ms
step:1644/1670 train_time:635315ms step_avg:386.44ms
step:1645/1670 train_time:635701ms step_avg:386.44ms
step:1646/1670 train_time:636088ms step_avg:386.44ms
step:1647/1670 train_time:636464ms step_avg:386.44ms
step:1648/1670 train_time:636849ms step_avg:386.44ms
step:1649/1670 train_time:637237ms step_avg:386.44ms
step:1650/1670 train_time:637626ms step_avg:386.44ms
step:1651/1670 train_time:638014ms step_avg:386.44ms
step:1652/1670 train_time:638398ms step_avg:386.44ms
step:1653/1670 train_time:638790ms step_avg:386.44ms
step:1654/1670 train_time:639177ms step_avg:386.44ms
step:1655/1670 train_time:639565ms step_avg:386.44ms
step:1656/1670 train_time:639952ms step_avg:386.44ms
step:1657/1670 train_time:640338ms step_avg:386.44ms
step:1658/1670 train_time:640726ms step_avg:386.45ms
step:1659/1670 train_time:641110ms step_avg:386.44ms
step:1660/1670 train_time:641497ms step_avg:386.44ms
step:1661/1670 train_time:641884ms step_avg:386.44ms
step:1662/1670 train_time:642270ms step_avg:386.44ms
step:1663/1670 train_time:642654ms step_avg:386.44ms
step:1664/1670 train_time:643044ms step_avg:386.44ms
step:1665/1670 train_time:643433ms step_avg:386.45ms
step:1666/1670 train_time:643819ms step_avg:386.45ms
step:1667/1670 train_time:644205ms step_avg:386.45ms
step:1668/1670 train_time:644597ms step_avg:386.45ms
step:1669/1670 train_time:644984ms step_avg:386.45ms
step:1670/1670 train_time:645369ms step_avg:386.45ms
step:1670/1670 val_loss:3.2775 train_time:645661ms step_avg:386.62ms
peak memory allocated: 28766 MiB reserved: 31540 MiB
total training time: 645.66s (645661ms)
