W0524 17:05:15.263000 255 site-packages/torch/distributed/run.py:766] 
W0524 17:05:15.263000 255 site-packages/torch/distributed/run.py:766] *****************************************
W0524 17:05:15.263000 255 site-packages/torch/distributed/run.py:766] Setting OMP_NUM_THREADS environment variable for each process to be 1 in default, to avoid your system being overloaded, please further tune the variable for optimal performance in your application as needed. 
W0524 17:05:15.263000 255 site-packages/torch/distributed/run.py:766] *****************************************
/root/miniconda3/envs/llm_test/lib/python3.10/site-packages/torch/autograd/__init__.py:221: UserWarning: Cannot create tensor with interal format while allow_internel_format=False, tensor will be created with base format. (Triggered internally at build/CMakeFiles/torch_npu.dir/compiler_depend.ts:338.)
  torch.ones_like(out, memory_format=torch.preserve_format)
/root/miniconda3/envs/llm_test/lib/python3.10/site-packages/torch/distributed/distributed_c10d.py:4631: UserWarning: No device id is provided via `init_process_group` or `barrier `. Using the current device set by the user. 
  warnings.warn(  # warn only once
/root/miniconda3/envs/llm_test/lib/python3.10/site-packages/torch/autograd/__init__.py:221: UserWarning: Cannot create tensor with interal format while allow_internel_format=False, tensor will be created with base format. (Triggered internally at build/CMakeFiles/torch_npu.dir/compiler_depend.ts:338.)
  torch.ones_like(out, memory_format=torch.preserve_format)
/root/miniconda3/envs/llm_test/lib/python3.10/site-packages/torch/autograd/__init__.py:221: UserWarning: Cannot create tensor with interal format while allow_internel_format=False, tensor will be created with base format. (Triggered internally at build/CMakeFiles/torch_npu.dir/compiler_depend.ts:338.)
  torch.ones_like(out, memory_format=torch.preserve_format)
/root/miniconda3/envs/llm_test/lib/python3.10/site-packages/torch/autograd/__init__.py:221: UserWarning: Cannot create tensor with interal format while allow_internel_format=False, tensor will be created with base format. (Triggered internally at build/CMakeFiles/torch_npu.dir/compiler_depend.ts:338.)
  torch.ones_like(out, memory_format=torch.preserve_format)
/root/miniconda3/envs/llm_test/lib/python3.10/site-packages/torch/autograd/__init__.py:221: UserWarning: Cannot create tensor with interal format while allow_internel_format=False, tensor will be created with base format. (Triggered internally at build/CMakeFiles/torch_npu.dir/compiler_depend.ts:338.)
  torch.ones_like(out, memory_format=torch.preserve_format)
/root/miniconda3/envs/llm_test/lib/python3.10/site-packages/torch/autograd/__init__.py:221: UserWarning: Cannot create tensor with interal format while allow_internel_format=False, tensor will be created with base format. (Triggered internally at build/CMakeFiles/torch_npu.dir/compiler_depend.ts:338.)
  torch.ones_like(out, memory_format=torch.preserve_format)
/root/miniconda3/envs/llm_test/lib/python3.10/site-packages/torch/autograd/__init__.py:221: UserWarning: Cannot create tensor with interal format while allow_internel_format=False, tensor will be created with base format. (Triggered internally at build/CMakeFiles/torch_npu.dir/compiler_depend.ts:338.)
  torch.ones_like(out, memory_format=torch.preserve_format)
/root/miniconda3/envs/llm_test/lib/python3.10/site-packages/torch/autograd/__init__.py:221: UserWarning: Cannot create tensor with interal format while allow_internel_format=False, tensor will be created with base format. (Triggered internally at build/CMakeFiles/torch_npu.dir/compiler_depend.ts:338.)
  torch.ones_like(out, memory_format=torch.preserve_format)
/root/miniconda3/envs/llm_test/lib/python3.10/site-packages/torch/autograd/__init__.py:221: UserWarning: Cannot create tensor with interal format while allow_internel_format=False, tensor will be created with base format. (Triggered internally at build/CMakeFiles/torch_npu.dir/compiler_depend.ts:338.)
  torch.ones_like(out, memory_format=torch.preserve_format)
/root/miniconda3/envs/llm_test/lib/python3.10/site-packages/torch/autograd/__init__.py:221: UserWarning: Cannot create tensor with interal format while allow_internel_format=False, tensor will be created with base format. (Triggered internally at build/CMakeFiles/torch_npu.dir/compiler_depend.ts:338.)
  torch.ones_like(out, memory_format=torch.preserve_format)
/root/miniconda3/envs/llm_test/lib/python3.10/site-packages/torch/autograd/__init__.py:221: UserWarning: Cannot create tensor with interal format while allow_internel_format=False, tensor will be created with base format. (Triggered internally at build/CMakeFiles/torch_npu.dir/compiler_depend.ts:338.)
  torch.ones_like(out, memory_format=torch.preserve_format)
/root/miniconda3/envs/llm_test/lib/python3.10/site-packages/torch/autograd/__init__.py:221: UserWarning: Cannot create tensor with interal format while allow_internel_format=False, tensor will be created with base format. (Triggered internally at build/CMakeFiles/torch_npu.dir/compiler_depend.ts:338.)
  torch.ones_like(out, memory_format=torch.preserve_format)
/root/miniconda3/envs/llm_test/lib/python3.10/site-packages/torch/autograd/__init__.py:221: UserWarning: Cannot create tensor with interal format while allow_internel_format=False, tensor will be created with base format. (Triggered internally at build/CMakeFiles/torch_npu.dir/compiler_depend.ts:338.)
  torch.ones_like(out, memory_format=torch.preserve_format)
/root/miniconda3/envs/llm_test/lib/python3.10/site-packages/torch/autograd/__init__.py:221: UserWarning: Cannot create tensor with interal format while allow_internel_format=False, tensor will be created with base format. (Triggered internally at build/CMakeFiles/torch_npu.dir/compiler_depend.ts:338.)
  torch.ones_like(out, memory_format=torch.preserve_format)
/root/miniconda3/envs/llm_test/lib/python3.10/site-packages/torch/autograd/__init__.py:221: UserWarning: Cannot create tensor with interal format while allow_internel_format=False, tensor will be created with base format. (Triggered internally at build/CMakeFiles/torch_npu.dir/compiler_depend.ts:338.)
  torch.ones_like(out, memory_format=torch.preserve_format)
/root/miniconda3/envs/llm_test/lib/python3.10/site-packages/torch/distributed/distributed_c10d.py:4631: UserWarning: No device id is provided via `init_process_group` or `barrier `. Using the current device set by the user. 
  warnings.warn(  # warn only once
/root/miniconda3/envs/llm_test/lib/python3.10/site-packages/torch/autograd/__init__.py:221: UserWarning: Cannot create tensor with interal format while allow_internel_format=False, tensor will be created with base format. (Triggered internally at build/CMakeFiles/torch_npu.dir/compiler_depend.ts:338.)
  torch.ones_like(out, memory_format=torch.preserve_format)
/root/miniconda3/envs/llm_test/lib/python3.10/site-packages/torch/distributed/distributed_c10d.py:4631: UserWarning: No device id is provided via `init_process_group` or `barrier `. Using the current device set by the user. 
  warnings.warn(  # warn only once
/root/miniconda3/envs/llm_test/lib/python3.10/site-packages/torch/distributed/distributed_c10d.py:4631: UserWarning: No device id is provided via `init_process_group` or `barrier `. Using the current device set by the user. 
  warnings.warn(  # warn only once
/root/miniconda3/envs/llm_test/lib/python3.10/site-packages/torch/distributed/distributed_c10d.py:4631: UserWarning: No device id is provided via `init_process_group` or `barrier `. Using the current device set by the user. 
  warnings.warn(  # warn only once
/root/miniconda3/envs/llm_test/lib/python3.10/site-packages/torch/distributed/distributed_c10d.py:4631: UserWarning: No device id is provided via `init_process_group` or `barrier `. Using the current device set by the user. 
  warnings.warn(  # warn only once
/root/miniconda3/envs/llm_test/lib/python3.10/site-packages/torch/distributed/distributed_c10d.py:4631: UserWarning: No device id is provided via `init_process_group` or `barrier `. Using the current device set by the user. 
  warnings.warn(  # warn only once
/root/miniconda3/envs/llm_test/lib/python3.10/site-packages/torch/distributed/distributed_c10d.py:4631: UserWarning: No device id is provided via `init_process_group` or `barrier `. Using the current device set by the user. 
  warnings.warn(  # warn only once
/root/miniconda3/envs/llm_test/lib/python3.10/site-packages/torch/distributed/distributed_c10d.py:4631: UserWarning: No device id is provided via `init_process_group` or `barrier `. Using the current device set by the user. 
  warnings.warn(  # warn only once
/root/miniconda3/envs/llm_test/lib/python3.10/site-packages/torch/distributed/distributed_c10d.py:4631: UserWarning: No device id is provided via `init_process_group` or `barrier `. Using the current device set by the user. 
  warnings.warn(  # warn only once
/root/miniconda3/envs/llm_test/lib/python3.10/site-packages/torch/distributed/distributed_c10d.py:4631: UserWarning: No device id is provided via `init_process_group` or `barrier `. Using the current device set by the user. 
  warnings.warn(  # warn only once
/root/miniconda3/envs/llm_test/lib/python3.10/site-packages/torch/distributed/distributed_c10d.py:4631: UserWarning: No device id is provided via `init_process_group` or `barrier `. Using the current device set by the user. 
  warnings.warn(  # warn only once
/root/miniconda3/envs/llm_test/lib/python3.10/site-packages/torch/distributed/distributed_c10d.py:4631: UserWarning: No device id is provided via `init_process_group` or `barrier `. Using the current device set by the user. 
  warnings.warn(  # warn only once
/root/miniconda3/envs/llm_test/lib/python3.10/site-packages/torch/distributed/distributed_c10d.py:4631: UserWarning: No device id is provided via `init_process_group` or `barrier `. Using the current device set by the user. 
  warnings.warn(  # warn only once
/root/miniconda3/envs/llm_test/lib/python3.10/site-packages/torch/distributed/distributed_c10d.py:4631: UserWarning: No device id is provided via `init_process_group` or `barrier `. Using the current device set by the user. 
  warnings.warn(  # warn only once
/root/miniconda3/envs/llm_test/lib/python3.10/site-packages/torch/distributed/distributed_c10d.py:4631: UserWarning: No device id is provided via `init_process_group` or `barrier `. Using the current device set by the user. 
  warnings.warn(  # warn only once
logs/51a8ba7b-1131-43f9-a9de-3a250af57385.txt
/root/miniconda3/envs/llm_test/lib/python3.10/site-packages/torch_npu/utils/storage.py:89: UserWarning: TypedStorage is deprecated. It will be removed in the future and UntypedStorage will be the only storage class. This should only matter to you if you are using storages directly.  To access UntypedStorage directly, use tensor.untyped_storage() instead of tensor.storage()
  if self.device.type != 'cpu':
step:0/1670 val_loss:10.8125 train_time:0ms step_avg:0.11ms
step:1/1670 train_time:1215ms step_avg:1214.87ms
step:2/1670 train_time:1330ms step_avg:664.89ms
step:3/1670 train_time:1710ms step_avg:570.07ms
step:4/1670 train_time:2095ms step_avg:523.86ms
step:5/1670 train_time:2480ms step_avg:495.91ms
step:6/1670 train_time:2869ms step_avg:478.23ms
step:7/1670 train_time:3246ms step_avg:463.65ms
step:8/1670 train_time:3641ms step_avg:455.08ms
step:9/1670 train_time:4020ms step_avg:446.65ms
step:10/1670 train_time:4410ms step_avg:440.97ms
step:11/1670 train_time:4793ms step_avg:435.75ms
step:12/1670 train_time:5176ms step_avg:431.31ms
step:13/1670 train_time:5557ms step_avg:427.49ms
step:14/1670 train_time:5943ms step_avg:424.50ms
step:15/1670 train_time:6336ms step_avg:422.38ms
step:16/1670 train_time:6724ms step_avg:420.28ms
step:17/1670 train_time:7104ms step_avg:417.86ms
step:18/1670 train_time:7485ms step_avg:415.81ms
step:19/1670 train_time:7874ms step_avg:414.42ms
step:20/1670 train_time:8264ms step_avg:413.18ms
step:21/1670 train_time:8648ms step_avg:411.79ms
step:22/1670 train_time:9032ms step_avg:410.55ms
step:23/1670 train_time:9417ms step_avg:409.43ms
step:24/1670 train_time:9806ms step_avg:408.57ms
step:25/1670 train_time:10189ms step_avg:407.55ms
step:26/1670 train_time:10568ms step_avg:406.48ms
step:27/1670 train_time:10957ms step_avg:405.83ms
step:28/1670 train_time:11337ms step_avg:404.89ms
step:29/1670 train_time:11725ms step_avg:404.32ms
step:30/1670 train_time:12106ms step_avg:403.52ms
step:31/1670 train_time:12492ms step_avg:402.96ms
step:32/1670 train_time:12874ms step_avg:402.30ms
step:33/1670 train_time:13254ms step_avg:401.63ms
step:34/1670 train_time:13639ms step_avg:401.14ms
step:35/1670 train_time:14028ms step_avg:400.80ms
step:36/1670 train_time:14406ms step_avg:400.18ms
step:37/1670 train_time:14796ms step_avg:399.90ms
step:38/1670 train_time:15180ms step_avg:399.46ms
step:39/1670 train_time:15560ms step_avg:398.97ms
step:40/1670 train_time:15945ms step_avg:398.62ms
step:41/1670 train_time:16329ms step_avg:398.27ms
step:42/1670 train_time:16713ms step_avg:397.94ms
step:43/1670 train_time:17098ms step_avg:397.62ms
step:44/1670 train_time:17484ms step_avg:397.36ms
step:45/1670 train_time:17869ms step_avg:397.10ms
step:46/1670 train_time:18254ms step_avg:396.83ms
step:47/1670 train_time:18642ms step_avg:396.63ms
step:48/1670 train_time:19023ms step_avg:396.32ms
step:49/1670 train_time:19409ms step_avg:396.09ms
step:50/1670 train_time:19800ms step_avg:395.99ms
step:51/1670 train_time:20195ms step_avg:395.98ms
step:52/1670 train_time:20586ms step_avg:395.89ms
step:53/1670 train_time:20968ms step_avg:395.62ms
step:54/1670 train_time:21352ms step_avg:395.40ms
step:55/1670 train_time:21742ms step_avg:395.31ms
step:56/1670 train_time:22120ms step_avg:395.00ms
step:57/1670 train_time:22512ms step_avg:394.95ms
step:58/1670 train_time:22890ms step_avg:394.65ms
step:59/1670 train_time:23277ms step_avg:394.52ms
step:60/1670 train_time:23664ms step_avg:394.40ms
step:61/1670 train_time:24048ms step_avg:394.24ms
step:62/1670 train_time:24431ms step_avg:394.05ms
step:63/1670 train_time:24821ms step_avg:393.99ms
step:64/1670 train_time:25202ms step_avg:393.79ms
step:65/1670 train_time:25585ms step_avg:393.62ms
step:66/1670 train_time:25967ms step_avg:393.44ms
step:67/1670 train_time:26352ms step_avg:393.31ms
step:68/1670 train_time:26733ms step_avg:393.13ms
step:69/1670 train_time:27121ms step_avg:393.06ms
step:70/1670 train_time:27509ms step_avg:392.99ms
step:71/1670 train_time:27895ms step_avg:392.89ms
step:72/1670 train_time:28277ms step_avg:392.73ms
step:73/1670 train_time:28665ms step_avg:392.67ms
step:74/1670 train_time:29048ms step_avg:392.54ms
step:75/1670 train_time:29438ms step_avg:392.50ms
step:76/1670 train_time:29825ms step_avg:392.43ms
step:77/1670 train_time:30223ms step_avg:392.51ms
step:78/1670 train_time:30606ms step_avg:392.38ms
step:79/1670 train_time:30979ms step_avg:392.14ms
step:80/1670 train_time:31365ms step_avg:392.06ms
step:81/1670 train_time:31748ms step_avg:391.95ms
step:82/1670 train_time:32133ms step_avg:391.86ms
step:83/1670 train_time:32517ms step_avg:391.77ms
step:84/1670 train_time:32906ms step_avg:391.74ms
step:85/1670 train_time:33290ms step_avg:391.65ms
step:86/1670 train_time:33682ms step_avg:391.66ms
step:87/1670 train_time:34064ms step_avg:391.54ms
step:88/1670 train_time:34450ms step_avg:391.48ms
step:89/1670 train_time:34833ms step_avg:391.39ms
step:90/1670 train_time:35219ms step_avg:391.32ms
step:91/1670 train_time:35603ms step_avg:391.25ms
step:92/1670 train_time:35987ms step_avg:391.16ms
step:93/1670 train_time:36369ms step_avg:391.07ms
step:94/1670 train_time:36758ms step_avg:391.04ms
step:95/1670 train_time:37140ms step_avg:390.95ms
step:96/1670 train_time:37524ms step_avg:390.87ms
step:97/1670 train_time:37909ms step_avg:390.82ms
step:98/1670 train_time:38297ms step_avg:390.78ms
step:99/1670 train_time:38685ms step_avg:390.76ms
step:100/1670 train_time:39071ms step_avg:390.71ms
step:101/1670 train_time:39457ms step_avg:390.66ms
step:102/1670 train_time:39839ms step_avg:390.58ms
step:103/1670 train_time:40222ms step_avg:390.50ms
step:104/1670 train_time:40606ms step_avg:390.44ms
step:105/1670 train_time:40989ms step_avg:390.37ms
step:106/1670 train_time:41377ms step_avg:390.35ms
step:107/1670 train_time:41762ms step_avg:390.30ms
step:108/1670 train_time:42147ms step_avg:390.25ms
step:109/1670 train_time:42530ms step_avg:390.18ms
step:110/1670 train_time:42912ms step_avg:390.11ms
step:111/1670 train_time:43300ms step_avg:390.09ms
step:112/1670 train_time:43686ms step_avg:390.05ms
step:113/1670 train_time:44073ms step_avg:390.03ms
step:114/1670 train_time:44457ms step_avg:389.97ms
step:115/1670 train_time:44840ms step_avg:389.91ms
step:116/1670 train_time:45224ms step_avg:389.86ms
step:117/1670 train_time:45611ms step_avg:389.84ms
step:118/1670 train_time:45997ms step_avg:389.80ms
step:119/1670 train_time:46381ms step_avg:389.76ms
step:120/1670 train_time:46766ms step_avg:389.72ms
step:121/1670 train_time:47157ms step_avg:389.73ms
step:122/1670 train_time:47536ms step_avg:389.64ms
step:123/1670 train_time:47924ms step_avg:389.62ms
step:124/1670 train_time:48303ms step_avg:389.54ms
step:125/1670 train_time:48687ms step_avg:389.50ms
step:125/1670 val_loss:4.3062 train_time:48975ms step_avg:391.80ms
step:126/1670 train_time:49235ms step_avg:390.75ms
step:127/1670 train_time:49600ms step_avg:390.55ms
step:128/1670 train_time:49974ms step_avg:390.42ms
step:129/1670 train_time:50360ms step_avg:390.38ms
step:130/1670 train_time:50745ms step_avg:390.35ms
step:131/1670 train_time:51130ms step_avg:390.30ms
step:132/1670 train_time:51516ms step_avg:390.27ms
step:133/1670 train_time:51900ms step_avg:390.23ms
step:134/1670 train_time:52286ms step_avg:390.19ms
step:135/1670 train_time:52668ms step_avg:390.13ms
step:136/1670 train_time:53051ms step_avg:390.08ms
step:137/1670 train_time:53435ms step_avg:390.04ms
step:138/1670 train_time:53819ms step_avg:389.99ms
step:139/1670 train_time:54208ms step_avg:389.98ms
step:140/1670 train_time:54591ms step_avg:389.93ms
step:141/1670 train_time:54976ms step_avg:389.90ms
step:142/1670 train_time:55359ms step_avg:389.85ms
step:143/1670 train_time:55745ms step_avg:389.82ms
step:144/1670 train_time:56129ms step_avg:389.78ms
step:145/1670 train_time:56513ms step_avg:389.75ms
step:146/1670 train_time:56904ms step_avg:389.75ms
step:147/1670 train_time:57285ms step_avg:389.69ms
step:148/1670 train_time:57667ms step_avg:389.64ms
step:149/1670 train_time:58052ms step_avg:389.61ms
step:150/1670 train_time:58437ms step_avg:389.58ms
step:151/1670 train_time:58823ms step_avg:389.55ms
step:152/1670 train_time:59207ms step_avg:389.52ms
step:153/1670 train_time:59591ms step_avg:389.48ms
step:154/1670 train_time:59974ms step_avg:389.44ms
step:155/1670 train_time:60357ms step_avg:389.40ms
step:156/1670 train_time:60742ms step_avg:389.37ms
step:157/1670 train_time:61131ms step_avg:389.37ms
step:158/1670 train_time:61519ms step_avg:389.36ms
step:159/1670 train_time:61903ms step_avg:389.33ms
step:160/1670 train_time:62286ms step_avg:389.28ms
step:161/1670 train_time:62669ms step_avg:389.25ms
step:162/1670 train_time:63052ms step_avg:389.21ms
step:163/1670 train_time:63437ms step_avg:389.18ms
step:164/1670 train_time:63819ms step_avg:389.14ms
step:165/1670 train_time:64206ms step_avg:389.13ms
step:166/1670 train_time:64591ms step_avg:389.10ms
step:167/1670 train_time:64973ms step_avg:389.06ms
step:168/1670 train_time:65364ms step_avg:389.07ms
step:169/1670 train_time:65748ms step_avg:389.04ms
step:170/1670 train_time:66135ms step_avg:389.03ms
step:171/1670 train_time:66519ms step_avg:389.00ms
step:172/1670 train_time:66904ms step_avg:388.98ms
step:173/1670 train_time:67289ms step_avg:388.95ms
step:174/1670 train_time:67675ms step_avg:388.94ms
step:175/1670 train_time:68056ms step_avg:388.89ms
step:176/1670 train_time:68445ms step_avg:388.89ms
step:177/1670 train_time:68832ms step_avg:388.88ms
step:178/1670 train_time:69216ms step_avg:388.85ms
step:179/1670 train_time:69596ms step_avg:388.81ms
step:180/1670 train_time:69979ms step_avg:388.77ms
step:181/1670 train_time:70362ms step_avg:388.74ms
step:182/1670 train_time:70747ms step_avg:388.72ms
step:183/1670 train_time:71129ms step_avg:388.68ms
step:184/1670 train_time:71514ms step_avg:388.67ms
step:185/1670 train_time:71902ms step_avg:388.66ms
step:186/1670 train_time:72286ms step_avg:388.63ms
step:187/1670 train_time:72669ms step_avg:388.60ms
step:188/1670 train_time:73056ms step_avg:388.60ms
step:189/1670 train_time:73439ms step_avg:388.57ms
step:190/1670 train_time:73825ms step_avg:388.55ms
step:191/1670 train_time:74209ms step_avg:388.53ms
step:192/1670 train_time:74594ms step_avg:388.51ms
step:193/1670 train_time:74975ms step_avg:388.47ms
step:194/1670 train_time:75364ms step_avg:388.47ms
step:195/1670 train_time:75747ms step_avg:388.45ms
step:196/1670 train_time:76132ms step_avg:388.43ms
step:197/1670 train_time:76521ms step_avg:388.43ms
step:198/1670 train_time:76908ms step_avg:388.42ms
step:199/1670 train_time:77291ms step_avg:388.40ms
step:200/1670 train_time:77673ms step_avg:388.37ms
step:201/1670 train_time:78055ms step_avg:388.33ms
step:202/1670 train_time:78443ms step_avg:388.33ms
step:203/1670 train_time:78827ms step_avg:388.31ms
step:204/1670 train_time:79216ms step_avg:388.31ms
step:205/1670 train_time:79595ms step_avg:388.27ms
step:206/1670 train_time:79987ms step_avg:388.29ms
step:207/1670 train_time:80371ms step_avg:388.26ms
step:208/1670 train_time:80758ms step_avg:388.26ms
step:209/1670 train_time:81141ms step_avg:388.23ms
step:210/1670 train_time:81528ms step_avg:388.23ms
step:211/1670 train_time:81916ms step_avg:388.23ms
step:212/1670 train_time:82302ms step_avg:388.22ms
step:213/1670 train_time:82689ms step_avg:388.21ms
step:214/1670 train_time:83072ms step_avg:388.19ms
step:215/1670 train_time:83454ms step_avg:388.16ms
step:216/1670 train_time:83838ms step_avg:388.14ms
step:217/1670 train_time:84221ms step_avg:388.12ms
step:218/1670 train_time:84608ms step_avg:388.11ms
step:219/1670 train_time:84993ms step_avg:388.09ms
step:220/1670 train_time:85376ms step_avg:388.07ms
step:221/1670 train_time:85758ms step_avg:388.05ms
step:222/1670 train_time:86146ms step_avg:388.05ms
step:223/1670 train_time:86530ms step_avg:388.03ms
step:224/1670 train_time:86912ms step_avg:388.00ms
step:225/1670 train_time:87295ms step_avg:387.98ms
step:226/1670 train_time:87679ms step_avg:387.96ms
step:227/1670 train_time:88065ms step_avg:387.95ms
step:228/1670 train_time:88451ms step_avg:387.94ms
step:229/1670 train_time:88838ms step_avg:387.94ms
step:230/1670 train_time:89222ms step_avg:387.92ms
step:231/1670 train_time:89610ms step_avg:387.92ms
step:232/1670 train_time:89991ms step_avg:387.89ms
step:233/1670 train_time:90376ms step_avg:387.88ms
step:234/1670 train_time:90763ms step_avg:387.88ms
step:235/1670 train_time:91148ms step_avg:387.86ms
step:236/1670 train_time:91531ms step_avg:387.84ms
step:237/1670 train_time:91916ms step_avg:387.83ms
step:238/1670 train_time:92300ms step_avg:387.81ms
step:239/1670 train_time:92684ms step_avg:387.80ms
step:240/1670 train_time:93066ms step_avg:387.78ms
step:241/1670 train_time:93451ms step_avg:387.76ms
step:242/1670 train_time:93834ms step_avg:387.74ms
step:243/1670 train_time:94222ms step_avg:387.75ms
step:244/1670 train_time:94607ms step_avg:387.73ms
step:245/1670 train_time:94994ms step_avg:387.73ms
step:246/1670 train_time:95375ms step_avg:387.70ms
step:247/1670 train_time:95762ms step_avg:387.70ms
step:248/1670 train_time:96148ms step_avg:387.69ms
step:249/1670 train_time:96537ms step_avg:387.70ms
step:250/1670 train_time:96921ms step_avg:387.68ms
step:250/1670 val_loss:3.9711 train_time:97213ms step_avg:388.85ms
step:251/1670 train_time:97466ms step_avg:388.31ms
step:252/1670 train_time:97806ms step_avg:388.12ms
step:253/1670 train_time:98189ms step_avg:388.10ms
step:254/1670 train_time:98580ms step_avg:388.11ms
step:255/1670 train_time:98966ms step_avg:388.10ms
step:256/1670 train_time:99352ms step_avg:388.09ms
step:257/1670 train_time:99738ms step_avg:388.09ms
step:258/1670 train_time:100123ms step_avg:388.07ms
step:259/1670 train_time:100509ms step_avg:388.07ms
step:260/1670 train_time:100897ms step_avg:388.06ms
step:261/1670 train_time:101286ms step_avg:388.07ms
step:262/1670 train_time:101668ms step_avg:388.04ms
step:263/1670 train_time:102052ms step_avg:388.03ms
step:264/1670 train_time:102432ms step_avg:388.00ms
step:265/1670 train_time:102817ms step_avg:387.99ms
step:266/1670 train_time:103202ms step_avg:387.98ms
step:267/1670 train_time:103583ms step_avg:387.95ms
step:268/1670 train_time:103963ms step_avg:387.92ms
step:269/1670 train_time:104353ms step_avg:387.93ms
step:270/1670 train_time:104737ms step_avg:387.92ms
step:271/1670 train_time:105120ms step_avg:387.90ms
step:272/1670 train_time:105501ms step_avg:387.87ms
step:273/1670 train_time:105889ms step_avg:387.87ms
step:274/1670 train_time:106273ms step_avg:387.86ms
step:275/1670 train_time:106658ms step_avg:387.85ms
step:276/1670 train_time:107041ms step_avg:387.83ms
step:277/1670 train_time:107426ms step_avg:387.82ms
step:278/1670 train_time:107807ms step_avg:387.80ms
step:279/1670 train_time:108191ms step_avg:387.78ms
step:280/1670 train_time:108577ms step_avg:387.78ms
step:281/1670 train_time:108960ms step_avg:387.76ms
step:282/1670 train_time:109350ms step_avg:387.77ms
step:283/1670 train_time:109731ms step_avg:387.74ms
step:284/1670 train_time:110115ms step_avg:387.73ms
step:285/1670 train_time:110501ms step_avg:387.72ms
step:286/1670 train_time:110885ms step_avg:387.71ms
step:287/1670 train_time:111265ms step_avg:387.68ms
step:288/1670 train_time:111654ms step_avg:387.69ms
step:289/1670 train_time:112036ms step_avg:387.67ms
step:290/1670 train_time:112425ms step_avg:387.67ms
step:291/1670 train_time:112806ms step_avg:387.65ms
step:292/1670 train_time:113190ms step_avg:387.64ms
step:293/1670 train_time:113573ms step_avg:387.62ms
step:294/1670 train_time:113963ms step_avg:387.63ms
step:295/1670 train_time:114347ms step_avg:387.62ms
step:296/1670 train_time:114730ms step_avg:387.60ms
step:297/1670 train_time:115115ms step_avg:387.59ms
step:298/1670 train_time:115497ms step_avg:387.58ms
step:299/1670 train_time:115880ms step_avg:387.56ms
step:300/1670 train_time:116267ms step_avg:387.56ms
step:301/1670 train_time:116647ms step_avg:387.53ms
step:302/1670 train_time:117033ms step_avg:387.53ms
step:303/1670 train_time:117421ms step_avg:387.53ms
step:304/1670 train_time:117803ms step_avg:387.51ms
step:305/1670 train_time:118188ms step_avg:387.50ms
step:306/1670 train_time:118571ms step_avg:387.49ms
step:307/1670 train_time:118952ms step_avg:387.46ms
step:308/1670 train_time:119335ms step_avg:387.45ms
step:309/1670 train_time:119722ms step_avg:387.45ms
step:310/1670 train_time:120107ms step_avg:387.44ms
step:311/1670 train_time:120493ms step_avg:387.44ms
step:312/1670 train_time:120880ms step_avg:387.43ms
step:313/1670 train_time:121262ms step_avg:387.42ms
step:314/1670 train_time:121648ms step_avg:387.41ms
step:315/1670 train_time:122035ms step_avg:387.41ms
step:316/1670 train_time:122422ms step_avg:387.41ms
step:317/1670 train_time:122807ms step_avg:387.41ms
step:318/1670 train_time:123196ms step_avg:387.41ms
step:319/1670 train_time:123578ms step_avg:387.39ms
step:320/1670 train_time:123965ms step_avg:387.39ms
step:321/1670 train_time:124352ms step_avg:387.39ms
step:322/1670 train_time:124737ms step_avg:387.38ms
step:323/1670 train_time:125123ms step_avg:387.38ms
step:324/1670 train_time:125502ms step_avg:387.35ms
step:325/1670 train_time:125886ms step_avg:387.34ms
step:326/1670 train_time:126270ms step_avg:387.33ms
step:327/1670 train_time:126655ms step_avg:387.32ms
step:328/1670 train_time:127037ms step_avg:387.31ms
step:329/1670 train_time:127424ms step_avg:387.31ms
step:330/1670 train_time:127810ms step_avg:387.30ms
step:331/1670 train_time:128192ms step_avg:387.29ms
step:332/1670 train_time:128573ms step_avg:387.27ms
step:333/1670 train_time:128959ms step_avg:387.26ms
step:334/1670 train_time:129341ms step_avg:387.25ms
step:335/1670 train_time:129726ms step_avg:387.24ms
step:336/1670 train_time:130111ms step_avg:387.23ms
step:337/1670 train_time:130491ms step_avg:387.21ms
step:338/1670 train_time:130873ms step_avg:387.20ms
step:339/1670 train_time:131262ms step_avg:387.20ms
step:340/1670 train_time:131647ms step_avg:387.20ms
step:341/1670 train_time:132031ms step_avg:387.19ms
step:342/1670 train_time:132416ms step_avg:387.18ms
step:343/1670 train_time:132803ms step_avg:387.18ms
step:344/1670 train_time:133194ms step_avg:387.19ms
step:345/1670 train_time:133578ms step_avg:387.18ms
step:346/1670 train_time:133962ms step_avg:387.17ms
step:347/1670 train_time:134349ms step_avg:387.17ms
step:348/1670 train_time:134732ms step_avg:387.16ms
step:349/1670 train_time:135117ms step_avg:387.15ms
step:350/1670 train_time:135499ms step_avg:387.14ms
step:351/1670 train_time:135885ms step_avg:387.14ms
step:352/1670 train_time:136270ms step_avg:387.13ms
step:353/1670 train_time:136655ms step_avg:387.13ms
step:354/1670 train_time:137039ms step_avg:387.12ms
step:355/1670 train_time:137424ms step_avg:387.11ms
step:356/1670 train_time:137810ms step_avg:387.11ms
step:357/1670 train_time:138191ms step_avg:387.09ms
step:358/1670 train_time:138574ms step_avg:387.08ms
step:359/1670 train_time:138958ms step_avg:387.07ms
step:360/1670 train_time:139343ms step_avg:387.06ms
step:361/1670 train_time:139728ms step_avg:387.06ms
step:362/1670 train_time:140116ms step_avg:387.06ms
step:363/1670 train_time:140498ms step_avg:387.05ms
step:364/1670 train_time:140886ms step_avg:387.05ms
step:365/1670 train_time:141267ms step_avg:387.03ms
step:366/1670 train_time:141650ms step_avg:387.02ms
step:367/1670 train_time:142041ms step_avg:387.03ms
step:368/1670 train_time:142424ms step_avg:387.02ms
step:369/1670 train_time:142810ms step_avg:387.02ms
step:370/1670 train_time:143193ms step_avg:387.01ms
step:371/1670 train_time:143578ms step_avg:387.00ms
step:372/1670 train_time:143970ms step_avg:387.02ms
step:373/1670 train_time:144356ms step_avg:387.01ms
step:374/1670 train_time:144743ms step_avg:387.01ms
step:375/1670 train_time:145124ms step_avg:387.00ms
step:375/1670 val_loss:3.8232 train_time:145418ms step_avg:387.78ms
step:376/1670 train_time:145669ms step_avg:387.42ms
step:377/1670 train_time:146027ms step_avg:387.34ms
step:378/1670 train_time:146411ms step_avg:387.33ms
step:379/1670 train_time:146802ms step_avg:387.34ms
step:380/1670 train_time:147188ms step_avg:387.34ms
step:381/1670 train_time:147571ms step_avg:387.32ms
step:382/1670 train_time:147954ms step_avg:387.31ms
step:383/1670 train_time:148340ms step_avg:387.31ms
step:384/1670 train_time:148725ms step_avg:387.31ms
step:385/1670 train_time:149106ms step_avg:387.29ms
step:386/1670 train_time:149495ms step_avg:387.29ms
step:387/1670 train_time:149882ms step_avg:387.29ms
step:388/1670 train_time:150267ms step_avg:387.29ms
step:389/1670 train_time:150652ms step_avg:387.28ms
step:390/1670 train_time:151039ms step_avg:387.28ms
step:391/1670 train_time:151423ms step_avg:387.27ms
step:392/1670 train_time:151807ms step_avg:387.26ms
step:393/1670 train_time:152193ms step_avg:387.26ms
step:394/1670 train_time:152577ms step_avg:387.25ms
step:395/1670 train_time:152965ms step_avg:387.25ms
step:396/1670 train_time:153352ms step_avg:387.25ms
step:397/1670 train_time:153734ms step_avg:387.24ms
step:398/1670 train_time:154123ms step_avg:387.24ms
step:399/1670 train_time:154504ms step_avg:387.23ms
step:400/1670 train_time:154890ms step_avg:387.22ms
step:401/1670 train_time:155275ms step_avg:387.22ms
step:402/1670 train_time:155659ms step_avg:387.21ms
step:403/1670 train_time:156043ms step_avg:387.20ms
step:404/1670 train_time:156428ms step_avg:387.20ms
step:405/1670 train_time:156813ms step_avg:387.19ms
step:406/1670 train_time:157197ms step_avg:387.18ms
step:407/1670 train_time:157580ms step_avg:387.17ms
step:408/1670 train_time:157972ms step_avg:387.19ms
step:409/1670 train_time:158352ms step_avg:387.17ms
step:410/1670 train_time:158737ms step_avg:387.16ms
step:411/1670 train_time:159123ms step_avg:387.16ms
step:412/1670 train_time:159504ms step_avg:387.15ms
step:413/1670 train_time:159888ms step_avg:387.14ms
step:414/1670 train_time:160275ms step_avg:387.14ms
step:415/1670 train_time:160661ms step_avg:387.13ms
step:416/1670 train_time:161043ms step_avg:387.12ms
step:417/1670 train_time:161430ms step_avg:387.12ms
step:418/1670 train_time:161812ms step_avg:387.11ms
step:419/1670 train_time:162196ms step_avg:387.10ms
step:420/1670 train_time:162583ms step_avg:387.10ms
step:421/1670 train_time:162972ms step_avg:387.11ms
step:422/1670 train_time:163355ms step_avg:387.10ms
step:423/1670 train_time:163735ms step_avg:387.08ms
step:424/1670 train_time:164123ms step_avg:387.08ms
step:425/1670 train_time:164509ms step_avg:387.08ms
step:426/1670 train_time:164894ms step_avg:387.07ms
step:427/1670 train_time:165280ms step_avg:387.07ms
step:428/1670 train_time:165664ms step_avg:387.07ms
step:429/1670 train_time:166047ms step_avg:387.05ms
step:430/1670 train_time:166432ms step_avg:387.05ms
step:431/1670 train_time:166816ms step_avg:387.04ms
step:432/1670 train_time:167199ms step_avg:387.04ms
step:433/1670 train_time:167584ms step_avg:387.03ms
step:434/1670 train_time:167972ms step_avg:387.03ms
step:435/1670 train_time:168357ms step_avg:387.03ms
step:436/1670 train_time:168738ms step_avg:387.01ms
step:437/1670 train_time:169123ms step_avg:387.01ms
step:438/1670 train_time:169507ms step_avg:387.00ms
step:439/1670 train_time:169895ms step_avg:387.00ms
step:440/1670 train_time:170278ms step_avg:386.99ms
step:441/1670 train_time:170666ms step_avg:387.00ms
step:442/1670 train_time:171052ms step_avg:386.99ms
step:443/1670 train_time:171440ms step_avg:387.00ms
step:444/1670 train_time:171824ms step_avg:386.99ms
step:445/1670 train_time:172208ms step_avg:386.98ms
step:446/1670 train_time:172591ms step_avg:386.97ms
step:447/1670 train_time:172972ms step_avg:386.96ms
step:448/1670 train_time:173355ms step_avg:386.95ms
step:449/1670 train_time:173742ms step_avg:386.95ms
step:450/1670 train_time:174127ms step_avg:386.95ms
step:451/1670 train_time:174510ms step_avg:386.94ms
step:452/1670 train_time:174896ms step_avg:386.94ms
step:453/1670 train_time:175281ms step_avg:386.93ms
step:454/1670 train_time:175665ms step_avg:386.93ms
step:455/1670 train_time:176049ms step_avg:386.92ms
step:456/1670 train_time:176431ms step_avg:386.91ms
step:457/1670 train_time:176816ms step_avg:386.91ms
step:458/1670 train_time:177196ms step_avg:386.89ms
step:459/1670 train_time:177579ms step_avg:386.88ms
step:460/1670 train_time:177964ms step_avg:386.88ms
step:461/1670 train_time:178349ms step_avg:386.87ms
step:462/1670 train_time:178732ms step_avg:386.87ms
step:463/1670 train_time:179121ms step_avg:386.87ms
step:464/1670 train_time:179507ms step_avg:386.87ms
step:465/1670 train_time:179890ms step_avg:386.86ms
step:466/1670 train_time:180270ms step_avg:386.84ms
step:467/1670 train_time:180662ms step_avg:386.86ms
step:468/1670 train_time:181042ms step_avg:386.84ms
step:469/1670 train_time:181427ms step_avg:386.84ms
step:470/1670 train_time:181810ms step_avg:386.83ms
step:471/1670 train_time:182196ms step_avg:386.83ms
step:472/1670 train_time:182580ms step_avg:386.82ms
step:473/1670 train_time:182964ms step_avg:386.82ms
step:474/1670 train_time:183347ms step_avg:386.81ms
step:475/1670 train_time:183731ms step_avg:386.80ms
step:476/1670 train_time:184119ms step_avg:386.80ms
step:477/1670 train_time:184501ms step_avg:386.79ms
step:478/1670 train_time:184888ms step_avg:386.80ms
step:479/1670 train_time:185271ms step_avg:386.79ms
step:480/1670 train_time:185656ms step_avg:386.78ms
step:481/1670 train_time:186042ms step_avg:386.78ms
step:482/1670 train_time:186430ms step_avg:386.78ms
step:483/1670 train_time:186811ms step_avg:386.77ms
step:484/1670 train_time:187197ms step_avg:386.77ms
step:485/1670 train_time:187583ms step_avg:386.77ms
step:486/1670 train_time:187967ms step_avg:386.76ms
step:487/1670 train_time:188353ms step_avg:386.76ms
step:488/1670 train_time:188738ms step_avg:386.76ms
step:489/1670 train_time:189120ms step_avg:386.75ms
step:490/1670 train_time:189503ms step_avg:386.74ms
step:491/1670 train_time:189888ms step_avg:386.74ms
step:492/1670 train_time:190270ms step_avg:386.73ms
step:493/1670 train_time:190653ms step_avg:386.72ms
step:494/1670 train_time:191037ms step_avg:386.71ms
step:495/1670 train_time:191423ms step_avg:386.71ms
step:496/1670 train_time:191808ms step_avg:386.71ms
step:497/1670 train_time:192196ms step_avg:386.71ms
step:498/1670 train_time:192580ms step_avg:386.71ms
step:499/1670 train_time:192963ms step_avg:386.70ms
step:500/1670 train_time:193351ms step_avg:386.70ms
step:500/1670 val_loss:3.7197 train_time:193640ms step_avg:387.28ms
step:501/1670 train_time:193886ms step_avg:387.00ms
step:502/1670 train_time:194240ms step_avg:386.93ms
step:503/1670 train_time:194625ms step_avg:386.93ms
step:504/1670 train_time:195011ms step_avg:386.93ms
step:505/1670 train_time:195396ms step_avg:386.92ms
step:506/1670 train_time:195779ms step_avg:386.91ms
step:507/1670 train_time:196161ms step_avg:386.90ms
step:508/1670 train_time:196545ms step_avg:386.90ms
step:509/1670 train_time:196928ms step_avg:386.89ms
step:510/1670 train_time:197313ms step_avg:386.89ms
step:511/1670 train_time:197702ms step_avg:386.89ms
step:512/1670 train_time:198086ms step_avg:386.89ms
step:513/1670 train_time:198473ms step_avg:386.89ms
step:514/1670 train_time:198859ms step_avg:386.89ms
step:515/1670 train_time:199243ms step_avg:386.88ms
step:516/1670 train_time:199626ms step_avg:386.87ms
step:517/1670 train_time:200010ms step_avg:386.87ms
step:518/1670 train_time:200395ms step_avg:386.86ms
step:519/1670 train_time:200777ms step_avg:386.85ms
step:520/1670 train_time:201162ms step_avg:386.85ms
step:521/1670 train_time:201547ms step_avg:386.85ms
step:522/1670 train_time:201930ms step_avg:386.84ms
step:523/1670 train_time:202313ms step_avg:386.83ms
step:524/1670 train_time:202702ms step_avg:386.84ms
step:525/1670 train_time:203085ms step_avg:386.83ms
step:526/1670 train_time:203472ms step_avg:386.83ms
step:527/1670 train_time:203852ms step_avg:386.82ms
step:528/1670 train_time:204237ms step_avg:386.81ms
step:529/1670 train_time:204626ms step_avg:386.82ms
step:530/1670 train_time:205014ms step_avg:386.82ms
step:531/1670 train_time:205398ms step_avg:386.81ms
step:532/1670 train_time:205783ms step_avg:386.81ms
step:533/1670 train_time:206165ms step_avg:386.80ms
step:534/1670 train_time:206549ms step_avg:386.80ms
step:535/1670 train_time:206934ms step_avg:386.79ms
step:536/1670 train_time:207320ms step_avg:386.79ms
step:537/1670 train_time:207704ms step_avg:386.79ms
step:538/1670 train_time:208090ms step_avg:386.78ms
step:539/1670 train_time:208480ms step_avg:386.79ms
step:540/1670 train_time:208864ms step_avg:386.79ms
step:541/1670 train_time:209247ms step_avg:386.78ms
step:542/1670 train_time:209631ms step_avg:386.77ms
step:543/1670 train_time:210017ms step_avg:386.77ms
step:544/1670 train_time:210400ms step_avg:386.76ms
step:545/1670 train_time:210785ms step_avg:386.76ms
step:546/1670 train_time:211170ms step_avg:386.76ms
step:547/1670 train_time:211556ms step_avg:386.76ms
step:548/1670 train_time:211940ms step_avg:386.75ms
step:549/1670 train_time:212323ms step_avg:386.75ms
step:550/1670 train_time:212712ms step_avg:386.75ms
step:551/1670 train_time:213098ms step_avg:386.75ms
step:552/1670 train_time:213480ms step_avg:386.74ms
step:553/1670 train_time:213868ms step_avg:386.74ms
step:554/1670 train_time:214255ms step_avg:386.74ms
step:555/1670 train_time:214640ms step_avg:386.74ms
step:556/1670 train_time:215026ms step_avg:386.74ms
step:557/1670 train_time:215411ms step_avg:386.73ms
step:558/1670 train_time:215797ms step_avg:386.73ms
step:559/1670 train_time:216182ms step_avg:386.73ms
step:560/1670 train_time:216571ms step_avg:386.73ms
step:561/1670 train_time:216962ms step_avg:386.74ms
step:562/1670 train_time:217350ms step_avg:386.74ms
step:563/1670 train_time:217739ms step_avg:386.75ms
step:564/1670 train_time:218123ms step_avg:386.74ms
step:565/1670 train_time:218513ms step_avg:386.75ms
step:566/1670 train_time:218896ms step_avg:386.74ms
step:567/1670 train_time:219277ms step_avg:386.73ms
step:568/1670 train_time:219661ms step_avg:386.73ms
step:569/1670 train_time:220047ms step_avg:386.73ms
step:570/1670 train_time:220435ms step_avg:386.73ms
step:571/1670 train_time:220822ms step_avg:386.73ms
step:572/1670 train_time:221207ms step_avg:386.73ms
step:573/1670 train_time:221587ms step_avg:386.71ms
step:574/1670 train_time:221970ms step_avg:386.71ms
step:575/1670 train_time:222361ms step_avg:386.71ms
step:576/1670 train_time:222746ms step_avg:386.71ms
step:577/1670 train_time:223134ms step_avg:386.71ms
step:578/1670 train_time:223518ms step_avg:386.71ms
step:579/1670 train_time:223902ms step_avg:386.70ms
step:580/1670 train_time:224296ms step_avg:386.72ms
step:581/1670 train_time:224682ms step_avg:386.72ms
step:582/1670 train_time:225063ms step_avg:386.71ms
step:583/1670 train_time:225441ms step_avg:386.69ms
step:584/1670 train_time:225827ms step_avg:386.69ms
step:585/1670 train_time:226209ms step_avg:386.68ms
step:586/1670 train_time:226594ms step_avg:386.68ms
step:587/1670 train_time:226983ms step_avg:386.68ms
step:588/1670 train_time:227377ms step_avg:386.70ms
step:589/1670 train_time:227749ms step_avg:386.67ms
step:590/1670 train_time:228134ms step_avg:386.67ms
step:591/1670 train_time:228518ms step_avg:386.66ms
step:592/1670 train_time:228900ms step_avg:386.66ms
step:593/1670 train_time:229288ms step_avg:386.66ms
step:594/1670 train_time:229671ms step_avg:386.65ms
step:595/1670 train_time:230057ms step_avg:386.65ms
step:596/1670 train_time:230443ms step_avg:386.65ms
step:597/1670 train_time:230823ms step_avg:386.64ms
step:598/1670 train_time:231211ms step_avg:386.64ms
step:599/1670 train_time:231594ms step_avg:386.63ms
step:600/1670 train_time:231980ms step_avg:386.63ms
step:601/1670 train_time:232356ms step_avg:386.62ms
step:602/1670 train_time:232756ms step_avg:386.64ms
step:603/1670 train_time:233139ms step_avg:386.63ms
step:604/1670 train_time:233521ms step_avg:386.62ms
step:605/1670 train_time:233903ms step_avg:386.62ms
step:606/1670 train_time:234290ms step_avg:386.62ms
step:607/1670 train_time:234680ms step_avg:386.62ms
step:608/1670 train_time:235067ms step_avg:386.62ms
step:609/1670 train_time:235448ms step_avg:386.61ms
step:610/1670 train_time:235838ms step_avg:386.62ms
step:611/1670 train_time:236219ms step_avg:386.61ms
step:612/1670 train_time:236598ms step_avg:386.60ms
step:613/1670 train_time:236983ms step_avg:386.60ms
step:614/1670 train_time:237375ms step_avg:386.60ms
step:615/1670 train_time:237759ms step_avg:386.60ms
step:616/1670 train_time:238144ms step_avg:386.60ms
step:617/1670 train_time:238526ms step_avg:386.59ms
step:618/1670 train_time:238909ms step_avg:386.58ms
step:619/1670 train_time:239293ms step_avg:386.58ms
step:620/1670 train_time:239675ms step_avg:386.57ms
step:621/1670 train_time:240060ms step_avg:386.57ms
step:622/1670 train_time:240443ms step_avg:386.56ms
step:623/1670 train_time:240827ms step_avg:386.56ms
step:624/1670 train_time:241202ms step_avg:386.54ms
step:625/1670 train_time:241588ms step_avg:386.54ms
step:625/1670 val_loss:3.6180 train_time:241883ms step_avg:387.01ms
step:626/1670 train_time:242131ms step_avg:386.79ms
step:627/1670 train_time:242477ms step_avg:386.73ms
step:628/1670 train_time:242860ms step_avg:386.72ms
step:629/1670 train_time:243244ms step_avg:386.72ms
step:630/1670 train_time:243634ms step_avg:386.72ms
step:631/1670 train_time:244022ms step_avg:386.72ms
step:632/1670 train_time:244411ms step_avg:386.73ms
step:633/1670 train_time:244793ms step_avg:386.72ms
step:634/1670 train_time:245174ms step_avg:386.71ms
step:635/1670 train_time:245557ms step_avg:386.70ms
step:636/1670 train_time:245945ms step_avg:386.71ms
step:637/1670 train_time:246329ms step_avg:386.70ms
step:638/1670 train_time:246713ms step_avg:386.70ms
step:639/1670 train_time:247097ms step_avg:386.69ms
step:640/1670 train_time:247484ms step_avg:386.69ms
step:641/1670 train_time:247870ms step_avg:386.69ms
step:642/1670 train_time:248252ms step_avg:386.69ms
step:643/1670 train_time:248639ms step_avg:386.69ms
step:644/1670 train_time:249023ms step_avg:386.68ms
step:645/1670 train_time:249409ms step_avg:386.68ms
step:646/1670 train_time:249788ms step_avg:386.67ms
step:647/1670 train_time:250174ms step_avg:386.67ms
step:648/1670 train_time:250560ms step_avg:386.67ms
step:649/1670 train_time:250946ms step_avg:386.67ms
step:650/1670 train_time:251327ms step_avg:386.66ms
step:651/1670 train_time:251714ms step_avg:386.66ms
step:652/1670 train_time:252096ms step_avg:386.65ms
step:653/1670 train_time:252485ms step_avg:386.65ms
step:654/1670 train_time:252868ms step_avg:386.65ms
step:655/1670 train_time:253256ms step_avg:386.65ms
step:656/1670 train_time:253641ms step_avg:386.65ms
step:657/1670 train_time:254026ms step_avg:386.64ms
step:658/1670 train_time:254407ms step_avg:386.64ms
step:659/1670 train_time:254797ms step_avg:386.64ms
step:660/1670 train_time:255183ms step_avg:386.64ms
step:661/1670 train_time:255564ms step_avg:386.63ms
step:662/1670 train_time:255946ms step_avg:386.63ms
step:663/1670 train_time:256332ms step_avg:386.62ms
step:664/1670 train_time:256715ms step_avg:386.62ms
step:665/1670 train_time:257101ms step_avg:386.62ms
step:666/1670 train_time:257483ms step_avg:386.61ms
step:667/1670 train_time:257870ms step_avg:386.61ms
step:668/1670 train_time:258254ms step_avg:386.61ms
step:669/1670 train_time:258638ms step_avg:386.60ms
step:670/1670 train_time:259022ms step_avg:386.60ms
step:671/1670 train_time:259408ms step_avg:386.60ms
step:672/1670 train_time:259801ms step_avg:386.61ms
step:673/1670 train_time:260187ms step_avg:386.61ms
step:674/1670 train_time:260574ms step_avg:386.61ms
step:675/1670 train_time:260959ms step_avg:386.61ms
step:676/1670 train_time:261343ms step_avg:386.60ms
step:677/1670 train_time:261730ms step_avg:386.60ms
step:678/1670 train_time:262117ms step_avg:386.60ms
step:679/1670 train_time:262497ms step_avg:386.59ms
step:680/1670 train_time:262882ms step_avg:386.59ms
step:681/1670 train_time:263270ms step_avg:386.59ms
step:682/1670 train_time:263650ms step_avg:386.58ms
step:683/1670 train_time:264036ms step_avg:386.58ms
step:684/1670 train_time:264422ms step_avg:386.58ms
step:685/1670 train_time:264809ms step_avg:386.58ms
step:686/1670 train_time:265194ms step_avg:386.58ms
step:687/1670 train_time:265583ms step_avg:386.58ms
step:688/1670 train_time:265969ms step_avg:386.58ms
step:689/1670 train_time:266352ms step_avg:386.58ms
step:690/1670 train_time:266742ms step_avg:386.58ms
step:691/1670 train_time:267126ms step_avg:386.58ms
step:692/1670 train_time:267513ms step_avg:386.58ms
step:693/1670 train_time:267898ms step_avg:386.58ms
step:694/1670 train_time:268284ms step_avg:386.58ms
step:695/1670 train_time:268666ms step_avg:386.57ms
step:696/1670 train_time:269055ms step_avg:386.57ms
step:697/1670 train_time:269438ms step_avg:386.57ms
step:698/1670 train_time:269823ms step_avg:386.57ms
step:699/1670 train_time:270207ms step_avg:386.56ms
step:700/1670 train_time:270594ms step_avg:386.56ms
step:701/1670 train_time:270975ms step_avg:386.55ms
step:702/1670 train_time:271359ms step_avg:386.55ms
step:703/1670 train_time:271744ms step_avg:386.55ms
step:704/1670 train_time:272132ms step_avg:386.55ms
step:705/1670 train_time:272514ms step_avg:386.54ms
step:706/1670 train_time:272896ms step_avg:386.54ms
step:707/1670 train_time:273285ms step_avg:386.54ms
step:708/1670 train_time:273671ms step_avg:386.54ms
step:709/1670 train_time:274056ms step_avg:386.54ms
step:710/1670 train_time:274440ms step_avg:386.54ms
step:711/1670 train_time:274823ms step_avg:386.53ms
step:712/1670 train_time:275206ms step_avg:386.53ms
step:713/1670 train_time:275593ms step_avg:386.53ms
step:714/1670 train_time:275976ms step_avg:386.52ms
step:715/1670 train_time:276359ms step_avg:386.52ms
step:716/1670 train_time:276744ms step_avg:386.51ms
step:717/1670 train_time:277130ms step_avg:386.51ms
step:718/1670 train_time:277516ms step_avg:386.51ms
step:719/1670 train_time:277902ms step_avg:386.51ms
step:720/1670 train_time:278289ms step_avg:386.51ms
step:721/1670 train_time:278674ms step_avg:386.51ms
step:722/1670 train_time:279057ms step_avg:386.51ms
step:723/1670 train_time:279439ms step_avg:386.50ms
step:724/1670 train_time:279828ms step_avg:386.50ms
step:725/1670 train_time:280205ms step_avg:386.49ms
step:726/1670 train_time:280596ms step_avg:386.50ms
step:727/1670 train_time:280979ms step_avg:386.49ms
step:728/1670 train_time:281362ms step_avg:386.49ms
step:729/1670 train_time:281745ms step_avg:386.48ms
step:730/1670 train_time:282139ms step_avg:386.49ms
step:731/1670 train_time:282520ms step_avg:386.48ms
step:732/1670 train_time:282905ms step_avg:386.48ms
step:733/1670 train_time:283287ms step_avg:386.48ms
step:734/1670 train_time:283670ms step_avg:386.47ms
step:735/1670 train_time:284055ms step_avg:386.47ms
step:736/1670 train_time:284448ms step_avg:386.48ms
step:737/1670 train_time:284831ms step_avg:386.47ms
step:738/1670 train_time:285214ms step_avg:386.47ms
step:739/1670 train_time:285601ms step_avg:386.47ms
step:740/1670 train_time:285984ms step_avg:386.46ms
step:741/1670 train_time:286370ms step_avg:386.46ms
step:742/1670 train_time:286755ms step_avg:386.46ms
step:743/1670 train_time:287136ms step_avg:386.45ms
step:744/1670 train_time:287525ms step_avg:386.46ms
step:745/1670 train_time:287911ms step_avg:386.46ms
step:746/1670 train_time:288299ms step_avg:386.46ms
step:747/1670 train_time:288686ms step_avg:386.46ms
step:748/1670 train_time:289070ms step_avg:386.46ms
step:749/1670 train_time:289455ms step_avg:386.46ms
step:750/1670 train_time:289840ms step_avg:386.45ms
step:750/1670 val_loss:3.5658 train_time:290133ms step_avg:386.84ms
step:751/1670 train_time:290382ms step_avg:386.66ms
step:752/1670 train_time:290734ms step_avg:386.61ms
step:753/1670 train_time:291118ms step_avg:386.61ms
step:754/1670 train_time:291505ms step_avg:386.61ms
step:755/1670 train_time:291888ms step_avg:386.61ms
step:756/1670 train_time:292273ms step_avg:386.60ms
step:757/1670 train_time:292655ms step_avg:386.60ms
step:758/1670 train_time:293044ms step_avg:386.60ms
step:759/1670 train_time:293426ms step_avg:386.60ms
step:760/1670 train_time:293812ms step_avg:386.59ms
step:761/1670 train_time:294198ms step_avg:386.59ms
step:762/1670 train_time:294584ms step_avg:386.59ms
step:763/1670 train_time:294971ms step_avg:386.59ms
step:764/1670 train_time:295354ms step_avg:386.59ms
step:765/1670 train_time:295742ms step_avg:386.59ms
step:766/1670 train_time:296128ms step_avg:386.59ms
step:767/1670 train_time:296517ms step_avg:386.59ms
step:768/1670 train_time:296906ms step_avg:386.60ms
step:769/1670 train_time:297286ms step_avg:386.59ms
step:770/1670 train_time:297673ms step_avg:386.59ms
step:771/1670 train_time:298054ms step_avg:386.58ms
step:772/1670 train_time:298439ms step_avg:386.58ms
step:773/1670 train_time:298823ms step_avg:386.58ms
step:774/1670 train_time:299213ms step_avg:386.58ms
step:775/1670 train_time:299597ms step_avg:386.58ms
step:776/1670 train_time:299991ms step_avg:386.59ms
step:777/1670 train_time:300374ms step_avg:386.58ms
step:778/1670 train_time:300754ms step_avg:386.57ms
step:779/1670 train_time:301141ms step_avg:386.57ms
step:780/1670 train_time:301528ms step_avg:386.57ms
step:781/1670 train_time:301910ms step_avg:386.57ms
step:782/1670 train_time:302295ms step_avg:386.57ms
step:783/1670 train_time:302682ms step_avg:386.57ms
step:784/1670 train_time:303065ms step_avg:386.56ms
step:785/1670 train_time:303447ms step_avg:386.56ms
step:786/1670 train_time:303834ms step_avg:386.56ms
step:787/1670 train_time:304220ms step_avg:386.56ms
step:788/1670 train_time:304599ms step_avg:386.55ms
step:789/1670 train_time:304991ms step_avg:386.55ms
step:790/1670 train_time:305370ms step_avg:386.54ms
step:791/1670 train_time:305753ms step_avg:386.54ms
step:792/1670 train_time:306137ms step_avg:386.54ms
step:793/1670 train_time:306521ms step_avg:386.53ms
step:794/1670 train_time:306907ms step_avg:386.53ms
step:795/1670 train_time:307292ms step_avg:386.53ms
step:796/1670 train_time:307673ms step_avg:386.52ms
step:797/1670 train_time:308058ms step_avg:386.52ms
step:798/1670 train_time:308446ms step_avg:386.52ms
step:799/1670 train_time:308829ms step_avg:386.52ms
step:800/1670 train_time:309212ms step_avg:386.52ms
step:801/1670 train_time:309595ms step_avg:386.51ms
step:802/1670 train_time:309981ms step_avg:386.51ms
step:803/1670 train_time:310367ms step_avg:386.51ms
step:804/1670 train_time:310749ms step_avg:386.50ms
step:805/1670 train_time:311133ms step_avg:386.50ms
step:806/1670 train_time:311515ms step_avg:386.50ms
step:807/1670 train_time:311903ms step_avg:386.50ms
step:808/1670 train_time:312288ms step_avg:386.49ms
step:809/1670 train_time:312670ms step_avg:386.49ms
step:810/1670 train_time:313054ms step_avg:386.49ms
step:811/1670 train_time:313440ms step_avg:386.49ms
step:812/1670 train_time:313823ms step_avg:386.48ms
step:813/1670 train_time:314208ms step_avg:386.48ms
step:814/1670 train_time:314590ms step_avg:386.47ms
step:815/1670 train_time:314976ms step_avg:386.47ms
step:816/1670 train_time:315358ms step_avg:386.47ms
step:817/1670 train_time:315745ms step_avg:386.47ms
step:818/1670 train_time:316128ms step_avg:386.47ms
step:819/1670 train_time:316510ms step_avg:386.46ms
step:820/1670 train_time:316893ms step_avg:386.45ms
step:821/1670 train_time:317276ms step_avg:386.45ms
step:822/1670 train_time:317657ms step_avg:386.44ms
step:823/1670 train_time:318043ms step_avg:386.44ms
step:824/1670 train_time:318424ms step_avg:386.44ms
step:825/1670 train_time:318812ms step_avg:386.44ms
step:826/1670 train_time:319195ms step_avg:386.43ms
step:827/1670 train_time:319582ms step_avg:386.43ms
step:828/1670 train_time:319963ms step_avg:386.43ms
step:829/1670 train_time:320352ms step_avg:386.43ms
step:830/1670 train_time:320738ms step_avg:386.43ms
step:831/1670 train_time:321124ms step_avg:386.43ms
step:832/1670 train_time:321510ms step_avg:386.43ms
step:833/1670 train_time:321894ms step_avg:386.43ms
step:834/1670 train_time:322277ms step_avg:386.42ms
step:835/1670 train_time:322660ms step_avg:386.42ms
step:836/1670 train_time:323044ms step_avg:386.42ms
step:837/1670 train_time:323434ms step_avg:386.42ms
step:838/1670 train_time:323821ms step_avg:386.42ms
step:839/1670 train_time:324205ms step_avg:386.42ms
step:840/1670 train_time:324587ms step_avg:386.41ms
step:841/1670 train_time:324976ms step_avg:386.42ms
step:842/1670 train_time:325362ms step_avg:386.42ms
step:843/1670 train_time:325744ms step_avg:386.41ms
step:844/1670 train_time:326127ms step_avg:386.41ms
step:845/1670 train_time:326515ms step_avg:386.41ms
step:846/1670 train_time:326899ms step_avg:386.41ms
step:847/1670 train_time:327280ms step_avg:386.40ms
step:848/1670 train_time:327666ms step_avg:386.40ms
step:849/1670 train_time:328054ms step_avg:386.40ms
step:850/1670 train_time:328443ms step_avg:386.40ms
step:851/1670 train_time:328823ms step_avg:386.40ms
step:852/1670 train_time:329211ms step_avg:386.40ms
step:853/1670 train_time:329597ms step_avg:386.40ms
step:854/1670 train_time:329981ms step_avg:386.39ms
step:855/1670 train_time:330367ms step_avg:386.39ms
step:856/1670 train_time:330747ms step_avg:386.39ms
step:857/1670 train_time:331132ms step_avg:386.38ms
step:858/1670 train_time:331523ms step_avg:386.39ms
step:859/1670 train_time:331907ms step_avg:386.39ms
step:860/1670 train_time:332293ms step_avg:386.39ms
step:861/1670 train_time:332679ms step_avg:386.39ms
step:862/1670 train_time:333068ms step_avg:386.39ms
step:863/1670 train_time:333454ms step_avg:386.39ms
step:864/1670 train_time:333835ms step_avg:386.38ms
step:865/1670 train_time:334222ms step_avg:386.38ms
step:866/1670 train_time:334605ms step_avg:386.38ms
step:867/1670 train_time:334992ms step_avg:386.38ms
step:868/1670 train_time:335372ms step_avg:386.37ms
step:869/1670 train_time:335756ms step_avg:386.37ms
step:870/1670 train_time:336142ms step_avg:386.37ms
step:871/1670 train_time:336535ms step_avg:386.38ms
step:872/1670 train_time:336906ms step_avg:386.36ms
step:873/1670 train_time:337296ms step_avg:386.36ms
step:874/1670 train_time:337669ms step_avg:386.35ms
step:875/1670 train_time:338056ms step_avg:386.35ms
step:875/1670 val_loss:3.5180 train_time:338345ms step_avg:386.68ms
step:876/1670 train_time:338595ms step_avg:386.52ms
step:877/1670 train_time:338952ms step_avg:386.49ms
step:878/1670 train_time:339338ms step_avg:386.49ms
step:879/1670 train_time:339726ms step_avg:386.49ms
step:880/1670 train_time:340113ms step_avg:386.49ms
step:881/1670 train_time:340496ms step_avg:386.49ms
step:882/1670 train_time:340879ms step_avg:386.48ms
step:883/1670 train_time:341262ms step_avg:386.48ms
step:884/1670 train_time:341649ms step_avg:386.48ms
step:885/1670 train_time:342030ms step_avg:386.47ms
step:886/1670 train_time:342414ms step_avg:386.47ms
step:887/1670 train_time:342800ms step_avg:386.47ms
step:888/1670 train_time:343187ms step_avg:386.47ms
step:889/1670 train_time:343572ms step_avg:386.47ms
step:890/1670 train_time:343954ms step_avg:386.47ms
step:891/1670 train_time:344341ms step_avg:386.47ms
step:892/1670 train_time:344723ms step_avg:386.46ms
step:893/1670 train_time:345107ms step_avg:386.46ms
step:894/1670 train_time:345494ms step_avg:386.46ms
step:895/1670 train_time:345881ms step_avg:386.46ms
step:896/1670 train_time:346263ms step_avg:386.45ms
step:897/1670 train_time:346652ms step_avg:386.46ms
step:898/1670 train_time:347037ms step_avg:386.46ms
step:899/1670 train_time:347423ms step_avg:386.46ms
step:900/1670 train_time:347808ms step_avg:386.45ms
step:901/1670 train_time:348191ms step_avg:386.45ms
step:902/1670 train_time:348576ms step_avg:386.45ms
step:903/1670 train_time:348962ms step_avg:386.45ms
step:904/1670 train_time:349347ms step_avg:386.45ms
step:905/1670 train_time:349729ms step_avg:386.44ms
step:906/1670 train_time:350118ms step_avg:386.44ms
step:907/1670 train_time:350504ms step_avg:386.44ms
step:908/1670 train_time:350887ms step_avg:386.44ms
step:909/1670 train_time:351271ms step_avg:386.44ms
step:910/1670 train_time:351653ms step_avg:386.43ms
step:911/1670 train_time:352035ms step_avg:386.43ms
step:912/1670 train_time:352427ms step_avg:386.43ms
step:913/1670 train_time:352809ms step_avg:386.43ms
step:914/1670 train_time:353193ms step_avg:386.43ms
step:915/1670 train_time:353580ms step_avg:386.43ms
step:916/1670 train_time:353965ms step_avg:386.42ms
step:917/1670 train_time:354363ms step_avg:386.44ms
step:918/1670 train_time:354734ms step_avg:386.42ms
step:919/1670 train_time:355115ms step_avg:386.41ms
step:920/1670 train_time:355497ms step_avg:386.41ms
step:921/1670 train_time:355883ms step_avg:386.41ms
step:922/1670 train_time:356266ms step_avg:386.41ms
step:923/1670 train_time:356650ms step_avg:386.40ms
step:924/1670 train_time:357032ms step_avg:386.40ms
step:925/1670 train_time:357418ms step_avg:386.40ms
step:926/1670 train_time:357801ms step_avg:386.39ms
step:927/1670 train_time:358185ms step_avg:386.39ms
step:928/1670 train_time:358571ms step_avg:386.39ms
step:929/1670 train_time:358951ms step_avg:386.38ms
step:930/1670 train_time:359337ms step_avg:386.38ms
step:931/1670 train_time:359724ms step_avg:386.38ms
step:932/1670 train_time:360103ms step_avg:386.38ms
step:933/1670 train_time:360489ms step_avg:386.38ms
step:934/1670 train_time:360876ms step_avg:386.38ms
step:935/1670 train_time:361276ms step_avg:386.39ms
step:936/1670 train_time:361650ms step_avg:386.38ms
step:937/1670 train_time:362035ms step_avg:386.38ms
step:938/1670 train_time:362427ms step_avg:386.38ms
step:939/1670 train_time:362809ms step_avg:386.38ms
step:940/1670 train_time:363191ms step_avg:386.37ms
step:941/1670 train_time:363581ms step_avg:386.38ms
step:942/1670 train_time:363961ms step_avg:386.37ms
step:943/1670 train_time:364344ms step_avg:386.37ms
step:944/1670 train_time:364730ms step_avg:386.37ms
step:945/1670 train_time:365111ms step_avg:386.36ms
step:946/1670 train_time:365498ms step_avg:386.36ms
step:947/1670 train_time:365881ms step_avg:386.36ms
step:948/1670 train_time:366267ms step_avg:386.36ms
step:949/1670 train_time:366650ms step_avg:386.35ms
step:950/1670 train_time:367033ms step_avg:386.35ms
step:951/1670 train_time:367418ms step_avg:386.35ms
step:952/1670 train_time:367804ms step_avg:386.35ms
step:953/1670 train_time:368187ms step_avg:386.34ms
step:954/1670 train_time:368575ms step_avg:386.35ms
step:955/1670 train_time:368959ms step_avg:386.34ms
step:956/1670 train_time:369345ms step_avg:386.34ms
step:957/1670 train_time:369733ms step_avg:386.35ms
step:958/1670 train_time:370117ms step_avg:386.34ms
step:959/1670 train_time:370498ms step_avg:386.34ms
step:960/1670 train_time:370881ms step_avg:386.33ms
step:961/1670 train_time:371269ms step_avg:386.34ms
step:962/1670 train_time:371653ms step_avg:386.33ms
step:963/1670 train_time:372039ms step_avg:386.33ms
step:964/1670 train_time:372428ms step_avg:386.34ms
step:965/1670 train_time:372815ms step_avg:386.34ms
step:966/1670 train_time:373199ms step_avg:386.33ms
step:967/1670 train_time:373580ms step_avg:386.33ms
step:968/1670 train_time:373964ms step_avg:386.33ms
step:969/1670 train_time:374348ms step_avg:386.32ms
step:970/1670 train_time:374736ms step_avg:386.33ms
step:971/1670 train_time:375121ms step_avg:386.32ms
step:972/1670 train_time:375504ms step_avg:386.32ms
step:973/1670 train_time:375889ms step_avg:386.32ms
step:974/1670 train_time:376274ms step_avg:386.32ms
step:975/1670 train_time:376659ms step_avg:386.32ms
step:976/1670 train_time:377045ms step_avg:386.32ms
step:977/1670 train_time:377430ms step_avg:386.31ms
step:978/1670 train_time:377817ms step_avg:386.32ms
step:979/1670 train_time:378199ms step_avg:386.31ms
step:980/1670 train_time:378582ms step_avg:386.31ms
step:981/1670 train_time:378972ms step_avg:386.31ms
step:982/1670 train_time:379357ms step_avg:386.31ms
step:983/1670 train_time:379747ms step_avg:386.31ms
step:984/1670 train_time:380131ms step_avg:386.31ms
step:985/1670 train_time:380517ms step_avg:386.31ms
step:986/1670 train_time:380901ms step_avg:386.31ms
step:987/1670 train_time:381286ms step_avg:386.31ms
step:988/1670 train_time:381669ms step_avg:386.30ms
step:989/1670 train_time:382053ms step_avg:386.30ms
step:990/1670 train_time:382433ms step_avg:386.30ms
step:991/1670 train_time:382818ms step_avg:386.29ms
step:992/1670 train_time:383203ms step_avg:386.29ms
step:993/1670 train_time:383587ms step_avg:386.29ms
step:994/1670 train_time:383972ms step_avg:386.29ms
step:995/1670 train_time:384361ms step_avg:386.29ms
step:996/1670 train_time:384742ms step_avg:386.29ms
step:997/1670 train_time:385128ms step_avg:386.29ms
step:998/1670 train_time:385516ms step_avg:386.29ms
step:999/1670 train_time:385895ms step_avg:386.28ms
step:1000/1670 train_time:386277ms step_avg:386.28ms
step:1000/1670 val_loss:3.4662 train_time:386567ms step_avg:386.57ms
step:1001/1670 train_time:386809ms step_avg:386.42ms
step:1002/1670 train_time:387167ms step_avg:386.39ms
step:1003/1670 train_time:387548ms step_avg:386.39ms
step:1004/1670 train_time:387936ms step_avg:386.39ms
step:1005/1670 train_time:388319ms step_avg:386.39ms
step:1006/1670 train_time:388703ms step_avg:386.38ms
step:1007/1670 train_time:389090ms step_avg:386.39ms
step:1008/1670 train_time:389484ms step_avg:386.39ms
step:1009/1670 train_time:389867ms step_avg:386.39ms
step:1010/1670 train_time:390244ms step_avg:386.38ms
step:1011/1670 train_time:390630ms step_avg:386.38ms
step:1012/1670 train_time:391016ms step_avg:386.38ms
step:1013/1670 train_time:391397ms step_avg:386.37ms
step:1014/1670 train_time:391780ms step_avg:386.37ms
step:1015/1670 train_time:392164ms step_avg:386.37ms
step:1016/1670 train_time:392557ms step_avg:386.37ms
step:1017/1670 train_time:392934ms step_avg:386.37ms
step:1018/1670 train_time:393323ms step_avg:386.37ms
step:1019/1670 train_time:393705ms step_avg:386.36ms
step:1020/1670 train_time:394087ms step_avg:386.36ms
step:1021/1670 train_time:394468ms step_avg:386.36ms
step:1022/1670 train_time:394860ms step_avg:386.36ms
step:1023/1670 train_time:395246ms step_avg:386.36ms
step:1024/1670 train_time:395637ms step_avg:386.36ms
step:1025/1670 train_time:396022ms step_avg:386.36ms
step:1026/1670 train_time:396402ms step_avg:386.36ms
step:1027/1670 train_time:396794ms step_avg:386.36ms
step:1028/1670 train_time:397169ms step_avg:386.35ms
step:1029/1670 train_time:397565ms step_avg:386.36ms
step:1030/1670 train_time:397950ms step_avg:386.36ms
step:1031/1670 train_time:398334ms step_avg:386.36ms
step:1032/1670 train_time:398713ms step_avg:386.35ms
step:1033/1670 train_time:399094ms step_avg:386.34ms
step:1034/1670 train_time:399485ms step_avg:386.35ms
step:1035/1670 train_time:399867ms step_avg:386.35ms
step:1036/1670 train_time:400251ms step_avg:386.34ms
step:1037/1670 train_time:400642ms step_avg:386.35ms
step:1038/1670 train_time:401024ms step_avg:386.34ms
step:1039/1670 train_time:401407ms step_avg:386.34ms
step:1040/1670 train_time:401789ms step_avg:386.34ms
step:1041/1670 train_time:402171ms step_avg:386.33ms
step:1042/1670 train_time:402563ms step_avg:386.34ms
step:1043/1670 train_time:402949ms step_avg:386.34ms
step:1044/1670 train_time:403332ms step_avg:386.33ms
step:1045/1670 train_time:403721ms step_avg:386.34ms
step:1046/1670 train_time:404109ms step_avg:386.34ms
step:1047/1670 train_time:404494ms step_avg:386.34ms
step:1048/1670 train_time:404879ms step_avg:386.33ms
step:1049/1670 train_time:405264ms step_avg:386.33ms
step:1050/1670 train_time:405651ms step_avg:386.33ms
step:1051/1670 train_time:406038ms step_avg:386.34ms
step:1052/1670 train_time:406426ms step_avg:386.34ms
step:1053/1670 train_time:406810ms step_avg:386.33ms
step:1054/1670 train_time:407198ms step_avg:386.34ms
step:1055/1670 train_time:407585ms step_avg:386.34ms
step:1056/1670 train_time:407974ms step_avg:386.34ms
step:1057/1670 train_time:408356ms step_avg:386.33ms
step:1058/1670 train_time:408737ms step_avg:386.33ms
step:1059/1670 train_time:409122ms step_avg:386.33ms
step:1060/1670 train_time:409505ms step_avg:386.33ms
step:1061/1670 train_time:409887ms step_avg:386.32ms
step:1062/1670 train_time:410273ms step_avg:386.32ms
step:1063/1670 train_time:410660ms step_avg:386.32ms
step:1064/1670 train_time:411040ms step_avg:386.32ms
step:1065/1670 train_time:411429ms step_avg:386.32ms
step:1066/1670 train_time:411813ms step_avg:386.32ms
step:1067/1670 train_time:412197ms step_avg:386.31ms
step:1068/1670 train_time:412581ms step_avg:386.31ms
step:1069/1670 train_time:412970ms step_avg:386.31ms
step:1070/1670 train_time:413352ms step_avg:386.31ms
step:1071/1670 train_time:413737ms step_avg:386.31ms
step:1072/1670 train_time:414119ms step_avg:386.31ms
step:1073/1670 train_time:414506ms step_avg:386.31ms
step:1074/1670 train_time:414887ms step_avg:386.30ms
step:1075/1670 train_time:415272ms step_avg:386.30ms
step:1076/1670 train_time:415656ms step_avg:386.30ms
step:1077/1670 train_time:416039ms step_avg:386.29ms
step:1078/1670 train_time:416425ms step_avg:386.29ms
step:1079/1670 train_time:416812ms step_avg:386.29ms
step:1080/1670 train_time:417198ms step_avg:386.29ms
step:1081/1670 train_time:417584ms step_avg:386.29ms
step:1082/1670 train_time:417973ms step_avg:386.30ms
step:1083/1670 train_time:418356ms step_avg:386.29ms
step:1084/1670 train_time:418740ms step_avg:386.29ms
step:1085/1670 train_time:419122ms step_avg:386.29ms
step:1086/1670 train_time:419509ms step_avg:386.29ms
step:1087/1670 train_time:419897ms step_avg:386.29ms
step:1088/1670 train_time:420279ms step_avg:386.29ms
step:1089/1670 train_time:420671ms step_avg:386.29ms
step:1090/1670 train_time:421054ms step_avg:386.29ms
step:1091/1670 train_time:421441ms step_avg:386.29ms
step:1092/1670 train_time:421825ms step_avg:386.29ms
step:1093/1670 train_time:422215ms step_avg:386.29ms
step:1094/1670 train_time:422601ms step_avg:386.29ms
step:1095/1670 train_time:422990ms step_avg:386.29ms
step:1096/1670 train_time:423375ms step_avg:386.29ms
step:1097/1670 train_time:423755ms step_avg:386.29ms
step:1098/1670 train_time:424143ms step_avg:386.29ms
step:1099/1670 train_time:424529ms step_avg:386.29ms
step:1100/1670 train_time:424914ms step_avg:386.29ms
step:1101/1670 train_time:425298ms step_avg:386.28ms
step:1102/1670 train_time:425682ms step_avg:386.28ms
step:1103/1670 train_time:426068ms step_avg:386.28ms
step:1104/1670 train_time:426450ms step_avg:386.28ms
step:1105/1670 train_time:426843ms step_avg:386.28ms
step:1106/1670 train_time:427223ms step_avg:386.28ms
step:1107/1670 train_time:427611ms step_avg:386.28ms
step:1108/1670 train_time:427992ms step_avg:386.27ms
step:1109/1670 train_time:428376ms step_avg:386.27ms
step:1110/1670 train_time:428763ms step_avg:386.27ms
step:1111/1670 train_time:429144ms step_avg:386.27ms
step:1112/1670 train_time:429527ms step_avg:386.27ms
step:1113/1670 train_time:429909ms step_avg:386.26ms
step:1114/1670 train_time:430295ms step_avg:386.26ms
step:1115/1670 train_time:430675ms step_avg:386.26ms
step:1116/1670 train_time:431058ms step_avg:386.25ms
step:1117/1670 train_time:431443ms step_avg:386.25ms
step:1118/1670 train_time:431831ms step_avg:386.25ms
step:1119/1670 train_time:432216ms step_avg:386.25ms
step:1120/1670 train_time:432604ms step_avg:386.25ms
step:1121/1670 train_time:432990ms step_avg:386.25ms
step:1122/1670 train_time:433373ms step_avg:386.25ms
step:1123/1670 train_time:433757ms step_avg:386.25ms
step:1124/1670 train_time:434137ms step_avg:386.24ms
step:1125/1670 train_time:434522ms step_avg:386.24ms
step:1125/1670 val_loss:3.4125 train_time:434811ms step_avg:386.50ms
step:1126/1670 train_time:435074ms step_avg:386.39ms
step:1127/1670 train_time:435414ms step_avg:386.35ms
step:1128/1670 train_time:435801ms step_avg:386.35ms
step:1129/1670 train_time:436187ms step_avg:386.35ms
step:1130/1670 train_time:436569ms step_avg:386.34ms
step:1131/1670 train_time:436960ms step_avg:386.35ms
step:1132/1670 train_time:437342ms step_avg:386.34ms
step:1133/1670 train_time:437729ms step_avg:386.34ms
step:1134/1670 train_time:438113ms step_avg:386.34ms
step:1135/1670 train_time:438496ms step_avg:386.34ms
step:1136/1670 train_time:438888ms step_avg:386.35ms
step:1137/1670 train_time:439270ms step_avg:386.34ms
step:1138/1670 train_time:439658ms step_avg:386.34ms
step:1139/1670 train_time:440037ms step_avg:386.34ms
step:1140/1670 train_time:440419ms step_avg:386.33ms
step:1141/1670 train_time:440809ms step_avg:386.34ms
step:1142/1670 train_time:441195ms step_avg:386.34ms
step:1143/1670 train_time:441579ms step_avg:386.33ms
step:1144/1670 train_time:441960ms step_avg:386.33ms
step:1145/1670 train_time:442346ms step_avg:386.33ms
step:1146/1670 train_time:442735ms step_avg:386.33ms
step:1147/1670 train_time:443119ms step_avg:386.33ms
step:1148/1670 train_time:443509ms step_avg:386.33ms
step:1149/1670 train_time:443893ms step_avg:386.33ms
step:1150/1670 train_time:444279ms step_avg:386.33ms
step:1151/1670 train_time:444666ms step_avg:386.33ms
step:1152/1670 train_time:445049ms step_avg:386.33ms
step:1153/1670 train_time:445432ms step_avg:386.32ms
step:1154/1670 train_time:445819ms step_avg:386.33ms
step:1155/1670 train_time:446207ms step_avg:386.33ms
step:1156/1670 train_time:446592ms step_avg:386.33ms
step:1157/1670 train_time:446976ms step_avg:386.32ms
step:1158/1670 train_time:447360ms step_avg:386.32ms
step:1159/1670 train_time:447744ms step_avg:386.32ms
step:1160/1670 train_time:448131ms step_avg:386.32ms
step:1161/1670 train_time:448517ms step_avg:386.32ms
step:1162/1670 train_time:448904ms step_avg:386.32ms
step:1163/1670 train_time:449289ms step_avg:386.32ms
step:1164/1670 train_time:449675ms step_avg:386.32ms
step:1165/1670 train_time:450062ms step_avg:386.32ms
step:1166/1670 train_time:450448ms step_avg:386.32ms
step:1167/1670 train_time:450836ms step_avg:386.32ms
step:1168/1670 train_time:451218ms step_avg:386.32ms
step:1169/1670 train_time:451602ms step_avg:386.31ms
step:1170/1670 train_time:451983ms step_avg:386.31ms
step:1171/1670 train_time:452371ms step_avg:386.31ms
step:1172/1670 train_time:452758ms step_avg:386.31ms
step:1173/1670 train_time:453141ms step_avg:386.31ms
step:1174/1670 train_time:453522ms step_avg:386.31ms
step:1175/1670 train_time:453910ms step_avg:386.31ms
step:1176/1670 train_time:454293ms step_avg:386.30ms
step:1177/1670 train_time:454678ms step_avg:386.30ms
step:1178/1670 train_time:455066ms step_avg:386.30ms
step:1179/1670 train_time:455451ms step_avg:386.30ms
step:1180/1670 train_time:455838ms step_avg:386.30ms
step:1181/1670 train_time:456221ms step_avg:386.30ms
step:1182/1670 train_time:456603ms step_avg:386.30ms
step:1183/1670 train_time:456990ms step_avg:386.30ms
step:1184/1670 train_time:457371ms step_avg:386.29ms
step:1185/1670 train_time:457759ms step_avg:386.29ms
step:1186/1670 train_time:458142ms step_avg:386.29ms
step:1187/1670 train_time:458525ms step_avg:386.29ms
step:1188/1670 train_time:458911ms step_avg:386.29ms
step:1189/1670 train_time:459296ms step_avg:386.29ms
step:1190/1670 train_time:459680ms step_avg:386.29ms
step:1191/1670 train_time:460069ms step_avg:386.29ms
step:1192/1670 train_time:460453ms step_avg:386.29ms
step:1193/1670 train_time:460841ms step_avg:386.29ms
step:1194/1670 train_time:461228ms step_avg:386.29ms
step:1195/1670 train_time:461612ms step_avg:386.29ms
step:1196/1670 train_time:461999ms step_avg:386.29ms
step:1197/1670 train_time:462383ms step_avg:386.28ms
step:1198/1670 train_time:462767ms step_avg:386.28ms
step:1199/1670 train_time:463154ms step_avg:386.28ms
step:1200/1670 train_time:463536ms step_avg:386.28ms
step:1201/1670 train_time:463921ms step_avg:386.28ms
step:1202/1670 train_time:464310ms step_avg:386.28ms
step:1203/1670 train_time:464692ms step_avg:386.28ms
step:1204/1670 train_time:465076ms step_avg:386.28ms
step:1205/1670 train_time:465457ms step_avg:386.27ms
step:1206/1670 train_time:465841ms step_avg:386.27ms
step:1207/1670 train_time:466225ms step_avg:386.27ms
step:1208/1670 train_time:466610ms step_avg:386.27ms
step:1209/1670 train_time:466994ms step_avg:386.26ms
step:1210/1670 train_time:467376ms step_avg:386.26ms
step:1211/1670 train_time:467764ms step_avg:386.26ms
step:1212/1670 train_time:468148ms step_avg:386.26ms
step:1213/1670 train_time:468532ms step_avg:386.26ms
step:1214/1670 train_time:468917ms step_avg:386.26ms
step:1215/1670 train_time:469297ms step_avg:386.25ms
step:1216/1670 train_time:469679ms step_avg:386.25ms
step:1217/1670 train_time:470070ms step_avg:386.25ms
step:1218/1670 train_time:470446ms step_avg:386.24ms
step:1219/1670 train_time:470832ms step_avg:386.24ms
step:1220/1670 train_time:471226ms step_avg:386.25ms
step:1221/1670 train_time:471608ms step_avg:386.25ms
step:1222/1670 train_time:471995ms step_avg:386.25ms
step:1223/1670 train_time:472380ms step_avg:386.25ms
step:1224/1670 train_time:472767ms step_avg:386.25ms
step:1225/1670 train_time:473146ms step_avg:386.24ms
step:1226/1670 train_time:473538ms step_avg:386.25ms
step:1227/1670 train_time:473923ms step_avg:386.25ms
step:1228/1670 train_time:474307ms step_avg:386.24ms
step:1229/1670 train_time:474692ms step_avg:386.24ms
step:1230/1670 train_time:475070ms step_avg:386.24ms
step:1231/1670 train_time:475450ms step_avg:386.23ms
step:1232/1670 train_time:475842ms step_avg:386.24ms
step:1233/1670 train_time:476225ms step_avg:386.23ms
step:1234/1670 train_time:476616ms step_avg:386.24ms
step:1235/1670 train_time:476998ms step_avg:386.23ms
step:1236/1670 train_time:477386ms step_avg:386.23ms
step:1237/1670 train_time:477766ms step_avg:386.23ms
step:1238/1670 train_time:478149ms step_avg:386.23ms
step:1239/1670 train_time:478528ms step_avg:386.22ms
step:1240/1670 train_time:478915ms step_avg:386.22ms
step:1241/1670 train_time:479299ms step_avg:386.22ms
step:1242/1670 train_time:479687ms step_avg:386.22ms
step:1243/1670 train_time:480071ms step_avg:386.22ms
step:1244/1670 train_time:480458ms step_avg:386.22ms
step:1245/1670 train_time:480852ms step_avg:386.23ms
step:1246/1670 train_time:481238ms step_avg:386.23ms
step:1247/1670 train_time:481616ms step_avg:386.22ms
step:1248/1670 train_time:481998ms step_avg:386.22ms
step:1249/1670 train_time:482389ms step_avg:386.22ms
step:1250/1670 train_time:482772ms step_avg:386.22ms
step:1250/1670 val_loss:3.3740 train_time:483060ms step_avg:386.45ms
step:1251/1670 train_time:483332ms step_avg:386.36ms
step:1252/1670 train_time:483663ms step_avg:386.31ms
step:1253/1670 train_time:484054ms step_avg:386.32ms
step:1254/1670 train_time:484438ms step_avg:386.31ms
step:1255/1670 train_time:484817ms step_avg:386.31ms
step:1256/1670 train_time:485206ms step_avg:386.31ms
step:1257/1670 train_time:485592ms step_avg:386.31ms
step:1258/1670 train_time:485975ms step_avg:386.31ms
step:1259/1670 train_time:486367ms step_avg:386.31ms
step:1260/1670 train_time:486748ms step_avg:386.31ms
step:1261/1670 train_time:487137ms step_avg:386.31ms
step:1262/1670 train_time:487518ms step_avg:386.31ms
step:1263/1670 train_time:487905ms step_avg:386.31ms
step:1264/1670 train_time:488288ms step_avg:386.30ms
step:1265/1670 train_time:488671ms step_avg:386.30ms
step:1266/1670 train_time:489058ms step_avg:386.30ms
step:1267/1670 train_time:489444ms step_avg:386.30ms
step:1268/1670 train_time:489834ms step_avg:386.30ms
step:1269/1670 train_time:490221ms step_avg:386.30ms
step:1270/1670 train_time:490607ms step_avg:386.30ms
step:1271/1670 train_time:490992ms step_avg:386.30ms
step:1272/1670 train_time:491376ms step_avg:386.30ms
step:1273/1670 train_time:491762ms step_avg:386.30ms
step:1274/1670 train_time:492144ms step_avg:386.30ms
step:1275/1670 train_time:492527ms step_avg:386.30ms
step:1276/1670 train_time:492909ms step_avg:386.29ms
step:1277/1670 train_time:493294ms step_avg:386.29ms
step:1278/1670 train_time:493677ms step_avg:386.29ms
step:1279/1670 train_time:494061ms step_avg:386.29ms
step:1280/1670 train_time:494449ms step_avg:386.29ms
step:1281/1670 train_time:494829ms step_avg:386.28ms
step:1282/1670 train_time:495218ms step_avg:386.29ms
step:1283/1670 train_time:495601ms step_avg:386.28ms
step:1284/1670 train_time:495987ms step_avg:386.28ms
step:1285/1670 train_time:496374ms step_avg:386.28ms
step:1286/1670 train_time:496759ms step_avg:386.28ms
step:1287/1670 train_time:497144ms step_avg:386.28ms
step:1288/1670 train_time:497532ms step_avg:386.28ms
step:1289/1670 train_time:497916ms step_avg:386.28ms
step:1290/1670 train_time:498303ms step_avg:386.28ms
step:1291/1670 train_time:498685ms step_avg:386.28ms
step:1292/1670 train_time:499071ms step_avg:386.28ms
step:1293/1670 train_time:499456ms step_avg:386.28ms
step:1294/1670 train_time:499838ms step_avg:386.27ms
step:1295/1670 train_time:500228ms step_avg:386.28ms
step:1296/1670 train_time:500610ms step_avg:386.27ms
step:1297/1670 train_time:500994ms step_avg:386.27ms
step:1298/1670 train_time:501377ms step_avg:386.27ms
step:1299/1670 train_time:501764ms step_avg:386.27ms
step:1300/1670 train_time:502148ms step_avg:386.27ms
step:1301/1670 train_time:502533ms step_avg:386.27ms
step:1302/1670 train_time:502919ms step_avg:386.27ms
step:1303/1670 train_time:503306ms step_avg:386.27ms
step:1304/1670 train_time:503695ms step_avg:386.27ms
step:1305/1670 train_time:504078ms step_avg:386.27ms
step:1306/1670 train_time:504463ms step_avg:386.27ms
step:1307/1670 train_time:504850ms step_avg:386.27ms
step:1308/1670 train_time:505237ms step_avg:386.27ms
step:1309/1670 train_time:505621ms step_avg:386.27ms
step:1310/1670 train_time:506004ms step_avg:386.26ms
step:1311/1670 train_time:506390ms step_avg:386.26ms
step:1312/1670 train_time:506777ms step_avg:386.26ms
step:1313/1670 train_time:507163ms step_avg:386.26ms
step:1314/1670 train_time:507556ms step_avg:386.27ms
step:1315/1670 train_time:507943ms step_avg:386.27ms
step:1316/1670 train_time:508323ms step_avg:386.26ms
step:1317/1670 train_time:508708ms step_avg:386.26ms
step:1318/1670 train_time:509089ms step_avg:386.26ms
step:1319/1670 train_time:509476ms step_avg:386.26ms
step:1320/1670 train_time:509860ms step_avg:386.26ms
step:1321/1670 train_time:510247ms step_avg:386.26ms
step:1322/1670 train_time:510632ms step_avg:386.26ms
step:1323/1670 train_time:511019ms step_avg:386.26ms
step:1324/1670 train_time:511406ms step_avg:386.26ms
step:1325/1670 train_time:511789ms step_avg:386.26ms
step:1326/1670 train_time:512178ms step_avg:386.26ms
step:1327/1670 train_time:512562ms step_avg:386.26ms
step:1328/1670 train_time:512946ms step_avg:386.25ms
step:1329/1670 train_time:513331ms step_avg:386.25ms
step:1330/1670 train_time:513714ms step_avg:386.25ms
step:1331/1670 train_time:514097ms step_avg:386.25ms
step:1332/1670 train_time:514486ms step_avg:386.25ms
step:1333/1670 train_time:514873ms step_avg:386.25ms
step:1334/1670 train_time:515255ms step_avg:386.25ms
step:1335/1670 train_time:515642ms step_avg:386.25ms
step:1336/1670 train_time:516026ms step_avg:386.25ms
step:1337/1670 train_time:516413ms step_avg:386.25ms
step:1338/1670 train_time:516801ms step_avg:386.25ms
step:1339/1670 train_time:517191ms step_avg:386.25ms
step:1340/1670 train_time:517576ms step_avg:386.25ms
step:1341/1670 train_time:517964ms step_avg:386.25ms
step:1342/1670 train_time:518354ms step_avg:386.25ms
step:1343/1670 train_time:518736ms step_avg:386.25ms
step:1344/1670 train_time:519126ms step_avg:386.25ms
step:1345/1670 train_time:519509ms step_avg:386.25ms
step:1346/1670 train_time:519895ms step_avg:386.25ms
step:1347/1670 train_time:520278ms step_avg:386.25ms
step:1348/1670 train_time:520665ms step_avg:386.25ms
step:1349/1670 train_time:521051ms step_avg:386.25ms
step:1350/1670 train_time:521443ms step_avg:386.25ms
step:1351/1670 train_time:521822ms step_avg:386.25ms
step:1352/1670 train_time:522216ms step_avg:386.25ms
step:1353/1670 train_time:522595ms step_avg:386.25ms
step:1354/1670 train_time:522982ms step_avg:386.25ms
step:1355/1670 train_time:523368ms step_avg:386.25ms
step:1356/1670 train_time:523755ms step_avg:386.25ms
step:1357/1670 train_time:524145ms step_avg:386.25ms
step:1358/1670 train_time:524535ms step_avg:386.26ms
step:1359/1670 train_time:524913ms step_avg:386.25ms
step:1360/1670 train_time:525299ms step_avg:386.25ms
step:1361/1670 train_time:525686ms step_avg:386.25ms
step:1362/1670 train_time:526071ms step_avg:386.25ms
step:1363/1670 train_time:526456ms step_avg:386.25ms
step:1364/1670 train_time:526838ms step_avg:386.24ms
step:1365/1670 train_time:527223ms step_avg:386.24ms
step:1366/1670 train_time:527611ms step_avg:386.25ms
step:1367/1670 train_time:527995ms step_avg:386.24ms
step:1368/1670 train_time:528380ms step_avg:386.24ms
step:1369/1670 train_time:528767ms step_avg:386.24ms
step:1370/1670 train_time:529153ms step_avg:386.24ms
step:1371/1670 train_time:529537ms step_avg:386.24ms
step:1372/1670 train_time:529922ms step_avg:386.24ms
step:1373/1670 train_time:530305ms step_avg:386.24ms
step:1374/1670 train_time:530696ms step_avg:386.24ms
step:1375/1670 train_time:531081ms step_avg:386.24ms
step:1375/1670 val_loss:3.3387 train_time:531368ms step_avg:386.45ms
step:1376/1670 train_time:531638ms step_avg:386.36ms
step:1377/1670 train_time:531967ms step_avg:386.32ms
step:1378/1670 train_time:532354ms step_avg:386.32ms
step:1379/1670 train_time:532741ms step_avg:386.32ms
step:1380/1670 train_time:533126ms step_avg:386.32ms
step:1381/1670 train_time:533513ms step_avg:386.32ms
step:1382/1670 train_time:533899ms step_avg:386.32ms
step:1383/1670 train_time:534284ms step_avg:386.32ms
step:1384/1670 train_time:534669ms step_avg:386.32ms
step:1385/1670 train_time:535053ms step_avg:386.32ms
step:1386/1670 train_time:535442ms step_avg:386.32ms
step:1387/1670 train_time:535824ms step_avg:386.32ms
step:1388/1670 train_time:536210ms step_avg:386.32ms
step:1389/1670 train_time:536594ms step_avg:386.32ms
step:1390/1670 train_time:536980ms step_avg:386.32ms
step:1391/1670 train_time:537369ms step_avg:386.32ms
step:1392/1670 train_time:537756ms step_avg:386.32ms
step:1393/1670 train_time:538139ms step_avg:386.32ms
step:1394/1670 train_time:538522ms step_avg:386.31ms
step:1395/1670 train_time:538908ms step_avg:386.31ms
step:1396/1670 train_time:539290ms step_avg:386.31ms
step:1397/1670 train_time:539676ms step_avg:386.31ms
step:1398/1670 train_time:540061ms step_avg:386.31ms
step:1399/1670 train_time:540445ms step_avg:386.31ms
step:1400/1670 train_time:540826ms step_avg:386.30ms
step:1401/1670 train_time:541215ms step_avg:386.31ms
step:1402/1670 train_time:541601ms step_avg:386.31ms
step:1403/1670 train_time:541986ms step_avg:386.31ms
step:1404/1670 train_time:542378ms step_avg:386.31ms
step:1405/1670 train_time:542761ms step_avg:386.31ms
step:1406/1670 train_time:543141ms step_avg:386.30ms
step:1407/1670 train_time:543527ms step_avg:386.30ms
step:1408/1670 train_time:543914ms step_avg:386.30ms
step:1409/1670 train_time:544300ms step_avg:386.30ms
step:1410/1670 train_time:544684ms step_avg:386.30ms
step:1411/1670 train_time:545070ms step_avg:386.30ms
step:1412/1670 train_time:545456ms step_avg:386.30ms
step:1413/1670 train_time:545841ms step_avg:386.30ms
step:1414/1670 train_time:546228ms step_avg:386.30ms
step:1415/1670 train_time:546611ms step_avg:386.30ms
step:1416/1670 train_time:546999ms step_avg:386.30ms
step:1417/1670 train_time:547384ms step_avg:386.30ms
step:1418/1670 train_time:547768ms step_avg:386.30ms
step:1419/1670 train_time:548153ms step_avg:386.30ms
step:1420/1670 train_time:548538ms step_avg:386.29ms
step:1421/1670 train_time:548921ms step_avg:386.29ms
step:1422/1670 train_time:549304ms step_avg:386.29ms
step:1423/1670 train_time:549694ms step_avg:386.29ms
step:1424/1670 train_time:550082ms step_avg:386.29ms
step:1425/1670 train_time:550469ms step_avg:386.29ms
step:1426/1670 train_time:550860ms step_avg:386.30ms
step:1427/1670 train_time:551245ms step_avg:386.30ms
step:1428/1670 train_time:551633ms step_avg:386.30ms
step:1429/1670 train_time:552018ms step_avg:386.30ms
step:1430/1670 train_time:552405ms step_avg:386.30ms
step:1431/1670 train_time:552792ms step_avg:386.30ms
step:1432/1670 train_time:553178ms step_avg:386.30ms
step:1433/1670 train_time:553563ms step_avg:386.30ms
step:1434/1670 train_time:553949ms step_avg:386.30ms
step:1435/1670 train_time:554338ms step_avg:386.30ms
step:1436/1670 train_time:554724ms step_avg:386.30ms
step:1437/1670 train_time:555106ms step_avg:386.29ms
step:1438/1670 train_time:555490ms step_avg:386.29ms
step:1439/1670 train_time:555878ms step_avg:386.29ms
step:1440/1670 train_time:556263ms step_avg:386.29ms
step:1441/1670 train_time:556648ms step_avg:386.29ms
step:1442/1670 train_time:557031ms step_avg:386.29ms
step:1443/1670 train_time:557415ms step_avg:386.29ms
step:1444/1670 train_time:557803ms step_avg:386.29ms
step:1445/1670 train_time:558189ms step_avg:386.29ms
step:1446/1670 train_time:558574ms step_avg:386.29ms
step:1447/1670 train_time:558959ms step_avg:386.29ms
step:1448/1670 train_time:559344ms step_avg:386.29ms
step:1449/1670 train_time:559729ms step_avg:386.29ms
step:1450/1670 train_time:560118ms step_avg:386.29ms
step:1451/1670 train_time:560505ms step_avg:386.29ms
step:1452/1670 train_time:560889ms step_avg:386.29ms
step:1453/1670 train_time:561277ms step_avg:386.29ms
step:1454/1670 train_time:561662ms step_avg:386.29ms
step:1455/1670 train_time:562046ms step_avg:386.29ms
step:1456/1670 train_time:562436ms step_avg:386.29ms
step:1457/1670 train_time:562822ms step_avg:386.29ms
step:1458/1670 train_time:563205ms step_avg:386.29ms
step:1459/1670 train_time:563592ms step_avg:386.29ms
step:1460/1670 train_time:563982ms step_avg:386.29ms
step:1461/1670 train_time:564368ms step_avg:386.29ms
step:1462/1670 train_time:564751ms step_avg:386.29ms
step:1463/1670 train_time:565137ms step_avg:386.29ms
step:1464/1670 train_time:565524ms step_avg:386.29ms
step:1465/1670 train_time:565909ms step_avg:386.29ms
step:1466/1670 train_time:566299ms step_avg:386.29ms
step:1467/1670 train_time:566689ms step_avg:386.29ms
step:1468/1670 train_time:567079ms step_avg:386.29ms
step:1469/1670 train_time:567468ms step_avg:386.30ms
step:1470/1670 train_time:567856ms step_avg:386.30ms
step:1471/1670 train_time:568244ms step_avg:386.30ms
step:1472/1670 train_time:568630ms step_avg:386.30ms
step:1473/1670 train_time:569016ms step_avg:386.30ms
step:1474/1670 train_time:569403ms step_avg:386.30ms
step:1475/1670 train_time:569791ms step_avg:386.30ms
step:1476/1670 train_time:570179ms step_avg:386.30ms
step:1477/1670 train_time:570562ms step_avg:386.30ms
step:1478/1670 train_time:570949ms step_avg:386.30ms
step:1479/1670 train_time:571340ms step_avg:386.30ms
step:1480/1670 train_time:571724ms step_avg:386.30ms
step:1481/1670 train_time:572112ms step_avg:386.30ms
step:1482/1670 train_time:572498ms step_avg:386.30ms
step:1483/1670 train_time:572889ms step_avg:386.30ms
step:1484/1670 train_time:573272ms step_avg:386.30ms
step:1485/1670 train_time:573657ms step_avg:386.30ms
step:1486/1670 train_time:574044ms step_avg:386.30ms
step:1487/1670 train_time:574433ms step_avg:386.30ms
step:1488/1670 train_time:574819ms step_avg:386.30ms
step:1489/1670 train_time:575210ms step_avg:386.31ms
step:1490/1670 train_time:575593ms step_avg:386.30ms
step:1491/1670 train_time:575981ms step_avg:386.31ms
step:1492/1670 train_time:576367ms step_avg:386.30ms
step:1493/1670 train_time:576759ms step_avg:386.31ms
step:1494/1670 train_time:577144ms step_avg:386.31ms
step:1495/1670 train_time:577536ms step_avg:386.31ms
step:1496/1670 train_time:577921ms step_avg:386.31ms
step:1497/1670 train_time:578308ms step_avg:386.31ms
step:1498/1670 train_time:578693ms step_avg:386.31ms
step:1499/1670 train_time:579082ms step_avg:386.31ms
step:1500/1670 train_time:579466ms step_avg:386.31ms
step:1500/1670 val_loss:3.3082 train_time:579756ms step_avg:386.50ms
step:1501/1670 train_time:580003ms step_avg:386.41ms
step:1502/1670 train_time:580356ms step_avg:386.39ms
step:1503/1670 train_time:580743ms step_avg:386.39ms
step:1504/1670 train_time:581133ms step_avg:386.39ms
step:1505/1670 train_time:581523ms step_avg:386.39ms
step:1506/1670 train_time:581908ms step_avg:386.39ms
step:1507/1670 train_time:582296ms step_avg:386.39ms
step:1508/1670 train_time:582681ms step_avg:386.39ms
step:1509/1670 train_time:583069ms step_avg:386.39ms
step:1510/1670 train_time:583454ms step_avg:386.39ms
step:1511/1670 train_time:583844ms step_avg:386.40ms
step:1512/1670 train_time:584227ms step_avg:386.39ms
step:1513/1670 train_time:584613ms step_avg:386.39ms
step:1514/1670 train_time:584997ms step_avg:386.39ms
step:1515/1670 train_time:585382ms step_avg:386.39ms
step:1516/1670 train_time:585771ms step_avg:386.39ms
step:1517/1670 train_time:586157ms step_avg:386.39ms
step:1518/1670 train_time:586545ms step_avg:386.39ms
step:1519/1670 train_time:586930ms step_avg:386.39ms
step:1520/1670 train_time:587323ms step_avg:386.40ms
step:1521/1670 train_time:587712ms step_avg:386.40ms
step:1522/1670 train_time:588097ms step_avg:386.40ms
step:1523/1670 train_time:588478ms step_avg:386.39ms
step:1524/1670 train_time:588870ms step_avg:386.40ms
step:1525/1670 train_time:589259ms step_avg:386.40ms
step:1526/1670 train_time:589644ms step_avg:386.40ms
step:1527/1670 train_time:590030ms step_avg:386.40ms
step:1528/1670 train_time:590415ms step_avg:386.40ms
step:1529/1670 train_time:590803ms step_avg:386.40ms
step:1530/1670 train_time:591190ms step_avg:386.40ms
step:1531/1670 train_time:591580ms step_avg:386.40ms
step:1532/1670 train_time:591965ms step_avg:386.40ms
step:1533/1670 train_time:592351ms step_avg:386.40ms
step:1534/1670 train_time:592738ms step_avg:386.40ms
step:1535/1670 train_time:593121ms step_avg:386.40ms
step:1536/1670 train_time:593509ms step_avg:386.40ms
step:1537/1670 train_time:593895ms step_avg:386.40ms
step:1538/1670 train_time:594280ms step_avg:386.40ms
step:1539/1670 train_time:594667ms step_avg:386.40ms
step:1540/1670 train_time:595055ms step_avg:386.40ms
step:1541/1670 train_time:595439ms step_avg:386.40ms
step:1542/1670 train_time:595827ms step_avg:386.40ms
step:1543/1670 train_time:596221ms step_avg:386.40ms
step:1544/1670 train_time:596607ms step_avg:386.40ms
step:1545/1670 train_time:596993ms step_avg:386.40ms
step:1546/1670 train_time:597376ms step_avg:386.40ms
step:1547/1670 train_time:597761ms step_avg:386.40ms
step:1548/1670 train_time:598148ms step_avg:386.40ms
step:1549/1670 train_time:598537ms step_avg:386.40ms
step:1550/1670 train_time:598924ms step_avg:386.40ms
step:1551/1670 train_time:599310ms step_avg:386.40ms
step:1552/1670 train_time:599698ms step_avg:386.40ms
step:1553/1670 train_time:600086ms step_avg:386.40ms
step:1554/1670 train_time:600481ms step_avg:386.41ms
step:1555/1670 train_time:600866ms step_avg:386.41ms
step:1556/1670 train_time:601247ms step_avg:386.41ms
step:1557/1670 train_time:601635ms step_avg:386.41ms
step:1558/1670 train_time:602027ms step_avg:386.41ms
step:1559/1670 train_time:602412ms step_avg:386.41ms
step:1560/1670 train_time:602797ms step_avg:386.41ms
step:1561/1670 train_time:603181ms step_avg:386.41ms
step:1562/1670 train_time:603566ms step_avg:386.41ms
step:1563/1670 train_time:603952ms step_avg:386.41ms
step:1564/1670 train_time:604342ms step_avg:386.41ms
step:1565/1670 train_time:604728ms step_avg:386.41ms
step:1566/1670 train_time:605117ms step_avg:386.41ms
step:1567/1670 train_time:605504ms step_avg:386.41ms
step:1568/1670 train_time:605890ms step_avg:386.41ms
step:1569/1670 train_time:606274ms step_avg:386.41ms
step:1570/1670 train_time:606668ms step_avg:386.41ms
step:1571/1670 train_time:607051ms step_avg:386.41ms
step:1572/1670 train_time:607439ms step_avg:386.41ms
step:1573/1670 train_time:607825ms step_avg:386.41ms
step:1574/1670 train_time:608215ms step_avg:386.41ms
step:1575/1670 train_time:608601ms step_avg:386.41ms
step:1576/1670 train_time:608994ms step_avg:386.42ms
step:1577/1670 train_time:609380ms step_avg:386.42ms
step:1578/1670 train_time:609766ms step_avg:386.42ms
step:1579/1670 train_time:610155ms step_avg:386.42ms
step:1580/1670 train_time:610540ms step_avg:386.42ms
step:1581/1670 train_time:610929ms step_avg:386.42ms
step:1582/1670 train_time:611314ms step_avg:386.42ms
step:1583/1670 train_time:611702ms step_avg:386.42ms
step:1584/1670 train_time:612088ms step_avg:386.42ms
step:1585/1670 train_time:612477ms step_avg:386.42ms
step:1586/1670 train_time:612867ms step_avg:386.42ms
step:1587/1670 train_time:613251ms step_avg:386.42ms
step:1588/1670 train_time:613637ms step_avg:386.42ms
step:1589/1670 train_time:614023ms step_avg:386.42ms
step:1590/1670 train_time:614408ms step_avg:386.42ms
step:1591/1670 train_time:614798ms step_avg:386.42ms
step:1592/1670 train_time:615183ms step_avg:386.42ms
step:1593/1670 train_time:615568ms step_avg:386.42ms
step:1594/1670 train_time:615960ms step_avg:386.42ms
step:1595/1670 train_time:616346ms step_avg:386.42ms
step:1596/1670 train_time:616734ms step_avg:386.42ms
step:1597/1670 train_time:617121ms step_avg:386.43ms
step:1598/1670 train_time:617505ms step_avg:386.42ms
step:1599/1670 train_time:617893ms step_avg:386.42ms
step:1600/1670 train_time:618281ms step_avg:386.43ms
step:1601/1670 train_time:618668ms step_avg:386.43ms
step:1602/1670 train_time:619054ms step_avg:386.43ms
step:1603/1670 train_time:619438ms step_avg:386.42ms
step:1604/1670 train_time:619829ms step_avg:386.43ms
step:1605/1670 train_time:620221ms step_avg:386.43ms
step:1606/1670 train_time:620608ms step_avg:386.43ms
step:1607/1670 train_time:620996ms step_avg:386.43ms
step:1608/1670 train_time:621377ms step_avg:386.43ms
step:1609/1670 train_time:621766ms step_avg:386.43ms
step:1610/1670 train_time:622150ms step_avg:386.43ms
step:1611/1670 train_time:622544ms step_avg:386.43ms
step:1612/1670 train_time:622931ms step_avg:386.43ms
step:1613/1670 train_time:623319ms step_avg:386.43ms
step:1614/1670 train_time:623706ms step_avg:386.43ms
step:1615/1670 train_time:624096ms step_avg:386.44ms
step:1616/1670 train_time:624483ms step_avg:386.44ms
step:1617/1670 train_time:624864ms step_avg:386.43ms
step:1618/1670 train_time:625249ms step_avg:386.43ms
step:1619/1670 train_time:625636ms step_avg:386.43ms
step:1620/1670 train_time:626026ms step_avg:386.44ms
step:1621/1670 train_time:626414ms step_avg:386.44ms
step:1622/1670 train_time:626801ms step_avg:386.44ms
step:1623/1670 train_time:627187ms step_avg:386.44ms
step:1624/1670 train_time:627573ms step_avg:386.44ms
step:1625/1670 train_time:627963ms step_avg:386.44ms
step:1625/1670 val_loss:3.2846 train_time:628253ms step_avg:386.62ms
step:1626/1670 train_time:628506ms step_avg:386.53ms
step:1627/1670 train_time:628853ms step_avg:386.51ms
step:1628/1670 train_time:629239ms step_avg:386.51ms
step:1629/1670 train_time:629633ms step_avg:386.52ms
step:1630/1670 train_time:630020ms step_avg:386.52ms
step:1631/1670 train_time:630404ms step_avg:386.51ms
step:1632/1670 train_time:630794ms step_avg:386.52ms
step:1633/1670 train_time:631176ms step_avg:386.51ms
step:1634/1670 train_time:631563ms step_avg:386.51ms
step:1635/1670 train_time:631948ms step_avg:386.51ms
step:1636/1670 train_time:632337ms step_avg:386.51ms
step:1637/1670 train_time:632728ms step_avg:386.52ms
step:1638/1670 train_time:633112ms step_avg:386.52ms
step:1639/1670 train_time:633497ms step_avg:386.51ms
step:1640/1670 train_time:633886ms step_avg:386.52ms
step:1641/1670 train_time:634274ms step_avg:386.52ms
step:1642/1670 train_time:634657ms step_avg:386.51ms
step:1643/1670 train_time:635042ms step_avg:386.51ms
step:1644/1670 train_time:635427ms step_avg:386.51ms
step:1645/1670 train_time:635812ms step_avg:386.51ms
step:1646/1670 train_time:636195ms step_avg:386.51ms
step:1647/1670 train_time:636581ms step_avg:386.51ms
step:1648/1670 train_time:636969ms step_avg:386.51ms
step:1649/1670 train_time:637355ms step_avg:386.51ms
step:1650/1670 train_time:637742ms step_avg:386.51ms
step:1651/1670 train_time:638129ms step_avg:386.51ms
step:1652/1670 train_time:638515ms step_avg:386.51ms
step:1653/1670 train_time:638908ms step_avg:386.51ms
step:1654/1670 train_time:639296ms step_avg:386.52ms
step:1655/1670 train_time:639682ms step_avg:386.51ms
step:1656/1670 train_time:640067ms step_avg:386.51ms
step:1657/1670 train_time:640452ms step_avg:386.51ms
step:1658/1670 train_time:640840ms step_avg:386.51ms
step:1659/1670 train_time:641225ms step_avg:386.51ms
step:1660/1670 train_time:641612ms step_avg:386.51ms
step:1661/1670 train_time:641998ms step_avg:386.51ms
step:1662/1670 train_time:642384ms step_avg:386.51ms
step:1663/1670 train_time:642768ms step_avg:386.51ms
step:1664/1670 train_time:643170ms step_avg:386.52ms
step:1665/1670 train_time:643551ms step_avg:386.52ms
step:1666/1670 train_time:643937ms step_avg:386.52ms
step:1667/1670 train_time:644321ms step_avg:386.52ms
step:1668/1670 train_time:644711ms step_avg:386.52ms
step:1669/1670 train_time:645099ms step_avg:386.52ms
step:1670/1670 train_time:645483ms step_avg:386.52ms
step:1670/1670 val_loss:3.2752 train_time:645772ms step_avg:386.69ms
peak memory allocated: 28766 MiB reserved: 31540 MiB
total training time: 645.77s (645772ms)
