[training-job-1779878412-3d6051-trainer-0] step:2126/2420 train_time:553593ms step_avg:260.39ms
[training-job-1779878412-3d6051-trainer-0] step:2127/2420 train_time:553856ms step_avg:260.39ms
[training-job-1779878412-3d6051-trainer-0] step:2128/2420 train_time:554118ms step_avg:260.39ms
[training-job-1779878412-3d6051-trainer-0] step:2129/2420 train_time:554384ms step_avg:260.40ms
[training-job-1779878412-3d6051-trainer-0] step:2130/2420 train_time:554650ms step_avg:260.40ms
[training-job-1779878412-3d6051-trainer-0] step:2131/2420 train_time:554910ms step_avg:260.40ms
[training-job-1779878412-3d6051-trainer-0] step:2132/2420 train_time:555175ms step_avg:260.40ms
[training-job-1779878412-3d6051-trainer-0] step:2133/2420 train_time:555436ms step_avg:260.40ms
[training-job-1779878412-3d6051-trainer-0] step:2134/2420 train_time:555706ms step_avg:260.41ms
[training-job-1779878412-3d6051-trainer-0] step:2135/2420 train_time:555965ms step_avg:260.41ms
[training-job-1779878412-3d6051-trainer-0] step:2136/2420 train_time:556224ms step_avg:260.40ms
[training-job-1779878412-3d6051-trainer-0] step:2137/2420 train_time:556484ms step_avg:260.40ms
[training-job-1779878412-3d6051-trainer-0] step:2138/2420 train_time:556746ms step_avg:260.41ms
[training-job-1779878412-3d6051-trainer-0] step:2139/2420 train_time:557010ms step_avg:260.41ms
[training-job-1779878412-3d6051-trainer-0] step:2140/2420 train_time:557270ms step_avg:260.41ms
[training-job-1779878412-3d6051-trainer-0] step:2141/2420 train_time:557534ms step_avg:260.41ms
[training-job-1779878412-3d6051-trainer-0] step:2142/2420 train_time:557793ms step_avg:260.41ms
[training-job-1779878412-3d6051-trainer-0] step:2143/2420 train_time:558056ms step_avg:260.41ms
[training-job-1779878412-3d6051-trainer-0] step:2144/2420 train_time:558318ms step_avg:260.41ms
[training-job-1779878412-3d6051-trainer-0] step:2145/2420 train_time:558581ms step_avg:260.41ms
[training-job-1779878412-3d6051-trainer-0] step:2146/2420 train_time:558844ms step_avg:260.41ms
[training-job-1779878412-3d6051-trainer-0] step:2147/2420 train_time:559111ms step_avg:260.42ms
[training-job-1779878412-3d6051-trainer-0] step:2148/2420 train_time:559372ms step_avg:260.42ms
[training-job-1779878412-3d6051-trainer-0] step:2149/2420 train_time:559634ms step_avg:260.42ms
[training-job-1779878412-3d6051-trainer-0] step:2150/2420 train_time:559896ms step_avg:260.42ms
[training-job-1779878412-3d6051-trainer-0] step:2151/2420 train_time:560161ms step_avg:260.42ms
[training-job-1779878412-3d6051-trainer-0] step:2152/2420 train_time:560421ms step_avg:260.42ms
[training-job-1779878412-3d6051-trainer-0] step:2153/2420 train_time:560678ms step_avg:260.42ms
[training-job-1779878412-3d6051-trainer-0] step:2154/2420 train_time:560943ms step_avg:260.42ms
[training-job-1779878412-3d6051-trainer-0] step:2155/2420 train_time:561202ms step_avg:260.42ms
[training-job-1779878412-3d6051-trainer-0] step:2156/2420 train_time:561465ms step_avg:260.42ms
[training-job-1779878412-3d6051-trainer-0] step:2157/2420 train_time:561730ms step_avg:260.42ms
[training-job-1779878412-3d6051-trainer-0] step:2158/2420 train_time:561994ms step_avg:260.42ms
[training-job-1779878412-3d6051-trainer-0] step:2159/2420 train_time:562256ms step_avg:260.42ms
[training-job-1779878412-3d6051-trainer-0] step:2160/2420 train_time:562518ms step_avg:260.42ms
[training-job-1779878412-3d6051-trainer-0] step:2161/2420 train_time:562782ms step_avg:260.43ms
[training-job-1779878412-3d6051-trainer-0] step:2162/2420 train_time:563040ms step_avg:260.43ms
[training-job-1779878412-3d6051-trainer-0] step:2163/2420 train_time:563302ms step_avg:260.43ms
[training-job-1779878412-3d6051-trainer-0] step:2164/2420 train_time:563565ms step_avg:260.43ms
[training-job-1779878412-3d6051-trainer-0] step:2165/2420 train_time:563827ms step_avg:260.43ms
[training-job-1779878412-3d6051-trainer-0] step:2166/2420 train_time:564088ms step_avg:260.43ms
[training-job-1779878412-3d6051-trainer-0] step:2167/2420 train_time:564348ms step_avg:260.43ms
[training-job-1779878412-3d6051-trainer-0] step:2168/2420 train_time:564611ms step_avg:260.43ms
[training-job-1779878412-3d6051-trainer-0] step:2169/2420 train_time:564875ms step_avg:260.43ms
[training-job-1779878412-3d6051-trainer-0] step:2170/2420 train_time:565135ms step_avg:260.43ms
[training-job-1779878412-3d6051-trainer-0] step:2171/2420 train_time:565396ms step_avg:260.43ms
[training-job-1779878412-3d6051-trainer-0] step:2172/2420 train_time:565656ms step_avg:260.43ms
[training-job-1779878412-3d6051-trainer-0] step:2173/2420 train_time:565916ms step_avg:260.43ms
[training-job-1779878412-3d6051-trainer-0] step:2174/2420 train_time:566178ms step_avg:260.43ms
[training-job-1779878412-3d6051-trainer-0] step:2175/2420 train_time:566440ms step_avg:260.43ms
[training-job-1779878412-3d6051-trainer-0] step:2176/2420 train_time:566707ms step_avg:260.44ms
[training-job-1779878412-3d6051-trainer-0] step:2177/2420 train_time:566968ms step_avg:260.44ms
[training-job-1779878412-3d6051-trainer-0] step:2178/2420 train_time:567230ms step_avg:260.44ms
[training-job-1779878412-3d6051-trainer-0] step:2179/2420 train_time:567494ms step_avg:260.44ms
[training-job-1779878412-3d6051-trainer-0] step:2180/2420 train_time:567757ms step_avg:260.44ms
[training-job-1779878412-3d6051-trainer-0] step:2181/2420 train_time:568020ms step_avg:260.44ms
[training-job-1779878412-3d6051-trainer-0] step:2182/2420 train_time:568282ms step_avg:260.44ms
[training-job-1779878412-3d6051-trainer-0] step:2183/2420 train_time:568543ms step_avg:260.44ms
[training-job-1779878412-3d6051-trainer-0] step:2184/2420 train_time:568807ms step_avg:260.44ms
[training-job-1779878412-3d6051-trainer-0] step:2185/2420 train_time:569068ms step_avg:260.44ms
[training-job-1779878412-3d6051-trainer-0] step:2186/2420 train_time:569333ms step_avg:260.45ms
[training-job-1779878412-3d6051-trainer-0] step:2187/2420 train_time:569588ms step_avg:260.44ms
[training-job-1779878412-3d6051-trainer-0] step:2188/2420 train_time:569848ms step_avg:260.44ms
[training-job-1779878412-3d6051-trainer-0] step:2189/2420 train_time:570108ms step_avg:260.44ms
[training-job-1779878412-3d6051-trainer-0] step:2190/2420 train_time:570370ms step_avg:260.44ms
[training-job-1779878412-3d6051-trainer-0] step:2191/2420 train_time:570634ms step_avg:260.44ms
[training-job-1779878412-3d6051-trainer-0] step:2192/2420 train_time:570896ms step_avg:260.45ms
[training-job-1779878412-3d6051-trainer-0] step:2193/2420 train_time:571159ms step_avg:260.45ms
[training-job-1779878412-3d6051-trainer-0] step:2194/2420 train_time:571420ms step_avg:260.45ms
[training-job-1779878412-3d6051-trainer-0] step:2195/2420 train_time:571681ms step_avg:260.45ms
[training-job-1779878412-3d6051-trainer-0] step:2196/2420 train_time:571944ms step_avg:260.45ms
[training-job-1779878412-3d6051-trainer-0] step:2197/2420 train_time:572204ms step_avg:260.45ms
[training-job-1779878412-3d6051-trainer-0] step:2198/2420 train_time:572469ms step_avg:260.45ms
[training-job-1779878412-3d6051-trainer-0] step:2199/2420 train_time:572730ms step_avg:260.45ms
[training-job-1779878412-3d6051-trainer-0] step:2200/2420 train_time:572991ms step_avg:260.45ms
[training-job-1779878412-3d6051-trainer-0] step:2201/2420 train_time:573251ms step_avg:260.45ms
[training-job-1779878412-3d6051-trainer-0] step:2202/2420 train_time:573514ms step_avg:260.45ms
[training-job-1779878412-3d6051-trainer-0] step:2203/2420 train_time:573770ms step_avg:260.45ms
[training-job-1779878412-3d6051-trainer-0] step:2204/2420 train_time:574033ms step_avg:260.45ms
[training-job-1779878412-3d6051-trainer-0] step:2205/2420 train_time:574294ms step_avg:260.45ms
[training-job-1779878412-3d6051-trainer-0] step:2206/2420 train_time:574556ms step_avg:260.45ms
[training-job-1779878412-3d6051-trainer-0] step:2207/2420 train_time:574817ms step_avg:260.45ms
[training-job-1779878412-3d6051-trainer-0] step:2208/2420 train_time:575076ms step_avg:260.45ms
[training-job-1779878412-3d6051-trainer-0] step:2209/2420 train_time:575335ms step_avg:260.45ms
[training-job-1779878412-3d6051-trainer-0] step:2210/2420 train_time:575597ms step_avg:260.45ms
[training-job-1779878412-3d6051-trainer-0] step:2211/2420 train_time:575859ms step_avg:260.45ms
[training-job-1779878412-3d6051-trainer-0] step:2212/2420 train_time:576121ms step_avg:260.45ms
[training-job-1779878412-3d6051-trainer-0] step:2213/2420 train_time:576382ms step_avg:260.45ms
[training-job-1779878412-3d6051-trainer-0] step:2214/2420 train_time:576642ms step_avg:260.45ms
[training-job-1779878412-3d6051-trainer-0] step:2215/2420 train_time:576902ms step_avg:260.45ms
[training-job-1779878412-3d6051-trainer-0] step:2216/2420 train_time:577163ms step_avg:260.45ms
[training-job-1779878412-3d6051-trainer-0] step:2217/2420 train_time:577427ms step_avg:260.45ms
[training-job-1779878412-3d6051-trainer-0] step:2218/2420 train_time:577689ms step_avg:260.46ms
[training-job-1779878412-3d6051-trainer-0] step:2219/2420 train_time:577951ms step_avg:260.46ms
[training-job-1779878412-3d6051-trainer-0] step:2220/2420 train_time:578216ms step_avg:260.46ms
[training-job-1779878412-3d6051-trainer-0] step:2221/2420 train_time:578478ms step_avg:260.46ms
[training-job-1779878412-3d6051-trainer-0] step:2222/2420 train_time:578740ms step_avg:260.46ms
[training-job-1779878412-3d6051-trainer-0] step:2223/2420 train_time:579015ms step_avg:260.47ms
[training-job-1779878412-3d6051-trainer-0] step:2224/2420 train_time:579278ms step_avg:260.47ms
[training-job-1779878412-3d6051-trainer-0] step:2225/2420 train_time:579538ms step_avg:260.47ms
[training-job-1779878412-3d6051-trainer-0] step:2226/2420 train_time:579804ms step_avg:260.47ms
[training-job-1779878412-3d6051-trainer-0] step:2227/2420 train_time:580065ms step_avg:260.47ms
[training-job-1779878412-3d6051-trainer-0] step:2228/2420 train_time:580328ms step_avg:260.47ms
[training-job-1779878412-3d6051-trainer-0] step:2229/2420 train_time:580589ms step_avg:260.47ms
[training-job-1779878412-3d6051-trainer-0] step:2230/2420 train_time:580849ms step_avg:260.47ms
[training-job-1779878412-3d6051-trainer-0] step:2231/2420 train_time:581113ms step_avg:260.47ms
[training-job-1779878412-3d6051-trainer-0] step:2232/2420 train_time:581374ms step_avg:260.47ms
[training-job-1779878412-3d6051-trainer-0] step:2233/2420 train_time:581634ms step_avg:260.47ms
[training-job-1779878412-3d6051-trainer-0] step:2234/2420 train_time:581896ms step_avg:260.47ms
[training-job-1779878412-3d6051-trainer-0] step:2235/2420 train_time:582158ms step_avg:260.47ms
[training-job-1779878412-3d6051-trainer-0] step:2236/2420 train_time:582404ms step_avg:260.47ms
[training-job-1779878412-3d6051-trainer-0] step:2237/2420 train_time:582665ms step_avg:260.47ms
[training-job-1779878412-3d6051-trainer-0] step:2238/2420 train_time:582928ms step_avg:260.47ms
[training-job-1779878412-3d6051-trainer-0] step:2239/2420 train_time:583190ms step_avg:260.47ms
[training-job-1779878412-3d6051-trainer-0] step:2240/2420 train_time:583452ms step_avg:260.47ms
[training-job-1779878412-3d6051-trainer-0] step:2241/2420 train_time:583715ms step_avg:260.47ms
[training-job-1779878412-3d6051-trainer-0] step:2242/2420 train_time:583978ms step_avg:260.47ms
[training-job-1779878412-3d6051-trainer-0] step:2243/2420 train_time:584241ms step_avg:260.47ms
[training-job-1779878412-3d6051-trainer-0] step:2244/2420 train_time:584504ms step_avg:260.47ms
[training-job-1779878412-3d6051-trainer-0] step:2245/2420 train_time:584764ms step_avg:260.47ms
[training-job-1779878412-3d6051-trainer-0] step:2246/2420 train_time:585027ms step_avg:260.48ms
[training-job-1779878412-3d6051-trainer-0] step:2247/2420 train_time:585289ms step_avg:260.48ms
[training-job-1779878412-3d6051-trainer-0] step:2248/2420 train_time:585553ms step_avg:260.48ms
[training-job-1779878412-3d6051-trainer-0] step:2249/2420 train_time:585815ms step_avg:260.48ms
[training-job-1779878412-3d6051-trainer-0] step:2250/2420 train_time:586077ms step_avg:260.48ms
[training-job-1779878412-3d6051-trainer-0] step:2250/2420 val_loss:3.2984 train_time:586263ms step_avg:260.56ms
[training-job-1779878412-3d6051-trainer-0] step:2251/2420 train_time:586447ms step_avg:260.53ms
[training-job-1779878412-3d6051-trainer-0] step:2252/2420 train_time:586691ms step_avg:260.52ms
[training-job-1779878412-3d6051-trainer-0] step:2253/2420 train_time:586953ms step_avg:260.52ms
[training-job-1779878412-3d6051-trainer-0] step:2254/2420 train_time:587215ms step_avg:260.52ms
[training-job-1779878412-3d6051-trainer-0] step:2255/2420 train_time:587475ms step_avg:260.52ms
[training-job-1779878412-3d6051-trainer-0] step:2256/2420 train_time:587736ms step_avg:260.52ms
[training-job-1779878412-3d6051-trainer-0] step:2257/2420 train_time:587995ms step_avg:260.52ms
[training-job-1779878412-3d6051-trainer-0] step:2258/2420 train_time:588255ms step_avg:260.52ms
[training-job-1779878412-3d6051-trainer-0] step:2259/2420 train_time:588516ms step_avg:260.52ms
[training-job-1779878412-3d6051-trainer-0] step:2260/2420 train_time:588780ms step_avg:260.52ms
[training-job-1779878412-3d6051-trainer-0] step:2261/2420 train_time:589039ms step_avg:260.52ms
[training-job-1779878412-3d6051-trainer-0] step:2262/2420 train_time:589300ms step_avg:260.52ms
[training-job-1779878412-3d6051-trainer-0] step:2263/2420 train_time:589561ms step_avg:260.52ms
[training-job-1779878412-3d6051-trainer-0] step:2264/2420 train_time:589825ms step_avg:260.52ms
[training-job-1779878412-3d6051-trainer-0] step:2265/2420 train_time:590090ms step_avg:260.53ms
[training-job-1779878412-3d6051-trainer-0] step:2266/2420 train_time:590353ms step_avg:260.53ms
[training-job-1779878412-3d6051-trainer-0] step:2267/2420 train_time:590617ms step_avg:260.53ms
[training-job-1779878412-3d6051-trainer-0] step:2268/2420 train_time:590878ms step_avg:260.53ms
[training-job-1779878412-3d6051-trainer-0] step:2269/2420 train_time:591138ms step_avg:260.53ms
[training-job-1779878412-3d6051-trainer-0] step:2270/2420 train_time:591407ms step_avg:260.53ms
[training-job-1779878412-3d6051-trainer-0] step:2271/2420 train_time:591676ms step_avg:260.54ms
[training-job-1779878412-3d6051-trainer-0] step:2272/2420 train_time:591939ms step_avg:260.54ms
[training-job-1779878412-3d6051-trainer-0] step:2273/2420 train_time:592203ms step_avg:260.54ms
[training-job-1779878412-3d6051-trainer-0] step:2274/2420 train_time:592455ms step_avg:260.53ms
[training-job-1779878412-3d6051-trainer-0] step:2275/2420 train_time:592721ms step_avg:260.54ms
[training-job-1779878412-3d6051-trainer-0] step:2276/2420 train_time:592984ms step_avg:260.54ms
[training-job-1779878412-3d6051-trainer-0] step:2277/2420 train_time:593241ms step_avg:260.54ms
[training-job-1779878412-3d6051-trainer-0] step:2278/2420 train_time:593507ms step_avg:260.54ms
[training-job-1779878412-3d6051-trainer-0] step:2279/2420 train_time:593768ms step_avg:260.54ms
[training-job-1779878412-3d6051-trainer-0] step:2280/2420 train_time:594026ms step_avg:260.54ms
[training-job-1779878412-3d6051-trainer-0] step:2281/2420 train_time:594286ms step_avg:260.54ms
[training-job-1779878412-3d6051-trainer-0] step:2282/2420 train_time:594551ms step_avg:260.54ms
[training-job-1779878412-3d6051-trainer-0] step:2283/2420 train_time:594813ms step_avg:260.54ms
[training-job-1779878412-3d6051-trainer-0] step:2284/2420 train_time:595075ms step_avg:260.54ms
[training-job-1779878412-3d6051-trainer-0] step:2285/2420 train_time:595338ms step_avg:260.54ms
[training-job-1779878412-3d6051-trainer-0] step:2286/2420 train_time:595599ms step_avg:260.54ms
[training-job-1779878412-3d6051-trainer-0] step:2287/2420 train_time:595861ms step_avg:260.54ms
[training-job-1779878412-3d6051-trainer-0] step:2288/2420 train_time:596124ms step_avg:260.54ms
[training-job-1779878412-3d6051-trainer-0] step:2289/2420 train_time:596382ms step_avg:260.54ms
[training-job-1779878412-3d6051-trainer-0] step:2290/2420 train_time:596644ms step_avg:260.54ms
[training-job-1779878412-3d6051-trainer-0] step:2291/2420 train_time:596910ms step_avg:260.55ms
[training-job-1779878412-3d6051-trainer-0] step:2292/2420 train_time:597167ms step_avg:260.54ms
[training-job-1779878412-3d6051-trainer-0] step:2293/2420 train_time:597442ms step_avg:260.55ms
[training-job-1779878412-3d6051-trainer-0] step:2294/2420 train_time:597715ms step_avg:260.56ms
[training-job-1779878412-3d6051-trainer-0] step:2295/2420 train_time:597961ms step_avg:260.55ms
[training-job-1779878412-3d6051-trainer-0] step:2296/2420 train_time:598220ms step_avg:260.55ms
[training-job-1779878412-3d6051-trainer-0] step:2297/2420 train_time:598482ms step_avg:260.55ms
[training-job-1779878412-3d6051-trainer-0] step:2298/2420 train_time:598748ms step_avg:260.55ms
[training-job-1779878412-3d6051-trainer-0] step:2299/2420 train_time:599008ms step_avg:260.55ms
[training-job-1779878412-3d6051-trainer-0] step:2300/2420 train_time:599268ms step_avg:260.55ms
[training-job-1779878412-3d6051-trainer-0] step:2301/2420 train_time:599531ms step_avg:260.55ms
[training-job-1779878412-3d6051-trainer-0] step:2302/2420 train_time:599797ms step_avg:260.55ms
[training-job-1779878412-3d6051-trainer-0] step:2303/2420 train_time:600057ms step_avg:260.55ms
[training-job-1779878412-3d6051-trainer-0] step:2304/2420 train_time:600319ms step_avg:260.56ms
[training-job-1779878412-3d6051-trainer-0] step:2305/2420 train_time:600580ms step_avg:260.56ms
[training-job-1779878412-3d6051-trainer-0] step:2306/2420 train_time:600843ms step_avg:260.56ms
[training-job-1779878412-3d6051-trainer-0] step:2307/2420 train_time:601103ms step_avg:260.56ms
[training-job-1779878412-3d6051-trainer-0] step:2308/2420 train_time:601366ms step_avg:260.56ms
[training-job-1779878412-3d6051-trainer-0] step:2309/2420 train_time:601629ms step_avg:260.56ms
[training-job-1779878412-3d6051-trainer-0] step:2310/2420 train_time:601894ms step_avg:260.56ms
[training-job-1779878412-3d6051-trainer-0] step:2311/2420 train_time:602154ms step_avg:260.56ms
[training-job-1779878412-3d6051-trainer-0] step:2312/2420 train_time:602416ms step_avg:260.56ms
[training-job-1779878412-3d6051-trainer-0] step:2313/2420 train_time:602677ms step_avg:260.56ms
[training-job-1779878412-3d6051-trainer-0] step:2314/2420 train_time:602939ms step_avg:260.56ms
[training-job-1779878412-3d6051-trainer-0] step:2315/2420 train_time:603200ms step_avg:260.56ms
[training-job-1779878412-3d6051-trainer-0] step:2316/2420 train_time:603464ms step_avg:260.56ms
[training-job-1779878412-3d6051-trainer-0] step:2317/2420 train_time:603723ms step_avg:260.56ms
[training-job-1779878412-3d6051-trainer-0] step:2318/2420 train_time:603985ms step_avg:260.56ms
[training-job-1779878412-3d6051-trainer-0] step:2319/2420 train_time:604246ms step_avg:260.56ms
[training-job-1779878412-3d6051-trainer-0] step:2320/2420 train_time:604507ms step_avg:260.56ms
[training-job-1779878412-3d6051-trainer-0] step:2321/2420 train_time:604771ms step_avg:260.56ms
[training-job-1779878412-3d6051-trainer-0] step:2322/2420 train_time:605030ms step_avg:260.56ms
[training-job-1779878412-3d6051-trainer-0] step:2323/2420 train_time:605293ms step_avg:260.57ms
[training-job-1779878412-3d6051-trainer-0] step:2324/2420 train_time:605557ms step_avg:260.57ms
[training-job-1779878412-3d6051-trainer-0] step:2325/2420 train_time:605817ms step_avg:260.57ms
[training-job-1779878412-3d6051-trainer-0] step:2326/2420 train_time:606087ms step_avg:260.57ms
[training-job-1779878412-3d6051-trainer-0] step:2327/2420 train_time:606341ms step_avg:260.57ms
[training-job-1779878412-3d6051-trainer-0] step:2328/2420 train_time:606604ms step_avg:260.57ms
[training-job-1779878412-3d6051-trainer-0] step:2329/2420 train_time:606867ms step_avg:260.57ms
[training-job-1779878412-3d6051-trainer-0] step:2330/2420 train_time:607127ms step_avg:260.57ms
[training-job-1779878412-3d6051-trainer-0] step:2331/2420 train_time:607389ms step_avg:260.57ms
[training-job-1779878412-3d6051-trainer-0] step:2332/2420 train_time:607646ms step_avg:260.57ms
[training-job-1779878412-3d6051-trainer-0] step:2333/2420 train_time:607909ms step_avg:260.57ms
[training-job-1779878412-3d6051-trainer-0] step:2334/2420 train_time:608173ms step_avg:260.57ms
[training-job-1779878412-3d6051-trainer-0] step:2335/2420 train_time:608434ms step_avg:260.57ms
[training-job-1779878412-3d6051-trainer-0] step:2336/2420 train_time:608697ms step_avg:260.57ms
[training-job-1779878412-3d6051-trainer-0] step:2337/2420 train_time:608960ms step_avg:260.57ms
[training-job-1779878412-3d6051-trainer-0] step:2338/2420 train_time:609219ms step_avg:260.57ms
[training-job-1779878412-3d6051-trainer-0] step:2339/2420 train_time:609482ms step_avg:260.57ms
[training-job-1779878412-3d6051-trainer-0] step:2340/2420 train_time:609745ms step_avg:260.57ms
[training-job-1779878412-3d6051-trainer-0] step:2341/2420 train_time:610004ms step_avg:260.57ms
[training-job-1779878412-3d6051-trainer-0] step:2342/2420 train_time:610266ms step_avg:260.57ms
[training-job-1779878412-3d6051-trainer-0] step:2343/2420 train_time:610529ms step_avg:260.58ms
[training-job-1779878412-3d6051-trainer-0] step:2344/2420 train_time:610795ms step_avg:260.58ms
[training-job-1779878412-3d6051-trainer-0] step:2345/2420 train_time:611058ms step_avg:260.58ms
[training-job-1779878412-3d6051-trainer-0] step:2346/2420 train_time:611318ms step_avg:260.58ms
[training-job-1779878412-3d6051-trainer-0] step:2347/2420 train_time:611581ms step_avg:260.58ms
[training-job-1779878412-3d6051-trainer-0] step:2348/2420 train_time:611843ms step_avg:260.58ms
[training-job-1779878412-3d6051-trainer-0] step:2349/2420 train_time:612104ms step_avg:260.58ms
[training-job-1779878412-3d6051-trainer-0] step:2350/2420 train_time:612364ms step_avg:260.58ms
[training-job-1779878412-3d6051-trainer-0] step:2351/2420 train_time:612628ms step_avg:260.58ms
[training-job-1779878412-3d6051-trainer-0] step:2352/2420 train_time:612889ms step_avg:260.58ms
[training-job-1779878412-3d6051-trainer-0] step:2353/2420 train_time:613148ms step_avg:260.58ms
[training-job-1779878412-3d6051-trainer-0] step:2354/2420 train_time:613416ms step_avg:260.58ms
[training-job-1779878412-3d6051-trainer-0] step:2355/2420 train_time:613678ms step_avg:260.59ms
[training-job-1779878412-3d6051-trainer-0] step:2356/2420 train_time:613935ms step_avg:260.58ms
[training-job-1779878412-3d6051-trainer-0] step:2357/2420 train_time:614203ms step_avg:260.59ms
[training-job-1779878412-3d6051-trainer-0] step:2358/2420 train_time:614463ms step_avg:260.59ms
[training-job-1779878412-3d6051-trainer-0] step:2359/2420 train_time:614727ms step_avg:260.59ms
[training-job-1779878412-3d6051-trainer-0] step:2360/2420 train_time:614986ms step_avg:260.59ms
[training-job-1779878412-3d6051-trainer-0] step:2361/2420 train_time:615251ms step_avg:260.59ms
[training-job-1779878412-3d6051-trainer-0] step:2362/2420 train_time:615510ms step_avg:260.59ms
[training-job-1779878412-3d6051-trainer-0] step:2363/2420 train_time:615771ms step_avg:260.59ms
[training-job-1779878412-3d6051-trainer-0] step:2364/2420 train_time:616027ms step_avg:260.59ms
[training-job-1779878412-3d6051-trainer-0] step:2365/2420 train_time:616292ms step_avg:260.59ms
[training-job-1779878412-3d6051-trainer-0] step:2366/2420 train_time:616553ms step_avg:260.59ms
[training-job-1779878412-3d6051-trainer-0] step:2367/2420 train_time:616821ms step_avg:260.59ms
[training-job-1779878412-3d6051-trainer-0] step:2368/2420 train_time:617080ms step_avg:260.59ms
[training-job-1779878412-3d6051-trainer-0] step:2369/2420 train_time:617345ms step_avg:260.59ms
[training-job-1779878412-3d6051-trainer-0] step:2370/2420 train_time:617617ms step_avg:260.60ms
[training-job-1779878412-3d6051-trainer-0] step:2371/2420 train_time:617878ms step_avg:260.60ms
[training-job-1779878412-3d6051-trainer-0] step:2372/2420 train_time:618141ms step_avg:260.60ms
[training-job-1779878412-3d6051-trainer-0] step:2373/2420 train_time:618389ms step_avg:260.59ms
[training-job-1779878412-3d6051-trainer-0] step:2374/2420 train_time:618659ms step_avg:260.60ms
[training-job-1779878412-3d6051-trainer-0] step:2375/2420 train_time:618914ms step_avg:260.60ms
[training-job-1779878412-3d6051-trainer-0] step:2376/2420 train_time:619173ms step_avg:260.59ms
[training-job-1779878412-3d6051-trainer-0] step:2377/2420 train_time:619440ms step_avg:260.60ms
[training-job-1779878412-3d6051-trainer-0] step:2378/2420 train_time:619706ms step_avg:260.60ms
[training-job-1779878412-3d6051-trainer-0] step:2379/2420 train_time:619966ms step_avg:260.60ms
[training-job-1779878412-3d6051-trainer-0] step:2380/2420 train_time:620228ms step_avg:260.60ms
[training-job-1779878412-3d6051-trainer-0] step:2381/2420 train_time:620490ms step_avg:260.60ms
[training-job-1779878412-3d6051-trainer-0] step:2382/2420 train_time:620751ms step_avg:260.60ms
[training-job-1779878412-3d6051-trainer-0] step:2383/2420 train_time:621012ms step_avg:260.60ms
[training-job-1779878412-3d6051-trainer-0] step:2384/2420 train_time:621276ms step_avg:260.60ms
[training-job-1779878412-3d6051-trainer-0] step:2385/2420 train_time:621539ms step_avg:260.60ms
[training-job-1779878412-3d6051-trainer-0] step:2386/2420 train_time:621799ms step_avg:260.60ms
[training-job-1779878412-3d6051-trainer-0] step:2387/2420 train_time:622057ms step_avg:260.60ms
[training-job-1779878412-3d6051-trainer-0] step:2388/2420 train_time:622323ms step_avg:260.60ms
[training-job-1779878412-3d6051-trainer-0] step:2389/2420 train_time:622582ms step_avg:260.60ms
[training-job-1779878412-3d6051-trainer-0] step:2390/2420 train_time:622847ms step_avg:260.61ms
[training-job-1779878412-3d6051-trainer-0] step:2391/2420 train_time:623110ms step_avg:260.61ms
[training-job-1779878412-3d6051-trainer-0] step:2392/2420 train_time:623373ms step_avg:260.61ms
[training-job-1779878412-3d6051-trainer-0] step:2393/2420 train_time:623628ms step_avg:260.60ms
[training-job-1779878412-3d6051-trainer-0] step:2394/2420 train_time:623893ms step_avg:260.61ms
[training-job-1779878412-3d6051-trainer-0] step:2395/2420 train_time:624163ms step_avg:260.61ms
[training-job-1779878412-3d6051-trainer-0] step:2396/2420 train_time:624415ms step_avg:260.61ms
[training-job-1779878412-3d6051-trainer-0] step:2397/2420 train_time:624679ms step_avg:260.61ms
[training-job-1779878412-3d6051-trainer-0] step:2398/2420 train_time:624942ms step_avg:260.61ms
[training-job-1779878412-3d6051-trainer-0] step:2399/2420 train_time:625217ms step_avg:260.62ms
[training-job-1779878412-3d6051-trainer-0] step:2400/2420 train_time:625484ms step_avg:260.62ms
[training-job-1779878412-3d6051-trainer-0] step:2401/2420 train_time:625741ms step_avg:260.62ms
[training-job-1779878412-3d6051-trainer-0] step:2402/2420 train_time:626010ms step_avg:260.62ms
[training-job-1779878412-3d6051-trainer-0] step:2403/2420 train_time:626259ms step_avg:260.62ms
[training-job-1779878412-3d6051-trainer-0] step:2404/2420 train_time:626521ms step_avg:260.62ms
[training-job-1779878412-3d6051-trainer-0] step:2405/2420 train_time:626782ms step_avg:260.62ms
[training-job-1779878412-3d6051-trainer-0] step:2406/2420 train_time:627046ms step_avg:260.62ms
[training-job-1779878412-3d6051-trainer-0] step:2407/2420 train_time:627308ms step_avg:260.62ms
[training-job-1779878412-3d6051-trainer-0] step:2408/2420 train_time:627572ms step_avg:260.62ms
[training-job-1779878412-3d6051-trainer-0] step:2409/2420 train_time:627831ms step_avg:260.62ms
[training-job-1779878412-3d6051-trainer-0] step:2410/2420 train_time:628112ms step_avg:260.63ms
[training-job-1779878412-3d6051-trainer-0] step:2411/2420 train_time:628361ms step_avg:260.62ms
[training-job-1779878412-3d6051-trainer-0] step:2412/2420 train_time:628622ms step_avg:260.62ms
[training-job-1779878412-3d6051-trainer-0] step:2413/2420 train_time:628881ms step_avg:260.62ms
[training-job-1779878412-3d6051-trainer-0] step:2414/2420 train_time:629142ms step_avg:260.62ms
[training-job-1779878412-3d6051-trainer-0] step:2415/2420 train_time:629404ms step_avg:260.62ms
[training-job-1779878412-3d6051-trainer-0] step:2416/2420 train_time:629668ms step_avg:260.62ms
[training-job-1779878412-3d6051-trainer-0] step:2417/2420 train_time:629931ms step_avg:260.63ms
[training-job-1779878412-3d6051-trainer-0] step:2418/2420 train_time:630189ms step_avg:260.62ms
[training-job-1779878412-3d6051-trainer-0] step:2419/2420 train_time:630453ms step_avg:260.63ms
[training-job-1779878412-3d6051-trainer-0] step:2420/2420 train_time:630714ms step_avg:260.63ms
[training-job-1779878412-3d6051-trainer-0] step:2420/2420 val_loss:3.2734 train_time:630901ms step_avg:260.70ms
[training-job-1779878412-3d6051-trainer-0] peak memory allocated: 19804 MiB reserved: 21734 MiB
[training-job-1779878412-3d6051-trainer-0] total training time: 630.90s (630901ms)
[training-job-1779878412-3d6051-trainer-0] === Done. Exit code: 0 ===
