[training-job-1779878412-1e0870-trainer-0] step:2126/2420 train_time:555444ms step_avg:261.26ms
[training-job-1779878412-1e0870-trainer-0] step:2127/2420 train_time:555710ms step_avg:261.26ms
[training-job-1779878412-1e0870-trainer-0] step:2128/2420 train_time:555966ms step_avg:261.26ms
[training-job-1779878412-1e0870-trainer-0] step:2129/2420 train_time:556227ms step_avg:261.26ms
[training-job-1779878412-1e0870-trainer-0] step:2130/2420 train_time:556487ms step_avg:261.26ms
[training-job-1779878412-1e0870-trainer-0] step:2131/2420 train_time:556747ms step_avg:261.26ms
[training-job-1779878412-1e0870-trainer-0] step:2132/2420 train_time:557012ms step_avg:261.26ms
[training-job-1779878412-1e0870-trainer-0] step:2133/2420 train_time:557272ms step_avg:261.26ms
[training-job-1779878412-1e0870-trainer-0] step:2134/2420 train_time:557539ms step_avg:261.26ms
[training-job-1779878412-1e0870-trainer-0] step:2135/2420 train_time:557795ms step_avg:261.26ms
[training-job-1779878412-1e0870-trainer-0] step:2136/2420 train_time:558056ms step_avg:261.26ms
[training-job-1779878412-1e0870-trainer-0] step:2137/2420 train_time:558316ms step_avg:261.26ms
[training-job-1779878412-1e0870-trainer-0] step:2138/2420 train_time:558582ms step_avg:261.26ms
[training-job-1779878412-1e0870-trainer-0] step:2139/2420 train_time:558864ms step_avg:261.27ms
[training-job-1779878412-1e0870-trainer-0] step:2140/2420 train_time:559108ms step_avg:261.27ms
[training-job-1779878412-1e0870-trainer-0] step:2141/2420 train_time:559365ms step_avg:261.26ms
[training-job-1779878412-1e0870-trainer-0] step:2142/2420 train_time:559626ms step_avg:261.26ms
[training-job-1779878412-1e0870-trainer-0] step:2143/2420 train_time:559890ms step_avg:261.26ms
[training-job-1779878412-1e0870-trainer-0] step:2144/2420 train_time:560163ms step_avg:261.27ms
[training-job-1779878412-1e0870-trainer-0] step:2145/2420 train_time:560421ms step_avg:261.27ms
[training-job-1779878412-1e0870-trainer-0] step:2146/2420 train_time:560679ms step_avg:261.27ms
[training-job-1779878412-1e0870-trainer-0] step:2147/2420 train_time:560943ms step_avg:261.27ms
[training-job-1779878412-1e0870-trainer-0] step:2148/2420 train_time:561201ms step_avg:261.27ms
[training-job-1779878412-1e0870-trainer-0] step:2149/2420 train_time:561465ms step_avg:261.27ms
[training-job-1779878412-1e0870-trainer-0] step:2150/2420 train_time:561725ms step_avg:261.27ms
[training-job-1779878412-1e0870-trainer-0] step:2151/2420 train_time:561991ms step_avg:261.27ms
[training-job-1779878412-1e0870-trainer-0] step:2152/2420 train_time:562254ms step_avg:261.27ms
[training-job-1779878412-1e0870-trainer-0] step:2153/2420 train_time:562511ms step_avg:261.27ms
[training-job-1779878412-1e0870-trainer-0] step:2154/2420 train_time:562773ms step_avg:261.27ms
[training-job-1779878412-1e0870-trainer-0] step:2155/2420 train_time:563036ms step_avg:261.27ms
[training-job-1779878412-1e0870-trainer-0] step:2156/2420 train_time:563306ms step_avg:261.27ms
[training-job-1779878412-1e0870-trainer-0] step:2157/2420 train_time:563567ms step_avg:261.27ms
[training-job-1779878412-1e0870-trainer-0] step:2158/2420 train_time:563837ms step_avg:261.28ms
[training-job-1779878412-1e0870-trainer-0] step:2159/2420 train_time:564100ms step_avg:261.28ms
[training-job-1779878412-1e0870-trainer-0] step:2160/2420 train_time:564361ms step_avg:261.28ms
[training-job-1779878412-1e0870-trainer-0] step:2161/2420 train_time:564623ms step_avg:261.28ms
[training-job-1779878412-1e0870-trainer-0] step:2162/2420 train_time:564881ms step_avg:261.28ms
[training-job-1779878412-1e0870-trainer-0] step:2163/2420 train_time:565150ms step_avg:261.28ms
[training-job-1779878412-1e0870-trainer-0] step:2164/2420 train_time:565405ms step_avg:261.28ms
[training-job-1779878412-1e0870-trainer-0] step:2165/2420 train_time:565666ms step_avg:261.28ms
[training-job-1779878412-1e0870-trainer-0] step:2166/2420 train_time:565934ms step_avg:261.28ms
[training-job-1779878412-1e0870-trainer-0] step:2167/2420 train_time:566192ms step_avg:261.28ms
[training-job-1779878412-1e0870-trainer-0] step:2168/2420 train_time:566456ms step_avg:261.28ms
[training-job-1779878412-1e0870-trainer-0] step:2169/2420 train_time:566713ms step_avg:261.28ms
[training-job-1779878412-1e0870-trainer-0] step:2170/2420 train_time:566978ms step_avg:261.28ms
[training-job-1779878412-1e0870-trainer-0] step:2171/2420 train_time:567235ms step_avg:261.28ms
[training-job-1779878412-1e0870-trainer-0] step:2172/2420 train_time:567495ms step_avg:261.28ms
[training-job-1779878412-1e0870-trainer-0] step:2173/2420 train_time:567751ms step_avg:261.27ms
[training-job-1779878412-1e0870-trainer-0] step:2174/2420 train_time:568013ms step_avg:261.28ms
[training-job-1779878412-1e0870-trainer-0] step:2175/2420 train_time:568275ms step_avg:261.28ms
[training-job-1779878412-1e0870-trainer-0] step:2176/2420 train_time:568544ms step_avg:261.28ms
[training-job-1779878412-1e0870-trainer-0] step:2177/2420 train_time:568806ms step_avg:261.28ms
[training-job-1779878412-1e0870-trainer-0] step:2178/2420 train_time:569068ms step_avg:261.28ms
[training-job-1779878412-1e0870-trainer-0] step:2179/2420 train_time:569337ms step_avg:261.28ms
[training-job-1779878412-1e0870-trainer-0] step:2180/2420 train_time:569605ms step_avg:261.29ms
[training-job-1779878412-1e0870-trainer-0] step:2181/2420 train_time:569867ms step_avg:261.29ms
[training-job-1779878412-1e0870-trainer-0] step:2182/2420 train_time:570131ms step_avg:261.29ms
[training-job-1779878412-1e0870-trainer-0] step:2183/2420 train_time:570392ms step_avg:261.29ms
[training-job-1779878412-1e0870-trainer-0] step:2184/2420 train_time:570655ms step_avg:261.29ms
[training-job-1779878412-1e0870-trainer-0] step:2185/2420 train_time:570918ms step_avg:261.29ms
[training-job-1779878412-1e0870-trainer-0] step:2186/2420 train_time:571182ms step_avg:261.29ms
[training-job-1779878412-1e0870-trainer-0] step:2187/2420 train_time:571439ms step_avg:261.29ms
[training-job-1779878412-1e0870-trainer-0] step:2188/2420 train_time:571706ms step_avg:261.29ms
[training-job-1779878412-1e0870-trainer-0] step:2189/2420 train_time:571967ms step_avg:261.29ms
[training-job-1779878412-1e0870-trainer-0] step:2190/2420 train_time:572231ms step_avg:261.29ms
[training-job-1779878412-1e0870-trainer-0] step:2191/2420 train_time:572491ms step_avg:261.29ms
[training-job-1779878412-1e0870-trainer-0] step:2192/2420 train_time:572752ms step_avg:261.29ms
[training-job-1779878412-1e0870-trainer-0] step:2193/2420 train_time:573015ms step_avg:261.29ms
[training-job-1779878412-1e0870-trainer-0] step:2194/2420 train_time:573282ms step_avg:261.30ms
[training-job-1779878412-1e0870-trainer-0] step:2195/2420 train_time:573540ms step_avg:261.29ms
[training-job-1779878412-1e0870-trainer-0] step:2196/2420 train_time:573806ms step_avg:261.30ms
[training-job-1779878412-1e0870-trainer-0] step:2197/2420 train_time:574069ms step_avg:261.30ms
[training-job-1779878412-1e0870-trainer-0] step:2198/2420 train_time:574331ms step_avg:261.30ms
[training-job-1779878412-1e0870-trainer-0] step:2199/2420 train_time:574595ms step_avg:261.30ms
[training-job-1779878412-1e0870-trainer-0] step:2200/2420 train_time:574855ms step_avg:261.30ms
[training-job-1779878412-1e0870-trainer-0] step:2201/2420 train_time:575117ms step_avg:261.30ms
[training-job-1779878412-1e0870-trainer-0] step:2202/2420 train_time:575384ms step_avg:261.30ms
[training-job-1779878412-1e0870-trainer-0] step:2203/2420 train_time:575637ms step_avg:261.30ms
[training-job-1779878412-1e0870-trainer-0] step:2204/2420 train_time:575900ms step_avg:261.30ms
[training-job-1779878412-1e0870-trainer-0] step:2205/2420 train_time:576174ms step_avg:261.30ms
[training-job-1779878412-1e0870-trainer-0] step:2206/2420 train_time:576428ms step_avg:261.30ms
[training-job-1779878412-1e0870-trainer-0] step:2207/2420 train_time:576685ms step_avg:261.30ms
[training-job-1779878412-1e0870-trainer-0] step:2208/2420 train_time:576946ms step_avg:261.30ms
[training-job-1779878412-1e0870-trainer-0] step:2209/2420 train_time:577202ms step_avg:261.30ms
[training-job-1779878412-1e0870-trainer-0] step:2210/2420 train_time:577466ms step_avg:261.30ms
[training-job-1779878412-1e0870-trainer-0] step:2211/2420 train_time:577728ms step_avg:261.30ms
[training-job-1779878412-1e0870-trainer-0] step:2212/2420 train_time:577990ms step_avg:261.30ms
[training-job-1779878412-1e0870-trainer-0] step:2213/2420 train_time:578254ms step_avg:261.30ms
[training-job-1779878412-1e0870-trainer-0] step:2214/2420 train_time:578514ms step_avg:261.30ms
[training-job-1779878412-1e0870-trainer-0] step:2215/2420 train_time:578774ms step_avg:261.30ms
[training-job-1779878412-1e0870-trainer-0] step:2216/2420 train_time:579035ms step_avg:261.30ms
[training-job-1779878412-1e0870-trainer-0] step:2217/2420 train_time:579297ms step_avg:261.30ms
[training-job-1779878412-1e0870-trainer-0] step:2218/2420 train_time:579563ms step_avg:261.30ms
[training-job-1779878412-1e0870-trainer-0] step:2219/2420 train_time:579825ms step_avg:261.30ms
[training-job-1779878412-1e0870-trainer-0] step:2220/2420 train_time:580089ms step_avg:261.30ms
[training-job-1779878412-1e0870-trainer-0] step:2221/2420 train_time:580355ms step_avg:261.30ms
[training-job-1779878412-1e0870-trainer-0] step:2222/2420 train_time:580614ms step_avg:261.30ms
[training-job-1779878412-1e0870-trainer-0] step:2223/2420 train_time:580875ms step_avg:261.30ms
[training-job-1779878412-1e0870-trainer-0] step:2224/2420 train_time:581139ms step_avg:261.30ms
[training-job-1779878412-1e0870-trainer-0] step:2225/2420 train_time:581401ms step_avg:261.30ms
[training-job-1779878412-1e0870-trainer-0] step:2226/2420 train_time:581667ms step_avg:261.31ms
[training-job-1779878412-1e0870-trainer-0] step:2227/2420 train_time:581932ms step_avg:261.31ms
[training-job-1779878412-1e0870-trainer-0] step:2228/2420 train_time:582193ms step_avg:261.31ms
[training-job-1779878412-1e0870-trainer-0] step:2229/2420 train_time:582457ms step_avg:261.31ms
[training-job-1779878412-1e0870-trainer-0] step:2230/2420 train_time:582722ms step_avg:261.31ms
[training-job-1779878412-1e0870-trainer-0] step:2231/2420 train_time:582988ms step_avg:261.31ms
[training-job-1779878412-1e0870-trainer-0] step:2232/2420 train_time:583246ms step_avg:261.31ms
[training-job-1779878412-1e0870-trainer-0] step:2233/2420 train_time:583509ms step_avg:261.31ms
[training-job-1779878412-1e0870-trainer-0] step:2234/2420 train_time:583770ms step_avg:261.31ms
[training-job-1779878412-1e0870-trainer-0] step:2235/2420 train_time:584033ms step_avg:261.31ms
[training-job-1779878412-1e0870-trainer-0] step:2236/2420 train_time:584293ms step_avg:261.31ms
[training-job-1779878412-1e0870-trainer-0] step:2237/2420 train_time:584556ms step_avg:261.31ms
[training-job-1779878412-1e0870-trainer-0] step:2238/2420 train_time:584819ms step_avg:261.31ms
[training-job-1779878412-1e0870-trainer-0] step:2239/2420 train_time:585084ms step_avg:261.31ms
[training-job-1779878412-1e0870-trainer-0] step:2240/2420 train_time:585343ms step_avg:261.31ms
[training-job-1779878412-1e0870-trainer-0] step:2241/2420 train_time:585606ms step_avg:261.31ms
[training-job-1779878412-1e0870-trainer-0] step:2242/2420 train_time:585871ms step_avg:261.32ms
[training-job-1779878412-1e0870-trainer-0] step:2243/2420 train_time:586132ms step_avg:261.32ms
[training-job-1779878412-1e0870-trainer-0] step:2244/2420 train_time:586394ms step_avg:261.32ms
[training-job-1779878412-1e0870-trainer-0] step:2245/2420 train_time:586656ms step_avg:261.32ms
[training-job-1779878412-1e0870-trainer-0] step:2246/2420 train_time:586919ms step_avg:261.32ms
[training-job-1779878412-1e0870-trainer-0] step:2247/2420 train_time:587178ms step_avg:261.32ms
[training-job-1779878412-1e0870-trainer-0] step:2248/2420 train_time:587446ms step_avg:261.32ms
[training-job-1779878412-1e0870-trainer-0] step:2249/2420 train_time:587707ms step_avg:261.32ms
[training-job-1779878412-1e0870-trainer-0] step:2250/2420 train_time:587970ms step_avg:261.32ms
[training-job-1779878412-1e0870-trainer-0] step:2250/2420 val_loss:3.3000 train_time:588155ms step_avg:261.40ms
[training-job-1779878412-1e0870-trainer-0] step:2251/2420 train_time:588343ms step_avg:261.37ms
[training-job-1779878412-1e0870-trainer-0] step:2252/2420 train_time:588589ms step_avg:261.36ms
[training-job-1779878412-1e0870-trainer-0] step:2253/2420 train_time:588845ms step_avg:261.36ms
[training-job-1779878412-1e0870-trainer-0] step:2254/2420 train_time:589108ms step_avg:261.36ms
[training-job-1779878412-1e0870-trainer-0] step:2255/2420 train_time:589369ms step_avg:261.36ms
[training-job-1779878412-1e0870-trainer-0] step:2256/2420 train_time:589632ms step_avg:261.36ms
[training-job-1779878412-1e0870-trainer-0] step:2257/2420 train_time:589889ms step_avg:261.36ms
[training-job-1779878412-1e0870-trainer-0] step:2258/2420 train_time:590159ms step_avg:261.36ms
[training-job-1779878412-1e0870-trainer-0] step:2259/2420 train_time:590412ms step_avg:261.36ms
[training-job-1779878412-1e0870-trainer-0] step:2260/2420 train_time:590677ms step_avg:261.36ms
[training-job-1779878412-1e0870-trainer-0] step:2261/2420 train_time:590938ms step_avg:261.36ms
[training-job-1779878412-1e0870-trainer-0] step:2262/2420 train_time:591200ms step_avg:261.36ms
[training-job-1779878412-1e0870-trainer-0] step:2263/2420 train_time:591461ms step_avg:261.36ms
[training-job-1779878412-1e0870-trainer-0] step:2264/2420 train_time:591723ms step_avg:261.36ms
[training-job-1779878412-1e0870-trainer-0] step:2265/2420 train_time:591987ms step_avg:261.36ms
[training-job-1779878412-1e0870-trainer-0] step:2266/2420 train_time:592251ms step_avg:261.36ms
[training-job-1779878412-1e0870-trainer-0] step:2267/2420 train_time:592517ms step_avg:261.37ms
[training-job-1779878412-1e0870-trainer-0] step:2268/2420 train_time:592779ms step_avg:261.37ms
[training-job-1779878412-1e0870-trainer-0] step:2269/2420 train_time:593037ms step_avg:261.36ms
[training-job-1779878412-1e0870-trainer-0] step:2270/2420 train_time:593301ms step_avg:261.37ms
[training-job-1779878412-1e0870-trainer-0] step:2271/2420 train_time:593565ms step_avg:261.37ms
[training-job-1779878412-1e0870-trainer-0] step:2272/2420 train_time:593832ms step_avg:261.37ms
[training-job-1779878412-1e0870-trainer-0] step:2273/2420 train_time:594090ms step_avg:261.37ms
[training-job-1779878412-1e0870-trainer-0] step:2274/2420 train_time:594356ms step_avg:261.37ms
[training-job-1779878412-1e0870-trainer-0] step:2275/2420 train_time:594617ms step_avg:261.37ms
[training-job-1779878412-1e0870-trainer-0] step:2276/2420 train_time:594879ms step_avg:261.37ms
[training-job-1779878412-1e0870-trainer-0] step:2277/2420 train_time:595141ms step_avg:261.37ms
[training-job-1779878412-1e0870-trainer-0] step:2278/2420 train_time:595405ms step_avg:261.37ms
[training-job-1779878412-1e0870-trainer-0] step:2279/2420 train_time:595665ms step_avg:261.37ms
[training-job-1779878412-1e0870-trainer-0] step:2280/2420 train_time:595927ms step_avg:261.37ms
[training-job-1779878412-1e0870-trainer-0] step:2281/2420 train_time:596186ms step_avg:261.37ms
[training-job-1779878412-1e0870-trainer-0] step:2282/2420 train_time:596449ms step_avg:261.37ms
[training-job-1779878412-1e0870-trainer-0] step:2283/2420 train_time:596710ms step_avg:261.37ms
[training-job-1779878412-1e0870-trainer-0] step:2284/2420 train_time:597037ms step_avg:261.40ms
[training-job-1779878412-1e0870-trainer-0] step:2285/2420 train_time:597281ms step_avg:261.39ms
[training-job-1779878412-1e0870-trainer-0] step:2286/2420 train_time:597544ms step_avg:261.39ms
[training-job-1779878412-1e0870-trainer-0] step:2287/2420 train_time:597806ms step_avg:261.39ms
[training-job-1779878412-1e0870-trainer-0] step:2288/2420 train_time:598074ms step_avg:261.40ms
[training-job-1779878412-1e0870-trainer-0] step:2289/2420 train_time:598331ms step_avg:261.39ms
[training-job-1779878412-1e0870-trainer-0] step:2290/2420 train_time:598597ms step_avg:261.40ms
[training-job-1779878412-1e0870-trainer-0] step:2291/2420 train_time:598858ms step_avg:261.40ms
[training-job-1779878412-1e0870-trainer-0] step:2292/2420 train_time:599124ms step_avg:261.40ms
[training-job-1779878412-1e0870-trainer-0] step:2293/2420 train_time:599388ms step_avg:261.40ms
[training-job-1779878412-1e0870-trainer-0] step:2294/2420 train_time:599652ms step_avg:261.40ms
[training-job-1779878412-1e0870-trainer-0] step:2295/2420 train_time:599921ms step_avg:261.40ms
[training-job-1779878412-1e0870-trainer-0] step:2296/2420 train_time:600180ms step_avg:261.40ms
[training-job-1779878412-1e0870-trainer-0] step:2297/2420 train_time:600442ms step_avg:261.40ms
[training-job-1779878412-1e0870-trainer-0] step:2298/2420 train_time:600710ms step_avg:261.41ms
[training-job-1779878412-1e0870-trainer-0] step:2299/2420 train_time:600975ms step_avg:261.41ms
[training-job-1779878412-1e0870-trainer-0] step:2300/2420 train_time:601239ms step_avg:261.41ms
[training-job-1779878412-1e0870-trainer-0] step:2301/2420 train_time:601501ms step_avg:261.41ms
[training-job-1779878412-1e0870-trainer-0] step:2302/2420 train_time:601761ms step_avg:261.41ms
[training-job-1779878412-1e0870-trainer-0] step:2303/2420 train_time:602025ms step_avg:261.41ms
[training-job-1779878412-1e0870-trainer-0] step:2304/2420 train_time:602286ms step_avg:261.41ms
[training-job-1779878412-1e0870-trainer-0] step:2305/2420 train_time:602546ms step_avg:261.41ms
[training-job-1779878412-1e0870-trainer-0] step:2306/2420 train_time:602807ms step_avg:261.41ms
[training-job-1779878412-1e0870-trainer-0] step:2307/2420 train_time:603069ms step_avg:261.41ms
[training-job-1779878412-1e0870-trainer-0] step:2308/2420 train_time:603333ms step_avg:261.41ms
[training-job-1779878412-1e0870-trainer-0] step:2309/2420 train_time:603611ms step_avg:261.42ms
[training-job-1779878412-1e0870-trainer-0] step:2310/2420 train_time:603875ms step_avg:261.42ms
[training-job-1779878412-1e0870-trainer-0] step:2311/2420 train_time:604135ms step_avg:261.42ms
[training-job-1779878412-1e0870-trainer-0] step:2312/2420 train_time:604398ms step_avg:261.42ms
[training-job-1779878412-1e0870-trainer-0] step:2313/2420 train_time:604641ms step_avg:261.41ms
[training-job-1779878412-1e0870-trainer-0] step:2314/2420 train_time:604905ms step_avg:261.41ms
[training-job-1779878412-1e0870-trainer-0] step:2315/2420 train_time:605168ms step_avg:261.41ms
[training-job-1779878412-1e0870-trainer-0] step:2316/2420 train_time:605433ms step_avg:261.41ms
[training-job-1779878412-1e0870-trainer-0] step:2317/2420 train_time:605692ms step_avg:261.41ms
[training-job-1779878412-1e0870-trainer-0] step:2318/2420 train_time:605955ms step_avg:261.41ms
[training-job-1779878412-1e0870-trainer-0] step:2319/2420 train_time:606214ms step_avg:261.41ms
[training-job-1779878412-1e0870-trainer-0] step:2320/2420 train_time:606476ms step_avg:261.41ms
[training-job-1779878412-1e0870-trainer-0] step:2321/2420 train_time:606740ms step_avg:261.41ms
[training-job-1779878412-1e0870-trainer-0] step:2322/2420 train_time:606999ms step_avg:261.41ms
[training-job-1779878412-1e0870-trainer-0] step:2323/2420 train_time:607261ms step_avg:261.41ms
[training-job-1779878412-1e0870-trainer-0] step:2324/2420 train_time:607525ms step_avg:261.41ms
[training-job-1779878412-1e0870-trainer-0] step:2325/2420 train_time:607786ms step_avg:261.41ms
[training-job-1779878412-1e0870-trainer-0] step:2326/2420 train_time:608049ms step_avg:261.41ms
[training-job-1779878412-1e0870-trainer-0] step:2327/2420 train_time:608309ms step_avg:261.41ms
[training-job-1779878412-1e0870-trainer-0] step:2328/2420 train_time:608572ms step_avg:261.41ms
[training-job-1779878412-1e0870-trainer-0] step:2329/2420 train_time:608836ms step_avg:261.42ms
[training-job-1779878412-1e0870-trainer-0] step:2330/2420 train_time:609097ms step_avg:261.42ms
[training-job-1779878412-1e0870-trainer-0] step:2331/2420 train_time:609358ms step_avg:261.41ms
[training-job-1779878412-1e0870-trainer-0] step:2332/2420 train_time:609617ms step_avg:261.41ms
[training-job-1779878412-1e0870-trainer-0] step:2333/2420 train_time:609881ms step_avg:261.41ms
[training-job-1779878412-1e0870-trainer-0] step:2334/2420 train_time:610146ms step_avg:261.42ms
[training-job-1779878412-1e0870-trainer-0] step:2335/2420 train_time:610408ms step_avg:261.42ms
[training-job-1779878412-1e0870-trainer-0] step:2336/2420 train_time:610671ms step_avg:261.42ms
[training-job-1779878412-1e0870-trainer-0] step:2337/2420 train_time:610934ms step_avg:261.42ms
[training-job-1779878412-1e0870-trainer-0] step:2338/2420 train_time:611195ms step_avg:261.42ms
[training-job-1779878412-1e0870-trainer-0] step:2339/2420 train_time:611456ms step_avg:261.42ms
[training-job-1779878412-1e0870-trainer-0] step:2340/2420 train_time:611717ms step_avg:261.42ms
[training-job-1779878412-1e0870-trainer-0] step:2341/2420 train_time:611983ms step_avg:261.42ms
[training-job-1779878412-1e0870-trainer-0] step:2342/2420 train_time:612241ms step_avg:261.42ms
[training-job-1779878412-1e0870-trainer-0] step:2343/2420 train_time:612505ms step_avg:261.42ms
[training-job-1779878412-1e0870-trainer-0] step:2344/2420 train_time:612772ms step_avg:261.42ms
[training-job-1779878412-1e0870-trainer-0] step:2345/2420 train_time:613038ms step_avg:261.42ms
[training-job-1779878412-1e0870-trainer-0] step:2346/2420 train_time:613297ms step_avg:261.42ms
[training-job-1779878412-1e0870-trainer-0] step:2347/2420 train_time:613560ms step_avg:261.42ms
[training-job-1779878412-1e0870-trainer-0] step:2348/2420 train_time:613821ms step_avg:261.42ms
[training-job-1779878412-1e0870-trainer-0] step:2349/2420 train_time:614082ms step_avg:261.42ms
[training-job-1779878412-1e0870-trainer-0] step:2350/2420 train_time:614343ms step_avg:261.42ms
[training-job-1779878412-1e0870-trainer-0] step:2351/2420 train_time:614608ms step_avg:261.42ms
[training-job-1779878412-1e0870-trainer-0] step:2352/2420 train_time:614869ms step_avg:261.42ms
[training-job-1779878412-1e0870-trainer-0] step:2353/2420 train_time:615129ms step_avg:261.42ms
[training-job-1779878412-1e0870-trainer-0] step:2354/2420 train_time:615393ms step_avg:261.42ms
[training-job-1779878412-1e0870-trainer-0] step:2355/2420 train_time:615653ms step_avg:261.42ms
[training-job-1779878412-1e0870-trainer-0] step:2356/2420 train_time:615917ms step_avg:261.42ms
[training-job-1779878412-1e0870-trainer-0] step:2357/2420 train_time:616180ms step_avg:261.43ms
[training-job-1779878412-1e0870-trainer-0] step:2358/2420 train_time:616445ms step_avg:261.43ms
[training-job-1779878412-1e0870-trainer-0] step:2359/2420 train_time:616707ms step_avg:261.43ms
[training-job-1779878412-1e0870-trainer-0] step:2360/2420 train_time:616972ms step_avg:261.43ms
[training-job-1779878412-1e0870-trainer-0] step:2361/2420 train_time:617234ms step_avg:261.43ms
[training-job-1779878412-1e0870-trainer-0] step:2362/2420 train_time:617493ms step_avg:261.43ms
[training-job-1779878412-1e0870-trainer-0] step:2363/2420 train_time:617757ms step_avg:261.43ms
[training-job-1779878412-1e0870-trainer-0] step:2364/2420 train_time:618025ms step_avg:261.43ms
[training-job-1779878412-1e0870-trainer-0] step:2365/2420 train_time:618299ms step_avg:261.44ms
[training-job-1779878412-1e0870-trainer-0] step:2366/2420 train_time:618564ms step_avg:261.44ms
[training-job-1779878412-1e0870-trainer-0] step:2367/2420 train_time:618824ms step_avg:261.44ms
[training-job-1779878412-1e0870-trainer-0] step:2368/2420 train_time:619089ms step_avg:261.44ms
[training-job-1779878412-1e0870-trainer-0] step:2369/2420 train_time:619350ms step_avg:261.44ms
[training-job-1779878412-1e0870-trainer-0] step:2370/2420 train_time:619613ms step_avg:261.44ms
[training-job-1779878412-1e0870-trainer-0] step:2371/2420 train_time:619863ms step_avg:261.44ms
[training-job-1779878412-1e0870-trainer-0] step:2372/2420 train_time:620121ms step_avg:261.43ms
[training-job-1779878412-1e0870-trainer-0] step:2373/2420 train_time:620386ms step_avg:261.44ms
[training-job-1779878412-1e0870-trainer-0] step:2374/2420 train_time:620650ms step_avg:261.44ms
[training-job-1779878412-1e0870-trainer-0] step:2375/2420 train_time:620910ms step_avg:261.44ms
[training-job-1779878412-1e0870-trainer-0] step:2376/2420 train_time:621171ms step_avg:261.44ms
[training-job-1779878412-1e0870-trainer-0] step:2377/2420 train_time:621434ms step_avg:261.44ms
[training-job-1779878412-1e0870-trainer-0] step:2378/2420 train_time:621698ms step_avg:261.44ms
[training-job-1779878412-1e0870-trainer-0] step:2379/2420 train_time:621960ms step_avg:261.44ms
[training-job-1779878412-1e0870-trainer-0] step:2380/2420 train_time:622222ms step_avg:261.44ms
[training-job-1779878412-1e0870-trainer-0] step:2381/2420 train_time:622484ms step_avg:261.44ms
[training-job-1779878412-1e0870-trainer-0] step:2382/2420 train_time:622748ms step_avg:261.44ms
[training-job-1779878412-1e0870-trainer-0] step:2383/2420 train_time:623010ms step_avg:261.44ms
[training-job-1779878412-1e0870-trainer-0] step:2384/2420 train_time:623275ms step_avg:261.44ms
[training-job-1779878412-1e0870-trainer-0] step:2385/2420 train_time:623539ms step_avg:261.44ms
[training-job-1779878412-1e0870-trainer-0] step:2386/2420 train_time:623799ms step_avg:261.44ms
[training-job-1779878412-1e0870-trainer-0] step:2387/2420 train_time:624059ms step_avg:261.44ms
[training-job-1779878412-1e0870-trainer-0] step:2388/2420 train_time:624321ms step_avg:261.44ms
[training-job-1779878412-1e0870-trainer-0] step:2389/2420 train_time:624588ms step_avg:261.44ms
[training-job-1779878412-1e0870-trainer-0] step:2390/2420 train_time:624855ms step_avg:261.45ms
[training-job-1779878412-1e0870-trainer-0] step:2391/2420 train_time:625114ms step_avg:261.44ms
[training-job-1779878412-1e0870-trainer-0] step:2392/2420 train_time:625388ms step_avg:261.45ms
[training-job-1779878412-1e0870-trainer-0] step:2393/2420 train_time:625650ms step_avg:261.45ms
[training-job-1779878412-1e0870-trainer-0] step:2394/2420 train_time:625914ms step_avg:261.45ms
[training-job-1779878412-1e0870-trainer-0] step:2395/2420 train_time:626167ms step_avg:261.45ms
[training-job-1779878412-1e0870-trainer-0] step:2396/2420 train_time:626429ms step_avg:261.45ms
[training-job-1779878412-1e0870-trainer-0] step:2397/2420 train_time:626689ms step_avg:261.45ms
[training-job-1779878412-1e0870-trainer-0] step:2398/2420 train_time:626951ms step_avg:261.45ms
[training-job-1779878412-1e0870-trainer-0] step:2399/2420 train_time:627215ms step_avg:261.45ms
[training-job-1779878412-1e0870-trainer-0] step:2400/2420 train_time:627477ms step_avg:261.45ms
[training-job-1779878412-1e0870-trainer-0] step:2401/2420 train_time:627738ms step_avg:261.45ms
[training-job-1779878412-1e0870-trainer-0] step:2402/2420 train_time:628005ms step_avg:261.45ms
[training-job-1779878412-1e0870-trainer-0] step:2403/2420 train_time:628266ms step_avg:261.45ms
[training-job-1779878412-1e0870-trainer-0] step:2404/2420 train_time:628526ms step_avg:261.45ms
[training-job-1779878412-1e0870-trainer-0] step:2405/2420 train_time:628787ms step_avg:261.45ms
[training-job-1779878412-1e0870-trainer-0] step:2406/2420 train_time:629049ms step_avg:261.45ms
[training-job-1779878412-1e0870-trainer-0] step:2407/2420 train_time:629310ms step_avg:261.45ms
[training-job-1779878412-1e0870-trainer-0] step:2408/2420 train_time:629573ms step_avg:261.45ms
[training-job-1779878412-1e0870-trainer-0] step:2409/2420 train_time:629834ms step_avg:261.45ms
[training-job-1779878412-1e0870-trainer-0] step:2410/2420 train_time:630100ms step_avg:261.45ms
[training-job-1779878412-1e0870-trainer-0] step:2411/2420 train_time:630361ms step_avg:261.45ms
[training-job-1779878412-1e0870-trainer-0] step:2412/2420 train_time:630628ms step_avg:261.45ms
[training-job-1779878412-1e0870-trainer-0] step:2413/2420 train_time:630889ms step_avg:261.45ms
[training-job-1779878412-1e0870-trainer-0] step:2414/2420 train_time:631154ms step_avg:261.46ms
[training-job-1779878412-1e0870-trainer-0] step:2415/2420 train_time:631423ms step_avg:261.46ms
[training-job-1779878412-1e0870-trainer-0] step:2416/2420 train_time:631678ms step_avg:261.46ms
[training-job-1779878412-1e0870-trainer-0] step:2417/2420 train_time:631946ms step_avg:261.46ms
[training-job-1779878412-1e0870-trainer-0] step:2418/2420 train_time:632206ms step_avg:261.46ms
[training-job-1779878412-1e0870-trainer-0] step:2419/2420 train_time:632467ms step_avg:261.46ms
[training-job-1779878412-1e0870-trainer-0] step:2420/2420 train_time:632729ms step_avg:261.46ms
[training-job-1779878412-1e0870-trainer-0] step:2420/2420 val_loss:3.2742 train_time:632917ms step_avg:261.54ms
[training-job-1779878412-1e0870-trainer-0] peak memory allocated: 19804 MiB reserved: 21734 MiB
[training-job-1779878412-1e0870-trainer-0] total training time: 632.92s (632917ms)
[training-job-1779878412-1e0870-trainer-0] === Done. Exit code: 0 ===
