[training-job-1779875840-4c18c2-trainer-0] step:2126/2420 train_time:554702ms step_avg:260.91ms
[training-job-1779875840-4c18c2-trainer-0] step:2127/2420 train_time:554966ms step_avg:260.91ms
[training-job-1779875840-4c18c2-trainer-0] step:2128/2420 train_time:555228ms step_avg:260.92ms
[training-job-1779875840-4c18c2-trainer-0] step:2129/2420 train_time:555487ms step_avg:260.91ms
[training-job-1779875840-4c18c2-trainer-0] step:2130/2420 train_time:555750ms step_avg:260.92ms
[training-job-1779875840-4c18c2-trainer-0] step:2131/2420 train_time:556011ms step_avg:260.92ms
[training-job-1779875840-4c18c2-trainer-0] step:2132/2420 train_time:556273ms step_avg:260.92ms
[training-job-1779875840-4c18c2-trainer-0] step:2133/2420 train_time:556534ms step_avg:260.92ms
[training-job-1779875840-4c18c2-trainer-0] step:2134/2420 train_time:556802ms step_avg:260.92ms
[training-job-1779875840-4c18c2-trainer-0] step:2135/2420 train_time:557059ms step_avg:260.92ms
[training-job-1779875840-4c18c2-trainer-0] step:2136/2420 train_time:557321ms step_avg:260.92ms
[training-job-1779875840-4c18c2-trainer-0] step:2137/2420 train_time:557579ms step_avg:260.92ms
[training-job-1779875840-4c18c2-trainer-0] step:2138/2420 train_time:557843ms step_avg:260.92ms
[training-job-1779875840-4c18c2-trainer-0] step:2139/2420 train_time:558106ms step_avg:260.92ms
[training-job-1779875840-4c18c2-trainer-0] step:2140/2420 train_time:558366ms step_avg:260.92ms
[training-job-1779875840-4c18c2-trainer-0] step:2141/2420 train_time:558626ms step_avg:260.92ms
[training-job-1779875840-4c18c2-trainer-0] step:2142/2420 train_time:558887ms step_avg:260.92ms
[training-job-1779875840-4c18c2-trainer-0] step:2143/2420 train_time:559149ms step_avg:260.92ms
[training-job-1779875840-4c18c2-trainer-0] step:2144/2420 train_time:559411ms step_avg:260.92ms
[training-job-1779875840-4c18c2-trainer-0] step:2145/2420 train_time:559675ms step_avg:260.92ms
[training-job-1779875840-4c18c2-trainer-0] step:2146/2420 train_time:559940ms step_avg:260.92ms
[training-job-1779875840-4c18c2-trainer-0] step:2147/2420 train_time:560203ms step_avg:260.92ms
[training-job-1779875840-4c18c2-trainer-0] step:2148/2420 train_time:560465ms step_avg:260.92ms
[training-job-1779875840-4c18c2-trainer-0] step:2149/2420 train_time:560727ms step_avg:260.92ms
[training-job-1779875840-4c18c2-trainer-0] step:2150/2420 train_time:560989ms step_avg:260.93ms
[training-job-1779875840-4c18c2-trainer-0] step:2151/2420 train_time:561254ms step_avg:260.93ms
[training-job-1779875840-4c18c2-trainer-0] step:2152/2420 train_time:561516ms step_avg:260.93ms
[training-job-1779875840-4c18c2-trainer-0] step:2153/2420 train_time:561777ms step_avg:260.93ms
[training-job-1779875840-4c18c2-trainer-0] step:2154/2420 train_time:562040ms step_avg:260.93ms
[training-job-1779875840-4c18c2-trainer-0] step:2155/2420 train_time:562302ms step_avg:260.93ms
[training-job-1779875840-4c18c2-trainer-0] step:2156/2420 train_time:562564ms step_avg:260.93ms
[training-job-1779875840-4c18c2-trainer-0] step:2157/2420 train_time:562827ms step_avg:260.93ms
[training-job-1779875840-4c18c2-trainer-0] step:2158/2420 train_time:563094ms step_avg:260.93ms
[training-job-1779875840-4c18c2-trainer-0] step:2159/2420 train_time:563355ms step_avg:260.93ms
[training-job-1779875840-4c18c2-trainer-0] step:2160/2420 train_time:563616ms step_avg:260.93ms
[training-job-1779875840-4c18c2-trainer-0] step:2161/2420 train_time:563881ms step_avg:260.93ms
[training-job-1779875840-4c18c2-trainer-0] step:2162/2420 train_time:564145ms step_avg:260.94ms
[training-job-1779875840-4c18c2-trainer-0] step:2163/2420 train_time:564406ms step_avg:260.94ms
[training-job-1779875840-4c18c2-trainer-0] step:2164/2420 train_time:564666ms step_avg:260.94ms
[training-job-1779875840-4c18c2-trainer-0] step:2165/2420 train_time:564930ms step_avg:260.94ms
[training-job-1779875840-4c18c2-trainer-0] step:2166/2420 train_time:565193ms step_avg:260.94ms
[training-job-1779875840-4c18c2-trainer-0] step:2167/2420 train_time:565452ms step_avg:260.94ms
[training-job-1779875840-4c18c2-trainer-0] step:2168/2420 train_time:565717ms step_avg:260.94ms
[training-job-1779875840-4c18c2-trainer-0] step:2169/2420 train_time:565989ms step_avg:260.94ms
[training-job-1779875840-4c18c2-trainer-0] step:2170/2420 train_time:566250ms step_avg:260.94ms
[training-job-1779875840-4c18c2-trainer-0] step:2171/2420 train_time:566511ms step_avg:260.94ms
[training-job-1779875840-4c18c2-trainer-0] step:2172/2420 train_time:566777ms step_avg:260.95ms
[training-job-1779875840-4c18c2-trainer-0] step:2173/2420 train_time:567033ms step_avg:260.94ms
[training-job-1779875840-4c18c2-trainer-0] step:2174/2420 train_time:567293ms step_avg:260.94ms
[training-job-1779875840-4c18c2-trainer-0] step:2175/2420 train_time:567554ms step_avg:260.94ms
[training-job-1779875840-4c18c2-trainer-0] step:2176/2420 train_time:567820ms step_avg:260.95ms
[training-job-1779875840-4c18c2-trainer-0] step:2177/2420 train_time:568080ms step_avg:260.95ms
[training-job-1779875840-4c18c2-trainer-0] step:2178/2420 train_time:568343ms step_avg:260.95ms
[training-job-1779875840-4c18c2-trainer-0] step:2179/2420 train_time:568607ms step_avg:260.95ms
[training-job-1779875840-4c18c2-trainer-0] step:2180/2420 train_time:568871ms step_avg:260.95ms
[training-job-1779875840-4c18c2-trainer-0] step:2181/2420 train_time:569136ms step_avg:260.95ms
[training-job-1779875840-4c18c2-trainer-0] step:2182/2420 train_time:569394ms step_avg:260.95ms
[training-job-1779875840-4c18c2-trainer-0] step:2183/2420 train_time:569656ms step_avg:260.95ms
[training-job-1779875840-4c18c2-trainer-0] step:2184/2420 train_time:569924ms step_avg:260.95ms
[training-job-1779875840-4c18c2-trainer-0] step:2185/2420 train_time:570188ms step_avg:260.96ms
[training-job-1779875840-4c18c2-trainer-0] step:2186/2420 train_time:570462ms step_avg:260.96ms
[training-job-1779875840-4c18c2-trainer-0] step:2187/2420 train_time:570724ms step_avg:260.96ms
[training-job-1779875840-4c18c2-trainer-0] step:2188/2420 train_time:570981ms step_avg:260.96ms
[training-job-1779875840-4c18c2-trainer-0] step:2189/2420 train_time:571232ms step_avg:260.96ms
[training-job-1779875840-4c18c2-trainer-0] step:2190/2420 train_time:571495ms step_avg:260.96ms
[training-job-1779875840-4c18c2-trainer-0] step:2191/2420 train_time:571760ms step_avg:260.96ms
[training-job-1779875840-4c18c2-trainer-0] step:2192/2420 train_time:572023ms step_avg:260.96ms
[training-job-1779875840-4c18c2-trainer-0] step:2193/2420 train_time:572288ms step_avg:260.96ms
[training-job-1779875840-4c18c2-trainer-0] step:2194/2420 train_time:572550ms step_avg:260.96ms
[training-job-1779875840-4c18c2-trainer-0] step:2195/2420 train_time:572810ms step_avg:260.96ms
[training-job-1779875840-4c18c2-trainer-0] step:2196/2420 train_time:573074ms step_avg:260.96ms
[training-job-1779875840-4c18c2-trainer-0] step:2197/2420 train_time:573335ms step_avg:260.96ms
[training-job-1779875840-4c18c2-trainer-0] step:2198/2420 train_time:573600ms step_avg:260.96ms
[training-job-1779875840-4c18c2-trainer-0] step:2199/2420 train_time:573861ms step_avg:260.96ms
[training-job-1779875840-4c18c2-trainer-0] step:2200/2420 train_time:574123ms step_avg:260.97ms
[training-job-1779875840-4c18c2-trainer-0] step:2201/2420 train_time:574385ms step_avg:260.97ms
[training-job-1779875840-4c18c2-trainer-0] step:2202/2420 train_time:574647ms step_avg:260.97ms
[training-job-1779875840-4c18c2-trainer-0] step:2203/2420 train_time:574905ms step_avg:260.96ms
[training-job-1779875840-4c18c2-trainer-0] step:2204/2420 train_time:575167ms step_avg:260.97ms
[training-job-1779875840-4c18c2-trainer-0] step:2205/2420 train_time:575427ms step_avg:260.96ms
[training-job-1779875840-4c18c2-trainer-0] step:2206/2420 train_time:575690ms step_avg:260.97ms
[training-job-1779875840-4c18c2-trainer-0] step:2207/2420 train_time:575954ms step_avg:260.97ms
[training-job-1779875840-4c18c2-trainer-0] step:2208/2420 train_time:576213ms step_avg:260.97ms
[training-job-1779875840-4c18c2-trainer-0] step:2209/2420 train_time:576473ms step_avg:260.97ms
[training-job-1779875840-4c18c2-trainer-0] step:2210/2420 train_time:576737ms step_avg:260.97ms
[training-job-1779875840-4c18c2-trainer-0] step:2211/2420 train_time:577005ms step_avg:260.97ms
[training-job-1779875840-4c18c2-trainer-0] step:2212/2420 train_time:577265ms step_avg:260.97ms
[training-job-1779875840-4c18c2-trainer-0] step:2213/2420 train_time:577526ms step_avg:260.97ms
[training-job-1779875840-4c18c2-trainer-0] step:2214/2420 train_time:577785ms step_avg:260.97ms
[training-job-1779875840-4c18c2-trainer-0] step:2215/2420 train_time:578048ms step_avg:260.97ms
[training-job-1779875840-4c18c2-trainer-0] step:2216/2420 train_time:578311ms step_avg:260.97ms
[training-job-1779875840-4c18c2-trainer-0] step:2217/2420 train_time:578573ms step_avg:260.97ms
[training-job-1779875840-4c18c2-trainer-0] step:2218/2420 train_time:578836ms step_avg:260.97ms
[training-job-1779875840-4c18c2-trainer-0] step:2219/2420 train_time:579098ms step_avg:260.97ms
[training-job-1779875840-4c18c2-trainer-0] step:2220/2420 train_time:579364ms step_avg:260.97ms
[training-job-1779875840-4c18c2-trainer-0] step:2221/2420 train_time:579640ms step_avg:260.98ms
[training-job-1779875840-4c18c2-trainer-0] step:2222/2420 train_time:579908ms step_avg:260.98ms
[training-job-1779875840-4c18c2-trainer-0] step:2223/2420 train_time:580168ms step_avg:260.98ms
[training-job-1779875840-4c18c2-trainer-0] step:2224/2420 train_time:580433ms step_avg:260.99ms
[training-job-1779875840-4c18c2-trainer-0] step:2225/2420 train_time:580681ms step_avg:260.98ms
[training-job-1779875840-4c18c2-trainer-0] step:2226/2420 train_time:580948ms step_avg:260.98ms
[training-job-1779875840-4c18c2-trainer-0] step:2227/2420 train_time:581227ms step_avg:260.99ms
[training-job-1779875840-4c18c2-trainer-0] step:2228/2420 train_time:581491ms step_avg:260.99ms
[training-job-1779875840-4c18c2-trainer-0] step:2229/2420 train_time:581737ms step_avg:260.99ms
[training-job-1779875840-4c18c2-trainer-0] step:2230/2420 train_time:581994ms step_avg:260.98ms
[training-job-1779875840-4c18c2-trainer-0] step:2231/2420 train_time:582260ms step_avg:260.99ms
[training-job-1779875840-4c18c2-trainer-0] step:2232/2420 train_time:582522ms step_avg:260.99ms
[training-job-1779875840-4c18c2-trainer-0] step:2233/2420 train_time:582785ms step_avg:260.99ms
[training-job-1779875840-4c18c2-trainer-0] step:2234/2420 train_time:583046ms step_avg:260.99ms
[training-job-1779875840-4c18c2-trainer-0] step:2235/2420 train_time:583307ms step_avg:260.99ms
[training-job-1779875840-4c18c2-trainer-0] step:2236/2420 train_time:583568ms step_avg:260.99ms
[training-job-1779875840-4c18c2-trainer-0] step:2237/2420 train_time:583830ms step_avg:260.99ms
[training-job-1779875840-4c18c2-trainer-0] step:2238/2420 train_time:584094ms step_avg:260.99ms
[training-job-1779875840-4c18c2-trainer-0] step:2239/2420 train_time:584358ms step_avg:260.99ms
[training-job-1779875840-4c18c2-trainer-0] step:2240/2420 train_time:584619ms step_avg:260.99ms
[training-job-1779875840-4c18c2-trainer-0] step:2241/2420 train_time:584881ms step_avg:260.99ms
[training-job-1779875840-4c18c2-trainer-0] step:2242/2420 train_time:585146ms step_avg:260.99ms
[training-job-1779875840-4c18c2-trainer-0] step:2243/2420 train_time:585408ms step_avg:260.99ms
[training-job-1779875840-4c18c2-trainer-0] step:2244/2420 train_time:585670ms step_avg:260.99ms
[training-job-1779875840-4c18c2-trainer-0] step:2245/2420 train_time:585933ms step_avg:260.99ms
[training-job-1779875840-4c18c2-trainer-0] step:2246/2420 train_time:586195ms step_avg:260.99ms
[training-job-1779875840-4c18c2-trainer-0] step:2247/2420 train_time:586453ms step_avg:260.99ms
[training-job-1779875840-4c18c2-trainer-0] step:2248/2420 train_time:586718ms step_avg:261.00ms
[training-job-1779875840-4c18c2-trainer-0] step:2249/2420 train_time:586981ms step_avg:261.00ms
[training-job-1779875840-4c18c2-trainer-0] step:2250/2420 train_time:587249ms step_avg:261.00ms
[training-job-1779875840-4c18c2-trainer-0] step:2250/2420 val_loss:3.2998 train_time:587430ms step_avg:261.08ms
[training-job-1779875840-4c18c2-trainer-0] step:2251/2420 train_time:587622ms step_avg:261.05ms
[training-job-1779875840-4c18c2-trainer-0] step:2252/2420 train_time:587860ms step_avg:261.04ms
[training-job-1779875840-4c18c2-trainer-0] step:2253/2420 train_time:588121ms step_avg:261.04ms
[training-job-1779875840-4c18c2-trainer-0] step:2254/2420 train_time:588383ms step_avg:261.04ms
[training-job-1779875840-4c18c2-trainer-0] step:2255/2420 train_time:588642ms step_avg:261.04ms
[training-job-1779875840-4c18c2-trainer-0] step:2256/2420 train_time:588904ms step_avg:261.04ms
[training-job-1779875840-4c18c2-trainer-0] step:2257/2420 train_time:589165ms step_avg:261.04ms
[training-job-1779875840-4c18c2-trainer-0] step:2258/2420 train_time:589427ms step_avg:261.04ms
[training-job-1779875840-4c18c2-trainer-0] step:2259/2420 train_time:589690ms step_avg:261.04ms
[training-job-1779875840-4c18c2-trainer-0] step:2260/2420 train_time:589952ms step_avg:261.04ms
[training-job-1779875840-4c18c2-trainer-0] step:2261/2420 train_time:590213ms step_avg:261.04ms
[training-job-1779875840-4c18c2-trainer-0] step:2262/2420 train_time:590476ms step_avg:261.04ms
[training-job-1779875840-4c18c2-trainer-0] step:2263/2420 train_time:590735ms step_avg:261.04ms
[training-job-1779875840-4c18c2-trainer-0] step:2264/2420 train_time:591001ms step_avg:261.04ms
[training-job-1779875840-4c18c2-trainer-0] step:2265/2420 train_time:591266ms step_avg:261.04ms
[training-job-1779875840-4c18c2-trainer-0] step:2266/2420 train_time:591527ms step_avg:261.04ms
[training-job-1779875840-4c18c2-trainer-0] step:2267/2420 train_time:591794ms step_avg:261.05ms
[training-job-1779875840-4c18c2-trainer-0] step:2268/2420 train_time:592060ms step_avg:261.05ms
[training-job-1779875840-4c18c2-trainer-0] step:2269/2420 train_time:592319ms step_avg:261.05ms
[training-job-1779875840-4c18c2-trainer-0] step:2270/2420 train_time:592582ms step_avg:261.05ms
[training-job-1779875840-4c18c2-trainer-0] step:2271/2420 train_time:592846ms step_avg:261.05ms
[training-job-1779875840-4c18c2-trainer-0] step:2272/2420 train_time:593111ms step_avg:261.05ms
[training-job-1779875840-4c18c2-trainer-0] step:2273/2420 train_time:593371ms step_avg:261.05ms
[training-job-1779875840-4c18c2-trainer-0] step:2274/2420 train_time:593639ms step_avg:261.06ms
[training-job-1779875840-4c18c2-trainer-0] step:2275/2420 train_time:593904ms step_avg:261.06ms
[training-job-1779875840-4c18c2-trainer-0] step:2276/2420 train_time:594167ms step_avg:261.06ms
[training-job-1779875840-4c18c2-trainer-0] step:2277/2420 train_time:594428ms step_avg:261.06ms
[training-job-1779875840-4c18c2-trainer-0] step:2278/2420 train_time:594696ms step_avg:261.06ms
[training-job-1779875840-4c18c2-trainer-0] step:2279/2420 train_time:594959ms step_avg:261.06ms
[training-job-1779875840-4c18c2-trainer-0] step:2280/2420 train_time:595225ms step_avg:261.06ms
[training-job-1779875840-4c18c2-trainer-0] step:2281/2420 train_time:595481ms step_avg:261.06ms
[training-job-1779875840-4c18c2-trainer-0] step:2282/2420 train_time:595744ms step_avg:261.06ms
[training-job-1779875840-4c18c2-trainer-0] step:2283/2420 train_time:596006ms step_avg:261.06ms
[training-job-1779875840-4c18c2-trainer-0] step:2284/2420 train_time:596274ms step_avg:261.07ms
[training-job-1779875840-4c18c2-trainer-0] step:2285/2420 train_time:596533ms step_avg:261.06ms
[training-job-1779875840-4c18c2-trainer-0] step:2286/2420 train_time:596797ms step_avg:261.07ms
[training-job-1779875840-4c18c2-trainer-0] step:2287/2420 train_time:597059ms step_avg:261.07ms
[training-job-1779875840-4c18c2-trainer-0] step:2288/2420 train_time:597324ms step_avg:261.07ms
[training-job-1779875840-4c18c2-trainer-0] step:2289/2420 train_time:597584ms step_avg:261.07ms
[training-job-1779875840-4c18c2-trainer-0] step:2290/2420 train_time:597846ms step_avg:261.07ms
[training-job-1779875840-4c18c2-trainer-0] step:2291/2420 train_time:598110ms step_avg:261.07ms
[training-job-1779875840-4c18c2-trainer-0] step:2292/2420 train_time:598372ms step_avg:261.07ms
[training-job-1779875840-4c18c2-trainer-0] step:2293/2420 train_time:598636ms step_avg:261.07ms
[training-job-1779875840-4c18c2-trainer-0] step:2294/2420 train_time:598899ms step_avg:261.07ms
[training-job-1779875840-4c18c2-trainer-0] step:2295/2420 train_time:599161ms step_avg:261.07ms
[training-job-1779875840-4c18c2-trainer-0] step:2296/2420 train_time:599421ms step_avg:261.07ms
[training-job-1779875840-4c18c2-trainer-0] step:2297/2420 train_time:599683ms step_avg:261.07ms
[training-job-1779875840-4c18c2-trainer-0] step:2298/2420 train_time:599947ms step_avg:261.07ms
[training-job-1779875840-4c18c2-trainer-0] step:2299/2420 train_time:600208ms step_avg:261.07ms
[training-job-1779875840-4c18c2-trainer-0] step:2300/2420 train_time:600470ms step_avg:261.07ms
[training-job-1779875840-4c18c2-trainer-0] step:2301/2420 train_time:600734ms step_avg:261.08ms
[training-job-1779875840-4c18c2-trainer-0] step:2302/2420 train_time:601001ms step_avg:261.08ms
[training-job-1779875840-4c18c2-trainer-0] step:2303/2420 train_time:601257ms step_avg:261.08ms
[training-job-1779875840-4c18c2-trainer-0] step:2304/2420 train_time:601526ms step_avg:261.08ms
[training-job-1779875840-4c18c2-trainer-0] step:2305/2420 train_time:601788ms step_avg:261.08ms
[training-job-1779875840-4c18c2-trainer-0] step:2306/2420 train_time:602055ms step_avg:261.08ms
[training-job-1779875840-4c18c2-trainer-0] step:2307/2420 train_time:602321ms step_avg:261.08ms
[training-job-1779875840-4c18c2-trainer-0] step:2308/2420 train_time:602585ms step_avg:261.09ms
[training-job-1779875840-4c18c2-trainer-0] step:2309/2420 train_time:602848ms step_avg:261.09ms
[training-job-1779875840-4c18c2-trainer-0] step:2310/2420 train_time:603129ms step_avg:261.09ms
[training-job-1779875840-4c18c2-trainer-0] step:2311/2420 train_time:603387ms step_avg:261.09ms
[training-job-1779875840-4c18c2-trainer-0] step:2312/2420 train_time:603651ms step_avg:261.09ms
[training-job-1779875840-4c18c2-trainer-0] step:2313/2420 train_time:603909ms step_avg:261.09ms
[training-job-1779875840-4c18c2-trainer-0] step:2314/2420 train_time:604176ms step_avg:261.10ms
[training-job-1779875840-4c18c2-trainer-0] step:2315/2420 train_time:604436ms step_avg:261.10ms
[training-job-1779875840-4c18c2-trainer-0] step:2316/2420 train_time:604684ms step_avg:261.09ms
[training-job-1779875840-4c18c2-trainer-0] step:2317/2420 train_time:604950ms step_avg:261.09ms
[training-job-1779875840-4c18c2-trainer-0] step:2318/2420 train_time:605212ms step_avg:261.09ms
[training-job-1779875840-4c18c2-trainer-0] step:2319/2420 train_time:605473ms step_avg:261.09ms
[training-job-1779875840-4c18c2-trainer-0] step:2320/2420 train_time:605739ms step_avg:261.09ms
[training-job-1779875840-4c18c2-trainer-0] step:2321/2420 train_time:605996ms step_avg:261.09ms
[training-job-1779875840-4c18c2-trainer-0] step:2322/2420 train_time:606257ms step_avg:261.09ms
[training-job-1779875840-4c18c2-trainer-0] step:2323/2420 train_time:606520ms step_avg:261.09ms
[training-job-1779875840-4c18c2-trainer-0] step:2324/2420 train_time:606801ms step_avg:261.10ms
[training-job-1779875840-4c18c2-trainer-0] step:2325/2420 train_time:607059ms step_avg:261.10ms
[training-job-1779875840-4c18c2-trainer-0] step:2326/2420 train_time:607310ms step_avg:261.10ms
[training-job-1779875840-4c18c2-trainer-0] step:2327/2420 train_time:607571ms step_avg:261.10ms
[training-job-1779875840-4c18c2-trainer-0] step:2328/2420 train_time:607841ms step_avg:261.10ms
[training-job-1779875840-4c18c2-trainer-0] step:2329/2420 train_time:608119ms step_avg:261.11ms
[training-job-1779875840-4c18c2-trainer-0] step:2330/2420 train_time:608364ms step_avg:261.10ms
[training-job-1779875840-4c18c2-trainer-0] step:2331/2420 train_time:608626ms step_avg:261.10ms
[training-job-1779875840-4c18c2-trainer-0] step:2332/2420 train_time:608900ms step_avg:261.11ms
[training-job-1779875840-4c18c2-trainer-0] step:2333/2420 train_time:609160ms step_avg:261.11ms
[training-job-1779875840-4c18c2-trainer-0] step:2334/2420 train_time:609426ms step_avg:261.11ms
[training-job-1779875840-4c18c2-trainer-0] step:2335/2420 train_time:609685ms step_avg:261.11ms
[training-job-1779875840-4c18c2-trainer-0] step:2336/2420 train_time:609947ms step_avg:261.11ms
[training-job-1779875840-4c18c2-trainer-0] step:2337/2420 train_time:610210ms step_avg:261.11ms
[training-job-1779875840-4c18c2-trainer-0] step:2338/2420 train_time:610469ms step_avg:261.11ms
[training-job-1779875840-4c18c2-trainer-0] step:2339/2420 train_time:610731ms step_avg:261.11ms
[training-job-1779875840-4c18c2-trainer-0] step:2340/2420 train_time:610994ms step_avg:261.11ms
[training-job-1779875840-4c18c2-trainer-0] step:2341/2420 train_time:611256ms step_avg:261.11ms
[training-job-1779875840-4c18c2-trainer-0] step:2342/2420 train_time:611519ms step_avg:261.11ms
[training-job-1779875840-4c18c2-trainer-0] step:2343/2420 train_time:611782ms step_avg:261.11ms
[training-job-1779875840-4c18c2-trainer-0] step:2344/2420 train_time:612050ms step_avg:261.11ms
[training-job-1779875840-4c18c2-trainer-0] step:2345/2420 train_time:612315ms step_avg:261.12ms
[training-job-1779875840-4c18c2-trainer-0] step:2346/2420 train_time:612584ms step_avg:261.12ms
[training-job-1779875840-4c18c2-trainer-0] step:2347/2420 train_time:612842ms step_avg:261.12ms
[training-job-1779875840-4c18c2-trainer-0] step:2348/2420 train_time:613105ms step_avg:261.12ms
[training-job-1779875840-4c18c2-trainer-0] step:2349/2420 train_time:613366ms step_avg:261.12ms
[training-job-1779875840-4c18c2-trainer-0] step:2350/2420 train_time:613630ms step_avg:261.12ms
[training-job-1779875840-4c18c2-trainer-0] step:2351/2420 train_time:613898ms step_avg:261.12ms
[training-job-1779875840-4c18c2-trainer-0] step:2352/2420 train_time:614165ms step_avg:261.12ms
[training-job-1779875840-4c18c2-trainer-0] step:2353/2420 train_time:614406ms step_avg:261.12ms
[training-job-1779875840-4c18c2-trainer-0] step:2354/2420 train_time:614672ms step_avg:261.12ms
[training-job-1779875840-4c18c2-trainer-0] step:2355/2420 train_time:614928ms step_avg:261.12ms
[training-job-1779875840-4c18c2-trainer-0] step:2356/2420 train_time:615197ms step_avg:261.12ms
[training-job-1779875840-4c18c2-trainer-0] step:2357/2420 train_time:615460ms step_avg:261.12ms
[training-job-1779875840-4c18c2-trainer-0] step:2358/2420 train_time:615732ms step_avg:261.12ms
[training-job-1779875840-4c18c2-trainer-0] step:2359/2420 train_time:615995ms step_avg:261.13ms
[training-job-1779875840-4c18c2-trainer-0] step:2360/2420 train_time:616257ms step_avg:261.13ms
[training-job-1779875840-4c18c2-trainer-0] step:2361/2420 train_time:616521ms step_avg:261.13ms
[training-job-1779875840-4c18c2-trainer-0] step:2362/2420 train_time:616773ms step_avg:261.12ms
[training-job-1779875840-4c18c2-trainer-0] step:2363/2420 train_time:617035ms step_avg:261.12ms
[training-job-1779875840-4c18c2-trainer-0] step:2364/2420 train_time:617301ms step_avg:261.13ms
[training-job-1779875840-4c18c2-trainer-0] step:2365/2420 train_time:617576ms step_avg:261.13ms
[training-job-1779875840-4c18c2-trainer-0] step:2366/2420 train_time:617832ms step_avg:261.13ms
[training-job-1779875840-4c18c2-trainer-0] step:2367/2420 train_time:618089ms step_avg:261.13ms
[training-job-1779875840-4c18c2-trainer-0] step:2368/2420 train_time:618350ms step_avg:261.13ms
[training-job-1779875840-4c18c2-trainer-0] step:2369/2420 train_time:618614ms step_avg:261.13ms
[training-job-1779875840-4c18c2-trainer-0] step:2370/2420 train_time:618876ms step_avg:261.13ms
[training-job-1779875840-4c18c2-trainer-0] step:2371/2420 train_time:619140ms step_avg:261.13ms
[training-job-1779875840-4c18c2-trainer-0] step:2372/2420 train_time:619399ms step_avg:261.13ms
[training-job-1779875840-4c18c2-trainer-0] step:2373/2420 train_time:619664ms step_avg:261.13ms
[training-job-1779875840-4c18c2-trainer-0] step:2374/2420 train_time:619927ms step_avg:261.13ms
[training-job-1779875840-4c18c2-trainer-0] step:2375/2420 train_time:620188ms step_avg:261.13ms
[training-job-1779875840-4c18c2-trainer-0] step:2376/2420 train_time:620452ms step_avg:261.13ms
[training-job-1779875840-4c18c2-trainer-0] step:2377/2420 train_time:620718ms step_avg:261.14ms
[training-job-1779875840-4c18c2-trainer-0] step:2378/2420 train_time:620983ms step_avg:261.14ms
[training-job-1779875840-4c18c2-trainer-0] step:2379/2420 train_time:621241ms step_avg:261.14ms
[training-job-1779875840-4c18c2-trainer-0] step:2380/2420 train_time:621509ms step_avg:261.14ms
[training-job-1779875840-4c18c2-trainer-0] step:2381/2420 train_time:621769ms step_avg:261.14ms
[training-job-1779875840-4c18c2-trainer-0] step:2382/2420 train_time:622033ms step_avg:261.14ms
[training-job-1779875840-4c18c2-trainer-0] step:2383/2420 train_time:622296ms step_avg:261.14ms
[training-job-1779875840-4c18c2-trainer-0] step:2384/2420 train_time:622571ms step_avg:261.15ms
[training-job-1779875840-4c18c2-trainer-0] step:2385/2420 train_time:622824ms step_avg:261.14ms
[training-job-1779875840-4c18c2-trainer-0] step:2386/2420 train_time:623089ms step_avg:261.14ms
[training-job-1779875840-4c18c2-trainer-0] step:2387/2420 train_time:623344ms step_avg:261.14ms
[training-job-1779875840-4c18c2-trainer-0] step:2388/2420 train_time:623608ms step_avg:261.14ms
[training-job-1779875840-4c18c2-trainer-0] step:2389/2420 train_time:623871ms step_avg:261.14ms
[training-job-1779875840-4c18c2-trainer-0] step:2390/2420 train_time:624143ms step_avg:261.15ms
[training-job-1779875840-4c18c2-trainer-0] step:2391/2420 train_time:624405ms step_avg:261.15ms
[training-job-1779875840-4c18c2-trainer-0] step:2392/2420 train_time:624674ms step_avg:261.15ms
[training-job-1779875840-4c18c2-trainer-0] step:2393/2420 train_time:624933ms step_avg:261.15ms
[training-job-1779875840-4c18c2-trainer-0] step:2394/2420 train_time:625201ms step_avg:261.15ms
[training-job-1779875840-4c18c2-trainer-0] step:2395/2420 train_time:625465ms step_avg:261.15ms
[training-job-1779875840-4c18c2-trainer-0] step:2396/2420 train_time:625728ms step_avg:261.16ms
[training-job-1779875840-4c18c2-trainer-0] step:2397/2420 train_time:625990ms step_avg:261.16ms
[training-job-1779875840-4c18c2-trainer-0] step:2398/2420 train_time:626251ms step_avg:261.16ms
[training-job-1779875840-4c18c2-trainer-0] step:2399/2420 train_time:626515ms step_avg:261.16ms
[training-job-1779875840-4c18c2-trainer-0] step:2400/2420 train_time:626776ms step_avg:261.16ms
[training-job-1779875840-4c18c2-trainer-0] step:2401/2420 train_time:627038ms step_avg:261.16ms
[training-job-1779875840-4c18c2-trainer-0] step:2402/2420 train_time:627304ms step_avg:261.16ms
[training-job-1779875840-4c18c2-trainer-0] step:2403/2420 train_time:627569ms step_avg:261.16ms
[training-job-1779875840-4c18c2-trainer-0] step:2404/2420 train_time:627831ms step_avg:261.16ms
[training-job-1779875840-4c18c2-trainer-0] step:2405/2420 train_time:628091ms step_avg:261.16ms
[training-job-1779875840-4c18c2-trainer-0] step:2406/2420 train_time:628351ms step_avg:261.16ms
[training-job-1779875840-4c18c2-trainer-0] step:2407/2420 train_time:628614ms step_avg:261.16ms
[training-job-1779875840-4c18c2-trainer-0] step:2408/2420 train_time:628877ms step_avg:261.16ms
[training-job-1779875840-4c18c2-trainer-0] step:2409/2420 train_time:629138ms step_avg:261.16ms
[training-job-1779875840-4c18c2-trainer-0] step:2410/2420 train_time:629402ms step_avg:261.16ms
[training-job-1779875840-4c18c2-trainer-0] step:2411/2420 train_time:629663ms step_avg:261.16ms
[training-job-1779875840-4c18c2-trainer-0] step:2412/2420 train_time:629925ms step_avg:261.16ms
[training-job-1779875840-4c18c2-trainer-0] step:2413/2420 train_time:630187ms step_avg:261.16ms
[training-job-1779875840-4c18c2-trainer-0] step:2414/2420 train_time:630449ms step_avg:261.16ms
[training-job-1779875840-4c18c2-trainer-0] step:2415/2420 train_time:630716ms step_avg:261.17ms
[training-job-1779875840-4c18c2-trainer-0] step:2416/2420 train_time:630982ms step_avg:261.17ms
[training-job-1779875840-4c18c2-trainer-0] step:2417/2420 train_time:631249ms step_avg:261.17ms
[training-job-1779875840-4c18c2-trainer-0] step:2418/2420 train_time:631510ms step_avg:261.17ms
[training-job-1779875840-4c18c2-trainer-0] step:2419/2420 train_time:631770ms step_avg:261.17ms
[training-job-1779875840-4c18c2-trainer-0] step:2420/2420 train_time:632032ms step_avg:261.17ms
[training-job-1779875840-4c18c2-trainer-0] step:2420/2420 val_loss:3.2744 train_time:632213ms step_avg:261.25ms
[training-job-1779875840-4c18c2-trainer-0] peak memory allocated: 19804 MiB reserved: 21734 MiB
[training-job-1779875840-4c18c2-trainer-0] total training time: 632.21s (632213ms)
[training-job-1779875840-4c18c2-trainer-0] === Done. Exit code: 0 ===
