[training-job-1779875840-10a700-trainer-0] step:2126/2420 train_time:554838ms step_avg:260.98ms
[training-job-1779875840-10a700-trainer-0] step:2127/2420 train_time:555100ms step_avg:260.98ms
[training-job-1779875840-10a700-trainer-0] step:2128/2420 train_time:555363ms step_avg:260.98ms
[training-job-1779875840-10a700-trainer-0] step:2129/2420 train_time:555626ms step_avg:260.98ms
[training-job-1779875840-10a700-trainer-0] step:2130/2420 train_time:555888ms step_avg:260.98ms
[training-job-1779875840-10a700-trainer-0] step:2131/2420 train_time:556150ms step_avg:260.98ms
[training-job-1779875840-10a700-trainer-0] step:2132/2420 train_time:556413ms step_avg:260.98ms
[training-job-1779875840-10a700-trainer-0] step:2133/2420 train_time:556674ms step_avg:260.98ms
[training-job-1779875840-10a700-trainer-0] step:2134/2420 train_time:556938ms step_avg:260.98ms
[training-job-1779875840-10a700-trainer-0] step:2135/2420 train_time:557199ms step_avg:260.98ms
[training-job-1779875840-10a700-trainer-0] step:2136/2420 train_time:557461ms step_avg:260.98ms
[training-job-1779875840-10a700-trainer-0] step:2137/2420 train_time:557721ms step_avg:260.98ms
[training-job-1779875840-10a700-trainer-0] step:2138/2420 train_time:557985ms step_avg:260.98ms
[training-job-1779875840-10a700-trainer-0] step:2139/2420 train_time:558247ms step_avg:260.99ms
[training-job-1779875840-10a700-trainer-0] step:2140/2420 train_time:558509ms step_avg:260.99ms
[training-job-1779875840-10a700-trainer-0] step:2141/2420 train_time:558772ms step_avg:260.99ms
[training-job-1779875840-10a700-trainer-0] step:2142/2420 train_time:559033ms step_avg:260.99ms
[training-job-1779875840-10a700-trainer-0] step:2143/2420 train_time:559312ms step_avg:260.99ms
[training-job-1779875840-10a700-trainer-0] step:2144/2420 train_time:559576ms step_avg:261.00ms
[training-job-1779875840-10a700-trainer-0] step:2145/2420 train_time:559838ms step_avg:261.00ms
[training-job-1779875840-10a700-trainer-0] step:2146/2420 train_time:560100ms step_avg:261.00ms
[training-job-1779875840-10a700-trainer-0] step:2147/2420 train_time:560364ms step_avg:261.00ms
[training-job-1779875840-10a700-trainer-0] step:2148/2420 train_time:560630ms step_avg:261.00ms
[training-job-1779875840-10a700-trainer-0] step:2149/2420 train_time:560890ms step_avg:261.00ms
[training-job-1779875840-10a700-trainer-0] step:2150/2420 train_time:561152ms step_avg:261.00ms
[training-job-1779875840-10a700-trainer-0] step:2151/2420 train_time:561415ms step_avg:261.00ms
[training-job-1779875840-10a700-trainer-0] step:2152/2420 train_time:561678ms step_avg:261.00ms
[training-job-1779875840-10a700-trainer-0] step:2153/2420 train_time:561937ms step_avg:261.00ms
[training-job-1779875840-10a700-trainer-0] step:2154/2420 train_time:562201ms step_avg:261.00ms
[training-job-1779875840-10a700-trainer-0] step:2155/2420 train_time:562458ms step_avg:261.00ms
[training-job-1779875840-10a700-trainer-0] step:2156/2420 train_time:562723ms step_avg:261.00ms
[training-job-1779875840-10a700-trainer-0] step:2157/2420 train_time:562986ms step_avg:261.00ms
[training-job-1779875840-10a700-trainer-0] step:2158/2420 train_time:563249ms step_avg:261.01ms
[training-job-1779875840-10a700-trainer-0] step:2159/2420 train_time:563511ms step_avg:261.01ms
[training-job-1779875840-10a700-trainer-0] step:2160/2420 train_time:563775ms step_avg:261.01ms
[training-job-1779875840-10a700-trainer-0] step:2161/2420 train_time:564038ms step_avg:261.01ms
[training-job-1779875840-10a700-trainer-0] step:2162/2420 train_time:564283ms step_avg:261.00ms
[training-job-1779875840-10a700-trainer-0] step:2163/2420 train_time:564544ms step_avg:261.00ms
[training-job-1779875840-10a700-trainer-0] step:2164/2420 train_time:564808ms step_avg:261.00ms
[training-job-1779875840-10a700-trainer-0] step:2165/2420 train_time:565068ms step_avg:261.00ms
[training-job-1779875840-10a700-trainer-0] step:2166/2420 train_time:565330ms step_avg:261.00ms
[training-job-1779875840-10a700-trainer-0] step:2167/2420 train_time:565595ms step_avg:261.00ms
[training-job-1779875840-10a700-trainer-0] step:2168/2420 train_time:565857ms step_avg:261.00ms
[training-job-1779875840-10a700-trainer-0] step:2169/2420 train_time:566121ms step_avg:261.01ms
[training-job-1779875840-10a700-trainer-0] step:2170/2420 train_time:566383ms step_avg:261.01ms
[training-job-1779875840-10a700-trainer-0] step:2171/2420 train_time:566641ms step_avg:261.00ms
[training-job-1779875840-10a700-trainer-0] step:2172/2420 train_time:566903ms step_avg:261.01ms
[training-job-1779875840-10a700-trainer-0] step:2173/2420 train_time:567164ms step_avg:261.01ms
[training-job-1779875840-10a700-trainer-0] step:2174/2420 train_time:567427ms step_avg:261.01ms
[training-job-1779875840-10a700-trainer-0] step:2175/2420 train_time:567690ms step_avg:261.01ms
[training-job-1779875840-10a700-trainer-0] step:2176/2420 train_time:567957ms step_avg:261.01ms
[training-job-1779875840-10a700-trainer-0] step:2177/2420 train_time:568219ms step_avg:261.01ms
[training-job-1779875840-10a700-trainer-0] step:2178/2420 train_time:568483ms step_avg:261.01ms
[training-job-1779875840-10a700-trainer-0] step:2179/2420 train_time:568756ms step_avg:261.02ms
[training-job-1779875840-10a700-trainer-0] step:2180/2420 train_time:569013ms step_avg:261.01ms
[training-job-1779875840-10a700-trainer-0] step:2181/2420 train_time:569277ms step_avg:261.02ms
[training-job-1779875840-10a700-trainer-0] step:2182/2420 train_time:569541ms step_avg:261.02ms
[training-job-1779875840-10a700-trainer-0] step:2183/2420 train_time:569804ms step_avg:261.02ms
[training-job-1779875840-10a700-trainer-0] step:2184/2420 train_time:570084ms step_avg:261.03ms
[training-job-1779875840-10a700-trainer-0] step:2185/2420 train_time:570345ms step_avg:261.03ms
[training-job-1779875840-10a700-trainer-0] step:2186/2420 train_time:570595ms step_avg:261.02ms
[training-job-1779875840-10a700-trainer-0] step:2187/2420 train_time:570852ms step_avg:261.02ms
[training-job-1779875840-10a700-trainer-0] step:2188/2420 train_time:571112ms step_avg:261.02ms
[training-job-1779875840-10a700-trainer-0] step:2189/2420 train_time:571371ms step_avg:261.02ms
[training-job-1779875840-10a700-trainer-0] step:2190/2420 train_time:571634ms step_avg:261.02ms
[training-job-1779875840-10a700-trainer-0] step:2191/2420 train_time:571898ms step_avg:261.02ms
[training-job-1779875840-10a700-trainer-0] step:2192/2420 train_time:572162ms step_avg:261.02ms
[training-job-1779875840-10a700-trainer-0] step:2193/2420 train_time:572424ms step_avg:261.02ms
[training-job-1779875840-10a700-trainer-0] step:2194/2420 train_time:572686ms step_avg:261.02ms
[training-job-1779875840-10a700-trainer-0] step:2195/2420 train_time:572949ms step_avg:261.02ms
[training-job-1779875840-10a700-trainer-0] step:2196/2420 train_time:573211ms step_avg:261.03ms
[training-job-1779875840-10a700-trainer-0] step:2197/2420 train_time:573472ms step_avg:261.03ms
[training-job-1779875840-10a700-trainer-0] step:2198/2420 train_time:573738ms step_avg:261.03ms
[training-job-1779875840-10a700-trainer-0] step:2199/2420 train_time:574002ms step_avg:261.03ms
[training-job-1779875840-10a700-trainer-0] step:2200/2420 train_time:574263ms step_avg:261.03ms
[training-job-1779875840-10a700-trainer-0] step:2201/2420 train_time:574522ms step_avg:261.03ms
[training-job-1779875840-10a700-trainer-0] step:2202/2420 train_time:574788ms step_avg:261.03ms
[training-job-1779875840-10a700-trainer-0] step:2203/2420 train_time:575042ms step_avg:261.03ms
[training-job-1779875840-10a700-trainer-0] step:2204/2420 train_time:575305ms step_avg:261.03ms
[training-job-1779875840-10a700-trainer-0] step:2205/2420 train_time:575566ms step_avg:261.03ms
[training-job-1779875840-10a700-trainer-0] step:2206/2420 train_time:575830ms step_avg:261.03ms
[training-job-1779875840-10a700-trainer-0] step:2207/2420 train_time:576091ms step_avg:261.03ms
[training-job-1779875840-10a700-trainer-0] step:2208/2420 train_time:576353ms step_avg:261.03ms
[training-job-1779875840-10a700-trainer-0] step:2209/2420 train_time:576613ms step_avg:261.03ms
[training-job-1779875840-10a700-trainer-0] step:2210/2420 train_time:576875ms step_avg:261.03ms
[training-job-1779875840-10a700-trainer-0] step:2211/2420 train_time:577137ms step_avg:261.03ms
[training-job-1779875840-10a700-trainer-0] step:2212/2420 train_time:577401ms step_avg:261.03ms
[training-job-1779875840-10a700-trainer-0] step:2213/2420 train_time:577665ms step_avg:261.03ms
[training-job-1779875840-10a700-trainer-0] step:2214/2420 train_time:577928ms step_avg:261.03ms
[training-job-1779875840-10a700-trainer-0] step:2215/2420 train_time:578189ms step_avg:261.03ms
[training-job-1779875840-10a700-trainer-0] step:2216/2420 train_time:578450ms step_avg:261.03ms
[training-job-1779875840-10a700-trainer-0] step:2217/2420 train_time:578713ms step_avg:261.03ms
[training-job-1779875840-10a700-trainer-0] step:2218/2420 train_time:578977ms step_avg:261.04ms
[training-job-1779875840-10a700-trainer-0] step:2219/2420 train_time:579237ms step_avg:261.04ms
[training-job-1779875840-10a700-trainer-0] step:2220/2420 train_time:579503ms step_avg:261.04ms
[training-job-1779875840-10a700-trainer-0] step:2221/2420 train_time:579766ms step_avg:261.04ms
[training-job-1779875840-10a700-trainer-0] step:2222/2420 train_time:580029ms step_avg:261.04ms
[training-job-1779875840-10a700-trainer-0] step:2223/2420 train_time:580290ms step_avg:261.04ms
[training-job-1779875840-10a700-trainer-0] step:2224/2420 train_time:580554ms step_avg:261.04ms
[training-job-1779875840-10a700-trainer-0] step:2225/2420 train_time:580816ms step_avg:261.04ms
[training-job-1779875840-10a700-trainer-0] step:2226/2420 train_time:581080ms step_avg:261.04ms
[training-job-1779875840-10a700-trainer-0] step:2227/2420 train_time:581343ms step_avg:261.04ms
[training-job-1779875840-10a700-trainer-0] step:2228/2420 train_time:581604ms step_avg:261.04ms
[training-job-1779875840-10a700-trainer-0] step:2229/2420 train_time:581866ms step_avg:261.04ms
[training-job-1779875840-10a700-trainer-0] step:2230/2420 train_time:582127ms step_avg:261.04ms
[training-job-1779875840-10a700-trainer-0] step:2231/2420 train_time:582392ms step_avg:261.05ms
[training-job-1779875840-10a700-trainer-0] step:2232/2420 train_time:582656ms step_avg:261.05ms
[training-job-1779875840-10a700-trainer-0] step:2233/2420 train_time:582919ms step_avg:261.05ms
[training-job-1779875840-10a700-trainer-0] step:2234/2420 train_time:583180ms step_avg:261.05ms
[training-job-1779875840-10a700-trainer-0] step:2235/2420 train_time:583443ms step_avg:261.05ms
[training-job-1779875840-10a700-trainer-0] step:2236/2420 train_time:583709ms step_avg:261.05ms
[training-job-1779875840-10a700-trainer-0] step:2237/2420 train_time:583970ms step_avg:261.05ms
[training-job-1779875840-10a700-trainer-0] step:2238/2420 train_time:584233ms step_avg:261.05ms
[training-job-1779875840-10a700-trainer-0] step:2239/2420 train_time:584496ms step_avg:261.05ms
[training-job-1779875840-10a700-trainer-0] step:2240/2420 train_time:584760ms step_avg:261.05ms
[training-job-1779875840-10a700-trainer-0] step:2241/2420 train_time:585022ms step_avg:261.05ms
[training-job-1779875840-10a700-trainer-0] step:2242/2420 train_time:585286ms step_avg:261.06ms
[training-job-1779875840-10a700-trainer-0] step:2243/2420 train_time:585548ms step_avg:261.06ms
[training-job-1779875840-10a700-trainer-0] step:2244/2420 train_time:585811ms step_avg:261.06ms
[training-job-1779875840-10a700-trainer-0] step:2245/2420 train_time:586073ms step_avg:261.06ms
[training-job-1779875840-10a700-trainer-0] step:2246/2420 train_time:586335ms step_avg:261.06ms
[training-job-1779875840-10a700-trainer-0] step:2247/2420 train_time:586595ms step_avg:261.06ms
[training-job-1779875840-10a700-trainer-0] step:2248/2420 train_time:586858ms step_avg:261.06ms
[training-job-1779875840-10a700-trainer-0] step:2249/2420 train_time:587122ms step_avg:261.06ms
[training-job-1779875840-10a700-trainer-0] step:2250/2420 train_time:587384ms step_avg:261.06ms
[training-job-1779875840-10a700-trainer-0] step:2250/2420 val_loss:3.3041 train_time:587569ms step_avg:261.14ms
[training-job-1779875840-10a700-trainer-0] step:2251/2420 train_time:587767ms step_avg:261.11ms
[training-job-1779875840-10a700-trainer-0] step:2252/2420 train_time:588029ms step_avg:261.11ms
[training-job-1779875840-10a700-trainer-0] step:2253/2420 train_time:588269ms step_avg:261.10ms
[training-job-1779875840-10a700-trainer-0] step:2254/2420 train_time:588531ms step_avg:261.11ms
[training-job-1779875840-10a700-trainer-0] step:2255/2420 train_time:588791ms step_avg:261.10ms
[training-job-1779875840-10a700-trainer-0] step:2256/2420 train_time:589053ms step_avg:261.11ms
[training-job-1779875840-10a700-trainer-0] step:2257/2420 train_time:589314ms step_avg:261.11ms
[training-job-1779875840-10a700-trainer-0] step:2258/2420 train_time:589578ms step_avg:261.11ms
[training-job-1779875840-10a700-trainer-0] step:2259/2420 train_time:589838ms step_avg:261.11ms
[training-job-1779875840-10a700-trainer-0] step:2260/2420 train_time:590105ms step_avg:261.11ms
[training-job-1779875840-10a700-trainer-0] step:2261/2420 train_time:590364ms step_avg:261.11ms
[training-job-1779875840-10a700-trainer-0] step:2262/2420 train_time:590627ms step_avg:261.11ms
[training-job-1779875840-10a700-trainer-0] step:2263/2420 train_time:590888ms step_avg:261.11ms
[training-job-1779875840-10a700-trainer-0] step:2264/2420 train_time:591150ms step_avg:261.11ms
[training-job-1779875840-10a700-trainer-0] step:2265/2420 train_time:591414ms step_avg:261.11ms
[training-job-1779875840-10a700-trainer-0] step:2266/2420 train_time:591678ms step_avg:261.11ms
[training-job-1779875840-10a700-trainer-0] step:2267/2420 train_time:591944ms step_avg:261.11ms
[training-job-1779875840-10a700-trainer-0] step:2268/2420 train_time:592206ms step_avg:261.11ms
[training-job-1779875840-10a700-trainer-0] step:2269/2420 train_time:592484ms step_avg:261.12ms
[training-job-1779875840-10a700-trainer-0] step:2270/2420 train_time:592731ms step_avg:261.12ms
[training-job-1779875840-10a700-trainer-0] step:2271/2420 train_time:592994ms step_avg:261.12ms
[training-job-1779875840-10a700-trainer-0] step:2272/2420 train_time:593257ms step_avg:261.12ms
[training-job-1779875840-10a700-trainer-0] step:2273/2420 train_time:593519ms step_avg:261.12ms
[training-job-1779875840-10a700-trainer-0] step:2274/2420 train_time:593783ms step_avg:261.12ms
[training-job-1779875840-10a700-trainer-0] step:2275/2420 train_time:594049ms step_avg:261.12ms
[training-job-1779875840-10a700-trainer-0] step:2276/2420 train_time:594310ms step_avg:261.12ms
[training-job-1779875840-10a700-trainer-0] step:2277/2420 train_time:594572ms step_avg:261.12ms
[training-job-1779875840-10a700-trainer-0] step:2278/2420 train_time:594835ms step_avg:261.12ms
[training-job-1779875840-10a700-trainer-0] step:2279/2420 train_time:595096ms step_avg:261.12ms
[training-job-1779875840-10a700-trainer-0] step:2280/2420 train_time:595352ms step_avg:261.12ms
[training-job-1779875840-10a700-trainer-0] step:2281/2420 train_time:595617ms step_avg:261.12ms
[training-job-1779875840-10a700-trainer-0] step:2282/2420 train_time:595881ms step_avg:261.12ms
[training-job-1779875840-10a700-trainer-0] step:2283/2420 train_time:596143ms step_avg:261.12ms
[training-job-1779875840-10a700-trainer-0] step:2284/2420 train_time:596407ms step_avg:261.12ms
[training-job-1779875840-10a700-trainer-0] step:2285/2420 train_time:596671ms step_avg:261.12ms
[training-job-1779875840-10a700-trainer-0] step:2286/2420 train_time:596933ms step_avg:261.13ms
[training-job-1779875840-10a700-trainer-0] step:2287/2420 train_time:597194ms step_avg:261.13ms
[training-job-1779875840-10a700-trainer-0] step:2288/2420 train_time:597457ms step_avg:261.13ms
[training-job-1779875840-10a700-trainer-0] step:2289/2420 train_time:597719ms step_avg:261.13ms
[training-job-1779875840-10a700-trainer-0] step:2290/2420 train_time:597977ms step_avg:261.13ms
[training-job-1779875840-10a700-trainer-0] step:2291/2420 train_time:598245ms step_avg:261.13ms
[training-job-1779875840-10a700-trainer-0] step:2292/2420 train_time:598510ms step_avg:261.13ms
[training-job-1779875840-10a700-trainer-0] step:2293/2420 train_time:598776ms step_avg:261.13ms
[training-job-1779875840-10a700-trainer-0] step:2294/2420 train_time:599036ms step_avg:261.13ms
[training-job-1779875840-10a700-trainer-0] step:2295/2420 train_time:599301ms step_avg:261.13ms
[training-job-1779875840-10a700-trainer-0] step:2296/2420 train_time:599560ms step_avg:261.13ms
[training-job-1779875840-10a700-trainer-0] step:2297/2420 train_time:599822ms step_avg:261.13ms
[training-job-1779875840-10a700-trainer-0] step:2298/2420 train_time:600091ms step_avg:261.14ms
[training-job-1779875840-10a700-trainer-0] step:2299/2420 train_time:600353ms step_avg:261.14ms
[training-job-1779875840-10a700-trainer-0] step:2300/2420 train_time:600614ms step_avg:261.14ms
[training-job-1779875840-10a700-trainer-0] step:2301/2420 train_time:600878ms step_avg:261.14ms
[training-job-1779875840-10a700-trainer-0] step:2302/2420 train_time:601141ms step_avg:261.14ms
[training-job-1779875840-10a700-trainer-0] step:2303/2420 train_time:601407ms step_avg:261.14ms
[training-job-1779875840-10a700-trainer-0] step:2304/2420 train_time:601670ms step_avg:261.14ms
[training-job-1779875840-10a700-trainer-0] step:2305/2420 train_time:601934ms step_avg:261.14ms
[training-job-1779875840-10a700-trainer-0] step:2306/2420 train_time:602201ms step_avg:261.15ms
[training-job-1779875840-10a700-trainer-0] step:2307/2420 train_time:602460ms step_avg:261.14ms
[training-job-1779875840-10a700-trainer-0] step:2308/2420 train_time:602723ms step_avg:261.15ms
[training-job-1779875840-10a700-trainer-0] step:2309/2420 train_time:603003ms step_avg:261.15ms
[training-job-1779875840-10a700-trainer-0] step:2310/2420 train_time:603267ms step_avg:261.15ms
[training-job-1779875840-10a700-trainer-0] step:2311/2420 train_time:603527ms step_avg:261.15ms
[training-job-1779875840-10a700-trainer-0] step:2312/2420 train_time:603789ms step_avg:261.15ms
[training-job-1779875840-10a700-trainer-0] step:2313/2420 train_time:604049ms step_avg:261.15ms
[training-job-1779875840-10a700-trainer-0] step:2314/2420 train_time:604312ms step_avg:261.15ms
[training-job-1779875840-10a700-trainer-0] step:2315/2420 train_time:604574ms step_avg:261.16ms
[training-job-1779875840-10a700-trainer-0] step:2316/2420 train_time:604824ms step_avg:261.15ms
[training-job-1779875840-10a700-trainer-0] step:2317/2420 train_time:605084ms step_avg:261.15ms
[training-job-1779875840-10a700-trainer-0] step:2318/2420 train_time:605346ms step_avg:261.15ms
[training-job-1779875840-10a700-trainer-0] step:2319/2420 train_time:605605ms step_avg:261.15ms
[training-job-1779875840-10a700-trainer-0] step:2320/2420 train_time:605870ms step_avg:261.15ms
[training-job-1779875840-10a700-trainer-0] step:2321/2420 train_time:606134ms step_avg:261.15ms
[training-job-1779875840-10a700-trainer-0] step:2322/2420 train_time:606396ms step_avg:261.15ms
[training-job-1779875840-10a700-trainer-0] step:2323/2420 train_time:606659ms step_avg:261.15ms
[training-job-1779875840-10a700-trainer-0] step:2324/2420 train_time:606927ms step_avg:261.16ms
[training-job-1779875840-10a700-trainer-0] step:2325/2420 train_time:607188ms step_avg:261.16ms
[training-job-1779875840-10a700-trainer-0] step:2326/2420 train_time:607452ms step_avg:261.16ms
[training-job-1779875840-10a700-trainer-0] step:2327/2420 train_time:607712ms step_avg:261.16ms
[training-job-1779875840-10a700-trainer-0] step:2328/2420 train_time:607975ms step_avg:261.16ms
[training-job-1779875840-10a700-trainer-0] step:2329/2420 train_time:608257ms step_avg:261.17ms
[training-job-1779875840-10a700-trainer-0] step:2330/2420 train_time:608501ms step_avg:261.16ms
[training-job-1779875840-10a700-trainer-0] step:2331/2420 train_time:608763ms step_avg:261.16ms
[training-job-1779875840-10a700-trainer-0] step:2332/2420 train_time:609022ms step_avg:261.16ms
[training-job-1779875840-10a700-trainer-0] step:2333/2420 train_time:609286ms step_avg:261.16ms
[training-job-1779875840-10a700-trainer-0] step:2334/2420 train_time:609552ms step_avg:261.16ms
[training-job-1779875840-10a700-trainer-0] step:2335/2420 train_time:609824ms step_avg:261.17ms
[training-job-1779875840-10a700-trainer-0] step:2336/2420 train_time:610094ms step_avg:261.17ms
[training-job-1779875840-10a700-trainer-0] step:2337/2420 train_time:610340ms step_avg:261.16ms
[training-job-1779875840-10a700-trainer-0] step:2338/2420 train_time:610603ms step_avg:261.16ms
[training-job-1779875840-10a700-trainer-0] step:2339/2420 train_time:610877ms step_avg:261.17ms
[training-job-1779875840-10a700-trainer-0] step:2340/2420 train_time:611126ms step_avg:261.16ms
[training-job-1779875840-10a700-trainer-0] step:2341/2420 train_time:611388ms step_avg:261.17ms
[training-job-1779875840-10a700-trainer-0] step:2342/2420 train_time:611648ms step_avg:261.16ms
[training-job-1779875840-10a700-trainer-0] step:2343/2420 train_time:611912ms step_avg:261.17ms
[training-job-1779875840-10a700-trainer-0] step:2344/2420 train_time:612182ms step_avg:261.17ms
[training-job-1779875840-10a700-trainer-0] step:2345/2420 train_time:612445ms step_avg:261.17ms
[training-job-1779875840-10a700-trainer-0] step:2346/2420 train_time:612710ms step_avg:261.17ms
[training-job-1779875840-10a700-trainer-0] step:2347/2420 train_time:612978ms step_avg:261.17ms
[training-job-1779875840-10a700-trainer-0] step:2348/2420 train_time:613236ms step_avg:261.17ms
[training-job-1779875840-10a700-trainer-0] step:2349/2420 train_time:613499ms step_avg:261.17ms
[training-job-1779875840-10a700-trainer-0] step:2350/2420 train_time:613759ms step_avg:261.17ms
[training-job-1779875840-10a700-trainer-0] step:2351/2420 train_time:614024ms step_avg:261.18ms
[training-job-1779875840-10a700-trainer-0] step:2352/2420 train_time:614286ms step_avg:261.18ms
[training-job-1779875840-10a700-trainer-0] step:2353/2420 train_time:614545ms step_avg:261.18ms
[training-job-1779875840-10a700-trainer-0] step:2354/2420 train_time:614822ms step_avg:261.18ms
[training-job-1779875840-10a700-trainer-0] step:2355/2420 train_time:615082ms step_avg:261.18ms
[training-job-1779875840-10a700-trainer-0] step:2356/2420 train_time:615330ms step_avg:261.18ms
[training-job-1779875840-10a700-trainer-0] step:2357/2420 train_time:615594ms step_avg:261.18ms
[training-job-1779875840-10a700-trainer-0] step:2358/2420 train_time:615875ms step_avg:261.19ms
[training-job-1779875840-10a700-trainer-0] step:2359/2420 train_time:616138ms step_avg:261.19ms
[training-job-1779875840-10a700-trainer-0] step:2360/2420 train_time:616400ms step_avg:261.19ms
[training-job-1779875840-10a700-trainer-0] step:2361/2420 train_time:616665ms step_avg:261.19ms
[training-job-1779875840-10a700-trainer-0] step:2362/2420 train_time:616910ms step_avg:261.18ms
[training-job-1779875840-10a700-trainer-0] step:2363/2420 train_time:617170ms step_avg:261.18ms
[training-job-1779875840-10a700-trainer-0] step:2364/2420 train_time:617432ms step_avg:261.18ms
[training-job-1779875840-10a700-trainer-0] step:2365/2420 train_time:617697ms step_avg:261.18ms
[training-job-1779875840-10a700-trainer-0] step:2366/2420 train_time:617959ms step_avg:261.18ms
[training-job-1779875840-10a700-trainer-0] step:2367/2420 train_time:618222ms step_avg:261.18ms
[training-job-1779875840-10a700-trainer-0] step:2368/2420 train_time:618484ms step_avg:261.18ms
[training-job-1779875840-10a700-trainer-0] step:2369/2420 train_time:618746ms step_avg:261.18ms
[training-job-1779875840-10a700-trainer-0] step:2370/2420 train_time:619009ms step_avg:261.19ms
[training-job-1779875840-10a700-trainer-0] step:2371/2420 train_time:619277ms step_avg:261.19ms
[training-job-1779875840-10a700-trainer-0] step:2372/2420 train_time:619536ms step_avg:261.19ms
[training-job-1779875840-10a700-trainer-0] step:2373/2420 train_time:619801ms step_avg:261.19ms
[training-job-1779875840-10a700-trainer-0] step:2374/2420 train_time:620062ms step_avg:261.19ms
[training-job-1779875840-10a700-trainer-0] step:2375/2420 train_time:620326ms step_avg:261.19ms
[training-job-1779875840-10a700-trainer-0] step:2376/2420 train_time:620588ms step_avg:261.19ms
[training-job-1779875840-10a700-trainer-0] step:2377/2420 train_time:620851ms step_avg:261.19ms
[training-job-1779875840-10a700-trainer-0] step:2378/2420 train_time:621118ms step_avg:261.19ms
[training-job-1779875840-10a700-trainer-0] step:2379/2420 train_time:621380ms step_avg:261.19ms
[training-job-1779875840-10a700-trainer-0] step:2380/2420 train_time:621647ms step_avg:261.20ms
[training-job-1779875840-10a700-trainer-0] step:2381/2420 train_time:621910ms step_avg:261.20ms
[training-job-1779875840-10a700-trainer-0] step:2382/2420 train_time:622176ms step_avg:261.20ms
[training-job-1779875840-10a700-trainer-0] step:2383/2420 train_time:622448ms step_avg:261.20ms
[training-job-1779875840-10a700-trainer-0] step:2384/2420 train_time:622716ms step_avg:261.21ms
[training-job-1779875840-10a700-trainer-0] step:2385/2420 train_time:622996ms step_avg:261.21ms
[training-job-1779875840-10a700-trainer-0] step:2386/2420 train_time:623242ms step_avg:261.21ms
[training-job-1779875840-10a700-trainer-0] step:2387/2420 train_time:623500ms step_avg:261.21ms
[training-job-1779875840-10a700-trainer-0] step:2388/2420 train_time:623768ms step_avg:261.21ms
[training-job-1779875840-10a700-trainer-0] step:2389/2420 train_time:624045ms step_avg:261.22ms
[training-job-1779875840-10a700-trainer-0] step:2390/2420 train_time:624313ms step_avg:261.22ms
[training-job-1779875840-10a700-trainer-0] step:2391/2420 train_time:624560ms step_avg:261.21ms
[training-job-1779875840-10a700-trainer-0] step:2392/2420 train_time:624815ms step_avg:261.21ms
[training-job-1779875840-10a700-trainer-0] step:2393/2420 train_time:625071ms step_avg:261.21ms
[training-job-1779875840-10a700-trainer-0] step:2394/2420 train_time:625339ms step_avg:261.21ms
[training-job-1779875840-10a700-trainer-0] step:2395/2420 train_time:625605ms step_avg:261.21ms
[training-job-1779875840-10a700-trainer-0] step:2396/2420 train_time:625865ms step_avg:261.21ms
[training-job-1779875840-10a700-trainer-0] step:2397/2420 train_time:626129ms step_avg:261.21ms
[training-job-1779875840-10a700-trainer-0] step:2398/2420 train_time:626391ms step_avg:261.21ms
[training-job-1779875840-10a700-trainer-0] step:2399/2420 train_time:626654ms step_avg:261.21ms
[training-job-1779875840-10a700-trainer-0] step:2400/2420 train_time:626916ms step_avg:261.21ms
[training-job-1779875840-10a700-trainer-0] step:2401/2420 train_time:627178ms step_avg:261.22ms
[training-job-1779875840-10a700-trainer-0] step:2402/2420 train_time:627445ms step_avg:261.22ms
[training-job-1779875840-10a700-trainer-0] step:2403/2420 train_time:627711ms step_avg:261.22ms
[training-job-1779875840-10a700-trainer-0] step:2404/2420 train_time:627973ms step_avg:261.22ms
[training-job-1779875840-10a700-trainer-0] step:2405/2420 train_time:628235ms step_avg:261.22ms
[training-job-1779875840-10a700-trainer-0] step:2406/2420 train_time:628498ms step_avg:261.22ms
[training-job-1779875840-10a700-trainer-0] step:2407/2420 train_time:628760ms step_avg:261.22ms
[training-job-1779875840-10a700-trainer-0] step:2408/2420 train_time:629025ms step_avg:261.22ms
[training-job-1779875840-10a700-trainer-0] step:2409/2420 train_time:629285ms step_avg:261.22ms
[training-job-1779875840-10a700-trainer-0] step:2410/2420 train_time:629551ms step_avg:261.22ms
[training-job-1779875840-10a700-trainer-0] step:2411/2420 train_time:629816ms step_avg:261.23ms
[training-job-1779875840-10a700-trainer-0] step:2412/2420 train_time:630078ms step_avg:261.23ms
[training-job-1779875840-10a700-trainer-0] step:2413/2420 train_time:630339ms step_avg:261.23ms
[training-job-1779875840-10a700-trainer-0] step:2414/2420 train_time:630600ms step_avg:261.23ms
[training-job-1779875840-10a700-trainer-0] step:2415/2420 train_time:630868ms step_avg:261.23ms
[training-job-1779875840-10a700-trainer-0] step:2416/2420 train_time:631128ms step_avg:261.23ms
[training-job-1779875840-10a700-trainer-0] step:2417/2420 train_time:631394ms step_avg:261.23ms
[training-job-1779875840-10a700-trainer-0] step:2418/2420 train_time:631654ms step_avg:261.23ms
[training-job-1779875840-10a700-trainer-0] step:2419/2420 train_time:631917ms step_avg:261.23ms
[training-job-1779875840-10a700-trainer-0] step:2420/2420 train_time:632180ms step_avg:261.23ms
[training-job-1779875840-10a700-trainer-0] step:2420/2420 val_loss:3.2785 train_time:632366ms step_avg:261.31ms
[training-job-1779875840-10a700-trainer-0] peak memory allocated: 19804 MiB reserved: 21734 MiB
[training-job-1779875840-10a700-trainer-0] total training time: 632.37s (632366ms)
[training-job-1779875840-10a700-trainer-0] === Done. Exit code: 0 ===
