[training-job-1779875840-3d0069-trainer-0] step:2126/2420 train_time:553928ms step_avg:260.55ms
[training-job-1779875840-3d0069-trainer-0] step:2127/2420 train_time:554192ms step_avg:260.55ms
[training-job-1779875840-3d0069-trainer-0] step:2128/2420 train_time:554454ms step_avg:260.55ms
[training-job-1779875840-3d0069-trainer-0] step:2129/2420 train_time:554716ms step_avg:260.55ms
[training-job-1779875840-3d0069-trainer-0] step:2130/2420 train_time:554978ms step_avg:260.55ms
[training-job-1779875840-3d0069-trainer-0] step:2131/2420 train_time:555239ms step_avg:260.55ms
[training-job-1779875840-3d0069-trainer-0] step:2132/2420 train_time:555498ms step_avg:260.55ms
[training-job-1779875840-3d0069-trainer-0] step:2133/2420 train_time:555762ms step_avg:260.55ms
[training-job-1779875840-3d0069-trainer-0] step:2134/2420 train_time:556028ms step_avg:260.56ms
[training-job-1779875840-3d0069-trainer-0] step:2135/2420 train_time:556287ms step_avg:260.56ms
[training-job-1779875840-3d0069-trainer-0] step:2136/2420 train_time:556545ms step_avg:260.55ms
[training-job-1779875840-3d0069-trainer-0] step:2137/2420 train_time:556804ms step_avg:260.55ms
[training-job-1779875840-3d0069-trainer-0] step:2138/2420 train_time:557067ms step_avg:260.56ms
[training-job-1779875840-3d0069-trainer-0] step:2139/2420 train_time:557330ms step_avg:260.56ms
[training-job-1779875840-3d0069-trainer-0] step:2140/2420 train_time:557588ms step_avg:260.56ms
[training-job-1779875840-3d0069-trainer-0] step:2141/2420 train_time:557851ms step_avg:260.56ms
[training-job-1779875840-3d0069-trainer-0] step:2142/2420 train_time:558112ms step_avg:260.56ms
[training-job-1779875840-3d0069-trainer-0] step:2143/2420 train_time:558374ms step_avg:260.56ms
[training-job-1779875840-3d0069-trainer-0] step:2144/2420 train_time:558635ms step_avg:260.56ms
[training-job-1779875840-3d0069-trainer-0] step:2145/2420 train_time:558898ms step_avg:260.56ms
[training-job-1779875840-3d0069-trainer-0] step:2146/2420 train_time:559158ms step_avg:260.56ms
[training-job-1779875840-3d0069-trainer-0] step:2147/2420 train_time:559423ms step_avg:260.56ms
[training-job-1779875840-3d0069-trainer-0] step:2148/2420 train_time:559684ms step_avg:260.56ms
[training-job-1779875840-3d0069-trainer-0] step:2149/2420 train_time:559947ms step_avg:260.56ms
[training-job-1779875840-3d0069-trainer-0] step:2150/2420 train_time:560208ms step_avg:260.56ms
[training-job-1779875840-3d0069-trainer-0] step:2151/2420 train_time:560473ms step_avg:260.56ms
[training-job-1779875840-3d0069-trainer-0] step:2152/2420 train_time:560736ms step_avg:260.57ms
[training-job-1779875840-3d0069-trainer-0] step:2153/2420 train_time:560993ms step_avg:260.56ms
[training-job-1779875840-3d0069-trainer-0] step:2154/2420 train_time:561255ms step_avg:260.56ms
[training-job-1779875840-3d0069-trainer-0] step:2155/2420 train_time:561514ms step_avg:260.56ms
[training-job-1779875840-3d0069-trainer-0] step:2156/2420 train_time:561774ms step_avg:260.56ms
[training-job-1779875840-3d0069-trainer-0] step:2157/2420 train_time:562041ms step_avg:260.57ms
[training-job-1779875840-3d0069-trainer-0] step:2158/2420 train_time:562306ms step_avg:260.57ms
[training-job-1779875840-3d0069-trainer-0] step:2159/2420 train_time:562567ms step_avg:260.57ms
[training-job-1779875840-3d0069-trainer-0] step:2160/2420 train_time:562829ms step_avg:260.57ms
[training-job-1779875840-3d0069-trainer-0] step:2161/2420 train_time:563092ms step_avg:260.57ms
[training-job-1779875840-3d0069-trainer-0] step:2162/2420 train_time:563351ms step_avg:260.57ms
[training-job-1779875840-3d0069-trainer-0] step:2163/2420 train_time:563611ms step_avg:260.57ms
[training-job-1779875840-3d0069-trainer-0] step:2164/2420 train_time:563871ms step_avg:260.57ms
[training-job-1779875840-3d0069-trainer-0] step:2165/2420 train_time:564133ms step_avg:260.57ms
[training-job-1779875840-3d0069-trainer-0] step:2166/2420 train_time:564400ms step_avg:260.57ms
[training-job-1779875840-3d0069-trainer-0] step:2167/2420 train_time:564658ms step_avg:260.57ms
[training-job-1779875840-3d0069-trainer-0] step:2168/2420 train_time:564921ms step_avg:260.57ms
[training-job-1779875840-3d0069-trainer-0] step:2169/2420 train_time:565183ms step_avg:260.57ms
[training-job-1779875840-3d0069-trainer-0] step:2170/2420 train_time:565443ms step_avg:260.57ms
[training-job-1779875840-3d0069-trainer-0] step:2171/2420 train_time:565704ms step_avg:260.57ms
[training-job-1779875840-3d0069-trainer-0] step:2172/2420 train_time:565963ms step_avg:260.57ms
[training-job-1779875840-3d0069-trainer-0] step:2173/2420 train_time:566222ms step_avg:260.57ms
[training-job-1779875840-3d0069-trainer-0] step:2174/2420 train_time:566482ms step_avg:260.57ms
[training-job-1779875840-3d0069-trainer-0] step:2175/2420 train_time:566745ms step_avg:260.57ms
[training-job-1779875840-3d0069-trainer-0] step:2176/2420 train_time:567014ms step_avg:260.58ms
[training-job-1779875840-3d0069-trainer-0] step:2177/2420 train_time:567275ms step_avg:260.58ms
[training-job-1779875840-3d0069-trainer-0] step:2178/2420 train_time:567536ms step_avg:260.58ms
[training-job-1779875840-3d0069-trainer-0] step:2179/2420 train_time:567799ms step_avg:260.58ms
[training-job-1779875840-3d0069-trainer-0] step:2180/2420 train_time:568063ms step_avg:260.58ms
[training-job-1779875840-3d0069-trainer-0] step:2181/2420 train_time:568326ms step_avg:260.58ms
[training-job-1779875840-3d0069-trainer-0] step:2182/2420 train_time:568588ms step_avg:260.58ms
[training-job-1779875840-3d0069-trainer-0] step:2183/2420 train_time:568848ms step_avg:260.58ms
[training-job-1779875840-3d0069-trainer-0] step:2184/2420 train_time:569112ms step_avg:260.58ms
[training-job-1779875840-3d0069-trainer-0] step:2185/2420 train_time:569374ms step_avg:260.58ms
[training-job-1779875840-3d0069-trainer-0] step:2186/2420 train_time:569636ms step_avg:260.58ms
[training-job-1779875840-3d0069-trainer-0] step:2187/2420 train_time:569892ms step_avg:260.58ms
[training-job-1779875840-3d0069-trainer-0] step:2188/2420 train_time:570153ms step_avg:260.58ms
[training-job-1779875840-3d0069-trainer-0] step:2189/2420 train_time:570412ms step_avg:260.58ms
[training-job-1779875840-3d0069-trainer-0] step:2190/2420 train_time:570675ms step_avg:260.58ms
[training-job-1779875840-3d0069-trainer-0] step:2191/2420 train_time:570938ms step_avg:260.58ms
[training-job-1779875840-3d0069-trainer-0] step:2192/2420 train_time:571201ms step_avg:260.58ms
[training-job-1779875840-3d0069-trainer-0] step:2193/2420 train_time:571462ms step_avg:260.58ms
[training-job-1779875840-3d0069-trainer-0] step:2194/2420 train_time:571725ms step_avg:260.59ms
[training-job-1779875840-3d0069-trainer-0] step:2195/2420 train_time:571986ms step_avg:260.59ms
[training-job-1779875840-3d0069-trainer-0] step:2196/2420 train_time:572247ms step_avg:260.59ms
[training-job-1779875840-3d0069-trainer-0] step:2197/2420 train_time:572518ms step_avg:260.59ms
[training-job-1779875840-3d0069-trainer-0] step:2198/2420 train_time:572783ms step_avg:260.59ms
[training-job-1779875840-3d0069-trainer-0] step:2199/2420 train_time:573036ms step_avg:260.59ms
[training-job-1779875840-3d0069-trainer-0] step:2200/2420 train_time:573297ms step_avg:260.59ms
[training-job-1779875840-3d0069-trainer-0] step:2201/2420 train_time:573557ms step_avg:260.59ms
[training-job-1779875840-3d0069-trainer-0] step:2202/2420 train_time:573819ms step_avg:260.59ms
[training-job-1779875840-3d0069-trainer-0] step:2203/2420 train_time:574076ms step_avg:260.59ms
[training-job-1779875840-3d0069-trainer-0] step:2204/2420 train_time:574339ms step_avg:260.59ms
[training-job-1779875840-3d0069-trainer-0] step:2205/2420 train_time:574598ms step_avg:260.59ms
[training-job-1779875840-3d0069-trainer-0] step:2206/2420 train_time:574859ms step_avg:260.59ms
[training-job-1779875840-3d0069-trainer-0] step:2207/2420 train_time:575121ms step_avg:260.59ms
[training-job-1779875840-3d0069-trainer-0] step:2208/2420 train_time:575381ms step_avg:260.59ms
[training-job-1779875840-3d0069-trainer-0] step:2209/2420 train_time:575639ms step_avg:260.59ms
[training-job-1779875840-3d0069-trainer-0] step:2210/2420 train_time:575902ms step_avg:260.59ms
[training-job-1779875840-3d0069-trainer-0] step:2211/2420 train_time:576163ms step_avg:260.59ms
[training-job-1779875840-3d0069-trainer-0] step:2212/2420 train_time:576428ms step_avg:260.59ms
[training-job-1779875840-3d0069-trainer-0] step:2213/2420 train_time:576692ms step_avg:260.59ms
[training-job-1779875840-3d0069-trainer-0] step:2214/2420 train_time:576952ms step_avg:260.59ms
[training-job-1779875840-3d0069-trainer-0] step:2215/2420 train_time:577213ms step_avg:260.59ms
[training-job-1779875840-3d0069-trainer-0] step:2216/2420 train_time:577474ms step_avg:260.59ms
[training-job-1779875840-3d0069-trainer-0] step:2217/2420 train_time:577736ms step_avg:260.59ms
[training-job-1779875840-3d0069-trainer-0] step:2218/2420 train_time:577999ms step_avg:260.59ms
[training-job-1779875840-3d0069-trainer-0] step:2219/2420 train_time:578262ms step_avg:260.60ms
[training-job-1779875840-3d0069-trainer-0] step:2220/2420 train_time:578528ms step_avg:260.60ms
[training-job-1779875840-3d0069-trainer-0] step:2221/2420 train_time:578788ms step_avg:260.60ms
[training-job-1779875840-3d0069-trainer-0] step:2222/2420 train_time:579057ms step_avg:260.60ms
[training-job-1779875840-3d0069-trainer-0] step:2223/2420 train_time:579316ms step_avg:260.60ms
[training-job-1779875840-3d0069-trainer-0] step:2224/2420 train_time:579580ms step_avg:260.60ms
[training-job-1779875840-3d0069-trainer-0] step:2225/2420 train_time:579835ms step_avg:260.60ms
[training-job-1779875840-3d0069-trainer-0] step:2226/2420 train_time:580099ms step_avg:260.60ms
[training-job-1779875840-3d0069-trainer-0] step:2227/2420 train_time:580361ms step_avg:260.60ms
[training-job-1779875840-3d0069-trainer-0] step:2228/2420 train_time:580624ms step_avg:260.60ms
[training-job-1779875840-3d0069-trainer-0] step:2229/2420 train_time:580884ms step_avg:260.60ms
[training-job-1779875840-3d0069-trainer-0] step:2230/2420 train_time:581145ms step_avg:260.60ms
[training-job-1779875840-3d0069-trainer-0] step:2231/2420 train_time:581409ms step_avg:260.60ms
[training-job-1779875840-3d0069-trainer-0] step:2232/2420 train_time:581669ms step_avg:260.60ms
[training-job-1779875840-3d0069-trainer-0] step:2233/2420 train_time:581928ms step_avg:260.60ms
[training-job-1779875840-3d0069-trainer-0] step:2234/2420 train_time:582195ms step_avg:260.61ms
[training-job-1779875840-3d0069-trainer-0] step:2235/2420 train_time:582457ms step_avg:260.61ms
[training-job-1779875840-3d0069-trainer-0] step:2236/2420 train_time:582710ms step_avg:260.60ms
[training-job-1779875840-3d0069-trainer-0] step:2237/2420 train_time:582976ms step_avg:260.61ms
[training-job-1779875840-3d0069-trainer-0] step:2238/2420 train_time:583239ms step_avg:260.61ms
[training-job-1779875840-3d0069-trainer-0] step:2239/2420 train_time:583502ms step_avg:260.61ms
[training-job-1779875840-3d0069-trainer-0] step:2240/2420 train_time:583764ms step_avg:260.61ms
[training-job-1779875840-3d0069-trainer-0] step:2241/2420 train_time:584031ms step_avg:260.61ms
[training-job-1779875840-3d0069-trainer-0] step:2242/2420 train_time:584292ms step_avg:260.61ms
[training-job-1779875840-3d0069-trainer-0] step:2243/2420 train_time:584554ms step_avg:260.61ms
[training-job-1779875840-3d0069-trainer-0] step:2244/2420 train_time:584816ms step_avg:260.61ms
[training-job-1779875840-3d0069-trainer-0] step:2245/2420 train_time:585076ms step_avg:260.61ms
[training-job-1779875840-3d0069-trainer-0] step:2246/2420 train_time:585338ms step_avg:260.61ms
[training-job-1779875840-3d0069-trainer-0] step:2247/2420 train_time:585602ms step_avg:260.61ms
[training-job-1779875840-3d0069-trainer-0] step:2248/2420 train_time:585861ms step_avg:260.61ms
[training-job-1779875840-3d0069-trainer-0] step:2249/2420 train_time:586130ms step_avg:260.62ms
[training-job-1779875840-3d0069-trainer-0] step:2250/2420 train_time:586393ms step_avg:260.62ms
[training-job-1779875840-3d0069-trainer-0] step:2250/2420 val_loss:3.3008 train_time:586575ms step_avg:260.70ms
[training-job-1779875840-3d0069-trainer-0] step:2251/2420 train_time:586761ms step_avg:260.67ms
[training-job-1779875840-3d0069-trainer-0] step:2252/2420 train_time:586997ms step_avg:260.66ms
[training-job-1779875840-3d0069-trainer-0] step:2253/2420 train_time:587257ms step_avg:260.66ms
[training-job-1779875840-3d0069-trainer-0] step:2254/2420 train_time:587518ms step_avg:260.66ms
[training-job-1779875840-3d0069-trainer-0] step:2255/2420 train_time:587777ms step_avg:260.65ms
[training-job-1779875840-3d0069-trainer-0] step:2256/2420 train_time:588038ms step_avg:260.66ms
[training-job-1779875840-3d0069-trainer-0] step:2257/2420 train_time:588309ms step_avg:260.66ms
[training-job-1779875840-3d0069-trainer-0] step:2258/2420 train_time:588571ms step_avg:260.66ms
[training-job-1779875840-3d0069-trainer-0] step:2259/2420 train_time:588815ms step_avg:260.65ms
[training-job-1779875840-3d0069-trainer-0] step:2260/2420 train_time:589079ms step_avg:260.65ms
[training-job-1779875840-3d0069-trainer-0] step:2261/2420 train_time:589337ms step_avg:260.65ms
[training-job-1779875840-3d0069-trainer-0] step:2262/2420 train_time:589601ms step_avg:260.65ms
[training-job-1779875840-3d0069-trainer-0] step:2263/2420 train_time:589864ms step_avg:260.66ms
[training-job-1779875840-3d0069-trainer-0] step:2264/2420 train_time:590123ms step_avg:260.65ms
[training-job-1779875840-3d0069-trainer-0] step:2265/2420 train_time:590386ms step_avg:260.66ms
[training-job-1779875840-3d0069-trainer-0] step:2266/2420 train_time:590648ms step_avg:260.66ms
[training-job-1779875840-3d0069-trainer-0] step:2267/2420 train_time:590918ms step_avg:260.66ms
[training-job-1779875840-3d0069-trainer-0] step:2268/2420 train_time:591179ms step_avg:260.66ms
[training-job-1779875840-3d0069-trainer-0] step:2269/2420 train_time:591440ms step_avg:260.66ms
[training-job-1779875840-3d0069-trainer-0] step:2270/2420 train_time:591706ms step_avg:260.66ms
[training-job-1779875840-3d0069-trainer-0] step:2271/2420 train_time:591969ms step_avg:260.66ms
[training-job-1779875840-3d0069-trainer-0] step:2272/2420 train_time:592230ms step_avg:260.66ms
[training-job-1779875840-3d0069-trainer-0] step:2273/2420 train_time:592491ms step_avg:260.66ms
[training-job-1779875840-3d0069-trainer-0] step:2274/2420 train_time:592756ms step_avg:260.67ms
[training-job-1779875840-3d0069-trainer-0] step:2275/2420 train_time:593008ms step_avg:260.66ms
[training-job-1779875840-3d0069-trainer-0] step:2276/2420 train_time:593269ms step_avg:260.66ms
[training-job-1779875840-3d0069-trainer-0] step:2277/2420 train_time:593530ms step_avg:260.66ms
[training-job-1779875840-3d0069-trainer-0] step:2278/2420 train_time:593793ms step_avg:260.66ms
[training-job-1779875840-3d0069-trainer-0] step:2279/2420 train_time:594054ms step_avg:260.66ms
[training-job-1779875840-3d0069-trainer-0] step:2280/2420 train_time:594314ms step_avg:260.66ms
[training-job-1779875840-3d0069-trainer-0] step:2281/2420 train_time:594574ms step_avg:260.66ms
[training-job-1779875840-3d0069-trainer-0] step:2282/2420 train_time:594835ms step_avg:260.66ms
[training-job-1779875840-3d0069-trainer-0] step:2283/2420 train_time:595097ms step_avg:260.66ms
[training-job-1779875840-3d0069-trainer-0] step:2284/2420 train_time:595362ms step_avg:260.67ms
[training-job-1779875840-3d0069-trainer-0] step:2285/2420 train_time:595623ms step_avg:260.67ms
[training-job-1779875840-3d0069-trainer-0] step:2286/2420 train_time:595884ms step_avg:260.67ms
[training-job-1779875840-3d0069-trainer-0] step:2287/2420 train_time:596146ms step_avg:260.67ms
[training-job-1779875840-3d0069-trainer-0] step:2288/2420 train_time:596407ms step_avg:260.67ms
[training-job-1779875840-3d0069-trainer-0] step:2289/2420 train_time:596667ms step_avg:260.67ms
[training-job-1779875840-3d0069-trainer-0] step:2290/2420 train_time:596929ms step_avg:260.67ms
[training-job-1779875840-3d0069-trainer-0] step:2291/2420 train_time:597192ms step_avg:260.67ms
[training-job-1779875840-3d0069-trainer-0] step:2292/2420 train_time:597454ms step_avg:260.67ms
[training-job-1779875840-3d0069-trainer-0] step:2293/2420 train_time:597720ms step_avg:260.67ms
[training-job-1779875840-3d0069-trainer-0] step:2294/2420 train_time:598000ms step_avg:260.68ms
[training-job-1779875840-3d0069-trainer-0] step:2295/2420 train_time:598262ms step_avg:260.68ms
[training-job-1779875840-3d0069-trainer-0] step:2296/2420 train_time:598504ms step_avg:260.67ms
[training-job-1779875840-3d0069-trainer-0] step:2297/2420 train_time:598766ms step_avg:260.67ms
[training-job-1779875840-3d0069-trainer-0] step:2298/2420 train_time:599030ms step_avg:260.67ms
[training-job-1779875840-3d0069-trainer-0] step:2299/2420 train_time:599291ms step_avg:260.67ms
[training-job-1779875840-3d0069-trainer-0] step:2300/2420 train_time:599565ms step_avg:260.68ms
[training-job-1779875840-3d0069-trainer-0] step:2301/2420 train_time:599812ms step_avg:260.67ms
[training-job-1779875840-3d0069-trainer-0] step:2302/2420 train_time:600075ms step_avg:260.68ms
[training-job-1779875840-3d0069-trainer-0] step:2303/2420 train_time:600339ms step_avg:260.68ms
[training-job-1779875840-3d0069-trainer-0] step:2304/2420 train_time:600602ms step_avg:260.68ms
[training-job-1779875840-3d0069-trainer-0] step:2305/2420 train_time:600863ms step_avg:260.68ms
[training-job-1779875840-3d0069-trainer-0] step:2306/2420 train_time:601127ms step_avg:260.68ms
[training-job-1779875840-3d0069-trainer-0] step:2307/2420 train_time:601390ms step_avg:260.68ms
[training-job-1779875840-3d0069-trainer-0] step:2308/2420 train_time:601652ms step_avg:260.68ms
[training-job-1779875840-3d0069-trainer-0] step:2309/2420 train_time:601909ms step_avg:260.68ms
[training-job-1779875840-3d0069-trainer-0] step:2310/2420 train_time:602171ms step_avg:260.68ms
[training-job-1779875840-3d0069-trainer-0] step:2311/2420 train_time:602432ms step_avg:260.68ms
[training-job-1779875840-3d0069-trainer-0] step:2312/2420 train_time:602708ms step_avg:260.69ms
[training-job-1779875840-3d0069-trainer-0] step:2313/2420 train_time:602957ms step_avg:260.68ms
[training-job-1779875840-3d0069-trainer-0] step:2314/2420 train_time:603230ms step_avg:260.69ms
[training-job-1779875840-3d0069-trainer-0] step:2315/2420 train_time:603479ms step_avg:260.68ms
[training-job-1779875840-3d0069-trainer-0] step:2316/2420 train_time:603750ms step_avg:260.69ms
[training-job-1779875840-3d0069-trainer-0] step:2317/2420 train_time:604007ms step_avg:260.68ms
[training-job-1779875840-3d0069-trainer-0] step:2318/2420 train_time:604263ms step_avg:260.68ms
[training-job-1779875840-3d0069-trainer-0] step:2319/2420 train_time:604522ms step_avg:260.68ms
[training-job-1779875840-3d0069-trainer-0] step:2320/2420 train_time:604780ms step_avg:260.68ms
[training-job-1779875840-3d0069-trainer-0] step:2321/2420 train_time:605046ms step_avg:260.68ms
[training-job-1779875840-3d0069-trainer-0] step:2322/2420 train_time:605312ms step_avg:260.69ms
[training-job-1779875840-3d0069-trainer-0] step:2323/2420 train_time:605573ms step_avg:260.69ms
[training-job-1779875840-3d0069-trainer-0] step:2324/2420 train_time:605837ms step_avg:260.69ms
[training-job-1779875840-3d0069-trainer-0] step:2325/2420 train_time:606095ms step_avg:260.69ms
[training-job-1779875840-3d0069-trainer-0] step:2326/2420 train_time:606357ms step_avg:260.69ms
[training-job-1779875840-3d0069-trainer-0] step:2327/2420 train_time:606615ms step_avg:260.69ms
[training-job-1779875840-3d0069-trainer-0] step:2328/2420 train_time:606876ms step_avg:260.69ms
[training-job-1779875840-3d0069-trainer-0] step:2329/2420 train_time:607139ms step_avg:260.69ms
[training-job-1779875840-3d0069-trainer-0] step:2330/2420 train_time:607400ms step_avg:260.69ms
[training-job-1779875840-3d0069-trainer-0] step:2331/2420 train_time:607660ms step_avg:260.69ms
[training-job-1779875840-3d0069-trainer-0] step:2332/2420 train_time:607915ms step_avg:260.68ms
[training-job-1779875840-3d0069-trainer-0] step:2333/2420 train_time:608177ms step_avg:260.68ms
[training-job-1779875840-3d0069-trainer-0] step:2334/2420 train_time:608444ms step_avg:260.69ms
[training-job-1779875840-3d0069-trainer-0] step:2335/2420 train_time:608706ms step_avg:260.69ms
[training-job-1779875840-3d0069-trainer-0] step:2336/2420 train_time:608969ms step_avg:260.69ms
[training-job-1779875840-3d0069-trainer-0] step:2337/2420 train_time:609230ms step_avg:260.69ms
[training-job-1779875840-3d0069-trainer-0] step:2338/2420 train_time:609491ms step_avg:260.69ms
[training-job-1779875840-3d0069-trainer-0] step:2339/2420 train_time:609752ms step_avg:260.69ms
[training-job-1779875840-3d0069-trainer-0] step:2340/2420 train_time:610013ms step_avg:260.69ms
[training-job-1779875840-3d0069-trainer-0] step:2341/2420 train_time:610275ms step_avg:260.69ms
[training-job-1779875840-3d0069-trainer-0] step:2342/2420 train_time:610539ms step_avg:260.69ms
[training-job-1779875840-3d0069-trainer-0] step:2343/2420 train_time:610800ms step_avg:260.69ms
[training-job-1779875840-3d0069-trainer-0] step:2344/2420 train_time:611066ms step_avg:260.69ms
[training-job-1779875840-3d0069-trainer-0] step:2345/2420 train_time:611328ms step_avg:260.69ms
[training-job-1779875840-3d0069-trainer-0] step:2346/2420 train_time:611589ms step_avg:260.69ms
[training-job-1779875840-3d0069-trainer-0] step:2347/2420 train_time:611851ms step_avg:260.70ms
[training-job-1779875840-3d0069-trainer-0] step:2348/2420 train_time:612111ms step_avg:260.69ms
[training-job-1779875840-3d0069-trainer-0] step:2349/2420 train_time:612373ms step_avg:260.70ms
[training-job-1779875840-3d0069-trainer-0] step:2350/2420 train_time:612633ms step_avg:260.70ms
[training-job-1779875840-3d0069-trainer-0] step:2351/2420 train_time:612902ms step_avg:260.70ms
[training-job-1779875840-3d0069-trainer-0] step:2352/2420 train_time:613178ms step_avg:260.70ms
[training-job-1779875840-3d0069-trainer-0] step:2353/2420 train_time:613421ms step_avg:260.70ms
[training-job-1779875840-3d0069-trainer-0] step:2354/2420 train_time:613680ms step_avg:260.70ms
[training-job-1779875840-3d0069-trainer-0] step:2355/2420 train_time:613941ms step_avg:260.70ms
[training-job-1779875840-3d0069-trainer-0] step:2356/2420 train_time:614202ms step_avg:260.70ms
[training-job-1779875840-3d0069-trainer-0] step:2357/2420 train_time:614467ms step_avg:260.70ms
[training-job-1779875840-3d0069-trainer-0] step:2358/2420 train_time:614732ms step_avg:260.70ms
[training-job-1779875840-3d0069-trainer-0] step:2359/2420 train_time:615009ms step_avg:260.71ms
[training-job-1779875840-3d0069-trainer-0] step:2360/2420 train_time:615271ms step_avg:260.71ms
[training-job-1779875840-3d0069-trainer-0] step:2361/2420 train_time:615519ms step_avg:260.70ms
[training-job-1779875840-3d0069-trainer-0] step:2362/2420 train_time:615778ms step_avg:260.70ms
[training-job-1779875840-3d0069-trainer-0] step:2363/2420 train_time:616039ms step_avg:260.70ms
[training-job-1779875840-3d0069-trainer-0] step:2364/2420 train_time:616300ms step_avg:260.70ms
[training-job-1779875840-3d0069-trainer-0] step:2365/2420 train_time:616565ms step_avg:260.70ms
[training-job-1779875840-3d0069-trainer-0] step:2366/2420 train_time:616826ms step_avg:260.70ms
[training-job-1779875840-3d0069-trainer-0] step:2367/2420 train_time:617088ms step_avg:260.70ms
[training-job-1779875840-3d0069-trainer-0] step:2368/2420 train_time:617349ms step_avg:260.70ms
[training-job-1779875840-3d0069-trainer-0] step:2369/2420 train_time:617611ms step_avg:260.71ms
[training-job-1779875840-3d0069-trainer-0] step:2370/2420 train_time:617873ms step_avg:260.71ms
[training-job-1779875840-3d0069-trainer-0] step:2371/2420 train_time:618138ms step_avg:260.71ms
[training-job-1779875840-3d0069-trainer-0] step:2372/2420 train_time:618397ms step_avg:260.71ms
[training-job-1779875840-3d0069-trainer-0] step:2373/2420 train_time:618662ms step_avg:260.71ms
[training-job-1779875840-3d0069-trainer-0] step:2374/2420 train_time:618925ms step_avg:260.71ms
[training-job-1779875840-3d0069-trainer-0] step:2375/2420 train_time:619185ms step_avg:260.71ms
[training-job-1779875840-3d0069-trainer-0] step:2376/2420 train_time:619450ms step_avg:260.71ms
[training-job-1779875840-3d0069-trainer-0] step:2377/2420 train_time:619710ms step_avg:260.71ms
[training-job-1779875840-3d0069-trainer-0] step:2378/2420 train_time:619973ms step_avg:260.71ms
[training-job-1779875840-3d0069-trainer-0] step:2379/2420 train_time:620233ms step_avg:260.71ms
[training-job-1779875840-3d0069-trainer-0] step:2380/2420 train_time:620497ms step_avg:260.71ms
[training-job-1779875840-3d0069-trainer-0] step:2381/2420 train_time:620760ms step_avg:260.71ms
[training-job-1779875840-3d0069-trainer-0] step:2382/2420 train_time:621023ms step_avg:260.71ms
[training-job-1779875840-3d0069-trainer-0] step:2383/2420 train_time:621283ms step_avg:260.71ms
[training-job-1779875840-3d0069-trainer-0] step:2384/2420 train_time:621549ms step_avg:260.72ms
[training-job-1779875840-3d0069-trainer-0] step:2385/2420 train_time:621812ms step_avg:260.72ms
[training-job-1779875840-3d0069-trainer-0] step:2386/2420 train_time:622072ms step_avg:260.72ms
[training-job-1779875840-3d0069-trainer-0] step:2387/2420 train_time:622347ms step_avg:260.72ms
[training-job-1779875840-3d0069-trainer-0] step:2388/2420 train_time:622610ms step_avg:260.72ms
[training-job-1779875840-3d0069-trainer-0] step:2389/2420 train_time:622872ms step_avg:260.73ms
[training-job-1779875840-3d0069-trainer-0] step:2390/2420 train_time:623123ms step_avg:260.72ms
[training-job-1779875840-3d0069-trainer-0] step:2391/2420 train_time:623399ms step_avg:260.73ms
[training-job-1779875840-3d0069-trainer-0] step:2392/2420 train_time:623662ms step_avg:260.73ms
[training-job-1779875840-3d0069-trainer-0] step:2393/2420 train_time:623921ms step_avg:260.73ms
[training-job-1779875840-3d0069-trainer-0] step:2394/2420 train_time:624189ms step_avg:260.73ms
[training-job-1779875840-3d0069-trainer-0] step:2395/2420 train_time:624450ms step_avg:260.73ms
[training-job-1779875840-3d0069-trainer-0] step:2396/2420 train_time:624711ms step_avg:260.73ms
[training-job-1779875840-3d0069-trainer-0] step:2397/2420 train_time:624971ms step_avg:260.73ms
[training-job-1779875840-3d0069-trainer-0] step:2398/2420 train_time:625216ms step_avg:260.72ms
[training-job-1779875840-3d0069-trainer-0] step:2399/2420 train_time:625480ms step_avg:260.73ms
[training-job-1779875840-3d0069-trainer-0] step:2400/2420 train_time:625741ms step_avg:260.73ms
[training-job-1779875840-3d0069-trainer-0] step:2401/2420 train_time:625999ms step_avg:260.72ms
[training-job-1779875840-3d0069-trainer-0] step:2402/2420 train_time:626266ms step_avg:260.73ms
[training-job-1779875840-3d0069-trainer-0] step:2403/2420 train_time:626530ms step_avg:260.73ms
[training-job-1779875840-3d0069-trainer-0] step:2404/2420 train_time:626790ms step_avg:260.73ms
[training-job-1779875840-3d0069-trainer-0] step:2405/2420 train_time:627047ms step_avg:260.73ms
[training-job-1779875840-3d0069-trainer-0] step:2406/2420 train_time:627311ms step_avg:260.73ms
[training-job-1779875840-3d0069-trainer-0] step:2407/2420 train_time:627572ms step_avg:260.73ms
[training-job-1779875840-3d0069-trainer-0] step:2408/2420 train_time:627834ms step_avg:260.73ms
[training-job-1779875840-3d0069-trainer-0] step:2409/2420 train_time:628095ms step_avg:260.73ms
[training-job-1779875840-3d0069-trainer-0] step:2410/2420 train_time:628359ms step_avg:260.73ms
[training-job-1779875840-3d0069-trainer-0] step:2411/2420 train_time:628621ms step_avg:260.73ms
[training-job-1779875840-3d0069-trainer-0] step:2412/2420 train_time:628881ms step_avg:260.73ms
[training-job-1779875840-3d0069-trainer-0] step:2413/2420 train_time:629143ms step_avg:260.73ms
[training-job-1779875840-3d0069-trainer-0] step:2414/2420 train_time:629403ms step_avg:260.73ms
[training-job-1779875840-3d0069-trainer-0] step:2415/2420 train_time:629667ms step_avg:260.73ms
[training-job-1779875840-3d0069-trainer-0] step:2416/2420 train_time:629929ms step_avg:260.73ms
[training-job-1779875840-3d0069-trainer-0] step:2417/2420 train_time:630198ms step_avg:260.74ms
[training-job-1779875840-3d0069-trainer-0] step:2418/2420 train_time:630462ms step_avg:260.74ms
[training-job-1779875840-3d0069-trainer-0] step:2419/2420 train_time:630717ms step_avg:260.73ms
[training-job-1779875840-3d0069-trainer-0] step:2420/2420 train_time:630977ms step_avg:260.73ms
[training-job-1779875840-3d0069-trainer-0] step:2420/2420 val_loss:3.2742 train_time:631165ms step_avg:260.81ms
[training-job-1779875840-3d0069-trainer-0] peak memory allocated: 19804 MiB reserved: 21734 MiB
[training-job-1779875840-3d0069-trainer-0] total training time: 631.17s (631165ms)
[training-job-1779875840-3d0069-trainer-0] === Done. Exit code: 0 ===
