[training-job-1779878412-dd320f-trainer-0] step:2126/2420 train_time:553887ms step_avg:260.53ms
[training-job-1779878412-dd320f-trainer-0] step:2127/2420 train_time:554149ms step_avg:260.53ms
[training-job-1779878412-dd320f-trainer-0] step:2128/2420 train_time:554410ms step_avg:260.53ms
[training-job-1779878412-dd320f-trainer-0] step:2129/2420 train_time:554671ms step_avg:260.53ms
[training-job-1779878412-dd320f-trainer-0] step:2130/2420 train_time:554935ms step_avg:260.53ms
[training-job-1779878412-dd320f-trainer-0] step:2131/2420 train_time:555195ms step_avg:260.53ms
[training-job-1779878412-dd320f-trainer-0] step:2132/2420 train_time:555457ms step_avg:260.53ms
[training-job-1779878412-dd320f-trainer-0] step:2133/2420 train_time:555718ms step_avg:260.53ms
[training-job-1779878412-dd320f-trainer-0] step:2134/2420 train_time:555983ms step_avg:260.54ms
[training-job-1779878412-dd320f-trainer-0] step:2135/2420 train_time:556242ms step_avg:260.53ms
[training-job-1779878412-dd320f-trainer-0] step:2136/2420 train_time:556505ms step_avg:260.54ms
[training-job-1779878412-dd320f-trainer-0] step:2137/2420 train_time:556765ms step_avg:260.54ms
[training-job-1779878412-dd320f-trainer-0] step:2138/2420 train_time:557028ms step_avg:260.54ms
[training-job-1779878412-dd320f-trainer-0] step:2139/2420 train_time:557288ms step_avg:260.54ms
[training-job-1779878412-dd320f-trainer-0] step:2140/2420 train_time:557546ms step_avg:260.54ms
[training-job-1779878412-dd320f-trainer-0] step:2141/2420 train_time:557810ms step_avg:260.54ms
[training-job-1779878412-dd320f-trainer-0] step:2142/2420 train_time:558072ms step_avg:260.54ms
[training-job-1779878412-dd320f-trainer-0] step:2143/2420 train_time:558332ms step_avg:260.54ms
[training-job-1779878412-dd320f-trainer-0] step:2144/2420 train_time:558592ms step_avg:260.54ms
[training-job-1779878412-dd320f-trainer-0] step:2145/2420 train_time:558854ms step_avg:260.54ms
[training-job-1779878412-dd320f-trainer-0] step:2146/2420 train_time:559117ms step_avg:260.54ms
[training-job-1779878412-dd320f-trainer-0] step:2147/2420 train_time:559380ms step_avg:260.54ms
[training-job-1779878412-dd320f-trainer-0] step:2148/2420 train_time:559641ms step_avg:260.54ms
[training-job-1779878412-dd320f-trainer-0] step:2149/2420 train_time:559904ms step_avg:260.54ms
[training-job-1779878412-dd320f-trainer-0] step:2150/2420 train_time:560167ms step_avg:260.54ms
[training-job-1779878412-dd320f-trainer-0] step:2151/2420 train_time:560430ms step_avg:260.54ms
[training-job-1779878412-dd320f-trainer-0] step:2152/2420 train_time:560690ms step_avg:260.54ms
[training-job-1779878412-dd320f-trainer-0] step:2153/2420 train_time:560951ms step_avg:260.54ms
[training-job-1779878412-dd320f-trainer-0] step:2154/2420 train_time:561213ms step_avg:260.54ms
[training-job-1779878412-dd320f-trainer-0] step:2155/2420 train_time:561472ms step_avg:260.54ms
[training-job-1779878412-dd320f-trainer-0] step:2156/2420 train_time:561736ms step_avg:260.55ms
[training-job-1779878412-dd320f-trainer-0] step:2157/2420 train_time:562001ms step_avg:260.55ms
[training-job-1779878412-dd320f-trainer-0] step:2158/2420 train_time:562263ms step_avg:260.55ms
[training-job-1779878412-dd320f-trainer-0] step:2159/2420 train_time:562525ms step_avg:260.55ms
[training-job-1779878412-dd320f-trainer-0] step:2160/2420 train_time:562787ms step_avg:260.55ms
[training-job-1779878412-dd320f-trainer-0] step:2161/2420 train_time:563051ms step_avg:260.55ms
[training-job-1779878412-dd320f-trainer-0] step:2162/2420 train_time:563312ms step_avg:260.55ms
[training-job-1779878412-dd320f-trainer-0] step:2163/2420 train_time:563571ms step_avg:260.55ms
[training-job-1779878412-dd320f-trainer-0] step:2164/2420 train_time:563832ms step_avg:260.55ms
[training-job-1779878412-dd320f-trainer-0] step:2165/2420 train_time:564097ms step_avg:260.55ms
[training-job-1779878412-dd320f-trainer-0] step:2166/2420 train_time:564358ms step_avg:260.55ms
[training-job-1779878412-dd320f-trainer-0] step:2167/2420 train_time:564616ms step_avg:260.55ms
[training-job-1779878412-dd320f-trainer-0] step:2168/2420 train_time:564880ms step_avg:260.55ms
[training-job-1779878412-dd320f-trainer-0] step:2169/2420 train_time:565142ms step_avg:260.55ms
[training-job-1779878412-dd320f-trainer-0] step:2170/2420 train_time:565402ms step_avg:260.55ms
[training-job-1779878412-dd320f-trainer-0] step:2171/2420 train_time:565663ms step_avg:260.55ms
[training-job-1779878412-dd320f-trainer-0] step:2172/2420 train_time:565923ms step_avg:260.55ms
[training-job-1779878412-dd320f-trainer-0] step:2173/2420 train_time:566181ms step_avg:260.55ms
[training-job-1779878412-dd320f-trainer-0] step:2174/2420 train_time:566445ms step_avg:260.55ms
[training-job-1779878412-dd320f-trainer-0] step:2175/2420 train_time:566708ms step_avg:260.56ms
[training-job-1779878412-dd320f-trainer-0] step:2176/2420 train_time:566976ms step_avg:260.56ms
[training-job-1779878412-dd320f-trainer-0] step:2177/2420 train_time:567237ms step_avg:260.56ms
[training-job-1779878412-dd320f-trainer-0] step:2178/2420 train_time:567499ms step_avg:260.56ms
[training-job-1779878412-dd320f-trainer-0] step:2179/2420 train_time:567761ms step_avg:260.56ms
[training-job-1779878412-dd320f-trainer-0] step:2180/2420 train_time:568025ms step_avg:260.56ms
[training-job-1779878412-dd320f-trainer-0] step:2181/2420 train_time:568288ms step_avg:260.56ms
[training-job-1779878412-dd320f-trainer-0] step:2182/2420 train_time:568549ms step_avg:260.56ms
[training-job-1779878412-dd320f-trainer-0] step:2183/2420 train_time:568812ms step_avg:260.56ms
[training-job-1779878412-dd320f-trainer-0] step:2184/2420 train_time:569074ms step_avg:260.57ms
[training-job-1779878412-dd320f-trainer-0] step:2185/2420 train_time:569337ms step_avg:260.57ms
[training-job-1779878412-dd320f-trainer-0] step:2186/2420 train_time:569603ms step_avg:260.57ms
[training-job-1779878412-dd320f-trainer-0] step:2187/2420 train_time:569859ms step_avg:260.57ms
[training-job-1779878412-dd320f-trainer-0] step:2188/2420 train_time:570118ms step_avg:260.57ms
[training-job-1779878412-dd320f-trainer-0] step:2189/2420 train_time:570376ms step_avg:260.56ms
[training-job-1779878412-dd320f-trainer-0] step:2190/2420 train_time:570638ms step_avg:260.57ms
[training-job-1779878412-dd320f-trainer-0] step:2191/2420 train_time:570902ms step_avg:260.57ms
[training-job-1779878412-dd320f-trainer-0] step:2192/2420 train_time:571163ms step_avg:260.57ms
[training-job-1779878412-dd320f-trainer-0] step:2193/2420 train_time:571426ms step_avg:260.57ms
[training-job-1779878412-dd320f-trainer-0] step:2194/2420 train_time:571688ms step_avg:260.57ms
[training-job-1779878412-dd320f-trainer-0] step:2195/2420 train_time:571950ms step_avg:260.57ms
[training-job-1779878412-dd320f-trainer-0] step:2196/2420 train_time:572212ms step_avg:260.57ms
[training-job-1779878412-dd320f-trainer-0] step:2197/2420 train_time:572473ms step_avg:260.57ms
[training-job-1779878412-dd320f-trainer-0] step:2198/2420 train_time:572736ms step_avg:260.57ms
[training-job-1779878412-dd320f-trainer-0] step:2199/2420 train_time:572998ms step_avg:260.57ms
[training-job-1779878412-dd320f-trainer-0] step:2200/2420 train_time:573258ms step_avg:260.57ms
[training-job-1779878412-dd320f-trainer-0] step:2201/2420 train_time:573518ms step_avg:260.57ms
[training-job-1779878412-dd320f-trainer-0] step:2202/2420 train_time:573781ms step_avg:260.57ms
[training-job-1779878412-dd320f-trainer-0] step:2203/2420 train_time:574037ms step_avg:260.57ms
[training-job-1779878412-dd320f-trainer-0] step:2204/2420 train_time:574300ms step_avg:260.57ms
[training-job-1779878412-dd320f-trainer-0] step:2205/2420 train_time:574561ms step_avg:260.57ms
[training-job-1779878412-dd320f-trainer-0] step:2206/2420 train_time:574824ms step_avg:260.57ms
[training-job-1779878412-dd320f-trainer-0] step:2207/2420 train_time:575084ms step_avg:260.57ms
[training-job-1779878412-dd320f-trainer-0] step:2208/2420 train_time:575344ms step_avg:260.57ms
[training-job-1779878412-dd320f-trainer-0] step:2209/2420 train_time:575604ms step_avg:260.57ms
[training-job-1779878412-dd320f-trainer-0] step:2210/2420 train_time:575866ms step_avg:260.57ms
[training-job-1779878412-dd320f-trainer-0] step:2211/2420 train_time:576128ms step_avg:260.57ms
[training-job-1779878412-dd320f-trainer-0] step:2212/2420 train_time:576389ms step_avg:260.57ms
[training-job-1779878412-dd320f-trainer-0] step:2213/2420 train_time:576652ms step_avg:260.57ms
[training-job-1779878412-dd320f-trainer-0] step:2214/2420 train_time:576911ms step_avg:260.57ms
[training-job-1779878412-dd320f-trainer-0] step:2215/2420 train_time:577172ms step_avg:260.57ms
[training-job-1779878412-dd320f-trainer-0] step:2216/2420 train_time:577434ms step_avg:260.57ms
[training-job-1779878412-dd320f-trainer-0] step:2217/2420 train_time:577696ms step_avg:260.58ms
[training-job-1779878412-dd320f-trainer-0] step:2218/2420 train_time:577959ms step_avg:260.58ms
[training-job-1779878412-dd320f-trainer-0] step:2219/2420 train_time:578221ms step_avg:260.58ms
[training-job-1779878412-dd320f-trainer-0] step:2220/2420 train_time:578489ms step_avg:260.58ms
[training-job-1779878412-dd320f-trainer-0] step:2221/2420 train_time:578751ms step_avg:260.58ms
[training-job-1779878412-dd320f-trainer-0] step:2222/2420 train_time:579012ms step_avg:260.58ms
[training-job-1779878412-dd320f-trainer-0] step:2223/2420 train_time:579272ms step_avg:260.58ms
[training-job-1779878412-dd320f-trainer-0] step:2224/2420 train_time:579535ms step_avg:260.58ms
[training-job-1779878412-dd320f-trainer-0] step:2225/2420 train_time:579797ms step_avg:260.58ms
[training-job-1779878412-dd320f-trainer-0] step:2226/2420 train_time:580060ms step_avg:260.58ms
[training-job-1779878412-dd320f-trainer-0] step:2227/2420 train_time:580324ms step_avg:260.59ms
[training-job-1779878412-dd320f-trainer-0] step:2228/2420 train_time:580586ms step_avg:260.59ms
[training-job-1779878412-dd320f-trainer-0] step:2229/2420 train_time:580847ms step_avg:260.59ms
[training-job-1779878412-dd320f-trainer-0] step:2230/2420 train_time:581107ms step_avg:260.59ms
[training-job-1779878412-dd320f-trainer-0] step:2231/2420 train_time:581371ms step_avg:260.59ms
[training-job-1779878412-dd320f-trainer-0] step:2232/2420 train_time:581631ms step_avg:260.59ms
[training-job-1779878412-dd320f-trainer-0] step:2233/2420 train_time:581895ms step_avg:260.59ms
[training-job-1779878412-dd320f-trainer-0] step:2234/2420 train_time:582156ms step_avg:260.59ms
[training-job-1779878412-dd320f-trainer-0] step:2235/2420 train_time:582417ms step_avg:260.59ms
[training-job-1779878412-dd320f-trainer-0] step:2236/2420 train_time:582682ms step_avg:260.59ms
[training-job-1779878412-dd320f-trainer-0] step:2237/2420 train_time:582941ms step_avg:260.59ms
[training-job-1779878412-dd320f-trainer-0] step:2238/2420 train_time:583204ms step_avg:260.59ms
[training-job-1779878412-dd320f-trainer-0] step:2239/2420 train_time:583466ms step_avg:260.59ms
[training-job-1779878412-dd320f-trainer-0] step:2240/2420 train_time:583732ms step_avg:260.59ms
[training-job-1779878412-dd320f-trainer-0] step:2241/2420 train_time:583992ms step_avg:260.59ms
[training-job-1779878412-dd320f-trainer-0] step:2242/2420 train_time:584256ms step_avg:260.60ms
[training-job-1779878412-dd320f-trainer-0] step:2243/2420 train_time:584518ms step_avg:260.60ms
[training-job-1779878412-dd320f-trainer-0] step:2244/2420 train_time:584780ms step_avg:260.60ms
[training-job-1779878412-dd320f-trainer-0] step:2245/2420 train_time:585043ms step_avg:260.60ms
[training-job-1779878412-dd320f-trainer-0] step:2246/2420 train_time:585304ms step_avg:260.60ms
[training-job-1779878412-dd320f-trainer-0] step:2247/2420 train_time:585565ms step_avg:260.60ms
[training-job-1779878412-dd320f-trainer-0] step:2248/2420 train_time:585827ms step_avg:260.60ms
[training-job-1779878412-dd320f-trainer-0] step:2249/2420 train_time:586090ms step_avg:260.60ms
[training-job-1779878412-dd320f-trainer-0] step:2250/2420 train_time:586351ms step_avg:260.60ms
[training-job-1779878412-dd320f-trainer-0] step:2250/2420 val_loss:3.3031 train_time:586537ms step_avg:260.68ms
[training-job-1779878412-dd320f-trainer-0] step:2251/2420 train_time:586722ms step_avg:260.65ms
[training-job-1779878412-dd320f-trainer-0] step:2252/2420 train_time:586963ms step_avg:260.64ms
[training-job-1779878412-dd320f-trainer-0] step:2253/2420 train_time:587223ms step_avg:260.64ms
[training-job-1779878412-dd320f-trainer-0] step:2254/2420 train_time:587485ms step_avg:260.64ms
[training-job-1779878412-dd320f-trainer-0] step:2255/2420 train_time:587744ms step_avg:260.64ms
[training-job-1779878412-dd320f-trainer-0] step:2256/2420 train_time:588005ms step_avg:260.64ms
[training-job-1779878412-dd320f-trainer-0] step:2257/2420 train_time:588265ms step_avg:260.64ms
[training-job-1779878412-dd320f-trainer-0] step:2258/2420 train_time:588528ms step_avg:260.64ms
[training-job-1779878412-dd320f-trainer-0] step:2259/2420 train_time:588787ms step_avg:260.64ms
[training-job-1779878412-dd320f-trainer-0] step:2260/2420 train_time:589049ms step_avg:260.64ms
[training-job-1779878412-dd320f-trainer-0] step:2261/2420 train_time:589310ms step_avg:260.64ms
[training-job-1779878412-dd320f-trainer-0] step:2262/2420 train_time:589569ms step_avg:260.64ms
[training-job-1779878412-dd320f-trainer-0] step:2263/2420 train_time:589831ms step_avg:260.64ms
[training-job-1779878412-dd320f-trainer-0] step:2264/2420 train_time:590094ms step_avg:260.64ms
[training-job-1779878412-dd320f-trainer-0] step:2265/2420 train_time:590358ms step_avg:260.64ms
[training-job-1779878412-dd320f-trainer-0] step:2266/2420 train_time:590619ms step_avg:260.64ms
[training-job-1779878412-dd320f-trainer-0] step:2267/2420 train_time:590884ms step_avg:260.65ms
[training-job-1779878412-dd320f-trainer-0] step:2268/2420 train_time:591145ms step_avg:260.65ms
[training-job-1779878412-dd320f-trainer-0] step:2269/2420 train_time:591405ms step_avg:260.65ms
[training-job-1779878412-dd320f-trainer-0] step:2270/2420 train_time:591669ms step_avg:260.65ms
[training-job-1779878412-dd320f-trainer-0] step:2271/2420 train_time:591932ms step_avg:260.65ms
[training-job-1779878412-dd320f-trainer-0] step:2272/2420 train_time:592195ms step_avg:260.65ms
[training-job-1779878412-dd320f-trainer-0] step:2273/2420 train_time:592457ms step_avg:260.65ms
[training-job-1779878412-dd320f-trainer-0] step:2274/2420 train_time:592719ms step_avg:260.65ms
[training-job-1779878412-dd320f-trainer-0] step:2275/2420 train_time:592980ms step_avg:260.65ms
[training-job-1779878412-dd320f-trainer-0] step:2276/2420 train_time:593241ms step_avg:260.65ms
[training-job-1779878412-dd320f-trainer-0] step:2277/2420 train_time:593501ms step_avg:260.65ms
[training-job-1779878412-dd320f-trainer-0] step:2278/2420 train_time:593764ms step_avg:260.65ms
[training-job-1779878412-dd320f-trainer-0] step:2279/2420 train_time:594026ms step_avg:260.65ms
[training-job-1779878412-dd320f-trainer-0] step:2280/2420 train_time:594285ms step_avg:260.65ms
[training-job-1779878412-dd320f-trainer-0] step:2281/2420 train_time:594546ms step_avg:260.65ms
[training-job-1779878412-dd320f-trainer-0] step:2282/2420 train_time:594808ms step_avg:260.65ms
[training-job-1779878412-dd320f-trainer-0] step:2283/2420 train_time:595070ms step_avg:260.65ms
[training-job-1779878412-dd320f-trainer-0] step:2284/2420 train_time:595333ms step_avg:260.65ms
[training-job-1779878412-dd320f-trainer-0] step:2285/2420 train_time:595597ms step_avg:260.65ms
[training-job-1779878412-dd320f-trainer-0] step:2286/2420 train_time:595859ms step_avg:260.66ms
[training-job-1779878412-dd320f-trainer-0] step:2287/2420 train_time:596121ms step_avg:260.66ms
[training-job-1779878412-dd320f-trainer-0] step:2288/2420 train_time:596384ms step_avg:260.66ms
[training-job-1779878412-dd320f-trainer-0] step:2289/2420 train_time:596651ms step_avg:260.66ms
[training-job-1779878412-dd320f-trainer-0] step:2290/2420 train_time:596909ms step_avg:260.66ms
[training-job-1779878412-dd320f-trainer-0] step:2291/2420 train_time:597173ms step_avg:260.66ms
[training-job-1779878412-dd320f-trainer-0] step:2292/2420 train_time:597435ms step_avg:260.66ms
[training-job-1779878412-dd320f-trainer-0] step:2293/2420 train_time:597701ms step_avg:260.66ms
[training-job-1779878412-dd320f-trainer-0] step:2294/2420 train_time:597963ms step_avg:260.66ms
[training-job-1779878412-dd320f-trainer-0] step:2295/2420 train_time:598226ms step_avg:260.66ms
[training-job-1779878412-dd320f-trainer-0] step:2296/2420 train_time:598485ms step_avg:260.66ms
[training-job-1779878412-dd320f-trainer-0] step:2297/2420 train_time:598751ms step_avg:260.67ms
[training-job-1779878412-dd320f-trainer-0] step:2298/2420 train_time:599010ms step_avg:260.67ms
[training-job-1779878412-dd320f-trainer-0] step:2299/2420 train_time:599274ms step_avg:260.67ms
[training-job-1779878412-dd320f-trainer-0] step:2300/2420 train_time:599533ms step_avg:260.67ms
[training-job-1779878412-dd320f-trainer-0] step:2301/2420 train_time:599798ms step_avg:260.67ms
[training-job-1779878412-dd320f-trainer-0] step:2302/2420 train_time:600060ms step_avg:260.67ms
[training-job-1779878412-dd320f-trainer-0] step:2303/2420 train_time:600322ms step_avg:260.67ms
[training-job-1779878412-dd320f-trainer-0] step:2304/2420 train_time:600584ms step_avg:260.67ms
[training-job-1779878412-dd320f-trainer-0] step:2305/2420 train_time:600844ms step_avg:260.67ms
[training-job-1779878412-dd320f-trainer-0] step:2306/2420 train_time:601104ms step_avg:260.67ms
[training-job-1779878412-dd320f-trainer-0] step:2307/2420 train_time:601367ms step_avg:260.67ms
[training-job-1779878412-dd320f-trainer-0] step:2308/2420 train_time:601628ms step_avg:260.67ms
[training-job-1779878412-dd320f-trainer-0] step:2309/2420 train_time:601893ms step_avg:260.67ms
[training-job-1779878412-dd320f-trainer-0] step:2310/2420 train_time:602156ms step_avg:260.67ms
[training-job-1779878412-dd320f-trainer-0] step:2311/2420 train_time:602416ms step_avg:260.67ms
[training-job-1779878412-dd320f-trainer-0] step:2312/2420 train_time:602679ms step_avg:260.67ms
[training-job-1779878412-dd320f-trainer-0] step:2313/2420 train_time:602940ms step_avg:260.67ms
[training-job-1779878412-dd320f-trainer-0] step:2314/2420 train_time:603201ms step_avg:260.67ms
[training-job-1779878412-dd320f-trainer-0] step:2315/2420 train_time:603462ms step_avg:260.67ms
[training-job-1779878412-dd320f-trainer-0] step:2316/2420 train_time:603726ms step_avg:260.68ms
[training-job-1779878412-dd320f-trainer-0] step:2317/2420 train_time:603986ms step_avg:260.68ms
[training-job-1779878412-dd320f-trainer-0] step:2318/2420 train_time:604246ms step_avg:260.68ms
[training-job-1779878412-dd320f-trainer-0] step:2319/2420 train_time:604506ms step_avg:260.68ms
[training-job-1779878412-dd320f-trainer-0] step:2320/2420 train_time:604768ms step_avg:260.68ms
[training-job-1779878412-dd320f-trainer-0] step:2321/2420 train_time:605031ms step_avg:260.68ms
[training-job-1779878412-dd320f-trainer-0] step:2322/2420 train_time:605290ms step_avg:260.68ms
[training-job-1779878412-dd320f-trainer-0] step:2323/2420 train_time:605551ms step_avg:260.68ms
[training-job-1779878412-dd320f-trainer-0] step:2324/2420 train_time:605816ms step_avg:260.68ms
[training-job-1779878412-dd320f-trainer-0] step:2325/2420 train_time:606076ms step_avg:260.68ms
[training-job-1779878412-dd320f-trainer-0] step:2326/2420 train_time:606340ms step_avg:260.68ms
[training-job-1779878412-dd320f-trainer-0] step:2327/2420 train_time:606598ms step_avg:260.68ms
[training-job-1779878412-dd320f-trainer-0] step:2328/2420 train_time:606861ms step_avg:260.68ms
[training-job-1779878412-dd320f-trainer-0] step:2329/2420 train_time:607126ms step_avg:260.68ms
[training-job-1779878412-dd320f-trainer-0] step:2330/2420 train_time:607386ms step_avg:260.68ms
[training-job-1779878412-dd320f-trainer-0] step:2331/2420 train_time:607647ms step_avg:260.68ms
[training-job-1779878412-dd320f-trainer-0] step:2332/2420 train_time:607907ms step_avg:260.68ms
[training-job-1779878412-dd320f-trainer-0] step:2333/2420 train_time:608167ms step_avg:260.68ms
[training-job-1779878412-dd320f-trainer-0] step:2334/2420 train_time:608432ms step_avg:260.68ms
[training-job-1779878412-dd320f-trainer-0] step:2335/2420 train_time:608693ms step_avg:260.68ms
[training-job-1779878412-dd320f-trainer-0] step:2336/2420 train_time:608956ms step_avg:260.68ms
[training-job-1779878412-dd320f-trainer-0] step:2337/2420 train_time:609219ms step_avg:260.68ms
[training-job-1779878412-dd320f-trainer-0] step:2338/2420 train_time:609478ms step_avg:260.68ms
[training-job-1779878412-dd320f-trainer-0] step:2339/2420 train_time:609739ms step_avg:260.68ms
[training-job-1779878412-dd320f-trainer-0] step:2340/2420 train_time:610003ms step_avg:260.68ms
[training-job-1779878412-dd320f-trainer-0] step:2341/2420 train_time:610263ms step_avg:260.68ms
[training-job-1779878412-dd320f-trainer-0] step:2342/2420 train_time:610525ms step_avg:260.69ms
[training-job-1779878412-dd320f-trainer-0] step:2343/2420 train_time:610788ms step_avg:260.69ms
[training-job-1779878412-dd320f-trainer-0] step:2344/2420 train_time:611052ms step_avg:260.69ms
[training-job-1779878412-dd320f-trainer-0] step:2345/2420 train_time:611317ms step_avg:260.69ms
[training-job-1779878412-dd320f-trainer-0] step:2346/2420 train_time:611578ms step_avg:260.69ms
[training-job-1779878412-dd320f-trainer-0] step:2347/2420 train_time:611840ms step_avg:260.69ms
[training-job-1779878412-dd320f-trainer-0] step:2348/2420 train_time:612102ms step_avg:260.69ms
[training-job-1779878412-dd320f-trainer-0] step:2349/2420 train_time:612364ms step_avg:260.69ms
[training-job-1779878412-dd320f-trainer-0] step:2350/2420 train_time:612625ms step_avg:260.69ms
[training-job-1779878412-dd320f-trainer-0] step:2351/2420 train_time:612890ms step_avg:260.69ms
[training-job-1779878412-dd320f-trainer-0] step:2352/2420 train_time:613150ms step_avg:260.69ms
[training-job-1779878412-dd320f-trainer-0] step:2353/2420 train_time:613410ms step_avg:260.69ms
[training-job-1779878412-dd320f-trainer-0] step:2354/2420 train_time:613672ms step_avg:260.69ms
[training-job-1779878412-dd320f-trainer-0] step:2355/2420 train_time:613931ms step_avg:260.69ms
[training-job-1779878412-dd320f-trainer-0] step:2356/2420 train_time:614192ms step_avg:260.69ms
[training-job-1779878412-dd320f-trainer-0] step:2357/2420 train_time:614457ms step_avg:260.69ms
[training-job-1779878412-dd320f-trainer-0] step:2358/2420 train_time:614722ms step_avg:260.70ms
[training-job-1779878412-dd320f-trainer-0] step:2359/2420 train_time:614985ms step_avg:260.70ms
[training-job-1779878412-dd320f-trainer-0] step:2360/2420 train_time:615246ms step_avg:260.70ms
[training-job-1779878412-dd320f-trainer-0] step:2361/2420 train_time:615512ms step_avg:260.70ms
[training-job-1779878412-dd320f-trainer-0] step:2362/2420 train_time:615772ms step_avg:260.70ms
[training-job-1779878412-dd320f-trainer-0] step:2363/2420 train_time:616033ms step_avg:260.70ms
[training-job-1779878412-dd320f-trainer-0] step:2364/2420 train_time:616295ms step_avg:260.70ms
[training-job-1779878412-dd320f-trainer-0] step:2365/2420 train_time:616562ms step_avg:260.70ms
[training-job-1779878412-dd320f-trainer-0] step:2366/2420 train_time:616827ms step_avg:260.70ms
[training-job-1779878412-dd320f-trainer-0] step:2367/2420 train_time:617088ms step_avg:260.70ms
[training-job-1779878412-dd320f-trainer-0] step:2368/2420 train_time:617351ms step_avg:260.71ms
[training-job-1779878412-dd320f-trainer-0] step:2369/2420 train_time:617615ms step_avg:260.71ms
[training-job-1779878412-dd320f-trainer-0] step:2370/2420 train_time:617875ms step_avg:260.71ms
[training-job-1779878412-dd320f-trainer-0] step:2371/2420 train_time:618138ms step_avg:260.71ms
[training-job-1779878412-dd320f-trainer-0] step:2372/2420 train_time:618396ms step_avg:260.71ms
[training-job-1779878412-dd320f-trainer-0] step:2373/2420 train_time:618660ms step_avg:260.71ms
[training-job-1779878412-dd320f-trainer-0] step:2374/2420 train_time:618925ms step_avg:260.71ms
[training-job-1779878412-dd320f-trainer-0] step:2375/2420 train_time:619187ms step_avg:260.71ms
[training-job-1779878412-dd320f-trainer-0] step:2376/2420 train_time:619446ms step_avg:260.71ms
[training-job-1779878412-dd320f-trainer-0] step:2377/2420 train_time:619709ms step_avg:260.71ms
[training-job-1779878412-dd320f-trainer-0] step:2378/2420 train_time:619974ms step_avg:260.71ms
[training-job-1779878412-dd320f-trainer-0] step:2379/2420 train_time:620235ms step_avg:260.71ms
[training-job-1779878412-dd320f-trainer-0] step:2380/2420 train_time:620496ms step_avg:260.71ms
[training-job-1779878412-dd320f-trainer-0] step:2381/2420 train_time:620758ms step_avg:260.71ms
[training-job-1779878412-dd320f-trainer-0] step:2382/2420 train_time:621025ms step_avg:260.72ms
[training-job-1779878412-dd320f-trainer-0] step:2383/2420 train_time:621286ms step_avg:260.72ms
[training-job-1779878412-dd320f-trainer-0] step:2384/2420 train_time:621552ms step_avg:260.72ms
[training-job-1779878412-dd320f-trainer-0] step:2385/2420 train_time:621816ms step_avg:260.72ms
[training-job-1779878412-dd320f-trainer-0] step:2386/2420 train_time:622078ms step_avg:260.72ms
[training-job-1779878412-dd320f-trainer-0] step:2387/2420 train_time:622339ms step_avg:260.72ms
[training-job-1779878412-dd320f-trainer-0] step:2388/2420 train_time:622605ms step_avg:260.72ms
[training-job-1779878412-dd320f-trainer-0] step:2389/2420 train_time:622866ms step_avg:260.72ms
[training-job-1779878412-dd320f-trainer-0] step:2390/2420 train_time:623132ms step_avg:260.72ms
[training-job-1779878412-dd320f-trainer-0] step:2391/2420 train_time:623393ms step_avg:260.72ms
[training-job-1779878412-dd320f-trainer-0] step:2392/2420 train_time:623656ms step_avg:260.73ms
[training-job-1779878412-dd320f-trainer-0] step:2393/2420 train_time:623917ms step_avg:260.73ms
[training-job-1779878412-dd320f-trainer-0] step:2394/2420 train_time:624183ms step_avg:260.73ms
[training-job-1779878412-dd320f-trainer-0] step:2395/2420 train_time:624445ms step_avg:260.73ms
[training-job-1779878412-dd320f-trainer-0] step:2396/2420 train_time:624707ms step_avg:260.73ms
[training-job-1779878412-dd320f-trainer-0] step:2397/2420 train_time:624969ms step_avg:260.73ms
[training-job-1779878412-dd320f-trainer-0] step:2398/2420 train_time:625231ms step_avg:260.73ms
[training-job-1779878412-dd320f-trainer-0] step:2399/2420 train_time:625493ms step_avg:260.73ms
[training-job-1779878412-dd320f-trainer-0] step:2400/2420 train_time:625755ms step_avg:260.73ms
[training-job-1779878412-dd320f-trainer-0] step:2401/2420 train_time:626016ms step_avg:260.73ms
[training-job-1779878412-dd320f-trainer-0] step:2402/2420 train_time:626282ms step_avg:260.73ms
[training-job-1779878412-dd320f-trainer-0] step:2403/2420 train_time:626544ms step_avg:260.73ms
[training-job-1779878412-dd320f-trainer-0] step:2404/2420 train_time:626804ms step_avg:260.73ms
[training-job-1779878412-dd320f-trainer-0] step:2405/2420 train_time:627064ms step_avg:260.73ms
[training-job-1779878412-dd320f-trainer-0] step:2406/2420 train_time:627325ms step_avg:260.73ms
[training-job-1779878412-dd320f-trainer-0] step:2407/2420 train_time:627588ms step_avg:260.73ms
[training-job-1779878412-dd320f-trainer-0] step:2408/2420 train_time:627850ms step_avg:260.74ms
[training-job-1779878412-dd320f-trainer-0] step:2409/2420 train_time:628110ms step_avg:260.73ms
[training-job-1779878412-dd320f-trainer-0] step:2410/2420 train_time:628376ms step_avg:260.74ms
[training-job-1779878412-dd320f-trainer-0] step:2411/2420 train_time:628637ms step_avg:260.74ms
[training-job-1779878412-dd320f-trainer-0] step:2412/2420 train_time:628899ms step_avg:260.74ms
[training-job-1779878412-dd320f-trainer-0] step:2413/2420 train_time:629158ms step_avg:260.74ms
[training-job-1779878412-dd320f-trainer-0] step:2414/2420 train_time:629421ms step_avg:260.74ms
[training-job-1779878412-dd320f-trainer-0] step:2415/2420 train_time:629684ms step_avg:260.74ms
[training-job-1779878412-dd320f-trainer-0] step:2416/2420 train_time:629946ms step_avg:260.74ms
[training-job-1779878412-dd320f-trainer-0] step:2417/2420 train_time:630209ms step_avg:260.74ms
[training-job-1779878412-dd320f-trainer-0] step:2418/2420 train_time:630469ms step_avg:260.74ms
[training-job-1779878412-dd320f-trainer-0] step:2419/2420 train_time:630730ms step_avg:260.74ms
[training-job-1779878412-dd320f-trainer-0] step:2420/2420 train_time:630992ms step_avg:260.74ms
[training-job-1779878412-dd320f-trainer-0] step:2420/2420 val_loss:3.2779 train_time:631179ms step_avg:260.82ms
[training-job-1779878412-dd320f-trainer-0] peak memory allocated: 19804 MiB reserved: 21734 MiB
[training-job-1779878412-dd320f-trainer-0] total training time: 631.18s (631179ms)
[training-job-1779878412-dd320f-trainer-0] === Done. Exit code: 0 ===
