W0525 14:12:14.418000 243 site-packages/torch/distributed/run.py:766] 
W0525 14:12:14.418000 243 site-packages/torch/distributed/run.py:766] *****************************************
W0525 14:12:14.418000 243 site-packages/torch/distributed/run.py:766] Setting OMP_NUM_THREADS environment variable for each process to be 1 in default, to avoid your system being overloaded, please further tune the variable for optimal performance in your application as needed. 
W0525 14:12:14.418000 243 site-packages/torch/distributed/run.py:766] *****************************************
/root/miniconda3/envs/llm_test/lib/python3.10/site-packages/torch/autograd/__init__.py:221: UserWarning: Cannot create tensor with interal format while allow_internel_format=False, tensor will be created with base format. (Triggered internally at build/CMakeFiles/torch_npu.dir/compiler_depend.ts:338.)
  torch.ones_like(out, memory_format=torch.preserve_format)
/root/miniconda3/envs/llm_test/lib/python3.10/site-packages/torch/autograd/__init__.py:221: UserWarning: Cannot create tensor with interal format while allow_internel_format=False, tensor will be created with base format. (Triggered internally at build/CMakeFiles/torch_npu.dir/compiler_depend.ts:338.)
  torch.ones_like(out, memory_format=torch.preserve_format)
/root/miniconda3/envs/llm_test/lib/python3.10/site-packages/torch/autograd/__init__.py:221: UserWarning: Cannot create tensor with interal format while allow_internel_format=False, tensor will be created with base format. (Triggered internally at build/CMakeFiles/torch_npu.dir/compiler_depend.ts:338.)
  torch.ones_like(out, memory_format=torch.preserve_format)
/root/miniconda3/envs/llm_test/lib/python3.10/site-packages/torch/autograd/__init__.py:221: UserWarning: Cannot create tensor with interal format while allow_internel_format=False, tensor will be created with base format. (Triggered internally at build/CMakeFiles/torch_npu.dir/compiler_depend.ts:338.)
  torch.ones_like(out, memory_format=torch.preserve_format)
/root/miniconda3/envs/llm_test/lib/python3.10/site-packages/torch/autograd/__init__.py:221: UserWarning: Cannot create tensor with interal format while allow_internel_format=False, tensor will be created with base format. (Triggered internally at build/CMakeFiles/torch_npu.dir/compiler_depend.ts:338.)
  torch.ones_like(out, memory_format=torch.preserve_format)
/root/miniconda3/envs/llm_test/lib/python3.10/site-packages/torch/autograd/__init__.py:221: UserWarning: Cannot create tensor with interal format while allow_internel_format=False, tensor will be created with base format. (Triggered internally at build/CMakeFiles/torch_npu.dir/compiler_depend.ts:338.)
  torch.ones_like(out, memory_format=torch.preserve_format)
/root/miniconda3/envs/llm_test/lib/python3.10/site-packages/torch/autograd/__init__.py:221: UserWarning: Cannot create tensor with interal format while allow_internel_format=False, tensor will be created with base format. (Triggered internally at build/CMakeFiles/torch_npu.dir/compiler_depend.ts:338.)
  torch.ones_like(out, memory_format=torch.preserve_format)
/root/miniconda3/envs/llm_test/lib/python3.10/site-packages/torch/autograd/__init__.py:221: UserWarning: Cannot create tensor with interal format while allow_internel_format=False, tensor will be created with base format. (Triggered internally at build/CMakeFiles/torch_npu.dir/compiler_depend.ts:338.)
  torch.ones_like(out, memory_format=torch.preserve_format)
/root/miniconda3/envs/llm_test/lib/python3.10/site-packages/torch/autograd/__init__.py:221: UserWarning: Cannot create tensor with interal format while allow_internel_format=False, tensor will be created with base format. (Triggered internally at build/CMakeFiles/torch_npu.dir/compiler_depend.ts:338.)
  torch.ones_like(out, memory_format=torch.preserve_format)
/root/miniconda3/envs/llm_test/lib/python3.10/site-packages/torch/autograd/__init__.py:221: UserWarning: Cannot create tensor with interal format while allow_internel_format=False, tensor will be created with base format. (Triggered internally at build/CMakeFiles/torch_npu.dir/compiler_depend.ts:338.)
  torch.ones_like(out, memory_format=torch.preserve_format)
/root/miniconda3/envs/llm_test/lib/python3.10/site-packages/torch/autograd/__init__.py:221: UserWarning: Cannot create tensor with interal format while allow_internel_format=False, tensor will be created with base format. (Triggered internally at build/CMakeFiles/torch_npu.dir/compiler_depend.ts:338.)
  torch.ones_like(out, memory_format=torch.preserve_format)
/root/miniconda3/envs/llm_test/lib/python3.10/site-packages/torch/autograd/__init__.py:221: UserWarning: Cannot create tensor with interal format while allow_internel_format=False, tensor will be created with base format. (Triggered internally at build/CMakeFiles/torch_npu.dir/compiler_depend.ts:338.)
  torch.ones_like(out, memory_format=torch.preserve_format)
/root/miniconda3/envs/llm_test/lib/python3.10/site-packages/torch/autograd/__init__.py:221: UserWarning: Cannot create tensor with interal format while allow_internel_format=False, tensor will be created with base format. (Triggered internally at build/CMakeFiles/torch_npu.dir/compiler_depend.ts:338.)
  torch.ones_like(out, memory_format=torch.preserve_format)
/root/miniconda3/envs/llm_test/lib/python3.10/site-packages/torch/autograd/__init__.py:221: UserWarning: Cannot create tensor with interal format while allow_internel_format=False, tensor will be created with base format. (Triggered internally at build/CMakeFiles/torch_npu.dir/compiler_depend.ts:338.)
  torch.ones_like(out, memory_format=torch.preserve_format)
/root/miniconda3/envs/llm_test/lib/python3.10/site-packages/torch/autograd/__init__.py:221: UserWarning: Cannot create tensor with interal format while allow_internel_format=False, tensor will be created with base format. (Triggered internally at build/CMakeFiles/torch_npu.dir/compiler_depend.ts:338.)
  torch.ones_like(out, memory_format=torch.preserve_format)
/root/miniconda3/envs/llm_test/lib/python3.10/site-packages/torch/autograd/__init__.py:221: UserWarning: Cannot create tensor with interal format while allow_internel_format=False, tensor will be created with base format. (Triggered internally at build/CMakeFiles/torch_npu.dir/compiler_depend.ts:338.)
  torch.ones_like(out, memory_format=torch.preserve_format)
/root/miniconda3/envs/llm_test/lib/python3.10/site-packages/torch/distributed/distributed_c10d.py:4631: UserWarning: No device id is provided via `init_process_group` or `barrier `. Using the current device set by the user. 
  warnings.warn(  # warn only once
/root/miniconda3/envs/llm_test/lib/python3.10/site-packages/torch/distributed/distributed_c10d.py:4631: UserWarning: No device id is provided via `init_process_group` or `barrier `. Using the current device set by the user. 
  warnings.warn(  # warn only once
/root/miniconda3/envs/llm_test/lib/python3.10/site-packages/torch/distributed/distributed_c10d.py:4631: UserWarning: No device id is provided via `init_process_group` or `barrier `. Using the current device set by the user. 
  warnings.warn(  # warn only once
/root/miniconda3/envs/llm_test/lib/python3.10/site-packages/torch/distributed/distributed_c10d.py:4631: UserWarning: No device id is provided via `init_process_group` or `barrier `. Using the current device set by the user. 
  warnings.warn(  # warn only once
/root/miniconda3/envs/llm_test/lib/python3.10/site-packages/torch/distributed/distributed_c10d.py:4631: UserWarning: No device id is provided via `init_process_group` or `barrier `. Using the current device set by the user. 
  warnings.warn(  # warn only once
/root/miniconda3/envs/llm_test/lib/python3.10/site-packages/torch/distributed/distributed_c10d.py:4631: UserWarning: No device id is provided via `init_process_group` or `barrier `. Using the current device set by the user. 
  warnings.warn(  # warn only once
/root/miniconda3/envs/llm_test/lib/python3.10/site-packages/torch/distributed/distributed_c10d.py:4631: UserWarning: No device id is provided via `init_process_group` or `barrier `. Using the current device set by the user. 
  warnings.warn(  # warn only once
/root/miniconda3/envs/llm_test/lib/python3.10/site-packages/torch/distributed/distributed_c10d.py:4631: UserWarning: No device id is provided via `init_process_group` or `barrier `. Using the current device set by the user. 
  warnings.warn(  # warn only once
/root/miniconda3/envs/llm_test/lib/python3.10/site-packages/torch/distributed/distributed_c10d.py:4631: UserWarning: No device id is provided via `init_process_group` or `barrier `. Using the current device set by the user. 
  warnings.warn(  # warn only once
/root/miniconda3/envs/llm_test/lib/python3.10/site-packages/torch/distributed/distributed_c10d.py:4631: UserWarning: No device id is provided via `init_process_group` or `barrier `. Using the current device set by the user. 
  warnings.warn(  # warn only once
/root/miniconda3/envs/llm_test/lib/python3.10/site-packages/torch/distributed/distributed_c10d.py:4631: UserWarning: No device id is provided via `init_process_group` or `barrier `. Using the current device set by the user. 
  warnings.warn(  # warn only once
/root/miniconda3/envs/llm_test/lib/python3.10/site-packages/torch/distributed/distributed_c10d.py:4631: UserWarning: No device id is provided via `init_process_group` or `barrier `. Using the current device set by the user. 
  warnings.warn(  # warn only once
/root/miniconda3/envs/llm_test/lib/python3.10/site-packages/torch/distributed/distributed_c10d.py:4631: UserWarning: No device id is provided via `init_process_group` or `barrier `. Using the current device set by the user. 
  warnings.warn(  # warn only once
/root/miniconda3/envs/llm_test/lib/python3.10/site-packages/torch/distributed/distributed_c10d.py:4631: UserWarning: No device id is provided via `init_process_group` or `barrier `. Using the current device set by the user. 
  warnings.warn(  # warn only once
/root/miniconda3/envs/llm_test/lib/python3.10/site-packages/torch/distributed/distributed_c10d.py:4631: UserWarning: No device id is provided via `init_process_group` or `barrier `. Using the current device set by the user. 
  warnings.warn(  # warn only once
/root/miniconda3/envs/llm_test/lib/python3.10/site-packages/torch/distributed/distributed_c10d.py:4631: UserWarning: No device id is provided via `init_process_group` or `barrier `. Using the current device set by the user. 
  warnings.warn(  # warn only once
logs/smear/b68294bd-4a16-444b-b72f-9cb50bd08b4d
/root/miniconda3/envs/llm_test/lib/python3.10/site-packages/torch_npu/utils/storage.py:89: UserWarning: TypedStorage is deprecated. It will be removed in the future and UntypedStorage will be the only storage class. This should only matter to you if you are using storages directly.  To access UntypedStorage directly, use tensor.untyped_storage() instead of tensor.storage()
  if self.device.type != 'cpu':
step:0/1645 val_loss:10.825841 train_time:0ms step_avg:0.10ms
step:1/1645 train_time:1223ms step_avg:1222.78ms
step:2/1645 train_time:1336ms step_avg:668.04ms
step:3/1645 train_time:1738ms step_avg:579.44ms
step:4/1645 train_time:2141ms step_avg:535.28ms
step:5/1645 train_time:2547ms step_avg:509.36ms
step:6/1645 train_time:2942ms step_avg:490.31ms
step:7/1645 train_time:3346ms step_avg:477.96ms
step:8/1645 train_time:3749ms step_avg:468.66ms
step:9/1645 train_time:4153ms step_avg:461.43ms
step:10/1645 train_time:4554ms step_avg:455.45ms
step:11/1645 train_time:4956ms step_avg:450.58ms
step:12/1645 train_time:5363ms step_avg:446.94ms
step:13/1645 train_time:5765ms step_avg:443.46ms
step:14/1645 train_time:6167ms step_avg:440.51ms
step:15/1645 train_time:6569ms step_avg:437.90ms
step:16/1645 train_time:6967ms step_avg:435.44ms
step:17/1645 train_time:7366ms step_avg:433.31ms
step:18/1645 train_time:7764ms step_avg:431.32ms
step:19/1645 train_time:8175ms step_avg:430.25ms
step:20/1645 train_time:8575ms step_avg:428.77ms
step:21/1645 train_time:8976ms step_avg:427.44ms
step:22/1645 train_time:9380ms step_avg:426.35ms
step:23/1645 train_time:9774ms step_avg:424.94ms
step:24/1645 train_time:10176ms step_avg:424.00ms
step:25/1645 train_time:10573ms step_avg:422.91ms
step:26/1645 train_time:10975ms step_avg:422.11ms
step:27/1645 train_time:11382ms step_avg:421.55ms
step:28/1645 train_time:11781ms step_avg:420.74ms
step:29/1645 train_time:12182ms step_avg:420.06ms
step:30/1645 train_time:12584ms step_avg:419.47ms
step:31/1645 train_time:12983ms step_avg:418.80ms
step:32/1645 train_time:13382ms step_avg:418.19ms
step:33/1645 train_time:13782ms step_avg:417.64ms
step:34/1645 train_time:14187ms step_avg:417.27ms
step:35/1645 train_time:14589ms step_avg:416.83ms
step:36/1645 train_time:14986ms step_avg:416.28ms
step:37/1645 train_time:15385ms step_avg:415.80ms
step:38/1645 train_time:15783ms step_avg:415.34ms
step:39/1645 train_time:16185ms step_avg:415.00ms
step:40/1645 train_time:16587ms step_avg:414.67ms
step:41/1645 train_time:16986ms step_avg:414.30ms
step:42/1645 train_time:17394ms step_avg:414.13ms
step:43/1645 train_time:17795ms step_avg:413.83ms
step:44/1645 train_time:18198ms step_avg:413.60ms
step:45/1645 train_time:18598ms step_avg:413.28ms
step:46/1645 train_time:18996ms step_avg:412.95ms
step:47/1645 train_time:19394ms step_avg:412.65ms
step:48/1645 train_time:19805ms step_avg:412.61ms
step:49/1645 train_time:20195ms step_avg:412.15ms
step:50/1645 train_time:20597ms step_avg:411.94ms
step:51/1645 train_time:21000ms step_avg:411.77ms
step:52/1645 train_time:21401ms step_avg:411.55ms
step:53/1645 train_time:21800ms step_avg:411.32ms
step:54/1645 train_time:22202ms step_avg:411.14ms
step:55/1645 train_time:22601ms step_avg:410.92ms
step:56/1645 train_time:23000ms step_avg:410.72ms
step:57/1645 train_time:23403ms step_avg:410.58ms
step:58/1645 train_time:23805ms step_avg:410.44ms
step:59/1645 train_time:24207ms step_avg:410.29ms
step:60/1645 train_time:24613ms step_avg:410.22ms
step:61/1645 train_time:25012ms step_avg:410.03ms
step:62/1645 train_time:25414ms step_avg:409.90ms
step:63/1645 train_time:25880ms step_avg:410.79ms
step:64/1645 train_time:26209ms step_avg:409.52ms
step:65/1645 train_time:26612ms step_avg:409.42ms
step:66/1645 train_time:27008ms step_avg:409.21ms
step:67/1645 train_time:27405ms step_avg:409.03ms
step:68/1645 train_time:27805ms step_avg:408.90ms
step:69/1645 train_time:28209ms step_avg:408.82ms
step:70/1645 train_time:28613ms step_avg:408.75ms
step:71/1645 train_time:29013ms step_avg:408.63ms
step:72/1645 train_time:29416ms step_avg:408.55ms
step:73/1645 train_time:29815ms step_avg:408.42ms
step:74/1645 train_time:30220ms step_avg:408.38ms
step:75/1645 train_time:30624ms step_avg:408.31ms
step:76/1645 train_time:31023ms step_avg:408.19ms
step:77/1645 train_time:31428ms step_avg:408.15ms
step:78/1645 train_time:31826ms step_avg:408.03ms
step:79/1645 train_time:32229ms step_avg:407.96ms
step:80/1645 train_time:32633ms step_avg:407.91ms
step:81/1645 train_time:33031ms step_avg:407.79ms
step:82/1645 train_time:33432ms step_avg:407.71ms
step:83/1645 train_time:33838ms step_avg:407.69ms
step:84/1645 train_time:34237ms step_avg:407.59ms
step:85/1645 train_time:34637ms step_avg:407.49ms
step:86/1645 train_time:35046ms step_avg:407.51ms
step:87/1645 train_time:35444ms step_avg:407.40ms
step:88/1645 train_time:35846ms step_avg:407.34ms
step:89/1645 train_time:36262ms step_avg:407.43ms
step:90/1645 train_time:36668ms step_avg:407.42ms
step:91/1645 train_time:37069ms step_avg:407.35ms
step:92/1645 train_time:37468ms step_avg:407.26ms
step:93/1645 train_time:37870ms step_avg:407.21ms
step:94/1645 train_time:38270ms step_avg:407.13ms
step:95/1645 train_time:38672ms step_avg:407.07ms
step:96/1645 train_time:39070ms step_avg:406.98ms
step:97/1645 train_time:39473ms step_avg:406.94ms
step:98/1645 train_time:39876ms step_avg:406.90ms
step:99/1645 train_time:40278ms step_avg:406.85ms
step:100/1645 train_time:40679ms step_avg:406.79ms
step:101/1645 train_time:41082ms step_avg:406.75ms
step:102/1645 train_time:41482ms step_avg:406.68ms
step:103/1645 train_time:41883ms step_avg:406.63ms
step:104/1645 train_time:42267ms step_avg:406.41ms
step:105/1645 train_time:42665ms step_avg:406.33ms
step:106/1645 train_time:43069ms step_avg:406.31ms
step:107/1645 train_time:43471ms step_avg:406.27ms
step:108/1645 train_time:43869ms step_avg:406.20ms
step:109/1645 train_time:44270ms step_avg:406.15ms
step:110/1645 train_time:44668ms step_avg:406.07ms
step:111/1645 train_time:45075ms step_avg:406.08ms
step:112/1645 train_time:45474ms step_avg:406.02ms
step:113/1645 train_time:45879ms step_avg:406.01ms
step:114/1645 train_time:46277ms step_avg:405.94ms
step:115/1645 train_time:46680ms step_avg:405.91ms
step:116/1645 train_time:47081ms step_avg:405.87ms
step:117/1645 train_time:47487ms step_avg:405.87ms
step:118/1645 train_time:47890ms step_avg:405.84ms
step:119/1645 train_time:48290ms step_avg:405.80ms
step:120/1645 train_time:48690ms step_avg:405.75ms
step:121/1645 train_time:49092ms step_avg:405.72ms
step:122/1645 train_time:49494ms step_avg:405.69ms
step:123/1645 train_time:49897ms step_avg:405.66ms
step:124/1645 train_time:50298ms step_avg:405.63ms
step:125/1645 train_time:50695ms step_avg:405.56ms
step:125/1645 val_loss:4.320590 train_time:50997ms step_avg:407.97ms
step:126/1645 train_time:51294ms step_avg:407.10ms
step:127/1645 train_time:51645ms step_avg:406.65ms
step:128/1645 train_time:52044ms step_avg:406.59ms
step:129/1645 train_time:52445ms step_avg:406.55ms
step:130/1645 train_time:52850ms step_avg:406.54ms
step:131/1645 train_time:53250ms step_avg:406.48ms
step:132/1645 train_time:53650ms step_avg:406.44ms
step:133/1645 train_time:54050ms step_avg:406.39ms
step:134/1645 train_time:54452ms step_avg:406.36ms
step:135/1645 train_time:54852ms step_avg:406.31ms
step:136/1645 train_time:55251ms step_avg:406.26ms
step:137/1645 train_time:55653ms step_avg:406.23ms
step:138/1645 train_time:56053ms step_avg:406.18ms
step:139/1645 train_time:56456ms step_avg:406.16ms
step:140/1645 train_time:56856ms step_avg:406.12ms
step:141/1645 train_time:57260ms step_avg:406.10ms
step:142/1645 train_time:57659ms step_avg:406.05ms
step:143/1645 train_time:58063ms step_avg:406.04ms
step:144/1645 train_time:58462ms step_avg:405.99ms
step:145/1645 train_time:58861ms step_avg:405.94ms
step:146/1645 train_time:59265ms step_avg:405.93ms
step:147/1645 train_time:59661ms step_avg:405.86ms
step:148/1645 train_time:60062ms step_avg:405.82ms
step:149/1645 train_time:60465ms step_avg:405.81ms
step:150/1645 train_time:60865ms step_avg:405.77ms
step:151/1645 train_time:61266ms step_avg:405.73ms
step:152/1645 train_time:61667ms step_avg:405.70ms
step:153/1645 train_time:62066ms step_avg:405.66ms
step:154/1645 train_time:62467ms step_avg:405.63ms
step:155/1645 train_time:62864ms step_avg:405.57ms
step:156/1645 train_time:63265ms step_avg:405.54ms
step:157/1645 train_time:63669ms step_avg:405.54ms
step:158/1645 train_time:64072ms step_avg:405.52ms
step:159/1645 train_time:64475ms step_avg:405.50ms
step:160/1645 train_time:64874ms step_avg:405.46ms
step:161/1645 train_time:65275ms step_avg:405.43ms
step:162/1645 train_time:65677ms step_avg:405.41ms
step:163/1645 train_time:66078ms step_avg:405.39ms
step:164/1645 train_time:66476ms step_avg:405.34ms
step:165/1645 train_time:66878ms step_avg:405.32ms
step:166/1645 train_time:67278ms step_avg:405.29ms
step:167/1645 train_time:67677ms step_avg:405.25ms
step:168/1645 train_time:68082ms step_avg:405.25ms
step:169/1645 train_time:68481ms step_avg:405.21ms
step:170/1645 train_time:68889ms step_avg:405.23ms
step:171/1645 train_time:69281ms step_avg:405.15ms
step:172/1645 train_time:69685ms step_avg:405.14ms
step:173/1645 train_time:70086ms step_avg:405.12ms
step:174/1645 train_time:70489ms step_avg:405.11ms
step:175/1645 train_time:70886ms step_avg:405.06ms
step:176/1645 train_time:71290ms step_avg:405.06ms
step:177/1645 train_time:71691ms step_avg:405.04ms
step:178/1645 train_time:72091ms step_avg:405.01ms
step:179/1645 train_time:72487ms step_avg:404.96ms
step:180/1645 train_time:72884ms step_avg:404.91ms
step:181/1645 train_time:73285ms step_avg:404.89ms
step:182/1645 train_time:73686ms step_avg:404.87ms
step:183/1645 train_time:74086ms step_avg:404.84ms
step:184/1645 train_time:74488ms step_avg:404.82ms
step:185/1645 train_time:74890ms step_avg:404.81ms
step:186/1645 train_time:75288ms step_avg:404.78ms
step:187/1645 train_time:75689ms step_avg:404.75ms
step:188/1645 train_time:76096ms step_avg:404.77ms
step:189/1645 train_time:76491ms step_avg:404.71ms
step:190/1645 train_time:76892ms step_avg:404.70ms
step:191/1645 train_time:77293ms step_avg:404.68ms
step:192/1645 train_time:77694ms step_avg:404.65ms
step:193/1645 train_time:78093ms step_avg:404.63ms
step:194/1645 train_time:78496ms step_avg:404.62ms
step:195/1645 train_time:78896ms step_avg:404.59ms
step:196/1645 train_time:79297ms step_avg:404.58ms
step:197/1645 train_time:79699ms step_avg:404.56ms
step:198/1645 train_time:80101ms step_avg:404.55ms
step:199/1645 train_time:80503ms step_avg:404.54ms
step:200/1645 train_time:80903ms step_avg:404.52ms
step:201/1645 train_time:81298ms step_avg:404.47ms
step:202/1645 train_time:81703ms step_avg:404.47ms
step:203/1645 train_time:82099ms step_avg:404.43ms
step:204/1645 train_time:82503ms step_avg:404.43ms
step:205/1645 train_time:82903ms step_avg:404.40ms
step:206/1645 train_time:83305ms step_avg:404.40ms
step:207/1645 train_time:83707ms step_avg:404.38ms
step:208/1645 train_time:84110ms step_avg:404.38ms
step:209/1645 train_time:84511ms step_avg:404.36ms
step:210/1645 train_time:84912ms step_avg:404.34ms
step:211/1645 train_time:85315ms step_avg:404.34ms
step:212/1645 train_time:85721ms step_avg:404.34ms
step:213/1645 train_time:86123ms step_avg:404.33ms
step:214/1645 train_time:86522ms step_avg:404.31ms
step:215/1645 train_time:86921ms step_avg:404.28ms
step:216/1645 train_time:87319ms step_avg:404.25ms
step:217/1645 train_time:87720ms step_avg:404.24ms
step:218/1645 train_time:88120ms step_avg:404.22ms
step:219/1645 train_time:88521ms step_avg:404.20ms
step:220/1645 train_time:88919ms step_avg:404.18ms
step:221/1645 train_time:89317ms step_avg:404.15ms
step:222/1645 train_time:89719ms step_avg:404.14ms
step:223/1645 train_time:90116ms step_avg:404.11ms
step:224/1645 train_time:90517ms step_avg:404.09ms
step:225/1645 train_time:90915ms step_avg:404.07ms
step:226/1645 train_time:91317ms step_avg:404.06ms
step:227/1645 train_time:91718ms step_avg:404.04ms
step:228/1645 train_time:92132ms step_avg:404.09ms
step:229/1645 train_time:92535ms step_avg:404.08ms
step:230/1645 train_time:92934ms step_avg:404.06ms
step:231/1645 train_time:93326ms step_avg:404.01ms
step:232/1645 train_time:93721ms step_avg:403.97ms
step:233/1645 train_time:94124ms step_avg:403.96ms
step:234/1645 train_time:94524ms step_avg:403.95ms
step:235/1645 train_time:94928ms step_avg:403.95ms
step:236/1645 train_time:95327ms step_avg:403.93ms
step:237/1645 train_time:95726ms step_avg:403.91ms
step:238/1645 train_time:96125ms step_avg:403.89ms
step:239/1645 train_time:96524ms step_avg:403.87ms
step:240/1645 train_time:96922ms step_avg:403.84ms
step:241/1645 train_time:97324ms step_avg:403.83ms
step:242/1645 train_time:97722ms step_avg:403.81ms
step:243/1645 train_time:98122ms step_avg:403.79ms
step:244/1645 train_time:98524ms step_avg:403.79ms
step:245/1645 train_time:98930ms step_avg:403.80ms
step:246/1645 train_time:99339ms step_avg:403.82ms
step:247/1645 train_time:99729ms step_avg:403.76ms
step:248/1645 train_time:100130ms step_avg:403.75ms
step:249/1645 train_time:100537ms step_avg:403.76ms
step:250/1645 train_time:100945ms step_avg:403.78ms
step:250/1645 val_loss:3.971784 train_time:101241ms step_avg:404.96ms
step:251/1645 train_time:101520ms step_avg:404.46ms
step:252/1645 train_time:101873ms step_avg:404.26ms
step:253/1645 train_time:102280ms step_avg:404.27ms
step:254/1645 train_time:102685ms step_avg:404.27ms
step:255/1645 train_time:103080ms step_avg:404.24ms
step:256/1645 train_time:103481ms step_avg:404.22ms
step:257/1645 train_time:103882ms step_avg:404.21ms
step:258/1645 train_time:104281ms step_avg:404.19ms
step:259/1645 train_time:104682ms step_avg:404.18ms
step:260/1645 train_time:105089ms step_avg:404.19ms
step:261/1645 train_time:105492ms step_avg:404.18ms
step:262/1645 train_time:105896ms step_avg:404.18ms
step:263/1645 train_time:106301ms step_avg:404.19ms
step:264/1645 train_time:106700ms step_avg:404.17ms
step:265/1645 train_time:107091ms step_avg:404.12ms
step:266/1645 train_time:107495ms step_avg:404.12ms
step:267/1645 train_time:107888ms step_avg:404.08ms
step:268/1645 train_time:108294ms step_avg:404.08ms
step:269/1645 train_time:108687ms step_avg:404.04ms
step:270/1645 train_time:109089ms step_avg:404.03ms
step:271/1645 train_time:109498ms step_avg:404.05ms
step:272/1645 train_time:109885ms step_avg:403.99ms
step:273/1645 train_time:110296ms step_avg:404.02ms
step:274/1645 train_time:110693ms step_avg:403.99ms
step:275/1645 train_time:111093ms step_avg:403.97ms
step:276/1645 train_time:111489ms step_avg:403.95ms
step:277/1645 train_time:111894ms step_avg:403.95ms
step:278/1645 train_time:112291ms step_avg:403.93ms
step:279/1645 train_time:112685ms step_avg:403.89ms
step:280/1645 train_time:113087ms step_avg:403.88ms
step:281/1645 train_time:113488ms step_avg:403.87ms
step:282/1645 train_time:113895ms step_avg:403.88ms
step:283/1645 train_time:114292ms step_avg:403.86ms
step:284/1645 train_time:114691ms step_avg:403.84ms
step:285/1645 train_time:115089ms step_avg:403.82ms
step:286/1645 train_time:115488ms step_avg:403.81ms
step:287/1645 train_time:115886ms step_avg:403.79ms
step:288/1645 train_time:116291ms step_avg:403.79ms
step:289/1645 train_time:116688ms step_avg:403.76ms
step:290/1645 train_time:117096ms step_avg:403.78ms
step:291/1645 train_time:117493ms step_avg:403.76ms
step:292/1645 train_time:117893ms step_avg:403.74ms
step:293/1645 train_time:118292ms step_avg:403.73ms
step:294/1645 train_time:118697ms step_avg:403.73ms
step:295/1645 train_time:119096ms step_avg:403.72ms
step:296/1645 train_time:119499ms step_avg:403.71ms
step:297/1645 train_time:119899ms step_avg:403.70ms
step:298/1645 train_time:120297ms step_avg:403.68ms
step:299/1645 train_time:120696ms step_avg:403.67ms
step:300/1645 train_time:121099ms step_avg:403.66ms
step:301/1645 train_time:121500ms step_avg:403.65ms
step:302/1645 train_time:121900ms step_avg:403.64ms
step:303/1645 train_time:122302ms step_avg:403.64ms
step:304/1645 train_time:122701ms step_avg:403.62ms
step:305/1645 train_time:123104ms step_avg:403.62ms
step:306/1645 train_time:123503ms step_avg:403.60ms
step:307/1645 train_time:123900ms step_avg:403.58ms
step:308/1645 train_time:124298ms step_avg:403.57ms
step:309/1645 train_time:124700ms step_avg:403.56ms
step:310/1645 train_time:125101ms step_avg:403.55ms
step:311/1645 train_time:125503ms step_avg:403.55ms
step:312/1645 train_time:125907ms step_avg:403.55ms
step:313/1645 train_time:126307ms step_avg:403.54ms
step:314/1645 train_time:126709ms step_avg:403.53ms
step:315/1645 train_time:127110ms step_avg:403.52ms
step:316/1645 train_time:127514ms step_avg:403.53ms
step:317/1645 train_time:127915ms step_avg:403.52ms
step:318/1645 train_time:128320ms step_avg:403.52ms
step:319/1645 train_time:128718ms step_avg:403.50ms
step:320/1645 train_time:129117ms step_avg:403.49ms
step:321/1645 train_time:129519ms step_avg:403.49ms
step:322/1645 train_time:129923ms step_avg:403.49ms
step:323/1645 train_time:130323ms step_avg:403.48ms
step:324/1645 train_time:130718ms step_avg:403.45ms
step:325/1645 train_time:131118ms step_avg:403.44ms
step:326/1645 train_time:131518ms step_avg:403.43ms
step:327/1645 train_time:131918ms step_avg:403.42ms
step:328/1645 train_time:132319ms step_avg:403.41ms
step:329/1645 train_time:132720ms step_avg:403.40ms
step:330/1645 train_time:133122ms step_avg:403.40ms
step:331/1645 train_time:133525ms step_avg:403.40ms
step:332/1645 train_time:133922ms step_avg:403.38ms
step:333/1645 train_time:134323ms step_avg:403.37ms
step:334/1645 train_time:134721ms step_avg:403.36ms
step:335/1645 train_time:135122ms step_avg:403.35ms
step:336/1645 train_time:135523ms step_avg:403.34ms
step:337/1645 train_time:135921ms step_avg:403.33ms
step:338/1645 train_time:136320ms step_avg:403.31ms
step:339/1645 train_time:136726ms step_avg:403.32ms
step:340/1645 train_time:137125ms step_avg:403.31ms
step:341/1645 train_time:137525ms step_avg:403.30ms
step:342/1645 train_time:137925ms step_avg:403.29ms
step:343/1645 train_time:138327ms step_avg:403.29ms
step:344/1645 train_time:138736ms step_avg:403.30ms
step:345/1645 train_time:139137ms step_avg:403.30ms
step:346/1645 train_time:139538ms step_avg:403.29ms
step:347/1645 train_time:139939ms step_avg:403.28ms
step:348/1645 train_time:140336ms step_avg:403.27ms
step:349/1645 train_time:140738ms step_avg:403.26ms
step:350/1645 train_time:141137ms step_avg:403.25ms
step:351/1645 train_time:141541ms step_avg:403.25ms
step:352/1645 train_time:141942ms step_avg:403.24ms
step:353/1645 train_time:142341ms step_avg:403.23ms
step:354/1645 train_time:142740ms step_avg:403.22ms
step:355/1645 train_time:143141ms step_avg:403.22ms
step:356/1645 train_time:143545ms step_avg:403.22ms
step:357/1645 train_time:143942ms step_avg:403.20ms
step:358/1645 train_time:144342ms step_avg:403.19ms
step:359/1645 train_time:144742ms step_avg:403.18ms
step:360/1645 train_time:145143ms step_avg:403.18ms
step:361/1645 train_time:145543ms step_avg:403.17ms
step:362/1645 train_time:145946ms step_avg:403.17ms
step:363/1645 train_time:146345ms step_avg:403.15ms
step:364/1645 train_time:146750ms step_avg:403.16ms
step:365/1645 train_time:147149ms step_avg:403.15ms
step:366/1645 train_time:147548ms step_avg:403.14ms
step:367/1645 train_time:147954ms step_avg:403.14ms
step:368/1645 train_time:148354ms step_avg:403.13ms
step:369/1645 train_time:148755ms step_avg:403.13ms
step:370/1645 train_time:149153ms step_avg:403.12ms
step:371/1645 train_time:149554ms step_avg:403.11ms
step:372/1645 train_time:149959ms step_avg:403.12ms
step:373/1645 train_time:150359ms step_avg:403.11ms
step:374/1645 train_time:150764ms step_avg:403.11ms
step:375/1645 train_time:151162ms step_avg:403.10ms
step:375/1645 val_loss:3.820873 train_time:151469ms step_avg:403.92ms
step:376/1645 train_time:151721ms step_avg:403.51ms
step:377/1645 train_time:152086ms step_avg:403.41ms
step:378/1645 train_time:152488ms step_avg:403.41ms
step:379/1645 train_time:152894ms step_avg:403.41ms
step:380/1645 train_time:153298ms step_avg:403.42ms
step:381/1645 train_time:153695ms step_avg:403.40ms
step:382/1645 train_time:154093ms step_avg:403.39ms
step:383/1645 train_time:154498ms step_avg:403.39ms
step:384/1645 train_time:154896ms step_avg:403.37ms
step:385/1645 train_time:155291ms step_avg:403.35ms
step:386/1645 train_time:155699ms step_avg:403.36ms
step:387/1645 train_time:156101ms step_avg:403.36ms
step:388/1645 train_time:156502ms step_avg:403.36ms
step:389/1645 train_time:156904ms step_avg:403.35ms
step:390/1645 train_time:157306ms step_avg:403.35ms
step:391/1645 train_time:157708ms step_avg:403.35ms
step:392/1645 train_time:158107ms step_avg:403.33ms
step:393/1645 train_time:158506ms step_avg:403.32ms
step:394/1645 train_time:158905ms step_avg:403.31ms
step:395/1645 train_time:159308ms step_avg:403.31ms
step:396/1645 train_time:159709ms step_avg:403.31ms
step:397/1645 train_time:160106ms step_avg:403.29ms
step:398/1645 train_time:160511ms step_avg:403.30ms
step:399/1645 train_time:160911ms step_avg:403.28ms
step:400/1645 train_time:161312ms step_avg:403.28ms
step:401/1645 train_time:161711ms step_avg:403.27ms
step:402/1645 train_time:162116ms step_avg:403.27ms
step:403/1645 train_time:162515ms step_avg:403.26ms
step:404/1645 train_time:162915ms step_avg:403.25ms
step:405/1645 train_time:163318ms step_avg:403.25ms
step:406/1645 train_time:163717ms step_avg:403.24ms
step:407/1645 train_time:164117ms step_avg:403.24ms
step:408/1645 train_time:164523ms step_avg:403.24ms
step:409/1645 train_time:164922ms step_avg:403.23ms
step:410/1645 train_time:165336ms step_avg:403.26ms
step:411/1645 train_time:165741ms step_avg:403.26ms
step:412/1645 train_time:166138ms step_avg:403.25ms
step:413/1645 train_time:166525ms step_avg:403.21ms
step:414/1645 train_time:166928ms step_avg:403.21ms
step:415/1645 train_time:167331ms step_avg:403.21ms
step:416/1645 train_time:167729ms step_avg:403.19ms
step:417/1645 train_time:168132ms step_avg:403.19ms
step:418/1645 train_time:168529ms step_avg:403.18ms
step:419/1645 train_time:168930ms step_avg:403.17ms
step:420/1645 train_time:169329ms step_avg:403.16ms
step:421/1645 train_time:169732ms step_avg:403.16ms
step:422/1645 train_time:170133ms step_avg:403.16ms
step:423/1645 train_time:170534ms step_avg:403.15ms
step:424/1645 train_time:170935ms step_avg:403.15ms
step:425/1645 train_time:171337ms step_avg:403.15ms
step:426/1645 train_time:171739ms step_avg:403.14ms
step:427/1645 train_time:172142ms step_avg:403.14ms
step:428/1645 train_time:172540ms step_avg:403.13ms
step:429/1645 train_time:172940ms step_avg:403.12ms
step:430/1645 train_time:173345ms step_avg:403.13ms
step:431/1645 train_time:173742ms step_avg:403.11ms
step:432/1645 train_time:174155ms step_avg:403.14ms
step:433/1645 train_time:174547ms step_avg:403.11ms
step:434/1645 train_time:174946ms step_avg:403.10ms
step:435/1645 train_time:175351ms step_avg:403.11ms
step:436/1645 train_time:175745ms step_avg:403.08ms
step:437/1645 train_time:176148ms step_avg:403.08ms
step:438/1645 train_time:176550ms step_avg:403.08ms
step:439/1645 train_time:176951ms step_avg:403.08ms
step:440/1645 train_time:177358ms step_avg:403.09ms
step:441/1645 train_time:177762ms step_avg:403.09ms
step:442/1645 train_time:178155ms step_avg:403.07ms
step:443/1645 train_time:178560ms step_avg:403.07ms
step:444/1645 train_time:178959ms step_avg:403.06ms
step:445/1645 train_time:179361ms step_avg:403.06ms
step:446/1645 train_time:179759ms step_avg:403.05ms
step:447/1645 train_time:180152ms step_avg:403.03ms
step:448/1645 train_time:180559ms step_avg:403.03ms
step:449/1645 train_time:180962ms step_avg:403.03ms
step:450/1645 train_time:181362ms step_avg:403.03ms
step:451/1645 train_time:181760ms step_avg:403.02ms
step:452/1645 train_time:182162ms step_avg:403.01ms
step:453/1645 train_time:182561ms step_avg:403.00ms
step:454/1645 train_time:182960ms step_avg:403.00ms
step:455/1645 train_time:183354ms step_avg:402.98ms
step:456/1645 train_time:183752ms step_avg:402.97ms
step:457/1645 train_time:184153ms step_avg:402.96ms
step:458/1645 train_time:184551ms step_avg:402.95ms
step:459/1645 train_time:184950ms step_avg:402.94ms
step:460/1645 train_time:185348ms step_avg:402.93ms
step:461/1645 train_time:185750ms step_avg:402.93ms
step:462/1645 train_time:186148ms step_avg:402.92ms
step:463/1645 train_time:186553ms step_avg:402.92ms
step:464/1645 train_time:186955ms step_avg:402.92ms
step:465/1645 train_time:187352ms step_avg:402.91ms
step:466/1645 train_time:187752ms step_avg:402.90ms
step:467/1645 train_time:188157ms step_avg:402.91ms
step:468/1645 train_time:188555ms step_avg:402.90ms
step:469/1645 train_time:188952ms step_avg:402.88ms
step:470/1645 train_time:189352ms step_avg:402.88ms
step:471/1645 train_time:189757ms step_avg:402.88ms
step:472/1645 train_time:190156ms step_avg:402.87ms
step:473/1645 train_time:190558ms step_avg:402.87ms
step:474/1645 train_time:190957ms step_avg:402.86ms
step:475/1645 train_time:191357ms step_avg:402.86ms
step:476/1645 train_time:191756ms step_avg:402.85ms
step:477/1645 train_time:192154ms step_avg:402.84ms
step:478/1645 train_time:192555ms step_avg:402.84ms
step:479/1645 train_time:192963ms step_avg:402.84ms
step:480/1645 train_time:193359ms step_avg:402.83ms
step:481/1645 train_time:193761ms step_avg:402.83ms
step:482/1645 train_time:194161ms step_avg:402.82ms
step:483/1645 train_time:194561ms step_avg:402.82ms
step:484/1645 train_time:194962ms step_avg:402.81ms
step:485/1645 train_time:195364ms step_avg:402.81ms
step:486/1645 train_time:195766ms step_avg:402.81ms
step:487/1645 train_time:196168ms step_avg:402.81ms
step:488/1645 train_time:196570ms step_avg:402.81ms
step:489/1645 train_time:196970ms step_avg:402.80ms
step:490/1645 train_time:197367ms step_avg:402.79ms
step:491/1645 train_time:197768ms step_avg:402.79ms
step:492/1645 train_time:198168ms step_avg:402.78ms
step:493/1645 train_time:198572ms step_avg:402.78ms
step:494/1645 train_time:198970ms step_avg:402.77ms
step:495/1645 train_time:199369ms step_avg:402.77ms
step:496/1645 train_time:199770ms step_avg:402.76ms
step:497/1645 train_time:200176ms step_avg:402.77ms
step:498/1645 train_time:200578ms step_avg:402.77ms
step:499/1645 train_time:200975ms step_avg:402.76ms
step:500/1645 train_time:201378ms step_avg:402.76ms
step:500/1645 val_loss:3.715539 train_time:201678ms step_avg:403.36ms
step:501/1645 train_time:201949ms step_avg:403.09ms
step:502/1645 train_time:202312ms step_avg:403.01ms
step:503/1645 train_time:202714ms step_avg:403.01ms
step:504/1645 train_time:203115ms step_avg:403.01ms
step:505/1645 train_time:203513ms step_avg:403.00ms
step:506/1645 train_time:203914ms step_avg:402.99ms
step:507/1645 train_time:204309ms step_avg:402.98ms
step:508/1645 train_time:204711ms step_avg:402.97ms
step:509/1645 train_time:205109ms step_avg:402.97ms
step:510/1645 train_time:205510ms step_avg:402.96ms
step:511/1645 train_time:205913ms step_avg:402.96ms
step:512/1645 train_time:206316ms step_avg:402.96ms
step:513/1645 train_time:206720ms step_avg:402.96ms
step:514/1645 train_time:207122ms step_avg:402.96ms
step:515/1645 train_time:207521ms step_avg:402.95ms
step:516/1645 train_time:207921ms step_avg:402.95ms
step:517/1645 train_time:208319ms step_avg:402.94ms
step:518/1645 train_time:208735ms step_avg:402.96ms
step:519/1645 train_time:209134ms step_avg:402.96ms
step:520/1645 train_time:209517ms step_avg:402.92ms
step:521/1645 train_time:209917ms step_avg:402.91ms
step:522/1645 train_time:210315ms step_avg:402.90ms
step:523/1645 train_time:210714ms step_avg:402.90ms
step:524/1645 train_time:211119ms step_avg:402.90ms
step:525/1645 train_time:211518ms step_avg:402.89ms
step:526/1645 train_time:211921ms step_avg:402.89ms
step:527/1645 train_time:212316ms step_avg:402.88ms
step:528/1645 train_time:212717ms step_avg:402.87ms
step:529/1645 train_time:213123ms step_avg:402.88ms
step:530/1645 train_time:213525ms step_avg:402.88ms
step:531/1645 train_time:213922ms step_avg:402.87ms
step:532/1645 train_time:214325ms step_avg:402.87ms
step:533/1645 train_time:214724ms step_avg:402.86ms
step:534/1645 train_time:215126ms step_avg:402.86ms
step:535/1645 train_time:215528ms step_avg:402.86ms
step:536/1645 train_time:215928ms step_avg:402.85ms
step:537/1645 train_time:216330ms step_avg:402.85ms
step:538/1645 train_time:216732ms step_avg:402.85ms
step:539/1645 train_time:217136ms step_avg:402.85ms
step:540/1645 train_time:217537ms step_avg:402.85ms
step:541/1645 train_time:217934ms step_avg:402.84ms
step:542/1645 train_time:218338ms step_avg:402.84ms
step:543/1645 train_time:218741ms step_avg:402.84ms
step:544/1645 train_time:219138ms step_avg:402.83ms
step:545/1645 train_time:219541ms step_avg:402.83ms
step:546/1645 train_time:219945ms step_avg:402.83ms
step:547/1645 train_time:220348ms step_avg:402.83ms
step:548/1645 train_time:220747ms step_avg:402.82ms
step:549/1645 train_time:221150ms step_avg:402.82ms
step:550/1645 train_time:221552ms step_avg:402.82ms
step:551/1645 train_time:221955ms step_avg:402.82ms
step:552/1645 train_time:222357ms step_avg:402.82ms
step:553/1645 train_time:222763ms step_avg:402.83ms
step:554/1645 train_time:223165ms step_avg:402.82ms
step:555/1645 train_time:223568ms step_avg:402.83ms
step:556/1645 train_time:223972ms step_avg:402.83ms
step:557/1645 train_time:224364ms step_avg:402.81ms
step:558/1645 train_time:224764ms step_avg:402.80ms
step:559/1645 train_time:225167ms step_avg:402.80ms
step:560/1645 train_time:225572ms step_avg:402.81ms
step:561/1645 train_time:225977ms step_avg:402.81ms
step:562/1645 train_time:226379ms step_avg:402.81ms
step:563/1645 train_time:226783ms step_avg:402.81ms
step:564/1645 train_time:227185ms step_avg:402.81ms
step:565/1645 train_time:227589ms step_avg:402.81ms
step:566/1645 train_time:227987ms step_avg:402.80ms
step:567/1645 train_time:228387ms step_avg:402.80ms
step:568/1645 train_time:228785ms step_avg:402.79ms
step:569/1645 train_time:229187ms step_avg:402.79ms
step:570/1645 train_time:229591ms step_avg:402.79ms
step:571/1645 train_time:230002ms step_avg:402.80ms
step:572/1645 train_time:230395ms step_avg:402.79ms
step:573/1645 train_time:230794ms step_avg:402.78ms
step:574/1645 train_time:231192ms step_avg:402.77ms
step:575/1645 train_time:231603ms step_avg:402.79ms
step:576/1645 train_time:232002ms step_avg:402.78ms
step:577/1645 train_time:232406ms step_avg:402.78ms
step:578/1645 train_time:232808ms step_avg:402.78ms
step:579/1645 train_time:233215ms step_avg:402.79ms
step:580/1645 train_time:233620ms step_avg:402.79ms
step:581/1645 train_time:234028ms step_avg:402.80ms
step:582/1645 train_time:234412ms step_avg:402.77ms
step:583/1645 train_time:234815ms step_avg:402.77ms
step:584/1645 train_time:235225ms step_avg:402.78ms
step:585/1645 train_time:235616ms step_avg:402.76ms
step:586/1645 train_time:236017ms step_avg:402.76ms
step:587/1645 train_time:236418ms step_avg:402.76ms
step:588/1645 train_time:236819ms step_avg:402.75ms
step:589/1645 train_time:237217ms step_avg:402.74ms
step:590/1645 train_time:237614ms step_avg:402.73ms
step:591/1645 train_time:238017ms step_avg:402.74ms
step:592/1645 train_time:238415ms step_avg:402.73ms
step:593/1645 train_time:238819ms step_avg:402.73ms
step:594/1645 train_time:239218ms step_avg:402.72ms
step:595/1645 train_time:239616ms step_avg:402.72ms
step:596/1645 train_time:240017ms step_avg:402.71ms
step:597/1645 train_time:240419ms step_avg:402.71ms
step:598/1645 train_time:240830ms step_avg:402.73ms
step:599/1645 train_time:241234ms step_avg:402.73ms
step:600/1645 train_time:241619ms step_avg:402.70ms
step:601/1645 train_time:242023ms step_avg:402.70ms
step:602/1645 train_time:242430ms step_avg:402.71ms
step:603/1645 train_time:242829ms step_avg:402.70ms
step:604/1645 train_time:243232ms step_avg:402.70ms
step:605/1645 train_time:243631ms step_avg:402.70ms
step:606/1645 train_time:244032ms step_avg:402.69ms
step:607/1645 train_time:244433ms step_avg:402.69ms
step:608/1645 train_time:244836ms step_avg:402.69ms
step:609/1645 train_time:245235ms step_avg:402.68ms
step:610/1645 train_time:245632ms step_avg:402.68ms
step:611/1645 train_time:246033ms step_avg:402.67ms
step:612/1645 train_time:246431ms step_avg:402.67ms
step:613/1645 train_time:246832ms step_avg:402.66ms
step:614/1645 train_time:247236ms step_avg:402.66ms
step:615/1645 train_time:247640ms step_avg:402.67ms
step:616/1645 train_time:248036ms step_avg:402.66ms
step:617/1645 train_time:248436ms step_avg:402.65ms
step:618/1645 train_time:248836ms step_avg:402.65ms
step:619/1645 train_time:249237ms step_avg:402.64ms
step:620/1645 train_time:249635ms step_avg:402.64ms
step:621/1645 train_time:250035ms step_avg:402.63ms
step:622/1645 train_time:250433ms step_avg:402.63ms
step:623/1645 train_time:250832ms step_avg:402.62ms
step:624/1645 train_time:251232ms step_avg:402.62ms
step:625/1645 train_time:251635ms step_avg:402.62ms
step:625/1645 val_loss:3.613832 train_time:251943ms step_avg:403.11ms
step:626/1645 train_time:252197ms step_avg:402.87ms
step:627/1645 train_time:252550ms step_avg:402.79ms
step:628/1645 train_time:252947ms step_avg:402.78ms
step:629/1645 train_time:253347ms step_avg:402.78ms
step:630/1645 train_time:253753ms step_avg:402.78ms
step:631/1645 train_time:254162ms step_avg:402.79ms
step:632/1645 train_time:254566ms step_avg:402.79ms
step:633/1645 train_time:254963ms step_avg:402.78ms
step:634/1645 train_time:255366ms step_avg:402.79ms
step:635/1645 train_time:255767ms step_avg:402.78ms
step:636/1645 train_time:256169ms step_avg:402.78ms
step:637/1645 train_time:256566ms step_avg:402.77ms
step:638/1645 train_time:256967ms step_avg:402.77ms
step:639/1645 train_time:257367ms step_avg:402.76ms
step:640/1645 train_time:257768ms step_avg:402.76ms
step:641/1645 train_time:258170ms step_avg:402.76ms
step:642/1645 train_time:258568ms step_avg:402.75ms
step:643/1645 train_time:258968ms step_avg:402.75ms
step:644/1645 train_time:259369ms step_avg:402.75ms
step:645/1645 train_time:259772ms step_avg:402.75ms
step:646/1645 train_time:260166ms step_avg:402.73ms
step:647/1645 train_time:260569ms step_avg:402.73ms
step:648/1645 train_time:260970ms step_avg:402.73ms
step:649/1645 train_time:261371ms step_avg:402.73ms
step:650/1645 train_time:261777ms step_avg:402.73ms
step:651/1645 train_time:262177ms step_avg:402.73ms
step:652/1645 train_time:262569ms step_avg:402.71ms
step:653/1645 train_time:262976ms step_avg:402.72ms
step:654/1645 train_time:263375ms step_avg:402.71ms
step:655/1645 train_time:263774ms step_avg:402.71ms
step:656/1645 train_time:264173ms step_avg:402.70ms
step:657/1645 train_time:264575ms step_avg:402.70ms
step:658/1645 train_time:264975ms step_avg:402.70ms
step:659/1645 train_time:265377ms step_avg:402.70ms
step:660/1645 train_time:265782ms step_avg:402.70ms
step:661/1645 train_time:266179ms step_avg:402.69ms
step:662/1645 train_time:266582ms step_avg:402.69ms
step:663/1645 train_time:266981ms step_avg:402.69ms
step:664/1645 train_time:267385ms step_avg:402.69ms
step:665/1645 train_time:267780ms step_avg:402.68ms
step:666/1645 train_time:268181ms step_avg:402.67ms
step:667/1645 train_time:268577ms step_avg:402.66ms
step:668/1645 train_time:268975ms step_avg:402.66ms
step:669/1645 train_time:269377ms step_avg:402.66ms
step:670/1645 train_time:269775ms step_avg:402.65ms
step:671/1645 train_time:270176ms step_avg:402.65ms
step:672/1645 train_time:270587ms step_avg:402.66ms
step:673/1645 train_time:270987ms step_avg:402.66ms
step:674/1645 train_time:271393ms step_avg:402.66ms
step:675/1645 train_time:271794ms step_avg:402.66ms
step:676/1645 train_time:272193ms step_avg:402.65ms
step:677/1645 train_time:272595ms step_avg:402.65ms
step:678/1645 train_time:272994ms step_avg:402.65ms
step:679/1645 train_time:273391ms step_avg:402.64ms
step:680/1645 train_time:273791ms step_avg:402.63ms
step:681/1645 train_time:274193ms step_avg:402.63ms
step:682/1645 train_time:274591ms step_avg:402.63ms
step:683/1645 train_time:274993ms step_avg:402.62ms
step:684/1645 train_time:275396ms step_avg:402.63ms
step:685/1645 train_time:275798ms step_avg:402.63ms
step:686/1645 train_time:276200ms step_avg:402.62ms
step:687/1645 train_time:276606ms step_avg:402.63ms
step:688/1645 train_time:277007ms step_avg:402.63ms
step:689/1645 train_time:277407ms step_avg:402.62ms
step:690/1645 train_time:277814ms step_avg:402.63ms
step:691/1645 train_time:278213ms step_avg:402.62ms
step:692/1645 train_time:278617ms step_avg:402.63ms
step:693/1645 train_time:279017ms step_avg:402.62ms
step:694/1645 train_time:279419ms step_avg:402.62ms
step:695/1645 train_time:279819ms step_avg:402.62ms
step:696/1645 train_time:280223ms step_avg:402.62ms
step:697/1645 train_time:280623ms step_avg:402.62ms
step:698/1645 train_time:281023ms step_avg:402.61ms
step:699/1645 train_time:281423ms step_avg:402.61ms
step:700/1645 train_time:281822ms step_avg:402.60ms
step:701/1645 train_time:282220ms step_avg:402.60ms
step:702/1645 train_time:282624ms step_avg:402.60ms
step:703/1645 train_time:283023ms step_avg:402.59ms
step:704/1645 train_time:283427ms step_avg:402.59ms
step:705/1645 train_time:283826ms step_avg:402.59ms
step:706/1645 train_time:284220ms step_avg:402.58ms
step:707/1645 train_time:284625ms step_avg:402.58ms
step:708/1645 train_time:285025ms step_avg:402.58ms
step:709/1645 train_time:285429ms step_avg:402.58ms
step:710/1645 train_time:285829ms step_avg:402.58ms
step:711/1645 train_time:286228ms step_avg:402.57ms
step:712/1645 train_time:286628ms step_avg:402.57ms
step:713/1645 train_time:287031ms step_avg:402.57ms
step:714/1645 train_time:287428ms step_avg:402.56ms
step:715/1645 train_time:287826ms step_avg:402.55ms
step:716/1645 train_time:288227ms step_avg:402.55ms
step:717/1645 train_time:288633ms step_avg:402.56ms
step:718/1645 train_time:289033ms step_avg:402.55ms
step:719/1645 train_time:289434ms step_avg:402.55ms
step:720/1645 train_time:289832ms step_avg:402.54ms
step:721/1645 train_time:290230ms step_avg:402.54ms
step:722/1645 train_time:290631ms step_avg:402.54ms
step:723/1645 train_time:291031ms step_avg:402.53ms
step:724/1645 train_time:291439ms step_avg:402.54ms
step:725/1645 train_time:291836ms step_avg:402.53ms
step:726/1645 train_time:292242ms step_avg:402.54ms
step:727/1645 train_time:292637ms step_avg:402.53ms
step:728/1645 train_time:293043ms step_avg:402.53ms
step:729/1645 train_time:293438ms step_avg:402.52ms
step:730/1645 train_time:293847ms step_avg:402.53ms
step:731/1645 train_time:294244ms step_avg:402.52ms
step:732/1645 train_time:294645ms step_avg:402.52ms
step:733/1645 train_time:295040ms step_avg:402.51ms
step:734/1645 train_time:295439ms step_avg:402.51ms
step:735/1645 train_time:295844ms step_avg:402.51ms
step:736/1645 train_time:296252ms step_avg:402.52ms
step:737/1645 train_time:296646ms step_avg:402.51ms
step:738/1645 train_time:297052ms step_avg:402.51ms
step:739/1645 train_time:297456ms step_avg:402.51ms
step:740/1645 train_time:297854ms step_avg:402.50ms
step:741/1645 train_time:298256ms step_avg:402.50ms
step:742/1645 train_time:298659ms step_avg:402.51ms
step:743/1645 train_time:299055ms step_avg:402.50ms
step:744/1645 train_time:299462ms step_avg:402.50ms
step:745/1645 train_time:299866ms step_avg:402.50ms
step:746/1645 train_time:300268ms step_avg:402.50ms
step:747/1645 train_time:300672ms step_avg:402.51ms
step:748/1645 train_time:301072ms step_avg:402.50ms
step:749/1645 train_time:301474ms step_avg:402.50ms
step:750/1645 train_time:301874ms step_avg:402.50ms
step:750/1645 val_loss:3.561579 train_time:302174ms step_avg:402.90ms
step:751/1645 train_time:302469ms step_avg:402.75ms
step:752/1645 train_time:302836ms step_avg:402.71ms
step:753/1645 train_time:303239ms step_avg:402.71ms
step:754/1645 train_time:303640ms step_avg:402.71ms
step:755/1645 train_time:304040ms step_avg:402.70ms
step:756/1645 train_time:304443ms step_avg:402.70ms
step:757/1645 train_time:304844ms step_avg:402.70ms
step:758/1645 train_time:305249ms step_avg:402.70ms
step:759/1645 train_time:305649ms step_avg:402.70ms
step:760/1645 train_time:306050ms step_avg:402.70ms
step:761/1645 train_time:306450ms step_avg:402.69ms
step:762/1645 train_time:306854ms step_avg:402.70ms
step:763/1645 train_time:307258ms step_avg:402.70ms
step:764/1645 train_time:307658ms step_avg:402.69ms
step:765/1645 train_time:308063ms step_avg:402.70ms
step:766/1645 train_time:308463ms step_avg:402.69ms
step:767/1645 train_time:308868ms step_avg:402.70ms
step:768/1645 train_time:309272ms step_avg:402.70ms
step:769/1645 train_time:309673ms step_avg:402.70ms
step:770/1645 train_time:310073ms step_avg:402.69ms
step:771/1645 train_time:310470ms step_avg:402.68ms
step:772/1645 train_time:310875ms step_avg:402.69ms
step:773/1645 train_time:311276ms step_avg:402.69ms
step:774/1645 train_time:311682ms step_avg:402.69ms
step:775/1645 train_time:312082ms step_avg:402.69ms
step:776/1645 train_time:312486ms step_avg:402.69ms
step:777/1645 train_time:312888ms step_avg:402.69ms
step:778/1645 train_time:313286ms step_avg:402.68ms
step:779/1645 train_time:313690ms step_avg:402.68ms
step:780/1645 train_time:314090ms step_avg:402.68ms
step:781/1645 train_time:314492ms step_avg:402.68ms
step:782/1645 train_time:314893ms step_avg:402.68ms
step:783/1645 train_time:315294ms step_avg:402.67ms
step:784/1645 train_time:315695ms step_avg:402.67ms
step:785/1645 train_time:316091ms step_avg:402.66ms
step:786/1645 train_time:316493ms step_avg:402.66ms
step:787/1645 train_time:316895ms step_avg:402.66ms
step:788/1645 train_time:317293ms step_avg:402.66ms
step:789/1645 train_time:317698ms step_avg:402.66ms
step:790/1645 train_time:318098ms step_avg:402.66ms
step:791/1645 train_time:318498ms step_avg:402.65ms
step:792/1645 train_time:318897ms step_avg:402.65ms
step:793/1645 train_time:319294ms step_avg:402.64ms
step:794/1645 train_time:319700ms step_avg:402.64ms
step:795/1645 train_time:320099ms step_avg:402.64ms
step:796/1645 train_time:320500ms step_avg:402.64ms
step:797/1645 train_time:320899ms step_avg:402.63ms
step:798/1645 train_time:321303ms step_avg:402.63ms
step:799/1645 train_time:321703ms step_avg:402.63ms
step:800/1645 train_time:322100ms step_avg:402.63ms
step:801/1645 train_time:322498ms step_avg:402.62ms
step:802/1645 train_time:322900ms step_avg:402.62ms
step:803/1645 train_time:323303ms step_avg:402.62ms
step:804/1645 train_time:323699ms step_avg:402.61ms
step:805/1645 train_time:324100ms step_avg:402.61ms
step:806/1645 train_time:324499ms step_avg:402.60ms
step:807/1645 train_time:324902ms step_avg:402.60ms
step:808/1645 train_time:325301ms step_avg:402.60ms
step:809/1645 train_time:325698ms step_avg:402.59ms
step:810/1645 train_time:326098ms step_avg:402.59ms
step:811/1645 train_time:326498ms step_avg:402.59ms
step:812/1645 train_time:326897ms step_avg:402.58ms
step:813/1645 train_time:327297ms step_avg:402.58ms
step:814/1645 train_time:327714ms step_avg:402.60ms
step:815/1645 train_time:328116ms step_avg:402.60ms
step:816/1645 train_time:328516ms step_avg:402.59ms
step:817/1645 train_time:328917ms step_avg:402.59ms
step:818/1645 train_time:329315ms step_avg:402.59ms
step:819/1645 train_time:329711ms step_avg:402.58ms
step:820/1645 train_time:330112ms step_avg:402.58ms
step:821/1645 train_time:330510ms step_avg:402.57ms
step:822/1645 train_time:330912ms step_avg:402.57ms
step:823/1645 train_time:331312ms step_avg:402.57ms
step:824/1645 train_time:331709ms step_avg:402.56ms
step:825/1645 train_time:332112ms step_avg:402.56ms
step:826/1645 train_time:332511ms step_avg:402.56ms
step:827/1645 train_time:332914ms step_avg:402.56ms
step:828/1645 train_time:333312ms step_avg:402.55ms
step:829/1645 train_time:333720ms step_avg:402.56ms
step:830/1645 train_time:334121ms step_avg:402.55ms
step:831/1645 train_time:334522ms step_avg:402.55ms
step:832/1645 train_time:334924ms step_avg:402.55ms
step:833/1645 train_time:335322ms step_avg:402.55ms
step:834/1645 train_time:335722ms step_avg:402.54ms
step:835/1645 train_time:336120ms step_avg:402.54ms
step:836/1645 train_time:336519ms step_avg:402.53ms
step:837/1645 train_time:336925ms step_avg:402.54ms
step:838/1645 train_time:337326ms step_avg:402.54ms
step:839/1645 train_time:337728ms step_avg:402.54ms
step:840/1645 train_time:338126ms step_avg:402.53ms
step:841/1645 train_time:338529ms step_avg:402.53ms
step:842/1645 train_time:338929ms step_avg:402.53ms
step:843/1645 train_time:339325ms step_avg:402.52ms
step:844/1645 train_time:339723ms step_avg:402.52ms
step:845/1645 train_time:340127ms step_avg:402.52ms
step:846/1645 train_time:340533ms step_avg:402.52ms
step:847/1645 train_time:340922ms step_avg:402.50ms
step:848/1645 train_time:341318ms step_avg:402.50ms
step:849/1645 train_time:341727ms step_avg:402.50ms
step:850/1645 train_time:342132ms step_avg:402.51ms
step:851/1645 train_time:342529ms step_avg:402.50ms
step:852/1645 train_time:342931ms step_avg:402.50ms
step:853/1645 train_time:343331ms step_avg:402.50ms
step:854/1645 train_time:343732ms step_avg:402.50ms
step:855/1645 train_time:344139ms step_avg:402.50ms
step:856/1645 train_time:344531ms step_avg:402.49ms
step:857/1645 train_time:344934ms step_avg:402.49ms
step:858/1645 train_time:345340ms step_avg:402.49ms
step:859/1645 train_time:345743ms step_avg:402.49ms
step:860/1645 train_time:346146ms step_avg:402.49ms
step:861/1645 train_time:346546ms step_avg:402.49ms
step:862/1645 train_time:346948ms step_avg:402.49ms
step:863/1645 train_time:347347ms step_avg:402.49ms
step:864/1645 train_time:347753ms step_avg:402.49ms
step:865/1645 train_time:348156ms step_avg:402.49ms
step:866/1645 train_time:348553ms step_avg:402.49ms
step:867/1645 train_time:348954ms step_avg:402.48ms
step:868/1645 train_time:349352ms step_avg:402.48ms
step:869/1645 train_time:349751ms step_avg:402.48ms
step:870/1645 train_time:350154ms step_avg:402.48ms
step:871/1645 train_time:350550ms step_avg:402.47ms
step:872/1645 train_time:350951ms step_avg:402.47ms
step:873/1645 train_time:351353ms step_avg:402.47ms
step:874/1645 train_time:351749ms step_avg:402.46ms
step:875/1645 train_time:352151ms step_avg:402.46ms
step:875/1645 val_loss:3.515300 train_time:352452ms step_avg:402.80ms
step:876/1645 train_time:352711ms step_avg:402.64ms
step:877/1645 train_time:353064ms step_avg:402.58ms
step:878/1645 train_time:353465ms step_avg:402.58ms
step:879/1645 train_time:353884ms step_avg:402.60ms
step:880/1645 train_time:354274ms step_avg:402.58ms
step:881/1645 train_time:354671ms step_avg:402.58ms
step:882/1645 train_time:355072ms step_avg:402.58ms
step:883/1645 train_time:355469ms step_avg:402.57ms
step:884/1645 train_time:355872ms step_avg:402.57ms
step:885/1645 train_time:356272ms step_avg:402.57ms
step:886/1645 train_time:356673ms step_avg:402.57ms
step:887/1645 train_time:357073ms step_avg:402.56ms
step:888/1645 train_time:357473ms step_avg:402.56ms
step:889/1645 train_time:357874ms step_avg:402.56ms
step:890/1645 train_time:358272ms step_avg:402.55ms
step:891/1645 train_time:358672ms step_avg:402.55ms
step:892/1645 train_time:359072ms step_avg:402.55ms
step:893/1645 train_time:359474ms step_avg:402.55ms
step:894/1645 train_time:359881ms step_avg:402.55ms
step:895/1645 train_time:360283ms step_avg:402.55ms
step:896/1645 train_time:360682ms step_avg:402.55ms
step:897/1645 train_time:361087ms step_avg:402.55ms
step:898/1645 train_time:361491ms step_avg:402.55ms
step:899/1645 train_time:361890ms step_avg:402.55ms
step:900/1645 train_time:362293ms step_avg:402.55ms
step:901/1645 train_time:362691ms step_avg:402.54ms
step:902/1645 train_time:363096ms step_avg:402.55ms
step:903/1645 train_time:363507ms step_avg:402.56ms
step:904/1645 train_time:363893ms step_avg:402.54ms
step:905/1645 train_time:364305ms step_avg:402.55ms
step:906/1645 train_time:364707ms step_avg:402.55ms
step:907/1645 train_time:365101ms step_avg:402.54ms
step:908/1645 train_time:365501ms step_avg:402.53ms
step:909/1645 train_time:365895ms step_avg:402.52ms
step:910/1645 train_time:366295ms step_avg:402.52ms
step:911/1645 train_time:366693ms step_avg:402.52ms
step:912/1645 train_time:367097ms step_avg:402.52ms
step:913/1645 train_time:367495ms step_avg:402.51ms
step:914/1645 train_time:367895ms step_avg:402.51ms
step:915/1645 train_time:368299ms step_avg:402.51ms
step:916/1645 train_time:368696ms step_avg:402.51ms
step:917/1645 train_time:369097ms step_avg:402.50ms
step:918/1645 train_time:369494ms step_avg:402.50ms
step:919/1645 train_time:369893ms step_avg:402.49ms
step:920/1645 train_time:370292ms step_avg:402.49ms
step:921/1645 train_time:370695ms step_avg:402.49ms
step:922/1645 train_time:371095ms step_avg:402.49ms
step:923/1645 train_time:371492ms step_avg:402.48ms
step:924/1645 train_time:371890ms step_avg:402.48ms
step:925/1645 train_time:372293ms step_avg:402.48ms
step:926/1645 train_time:372690ms step_avg:402.47ms
step:927/1645 train_time:373089ms step_avg:402.47ms
step:928/1645 train_time:373489ms step_avg:402.47ms
step:929/1645 train_time:373886ms step_avg:402.46ms
step:930/1645 train_time:374288ms step_avg:402.46ms
step:931/1645 train_time:374689ms step_avg:402.46ms
step:932/1645 train_time:375082ms step_avg:402.45ms
step:933/1645 train_time:375485ms step_avg:402.45ms
step:934/1645 train_time:375890ms step_avg:402.45ms
step:935/1645 train_time:376291ms step_avg:402.45ms
step:936/1645 train_time:376695ms step_avg:402.45ms
step:937/1645 train_time:377098ms step_avg:402.45ms
step:938/1645 train_time:377504ms step_avg:402.46ms
step:939/1645 train_time:377901ms step_avg:402.45ms
step:940/1645 train_time:378299ms step_avg:402.45ms
step:941/1645 train_time:378705ms step_avg:402.45ms
step:942/1645 train_time:379102ms step_avg:402.44ms
step:943/1645 train_time:379501ms step_avg:402.44ms
step:944/1645 train_time:379904ms step_avg:402.44ms
step:945/1645 train_time:380306ms step_avg:402.44ms
step:946/1645 train_time:380709ms step_avg:402.44ms
step:947/1645 train_time:381101ms step_avg:402.43ms
step:948/1645 train_time:381501ms step_avg:402.43ms
step:949/1645 train_time:381900ms step_avg:402.42ms
step:950/1645 train_time:382301ms step_avg:402.42ms
step:951/1645 train_time:382702ms step_avg:402.42ms
step:952/1645 train_time:383101ms step_avg:402.42ms
step:953/1645 train_time:383500ms step_avg:402.41ms
step:954/1645 train_time:383905ms step_avg:402.42ms
step:955/1645 train_time:384304ms step_avg:402.41ms
step:956/1645 train_time:384705ms step_avg:402.41ms
step:957/1645 train_time:385108ms step_avg:402.41ms
step:958/1645 train_time:385510ms step_avg:402.41ms
step:959/1645 train_time:385909ms step_avg:402.41ms
step:960/1645 train_time:386309ms step_avg:402.41ms
step:961/1645 train_time:386717ms step_avg:402.41ms
step:962/1645 train_time:387117ms step_avg:402.41ms
step:963/1645 train_time:387520ms step_avg:402.41ms
step:964/1645 train_time:387926ms step_avg:402.41ms
step:965/1645 train_time:388325ms step_avg:402.41ms
step:966/1645 train_time:388728ms step_avg:402.41ms
step:967/1645 train_time:389117ms step_avg:402.40ms
step:968/1645 train_time:389516ms step_avg:402.39ms
step:969/1645 train_time:389913ms step_avg:402.39ms
step:970/1645 train_time:390316ms step_avg:402.39ms
step:971/1645 train_time:390718ms step_avg:402.39ms
step:972/1645 train_time:391117ms step_avg:402.38ms
step:973/1645 train_time:391520ms step_avg:402.38ms
step:974/1645 train_time:391919ms step_avg:402.38ms
step:975/1645 train_time:392321ms step_avg:402.38ms
step:976/1645 train_time:392722ms step_avg:402.38ms
step:977/1645 train_time:393123ms step_avg:402.38ms
step:978/1645 train_time:393525ms step_avg:402.38ms
step:979/1645 train_time:393925ms step_avg:402.37ms
step:980/1645 train_time:394324ms step_avg:402.37ms
step:981/1645 train_time:394727ms step_avg:402.37ms
step:982/1645 train_time:395128ms step_avg:402.37ms
step:983/1645 train_time:395532ms step_avg:402.37ms
step:984/1645 train_time:395934ms step_avg:402.37ms
step:985/1645 train_time:396334ms step_avg:402.37ms
step:986/1645 train_time:396737ms step_avg:402.37ms
step:987/1645 train_time:397135ms step_avg:402.37ms
step:988/1645 train_time:397538ms step_avg:402.37ms
step:989/1645 train_time:397937ms step_avg:402.36ms
step:990/1645 train_time:398337ms step_avg:402.36ms
step:991/1645 train_time:398735ms step_avg:402.36ms
step:992/1645 train_time:399137ms step_avg:402.36ms
step:993/1645 train_time:399536ms step_avg:402.35ms
step:994/1645 train_time:399936ms step_avg:402.35ms
step:995/1645 train_time:400338ms step_avg:402.35ms
step:996/1645 train_time:400739ms step_avg:402.35ms
step:997/1645 train_time:401143ms step_avg:402.35ms
step:998/1645 train_time:401542ms step_avg:402.35ms
step:999/1645 train_time:401945ms step_avg:402.35ms
step:1000/1645 train_time:402345ms step_avg:402.34ms
step:1000/1645 val_loss:3.463867 train_time:402647ms step_avg:402.65ms
step:1001/1645 train_time:402910ms step_avg:402.51ms
step:1002/1645 train_time:403293ms step_avg:402.49ms
step:1003/1645 train_time:403690ms step_avg:402.48ms
step:1004/1645 train_time:404094ms step_avg:402.48ms
step:1005/1645 train_time:404497ms step_avg:402.48ms
step:1006/1645 train_time:404898ms step_avg:402.48ms
step:1007/1645 train_time:405302ms step_avg:402.48ms
step:1008/1645 train_time:405702ms step_avg:402.48ms
step:1009/1645 train_time:406102ms step_avg:402.48ms
step:1010/1645 train_time:406502ms step_avg:402.48ms
step:1011/1645 train_time:406902ms step_avg:402.47ms
step:1012/1645 train_time:407305ms step_avg:402.48ms
step:1013/1645 train_time:407702ms step_avg:402.47ms
step:1014/1645 train_time:408100ms step_avg:402.47ms
step:1015/1645 train_time:408500ms step_avg:402.46ms
step:1016/1645 train_time:408903ms step_avg:402.46ms
step:1017/1645 train_time:409301ms step_avg:402.46ms
step:1018/1645 train_time:409710ms step_avg:402.47ms
step:1019/1645 train_time:410110ms step_avg:402.46ms
step:1020/1645 train_time:410506ms step_avg:402.46ms
step:1021/1645 train_time:410903ms step_avg:402.45ms
step:1022/1645 train_time:411309ms step_avg:402.45ms
step:1023/1645 train_time:411714ms step_avg:402.46ms
step:1024/1645 train_time:412113ms step_avg:402.45ms
step:1025/1645 train_time:412514ms step_avg:402.45ms
step:1026/1645 train_time:412918ms step_avg:402.45ms
step:1027/1645 train_time:413317ms step_avg:402.45ms
step:1028/1645 train_time:413713ms step_avg:402.44ms
step:1029/1645 train_time:414120ms step_avg:402.45ms
step:1030/1645 train_time:414521ms step_avg:402.45ms
step:1031/1645 train_time:414921ms step_avg:402.44ms
step:1032/1645 train_time:415320ms step_avg:402.44ms
step:1033/1645 train_time:415717ms step_avg:402.44ms
step:1034/1645 train_time:416124ms step_avg:402.44ms
step:1035/1645 train_time:416523ms step_avg:402.44ms
step:1036/1645 train_time:416925ms step_avg:402.44ms
step:1037/1645 train_time:417333ms step_avg:402.44ms
step:1038/1645 train_time:417731ms step_avg:402.44ms
step:1039/1645 train_time:418133ms step_avg:402.44ms
step:1040/1645 train_time:418531ms step_avg:402.43ms
step:1041/1645 train_time:418930ms step_avg:402.43ms
step:1042/1645 train_time:419339ms step_avg:402.44ms
step:1043/1645 train_time:419737ms step_avg:402.43ms
step:1044/1645 train_time:420136ms step_avg:402.43ms
step:1045/1645 train_time:420541ms step_avg:402.43ms
step:1046/1645 train_time:420945ms step_avg:402.43ms
step:1047/1645 train_time:421345ms step_avg:402.43ms
step:1048/1645 train_time:421747ms step_avg:402.43ms
step:1049/1645 train_time:422146ms step_avg:402.43ms
step:1050/1645 train_time:422553ms step_avg:402.43ms
step:1051/1645 train_time:422953ms step_avg:402.43ms
step:1052/1645 train_time:423355ms step_avg:402.43ms
step:1053/1645 train_time:423755ms step_avg:402.43ms
step:1054/1645 train_time:424156ms step_avg:402.43ms
step:1055/1645 train_time:424560ms step_avg:402.43ms
step:1056/1645 train_time:424964ms step_avg:402.43ms
step:1057/1645 train_time:425364ms step_avg:402.43ms
step:1058/1645 train_time:425776ms step_avg:402.44ms
step:1059/1645 train_time:426177ms step_avg:402.43ms
step:1060/1645 train_time:426563ms step_avg:402.42ms
step:1061/1645 train_time:426962ms step_avg:402.41ms
step:1062/1645 train_time:427361ms step_avg:402.41ms
step:1063/1645 train_time:427766ms step_avg:402.41ms
step:1064/1645 train_time:428163ms step_avg:402.41ms
step:1065/1645 train_time:428565ms step_avg:402.41ms
step:1066/1645 train_time:428966ms step_avg:402.41ms
step:1067/1645 train_time:429368ms step_avg:402.41ms
step:1068/1645 train_time:429768ms step_avg:402.40ms
step:1069/1645 train_time:430171ms step_avg:402.41ms
step:1070/1645 train_time:430574ms step_avg:402.41ms
step:1071/1645 train_time:430977ms step_avg:402.41ms
step:1072/1645 train_time:431376ms step_avg:402.40ms
step:1073/1645 train_time:431778ms step_avg:402.40ms
step:1074/1645 train_time:432175ms step_avg:402.40ms
step:1075/1645 train_time:432577ms step_avg:402.40ms
step:1076/1645 train_time:432977ms step_avg:402.39ms
step:1077/1645 train_time:433375ms step_avg:402.39ms
step:1078/1645 train_time:433776ms step_avg:402.39ms
step:1079/1645 train_time:434177ms step_avg:402.39ms
step:1080/1645 train_time:434579ms step_avg:402.39ms
step:1081/1645 train_time:434979ms step_avg:402.39ms
step:1082/1645 train_time:435383ms step_avg:402.39ms
step:1083/1645 train_time:435782ms step_avg:402.38ms
step:1084/1645 train_time:436180ms step_avg:402.38ms
step:1085/1645 train_time:436576ms step_avg:402.37ms
step:1086/1645 train_time:436981ms step_avg:402.38ms
step:1087/1645 train_time:437382ms step_avg:402.38ms
step:1088/1645 train_time:437781ms step_avg:402.37ms
step:1089/1645 train_time:438185ms step_avg:402.37ms
step:1090/1645 train_time:438584ms step_avg:402.37ms
step:1091/1645 train_time:438986ms step_avg:402.37ms
step:1092/1645 train_time:439387ms step_avg:402.37ms
step:1093/1645 train_time:439790ms step_avg:402.37ms
step:1094/1645 train_time:440196ms step_avg:402.37ms
step:1095/1645 train_time:440593ms step_avg:402.37ms
step:1096/1645 train_time:441000ms step_avg:402.37ms
step:1097/1645 train_time:441399ms step_avg:402.37ms
step:1098/1645 train_time:441803ms step_avg:402.37ms
step:1099/1645 train_time:442204ms step_avg:402.37ms
step:1100/1645 train_time:442606ms step_avg:402.37ms
step:1101/1645 train_time:443003ms step_avg:402.36ms
step:1102/1645 train_time:443404ms step_avg:402.36ms
step:1103/1645 train_time:443803ms step_avg:402.36ms
step:1104/1645 train_time:444204ms step_avg:402.36ms
step:1105/1645 train_time:444605ms step_avg:402.36ms
step:1106/1645 train_time:445003ms step_avg:402.35ms
step:1107/1645 train_time:445410ms step_avg:402.36ms
step:1108/1645 train_time:445804ms step_avg:402.35ms
step:1109/1645 train_time:446205ms step_avg:402.35ms
step:1110/1645 train_time:446605ms step_avg:402.35ms
step:1111/1645 train_time:447002ms step_avg:402.34ms
step:1112/1645 train_time:447402ms step_avg:402.34ms
step:1113/1645 train_time:447801ms step_avg:402.34ms
step:1114/1645 train_time:448204ms step_avg:402.34ms
step:1115/1645 train_time:448603ms step_avg:402.33ms
step:1116/1645 train_time:449001ms step_avg:402.33ms
step:1117/1645 train_time:449403ms step_avg:402.33ms
step:1118/1645 train_time:449805ms step_avg:402.33ms
step:1119/1645 train_time:450210ms step_avg:402.33ms
step:1120/1645 train_time:450609ms step_avg:402.33ms
step:1121/1645 train_time:451007ms step_avg:402.33ms
step:1122/1645 train_time:451406ms step_avg:402.32ms
step:1123/1645 train_time:451808ms step_avg:402.32ms
step:1124/1645 train_time:452205ms step_avg:402.32ms
step:1125/1645 train_time:452605ms step_avg:402.32ms
step:1125/1645 val_loss:3.410711 train_time:452909ms step_avg:402.59ms
step:1126/1645 train_time:453159ms step_avg:402.45ms
step:1127/1645 train_time:453520ms step_avg:402.41ms
step:1128/1645 train_time:453922ms step_avg:402.41ms
step:1129/1645 train_time:454325ms step_avg:402.41ms
step:1130/1645 train_time:454726ms step_avg:402.41ms
step:1131/1645 train_time:455133ms step_avg:402.42ms
step:1132/1645 train_time:455533ms step_avg:402.41ms
step:1133/1645 train_time:455935ms step_avg:402.41ms
step:1134/1645 train_time:456339ms step_avg:402.42ms
step:1135/1645 train_time:456735ms step_avg:402.41ms
step:1136/1645 train_time:457141ms step_avg:402.41ms
step:1137/1645 train_time:457540ms step_avg:402.41ms
step:1138/1645 train_time:457941ms step_avg:402.41ms
step:1139/1645 train_time:458340ms step_avg:402.41ms
step:1140/1645 train_time:458740ms step_avg:402.40ms
step:1141/1645 train_time:459144ms step_avg:402.41ms
step:1142/1645 train_time:459544ms step_avg:402.40ms
step:1143/1645 train_time:459946ms step_avg:402.40ms
step:1144/1645 train_time:460342ms step_avg:402.40ms
step:1145/1645 train_time:460744ms step_avg:402.40ms
step:1146/1645 train_time:461150ms step_avg:402.40ms
step:1147/1645 train_time:461549ms step_avg:402.40ms
step:1148/1645 train_time:461955ms step_avg:402.40ms
step:1149/1645 train_time:462359ms step_avg:402.40ms
step:1150/1645 train_time:462759ms step_avg:402.40ms
step:1151/1645 train_time:463162ms step_avg:402.40ms
step:1152/1645 train_time:463562ms step_avg:402.40ms
step:1153/1645 train_time:463959ms step_avg:402.39ms
step:1154/1645 train_time:464361ms step_avg:402.39ms
step:1155/1645 train_time:464761ms step_avg:402.39ms
step:1156/1645 train_time:465161ms step_avg:402.39ms
step:1157/1645 train_time:465561ms step_avg:402.39ms
step:1158/1645 train_time:465962ms step_avg:402.39ms
step:1159/1645 train_time:466361ms step_avg:402.38ms
step:1160/1645 train_time:466765ms step_avg:402.38ms
step:1161/1645 train_time:467168ms step_avg:402.38ms
step:1162/1645 train_time:467573ms step_avg:402.39ms
step:1163/1645 train_time:467971ms step_avg:402.38ms
step:1164/1645 train_time:468373ms step_avg:402.38ms
step:1165/1645 train_time:468780ms step_avg:402.39ms
step:1166/1645 train_time:469179ms step_avg:402.38ms
step:1167/1645 train_time:469579ms step_avg:402.38ms
step:1168/1645 train_time:469977ms step_avg:402.38ms
step:1169/1645 train_time:470379ms step_avg:402.38ms
step:1170/1645 train_time:470790ms step_avg:402.38ms
step:1171/1645 train_time:471173ms step_avg:402.37ms
step:1172/1645 train_time:471579ms step_avg:402.37ms
step:1173/1645 train_time:471980ms step_avg:402.37ms
step:1174/1645 train_time:472376ms step_avg:402.36ms
step:1175/1645 train_time:472781ms step_avg:402.37ms
step:1176/1645 train_time:473180ms step_avg:402.36ms
step:1177/1645 train_time:473583ms step_avg:402.36ms
step:1178/1645 train_time:473989ms step_avg:402.37ms
step:1179/1645 train_time:474391ms step_avg:402.37ms
step:1180/1645 train_time:474794ms step_avg:402.37ms
step:1181/1645 train_time:475193ms step_avg:402.37ms
step:1182/1645 train_time:475589ms step_avg:402.36ms
step:1183/1645 train_time:475991ms step_avg:402.36ms
step:1184/1645 train_time:476388ms step_avg:402.35ms
step:1185/1645 train_time:476790ms step_avg:402.35ms
step:1186/1645 train_time:477188ms step_avg:402.35ms
step:1187/1645 train_time:477588ms step_avg:402.35ms
step:1188/1645 train_time:477993ms step_avg:402.35ms
step:1189/1645 train_time:478394ms step_avg:402.35ms
step:1190/1645 train_time:478793ms step_avg:402.35ms
step:1191/1645 train_time:479197ms step_avg:402.35ms
step:1192/1645 train_time:479595ms step_avg:402.35ms
step:1193/1645 train_time:480003ms step_avg:402.35ms
step:1194/1645 train_time:480406ms step_avg:402.35ms
step:1195/1645 train_time:480803ms step_avg:402.35ms
step:1196/1645 train_time:481207ms step_avg:402.35ms
step:1197/1645 train_time:481609ms step_avg:402.35ms
step:1198/1645 train_time:482009ms step_avg:402.34ms
step:1199/1645 train_time:482410ms step_avg:402.34ms
step:1200/1645 train_time:482809ms step_avg:402.34ms
step:1201/1645 train_time:483209ms step_avg:402.34ms
step:1202/1645 train_time:483612ms step_avg:402.34ms
step:1203/1645 train_time:484010ms step_avg:402.34ms
step:1204/1645 train_time:484410ms step_avg:402.33ms
step:1205/1645 train_time:484808ms step_avg:402.33ms
step:1206/1645 train_time:485208ms step_avg:402.33ms
step:1207/1645 train_time:485603ms step_avg:402.32ms
step:1208/1645 train_time:486006ms step_avg:402.32ms
step:1209/1645 train_time:486405ms step_avg:402.32ms
step:1210/1645 train_time:486803ms step_avg:402.32ms
step:1211/1645 train_time:487208ms step_avg:402.32ms
step:1212/1645 train_time:487611ms step_avg:402.32ms
step:1213/1645 train_time:488011ms step_avg:402.32ms
step:1214/1645 train_time:488411ms step_avg:402.32ms
step:1215/1645 train_time:488808ms step_avg:402.31ms
step:1216/1645 train_time:489208ms step_avg:402.31ms
step:1217/1645 train_time:489601ms step_avg:402.30ms
step:1218/1645 train_time:490003ms step_avg:402.30ms
step:1219/1645 train_time:490403ms step_avg:402.30ms
step:1220/1645 train_time:490810ms step_avg:402.30ms
step:1221/1645 train_time:491211ms step_avg:402.30ms
step:1222/1645 train_time:491611ms step_avg:402.30ms
step:1223/1645 train_time:492014ms step_avg:402.30ms
step:1224/1645 train_time:492412ms step_avg:402.30ms
step:1225/1645 train_time:492815ms step_avg:402.30ms
step:1226/1645 train_time:493215ms step_avg:402.30ms
step:1227/1645 train_time:493616ms step_avg:402.29ms
step:1228/1645 train_time:494014ms step_avg:402.29ms
step:1229/1645 train_time:494416ms step_avg:402.29ms
step:1230/1645 train_time:494815ms step_avg:402.29ms
step:1231/1645 train_time:495212ms step_avg:402.28ms
step:1232/1645 train_time:495611ms step_avg:402.28ms
step:1233/1645 train_time:496011ms step_avg:402.28ms
step:1234/1645 train_time:496414ms step_avg:402.28ms
step:1235/1645 train_time:496814ms step_avg:402.28ms
step:1236/1645 train_time:497216ms step_avg:402.28ms
step:1237/1645 train_time:497617ms step_avg:402.28ms
step:1238/1645 train_time:498017ms step_avg:402.28ms
step:1239/1645 train_time:498416ms step_avg:402.27ms
step:1240/1645 train_time:498816ms step_avg:402.27ms
step:1241/1645 train_time:499218ms step_avg:402.27ms
step:1242/1645 train_time:499621ms step_avg:402.27ms
step:1243/1645 train_time:500022ms step_avg:402.27ms
step:1244/1645 train_time:500426ms step_avg:402.27ms
step:1245/1645 train_time:500828ms step_avg:402.27ms
step:1246/1645 train_time:501228ms step_avg:402.27ms
step:1247/1645 train_time:501625ms step_avg:402.27ms
step:1248/1645 train_time:502024ms step_avg:402.26ms
step:1249/1645 train_time:502426ms step_avg:402.26ms
step:1250/1645 train_time:502827ms step_avg:402.26ms
step:1250/1645 val_loss:3.372499 train_time:503133ms step_avg:402.51ms
step:1251/1645 train_time:503497ms step_avg:402.48ms
step:1252/1645 train_time:503937ms step_avg:402.51ms
step:1253/1645 train_time:504346ms step_avg:402.51ms
step:1254/1645 train_time:504747ms step_avg:402.51ms
step:1255/1645 train_time:505146ms step_avg:402.51ms
step:1256/1645 train_time:505546ms step_avg:402.50ms
step:1257/1645 train_time:505952ms step_avg:402.51ms
step:1258/1645 train_time:506351ms step_avg:402.50ms
step:1259/1645 train_time:506755ms step_avg:402.51ms
step:1260/1645 train_time:507159ms step_avg:402.51ms
step:1261/1645 train_time:507560ms step_avg:402.51ms
step:1262/1645 train_time:507970ms step_avg:402.51ms
step:1263/1645 train_time:508362ms step_avg:402.50ms
step:1264/1645 train_time:508764ms step_avg:402.50ms
step:1265/1645 train_time:509167ms step_avg:402.50ms
step:1266/1645 train_time:509563ms step_avg:402.50ms
step:1267/1645 train_time:509966ms step_avg:402.50ms
step:1268/1645 train_time:510373ms step_avg:402.50ms
step:1269/1645 train_time:510777ms step_avg:402.50ms
step:1270/1645 train_time:511180ms step_avg:402.50ms
step:1271/1645 train_time:511581ms step_avg:402.50ms
step:1272/1645 train_time:511981ms step_avg:402.50ms
step:1273/1645 train_time:512392ms step_avg:402.51ms
step:1274/1645 train_time:512791ms step_avg:402.50ms
step:1275/1645 train_time:513179ms step_avg:402.49ms
step:1276/1645 train_time:513584ms step_avg:402.49ms
step:1277/1645 train_time:513984ms step_avg:402.49ms
step:1278/1645 train_time:514380ms step_avg:402.49ms
step:1279/1645 train_time:514779ms step_avg:402.49ms
step:1280/1645 train_time:515183ms step_avg:402.49ms
step:1281/1645 train_time:515581ms step_avg:402.48ms
step:1282/1645 train_time:515986ms step_avg:402.48ms
step:1283/1645 train_time:516384ms step_avg:402.48ms
step:1284/1645 train_time:516787ms step_avg:402.48ms
step:1285/1645 train_time:517189ms step_avg:402.48ms
step:1286/1645 train_time:517591ms step_avg:402.48ms
step:1287/1645 train_time:517990ms step_avg:402.48ms
step:1288/1645 train_time:518394ms step_avg:402.48ms
step:1289/1645 train_time:518794ms step_avg:402.48ms
step:1290/1645 train_time:519194ms step_avg:402.48ms
step:1291/1645 train_time:519595ms step_avg:402.48ms
step:1292/1645 train_time:519998ms step_avg:402.48ms
step:1293/1645 train_time:520397ms step_avg:402.47ms
step:1294/1645 train_time:520794ms step_avg:402.47ms
step:1295/1645 train_time:521201ms step_avg:402.47ms
step:1296/1645 train_time:521599ms step_avg:402.47ms
step:1297/1645 train_time:522001ms step_avg:402.47ms
step:1298/1645 train_time:522400ms step_avg:402.47ms
step:1299/1645 train_time:522803ms step_avg:402.47ms
step:1300/1645 train_time:523205ms step_avg:402.47ms
step:1301/1645 train_time:523605ms step_avg:402.46ms
step:1302/1645 train_time:524002ms step_avg:402.46ms
step:1303/1645 train_time:524408ms step_avg:402.46ms
step:1304/1645 train_time:524810ms step_avg:402.46ms
step:1305/1645 train_time:525210ms step_avg:402.46ms
step:1306/1645 train_time:525607ms step_avg:402.46ms
step:1307/1645 train_time:526008ms step_avg:402.45ms
step:1308/1645 train_time:526413ms step_avg:402.46ms
step:1309/1645 train_time:526811ms step_avg:402.45ms
step:1310/1645 train_time:527214ms step_avg:402.45ms
step:1311/1645 train_time:527614ms step_avg:402.45ms
step:1312/1645 train_time:528016ms step_avg:402.45ms
step:1313/1645 train_time:528419ms step_avg:402.45ms
step:1314/1645 train_time:528823ms step_avg:402.45ms
step:1315/1645 train_time:529222ms step_avg:402.45ms
step:1316/1645 train_time:529620ms step_avg:402.45ms
step:1317/1645 train_time:530025ms step_avg:402.45ms
step:1318/1645 train_time:530423ms step_avg:402.45ms
step:1319/1645 train_time:530826ms step_avg:402.45ms
step:1320/1645 train_time:531230ms step_avg:402.45ms
step:1321/1645 train_time:531632ms step_avg:402.45ms
step:1322/1645 train_time:532030ms step_avg:402.44ms
step:1323/1645 train_time:532435ms step_avg:402.45ms
step:1324/1645 train_time:532839ms step_avg:402.45ms
step:1325/1645 train_time:533237ms step_avg:402.44ms
step:1326/1645 train_time:533637ms step_avg:402.44ms
step:1327/1645 train_time:534040ms step_avg:402.44ms
step:1328/1645 train_time:534442ms step_avg:402.44ms
step:1329/1645 train_time:534842ms step_avg:402.44ms
step:1330/1645 train_time:535238ms step_avg:402.43ms
step:1331/1645 train_time:535636ms step_avg:402.43ms
step:1332/1645 train_time:536040ms step_avg:402.43ms
step:1333/1645 train_time:536441ms step_avg:402.43ms
step:1334/1645 train_time:536842ms step_avg:402.43ms
step:1335/1645 train_time:537244ms step_avg:402.43ms
step:1336/1645 train_time:537644ms step_avg:402.43ms
step:1337/1645 train_time:538046ms step_avg:402.43ms
step:1338/1645 train_time:538448ms step_avg:402.43ms
step:1339/1645 train_time:538851ms step_avg:402.43ms
step:1340/1645 train_time:539254ms step_avg:402.43ms
step:1341/1645 train_time:539660ms step_avg:402.43ms
step:1342/1645 train_time:540066ms step_avg:402.43ms
step:1343/1645 train_time:540463ms step_avg:402.43ms
step:1344/1645 train_time:540869ms step_avg:402.43ms
step:1345/1645 train_time:541267ms step_avg:402.43ms
step:1346/1645 train_time:541665ms step_avg:402.43ms
step:1347/1645 train_time:542065ms step_avg:402.42ms
step:1348/1645 train_time:542467ms step_avg:402.42ms
step:1349/1645 train_time:542868ms step_avg:402.42ms
step:1350/1645 train_time:543269ms step_avg:402.42ms
step:1351/1645 train_time:543671ms step_avg:402.42ms
step:1352/1645 train_time:544072ms step_avg:402.42ms
step:1353/1645 train_time:544475ms step_avg:402.42ms
step:1354/1645 train_time:544877ms step_avg:402.42ms
step:1355/1645 train_time:545277ms step_avg:402.42ms
step:1356/1645 train_time:545682ms step_avg:402.42ms
step:1357/1645 train_time:546083ms step_avg:402.42ms
step:1358/1645 train_time:546483ms step_avg:402.42ms
step:1359/1645 train_time:546884ms step_avg:402.42ms
step:1360/1645 train_time:547290ms step_avg:402.42ms
step:1361/1645 train_time:547691ms step_avg:402.42ms
step:1362/1645 train_time:548089ms step_avg:402.41ms
step:1363/1645 train_time:548490ms step_avg:402.41ms
step:1364/1645 train_time:548888ms step_avg:402.41ms
step:1365/1645 train_time:549288ms step_avg:402.41ms
step:1366/1645 train_time:549694ms step_avg:402.41ms
step:1367/1645 train_time:550095ms step_avg:402.41ms
step:1368/1645 train_time:550497ms step_avg:402.41ms
step:1369/1645 train_time:550899ms step_avg:402.41ms
step:1370/1645 train_time:551299ms step_avg:402.41ms
step:1371/1645 train_time:551698ms step_avg:402.41ms
step:1372/1645 train_time:552100ms step_avg:402.41ms
step:1373/1645 train_time:552498ms step_avg:402.40ms
step:1374/1645 train_time:552899ms step_avg:402.40ms
step:1375/1645 train_time:553298ms step_avg:402.40ms
step:1375/1645 val_loss:3.336987 train_time:553605ms step_avg:402.62ms
step:1376/1645 train_time:553861ms step_avg:402.52ms
step:1377/1645 train_time:554218ms step_avg:402.48ms
step:1378/1645 train_time:554620ms step_avg:402.48ms
step:1379/1645 train_time:555020ms step_avg:402.48ms
step:1380/1645 train_time:555423ms step_avg:402.48ms
step:1381/1645 train_time:555829ms step_avg:402.48ms
step:1382/1645 train_time:556227ms step_avg:402.48ms
step:1383/1645 train_time:556629ms step_avg:402.48ms
step:1384/1645 train_time:557028ms step_avg:402.48ms
step:1385/1645 train_time:557429ms step_avg:402.48ms
step:1386/1645 train_time:557832ms step_avg:402.48ms
step:1387/1645 train_time:558233ms step_avg:402.47ms
step:1388/1645 train_time:558633ms step_avg:402.47ms
step:1389/1645 train_time:559034ms step_avg:402.47ms
step:1390/1645 train_time:559434ms step_avg:402.47ms
step:1391/1645 train_time:559835ms step_avg:402.47ms
step:1392/1645 train_time:560238ms step_avg:402.47ms
step:1393/1645 train_time:560641ms step_avg:402.47ms
step:1394/1645 train_time:561043ms step_avg:402.47ms
step:1395/1645 train_time:561445ms step_avg:402.47ms
step:1396/1645 train_time:561841ms step_avg:402.47ms
step:1397/1645 train_time:562244ms step_avg:402.47ms
step:1398/1645 train_time:562645ms step_avg:402.46ms
step:1399/1645 train_time:563046ms step_avg:402.46ms
step:1400/1645 train_time:563444ms step_avg:402.46ms
step:1401/1645 train_time:563848ms step_avg:402.46ms
step:1402/1645 train_time:564250ms step_avg:402.46ms
step:1403/1645 train_time:564648ms step_avg:402.46ms
step:1404/1645 train_time:565051ms step_avg:402.46ms
step:1405/1645 train_time:565453ms step_avg:402.46ms
step:1406/1645 train_time:565851ms step_avg:402.45ms
step:1407/1645 train_time:566253ms step_avg:402.45ms
step:1408/1645 train_time:566655ms step_avg:402.45ms
step:1409/1645 train_time:567056ms step_avg:402.45ms
step:1410/1645 train_time:567455ms step_avg:402.45ms
step:1411/1645 train_time:567860ms step_avg:402.45ms
step:1412/1645 train_time:568259ms step_avg:402.45ms
step:1413/1645 train_time:568659ms step_avg:402.45ms
step:1414/1645 train_time:569059ms step_avg:402.45ms
step:1415/1645 train_time:569457ms step_avg:402.44ms
step:1416/1645 train_time:569859ms step_avg:402.44ms
step:1417/1645 train_time:570261ms step_avg:402.44ms
step:1418/1645 train_time:570660ms step_avg:402.44ms
step:1419/1645 train_time:571059ms step_avg:402.44ms
step:1420/1645 train_time:571462ms step_avg:402.44ms
step:1421/1645 train_time:571862ms step_avg:402.44ms
step:1422/1645 train_time:572259ms step_avg:402.43ms
step:1423/1645 train_time:572668ms step_avg:402.44ms
step:1424/1645 train_time:573072ms step_avg:402.44ms
step:1425/1645 train_time:573475ms step_avg:402.44ms
step:1426/1645 train_time:573880ms step_avg:402.44ms
step:1427/1645 train_time:574279ms step_avg:402.44ms
step:1428/1645 train_time:574683ms step_avg:402.44ms
step:1429/1645 train_time:575084ms step_avg:402.44ms
step:1430/1645 train_time:575486ms step_avg:402.44ms
step:1431/1645 train_time:575891ms step_avg:402.44ms
step:1432/1645 train_time:576298ms step_avg:402.44ms
step:1433/1645 train_time:576692ms step_avg:402.44ms
step:1434/1645 train_time:577097ms step_avg:402.44ms
step:1435/1645 train_time:577498ms step_avg:402.44ms
step:1436/1645 train_time:577900ms step_avg:402.44ms
step:1437/1645 train_time:578298ms step_avg:402.43ms
step:1438/1645 train_time:578699ms step_avg:402.43ms
step:1439/1645 train_time:579102ms step_avg:402.43ms
step:1440/1645 train_time:579504ms step_avg:402.43ms
step:1441/1645 train_time:579903ms step_avg:402.43ms
step:1442/1645 train_time:580303ms step_avg:402.43ms
step:1443/1645 train_time:580702ms step_avg:402.43ms
step:1444/1645 train_time:581106ms step_avg:402.43ms
step:1445/1645 train_time:581506ms step_avg:402.43ms
step:1446/1645 train_time:581906ms step_avg:402.42ms
step:1447/1645 train_time:582309ms step_avg:402.42ms
step:1448/1645 train_time:582710ms step_avg:402.42ms
step:1449/1645 train_time:583113ms step_avg:402.42ms
step:1450/1645 train_time:583512ms step_avg:402.42ms
step:1451/1645 train_time:583916ms step_avg:402.42ms
step:1452/1645 train_time:584316ms step_avg:402.42ms
step:1453/1645 train_time:584718ms step_avg:402.42ms
step:1454/1645 train_time:585118ms step_avg:402.42ms
step:1455/1645 train_time:585518ms step_avg:402.42ms
step:1456/1645 train_time:585920ms step_avg:402.42ms
step:1457/1645 train_time:586327ms step_avg:402.42ms
step:1458/1645 train_time:586725ms step_avg:402.42ms
step:1459/1645 train_time:587130ms step_avg:402.42ms
step:1460/1645 train_time:587532ms step_avg:402.42ms
step:1461/1645 train_time:587933ms step_avg:402.42ms
step:1462/1645 train_time:588336ms step_avg:402.42ms
step:1463/1645 train_time:588734ms step_avg:402.42ms
step:1464/1645 train_time:589138ms step_avg:402.42ms
step:1465/1645 train_time:589539ms step_avg:402.42ms
step:1466/1645 train_time:589941ms step_avg:402.42ms
step:1467/1645 train_time:590348ms step_avg:402.42ms
step:1468/1645 train_time:590751ms step_avg:402.42ms
step:1469/1645 train_time:591160ms step_avg:402.42ms
step:1470/1645 train_time:591565ms step_avg:402.43ms
step:1471/1645 train_time:591972ms step_avg:402.43ms
step:1472/1645 train_time:592372ms step_avg:402.43ms
step:1473/1645 train_time:592776ms step_avg:402.43ms
step:1474/1645 train_time:593178ms step_avg:402.43ms
step:1475/1645 train_time:593582ms step_avg:402.43ms
step:1476/1645 train_time:593986ms step_avg:402.43ms
step:1477/1645 train_time:594387ms step_avg:402.43ms
step:1478/1645 train_time:594791ms step_avg:402.43ms
step:1479/1645 train_time:595194ms step_avg:402.43ms
step:1480/1645 train_time:595593ms step_avg:402.43ms
step:1481/1645 train_time:595998ms step_avg:402.43ms
step:1482/1645 train_time:596398ms step_avg:402.43ms
step:1483/1645 train_time:596804ms step_avg:402.43ms
step:1484/1645 train_time:597206ms step_avg:402.43ms
step:1485/1645 train_time:597609ms step_avg:402.43ms
step:1486/1645 train_time:598009ms step_avg:402.43ms
step:1487/1645 train_time:598413ms step_avg:402.43ms
step:1488/1645 train_time:598818ms step_avg:402.43ms
step:1489/1645 train_time:599223ms step_avg:402.43ms
step:1490/1645 train_time:599624ms step_avg:402.43ms
step:1491/1645 train_time:600027ms step_avg:402.43ms
step:1492/1645 train_time:600429ms step_avg:402.43ms
step:1493/1645 train_time:600838ms step_avg:402.44ms
step:1494/1645 train_time:601245ms step_avg:402.44ms
step:1495/1645 train_time:601650ms step_avg:402.44ms
step:1496/1645 train_time:602049ms step_avg:402.44ms
step:1497/1645 train_time:602450ms step_avg:402.44ms
step:1498/1645 train_time:602855ms step_avg:402.44ms
step:1499/1645 train_time:603260ms step_avg:402.44ms
step:1500/1645 train_time:603660ms step_avg:402.44ms
step:1500/1645 val_loss:3.306308 train_time:603962ms step_avg:402.64ms
step:1501/1645 train_time:604228ms step_avg:402.55ms
step:1502/1645 train_time:604595ms step_avg:402.53ms
step:1503/1645 train_time:605000ms step_avg:402.53ms
step:1504/1645 train_time:605409ms step_avg:402.53ms
step:1505/1645 train_time:605814ms step_avg:402.53ms
step:1506/1645 train_time:606217ms step_avg:402.53ms
step:1507/1645 train_time:606622ms step_avg:402.54ms
step:1508/1645 train_time:607021ms step_avg:402.53ms
step:1509/1645 train_time:607423ms step_avg:402.53ms
step:1510/1645 train_time:607827ms step_avg:402.53ms
step:1511/1645 train_time:608232ms step_avg:402.54ms
step:1512/1645 train_time:608634ms step_avg:402.54ms
step:1513/1645 train_time:609036ms step_avg:402.54ms
step:1514/1645 train_time:609441ms step_avg:402.54ms
step:1515/1645 train_time:609842ms step_avg:402.54ms
step:1516/1645 train_time:610245ms step_avg:402.54ms
step:1517/1645 train_time:610648ms step_avg:402.54ms
step:1518/1645 train_time:611049ms step_avg:402.54ms
step:1519/1645 train_time:611453ms step_avg:402.54ms
step:1520/1645 train_time:611865ms step_avg:402.54ms
step:1521/1645 train_time:612269ms step_avg:402.54ms
step:1522/1645 train_time:612670ms step_avg:402.54ms
step:1523/1645 train_time:613070ms step_avg:402.54ms
step:1524/1645 train_time:613475ms step_avg:402.54ms
step:1525/1645 train_time:613880ms step_avg:402.54ms
step:1526/1645 train_time:614285ms step_avg:402.55ms
step:1527/1645 train_time:614689ms step_avg:402.55ms
step:1528/1645 train_time:615090ms step_avg:402.55ms
step:1529/1645 train_time:615495ms step_avg:402.55ms
step:1530/1645 train_time:615900ms step_avg:402.55ms
step:1531/1645 train_time:616306ms step_avg:402.55ms
step:1532/1645 train_time:616705ms step_avg:402.55ms
step:1533/1645 train_time:617108ms step_avg:402.55ms
step:1534/1645 train_time:617510ms step_avg:402.55ms
step:1535/1645 train_time:617909ms step_avg:402.55ms
step:1536/1645 train_time:618311ms step_avg:402.55ms
step:1537/1645 train_time:618713ms step_avg:402.55ms
step:1538/1645 train_time:619116ms step_avg:402.55ms
step:1539/1645 train_time:619520ms step_avg:402.55ms
step:1540/1645 train_time:619927ms step_avg:402.55ms
step:1541/1645 train_time:620329ms step_avg:402.55ms
step:1542/1645 train_time:620744ms step_avg:402.56ms
step:1543/1645 train_time:621147ms step_avg:402.56ms
step:1544/1645 train_time:621548ms step_avg:402.56ms
step:1545/1645 train_time:621951ms step_avg:402.56ms
step:1546/1645 train_time:622353ms step_avg:402.56ms
step:1547/1645 train_time:622754ms step_avg:402.56ms
step:1548/1645 train_time:623161ms step_avg:402.56ms
step:1549/1645 train_time:623564ms step_avg:402.56ms
step:1550/1645 train_time:623969ms step_avg:402.56ms
step:1551/1645 train_time:624371ms step_avg:402.56ms
step:1552/1645 train_time:624775ms step_avg:402.56ms
step:1553/1645 train_time:625175ms step_avg:402.56ms
step:1554/1645 train_time:625579ms step_avg:402.56ms
step:1555/1645 train_time:625983ms step_avg:402.56ms
step:1556/1645 train_time:626385ms step_avg:402.56ms
step:1557/1645 train_time:626793ms step_avg:402.56ms
step:1558/1645 train_time:627197ms step_avg:402.57ms
step:1559/1645 train_time:627601ms step_avg:402.57ms
step:1560/1645 train_time:628000ms step_avg:402.56ms
step:1561/1645 train_time:628402ms step_avg:402.56ms
step:1562/1645 train_time:628805ms step_avg:402.56ms
step:1563/1645 train_time:629209ms step_avg:402.57ms
step:1564/1645 train_time:629614ms step_avg:402.57ms
step:1565/1645 train_time:630015ms step_avg:402.57ms
step:1566/1645 train_time:630421ms step_avg:402.57ms
step:1567/1645 train_time:630824ms step_avg:402.57ms
step:1568/1645 train_time:631231ms step_avg:402.57ms
step:1569/1645 train_time:631627ms step_avg:402.57ms
step:1570/1645 train_time:632031ms step_avg:402.57ms
step:1571/1645 train_time:632433ms step_avg:402.57ms
step:1572/1645 train_time:632839ms step_avg:402.57ms
step:1573/1645 train_time:633240ms step_avg:402.57ms
step:1574/1645 train_time:633646ms step_avg:402.57ms
step:1575/1645 train_time:634048ms step_avg:402.57ms
step:1576/1645 train_time:634458ms step_avg:402.57ms
step:1577/1645 train_time:634859ms step_avg:402.57ms
step:1578/1645 train_time:635262ms step_avg:402.57ms
step:1579/1645 train_time:635664ms step_avg:402.57ms
step:1580/1645 train_time:636071ms step_avg:402.58ms
step:1581/1645 train_time:636474ms step_avg:402.58ms
step:1582/1645 train_time:636877ms step_avg:402.58ms
step:1583/1645 train_time:637279ms step_avg:402.58ms
step:1584/1645 train_time:637683ms step_avg:402.58ms
step:1585/1645 train_time:638092ms step_avg:402.58ms
step:1586/1645 train_time:638507ms step_avg:402.59ms
step:1587/1645 train_time:638895ms step_avg:402.58ms
step:1588/1645 train_time:639299ms step_avg:402.58ms
step:1589/1645 train_time:639704ms step_avg:402.58ms
step:1590/1645 train_time:640104ms step_avg:402.58ms
step:1591/1645 train_time:640513ms step_avg:402.58ms
step:1592/1645 train_time:640911ms step_avg:402.58ms
step:1593/1645 train_time:641312ms step_avg:402.58ms
step:1594/1645 train_time:641722ms step_avg:402.59ms
step:1595/1645 train_time:642122ms step_avg:402.58ms
step:1596/1645 train_time:642526ms step_avg:402.58ms
step:1597/1645 train_time:642930ms step_avg:402.59ms
step:1598/1645 train_time:643328ms step_avg:402.58ms
step:1599/1645 train_time:643736ms step_avg:402.59ms
step:1600/1645 train_time:644137ms step_avg:402.59ms
step:1601/1645 train_time:644542ms step_avg:402.59ms
step:1602/1645 train_time:644942ms step_avg:402.59ms
step:1603/1645 train_time:645343ms step_avg:402.58ms
step:1604/1645 train_time:645756ms step_avg:402.59ms
step:1605/1645 train_time:646163ms step_avg:402.59ms
step:1606/1645 train_time:646564ms step_avg:402.59ms
step:1607/1645 train_time:646970ms step_avg:402.59ms
step:1608/1645 train_time:647370ms step_avg:402.59ms
step:1609/1645 train_time:647774ms step_avg:402.59ms
step:1610/1645 train_time:648176ms step_avg:402.59ms
step:1611/1645 train_time:648584ms step_avg:402.60ms
step:1612/1645 train_time:648987ms step_avg:402.60ms
step:1613/1645 train_time:649392ms step_avg:402.60ms
step:1614/1645 train_time:649793ms step_avg:402.60ms
step:1615/1645 train_time:650199ms step_avg:402.60ms
step:1616/1645 train_time:650604ms step_avg:402.60ms
step:1617/1645 train_time:651001ms step_avg:402.60ms
step:1618/1645 train_time:651403ms step_avg:402.60ms
step:1619/1645 train_time:651807ms step_avg:402.60ms
step:1620/1645 train_time:652214ms step_avg:402.60ms
step:1621/1645 train_time:652619ms step_avg:402.60ms
step:1622/1645 train_time:653021ms step_avg:402.60ms
step:1623/1645 train_time:653422ms step_avg:402.60ms
step:1624/1645 train_time:653825ms step_avg:402.60ms
step:1625/1645 train_time:654232ms step_avg:402.60ms
step:1625/1645 val_loss:3.281877 train_time:654533ms step_avg:402.79ms
step:1626/1645 train_time:654805ms step_avg:402.71ms
step:1627/1645 train_time:655166ms step_avg:402.68ms
step:1628/1645 train_time:655566ms step_avg:402.68ms
step:1629/1645 train_time:655969ms step_avg:402.68ms
step:1630/1645 train_time:656373ms step_avg:402.68ms
step:1631/1645 train_time:656774ms step_avg:402.68ms
step:1632/1645 train_time:657177ms step_avg:402.68ms
step:1633/1645 train_time:657576ms step_avg:402.68ms
step:1634/1645 train_time:657981ms step_avg:402.68ms
step:1635/1645 train_time:658379ms step_avg:402.68ms
step:1636/1645 train_time:658783ms step_avg:402.68ms
step:1637/1645 train_time:659192ms step_avg:402.68ms
step:1638/1645 train_time:659595ms step_avg:402.68ms
step:1639/1645 train_time:659999ms step_avg:402.68ms
step:1640/1645 train_time:660403ms step_avg:402.68ms
step:1641/1645 train_time:660804ms step_avg:402.68ms
step:1642/1645 train_time:661208ms step_avg:402.68ms
step:1643/1645 train_time:661611ms step_avg:402.68ms
step:1644/1645 train_time:662014ms step_avg:402.69ms
step:1645/1645 train_time:662416ms step_avg:402.68ms
step:1645/1645 val_loss:3.276368 train_time:662717ms step_avg:402.87ms
peak memory allocated: 29381 MiB reserved: 32142 MiB
total training time: 662.72s (662717ms)
