W0525 14:28:30.166000 243 site-packages/torch/distributed/run.py:766] 
W0525 14:28:30.166000 243 site-packages/torch/distributed/run.py:766] *****************************************
W0525 14:28:30.166000 243 site-packages/torch/distributed/run.py:766] Setting OMP_NUM_THREADS environment variable for each process to be 1 in default, to avoid your system being overloaded, please further tune the variable for optimal performance in your application as needed. 
W0525 14:28:30.166000 243 site-packages/torch/distributed/run.py:766] *****************************************
/root/miniconda3/envs/llm_test/lib/python3.10/site-packages/torch/autograd/__init__.py:221: UserWarning: Cannot create tensor with interal format while allow_internel_format=False, tensor will be created with base format. (Triggered internally at build/CMakeFiles/torch_npu.dir/compiler_depend.ts:338.)
  torch.ones_like(out, memory_format=torch.preserve_format)
/root/miniconda3/envs/llm_test/lib/python3.10/site-packages/torch/autograd/__init__.py:221: UserWarning: Cannot create tensor with interal format while allow_internel_format=False, tensor will be created with base format. (Triggered internally at build/CMakeFiles/torch_npu.dir/compiler_depend.ts:338.)
  torch.ones_like(out, memory_format=torch.preserve_format)
/root/miniconda3/envs/llm_test/lib/python3.10/site-packages/torch/distributed/distributed_c10d.py:4631: UserWarning: No device id is provided via `init_process_group` or `barrier `. Using the current device set by the user. 
  warnings.warn(  # warn only once
/root/miniconda3/envs/llm_test/lib/python3.10/site-packages/torch/autograd/__init__.py:221: UserWarning: Cannot create tensor with interal format while allow_internel_format=False, tensor will be created with base format. (Triggered internally at build/CMakeFiles/torch_npu.dir/compiler_depend.ts:338.)
  torch.ones_like(out, memory_format=torch.preserve_format)
/root/miniconda3/envs/llm_test/lib/python3.10/site-packages/torch/distributed/distributed_c10d.py:4631: UserWarning: No device id is provided via `init_process_group` or `barrier `. Using the current device set by the user. 
  warnings.warn(  # warn only once
/root/miniconda3/envs/llm_test/lib/python3.10/site-packages/torch/distributed/distributed_c10d.py:4631: UserWarning: No device id is provided via `init_process_group` or `barrier `. Using the current device set by the user. 
  warnings.warn(  # warn only once
/root/miniconda3/envs/llm_test/lib/python3.10/site-packages/torch/autograd/__init__.py:221: UserWarning: Cannot create tensor with interal format while allow_internel_format=False, tensor will be created with base format. (Triggered internally at build/CMakeFiles/torch_npu.dir/compiler_depend.ts:338.)
  torch.ones_like(out, memory_format=torch.preserve_format)
/root/miniconda3/envs/llm_test/lib/python3.10/site-packages/torch/autograd/__init__.py:221: UserWarning: Cannot create tensor with interal format while allow_internel_format=False, tensor will be created with base format. (Triggered internally at build/CMakeFiles/torch_npu.dir/compiler_depend.ts:338.)
  torch.ones_like(out, memory_format=torch.preserve_format)
/root/miniconda3/envs/llm_test/lib/python3.10/site-packages/torch/autograd/__init__.py:221: UserWarning: Cannot create tensor with interal format while allow_internel_format=False, tensor will be created with base format. (Triggered internally at build/CMakeFiles/torch_npu.dir/compiler_depend.ts:338.)
  torch.ones_like(out, memory_format=torch.preserve_format)
/root/miniconda3/envs/llm_test/lib/python3.10/site-packages/torch/autograd/__init__.py:221: UserWarning: Cannot create tensor with interal format while allow_internel_format=False, tensor will be created with base format. (Triggered internally at build/CMakeFiles/torch_npu.dir/compiler_depend.ts:338.)
  torch.ones_like(out, memory_format=torch.preserve_format)
/root/miniconda3/envs/llm_test/lib/python3.10/site-packages/torch/autograd/__init__.py:221: UserWarning: Cannot create tensor with interal format while allow_internel_format=False, tensor will be created with base format. (Triggered internally at build/CMakeFiles/torch_npu.dir/compiler_depend.ts:338.)
  torch.ones_like(out, memory_format=torch.preserve_format)
/root/miniconda3/envs/llm_test/lib/python3.10/site-packages/torch/autograd/__init__.py:221: UserWarning: Cannot create tensor with interal format while allow_internel_format=False, tensor will be created with base format. (Triggered internally at build/CMakeFiles/torch_npu.dir/compiler_depend.ts:338.)
  torch.ones_like(out, memory_format=torch.preserve_format)
/root/miniconda3/envs/llm_test/lib/python3.10/site-packages/torch/autograd/__init__.py:221: UserWarning: Cannot create tensor with interal format while allow_internel_format=False, tensor will be created with base format. (Triggered internally at build/CMakeFiles/torch_npu.dir/compiler_depend.ts:338.)
  torch.ones_like(out, memory_format=torch.preserve_format)
/root/miniconda3/envs/llm_test/lib/python3.10/site-packages/torch/autograd/__init__.py:221: UserWarning: Cannot create tensor with interal format while allow_internel_format=False, tensor will be created with base format. (Triggered internally at build/CMakeFiles/torch_npu.dir/compiler_depend.ts:338.)
  torch.ones_like(out, memory_format=torch.preserve_format)
/root/miniconda3/envs/llm_test/lib/python3.10/site-packages/torch/autograd/__init__.py:221: UserWarning: Cannot create tensor with interal format while allow_internel_format=False, tensor will be created with base format. (Triggered internally at build/CMakeFiles/torch_npu.dir/compiler_depend.ts:338.)
  torch.ones_like(out, memory_format=torch.preserve_format)
/root/miniconda3/envs/llm_test/lib/python3.10/site-packages/torch/autograd/__init__.py:221: UserWarning: Cannot create tensor with interal format while allow_internel_format=False, tensor will be created with base format. (Triggered internally at build/CMakeFiles/torch_npu.dir/compiler_depend.ts:338.)
  torch.ones_like(out, memory_format=torch.preserve_format)
/root/miniconda3/envs/llm_test/lib/python3.10/site-packages/torch/autograd/__init__.py:221: UserWarning: Cannot create tensor with interal format while allow_internel_format=False, tensor will be created with base format. (Triggered internally at build/CMakeFiles/torch_npu.dir/compiler_depend.ts:338.)
  torch.ones_like(out, memory_format=torch.preserve_format)
/root/miniconda3/envs/llm_test/lib/python3.10/site-packages/torch/autograd/__init__.py:221: UserWarning: Cannot create tensor with interal format while allow_internel_format=False, tensor will be created with base format. (Triggered internally at build/CMakeFiles/torch_npu.dir/compiler_depend.ts:338.)
  torch.ones_like(out, memory_format=torch.preserve_format)
/root/miniconda3/envs/llm_test/lib/python3.10/site-packages/torch/autograd/__init__.py:221: UserWarning: Cannot create tensor with interal format while allow_internel_format=False, tensor will be created with base format. (Triggered internally at build/CMakeFiles/torch_npu.dir/compiler_depend.ts:338.)
  torch.ones_like(out, memory_format=torch.preserve_format)
/root/miniconda3/envs/llm_test/lib/python3.10/site-packages/torch/distributed/distributed_c10d.py:4631: UserWarning: No device id is provided via `init_process_group` or `barrier `. Using the current device set by the user. 
  warnings.warn(  # warn only once
/root/miniconda3/envs/llm_test/lib/python3.10/site-packages/torch/distributed/distributed_c10d.py:4631: UserWarning: No device id is provided via `init_process_group` or `barrier `. Using the current device set by the user. 
  warnings.warn(  # warn only once
/root/miniconda3/envs/llm_test/lib/python3.10/site-packages/torch/distributed/distributed_c10d.py:4631: UserWarning: No device id is provided via `init_process_group` or `barrier `. Using the current device set by the user. 
  warnings.warn(  # warn only once
/root/miniconda3/envs/llm_test/lib/python3.10/site-packages/torch/distributed/distributed_c10d.py:4631: UserWarning: No device id is provided via `init_process_group` or `barrier `. Using the current device set by the user. 
  warnings.warn(  # warn only once
/root/miniconda3/envs/llm_test/lib/python3.10/site-packages/torch/distributed/distributed_c10d.py:4631: UserWarning: No device id is provided via `init_process_group` or `barrier `. Using the current device set by the user. 
  warnings.warn(  # warn only once
/root/miniconda3/envs/llm_test/lib/python3.10/site-packages/torch/distributed/distributed_c10d.py:4631: UserWarning: No device id is provided via `init_process_group` or `barrier `. Using the current device set by the user. 
  warnings.warn(  # warn only once
/root/miniconda3/envs/llm_test/lib/python3.10/site-packages/torch/distributed/distributed_c10d.py:4631: UserWarning: No device id is provided via `init_process_group` or `barrier `. Using the current device set by the user. 
  warnings.warn(  # warn only once
/root/miniconda3/envs/llm_test/lib/python3.10/site-packages/torch/distributed/distributed_c10d.py:4631: UserWarning: No device id is provided via `init_process_group` or `barrier `. Using the current device set by the user. 
  warnings.warn(  # warn only once
/root/miniconda3/envs/llm_test/lib/python3.10/site-packages/torch/distributed/distributed_c10d.py:4631: UserWarning: No device id is provided via `init_process_group` or `barrier `. Using the current device set by the user. 
  warnings.warn(  # warn only once
/root/miniconda3/envs/llm_test/lib/python3.10/site-packages/torch/distributed/distributed_c10d.py:4631: UserWarning: No device id is provided via `init_process_group` or `barrier `. Using the current device set by the user. 
  warnings.warn(  # warn only once
/root/miniconda3/envs/llm_test/lib/python3.10/site-packages/torch/distributed/distributed_c10d.py:4631: UserWarning: No device id is provided via `init_process_group` or `barrier `. Using the current device set by the user. 
  warnings.warn(  # warn only once
/root/miniconda3/envs/llm_test/lib/python3.10/site-packages/torch/distributed/distributed_c10d.py:4631: UserWarning: No device id is provided via `init_process_group` or `barrier `. Using the current device set by the user. 
  warnings.warn(  # warn only once
/root/miniconda3/envs/llm_test/lib/python3.10/site-packages/torch/distributed/distributed_c10d.py:4631: UserWarning: No device id is provided via `init_process_group` or `barrier `. Using the current device set by the user. 
  warnings.warn(  # warn only once
logs/smear/cd6522dd-a4b4-4d8e-9e56-887debc57a44
/root/miniconda3/envs/llm_test/lib/python3.10/site-packages/torch_npu/utils/storage.py:89: UserWarning: TypedStorage is deprecated. It will be removed in the future and UntypedStorage will be the only storage class. This should only matter to you if you are using storages directly.  To access UntypedStorage directly, use tensor.untyped_storage() instead of tensor.storage()
  if self.device.type != 'cpu':
step:0/1645 val_loss:10.825841 train_time:0ms step_avg:0.10ms
step:1/1645 train_time:1210ms step_avg:1210.36ms
step:2/1645 train_time:1327ms step_avg:663.71ms
step:3/1645 train_time:1717ms step_avg:572.19ms
step:4/1645 train_time:2119ms step_avg:529.81ms
step:5/1645 train_time:2525ms step_avg:505.08ms
step:6/1645 train_time:2924ms step_avg:487.32ms
step:7/1645 train_time:3322ms step_avg:474.62ms
step:8/1645 train_time:3721ms step_avg:465.12ms
step:9/1645 train_time:4128ms step_avg:458.65ms
step:10/1645 train_time:4529ms step_avg:452.93ms
step:11/1645 train_time:4940ms step_avg:449.10ms
step:12/1645 train_time:5339ms step_avg:444.93ms
step:13/1645 train_time:5731ms step_avg:440.81ms
step:14/1645 train_time:6142ms step_avg:438.74ms
step:15/1645 train_time:6541ms step_avg:436.05ms
step:16/1645 train_time:6933ms step_avg:433.29ms
step:17/1645 train_time:7333ms step_avg:431.36ms
step:18/1645 train_time:7729ms step_avg:429.40ms
step:19/1645 train_time:8130ms step_avg:427.92ms
step:20/1645 train_time:8541ms step_avg:427.06ms
step:21/1645 train_time:8935ms step_avg:425.48ms
step:22/1645 train_time:9335ms step_avg:424.30ms
step:23/1645 train_time:9736ms step_avg:423.30ms
step:24/1645 train_time:10138ms step_avg:422.41ms
step:25/1645 train_time:10537ms step_avg:421.49ms
step:26/1645 train_time:10944ms step_avg:420.92ms
step:27/1645 train_time:11347ms step_avg:420.25ms
step:28/1645 train_time:11748ms step_avg:419.58ms
step:29/1645 train_time:12151ms step_avg:418.99ms
step:30/1645 train_time:12550ms step_avg:418.34ms
step:31/1645 train_time:12953ms step_avg:417.83ms
step:32/1645 train_time:13350ms step_avg:417.18ms
step:33/1645 train_time:13753ms step_avg:416.76ms
step:34/1645 train_time:14156ms step_avg:416.35ms
step:35/1645 train_time:14558ms step_avg:415.93ms
step:36/1645 train_time:14956ms step_avg:415.44ms
step:37/1645 train_time:15353ms step_avg:414.95ms
step:38/1645 train_time:15752ms step_avg:414.53ms
step:39/1645 train_time:16153ms step_avg:414.17ms
step:40/1645 train_time:16555ms step_avg:413.87ms
step:41/1645 train_time:16956ms step_avg:413.57ms
step:42/1645 train_time:17357ms step_avg:413.26ms
step:43/1645 train_time:17758ms step_avg:412.99ms
step:44/1645 train_time:18160ms step_avg:412.74ms
step:45/1645 train_time:18563ms step_avg:412.51ms
step:46/1645 train_time:18964ms step_avg:412.26ms
step:47/1645 train_time:19369ms step_avg:412.12ms
step:48/1645 train_time:19761ms step_avg:411.70ms
step:49/1645 train_time:20165ms step_avg:411.54ms
step:50/1645 train_time:20568ms step_avg:411.35ms
step:51/1645 train_time:20970ms step_avg:411.18ms
step:52/1645 train_time:21377ms step_avg:411.10ms
step:53/1645 train_time:21773ms step_avg:410.81ms
step:54/1645 train_time:22172ms step_avg:410.60ms
step:55/1645 train_time:22575ms step_avg:410.46ms
step:56/1645 train_time:22975ms step_avg:410.27ms
step:57/1645 train_time:23377ms step_avg:410.12ms
step:58/1645 train_time:23780ms step_avg:410.01ms
step:59/1645 train_time:24182ms step_avg:409.86ms
step:60/1645 train_time:24582ms step_avg:409.70ms
step:61/1645 train_time:24983ms step_avg:409.56ms
step:62/1645 train_time:25385ms step_avg:409.43ms
step:63/1645 train_time:25791ms step_avg:409.39ms
step:64/1645 train_time:26187ms step_avg:409.17ms
step:65/1645 train_time:26588ms step_avg:409.05ms
step:66/1645 train_time:26985ms step_avg:408.86ms
step:67/1645 train_time:27384ms step_avg:408.72ms
step:68/1645 train_time:27784ms step_avg:408.59ms
step:69/1645 train_time:28187ms step_avg:408.51ms
step:70/1645 train_time:28594ms step_avg:408.48ms
step:71/1645 train_time:28995ms step_avg:408.38ms
step:72/1645 train_time:29395ms step_avg:408.27ms
step:73/1645 train_time:29799ms step_avg:408.20ms
step:74/1645 train_time:30199ms step_avg:408.09ms
step:75/1645 train_time:30607ms step_avg:408.09ms
step:76/1645 train_time:31005ms step_avg:407.96ms
step:77/1645 train_time:31409ms step_avg:407.91ms
step:78/1645 train_time:31809ms step_avg:407.81ms
step:79/1645 train_time:32214ms step_avg:407.78ms
step:80/1645 train_time:32617ms step_avg:407.72ms
step:81/1645 train_time:33016ms step_avg:407.60ms
step:82/1645 train_time:33420ms step_avg:407.57ms
step:83/1645 train_time:33821ms step_avg:407.48ms
step:84/1645 train_time:34229ms step_avg:407.49ms
step:85/1645 train_time:34627ms step_avg:407.37ms
step:86/1645 train_time:35035ms step_avg:407.38ms
step:87/1645 train_time:35434ms step_avg:407.29ms
step:88/1645 train_time:35836ms step_avg:407.23ms
step:89/1645 train_time:36238ms step_avg:407.17ms
step:90/1645 train_time:36637ms step_avg:407.08ms
step:91/1645 train_time:37041ms step_avg:407.04ms
step:92/1645 train_time:37439ms step_avg:406.95ms
step:93/1645 train_time:37840ms step_avg:406.88ms
step:94/1645 train_time:38241ms step_avg:406.82ms
step:95/1645 train_time:38644ms step_avg:406.78ms
step:96/1645 train_time:39044ms step_avg:406.71ms
step:97/1645 train_time:39445ms step_avg:406.64ms
step:98/1645 train_time:39847ms step_avg:406.61ms
step:99/1645 train_time:40250ms step_avg:406.56ms
step:100/1645 train_time:40650ms step_avg:406.50ms
step:101/1645 train_time:41053ms step_avg:406.47ms
step:102/1645 train_time:41453ms step_avg:406.41ms
step:103/1645 train_time:41852ms step_avg:406.33ms
step:104/1645 train_time:42254ms step_avg:406.29ms
step:105/1645 train_time:42652ms step_avg:406.21ms
step:106/1645 train_time:43053ms step_avg:406.16ms
step:107/1645 train_time:43456ms step_avg:406.13ms
step:108/1645 train_time:43856ms step_avg:406.07ms
step:109/1645 train_time:44256ms step_avg:406.02ms
step:110/1645 train_time:44654ms step_avg:405.95ms
step:111/1645 train_time:45059ms step_avg:405.94ms
step:112/1645 train_time:45459ms step_avg:405.88ms
step:113/1645 train_time:45863ms step_avg:405.87ms
step:114/1645 train_time:46264ms step_avg:405.82ms
step:115/1645 train_time:46663ms step_avg:405.76ms
step:116/1645 train_time:47064ms step_avg:405.72ms
step:117/1645 train_time:47469ms step_avg:405.72ms
step:118/1645 train_time:47870ms step_avg:405.68ms
step:119/1645 train_time:48271ms step_avg:405.64ms
step:120/1645 train_time:48672ms step_avg:405.60ms
step:121/1645 train_time:49075ms step_avg:405.58ms
step:122/1645 train_time:49475ms step_avg:405.53ms
step:123/1645 train_time:49877ms step_avg:405.51ms
step:124/1645 train_time:50276ms step_avg:405.45ms
step:125/1645 train_time:50678ms step_avg:405.43ms
step:125/1645 val_loss:4.305173 train_time:50983ms step_avg:407.86ms
step:126/1645 train_time:51239ms step_avg:406.66ms
step:127/1645 train_time:51596ms step_avg:406.27ms
step:128/1645 train_time:51996ms step_avg:406.22ms
step:129/1645 train_time:52398ms step_avg:406.19ms
step:130/1645 train_time:52800ms step_avg:406.16ms
step:131/1645 train_time:53200ms step_avg:406.10ms
step:132/1645 train_time:53616ms step_avg:406.18ms
step:133/1645 train_time:54000ms step_avg:406.01ms
step:134/1645 train_time:54404ms step_avg:406.00ms
step:135/1645 train_time:54802ms step_avg:405.94ms
step:136/1645 train_time:55218ms step_avg:406.01ms
step:137/1645 train_time:55603ms step_avg:405.86ms
step:138/1645 train_time:56003ms step_avg:405.82ms
step:139/1645 train_time:56409ms step_avg:405.82ms
step:140/1645 train_time:56807ms step_avg:405.76ms
step:141/1645 train_time:57213ms step_avg:405.76ms
step:142/1645 train_time:57612ms step_avg:405.72ms
step:143/1645 train_time:58013ms step_avg:405.69ms
step:144/1645 train_time:58414ms step_avg:405.65ms
step:145/1645 train_time:58814ms step_avg:405.62ms
step:146/1645 train_time:59223ms step_avg:405.64ms
step:147/1645 train_time:59616ms step_avg:405.55ms
step:148/1645 train_time:60015ms step_avg:405.51ms
step:149/1645 train_time:60420ms step_avg:405.50ms
step:150/1645 train_time:60819ms step_avg:405.46ms
step:151/1645 train_time:61220ms step_avg:405.43ms
step:152/1645 train_time:61621ms step_avg:405.40ms
step:153/1645 train_time:62020ms step_avg:405.36ms
step:154/1645 train_time:62422ms step_avg:405.34ms
step:155/1645 train_time:62822ms step_avg:405.30ms
step:156/1645 train_time:63220ms step_avg:405.26ms
step:157/1645 train_time:63624ms step_avg:405.25ms
step:158/1645 train_time:64028ms step_avg:405.24ms
step:159/1645 train_time:64428ms step_avg:405.21ms
step:160/1645 train_time:64827ms step_avg:405.17ms
step:161/1645 train_time:65227ms step_avg:405.14ms
step:162/1645 train_time:65629ms step_avg:405.12ms
step:163/1645 train_time:66033ms step_avg:405.11ms
step:164/1645 train_time:66433ms step_avg:405.08ms
step:165/1645 train_time:66835ms step_avg:405.06ms
step:166/1645 train_time:67236ms step_avg:405.04ms
step:167/1645 train_time:67634ms step_avg:405.00ms
step:168/1645 train_time:68041ms step_avg:405.01ms
step:169/1645 train_time:68440ms step_avg:404.97ms
step:170/1645 train_time:68845ms step_avg:404.97ms
step:171/1645 train_time:69241ms step_avg:404.92ms
step:172/1645 train_time:69646ms step_avg:404.92ms
step:173/1645 train_time:70047ms step_avg:404.90ms
step:174/1645 train_time:70451ms step_avg:404.89ms
step:175/1645 train_time:70849ms step_avg:404.85ms
step:176/1645 train_time:71252ms step_avg:404.84ms
step:177/1645 train_time:71653ms step_avg:404.82ms
step:178/1645 train_time:72052ms step_avg:404.79ms
step:179/1645 train_time:72449ms step_avg:404.74ms
step:180/1645 train_time:72848ms step_avg:404.71ms
step:181/1645 train_time:73250ms step_avg:404.70ms
step:182/1645 train_time:73651ms step_avg:404.68ms
step:183/1645 train_time:74050ms step_avg:404.64ms
step:184/1645 train_time:74453ms step_avg:404.63ms
step:185/1645 train_time:74853ms step_avg:404.61ms
step:186/1645 train_time:75254ms step_avg:404.59ms
step:187/1645 train_time:75653ms step_avg:404.56ms
step:188/1645 train_time:76058ms step_avg:404.56ms
step:189/1645 train_time:76458ms step_avg:404.54ms
step:190/1645 train_time:76860ms step_avg:404.53ms
step:191/1645 train_time:77256ms step_avg:404.48ms
step:192/1645 train_time:77660ms step_avg:404.48ms
step:193/1645 train_time:78058ms step_avg:404.44ms
step:194/1645 train_time:78463ms step_avg:404.45ms
step:195/1645 train_time:78862ms step_avg:404.42ms
step:196/1645 train_time:79266ms step_avg:404.42ms
step:197/1645 train_time:79668ms step_avg:404.41ms
step:198/1645 train_time:80072ms step_avg:404.41ms
step:199/1645 train_time:80475ms step_avg:404.40ms
step:200/1645 train_time:80872ms step_avg:404.36ms
step:201/1645 train_time:81269ms step_avg:404.32ms
step:202/1645 train_time:81669ms step_avg:404.30ms
step:203/1645 train_time:82070ms step_avg:404.29ms
step:204/1645 train_time:82475ms step_avg:404.29ms
step:205/1645 train_time:82873ms step_avg:404.26ms
step:206/1645 train_time:83282ms step_avg:404.28ms
step:207/1645 train_time:83684ms step_avg:404.27ms
step:208/1645 train_time:84085ms step_avg:404.26ms
step:209/1645 train_time:84480ms step_avg:404.21ms
step:210/1645 train_time:84881ms step_avg:404.20ms
step:211/1645 train_time:85283ms step_avg:404.18ms
step:212/1645 train_time:85686ms step_avg:404.18ms
step:213/1645 train_time:86092ms step_avg:404.19ms
step:214/1645 train_time:86491ms step_avg:404.16ms
step:215/1645 train_time:86893ms step_avg:404.16ms
step:216/1645 train_time:87291ms step_avg:404.12ms
step:217/1645 train_time:87691ms step_avg:404.10ms
step:218/1645 train_time:88090ms step_avg:404.08ms
step:219/1645 train_time:88492ms step_avg:404.07ms
step:220/1645 train_time:88892ms step_avg:404.05ms
step:221/1645 train_time:89290ms step_avg:404.03ms
step:222/1645 train_time:89692ms step_avg:404.02ms
step:223/1645 train_time:90088ms step_avg:403.98ms
step:224/1645 train_time:90487ms step_avg:403.96ms
step:225/1645 train_time:90888ms step_avg:403.95ms
step:226/1645 train_time:91289ms step_avg:403.94ms
step:227/1645 train_time:91692ms step_avg:403.93ms
step:228/1645 train_time:92092ms step_avg:403.91ms
step:229/1645 train_time:92495ms step_avg:403.91ms
step:230/1645 train_time:92897ms step_avg:403.90ms
step:231/1645 train_time:93301ms step_avg:403.90ms
step:232/1645 train_time:93698ms step_avg:403.87ms
step:233/1645 train_time:94099ms step_avg:403.86ms
step:234/1645 train_time:94498ms step_avg:403.84ms
step:235/1645 train_time:94901ms step_avg:403.83ms
step:236/1645 train_time:95297ms step_avg:403.80ms
step:237/1645 train_time:95698ms step_avg:403.79ms
step:238/1645 train_time:96101ms step_avg:403.79ms
step:239/1645 train_time:96502ms step_avg:403.77ms
step:240/1645 train_time:96898ms step_avg:403.74ms
step:241/1645 train_time:97299ms step_avg:403.73ms
step:242/1645 train_time:97692ms step_avg:403.69ms
step:243/1645 train_time:98091ms step_avg:403.67ms
step:244/1645 train_time:98494ms step_avg:403.66ms
step:245/1645 train_time:98901ms step_avg:403.68ms
step:246/1645 train_time:99300ms step_avg:403.66ms
step:247/1645 train_time:99700ms step_avg:403.65ms
step:248/1645 train_time:100101ms step_avg:403.63ms
step:249/1645 train_time:100507ms step_avg:403.64ms
step:250/1645 train_time:100907ms step_avg:403.63ms
step:250/1645 val_loss:3.960873 train_time:101210ms step_avg:404.84ms
step:251/1645 train_time:101468ms step_avg:404.25ms
step:252/1645 train_time:101843ms step_avg:404.14ms
step:253/1645 train_time:102244ms step_avg:404.13ms
step:254/1645 train_time:102652ms step_avg:404.14ms
step:255/1645 train_time:103051ms step_avg:404.12ms
step:256/1645 train_time:103449ms step_avg:404.10ms
step:257/1645 train_time:103853ms step_avg:404.10ms
step:258/1645 train_time:104258ms step_avg:404.10ms
step:259/1645 train_time:104660ms step_avg:404.09ms
step:260/1645 train_time:105063ms step_avg:404.09ms
step:261/1645 train_time:105468ms step_avg:404.09ms
step:262/1645 train_time:105866ms step_avg:404.07ms
step:263/1645 train_time:106267ms step_avg:404.06ms
step:264/1645 train_time:106666ms step_avg:404.04ms
step:265/1645 train_time:107064ms step_avg:404.02ms
step:266/1645 train_time:107465ms step_avg:404.00ms
step:267/1645 train_time:107861ms step_avg:403.97ms
step:268/1645 train_time:108259ms step_avg:403.95ms
step:269/1645 train_time:108662ms step_avg:403.95ms
step:270/1645 train_time:109060ms step_avg:403.92ms
step:271/1645 train_time:109459ms step_avg:403.91ms
step:272/1645 train_time:109857ms step_avg:403.89ms
step:273/1645 train_time:110262ms step_avg:403.89ms
step:274/1645 train_time:110661ms step_avg:403.87ms
step:275/1645 train_time:111063ms step_avg:403.86ms
step:276/1645 train_time:111459ms step_avg:403.84ms
step:277/1645 train_time:111860ms step_avg:403.83ms
step:278/1645 train_time:112259ms step_avg:403.81ms
step:279/1645 train_time:112658ms step_avg:403.79ms
step:280/1645 train_time:113061ms step_avg:403.79ms
step:281/1645 train_time:113459ms step_avg:403.77ms
step:282/1645 train_time:113864ms step_avg:403.77ms
step:283/1645 train_time:114261ms step_avg:403.75ms
step:284/1645 train_time:114658ms step_avg:403.73ms
step:285/1645 train_time:115082ms step_avg:403.80ms
step:286/1645 train_time:115481ms step_avg:403.78ms
step:287/1645 train_time:115885ms step_avg:403.78ms
step:288/1645 train_time:116288ms step_avg:403.78ms
step:289/1645 train_time:116688ms step_avg:403.76ms
step:290/1645 train_time:117095ms step_avg:403.78ms
step:291/1645 train_time:117494ms step_avg:403.76ms
step:292/1645 train_time:117893ms step_avg:403.74ms
step:293/1645 train_time:118293ms step_avg:403.73ms
step:294/1645 train_time:118699ms step_avg:403.74ms
step:295/1645 train_time:119081ms step_avg:403.66ms
step:296/1645 train_time:119482ms step_avg:403.65ms
step:297/1645 train_time:119884ms step_avg:403.65ms
step:298/1645 train_time:120281ms step_avg:403.63ms
step:299/1645 train_time:120677ms step_avg:403.60ms
step:300/1645 train_time:121081ms step_avg:403.60ms
step:301/1645 train_time:121478ms step_avg:403.58ms
step:302/1645 train_time:121878ms step_avg:403.57ms
step:303/1645 train_time:122281ms step_avg:403.57ms
step:304/1645 train_time:122679ms step_avg:403.55ms
step:305/1645 train_time:123082ms step_avg:403.55ms
step:306/1645 train_time:123480ms step_avg:403.53ms
step:307/1645 train_time:123878ms step_avg:403.51ms
step:308/1645 train_time:124276ms step_avg:403.49ms
step:309/1645 train_time:124679ms step_avg:403.49ms
step:310/1645 train_time:125082ms step_avg:403.49ms
step:311/1645 train_time:125483ms step_avg:403.48ms
step:312/1645 train_time:125886ms step_avg:403.48ms
step:313/1645 train_time:126283ms step_avg:403.46ms
step:314/1645 train_time:126684ms step_avg:403.45ms
step:315/1645 train_time:127087ms step_avg:403.45ms
step:316/1645 train_time:127489ms step_avg:403.45ms
step:317/1645 train_time:127890ms step_avg:403.44ms
step:318/1645 train_time:128292ms step_avg:403.43ms
step:319/1645 train_time:128691ms step_avg:403.42ms
step:320/1645 train_time:129092ms step_avg:403.41ms
step:321/1645 train_time:129493ms step_avg:403.40ms
step:322/1645 train_time:129894ms step_avg:403.40ms
step:323/1645 train_time:130296ms step_avg:403.39ms
step:324/1645 train_time:130696ms step_avg:403.38ms
step:325/1645 train_time:131095ms step_avg:403.37ms
step:326/1645 train_time:131495ms step_avg:403.36ms
step:327/1645 train_time:131896ms step_avg:403.35ms
step:328/1645 train_time:132293ms step_avg:403.33ms
step:329/1645 train_time:132695ms step_avg:403.33ms
step:330/1645 train_time:133096ms step_avg:403.32ms
step:331/1645 train_time:133490ms step_avg:403.29ms
step:332/1645 train_time:133888ms step_avg:403.28ms
step:333/1645 train_time:134289ms step_avg:403.27ms
step:334/1645 train_time:134689ms step_avg:403.26ms
step:335/1645 train_time:135087ms step_avg:403.25ms
step:336/1645 train_time:135487ms step_avg:403.24ms
step:337/1645 train_time:135885ms step_avg:403.22ms
step:338/1645 train_time:136284ms step_avg:403.21ms
step:339/1645 train_time:136690ms step_avg:403.21ms
step:340/1645 train_time:137087ms step_avg:403.20ms
step:341/1645 train_time:137489ms step_avg:403.19ms
step:342/1645 train_time:137888ms step_avg:403.18ms
step:343/1645 train_time:138290ms step_avg:403.18ms
step:344/1645 train_time:138698ms step_avg:403.19ms
step:345/1645 train_time:139102ms step_avg:403.19ms
step:346/1645 train_time:139502ms step_avg:403.19ms
step:347/1645 train_time:139904ms step_avg:403.18ms
step:348/1645 train_time:140303ms step_avg:403.17ms
step:349/1645 train_time:140703ms step_avg:403.16ms
step:350/1645 train_time:141103ms step_avg:403.15ms
step:351/1645 train_time:141503ms step_avg:403.14ms
step:352/1645 train_time:141906ms step_avg:403.14ms
step:353/1645 train_time:142309ms step_avg:403.14ms
step:354/1645 train_time:142708ms step_avg:403.13ms
step:355/1645 train_time:143108ms step_avg:403.12ms
step:356/1645 train_time:143509ms step_avg:403.12ms
step:357/1645 train_time:143907ms step_avg:403.10ms
step:358/1645 train_time:144307ms step_avg:403.09ms
step:359/1645 train_time:144707ms step_avg:403.08ms
step:360/1645 train_time:145107ms step_avg:403.07ms
step:361/1645 train_time:145508ms step_avg:403.07ms
step:362/1645 train_time:145911ms step_avg:403.07ms
step:363/1645 train_time:146311ms step_avg:403.06ms
step:364/1645 train_time:146716ms step_avg:403.06ms
step:365/1645 train_time:147114ms step_avg:403.05ms
step:366/1645 train_time:147512ms step_avg:403.04ms
step:367/1645 train_time:147917ms step_avg:403.04ms
step:368/1645 train_time:148315ms step_avg:403.03ms
step:369/1645 train_time:148719ms step_avg:403.03ms
step:370/1645 train_time:149118ms step_avg:403.02ms
step:371/1645 train_time:149517ms step_avg:403.01ms
step:372/1645 train_time:149923ms step_avg:403.02ms
step:373/1645 train_time:150324ms step_avg:403.01ms
step:374/1645 train_time:150725ms step_avg:403.01ms
step:375/1645 train_time:151125ms step_avg:403.00ms
step:375/1645 val_loss:3.812367 train_time:151431ms step_avg:403.82ms
step:376/1645 train_time:151687ms step_avg:403.42ms
step:377/1645 train_time:152046ms step_avg:403.31ms
step:378/1645 train_time:152447ms step_avg:403.30ms
step:379/1645 train_time:152853ms step_avg:403.31ms
step:380/1645 train_time:153252ms step_avg:403.29ms
step:381/1645 train_time:153651ms step_avg:403.28ms
step:382/1645 train_time:154051ms step_avg:403.27ms
step:383/1645 train_time:154454ms step_avg:403.27ms
step:384/1645 train_time:154855ms step_avg:403.27ms
step:385/1645 train_time:155251ms step_avg:403.25ms
step:386/1645 train_time:155658ms step_avg:403.26ms
step:387/1645 train_time:156061ms step_avg:403.26ms
step:388/1645 train_time:156464ms step_avg:403.26ms
step:389/1645 train_time:156864ms step_avg:403.25ms
step:390/1645 train_time:157268ms step_avg:403.25ms
step:391/1645 train_time:157670ms step_avg:403.25ms
step:392/1645 train_time:158071ms step_avg:403.24ms
step:393/1645 train_time:158473ms step_avg:403.24ms
step:394/1645 train_time:158874ms step_avg:403.23ms
step:395/1645 train_time:159275ms step_avg:403.23ms
step:396/1645 train_time:159674ms step_avg:403.22ms
step:397/1645 train_time:160072ms step_avg:403.20ms
step:398/1645 train_time:160477ms step_avg:403.21ms
step:399/1645 train_time:160876ms step_avg:403.20ms
step:400/1645 train_time:161278ms step_avg:403.20ms
step:401/1645 train_time:161678ms step_avg:403.19ms
step:402/1645 train_time:162083ms step_avg:403.19ms
step:403/1645 train_time:162481ms step_avg:403.18ms
step:404/1645 train_time:162880ms step_avg:403.17ms
step:405/1645 train_time:163282ms step_avg:403.17ms
step:406/1645 train_time:163682ms step_avg:403.16ms
step:407/1645 train_time:164088ms step_avg:403.17ms
step:408/1645 train_time:164485ms step_avg:403.15ms
step:409/1645 train_time:164889ms step_avg:403.15ms
step:410/1645 train_time:165289ms step_avg:403.14ms
step:411/1645 train_time:165693ms step_avg:403.15ms
step:412/1645 train_time:166089ms step_avg:403.13ms
step:413/1645 train_time:166487ms step_avg:403.12ms
step:414/1645 train_time:166890ms step_avg:403.12ms
step:415/1645 train_time:167295ms step_avg:403.12ms
step:416/1645 train_time:167693ms step_avg:403.11ms
step:417/1645 train_time:168095ms step_avg:403.11ms
step:418/1645 train_time:168492ms step_avg:403.09ms
step:419/1645 train_time:168891ms step_avg:403.08ms
step:420/1645 train_time:169292ms step_avg:403.08ms
step:421/1645 train_time:169694ms step_avg:403.07ms
step:422/1645 train_time:170096ms step_avg:403.07ms
step:423/1645 train_time:170496ms step_avg:403.06ms
step:424/1645 train_time:170897ms step_avg:403.06ms
step:425/1645 train_time:171301ms step_avg:403.06ms
step:426/1645 train_time:171704ms step_avg:403.06ms
step:427/1645 train_time:172103ms step_avg:403.05ms
step:428/1645 train_time:172501ms step_avg:403.04ms
step:429/1645 train_time:172899ms step_avg:403.03ms
step:430/1645 train_time:173302ms step_avg:403.03ms
step:431/1645 train_time:173702ms step_avg:403.02ms
step:432/1645 train_time:174101ms step_avg:403.01ms
step:433/1645 train_time:174502ms step_avg:403.01ms
step:434/1645 train_time:174906ms step_avg:403.01ms
step:435/1645 train_time:175309ms step_avg:403.01ms
step:436/1645 train_time:175707ms step_avg:403.00ms
step:437/1645 train_time:176111ms step_avg:403.00ms
step:438/1645 train_time:176510ms step_avg:402.99ms
step:439/1645 train_time:176912ms step_avg:402.99ms
step:440/1645 train_time:177313ms step_avg:402.98ms
step:441/1645 train_time:177716ms step_avg:402.98ms
step:442/1645 train_time:178116ms step_avg:402.98ms
step:443/1645 train_time:178520ms step_avg:402.98ms
step:444/1645 train_time:178919ms step_avg:402.97ms
step:445/1645 train_time:179323ms step_avg:402.97ms
step:446/1645 train_time:179720ms step_avg:402.96ms
step:447/1645 train_time:180121ms step_avg:402.96ms
step:448/1645 train_time:180521ms step_avg:402.95ms
step:449/1645 train_time:180925ms step_avg:402.95ms
step:450/1645 train_time:181324ms step_avg:402.94ms
step:451/1645 train_time:181725ms step_avg:402.94ms
step:452/1645 train_time:182128ms step_avg:402.94ms
step:453/1645 train_time:182527ms step_avg:402.93ms
step:454/1645 train_time:182926ms step_avg:402.92ms
step:455/1645 train_time:183324ms step_avg:402.91ms
step:456/1645 train_time:183723ms step_avg:402.90ms
step:457/1645 train_time:184125ms step_avg:402.90ms
step:458/1645 train_time:184522ms step_avg:402.89ms
step:459/1645 train_time:184919ms step_avg:402.87ms
step:460/1645 train_time:185318ms step_avg:402.86ms
step:461/1645 train_time:185721ms step_avg:402.87ms
step:462/1645 train_time:186119ms step_avg:402.86ms
step:463/1645 train_time:186525ms step_avg:402.86ms
step:464/1645 train_time:186926ms step_avg:402.86ms
step:465/1645 train_time:187324ms step_avg:402.85ms
step:466/1645 train_time:187722ms step_avg:402.84ms
step:467/1645 train_time:188130ms step_avg:402.85ms
step:468/1645 train_time:188527ms step_avg:402.84ms
step:469/1645 train_time:188928ms step_avg:402.83ms
step:470/1645 train_time:189329ms step_avg:402.83ms
step:471/1645 train_time:189732ms step_avg:402.83ms
step:472/1645 train_time:190132ms step_avg:402.82ms
step:473/1645 train_time:190533ms step_avg:402.82ms
step:474/1645 train_time:190934ms step_avg:402.81ms
step:475/1645 train_time:191333ms step_avg:402.81ms
step:476/1645 train_time:191737ms step_avg:402.81ms
step:477/1645 train_time:192136ms step_avg:402.80ms
step:478/1645 train_time:192535ms step_avg:402.79ms
step:479/1645 train_time:192934ms step_avg:402.79ms
step:480/1645 train_time:193335ms step_avg:402.78ms
step:481/1645 train_time:193740ms step_avg:402.78ms
step:482/1645 train_time:194141ms step_avg:402.78ms
step:483/1645 train_time:194539ms step_avg:402.77ms
step:484/1645 train_time:194941ms step_avg:402.77ms
step:485/1645 train_time:195343ms step_avg:402.77ms
step:486/1645 train_time:195745ms step_avg:402.77ms
step:487/1645 train_time:196146ms step_avg:402.76ms
step:488/1645 train_time:196548ms step_avg:402.76ms
step:489/1645 train_time:196947ms step_avg:402.75ms
step:490/1645 train_time:197346ms step_avg:402.75ms
step:491/1645 train_time:197747ms step_avg:402.74ms
step:492/1645 train_time:198146ms step_avg:402.74ms
step:493/1645 train_time:198546ms step_avg:402.73ms
step:494/1645 train_time:198945ms step_avg:402.72ms
step:495/1645 train_time:199348ms step_avg:402.72ms
step:496/1645 train_time:199747ms step_avg:402.72ms
step:497/1645 train_time:200152ms step_avg:402.72ms
step:498/1645 train_time:200554ms step_avg:402.72ms
step:499/1645 train_time:200953ms step_avg:402.71ms
step:500/1645 train_time:201358ms step_avg:402.72ms
step:500/1645 val_loss:3.712406 train_time:201659ms step_avg:403.32ms
step:501/1645 train_time:201917ms step_avg:403.03ms
step:502/1645 train_time:202294ms step_avg:402.98ms
step:503/1645 train_time:202694ms step_avg:402.97ms
step:504/1645 train_time:203096ms step_avg:402.97ms
step:505/1645 train_time:203495ms step_avg:402.96ms
step:506/1645 train_time:203895ms step_avg:402.95ms
step:507/1645 train_time:204292ms step_avg:402.94ms
step:508/1645 train_time:204699ms step_avg:402.95ms
step:509/1645 train_time:205099ms step_avg:402.95ms
step:510/1645 train_time:205495ms step_avg:402.93ms
step:511/1645 train_time:205895ms step_avg:402.92ms
step:512/1645 train_time:206299ms step_avg:402.93ms
step:513/1645 train_time:206703ms step_avg:402.93ms
step:514/1645 train_time:207105ms step_avg:402.93ms
step:515/1645 train_time:207506ms step_avg:402.92ms
step:516/1645 train_time:207905ms step_avg:402.92ms
step:517/1645 train_time:208303ms step_avg:402.91ms
step:518/1645 train_time:208702ms step_avg:402.90ms
step:519/1645 train_time:209101ms step_avg:402.89ms
step:520/1645 train_time:209503ms step_avg:402.89ms
step:521/1645 train_time:209905ms step_avg:402.89ms
step:522/1645 train_time:210304ms step_avg:402.88ms
step:523/1645 train_time:210704ms step_avg:402.88ms
step:524/1645 train_time:211107ms step_avg:402.88ms
step:525/1645 train_time:211504ms step_avg:402.86ms
step:526/1645 train_time:211909ms step_avg:402.87ms
step:527/1645 train_time:212309ms step_avg:402.86ms
step:528/1645 train_time:212711ms step_avg:402.86ms
step:529/1645 train_time:213117ms step_avg:402.87ms
step:530/1645 train_time:213519ms step_avg:402.87ms
step:531/1645 train_time:213919ms step_avg:402.86ms
step:532/1645 train_time:214320ms step_avg:402.86ms
step:533/1645 train_time:214719ms step_avg:402.85ms
step:534/1645 train_time:215120ms step_avg:402.85ms
step:535/1645 train_time:215523ms step_avg:402.85ms
step:536/1645 train_time:215923ms step_avg:402.84ms
step:537/1645 train_time:216324ms step_avg:402.84ms
step:538/1645 train_time:216726ms step_avg:402.84ms
step:539/1645 train_time:217130ms step_avg:402.84ms
step:540/1645 train_time:217530ms step_avg:402.83ms
step:541/1645 train_time:217927ms step_avg:402.82ms
step:542/1645 train_time:218331ms step_avg:402.82ms
step:543/1645 train_time:218736ms step_avg:402.83ms
step:544/1645 train_time:219132ms step_avg:402.82ms
step:545/1645 train_time:219536ms step_avg:402.82ms
step:546/1645 train_time:219938ms step_avg:402.82ms
step:547/1645 train_time:220337ms step_avg:402.81ms
step:548/1645 train_time:220739ms step_avg:402.81ms
step:549/1645 train_time:221139ms step_avg:402.80ms
step:550/1645 train_time:221546ms step_avg:402.81ms
step:551/1645 train_time:221946ms step_avg:402.81ms
step:552/1645 train_time:222349ms step_avg:402.81ms
step:553/1645 train_time:222749ms step_avg:402.80ms
step:554/1645 train_time:223154ms step_avg:402.80ms
step:555/1645 train_time:223554ms step_avg:402.80ms
step:556/1645 train_time:223953ms step_avg:402.79ms
step:557/1645 train_time:224352ms step_avg:402.79ms
step:558/1645 train_time:224754ms step_avg:402.78ms
step:559/1645 train_time:225155ms step_avg:402.78ms
step:560/1645 train_time:225563ms step_avg:402.79ms
step:561/1645 train_time:225967ms step_avg:402.79ms
step:562/1645 train_time:226368ms step_avg:402.79ms
step:563/1645 train_time:226770ms step_avg:402.79ms
step:564/1645 train_time:227176ms step_avg:402.79ms
step:565/1645 train_time:227580ms step_avg:402.80ms
step:566/1645 train_time:227978ms step_avg:402.79ms
step:567/1645 train_time:228391ms step_avg:402.81ms
step:568/1645 train_time:228776ms step_avg:402.77ms
step:569/1645 train_time:229177ms step_avg:402.77ms
step:570/1645 train_time:229598ms step_avg:402.80ms
step:571/1645 train_time:230002ms step_avg:402.81ms
step:572/1645 train_time:230405ms step_avg:402.81ms
step:573/1645 train_time:230804ms step_avg:402.80ms
step:574/1645 train_time:231188ms step_avg:402.77ms
step:575/1645 train_time:231593ms step_avg:402.77ms
step:576/1645 train_time:231994ms step_avg:402.77ms
step:577/1645 train_time:232395ms step_avg:402.76ms
step:578/1645 train_time:232799ms step_avg:402.77ms
step:579/1645 train_time:233200ms step_avg:402.76ms
step:580/1645 train_time:233597ms step_avg:402.75ms
step:581/1645 train_time:234000ms step_avg:402.75ms
step:582/1645 train_time:234397ms step_avg:402.74ms
step:583/1645 train_time:234800ms step_avg:402.74ms
step:584/1645 train_time:235202ms step_avg:402.74ms
step:585/1645 train_time:235603ms step_avg:402.74ms
step:586/1645 train_time:236003ms step_avg:402.73ms
step:587/1645 train_time:236406ms step_avg:402.74ms
step:588/1645 train_time:236807ms step_avg:402.73ms
step:589/1645 train_time:237205ms step_avg:402.73ms
step:590/1645 train_time:237603ms step_avg:402.72ms
step:591/1645 train_time:238007ms step_avg:402.72ms
step:592/1645 train_time:238404ms step_avg:402.71ms
step:593/1645 train_time:238806ms step_avg:402.71ms
step:594/1645 train_time:239208ms step_avg:402.71ms
step:595/1645 train_time:239606ms step_avg:402.70ms
step:596/1645 train_time:240005ms step_avg:402.69ms
step:597/1645 train_time:240408ms step_avg:402.69ms
step:598/1645 train_time:240806ms step_avg:402.69ms
step:599/1645 train_time:241206ms step_avg:402.68ms
step:600/1645 train_time:241605ms step_avg:402.68ms
step:601/1645 train_time:242007ms step_avg:402.67ms
step:602/1645 train_time:242415ms step_avg:402.68ms
step:603/1645 train_time:242815ms step_avg:402.68ms
step:604/1645 train_time:243236ms step_avg:402.71ms
step:605/1645 train_time:243615ms step_avg:402.67ms
step:606/1645 train_time:244018ms step_avg:402.67ms
step:607/1645 train_time:244421ms step_avg:402.67ms
step:608/1645 train_time:244825ms step_avg:402.67ms
step:609/1645 train_time:245225ms step_avg:402.67ms
step:610/1645 train_time:245622ms step_avg:402.66ms
step:611/1645 train_time:246024ms step_avg:402.66ms
step:612/1645 train_time:246422ms step_avg:402.65ms
step:613/1645 train_time:246823ms step_avg:402.65ms
step:614/1645 train_time:247223ms step_avg:402.64ms
step:615/1645 train_time:247626ms step_avg:402.64ms
step:616/1645 train_time:248028ms step_avg:402.64ms
step:617/1645 train_time:248425ms step_avg:402.63ms
step:618/1645 train_time:248827ms step_avg:402.63ms
step:619/1645 train_time:249227ms step_avg:402.63ms
step:620/1645 train_time:249624ms step_avg:402.62ms
step:621/1645 train_time:250023ms step_avg:402.61ms
step:622/1645 train_time:250423ms step_avg:402.61ms
step:623/1645 train_time:250818ms step_avg:402.60ms
step:624/1645 train_time:251220ms step_avg:402.60ms
step:625/1645 train_time:251622ms step_avg:402.60ms
step:625/1645 val_loss:3.611681 train_time:251929ms step_avg:403.09ms
step:626/1645 train_time:252178ms step_avg:402.84ms
step:627/1645 train_time:252540ms step_avg:402.77ms
step:628/1645 train_time:252940ms step_avg:402.77ms
step:629/1645 train_time:253356ms step_avg:402.79ms
step:630/1645 train_time:253764ms step_avg:402.80ms
step:631/1645 train_time:254151ms step_avg:402.77ms
step:632/1645 train_time:254555ms step_avg:402.78ms
step:633/1645 train_time:254957ms step_avg:402.78ms
step:634/1645 train_time:255356ms step_avg:402.77ms
step:635/1645 train_time:255761ms step_avg:402.77ms
step:636/1645 train_time:256161ms step_avg:402.77ms
step:637/1645 train_time:256560ms step_avg:402.76ms
step:638/1645 train_time:256962ms step_avg:402.76ms
step:639/1645 train_time:257361ms step_avg:402.76ms
step:640/1645 train_time:257764ms step_avg:402.76ms
step:641/1645 train_time:258166ms step_avg:402.75ms
step:642/1645 train_time:258564ms step_avg:402.75ms
step:643/1645 train_time:258965ms step_avg:402.75ms
step:644/1645 train_time:259367ms step_avg:402.74ms
step:645/1645 train_time:259772ms step_avg:402.75ms
step:646/1645 train_time:260167ms step_avg:402.74ms
step:647/1645 train_time:260568ms step_avg:402.73ms
step:648/1645 train_time:260970ms step_avg:402.73ms
step:649/1645 train_time:261372ms step_avg:402.73ms
step:650/1645 train_time:261770ms step_avg:402.72ms
step:651/1645 train_time:262172ms step_avg:402.72ms
step:652/1645 train_time:262570ms step_avg:402.71ms
step:653/1645 train_time:262974ms step_avg:402.72ms
step:654/1645 train_time:263375ms step_avg:402.71ms
step:655/1645 train_time:263775ms step_avg:402.71ms
step:656/1645 train_time:264174ms step_avg:402.70ms
step:657/1645 train_time:264576ms step_avg:402.70ms
step:658/1645 train_time:264976ms step_avg:402.70ms
step:659/1645 train_time:265378ms step_avg:402.70ms
step:660/1645 train_time:265781ms step_avg:402.70ms
step:661/1645 train_time:266182ms step_avg:402.70ms
step:662/1645 train_time:266580ms step_avg:402.69ms
step:663/1645 train_time:266983ms step_avg:402.69ms
step:664/1645 train_time:267382ms step_avg:402.68ms
step:665/1645 train_time:267783ms step_avg:402.68ms
step:666/1645 train_time:268184ms step_avg:402.68ms
step:667/1645 train_time:268583ms step_avg:402.67ms
step:668/1645 train_time:268981ms step_avg:402.67ms
step:669/1645 train_time:269380ms step_avg:402.66ms
step:670/1645 train_time:269782ms step_avg:402.66ms
step:671/1645 train_time:270188ms step_avg:402.66ms
step:672/1645 train_time:270596ms step_avg:402.67ms
step:673/1645 train_time:270999ms step_avg:402.67ms
step:674/1645 train_time:271402ms step_avg:402.67ms
step:675/1645 train_time:271804ms step_avg:402.67ms
step:676/1645 train_time:272203ms step_avg:402.67ms
step:677/1645 train_time:272600ms step_avg:402.66ms
step:678/1645 train_time:273005ms step_avg:402.66ms
step:679/1645 train_time:273401ms step_avg:402.65ms
step:680/1645 train_time:273800ms step_avg:402.65ms
step:681/1645 train_time:274205ms step_avg:402.65ms
step:682/1645 train_time:274603ms step_avg:402.64ms
step:683/1645 train_time:275007ms step_avg:402.65ms
step:684/1645 train_time:275410ms step_avg:402.65ms
step:685/1645 train_time:275812ms step_avg:402.65ms
step:686/1645 train_time:276215ms step_avg:402.65ms
step:687/1645 train_time:276617ms step_avg:402.64ms
step:688/1645 train_time:277018ms step_avg:402.64ms
step:689/1645 train_time:277421ms step_avg:402.64ms
step:690/1645 train_time:277824ms step_avg:402.64ms
step:691/1645 train_time:278224ms step_avg:402.64ms
step:692/1645 train_time:278629ms step_avg:402.64ms
step:693/1645 train_time:279031ms step_avg:402.64ms
step:694/1645 train_time:279433ms step_avg:402.64ms
step:695/1645 train_time:279832ms step_avg:402.64ms
step:696/1645 train_time:280236ms step_avg:402.64ms
step:697/1645 train_time:280641ms step_avg:402.64ms
step:698/1645 train_time:281041ms step_avg:402.64ms
step:699/1645 train_time:281449ms step_avg:402.64ms
step:700/1645 train_time:281837ms step_avg:402.62ms
step:701/1645 train_time:282235ms step_avg:402.62ms
step:702/1645 train_time:282635ms step_avg:402.61ms
step:703/1645 train_time:283039ms step_avg:402.62ms
step:704/1645 train_time:283437ms step_avg:402.61ms
step:705/1645 train_time:283836ms step_avg:402.60ms
step:706/1645 train_time:284245ms step_avg:402.61ms
step:707/1645 train_time:284635ms step_avg:402.59ms
step:708/1645 train_time:285043ms step_avg:402.60ms
step:709/1645 train_time:285443ms step_avg:402.60ms
step:710/1645 train_time:285845ms step_avg:402.60ms
step:711/1645 train_time:286241ms step_avg:402.59ms
step:712/1645 train_time:286641ms step_avg:402.59ms
step:713/1645 train_time:287042ms step_avg:402.58ms
step:714/1645 train_time:287442ms step_avg:402.58ms
step:715/1645 train_time:287841ms step_avg:402.58ms
step:716/1645 train_time:288242ms step_avg:402.57ms
step:717/1645 train_time:288646ms step_avg:402.57ms
step:718/1645 train_time:289048ms step_avg:402.57ms
step:719/1645 train_time:289449ms step_avg:402.57ms
step:720/1645 train_time:289850ms step_avg:402.57ms
step:721/1645 train_time:290247ms step_avg:402.56ms
step:722/1645 train_time:290646ms step_avg:402.56ms
step:723/1645 train_time:291047ms step_avg:402.55ms
step:724/1645 train_time:291452ms step_avg:402.56ms
step:725/1645 train_time:291852ms step_avg:402.55ms
step:726/1645 train_time:292257ms step_avg:402.56ms
step:727/1645 train_time:292657ms step_avg:402.55ms
step:728/1645 train_time:293078ms step_avg:402.58ms
step:729/1645 train_time:293456ms step_avg:402.55ms
step:730/1645 train_time:293864ms step_avg:402.55ms
step:731/1645 train_time:294262ms step_avg:402.55ms
step:732/1645 train_time:294665ms step_avg:402.55ms
step:733/1645 train_time:295064ms step_avg:402.54ms
step:734/1645 train_time:295482ms step_avg:402.56ms
step:735/1645 train_time:295882ms step_avg:402.56ms
step:736/1645 train_time:296271ms step_avg:402.54ms
step:737/1645 train_time:296671ms step_avg:402.54ms
step:738/1645 train_time:297071ms step_avg:402.54ms
step:739/1645 train_time:297473ms step_avg:402.54ms
step:740/1645 train_time:297872ms step_avg:402.53ms
step:741/1645 train_time:298275ms step_avg:402.53ms
step:742/1645 train_time:298676ms step_avg:402.53ms
step:743/1645 train_time:299091ms step_avg:402.55ms
step:744/1645 train_time:299480ms step_avg:402.53ms
step:745/1645 train_time:299882ms step_avg:402.53ms
step:746/1645 train_time:300284ms step_avg:402.53ms
step:747/1645 train_time:300707ms step_avg:402.55ms
step:748/1645 train_time:301089ms step_avg:402.53ms
step:749/1645 train_time:301493ms step_avg:402.53ms
step:750/1645 train_time:301895ms step_avg:402.53ms
step:750/1645 val_loss:3.560405 train_time:302199ms step_avg:402.93ms
step:751/1645 train_time:302452ms step_avg:402.73ms
step:752/1645 train_time:302803ms step_avg:402.66ms
step:753/1645 train_time:303207ms step_avg:402.67ms
step:754/1645 train_time:303607ms step_avg:402.66ms
step:755/1645 train_time:304007ms step_avg:402.66ms
step:756/1645 train_time:304408ms step_avg:402.66ms
step:757/1645 train_time:304808ms step_avg:402.65ms
step:758/1645 train_time:305212ms step_avg:402.66ms
step:759/1645 train_time:305611ms step_avg:402.65ms
step:760/1645 train_time:306014ms step_avg:402.65ms
step:761/1645 train_time:306414ms step_avg:402.65ms
step:762/1645 train_time:306818ms step_avg:402.65ms
step:763/1645 train_time:307223ms step_avg:402.65ms
step:764/1645 train_time:307621ms step_avg:402.65ms
step:765/1645 train_time:308025ms step_avg:402.65ms
step:766/1645 train_time:308429ms step_avg:402.65ms
step:767/1645 train_time:308833ms step_avg:402.65ms
step:768/1645 train_time:309236ms step_avg:402.65ms
step:769/1645 train_time:309634ms step_avg:402.64ms
step:770/1645 train_time:310033ms step_avg:402.64ms
step:771/1645 train_time:310432ms step_avg:402.63ms
step:772/1645 train_time:310837ms step_avg:402.64ms
step:773/1645 train_time:311239ms step_avg:402.64ms
step:774/1645 train_time:311645ms step_avg:402.64ms
step:775/1645 train_time:312045ms step_avg:402.64ms
step:776/1645 train_time:312450ms step_avg:402.64ms
step:777/1645 train_time:312849ms step_avg:402.64ms
step:778/1645 train_time:313253ms step_avg:402.64ms
step:779/1645 train_time:313656ms step_avg:402.64ms
step:780/1645 train_time:314057ms step_avg:402.64ms
step:781/1645 train_time:314457ms step_avg:402.63ms
step:782/1645 train_time:314858ms step_avg:402.63ms
step:783/1645 train_time:315260ms step_avg:402.63ms
step:784/1645 train_time:315661ms step_avg:402.63ms
step:785/1645 train_time:316058ms step_avg:402.62ms
step:786/1645 train_time:316458ms step_avg:402.62ms
step:787/1645 train_time:316859ms step_avg:402.62ms
step:788/1645 train_time:317259ms step_avg:402.61ms
step:789/1645 train_time:317664ms step_avg:402.62ms
step:790/1645 train_time:318063ms step_avg:402.61ms
step:791/1645 train_time:318462ms step_avg:402.61ms
step:792/1645 train_time:318861ms step_avg:402.60ms
step:793/1645 train_time:319257ms step_avg:402.59ms
step:794/1645 train_time:319663ms step_avg:402.60ms
step:795/1645 train_time:320063ms step_avg:402.59ms
step:796/1645 train_time:320463ms step_avg:402.59ms
step:797/1645 train_time:320864ms step_avg:402.59ms
step:798/1645 train_time:321266ms step_avg:402.59ms
step:799/1645 train_time:321667ms step_avg:402.59ms
step:800/1645 train_time:322065ms step_avg:402.58ms
step:801/1645 train_time:322464ms step_avg:402.58ms
step:802/1645 train_time:322867ms step_avg:402.58ms
step:803/1645 train_time:323269ms step_avg:402.58ms
step:804/1645 train_time:323667ms step_avg:402.57ms
step:805/1645 train_time:324068ms step_avg:402.57ms
step:806/1645 train_time:324467ms step_avg:402.56ms
step:807/1645 train_time:324869ms step_avg:402.56ms
step:808/1645 train_time:325269ms step_avg:402.56ms
step:809/1645 train_time:325667ms step_avg:402.55ms
step:810/1645 train_time:326068ms step_avg:402.55ms
step:811/1645 train_time:326470ms step_avg:402.55ms
step:812/1645 train_time:326868ms step_avg:402.55ms
step:813/1645 train_time:327271ms step_avg:402.55ms
step:814/1645 train_time:327671ms step_avg:402.54ms
step:815/1645 train_time:328072ms step_avg:402.54ms
step:816/1645 train_time:328469ms step_avg:402.54ms
step:817/1645 train_time:328872ms step_avg:402.54ms
step:818/1645 train_time:329271ms step_avg:402.53ms
step:819/1645 train_time:329669ms step_avg:402.53ms
step:820/1645 train_time:330067ms step_avg:402.52ms
step:821/1645 train_time:330466ms step_avg:402.52ms
step:822/1645 train_time:330866ms step_avg:402.51ms
step:823/1645 train_time:331270ms step_avg:402.52ms
step:824/1645 train_time:331668ms step_avg:402.51ms
step:825/1645 train_time:332071ms step_avg:402.51ms
step:826/1645 train_time:332470ms step_avg:402.51ms
step:827/1645 train_time:332873ms step_avg:402.51ms
step:828/1645 train_time:333272ms step_avg:402.50ms
step:829/1645 train_time:333677ms step_avg:402.51ms
step:830/1645 train_time:334079ms step_avg:402.50ms
step:831/1645 train_time:334482ms step_avg:402.51ms
step:832/1645 train_time:334882ms step_avg:402.50ms
step:833/1645 train_time:335282ms step_avg:402.50ms
step:834/1645 train_time:335681ms step_avg:402.50ms
step:835/1645 train_time:336085ms step_avg:402.50ms
step:836/1645 train_time:336485ms step_avg:402.49ms
step:837/1645 train_time:336886ms step_avg:402.49ms
step:838/1645 train_time:337288ms step_avg:402.49ms
step:839/1645 train_time:337693ms step_avg:402.49ms
step:840/1645 train_time:338089ms step_avg:402.49ms
step:841/1645 train_time:338496ms step_avg:402.49ms
step:842/1645 train_time:338895ms step_avg:402.49ms
step:843/1645 train_time:339296ms step_avg:402.49ms
step:844/1645 train_time:339691ms step_avg:402.48ms
step:845/1645 train_time:340093ms step_avg:402.48ms
step:846/1645 train_time:340498ms step_avg:402.48ms
step:847/1645 train_time:340894ms step_avg:402.47ms
step:848/1645 train_time:341299ms step_avg:402.47ms
step:849/1645 train_time:341704ms step_avg:402.48ms
step:850/1645 train_time:342110ms step_avg:402.48ms
step:851/1645 train_time:342506ms step_avg:402.47ms
step:852/1645 train_time:342909ms step_avg:402.48ms
step:853/1645 train_time:343309ms step_avg:402.47ms
step:854/1645 train_time:343713ms step_avg:402.47ms
step:855/1645 train_time:344114ms step_avg:402.47ms
step:856/1645 train_time:344509ms step_avg:402.46ms
step:857/1645 train_time:344912ms step_avg:402.46ms
step:858/1645 train_time:345317ms step_avg:402.47ms
step:859/1645 train_time:345720ms step_avg:402.47ms
step:860/1645 train_time:346121ms step_avg:402.47ms
step:861/1645 train_time:346524ms step_avg:402.47ms
step:862/1645 train_time:346928ms step_avg:402.47ms
step:863/1645 train_time:347328ms step_avg:402.47ms
step:864/1645 train_time:347731ms step_avg:402.47ms
step:865/1645 train_time:348134ms step_avg:402.47ms
step:866/1645 train_time:348532ms step_avg:402.46ms
step:867/1645 train_time:348935ms step_avg:402.46ms
step:868/1645 train_time:349332ms step_avg:402.46ms
step:869/1645 train_time:349731ms step_avg:402.45ms
step:870/1645 train_time:350134ms step_avg:402.45ms
step:871/1645 train_time:350528ms step_avg:402.44ms
step:872/1645 train_time:350924ms step_avg:402.44ms
step:873/1645 train_time:351325ms step_avg:402.43ms
step:874/1645 train_time:351720ms step_avg:402.43ms
step:875/1645 train_time:352123ms step_avg:402.43ms
step:875/1645 val_loss:3.514543 train_time:352426ms step_avg:402.77ms
step:876/1645 train_time:352676ms step_avg:402.60ms
step:877/1645 train_time:353038ms step_avg:402.55ms
step:878/1645 train_time:353439ms step_avg:402.55ms
step:879/1645 train_time:353843ms step_avg:402.55ms
step:880/1645 train_time:354245ms step_avg:402.55ms
step:881/1645 train_time:354642ms step_avg:402.54ms
step:882/1645 train_time:355042ms step_avg:402.54ms
step:883/1645 train_time:355441ms step_avg:402.54ms
step:884/1645 train_time:355845ms step_avg:402.54ms
step:885/1645 train_time:356243ms step_avg:402.53ms
step:886/1645 train_time:356643ms step_avg:402.53ms
step:887/1645 train_time:357043ms step_avg:402.53ms
step:888/1645 train_time:357449ms step_avg:402.53ms
step:889/1645 train_time:357849ms step_avg:402.53ms
step:890/1645 train_time:358245ms step_avg:402.52ms
step:891/1645 train_time:358648ms step_avg:402.52ms
step:892/1645 train_time:359042ms step_avg:402.51ms
step:893/1645 train_time:359444ms step_avg:402.51ms
step:894/1645 train_time:359853ms step_avg:402.52ms
step:895/1645 train_time:360252ms step_avg:402.52ms
step:896/1645 train_time:360655ms step_avg:402.52ms
step:897/1645 train_time:361058ms step_avg:402.52ms
step:898/1645 train_time:361460ms step_avg:402.52ms
step:899/1645 train_time:361860ms step_avg:402.51ms
step:900/1645 train_time:362262ms step_avg:402.51ms
step:901/1645 train_time:362659ms step_avg:402.51ms
step:902/1645 train_time:363061ms step_avg:402.51ms
step:903/1645 train_time:363462ms step_avg:402.50ms
step:904/1645 train_time:363864ms step_avg:402.50ms
step:905/1645 train_time:364262ms step_avg:402.50ms
step:906/1645 train_time:364667ms step_avg:402.50ms
step:907/1645 train_time:365071ms step_avg:402.50ms
step:908/1645 train_time:365472ms step_avg:402.50ms
step:909/1645 train_time:365871ms step_avg:402.50ms
step:910/1645 train_time:366270ms step_avg:402.49ms
step:911/1645 train_time:366668ms step_avg:402.49ms
step:912/1645 train_time:367072ms step_avg:402.49ms
step:913/1645 train_time:367469ms step_avg:402.48ms
step:914/1645 train_time:367870ms step_avg:402.48ms
step:915/1645 train_time:368272ms step_avg:402.48ms
step:916/1645 train_time:368672ms step_avg:402.48ms
step:917/1645 train_time:369074ms step_avg:402.48ms
step:918/1645 train_time:369473ms step_avg:402.48ms
step:919/1645 train_time:369870ms step_avg:402.47ms
step:920/1645 train_time:370270ms step_avg:402.47ms
step:921/1645 train_time:370672ms step_avg:402.47ms
step:922/1645 train_time:371072ms step_avg:402.46ms
step:923/1645 train_time:371472ms step_avg:402.46ms
step:924/1645 train_time:371871ms step_avg:402.46ms
step:925/1645 train_time:372273ms step_avg:402.46ms
step:926/1645 train_time:372673ms step_avg:402.46ms
step:927/1645 train_time:373072ms step_avg:402.45ms
step:928/1645 train_time:373473ms step_avg:402.45ms
step:929/1645 train_time:373871ms step_avg:402.44ms
step:930/1645 train_time:374273ms step_avg:402.44ms
step:931/1645 train_time:374675ms step_avg:402.44ms
step:932/1645 train_time:375071ms step_avg:402.44ms
step:933/1645 train_time:375474ms step_avg:402.44ms
step:934/1645 train_time:375876ms step_avg:402.44ms
step:935/1645 train_time:376278ms step_avg:402.44ms
step:936/1645 train_time:376682ms step_avg:402.44ms
step:937/1645 train_time:377085ms step_avg:402.44ms
step:938/1645 train_time:377490ms step_avg:402.44ms
step:939/1645 train_time:377888ms step_avg:402.44ms
step:940/1645 train_time:378288ms step_avg:402.43ms
step:941/1645 train_time:378690ms step_avg:402.43ms
step:942/1645 train_time:379089ms step_avg:402.43ms
step:943/1645 train_time:379488ms step_avg:402.43ms
step:944/1645 train_time:379890ms step_avg:402.43ms
step:945/1645 train_time:380288ms step_avg:402.42ms
step:946/1645 train_time:380689ms step_avg:402.42ms
step:947/1645 train_time:381087ms step_avg:402.42ms
step:948/1645 train_time:381489ms step_avg:402.41ms
step:949/1645 train_time:381888ms step_avg:402.41ms
step:950/1645 train_time:382290ms step_avg:402.41ms
step:951/1645 train_time:382691ms step_avg:402.41ms
step:952/1645 train_time:383090ms step_avg:402.41ms
step:953/1645 train_time:383490ms step_avg:402.40ms
step:954/1645 train_time:383896ms step_avg:402.41ms
step:955/1645 train_time:384298ms step_avg:402.41ms
step:956/1645 train_time:384698ms step_avg:402.40ms
step:957/1645 train_time:385100ms step_avg:402.40ms
step:958/1645 train_time:385502ms step_avg:402.40ms
step:959/1645 train_time:385902ms step_avg:402.40ms
step:960/1645 train_time:386300ms step_avg:402.40ms
step:961/1645 train_time:386704ms step_avg:402.40ms
step:962/1645 train_time:387105ms step_avg:402.40ms
step:963/1645 train_time:387513ms step_avg:402.40ms
step:964/1645 train_time:387916ms step_avg:402.40ms
step:965/1645 train_time:388318ms step_avg:402.40ms
step:966/1645 train_time:388720ms step_avg:402.40ms
step:967/1645 train_time:389119ms step_avg:402.40ms
step:968/1645 train_time:389519ms step_avg:402.40ms
step:969/1645 train_time:389919ms step_avg:402.39ms
step:970/1645 train_time:390322ms step_avg:402.39ms
step:971/1645 train_time:390726ms step_avg:402.40ms
step:972/1645 train_time:391123ms step_avg:402.39ms
step:973/1645 train_time:391529ms step_avg:402.39ms
step:974/1645 train_time:391930ms step_avg:402.39ms
step:975/1645 train_time:392329ms step_avg:402.39ms
step:976/1645 train_time:392732ms step_avg:402.39ms
step:977/1645 train_time:393133ms step_avg:402.39ms
step:978/1645 train_time:393535ms step_avg:402.39ms
step:979/1645 train_time:393935ms step_avg:402.38ms
step:980/1645 train_time:394332ms step_avg:402.38ms
step:981/1645 train_time:394736ms step_avg:402.38ms
step:982/1645 train_time:395139ms step_avg:402.38ms
step:983/1645 train_time:395542ms step_avg:402.38ms
step:984/1645 train_time:395942ms step_avg:402.38ms
step:985/1645 train_time:396345ms step_avg:402.38ms
step:986/1645 train_time:396747ms step_avg:402.38ms
step:987/1645 train_time:397144ms step_avg:402.37ms
step:988/1645 train_time:397545ms step_avg:402.37ms
step:989/1645 train_time:397944ms step_avg:402.37ms
step:990/1645 train_time:398344ms step_avg:402.37ms
step:991/1645 train_time:398741ms step_avg:402.36ms
step:992/1645 train_time:399144ms step_avg:402.36ms
step:993/1645 train_time:399544ms step_avg:402.36ms
step:994/1645 train_time:399945ms step_avg:402.36ms
step:995/1645 train_time:400345ms step_avg:402.36ms
step:996/1645 train_time:400745ms step_avg:402.35ms
step:997/1645 train_time:401150ms step_avg:402.36ms
step:998/1645 train_time:401549ms step_avg:402.35ms
step:999/1645 train_time:401953ms step_avg:402.36ms
step:1000/1645 train_time:402351ms step_avg:402.35ms
step:1000/1645 val_loss:3.464307 train_time:402653ms step_avg:402.65ms
step:1001/1645 train_time:402910ms step_avg:402.51ms
step:1002/1645 train_time:403267ms step_avg:402.46ms
step:1003/1645 train_time:403665ms step_avg:402.46ms
step:1004/1645 train_time:404067ms step_avg:402.46ms
step:1005/1645 train_time:404469ms step_avg:402.46ms
step:1006/1645 train_time:404870ms step_avg:402.46ms
step:1007/1645 train_time:405272ms step_avg:402.46ms
step:1008/1645 train_time:405674ms step_avg:402.45ms
step:1009/1645 train_time:406074ms step_avg:402.45ms
step:1010/1645 train_time:406473ms step_avg:402.45ms
step:1011/1645 train_time:406877ms step_avg:402.45ms
step:1012/1645 train_time:407280ms step_avg:402.45ms
step:1013/1645 train_time:407679ms step_avg:402.45ms
step:1014/1645 train_time:408077ms step_avg:402.44ms
step:1015/1645 train_time:408477ms step_avg:402.44ms
step:1016/1645 train_time:408881ms step_avg:402.44ms
step:1017/1645 train_time:409277ms step_avg:402.44ms
step:1018/1645 train_time:409684ms step_avg:402.44ms
step:1019/1645 train_time:410085ms step_avg:402.44ms
step:1020/1645 train_time:410482ms step_avg:402.43ms
step:1021/1645 train_time:410881ms step_avg:402.43ms
step:1022/1645 train_time:411287ms step_avg:402.43ms
step:1023/1645 train_time:411689ms step_avg:402.43ms
step:1024/1645 train_time:412089ms step_avg:402.43ms
step:1025/1645 train_time:412491ms step_avg:402.43ms
step:1026/1645 train_time:412894ms step_avg:402.43ms
step:1027/1645 train_time:413294ms step_avg:402.43ms
step:1028/1645 train_time:413691ms step_avg:402.42ms
step:1029/1645 train_time:414096ms step_avg:402.43ms
step:1030/1645 train_time:414496ms step_avg:402.42ms
step:1031/1645 train_time:414895ms step_avg:402.42ms
step:1032/1645 train_time:415296ms step_avg:402.42ms
step:1033/1645 train_time:415696ms step_avg:402.42ms
step:1034/1645 train_time:416101ms step_avg:402.42ms
step:1035/1645 train_time:416498ms step_avg:402.41ms
step:1036/1645 train_time:416899ms step_avg:402.41ms
step:1037/1645 train_time:417305ms step_avg:402.42ms
step:1038/1645 train_time:417703ms step_avg:402.41ms
step:1039/1645 train_time:418105ms step_avg:402.41ms
step:1040/1645 train_time:418501ms step_avg:402.40ms
step:1041/1645 train_time:418902ms step_avg:402.40ms
step:1042/1645 train_time:419310ms step_avg:402.41ms
step:1043/1645 train_time:419714ms step_avg:402.41ms
step:1044/1645 train_time:420115ms step_avg:402.41ms
step:1045/1645 train_time:420516ms step_avg:402.41ms
step:1046/1645 train_time:420922ms step_avg:402.41ms
step:1047/1645 train_time:421322ms step_avg:402.41ms
step:1048/1645 train_time:421721ms step_avg:402.41ms
step:1049/1645 train_time:422122ms step_avg:402.40ms
step:1050/1645 train_time:422544ms step_avg:402.42ms
step:1051/1645 train_time:422927ms step_avg:402.40ms
step:1052/1645 train_time:423328ms step_avg:402.40ms
step:1053/1645 train_time:423731ms step_avg:402.40ms
step:1054/1645 train_time:424134ms step_avg:402.40ms
step:1055/1645 train_time:424538ms step_avg:402.41ms
step:1056/1645 train_time:424941ms step_avg:402.41ms
step:1057/1645 train_time:425341ms step_avg:402.40ms
step:1058/1645 train_time:425738ms step_avg:402.40ms
step:1059/1645 train_time:426138ms step_avg:402.40ms
step:1060/1645 train_time:426537ms step_avg:402.39ms
step:1061/1645 train_time:426937ms step_avg:402.39ms
step:1062/1645 train_time:427339ms step_avg:402.39ms
step:1063/1645 train_time:427747ms step_avg:402.40ms
step:1064/1645 train_time:428142ms step_avg:402.39ms
step:1065/1645 train_time:428544ms step_avg:402.39ms
step:1066/1645 train_time:428943ms step_avg:402.39ms
step:1067/1645 train_time:429345ms step_avg:402.39ms
step:1068/1645 train_time:429746ms step_avg:402.38ms
step:1069/1645 train_time:430149ms step_avg:402.38ms
step:1070/1645 train_time:430549ms step_avg:402.38ms
step:1071/1645 train_time:430950ms step_avg:402.38ms
step:1072/1645 train_time:431350ms step_avg:402.38ms
step:1073/1645 train_time:431752ms step_avg:402.38ms
step:1074/1645 train_time:432150ms step_avg:402.37ms
step:1075/1645 train_time:432550ms step_avg:402.37ms
step:1076/1645 train_time:432951ms step_avg:402.37ms
step:1077/1645 train_time:433352ms step_avg:402.37ms
step:1078/1645 train_time:433753ms step_avg:402.37ms
step:1079/1645 train_time:434155ms step_avg:402.37ms
step:1080/1645 train_time:434561ms step_avg:402.37ms
step:1081/1645 train_time:434960ms step_avg:402.37ms
step:1082/1645 train_time:435361ms step_avg:402.37ms
step:1083/1645 train_time:435762ms step_avg:402.37ms
step:1084/1645 train_time:436166ms step_avg:402.37ms
step:1085/1645 train_time:436559ms step_avg:402.36ms
step:1086/1645 train_time:436959ms step_avg:402.36ms
step:1087/1645 train_time:437361ms step_avg:402.36ms
step:1088/1645 train_time:437759ms step_avg:402.35ms
step:1089/1645 train_time:438161ms step_avg:402.35ms
step:1090/1645 train_time:438579ms step_avg:402.37ms
step:1091/1645 train_time:438980ms step_avg:402.36ms
step:1092/1645 train_time:439381ms step_avg:402.36ms
step:1093/1645 train_time:439767ms step_avg:402.35ms
step:1094/1645 train_time:440172ms step_avg:402.35ms
step:1095/1645 train_time:440571ms step_avg:402.35ms
step:1096/1645 train_time:440976ms step_avg:402.35ms
step:1097/1645 train_time:441374ms step_avg:402.35ms
step:1098/1645 train_time:441776ms step_avg:402.35ms
step:1099/1645 train_time:442183ms step_avg:402.35ms
step:1100/1645 train_time:442584ms step_avg:402.35ms
step:1101/1645 train_time:442980ms step_avg:402.34ms
step:1102/1645 train_time:443382ms step_avg:402.34ms
step:1103/1645 train_time:443783ms step_avg:402.34ms
step:1104/1645 train_time:444182ms step_avg:402.34ms
step:1105/1645 train_time:444585ms step_avg:402.34ms
step:1106/1645 train_time:444982ms step_avg:402.33ms
step:1107/1645 train_time:445388ms step_avg:402.34ms
step:1108/1645 train_time:445783ms step_avg:402.33ms
step:1109/1645 train_time:446186ms step_avg:402.33ms
step:1110/1645 train_time:446586ms step_avg:402.33ms
step:1111/1645 train_time:446986ms step_avg:402.33ms
step:1112/1645 train_time:447389ms step_avg:402.33ms
step:1113/1645 train_time:447788ms step_avg:402.33ms
step:1114/1645 train_time:448190ms step_avg:402.33ms
step:1115/1645 train_time:448587ms step_avg:402.32ms
step:1116/1645 train_time:448984ms step_avg:402.32ms
step:1117/1645 train_time:449391ms step_avg:402.32ms
step:1118/1645 train_time:449795ms step_avg:402.32ms
step:1119/1645 train_time:450197ms step_avg:402.32ms
step:1120/1645 train_time:450602ms step_avg:402.32ms
step:1121/1645 train_time:450999ms step_avg:402.32ms
step:1122/1645 train_time:451398ms step_avg:402.32ms
step:1123/1645 train_time:451800ms step_avg:402.32ms
step:1124/1645 train_time:452197ms step_avg:402.31ms
step:1125/1645 train_time:452597ms step_avg:402.31ms
step:1125/1645 val_loss:3.412206 train_time:452901ms step_avg:402.58ms
step:1126/1645 train_time:453150ms step_avg:402.44ms
step:1127/1645 train_time:453511ms step_avg:402.41ms
step:1128/1645 train_time:453913ms step_avg:402.40ms
step:1129/1645 train_time:454315ms step_avg:402.40ms
step:1130/1645 train_time:454714ms step_avg:402.40ms
step:1131/1645 train_time:455119ms step_avg:402.40ms
step:1132/1645 train_time:455517ms step_avg:402.40ms
step:1133/1645 train_time:455919ms step_avg:402.40ms
step:1134/1645 train_time:456319ms step_avg:402.40ms
step:1135/1645 train_time:456719ms step_avg:402.40ms
step:1136/1645 train_time:457123ms step_avg:402.40ms
step:1137/1645 train_time:457525ms step_avg:402.40ms
step:1138/1645 train_time:457926ms step_avg:402.40ms
step:1139/1645 train_time:458325ms step_avg:402.39ms
step:1140/1645 train_time:458724ms step_avg:402.39ms
step:1141/1645 train_time:459129ms step_avg:402.39ms
step:1142/1645 train_time:459531ms step_avg:402.39ms
step:1143/1645 train_time:459931ms step_avg:402.39ms
step:1144/1645 train_time:460331ms step_avg:402.39ms
step:1145/1645 train_time:460734ms step_avg:402.39ms
step:1146/1645 train_time:461154ms step_avg:402.40ms
step:1147/1645 train_time:461551ms step_avg:402.40ms
step:1148/1645 train_time:461943ms step_avg:402.39ms
step:1149/1645 train_time:462345ms step_avg:402.39ms
step:1150/1645 train_time:462744ms step_avg:402.39ms
step:1151/1645 train_time:463149ms step_avg:402.39ms
step:1152/1645 train_time:463548ms step_avg:402.39ms
step:1153/1645 train_time:463952ms step_avg:402.39ms
step:1154/1645 train_time:464355ms step_avg:402.39ms
step:1155/1645 train_time:464753ms step_avg:402.38ms
step:1156/1645 train_time:465155ms step_avg:402.38ms
step:1157/1645 train_time:465551ms step_avg:402.38ms
step:1158/1645 train_time:465950ms step_avg:402.37ms
step:1159/1645 train_time:466351ms step_avg:402.37ms
step:1160/1645 train_time:466758ms step_avg:402.38ms
step:1161/1645 train_time:467155ms step_avg:402.37ms
step:1162/1645 train_time:467562ms step_avg:402.38ms
step:1163/1645 train_time:467961ms step_avg:402.37ms
step:1164/1645 train_time:468362ms step_avg:402.37ms
step:1165/1645 train_time:468768ms step_avg:402.38ms
step:1166/1645 train_time:469169ms step_avg:402.37ms
step:1167/1645 train_time:469566ms step_avg:402.37ms
step:1168/1645 train_time:469964ms step_avg:402.37ms
step:1169/1645 train_time:470365ms step_avg:402.36ms
step:1170/1645 train_time:470764ms step_avg:402.36ms
step:1171/1645 train_time:471163ms step_avg:402.36ms
step:1172/1645 train_time:471583ms step_avg:402.37ms
step:1173/1645 train_time:471966ms step_avg:402.36ms
step:1174/1645 train_time:472362ms step_avg:402.35ms
step:1175/1645 train_time:472767ms step_avg:402.35ms
step:1176/1645 train_time:473167ms step_avg:402.35ms
step:1177/1645 train_time:473569ms step_avg:402.35ms
step:1178/1645 train_time:473975ms step_avg:402.36ms
step:1179/1645 train_time:474378ms step_avg:402.36ms
step:1180/1645 train_time:474780ms step_avg:402.36ms
step:1181/1645 train_time:475183ms step_avg:402.36ms
step:1182/1645 train_time:475577ms step_avg:402.35ms
step:1183/1645 train_time:475979ms step_avg:402.35ms
step:1184/1645 train_time:476377ms step_avg:402.35ms
step:1185/1645 train_time:476780ms step_avg:402.35ms
step:1186/1645 train_time:477179ms step_avg:402.34ms
step:1187/1645 train_time:477579ms step_avg:402.34ms
step:1188/1645 train_time:477981ms step_avg:402.34ms
step:1189/1645 train_time:478383ms step_avg:402.34ms
step:1190/1645 train_time:478785ms step_avg:402.34ms
step:1191/1645 train_time:479187ms step_avg:402.34ms
step:1192/1645 train_time:479584ms step_avg:402.34ms
step:1193/1645 train_time:479990ms step_avg:402.34ms
step:1194/1645 train_time:480393ms step_avg:402.34ms
step:1195/1645 train_time:480792ms step_avg:402.34ms
step:1196/1645 train_time:481194ms step_avg:402.34ms
step:1197/1645 train_time:481596ms step_avg:402.34ms
step:1198/1645 train_time:481997ms step_avg:402.33ms
step:1199/1645 train_time:482398ms step_avg:402.33ms
step:1200/1645 train_time:482800ms step_avg:402.33ms
step:1201/1645 train_time:483201ms step_avg:402.33ms
step:1202/1645 train_time:483603ms step_avg:402.33ms
step:1203/1645 train_time:484002ms step_avg:402.33ms
step:1204/1645 train_time:484403ms step_avg:402.33ms
step:1205/1645 train_time:484802ms step_avg:402.33ms
step:1206/1645 train_time:485201ms step_avg:402.32ms
step:1207/1645 train_time:485599ms step_avg:402.32ms
step:1208/1645 train_time:486002ms step_avg:402.32ms
step:1209/1645 train_time:486402ms step_avg:402.32ms
step:1210/1645 train_time:486801ms step_avg:402.31ms
step:1211/1645 train_time:487204ms step_avg:402.32ms
step:1212/1645 train_time:487608ms step_avg:402.32ms
step:1213/1645 train_time:488011ms step_avg:402.32ms
step:1214/1645 train_time:488408ms step_avg:402.31ms
step:1215/1645 train_time:488805ms step_avg:402.31ms
step:1216/1645 train_time:489204ms step_avg:402.31ms
step:1217/1645 train_time:489602ms step_avg:402.30ms
step:1218/1645 train_time:490004ms step_avg:402.30ms
step:1219/1645 train_time:490406ms step_avg:402.30ms
step:1220/1645 train_time:490815ms step_avg:402.31ms
step:1221/1645 train_time:491215ms step_avg:402.31ms
step:1222/1645 train_time:491615ms step_avg:402.30ms
step:1223/1645 train_time:492017ms step_avg:402.30ms
step:1224/1645 train_time:492414ms step_avg:402.30ms
step:1225/1645 train_time:492816ms step_avg:402.30ms
step:1226/1645 train_time:493217ms step_avg:402.30ms
step:1227/1645 train_time:493618ms step_avg:402.30ms
step:1228/1645 train_time:494017ms step_avg:402.29ms
step:1229/1645 train_time:494423ms step_avg:402.30ms
step:1230/1645 train_time:494819ms step_avg:402.29ms
step:1231/1645 train_time:495217ms step_avg:402.29ms
step:1232/1645 train_time:495618ms step_avg:402.29ms
step:1233/1645 train_time:496016ms step_avg:402.28ms
step:1234/1645 train_time:496418ms step_avg:402.28ms
step:1235/1645 train_time:496818ms step_avg:402.28ms
step:1236/1645 train_time:497219ms step_avg:402.28ms
step:1237/1645 train_time:497621ms step_avg:402.28ms
step:1238/1645 train_time:498021ms step_avg:402.28ms
step:1239/1645 train_time:498422ms step_avg:402.28ms
step:1240/1645 train_time:498828ms step_avg:402.28ms
step:1241/1645 train_time:499229ms step_avg:402.28ms
step:1242/1645 train_time:499632ms step_avg:402.28ms
step:1243/1645 train_time:500033ms step_avg:402.28ms
step:1244/1645 train_time:500436ms step_avg:402.28ms
step:1245/1645 train_time:500837ms step_avg:402.28ms
step:1246/1645 train_time:501239ms step_avg:402.28ms
step:1247/1645 train_time:501638ms step_avg:402.28ms
step:1248/1645 train_time:502040ms step_avg:402.28ms
step:1249/1645 train_time:502442ms step_avg:402.28ms
step:1250/1645 train_time:502843ms step_avg:402.27ms
step:1250/1645 val_loss:3.373612 train_time:503143ms step_avg:402.51ms
step:1251/1645 train_time:503400ms step_avg:402.40ms
step:1252/1645 train_time:503773ms step_avg:402.37ms
step:1253/1645 train_time:504179ms step_avg:402.38ms
step:1254/1645 train_time:504585ms step_avg:402.38ms
step:1255/1645 train_time:504982ms step_avg:402.38ms
step:1256/1645 train_time:505400ms step_avg:402.39ms
step:1257/1645 train_time:505805ms step_avg:402.39ms
step:1258/1645 train_time:506204ms step_avg:402.39ms
step:1259/1645 train_time:506610ms step_avg:402.39ms
step:1260/1645 train_time:507009ms step_avg:402.39ms
step:1261/1645 train_time:507409ms step_avg:402.39ms
step:1262/1645 train_time:507811ms step_avg:402.39ms
step:1263/1645 train_time:508196ms step_avg:402.37ms
step:1264/1645 train_time:508595ms step_avg:402.37ms
step:1265/1645 train_time:508995ms step_avg:402.37ms
step:1266/1645 train_time:509399ms step_avg:402.37ms
step:1267/1645 train_time:509798ms step_avg:402.37ms
step:1268/1645 train_time:510205ms step_avg:402.37ms
step:1269/1645 train_time:510608ms step_avg:402.37ms
step:1270/1645 train_time:511010ms step_avg:402.37ms
step:1271/1645 train_time:511411ms step_avg:402.37ms
step:1272/1645 train_time:511810ms step_avg:402.37ms
step:1273/1645 train_time:512212ms step_avg:402.37ms
step:1274/1645 train_time:512612ms step_avg:402.36ms
step:1275/1645 train_time:513013ms step_avg:402.36ms
step:1276/1645 train_time:513409ms step_avg:402.36ms
step:1277/1645 train_time:513813ms step_avg:402.36ms
step:1278/1645 train_time:514214ms step_avg:402.36ms
step:1279/1645 train_time:514613ms step_avg:402.36ms
step:1280/1645 train_time:515016ms step_avg:402.36ms
step:1281/1645 train_time:515417ms step_avg:402.36ms
step:1282/1645 train_time:515833ms step_avg:402.37ms
step:1283/1645 train_time:516222ms step_avg:402.36ms
step:1284/1645 train_time:516624ms step_avg:402.35ms
step:1285/1645 train_time:517027ms step_avg:402.36ms
step:1286/1645 train_time:517427ms step_avg:402.35ms
step:1287/1645 train_time:517829ms step_avg:402.35ms
step:1288/1645 train_time:518235ms step_avg:402.36ms
step:1289/1645 train_time:518637ms step_avg:402.36ms
step:1290/1645 train_time:519040ms step_avg:402.36ms
step:1291/1645 train_time:519444ms step_avg:402.36ms
step:1292/1645 train_time:519846ms step_avg:402.36ms
step:1293/1645 train_time:520242ms step_avg:402.35ms
step:1294/1645 train_time:520641ms step_avg:402.35ms
step:1295/1645 train_time:521046ms step_avg:402.35ms
step:1296/1645 train_time:521445ms step_avg:402.35ms
step:1297/1645 train_time:521847ms step_avg:402.35ms
step:1298/1645 train_time:522245ms step_avg:402.35ms
step:1299/1645 train_time:522651ms step_avg:402.35ms
step:1300/1645 train_time:523050ms step_avg:402.35ms
step:1301/1645 train_time:523452ms step_avg:402.35ms
step:1302/1645 train_time:523850ms step_avg:402.34ms
step:1303/1645 train_time:524256ms step_avg:402.35ms
step:1304/1645 train_time:524659ms step_avg:402.35ms
step:1305/1645 train_time:525061ms step_avg:402.35ms
step:1306/1645 train_time:525457ms step_avg:402.34ms
step:1307/1645 train_time:525859ms step_avg:402.34ms
step:1308/1645 train_time:526265ms step_avg:402.34ms
step:1309/1645 train_time:526663ms step_avg:402.34ms
step:1310/1645 train_time:527065ms step_avg:402.34ms
step:1311/1645 train_time:527470ms step_avg:402.34ms
step:1312/1645 train_time:527875ms step_avg:402.34ms
step:1313/1645 train_time:528273ms step_avg:402.34ms
step:1314/1645 train_time:528679ms step_avg:402.34ms
step:1315/1645 train_time:529079ms step_avg:402.34ms
step:1316/1645 train_time:529476ms step_avg:402.34ms
step:1317/1645 train_time:529881ms step_avg:402.34ms
step:1318/1645 train_time:530279ms step_avg:402.34ms
step:1319/1645 train_time:530679ms step_avg:402.33ms
step:1320/1645 train_time:531081ms step_avg:402.33ms
step:1321/1645 train_time:531484ms step_avg:402.33ms
step:1322/1645 train_time:531888ms step_avg:402.34ms
step:1323/1645 train_time:532289ms step_avg:402.33ms
step:1324/1645 train_time:532693ms step_avg:402.34ms
step:1325/1645 train_time:533092ms step_avg:402.33ms
step:1326/1645 train_time:533494ms step_avg:402.33ms
step:1327/1645 train_time:533895ms step_avg:402.33ms
step:1328/1645 train_time:534297ms step_avg:402.33ms
step:1329/1645 train_time:534698ms step_avg:402.33ms
step:1330/1645 train_time:535096ms step_avg:402.33ms
step:1331/1645 train_time:535496ms step_avg:402.33ms
step:1332/1645 train_time:535898ms step_avg:402.33ms
step:1333/1645 train_time:536298ms step_avg:402.32ms
step:1334/1645 train_time:536699ms step_avg:402.32ms
step:1335/1645 train_time:537103ms step_avg:402.32ms
step:1336/1645 train_time:537503ms step_avg:402.32ms
step:1337/1645 train_time:537905ms step_avg:402.32ms
step:1338/1645 train_time:538309ms step_avg:402.32ms
step:1339/1645 train_time:538714ms step_avg:402.33ms
step:1340/1645 train_time:539115ms step_avg:402.32ms
step:1341/1645 train_time:539519ms step_avg:402.33ms
step:1342/1645 train_time:539926ms step_avg:402.33ms
step:1343/1645 train_time:540324ms step_avg:402.33ms
step:1344/1645 train_time:540730ms step_avg:402.33ms
step:1345/1645 train_time:541128ms step_avg:402.33ms
step:1346/1645 train_time:541529ms step_avg:402.32ms
step:1347/1645 train_time:541930ms step_avg:402.32ms
step:1348/1645 train_time:542332ms step_avg:402.32ms
step:1349/1645 train_time:542736ms step_avg:402.32ms
step:1350/1645 train_time:543136ms step_avg:402.32ms
step:1351/1645 train_time:543535ms step_avg:402.32ms
step:1352/1645 train_time:543937ms step_avg:402.32ms
step:1353/1645 train_time:544341ms step_avg:402.32ms
step:1354/1645 train_time:544743ms step_avg:402.32ms
step:1355/1645 train_time:545143ms step_avg:402.32ms
step:1356/1645 train_time:545546ms step_avg:402.32ms
step:1357/1645 train_time:545950ms step_avg:402.32ms
step:1358/1645 train_time:546349ms step_avg:402.32ms
step:1359/1645 train_time:546753ms step_avg:402.32ms
step:1360/1645 train_time:547156ms step_avg:402.32ms
step:1361/1645 train_time:547557ms step_avg:402.32ms
step:1362/1645 train_time:547956ms step_avg:402.32ms
step:1363/1645 train_time:548358ms step_avg:402.32ms
step:1364/1645 train_time:548758ms step_avg:402.32ms
step:1365/1645 train_time:549161ms step_avg:402.32ms
step:1366/1645 train_time:549565ms step_avg:402.32ms
step:1367/1645 train_time:549965ms step_avg:402.32ms
step:1368/1645 train_time:550366ms step_avg:402.31ms
step:1369/1645 train_time:550769ms step_avg:402.31ms
step:1370/1645 train_time:551169ms step_avg:402.31ms
step:1371/1645 train_time:551570ms step_avg:402.31ms
step:1372/1645 train_time:551970ms step_avg:402.31ms
step:1373/1645 train_time:552369ms step_avg:402.31ms
step:1374/1645 train_time:552771ms step_avg:402.31ms
step:1375/1645 train_time:553170ms step_avg:402.31ms
step:1375/1645 val_loss:3.338256 train_time:553476ms step_avg:402.53ms
step:1376/1645 train_time:553741ms step_avg:402.43ms
step:1377/1645 train_time:554102ms step_avg:402.40ms
step:1378/1645 train_time:554499ms step_avg:402.39ms
step:1379/1645 train_time:554894ms step_avg:402.39ms
step:1380/1645 train_time:555298ms step_avg:402.39ms
step:1381/1645 train_time:555705ms step_avg:402.39ms
step:1382/1645 train_time:556105ms step_avg:402.39ms
step:1383/1645 train_time:556507ms step_avg:402.39ms
step:1384/1645 train_time:556907ms step_avg:402.39ms
step:1385/1645 train_time:557308ms step_avg:402.39ms
step:1386/1645 train_time:557712ms step_avg:402.39ms
step:1387/1645 train_time:558112ms step_avg:402.39ms
step:1388/1645 train_time:558511ms step_avg:402.39ms
step:1389/1645 train_time:558913ms step_avg:402.39ms
step:1390/1645 train_time:559318ms step_avg:402.39ms
step:1391/1645 train_time:559719ms step_avg:402.39ms
step:1392/1645 train_time:560120ms step_avg:402.39ms
step:1393/1645 train_time:560528ms step_avg:402.39ms
step:1394/1645 train_time:560923ms step_avg:402.38ms
step:1395/1645 train_time:561327ms step_avg:402.39ms
step:1396/1645 train_time:561723ms step_avg:402.38ms
step:1397/1645 train_time:562131ms step_avg:402.38ms
step:1398/1645 train_time:562532ms step_avg:402.38ms
step:1399/1645 train_time:562928ms step_avg:402.38ms
step:1400/1645 train_time:563324ms step_avg:402.37ms
step:1401/1645 train_time:563731ms step_avg:402.38ms
step:1402/1645 train_time:564134ms step_avg:402.38ms
step:1403/1645 train_time:564534ms step_avg:402.38ms
step:1404/1645 train_time:564939ms step_avg:402.38ms
step:1405/1645 train_time:565347ms step_avg:402.38ms
step:1406/1645 train_time:565740ms step_avg:402.38ms
step:1407/1645 train_time:566142ms step_avg:402.38ms
step:1408/1645 train_time:566546ms step_avg:402.38ms
step:1409/1645 train_time:566948ms step_avg:402.38ms
step:1410/1645 train_time:567349ms step_avg:402.38ms
step:1411/1645 train_time:567768ms step_avg:402.39ms
step:1412/1645 train_time:568155ms step_avg:402.38ms
step:1413/1645 train_time:568554ms step_avg:402.37ms
step:1414/1645 train_time:568960ms step_avg:402.38ms
step:1415/1645 train_time:569361ms step_avg:402.38ms
step:1416/1645 train_time:569758ms step_avg:402.37ms
step:1417/1645 train_time:570161ms step_avg:402.37ms
step:1418/1645 train_time:570561ms step_avg:402.37ms
step:1419/1645 train_time:570959ms step_avg:402.37ms
step:1420/1645 train_time:571365ms step_avg:402.37ms
step:1421/1645 train_time:571764ms step_avg:402.37ms
step:1422/1645 train_time:572158ms step_avg:402.36ms
step:1423/1645 train_time:572567ms step_avg:402.37ms
step:1424/1645 train_time:572973ms step_avg:402.37ms
step:1425/1645 train_time:573375ms step_avg:402.37ms
step:1426/1645 train_time:573777ms step_avg:402.37ms
step:1427/1645 train_time:574177ms step_avg:402.37ms
step:1428/1645 train_time:574600ms step_avg:402.38ms
step:1429/1645 train_time:575002ms step_avg:402.38ms
step:1430/1645 train_time:575408ms step_avg:402.38ms
step:1431/1645 train_time:575795ms step_avg:402.37ms
step:1432/1645 train_time:576214ms step_avg:402.38ms
step:1433/1645 train_time:576614ms step_avg:402.38ms
step:1434/1645 train_time:577016ms step_avg:402.38ms
step:1435/1645 train_time:577417ms step_avg:402.38ms
step:1436/1645 train_time:577817ms step_avg:402.38ms
step:1437/1645 train_time:578201ms step_avg:402.37ms
step:1438/1645 train_time:578602ms step_avg:402.37ms
step:1439/1645 train_time:579002ms step_avg:402.36ms
step:1440/1645 train_time:579423ms step_avg:402.38ms
step:1441/1645 train_time:579821ms step_avg:402.37ms
step:1442/1645 train_time:580223ms step_avg:402.37ms
step:1443/1645 train_time:580606ms step_avg:402.36ms
step:1444/1645 train_time:581025ms step_avg:402.37ms
step:1445/1645 train_time:581410ms step_avg:402.36ms
step:1446/1645 train_time:581813ms step_avg:402.36ms
step:1447/1645 train_time:582213ms step_avg:402.36ms
step:1448/1645 train_time:582612ms step_avg:402.36ms
step:1449/1645 train_time:583015ms step_avg:402.36ms
step:1450/1645 train_time:583415ms step_avg:402.36ms
step:1451/1645 train_time:583817ms step_avg:402.36ms
step:1452/1645 train_time:584220ms step_avg:402.36ms
step:1453/1645 train_time:584625ms step_avg:402.36ms
step:1454/1645 train_time:585026ms step_avg:402.36ms
step:1455/1645 train_time:585426ms step_avg:402.35ms
step:1456/1645 train_time:585832ms step_avg:402.36ms
step:1457/1645 train_time:586239ms step_avg:402.36ms
step:1458/1645 train_time:586637ms step_avg:402.36ms
step:1459/1645 train_time:587043ms step_avg:402.36ms
step:1460/1645 train_time:587446ms step_avg:402.36ms
step:1461/1645 train_time:587846ms step_avg:402.36ms
step:1462/1645 train_time:588245ms step_avg:402.36ms
step:1463/1645 train_time:588647ms step_avg:402.36ms
step:1464/1645 train_time:589053ms step_avg:402.36ms
step:1465/1645 train_time:589453ms step_avg:402.36ms
step:1466/1645 train_time:589855ms step_avg:402.36ms
step:1467/1645 train_time:590279ms step_avg:402.37ms
step:1468/1645 train_time:590670ms step_avg:402.36ms
step:1469/1645 train_time:591071ms step_avg:402.36ms
step:1470/1645 train_time:591476ms step_avg:402.36ms
step:1471/1645 train_time:591876ms step_avg:402.36ms
step:1472/1645 train_time:592284ms step_avg:402.37ms
step:1473/1645 train_time:592684ms step_avg:402.37ms
step:1474/1645 train_time:593087ms step_avg:402.37ms
step:1475/1645 train_time:593495ms step_avg:402.37ms
step:1476/1645 train_time:593899ms step_avg:402.37ms
step:1477/1645 train_time:594301ms step_avg:402.37ms
step:1478/1645 train_time:594706ms step_avg:402.37ms
step:1479/1645 train_time:595110ms step_avg:402.37ms
step:1480/1645 train_time:595510ms step_avg:402.37ms
step:1481/1645 train_time:595914ms step_avg:402.37ms
step:1482/1645 train_time:596317ms step_avg:402.37ms
step:1483/1645 train_time:596723ms step_avg:402.38ms
step:1484/1645 train_time:597125ms step_avg:402.38ms
step:1485/1645 train_time:597529ms step_avg:402.38ms
step:1486/1645 train_time:597930ms step_avg:402.38ms
step:1487/1645 train_time:598336ms step_avg:402.38ms
step:1488/1645 train_time:598741ms step_avg:402.38ms
step:1489/1645 train_time:599149ms step_avg:402.38ms
step:1490/1645 train_time:599549ms step_avg:402.38ms
step:1491/1645 train_time:599952ms step_avg:402.38ms
step:1492/1645 train_time:600356ms step_avg:402.38ms
step:1493/1645 train_time:600763ms step_avg:402.39ms
step:1494/1645 train_time:601163ms step_avg:402.39ms
step:1495/1645 train_time:601570ms step_avg:402.39ms
step:1496/1645 train_time:601971ms step_avg:402.39ms
step:1497/1645 train_time:602373ms step_avg:402.39ms
step:1498/1645 train_time:602777ms step_avg:402.39ms
step:1499/1645 train_time:603181ms step_avg:402.39ms
step:1500/1645 train_time:603580ms step_avg:402.39ms
step:1500/1645 val_loss:3.307959 train_time:603883ms step_avg:402.59ms
step:1501/1645 train_time:604152ms step_avg:402.50ms
step:1502/1645 train_time:604511ms step_avg:402.47ms
step:1503/1645 train_time:604916ms step_avg:402.47ms
step:1504/1645 train_time:605328ms step_avg:402.48ms
step:1505/1645 train_time:605734ms step_avg:402.48ms
step:1506/1645 train_time:606141ms step_avg:402.48ms
step:1507/1645 train_time:606545ms step_avg:402.48ms
step:1508/1645 train_time:606947ms step_avg:402.48ms
step:1509/1645 train_time:607350ms step_avg:402.48ms
step:1510/1645 train_time:607754ms step_avg:402.49ms
step:1511/1645 train_time:608160ms step_avg:402.49ms
step:1512/1645 train_time:608563ms step_avg:402.49ms
step:1513/1645 train_time:608963ms step_avg:402.49ms
step:1514/1645 train_time:609366ms step_avg:402.49ms
step:1515/1645 train_time:609770ms step_avg:402.49ms
step:1516/1645 train_time:610179ms step_avg:402.49ms
step:1517/1645 train_time:610580ms step_avg:402.49ms
step:1518/1645 train_time:610986ms step_avg:402.49ms
step:1519/1645 train_time:611403ms step_avg:402.50ms
step:1520/1645 train_time:611813ms step_avg:402.51ms
step:1521/1645 train_time:612216ms step_avg:402.51ms
step:1522/1645 train_time:612607ms step_avg:402.50ms
step:1523/1645 train_time:613006ms step_avg:402.50ms
step:1524/1645 train_time:613413ms step_avg:402.50ms
step:1525/1645 train_time:613819ms step_avg:402.50ms
step:1526/1645 train_time:614221ms step_avg:402.50ms
step:1527/1645 train_time:614627ms step_avg:402.51ms
step:1528/1645 train_time:615039ms step_avg:402.51ms
step:1529/1645 train_time:615440ms step_avg:402.51ms
step:1530/1645 train_time:615837ms step_avg:402.51ms
step:1531/1645 train_time:616240ms step_avg:402.51ms
step:1532/1645 train_time:616639ms step_avg:402.51ms
step:1533/1645 train_time:617042ms step_avg:402.51ms
step:1534/1645 train_time:617462ms step_avg:402.52ms
step:1535/1645 train_time:617848ms step_avg:402.51ms
step:1536/1645 train_time:618249ms step_avg:402.51ms
step:1537/1645 train_time:618653ms step_avg:402.51ms
step:1538/1645 train_time:619054ms step_avg:402.51ms
step:1539/1645 train_time:619462ms step_avg:402.51ms
step:1540/1645 train_time:619864ms step_avg:402.51ms
step:1541/1645 train_time:620268ms step_avg:402.51ms
step:1542/1645 train_time:620673ms step_avg:402.51ms
step:1543/1645 train_time:621085ms step_avg:402.52ms
step:1544/1645 train_time:621481ms step_avg:402.51ms
step:1545/1645 train_time:621887ms step_avg:402.52ms
step:1546/1645 train_time:622284ms step_avg:402.51ms
step:1547/1645 train_time:622685ms step_avg:402.51ms
step:1548/1645 train_time:623089ms step_avg:402.51ms
step:1549/1645 train_time:623500ms step_avg:402.52ms
step:1550/1645 train_time:623901ms step_avg:402.52ms
step:1551/1645 train_time:624309ms step_avg:402.52ms
step:1552/1645 train_time:624711ms step_avg:402.52ms
step:1553/1645 train_time:625112ms step_avg:402.52ms
step:1554/1645 train_time:625531ms step_avg:402.53ms
step:1555/1645 train_time:625932ms step_avg:402.53ms
step:1556/1645 train_time:626332ms step_avg:402.53ms
step:1557/1645 train_time:626737ms step_avg:402.53ms
step:1558/1645 train_time:627142ms step_avg:402.53ms
step:1559/1645 train_time:627545ms step_avg:402.53ms
step:1560/1645 train_time:627947ms step_avg:402.53ms
step:1561/1645 train_time:628350ms step_avg:402.53ms
step:1562/1645 train_time:628739ms step_avg:402.52ms
step:1563/1645 train_time:629144ms step_avg:402.52ms
step:1564/1645 train_time:629549ms step_avg:402.52ms
step:1565/1645 train_time:629950ms step_avg:402.52ms
step:1566/1645 train_time:630357ms step_avg:402.53ms
step:1567/1645 train_time:630757ms step_avg:402.53ms
step:1568/1645 train_time:631159ms step_avg:402.52ms
step:1569/1645 train_time:631560ms step_avg:402.52ms
step:1570/1645 train_time:631966ms step_avg:402.53ms
step:1571/1645 train_time:632368ms step_avg:402.53ms
step:1572/1645 train_time:632773ms step_avg:402.53ms
step:1573/1645 train_time:633177ms step_avg:402.53ms
step:1574/1645 train_time:633582ms step_avg:402.53ms
step:1575/1645 train_time:633987ms step_avg:402.53ms
step:1576/1645 train_time:634395ms step_avg:402.53ms
step:1577/1645 train_time:634796ms step_avg:402.53ms
step:1578/1645 train_time:635199ms step_avg:402.53ms
step:1579/1645 train_time:635603ms step_avg:402.53ms
step:1580/1645 train_time:636009ms step_avg:402.54ms
step:1581/1645 train_time:636413ms step_avg:402.54ms
step:1582/1645 train_time:636816ms step_avg:402.54ms
step:1583/1645 train_time:637221ms step_avg:402.54ms
step:1584/1645 train_time:637625ms step_avg:402.54ms
step:1585/1645 train_time:638028ms step_avg:402.54ms
step:1586/1645 train_time:638436ms step_avg:402.54ms
step:1587/1645 train_time:638838ms step_avg:402.54ms
step:1588/1645 train_time:639244ms step_avg:402.55ms
step:1589/1645 train_time:639644ms step_avg:402.55ms
step:1590/1645 train_time:640047ms step_avg:402.55ms
step:1591/1645 train_time:640453ms step_avg:402.55ms
step:1592/1645 train_time:640853ms step_avg:402.55ms
step:1593/1645 train_time:641253ms step_avg:402.54ms
step:1594/1645 train_time:641660ms step_avg:402.55ms
step:1595/1645 train_time:642066ms step_avg:402.55ms
step:1596/1645 train_time:642486ms step_avg:402.56ms
step:1597/1645 train_time:642877ms step_avg:402.55ms
step:1598/1645 train_time:643279ms step_avg:402.55ms
step:1599/1645 train_time:643684ms step_avg:402.55ms
step:1600/1645 train_time:644089ms step_avg:402.56ms
step:1601/1645 train_time:644493ms step_avg:402.56ms
step:1602/1645 train_time:644892ms step_avg:402.55ms
step:1603/1645 train_time:645295ms step_avg:402.55ms
step:1604/1645 train_time:645706ms step_avg:402.56ms
step:1605/1645 train_time:646111ms step_avg:402.56ms
step:1606/1645 train_time:646519ms step_avg:402.56ms
step:1607/1645 train_time:646920ms step_avg:402.56ms
step:1608/1645 train_time:647319ms step_avg:402.56ms
step:1609/1645 train_time:647721ms step_avg:402.56ms
step:1610/1645 train_time:648124ms step_avg:402.56ms
step:1611/1645 train_time:648532ms step_avg:402.56ms
step:1612/1645 train_time:648953ms step_avg:402.58ms
step:1613/1645 train_time:649360ms step_avg:402.58ms
step:1614/1645 train_time:649746ms step_avg:402.57ms
step:1615/1645 train_time:650149ms step_avg:402.57ms
step:1616/1645 train_time:650561ms step_avg:402.57ms
step:1617/1645 train_time:650961ms step_avg:402.57ms
step:1618/1645 train_time:651366ms step_avg:402.58ms
step:1619/1645 train_time:651770ms step_avg:402.58ms
step:1620/1645 train_time:652175ms step_avg:402.58ms
step:1621/1645 train_time:652580ms step_avg:402.58ms
step:1622/1645 train_time:652985ms step_avg:402.58ms
step:1623/1645 train_time:653387ms step_avg:402.58ms
step:1624/1645 train_time:653788ms step_avg:402.58ms
step:1625/1645 train_time:654194ms step_avg:402.58ms
step:1625/1645 val_loss:3.283855 train_time:654495ms step_avg:402.77ms
step:1626/1645 train_time:654787ms step_avg:402.70ms
step:1627/1645 train_time:655152ms step_avg:402.67ms
step:1628/1645 train_time:655554ms step_avg:402.67ms
step:1629/1645 train_time:655960ms step_avg:402.68ms
step:1630/1645 train_time:656363ms step_avg:402.68ms
step:1631/1645 train_time:656766ms step_avg:402.68ms
step:1632/1645 train_time:657171ms step_avg:402.68ms
step:1633/1645 train_time:657568ms step_avg:402.68ms
step:1634/1645 train_time:657974ms step_avg:402.68ms
step:1635/1645 train_time:658374ms step_avg:402.67ms
step:1636/1645 train_time:658779ms step_avg:402.68ms
step:1637/1645 train_time:659185ms step_avg:402.68ms
step:1638/1645 train_time:659589ms step_avg:402.68ms
step:1639/1645 train_time:659995ms step_avg:402.68ms
step:1640/1645 train_time:660398ms step_avg:402.68ms
step:1641/1645 train_time:660802ms step_avg:402.68ms
step:1642/1645 train_time:661210ms step_avg:402.69ms
step:1643/1645 train_time:661610ms step_avg:402.68ms
step:1644/1645 train_time:662016ms step_avg:402.69ms
step:1645/1645 train_time:662418ms step_avg:402.69ms
step:1645/1645 val_loss:3.277923 train_time:662716ms step_avg:402.87ms
peak memory allocated: 29381 MiB reserved: 32142 MiB
total training time: 662.72s (662716ms)
