W0525 14:12:15.781000 243 site-packages/torch/distributed/run.py:766] 
W0525 14:12:15.781000 243 site-packages/torch/distributed/run.py:766] *****************************************
W0525 14:12:15.781000 243 site-packages/torch/distributed/run.py:766] Setting OMP_NUM_THREADS environment variable for each process to be 1 in default, to avoid your system being overloaded, please further tune the variable for optimal performance in your application as needed. 
W0525 14:12:15.781000 243 site-packages/torch/distributed/run.py:766] *****************************************
/root/miniconda3/envs/llm_test/lib/python3.10/site-packages/torch/autograd/__init__.py:221: UserWarning: Cannot create tensor with interal format while allow_internel_format=False, tensor will be created with base format. (Triggered internally at build/CMakeFiles/torch_npu.dir/compiler_depend.ts:338.)
  torch.ones_like(out, memory_format=torch.preserve_format)
/root/miniconda3/envs/llm_test/lib/python3.10/site-packages/torch/autograd/__init__.py:221: UserWarning: Cannot create tensor with interal format while allow_internel_format=False, tensor will be created with base format. (Triggered internally at build/CMakeFiles/torch_npu.dir/compiler_depend.ts:338.)
  torch.ones_like(out, memory_format=torch.preserve_format)
/root/miniconda3/envs/llm_test/lib/python3.10/site-packages/torch/distributed/distributed_c10d.py:4631: UserWarning: No device id is provided via `init_process_group` or `barrier `. Using the current device set by the user. 
  warnings.warn(  # warn only once
/root/miniconda3/envs/llm_test/lib/python3.10/site-packages/torch/autograd/__init__.py:221: UserWarning: Cannot create tensor with interal format while allow_internel_format=False, tensor will be created with base format. (Triggered internally at build/CMakeFiles/torch_npu.dir/compiler_depend.ts:338.)
  torch.ones_like(out, memory_format=torch.preserve_format)
/root/miniconda3/envs/llm_test/lib/python3.10/site-packages/torch/autograd/__init__.py:221: UserWarning: Cannot create tensor with interal format while allow_internel_format=False, tensor will be created with base format. (Triggered internally at build/CMakeFiles/torch_npu.dir/compiler_depend.ts:338.)
  torch.ones_like(out, memory_format=torch.preserve_format)
/root/miniconda3/envs/llm_test/lib/python3.10/site-packages/torch/distributed/distributed_c10d.py:4631: UserWarning: No device id is provided via `init_process_group` or `barrier `. Using the current device set by the user. 
  warnings.warn(  # warn only once
/root/miniconda3/envs/llm_test/lib/python3.10/site-packages/torch/distributed/distributed_c10d.py:4631: UserWarning: No device id is provided via `init_process_group` or `barrier `. Using the current device set by the user. 
  warnings.warn(  # warn only once
/root/miniconda3/envs/llm_test/lib/python3.10/site-packages/torch/distributed/distributed_c10d.py:4631: UserWarning: No device id is provided via `init_process_group` or `barrier `. Using the current device set by the user. 
  warnings.warn(  # warn only once
/root/miniconda3/envs/llm_test/lib/python3.10/site-packages/torch/autograd/__init__.py:221: UserWarning: Cannot create tensor with interal format while allow_internel_format=False, tensor will be created with base format. (Triggered internally at build/CMakeFiles/torch_npu.dir/compiler_depend.ts:338.)
  torch.ones_like(out, memory_format=torch.preserve_format)
/root/miniconda3/envs/llm_test/lib/python3.10/site-packages/torch/autograd/__init__.py:221: UserWarning: Cannot create tensor with interal format while allow_internel_format=False, tensor will be created with base format. (Triggered internally at build/CMakeFiles/torch_npu.dir/compiler_depend.ts:338.)
  torch.ones_like(out, memory_format=torch.preserve_format)
/root/miniconda3/envs/llm_test/lib/python3.10/site-packages/torch/autograd/__init__.py:221: UserWarning: Cannot create tensor with interal format while allow_internel_format=False, tensor will be created with base format. (Triggered internally at build/CMakeFiles/torch_npu.dir/compiler_depend.ts:338.)
  torch.ones_like(out, memory_format=torch.preserve_format)
/root/miniconda3/envs/llm_test/lib/python3.10/site-packages/torch/autograd/__init__.py:221: UserWarning: Cannot create tensor with interal format while allow_internel_format=False, tensor will be created with base format. (Triggered internally at build/CMakeFiles/torch_npu.dir/compiler_depend.ts:338.)
  torch.ones_like(out, memory_format=torch.preserve_format)
/root/miniconda3/envs/llm_test/lib/python3.10/site-packages/torch/autograd/__init__.py:221: UserWarning: Cannot create tensor with interal format while allow_internel_format=False, tensor will be created with base format. (Triggered internally at build/CMakeFiles/torch_npu.dir/compiler_depend.ts:338.)
  torch.ones_like(out, memory_format=torch.preserve_format)
/root/miniconda3/envs/llm_test/lib/python3.10/site-packages/torch/autograd/__init__.py:221: UserWarning: Cannot create tensor with interal format while allow_internel_format=False, tensor will be created with base format. (Triggered internally at build/CMakeFiles/torch_npu.dir/compiler_depend.ts:338.)
  torch.ones_like(out, memory_format=torch.preserve_format)
/root/miniconda3/envs/llm_test/lib/python3.10/site-packages/torch/autograd/__init__.py:221: UserWarning: Cannot create tensor with interal format while allow_internel_format=False, tensor will be created with base format. (Triggered internally at build/CMakeFiles/torch_npu.dir/compiler_depend.ts:338.)
  torch.ones_like(out, memory_format=torch.preserve_format)
/root/miniconda3/envs/llm_test/lib/python3.10/site-packages/torch/autograd/__init__.py:221: UserWarning: Cannot create tensor with interal format while allow_internel_format=False, tensor will be created with base format. (Triggered internally at build/CMakeFiles/torch_npu.dir/compiler_depend.ts:338.)
  torch.ones_like(out, memory_format=torch.preserve_format)
/root/miniconda3/envs/llm_test/lib/python3.10/site-packages/torch/autograd/__init__.py:221: UserWarning: Cannot create tensor with interal format while allow_internel_format=False, tensor will be created with base format. (Triggered internally at build/CMakeFiles/torch_npu.dir/compiler_depend.ts:338.)
  torch.ones_like(out, memory_format=torch.preserve_format)
/root/miniconda3/envs/llm_test/lib/python3.10/site-packages/torch/autograd/__init__.py:221: UserWarning: Cannot create tensor with interal format while allow_internel_format=False, tensor will be created with base format. (Triggered internally at build/CMakeFiles/torch_npu.dir/compiler_depend.ts:338.)
  torch.ones_like(out, memory_format=torch.preserve_format)
/root/miniconda3/envs/llm_test/lib/python3.10/site-packages/torch/autograd/__init__.py:221: UserWarning: Cannot create tensor with interal format while allow_internel_format=False, tensor will be created with base format. (Triggered internally at build/CMakeFiles/torch_npu.dir/compiler_depend.ts:338.)
  torch.ones_like(out, memory_format=torch.preserve_format)
/root/miniconda3/envs/llm_test/lib/python3.10/site-packages/torch/autograd/__init__.py:221: UserWarning: Cannot create tensor with interal format while allow_internel_format=False, tensor will be created with base format. (Triggered internally at build/CMakeFiles/torch_npu.dir/compiler_depend.ts:338.)
  torch.ones_like(out, memory_format=torch.preserve_format)
/root/miniconda3/envs/llm_test/lib/python3.10/site-packages/torch/distributed/distributed_c10d.py:4631: UserWarning: No device id is provided via `init_process_group` or `barrier `. Using the current device set by the user. 
  warnings.warn(  # warn only once
/root/miniconda3/envs/llm_test/lib/python3.10/site-packages/torch/distributed/distributed_c10d.py:4631: UserWarning: No device id is provided via `init_process_group` or `barrier `. Using the current device set by the user. 
  warnings.warn(  # warn only once
/root/miniconda3/envs/llm_test/lib/python3.10/site-packages/torch/distributed/distributed_c10d.py:4631: UserWarning: No device id is provided via `init_process_group` or `barrier `. Using the current device set by the user. 
  warnings.warn(  # warn only once
/root/miniconda3/envs/llm_test/lib/python3.10/site-packages/torch/distributed/distributed_c10d.py:4631: UserWarning: No device id is provided via `init_process_group` or `barrier `. Using the current device set by the user. 
  warnings.warn(  # warn only once
/root/miniconda3/envs/llm_test/lib/python3.10/site-packages/torch/distributed/distributed_c10d.py:4631: UserWarning: No device id is provided via `init_process_group` or `barrier `. Using the current device set by the user. 
  warnings.warn(  # warn only once
/root/miniconda3/envs/llm_test/lib/python3.10/site-packages/torch/distributed/distributed_c10d.py:4631: UserWarning: No device id is provided via `init_process_group` or `barrier `. Using the current device set by the user. 
  warnings.warn(  # warn only once
/root/miniconda3/envs/llm_test/lib/python3.10/site-packages/torch/distributed/distributed_c10d.py:4631: UserWarning: No device id is provided via `init_process_group` or `barrier `. Using the current device set by the user. 
  warnings.warn(  # warn only once
/root/miniconda3/envs/llm_test/lib/python3.10/site-packages/torch/distributed/distributed_c10d.py:4631: UserWarning: No device id is provided via `init_process_group` or `barrier `. Using the current device set by the user. 
  warnings.warn(  # warn only once
/root/miniconda3/envs/llm_test/lib/python3.10/site-packages/torch/distributed/distributed_c10d.py:4631: UserWarning: No device id is provided via `init_process_group` or `barrier `. Using the current device set by the user. 
  warnings.warn(  # warn only once
/root/miniconda3/envs/llm_test/lib/python3.10/site-packages/torch/distributed/distributed_c10d.py:4631: UserWarning: No device id is provided via `init_process_group` or `barrier `. Using the current device set by the user. 
  warnings.warn(  # warn only once
/root/miniconda3/envs/llm_test/lib/python3.10/site-packages/torch/distributed/distributed_c10d.py:4631: UserWarning: No device id is provided via `init_process_group` or `barrier `. Using the current device set by the user. 
  warnings.warn(  # warn only once
/root/miniconda3/envs/llm_test/lib/python3.10/site-packages/torch/distributed/distributed_c10d.py:4631: UserWarning: No device id is provided via `init_process_group` or `barrier `. Using the current device set by the user. 
  warnings.warn(  # warn only once
logs/smear/abc82abc-0067-4c8b-94a5-bdc391adef5f
/root/miniconda3/envs/llm_test/lib/python3.10/site-packages/torch_npu/utils/storage.py:89: UserWarning: TypedStorage is deprecated. It will be removed in the future and UntypedStorage will be the only storage class. This should only matter to you if you are using storages directly.  To access UntypedStorage directly, use tensor.untyped_storage() instead of tensor.storage()
  if self.device.type != 'cpu':
step:0/1645 val_loss:10.825841 train_time:0ms step_avg:0.08ms
step:1/1645 train_time:1196ms step_avg:1195.90ms
step:2/1645 train_time:1301ms step_avg:650.47ms
step:3/1645 train_time:1701ms step_avg:566.89ms
step:4/1645 train_time:2099ms step_avg:524.66ms
step:5/1645 train_time:2501ms step_avg:500.17ms
step:6/1645 train_time:2905ms step_avg:484.09ms
step:7/1645 train_time:3305ms step_avg:472.14ms
step:8/1645 train_time:3705ms step_avg:463.17ms
step:9/1645 train_time:4109ms step_avg:456.56ms
step:10/1645 train_time:4515ms step_avg:451.47ms
step:11/1645 train_time:4911ms step_avg:446.44ms
step:12/1645 train_time:5316ms step_avg:442.96ms
step:13/1645 train_time:5716ms step_avg:439.70ms
step:14/1645 train_time:6120ms step_avg:437.13ms
step:15/1645 train_time:6519ms step_avg:434.59ms
step:16/1645 train_time:6924ms step_avg:432.78ms
step:17/1645 train_time:7325ms step_avg:430.90ms
step:18/1645 train_time:7724ms step_avg:429.10ms
step:19/1645 train_time:8125ms step_avg:427.62ms
step:20/1645 train_time:8527ms step_avg:426.36ms
step:21/1645 train_time:8926ms step_avg:425.04ms
step:22/1645 train_time:9329ms step_avg:424.07ms
step:23/1645 train_time:9729ms step_avg:423.01ms
step:24/1645 train_time:10131ms step_avg:422.12ms
step:25/1645 train_time:10530ms step_avg:421.22ms
step:26/1645 train_time:10932ms step_avg:420.44ms
step:27/1645 train_time:11337ms step_avg:419.90ms
step:28/1645 train_time:11737ms step_avg:419.18ms
step:29/1645 train_time:12140ms step_avg:418.61ms
step:30/1645 train_time:12538ms step_avg:417.93ms
step:31/1645 train_time:12939ms step_avg:417.39ms
step:32/1645 train_time:13340ms step_avg:416.86ms
step:33/1645 train_time:13739ms step_avg:416.34ms
step:34/1645 train_time:14141ms step_avg:415.92ms
step:35/1645 train_time:14542ms step_avg:415.49ms
step:36/1645 train_time:14938ms step_avg:414.95ms
step:37/1645 train_time:15338ms step_avg:414.54ms
step:38/1645 train_time:15737ms step_avg:414.12ms
step:39/1645 train_time:16140ms step_avg:413.84ms
step:40/1645 train_time:16543ms step_avg:413.56ms
step:41/1645 train_time:16944ms step_avg:413.28ms
step:42/1645 train_time:17343ms step_avg:412.92ms
step:43/1645 train_time:17744ms step_avg:412.66ms
step:44/1645 train_time:18147ms step_avg:412.43ms
step:45/1645 train_time:18553ms step_avg:412.29ms
step:46/1645 train_time:18953ms step_avg:412.02ms
step:47/1645 train_time:19354ms step_avg:411.78ms
step:48/1645 train_time:19752ms step_avg:411.51ms
step:49/1645 train_time:20156ms step_avg:411.35ms
step:50/1645 train_time:20556ms step_avg:411.12ms
step:51/1645 train_time:20958ms step_avg:410.94ms
step:52/1645 train_time:21360ms step_avg:410.77ms
step:53/1645 train_time:21763ms step_avg:410.62ms
step:54/1645 train_time:22168ms step_avg:410.52ms
step:55/1645 train_time:22564ms step_avg:410.26ms
step:56/1645 train_time:22963ms step_avg:410.06ms
step:57/1645 train_time:23364ms step_avg:409.89ms
step:58/1645 train_time:23768ms step_avg:409.80ms
step:59/1645 train_time:24169ms step_avg:409.64ms
step:60/1645 train_time:24569ms step_avg:409.48ms
step:61/1645 train_time:24966ms step_avg:409.28ms
step:62/1645 train_time:25368ms step_avg:409.17ms
step:63/1645 train_time:25778ms step_avg:409.17ms
step:64/1645 train_time:26175ms step_avg:408.98ms
step:65/1645 train_time:26578ms step_avg:408.89ms
step:66/1645 train_time:26976ms step_avg:408.73ms
step:67/1645 train_time:27373ms step_avg:408.55ms
step:68/1645 train_time:27772ms step_avg:408.41ms
step:69/1645 train_time:28178ms step_avg:408.38ms
step:70/1645 train_time:28583ms step_avg:408.32ms
step:71/1645 train_time:28983ms step_avg:408.22ms
step:72/1645 train_time:29384ms step_avg:408.12ms
step:73/1645 train_time:29786ms step_avg:408.03ms
step:74/1645 train_time:30188ms step_avg:407.94ms
step:75/1645 train_time:30592ms step_avg:407.89ms
step:76/1645 train_time:30990ms step_avg:407.77ms
step:77/1645 train_time:31392ms step_avg:407.69ms
step:78/1645 train_time:31795ms step_avg:407.63ms
step:79/1645 train_time:32193ms step_avg:407.50ms
step:80/1645 train_time:32600ms step_avg:407.50ms
step:81/1645 train_time:32995ms step_avg:407.35ms
step:82/1645 train_time:33399ms step_avg:407.31ms
step:83/1645 train_time:33805ms step_avg:407.29ms
step:84/1645 train_time:34221ms step_avg:407.40ms
step:85/1645 train_time:34605ms step_avg:407.12ms
step:86/1645 train_time:35015ms step_avg:407.16ms
step:87/1645 train_time:35412ms step_avg:407.04ms
step:88/1645 train_time:35819ms step_avg:407.03ms
step:89/1645 train_time:36226ms step_avg:407.03ms
step:90/1645 train_time:36622ms step_avg:406.91ms
step:91/1645 train_time:37024ms step_avg:406.85ms
step:92/1645 train_time:37424ms step_avg:406.78ms
step:93/1645 train_time:37823ms step_avg:406.70ms
step:94/1645 train_time:38227ms step_avg:406.67ms
step:95/1645 train_time:38627ms step_avg:406.60ms
step:96/1645 train_time:39045ms step_avg:406.72ms
step:97/1645 train_time:39442ms step_avg:406.62ms
step:98/1645 train_time:39850ms step_avg:406.63ms
step:99/1645 train_time:40236ms step_avg:406.42ms
step:100/1645 train_time:40635ms step_avg:406.35ms
step:101/1645 train_time:41036ms step_avg:406.30ms
step:102/1645 train_time:41437ms step_avg:406.24ms
step:103/1645 train_time:41836ms step_avg:406.17ms
step:104/1645 train_time:42237ms step_avg:406.12ms
step:105/1645 train_time:42635ms step_avg:406.05ms
step:106/1645 train_time:43036ms step_avg:406.00ms
step:107/1645 train_time:43436ms step_avg:405.94ms
step:108/1645 train_time:43838ms step_avg:405.91ms
step:109/1645 train_time:44240ms step_avg:405.87ms
step:110/1645 train_time:44633ms step_avg:405.76ms
step:111/1645 train_time:45039ms step_avg:405.76ms
step:112/1645 train_time:45440ms step_avg:405.71ms
step:113/1645 train_time:45845ms step_avg:405.71ms
step:114/1645 train_time:46246ms step_avg:405.66ms
step:115/1645 train_time:46648ms step_avg:405.63ms
step:116/1645 train_time:47045ms step_avg:405.56ms
step:117/1645 train_time:47452ms step_avg:405.57ms
step:118/1645 train_time:47855ms step_avg:405.55ms
step:119/1645 train_time:48251ms step_avg:405.47ms
step:120/1645 train_time:48654ms step_avg:405.45ms
step:121/1645 train_time:49060ms step_avg:405.45ms
step:122/1645 train_time:49459ms step_avg:405.40ms
step:123/1645 train_time:49859ms step_avg:405.36ms
step:124/1645 train_time:50258ms step_avg:405.31ms
step:125/1645 train_time:50659ms step_avg:405.27ms
step:125/1645 val_loss:4.330019 train_time:50957ms step_avg:407.66ms
step:126/1645 train_time:51226ms step_avg:406.56ms
step:127/1645 train_time:51598ms step_avg:406.29ms
step:128/1645 train_time:52000ms step_avg:406.25ms
step:129/1645 train_time:52391ms step_avg:406.13ms
step:130/1645 train_time:52796ms step_avg:406.13ms
step:131/1645 train_time:53198ms step_avg:406.09ms
step:132/1645 train_time:53599ms step_avg:406.05ms
step:133/1645 train_time:53998ms step_avg:406.00ms
step:134/1645 train_time:54393ms step_avg:405.92ms
step:135/1645 train_time:54793ms step_avg:405.87ms
step:136/1645 train_time:55192ms step_avg:405.82ms
step:137/1645 train_time:55593ms step_avg:405.79ms
step:138/1645 train_time:55993ms step_avg:405.75ms
step:139/1645 train_time:56398ms step_avg:405.74ms
step:140/1645 train_time:56797ms step_avg:405.69ms
step:141/1645 train_time:57202ms step_avg:405.69ms
step:142/1645 train_time:57603ms step_avg:405.65ms
step:143/1645 train_time:58007ms step_avg:405.64ms
step:144/1645 train_time:58405ms step_avg:405.59ms
step:145/1645 train_time:58803ms step_avg:405.54ms
step:146/1645 train_time:59212ms step_avg:405.56ms
step:147/1645 train_time:59603ms step_avg:405.46ms
step:148/1645 train_time:60006ms step_avg:405.44ms
step:149/1645 train_time:60405ms step_avg:405.40ms
step:150/1645 train_time:60804ms step_avg:405.36ms
step:151/1645 train_time:61206ms step_avg:405.34ms
step:152/1645 train_time:61607ms step_avg:405.31ms
step:153/1645 train_time:62007ms step_avg:405.28ms
step:154/1645 train_time:62409ms step_avg:405.25ms
step:155/1645 train_time:62807ms step_avg:405.20ms
step:156/1645 train_time:63208ms step_avg:405.18ms
step:157/1645 train_time:63613ms step_avg:405.18ms
step:158/1645 train_time:64011ms step_avg:405.13ms
step:159/1645 train_time:64417ms step_avg:405.14ms
step:160/1645 train_time:64815ms step_avg:405.09ms
step:161/1645 train_time:65210ms step_avg:405.03ms
step:162/1645 train_time:65615ms step_avg:405.03ms
step:163/1645 train_time:66016ms step_avg:405.01ms
step:164/1645 train_time:66418ms step_avg:404.99ms
step:165/1645 train_time:66825ms step_avg:405.00ms
step:166/1645 train_time:67226ms step_avg:404.97ms
step:167/1645 train_time:67627ms step_avg:404.95ms
step:168/1645 train_time:68029ms step_avg:404.93ms
step:169/1645 train_time:68432ms step_avg:404.92ms
step:170/1645 train_time:68826ms step_avg:404.86ms
step:171/1645 train_time:69224ms step_avg:404.82ms
step:172/1645 train_time:69624ms step_avg:404.79ms
step:173/1645 train_time:70028ms step_avg:404.79ms
step:174/1645 train_time:70431ms step_avg:404.78ms
step:175/1645 train_time:70831ms step_avg:404.75ms
step:176/1645 train_time:71236ms step_avg:404.75ms
step:177/1645 train_time:71640ms step_avg:404.74ms
step:178/1645 train_time:72035ms step_avg:404.69ms
step:179/1645 train_time:72433ms step_avg:404.65ms
step:180/1645 train_time:72830ms step_avg:404.61ms
step:181/1645 train_time:73235ms step_avg:404.61ms
step:182/1645 train_time:73642ms step_avg:404.62ms
step:183/1645 train_time:74044ms step_avg:404.61ms
step:184/1645 train_time:74444ms step_avg:404.59ms
step:185/1645 train_time:74843ms step_avg:404.55ms
step:186/1645 train_time:75241ms step_avg:404.52ms
step:187/1645 train_time:75636ms step_avg:404.47ms
step:188/1645 train_time:76040ms step_avg:404.47ms
step:189/1645 train_time:76439ms step_avg:404.44ms
step:190/1645 train_time:76843ms step_avg:404.44ms
step:191/1645 train_time:77239ms step_avg:404.39ms
step:192/1645 train_time:77641ms step_avg:404.38ms
step:193/1645 train_time:78043ms step_avg:404.37ms
step:194/1645 train_time:78443ms step_avg:404.35ms
step:195/1645 train_time:78845ms step_avg:404.33ms
step:196/1645 train_time:79249ms step_avg:404.33ms
step:197/1645 train_time:79658ms step_avg:404.36ms
step:198/1645 train_time:80053ms step_avg:404.31ms
step:199/1645 train_time:80454ms step_avg:404.29ms
step:200/1645 train_time:80853ms step_avg:404.27ms
step:201/1645 train_time:81250ms step_avg:404.23ms
step:202/1645 train_time:81652ms step_avg:404.22ms
step:203/1645 train_time:82053ms step_avg:404.20ms
step:204/1645 train_time:82456ms step_avg:404.20ms
step:205/1645 train_time:82853ms step_avg:404.16ms
step:206/1645 train_time:83258ms step_avg:404.16ms
step:207/1645 train_time:83657ms step_avg:404.14ms
step:208/1645 train_time:84060ms step_avg:404.13ms
step:209/1645 train_time:84460ms step_avg:404.11ms
step:210/1645 train_time:84861ms step_avg:404.10ms
step:211/1645 train_time:85264ms step_avg:404.09ms
step:212/1645 train_time:85668ms step_avg:404.09ms
step:213/1645 train_time:86071ms step_avg:404.09ms
step:214/1645 train_time:86468ms step_avg:404.06ms
step:215/1645 train_time:86867ms step_avg:404.03ms
step:216/1645 train_time:87265ms step_avg:404.01ms
step:217/1645 train_time:87668ms step_avg:404.00ms
step:218/1645 train_time:88070ms step_avg:403.99ms
step:219/1645 train_time:88470ms step_avg:403.97ms
step:220/1645 train_time:88869ms step_avg:403.95ms
step:221/1645 train_time:89266ms step_avg:403.92ms
step:222/1645 train_time:89669ms step_avg:403.91ms
step:223/1645 train_time:90065ms step_avg:403.88ms
step:224/1645 train_time:90464ms step_avg:403.86ms
step:225/1645 train_time:90864ms step_avg:403.84ms
step:226/1645 train_time:91267ms step_avg:403.84ms
step:227/1645 train_time:91668ms step_avg:403.82ms
step:228/1645 train_time:92070ms step_avg:403.82ms
step:229/1645 train_time:92473ms step_avg:403.81ms
step:230/1645 train_time:92870ms step_avg:403.78ms
step:231/1645 train_time:93277ms step_avg:403.80ms
step:232/1645 train_time:93673ms step_avg:403.76ms
step:233/1645 train_time:94073ms step_avg:403.75ms
step:234/1645 train_time:94471ms step_avg:403.72ms
step:235/1645 train_time:94878ms step_avg:403.73ms
step:236/1645 train_time:95279ms step_avg:403.73ms
step:237/1645 train_time:95677ms step_avg:403.70ms
step:238/1645 train_time:96078ms step_avg:403.69ms
step:239/1645 train_time:96477ms step_avg:403.67ms
step:240/1645 train_time:96875ms step_avg:403.65ms
step:241/1645 train_time:97275ms step_avg:403.63ms
step:242/1645 train_time:97675ms step_avg:403.62ms
step:243/1645 train_time:98087ms step_avg:403.65ms
step:244/1645 train_time:98470ms step_avg:403.56ms
step:245/1645 train_time:98878ms step_avg:403.58ms
step:246/1645 train_time:99275ms step_avg:403.56ms
step:247/1645 train_time:99677ms step_avg:403.55ms
step:248/1645 train_time:100077ms step_avg:403.54ms
step:249/1645 train_time:100485ms step_avg:403.56ms
step:250/1645 train_time:100883ms step_avg:403.53ms
step:250/1645 val_loss:3.969844 train_time:101185ms step_avg:404.74ms
step:251/1645 train_time:101470ms step_avg:404.26ms
step:252/1645 train_time:101826ms step_avg:404.07ms
step:253/1645 train_time:102230ms step_avg:404.07ms
step:254/1645 train_time:102637ms step_avg:404.08ms
step:255/1645 train_time:103037ms step_avg:404.07ms
step:256/1645 train_time:103433ms step_avg:404.04ms
step:257/1645 train_time:103838ms step_avg:404.04ms
step:258/1645 train_time:104241ms step_avg:404.04ms
step:259/1645 train_time:104645ms step_avg:404.03ms
step:260/1645 train_time:105048ms step_avg:404.03ms
step:261/1645 train_time:105453ms step_avg:404.03ms
step:262/1645 train_time:105852ms step_avg:404.01ms
step:263/1645 train_time:106252ms step_avg:404.00ms
step:264/1645 train_time:106649ms step_avg:403.97ms
step:265/1645 train_time:107048ms step_avg:403.95ms
step:266/1645 train_time:107445ms step_avg:403.93ms
step:267/1645 train_time:107843ms step_avg:403.91ms
step:268/1645 train_time:108241ms step_avg:403.88ms
step:269/1645 train_time:108646ms step_avg:403.89ms
step:270/1645 train_time:109044ms step_avg:403.87ms
step:271/1645 train_time:109446ms step_avg:403.86ms
step:272/1645 train_time:109843ms step_avg:403.84ms
step:273/1645 train_time:110247ms step_avg:403.83ms
step:274/1645 train_time:110645ms step_avg:403.81ms
step:275/1645 train_time:111048ms step_avg:403.81ms
step:276/1645 train_time:111444ms step_avg:403.78ms
step:277/1645 train_time:111843ms step_avg:403.77ms
step:278/1645 train_time:112243ms step_avg:403.75ms
step:279/1645 train_time:112645ms step_avg:403.74ms
step:280/1645 train_time:113047ms step_avg:403.74ms
step:281/1645 train_time:113445ms step_avg:403.72ms
step:282/1645 train_time:113851ms step_avg:403.73ms
step:283/1645 train_time:114248ms step_avg:403.70ms
step:284/1645 train_time:114651ms step_avg:403.70ms
step:285/1645 train_time:115053ms step_avg:403.70ms
step:286/1645 train_time:115452ms step_avg:403.68ms
step:287/1645 train_time:115849ms step_avg:403.65ms
step:288/1645 train_time:116255ms step_avg:403.66ms
step:289/1645 train_time:116654ms step_avg:403.65ms
step:290/1645 train_time:117059ms step_avg:403.65ms
step:291/1645 train_time:117458ms step_avg:403.63ms
step:292/1645 train_time:117869ms step_avg:403.66ms
step:293/1645 train_time:118259ms step_avg:403.62ms
step:294/1645 train_time:118665ms step_avg:403.62ms
step:295/1645 train_time:119064ms step_avg:403.61ms
step:296/1645 train_time:119464ms step_avg:403.59ms
step:297/1645 train_time:119866ms step_avg:403.59ms
step:298/1645 train_time:120269ms step_avg:403.59ms
step:299/1645 train_time:120667ms step_avg:403.57ms
step:300/1645 train_time:121070ms step_avg:403.57ms
step:301/1645 train_time:121467ms step_avg:403.54ms
step:302/1645 train_time:121868ms step_avg:403.54ms
step:303/1645 train_time:122272ms step_avg:403.54ms
step:304/1645 train_time:122675ms step_avg:403.54ms
step:305/1645 train_time:123077ms step_avg:403.53ms
step:306/1645 train_time:123475ms step_avg:403.51ms
step:307/1645 train_time:123873ms step_avg:403.50ms
step:308/1645 train_time:124276ms step_avg:403.49ms
step:309/1645 train_time:124676ms step_avg:403.48ms
step:310/1645 train_time:125076ms step_avg:403.47ms
step:311/1645 train_time:125479ms step_avg:403.47ms
step:312/1645 train_time:125883ms step_avg:403.47ms
step:313/1645 train_time:126281ms step_avg:403.45ms
step:314/1645 train_time:126683ms step_avg:403.45ms
step:315/1645 train_time:127087ms step_avg:403.45ms
step:316/1645 train_time:127491ms step_avg:403.45ms
step:317/1645 train_time:127892ms step_avg:403.44ms
step:318/1645 train_time:128297ms step_avg:403.45ms
step:319/1645 train_time:128694ms step_avg:403.43ms
step:320/1645 train_time:129093ms step_avg:403.42ms
step:321/1645 train_time:129498ms step_avg:403.42ms
step:322/1645 train_time:129900ms step_avg:403.41ms
step:323/1645 train_time:130301ms step_avg:403.41ms
step:324/1645 train_time:130696ms step_avg:403.38ms
step:325/1645 train_time:131097ms step_avg:403.38ms
step:326/1645 train_time:131497ms step_avg:403.36ms
step:327/1645 train_time:131898ms step_avg:403.36ms
step:328/1645 train_time:132297ms step_avg:403.34ms
step:329/1645 train_time:132699ms step_avg:403.34ms
step:330/1645 train_time:133101ms step_avg:403.34ms
step:331/1645 train_time:133499ms step_avg:403.32ms
step:332/1645 train_time:133896ms step_avg:403.30ms
step:333/1645 train_time:134297ms step_avg:403.30ms
step:334/1645 train_time:134699ms step_avg:403.29ms
step:335/1645 train_time:135099ms step_avg:403.28ms
step:336/1645 train_time:135499ms step_avg:403.27ms
step:337/1645 train_time:135898ms step_avg:403.26ms
step:338/1645 train_time:136295ms step_avg:403.24ms
step:339/1645 train_time:136703ms step_avg:403.25ms
step:340/1645 train_time:137099ms step_avg:403.23ms
step:341/1645 train_time:137499ms step_avg:403.22ms
step:342/1645 train_time:137898ms step_avg:403.21ms
step:343/1645 train_time:138297ms step_avg:403.20ms
step:344/1645 train_time:138709ms step_avg:403.23ms
step:345/1645 train_time:139110ms step_avg:403.22ms
step:346/1645 train_time:139510ms step_avg:403.21ms
step:347/1645 train_time:139912ms step_avg:403.20ms
step:348/1645 train_time:140311ms step_avg:403.19ms
step:349/1645 train_time:140711ms step_avg:403.18ms
step:350/1645 train_time:141111ms step_avg:403.17ms
step:351/1645 train_time:141513ms step_avg:403.17ms
step:352/1645 train_time:141914ms step_avg:403.16ms
step:353/1645 train_time:142313ms step_avg:403.15ms
step:354/1645 train_time:142713ms step_avg:403.14ms
step:355/1645 train_time:143112ms step_avg:403.13ms
step:356/1645 train_time:143513ms step_avg:403.13ms
step:357/1645 train_time:143911ms step_avg:403.11ms
step:358/1645 train_time:144310ms step_avg:403.10ms
step:359/1645 train_time:144714ms step_avg:403.10ms
step:360/1645 train_time:145113ms step_avg:403.09ms
step:361/1645 train_time:145514ms step_avg:403.08ms
step:362/1645 train_time:145916ms step_avg:403.08ms
step:363/1645 train_time:146316ms step_avg:403.07ms
step:364/1645 train_time:146721ms step_avg:403.08ms
step:365/1645 train_time:147120ms step_avg:403.07ms
step:366/1645 train_time:147522ms step_avg:403.06ms
step:367/1645 train_time:147926ms step_avg:403.07ms
step:368/1645 train_time:148324ms step_avg:403.05ms
step:369/1645 train_time:148726ms step_avg:403.05ms
step:370/1645 train_time:149124ms step_avg:403.04ms
step:371/1645 train_time:149525ms step_avg:403.03ms
step:372/1645 train_time:149931ms step_avg:403.04ms
step:373/1645 train_time:150330ms step_avg:403.03ms
step:374/1645 train_time:150734ms step_avg:403.03ms
step:375/1645 train_time:151134ms step_avg:403.02ms
step:375/1645 val_loss:3.817239 train_time:151439ms step_avg:403.84ms
step:376/1645 train_time:151709ms step_avg:403.48ms
step:377/1645 train_time:152053ms step_avg:403.32ms
step:378/1645 train_time:152453ms step_avg:403.32ms
step:379/1645 train_time:152862ms step_avg:403.33ms
step:380/1645 train_time:153260ms step_avg:403.32ms
step:381/1645 train_time:153659ms step_avg:403.30ms
step:382/1645 train_time:154059ms step_avg:403.30ms
step:383/1645 train_time:154464ms step_avg:403.30ms
step:384/1645 train_time:154866ms step_avg:403.30ms
step:385/1645 train_time:155260ms step_avg:403.27ms
step:386/1645 train_time:155673ms step_avg:403.30ms
step:387/1645 train_time:156075ms step_avg:403.29ms
step:388/1645 train_time:156474ms step_avg:403.28ms
step:389/1645 train_time:156876ms step_avg:403.28ms
step:390/1645 train_time:157282ms step_avg:403.29ms
step:391/1645 train_time:157680ms step_avg:403.27ms
step:392/1645 train_time:158085ms step_avg:403.28ms
step:393/1645 train_time:158483ms step_avg:403.27ms
step:394/1645 train_time:158886ms step_avg:403.26ms
step:395/1645 train_time:159290ms step_avg:403.27ms
step:396/1645 train_time:159691ms step_avg:403.26ms
step:397/1645 train_time:160088ms step_avg:403.24ms
step:398/1645 train_time:160493ms step_avg:403.25ms
step:399/1645 train_time:160891ms step_avg:403.24ms
step:400/1645 train_time:161293ms step_avg:403.23ms
step:401/1645 train_time:161694ms step_avg:403.23ms
step:402/1645 train_time:162098ms step_avg:403.23ms
step:403/1645 train_time:162497ms step_avg:403.22ms
step:404/1645 train_time:162897ms step_avg:403.21ms
step:405/1645 train_time:163298ms step_avg:403.21ms
step:406/1645 train_time:163697ms step_avg:403.20ms
step:407/1645 train_time:164098ms step_avg:403.19ms
step:408/1645 train_time:164500ms step_avg:403.19ms
step:409/1645 train_time:164901ms step_avg:403.18ms
step:410/1645 train_time:165302ms step_avg:403.18ms
step:411/1645 train_time:165706ms step_avg:403.18ms
step:412/1645 train_time:166103ms step_avg:403.16ms
step:413/1645 train_time:166501ms step_avg:403.15ms
step:414/1645 train_time:166904ms step_avg:403.15ms
step:415/1645 train_time:167309ms step_avg:403.15ms
step:416/1645 train_time:167706ms step_avg:403.14ms
step:417/1645 train_time:168111ms step_avg:403.14ms
step:418/1645 train_time:168509ms step_avg:403.13ms
step:419/1645 train_time:168922ms step_avg:403.16ms
step:420/1645 train_time:169321ms step_avg:403.15ms
step:421/1645 train_time:169708ms step_avg:403.11ms
step:422/1645 train_time:170109ms step_avg:403.10ms
step:423/1645 train_time:170512ms step_avg:403.10ms
step:424/1645 train_time:170912ms step_avg:403.09ms
step:425/1645 train_time:171314ms step_avg:403.09ms
step:426/1645 train_time:171718ms step_avg:403.09ms
step:427/1645 train_time:172119ms step_avg:403.09ms
step:428/1645 train_time:172522ms step_avg:403.09ms
step:429/1645 train_time:172928ms step_avg:403.10ms
step:430/1645 train_time:173331ms step_avg:403.10ms
step:431/1645 train_time:173731ms step_avg:403.09ms
step:432/1645 train_time:174137ms step_avg:403.09ms
step:433/1645 train_time:174539ms step_avg:403.09ms
step:434/1645 train_time:174944ms step_avg:403.10ms
step:435/1645 train_time:175343ms step_avg:403.09ms
step:436/1645 train_time:175733ms step_avg:403.06ms
step:437/1645 train_time:176135ms step_avg:403.06ms
step:438/1645 train_time:176532ms step_avg:403.04ms
step:439/1645 train_time:176934ms step_avg:403.04ms
step:440/1645 train_time:177337ms step_avg:403.04ms
step:441/1645 train_time:177751ms step_avg:403.06ms
step:442/1645 train_time:178140ms step_avg:403.03ms
step:443/1645 train_time:178543ms step_avg:403.03ms
step:444/1645 train_time:178941ms step_avg:403.02ms
step:445/1645 train_time:179346ms step_avg:403.03ms
step:446/1645 train_time:179746ms step_avg:403.02ms
step:447/1645 train_time:180144ms step_avg:403.01ms
step:448/1645 train_time:180544ms step_avg:403.00ms
step:449/1645 train_time:180948ms step_avg:403.00ms
step:450/1645 train_time:181349ms step_avg:403.00ms
step:451/1645 train_time:181749ms step_avg:402.99ms
step:452/1645 train_time:182151ms step_avg:402.99ms
step:453/1645 train_time:182552ms step_avg:402.98ms
step:454/1645 train_time:182952ms step_avg:402.98ms
step:455/1645 train_time:183351ms step_avg:402.97ms
step:456/1645 train_time:183749ms step_avg:402.96ms
step:457/1645 train_time:184150ms step_avg:402.95ms
step:458/1645 train_time:184546ms step_avg:402.94ms
step:459/1645 train_time:184944ms step_avg:402.93ms
step:460/1645 train_time:185359ms step_avg:402.95ms
step:461/1645 train_time:185764ms step_avg:402.96ms
step:462/1645 train_time:186146ms step_avg:402.91ms
step:463/1645 train_time:186552ms step_avg:402.92ms
step:464/1645 train_time:186953ms step_avg:402.92ms
step:465/1645 train_time:187349ms step_avg:402.90ms
step:466/1645 train_time:187746ms step_avg:402.89ms
step:467/1645 train_time:188154ms step_avg:402.90ms
step:468/1645 train_time:188552ms step_avg:402.89ms
step:469/1645 train_time:188954ms step_avg:402.89ms
step:470/1645 train_time:189354ms step_avg:402.88ms
step:471/1645 train_time:189755ms step_avg:402.88ms
step:472/1645 train_time:190155ms step_avg:402.87ms
step:473/1645 train_time:190557ms step_avg:402.87ms
step:474/1645 train_time:190955ms step_avg:402.86ms
step:475/1645 train_time:191353ms step_avg:402.85ms
step:476/1645 train_time:191757ms step_avg:402.85ms
step:477/1645 train_time:192157ms step_avg:402.85ms
step:478/1645 train_time:192556ms step_avg:402.84ms
step:479/1645 train_time:192956ms step_avg:402.83ms
step:480/1645 train_time:193357ms step_avg:402.83ms
step:481/1645 train_time:193761ms step_avg:402.83ms
step:482/1645 train_time:194163ms step_avg:402.83ms
step:483/1645 train_time:194564ms step_avg:402.82ms
step:484/1645 train_time:194962ms step_avg:402.81ms
step:485/1645 train_time:195364ms step_avg:402.81ms
step:486/1645 train_time:195765ms step_avg:402.81ms
step:487/1645 train_time:196167ms step_avg:402.81ms
step:488/1645 train_time:196569ms step_avg:402.80ms
step:489/1645 train_time:196970ms step_avg:402.80ms
step:490/1645 train_time:197369ms step_avg:402.79ms
step:491/1645 train_time:197773ms step_avg:402.80ms
step:492/1645 train_time:198170ms step_avg:402.78ms
step:493/1645 train_time:198574ms step_avg:402.79ms
step:494/1645 train_time:198970ms step_avg:402.77ms
step:495/1645 train_time:199371ms step_avg:402.77ms
step:496/1645 train_time:199771ms step_avg:402.76ms
step:497/1645 train_time:200173ms step_avg:402.76ms
step:498/1645 train_time:200577ms step_avg:402.77ms
step:499/1645 train_time:200979ms step_avg:402.76ms
step:500/1645 train_time:201383ms step_avg:402.77ms
step:500/1645 val_loss:3.711985 train_time:201684ms step_avg:403.37ms
step:501/1645 train_time:201940ms step_avg:403.07ms
step:502/1645 train_time:202298ms step_avg:402.98ms
step:503/1645 train_time:202700ms step_avg:402.98ms
step:504/1645 train_time:203101ms step_avg:402.98ms
step:505/1645 train_time:203503ms step_avg:402.98ms
step:506/1645 train_time:203902ms step_avg:402.97ms
step:507/1645 train_time:204300ms step_avg:402.96ms
step:508/1645 train_time:204700ms step_avg:402.95ms
step:509/1645 train_time:205098ms step_avg:402.94ms
step:510/1645 train_time:205498ms step_avg:402.94ms
step:511/1645 train_time:205902ms step_avg:402.94ms
step:512/1645 train_time:206305ms step_avg:402.94ms
step:513/1645 train_time:206709ms step_avg:402.94ms
step:514/1645 train_time:207113ms step_avg:402.94ms
step:515/1645 train_time:207511ms step_avg:402.93ms
step:516/1645 train_time:207911ms step_avg:402.93ms
step:517/1645 train_time:208306ms step_avg:402.91ms
step:518/1645 train_time:208709ms step_avg:402.91ms
step:519/1645 train_time:209106ms step_avg:402.90ms
step:520/1645 train_time:209507ms step_avg:402.90ms
step:521/1645 train_time:209910ms step_avg:402.90ms
step:522/1645 train_time:210308ms step_avg:402.89ms
step:523/1645 train_time:210707ms step_avg:402.88ms
step:524/1645 train_time:211113ms step_avg:402.89ms
step:525/1645 train_time:211509ms step_avg:402.87ms
step:526/1645 train_time:211913ms step_avg:402.88ms
step:527/1645 train_time:212311ms step_avg:402.87ms
step:528/1645 train_time:212714ms step_avg:402.87ms
step:529/1645 train_time:213120ms step_avg:402.87ms
step:530/1645 train_time:213523ms step_avg:402.87ms
step:531/1645 train_time:213923ms step_avg:402.87ms
step:532/1645 train_time:214324ms step_avg:402.86ms
step:533/1645 train_time:214724ms step_avg:402.86ms
step:534/1645 train_time:215125ms step_avg:402.86ms
step:535/1645 train_time:215525ms step_avg:402.85ms
step:536/1645 train_time:215925ms step_avg:402.85ms
step:537/1645 train_time:216330ms step_avg:402.85ms
step:538/1645 train_time:216732ms step_avg:402.85ms
step:539/1645 train_time:217135ms step_avg:402.85ms
step:540/1645 train_time:217536ms step_avg:402.84ms
step:541/1645 train_time:217932ms step_avg:402.83ms
step:542/1645 train_time:218338ms step_avg:402.84ms
step:543/1645 train_time:218743ms step_avg:402.84ms
step:544/1645 train_time:219141ms step_avg:402.83ms
step:545/1645 train_time:219543ms step_avg:402.83ms
step:546/1645 train_time:219943ms step_avg:402.83ms
step:547/1645 train_time:220344ms step_avg:402.82ms
step:548/1645 train_time:220745ms step_avg:402.82ms
step:549/1645 train_time:221144ms step_avg:402.81ms
step:550/1645 train_time:221551ms step_avg:402.82ms
step:551/1645 train_time:221950ms step_avg:402.81ms
step:552/1645 train_time:222351ms step_avg:402.81ms
step:553/1645 train_time:222751ms step_avg:402.81ms
step:554/1645 train_time:223152ms step_avg:402.80ms
step:555/1645 train_time:223551ms step_avg:402.79ms
step:556/1645 train_time:223952ms step_avg:402.79ms
step:557/1645 train_time:224351ms step_avg:402.78ms
step:558/1645 train_time:224750ms step_avg:402.78ms
step:559/1645 train_time:225151ms step_avg:402.78ms
step:560/1645 train_time:225556ms step_avg:402.78ms
step:561/1645 train_time:225960ms step_avg:402.78ms
step:562/1645 train_time:226363ms step_avg:402.78ms
step:563/1645 train_time:226767ms step_avg:402.78ms
step:564/1645 train_time:227171ms step_avg:402.79ms
step:565/1645 train_time:227574ms step_avg:402.79ms
step:566/1645 train_time:227971ms step_avg:402.78ms
step:567/1645 train_time:228372ms step_avg:402.77ms
step:568/1645 train_time:228771ms step_avg:402.77ms
step:569/1645 train_time:229174ms step_avg:402.77ms
step:570/1645 train_time:229577ms step_avg:402.77ms
step:571/1645 train_time:229990ms step_avg:402.78ms
step:572/1645 train_time:230388ms step_avg:402.78ms
step:573/1645 train_time:230785ms step_avg:402.77ms
step:574/1645 train_time:231178ms step_avg:402.75ms
step:575/1645 train_time:231582ms step_avg:402.75ms
step:576/1645 train_time:231985ms step_avg:402.75ms
step:577/1645 train_time:232390ms step_avg:402.76ms
step:578/1645 train_time:232787ms step_avg:402.75ms
step:579/1645 train_time:233188ms step_avg:402.74ms
step:580/1645 train_time:233591ms step_avg:402.74ms
step:581/1645 train_time:233995ms step_avg:402.74ms
step:582/1645 train_time:234390ms step_avg:402.73ms
step:583/1645 train_time:234792ms step_avg:402.73ms
step:584/1645 train_time:235195ms step_avg:402.73ms
step:585/1645 train_time:235595ms step_avg:402.73ms
step:586/1645 train_time:235995ms step_avg:402.72ms
step:587/1645 train_time:236399ms step_avg:402.72ms
step:588/1645 train_time:236800ms step_avg:402.72ms
step:589/1645 train_time:237198ms step_avg:402.71ms
step:590/1645 train_time:237596ms step_avg:402.71ms
step:591/1645 train_time:237997ms step_avg:402.70ms
step:592/1645 train_time:238395ms step_avg:402.70ms
step:593/1645 train_time:238799ms step_avg:402.70ms
step:594/1645 train_time:239199ms step_avg:402.69ms
step:595/1645 train_time:239598ms step_avg:402.69ms
step:596/1645 train_time:239997ms step_avg:402.68ms
step:597/1645 train_time:240400ms step_avg:402.68ms
step:598/1645 train_time:240802ms step_avg:402.68ms
step:599/1645 train_time:241215ms step_avg:402.70ms
step:600/1645 train_time:241599ms step_avg:402.66ms
step:601/1645 train_time:242000ms step_avg:402.66ms
step:602/1645 train_time:242408ms step_avg:402.67ms
step:603/1645 train_time:242809ms step_avg:402.67ms
step:604/1645 train_time:243213ms step_avg:402.67ms
step:605/1645 train_time:243610ms step_avg:402.66ms
step:606/1645 train_time:244010ms step_avg:402.66ms
step:607/1645 train_time:244412ms step_avg:402.66ms
step:608/1645 train_time:244831ms step_avg:402.68ms
step:609/1645 train_time:245215ms step_avg:402.65ms
step:610/1645 train_time:245613ms step_avg:402.64ms
step:611/1645 train_time:246015ms step_avg:402.64ms
step:612/1645 train_time:246414ms step_avg:402.64ms
step:613/1645 train_time:246830ms step_avg:402.66ms
step:614/1645 train_time:247216ms step_avg:402.63ms
step:615/1645 train_time:247618ms step_avg:402.63ms
step:616/1645 train_time:248015ms step_avg:402.62ms
step:617/1645 train_time:248417ms step_avg:402.62ms
step:618/1645 train_time:248815ms step_avg:402.61ms
step:619/1645 train_time:249222ms step_avg:402.62ms
step:620/1645 train_time:249614ms step_avg:402.60ms
step:621/1645 train_time:250012ms step_avg:402.60ms
step:622/1645 train_time:250414ms step_avg:402.59ms
step:623/1645 train_time:250806ms step_avg:402.58ms
step:624/1645 train_time:251224ms step_avg:402.60ms
step:625/1645 train_time:251627ms step_avg:402.60ms
step:625/1645 val_loss:3.609708 train_time:251918ms step_avg:403.07ms
step:626/1645 train_time:252204ms step_avg:402.88ms
step:627/1645 train_time:252555ms step_avg:402.80ms
step:628/1645 train_time:252956ms step_avg:402.80ms
step:629/1645 train_time:253355ms step_avg:402.79ms
step:630/1645 train_time:253766ms step_avg:402.80ms
step:631/1645 train_time:254169ms step_avg:402.80ms
step:632/1645 train_time:254569ms step_avg:402.80ms
step:633/1645 train_time:254968ms step_avg:402.79ms
step:634/1645 train_time:255369ms step_avg:402.79ms
step:635/1645 train_time:255770ms step_avg:402.79ms
step:636/1645 train_time:256174ms step_avg:402.79ms
step:637/1645 train_time:256576ms step_avg:402.79ms
step:638/1645 train_time:256977ms step_avg:402.78ms
step:639/1645 train_time:257380ms step_avg:402.79ms
step:640/1645 train_time:257781ms step_avg:402.78ms
step:641/1645 train_time:258179ms step_avg:402.78ms
step:642/1645 train_time:258578ms step_avg:402.77ms
step:643/1645 train_time:258978ms step_avg:402.77ms
step:644/1645 train_time:259379ms step_avg:402.76ms
step:645/1645 train_time:259782ms step_avg:402.76ms
step:646/1645 train_time:260179ms step_avg:402.75ms
step:647/1645 train_time:260582ms step_avg:402.75ms
step:648/1645 train_time:260983ms step_avg:402.75ms
step:649/1645 train_time:261386ms step_avg:402.75ms
step:650/1645 train_time:261784ms step_avg:402.75ms
step:651/1645 train_time:262184ms step_avg:402.74ms
step:652/1645 train_time:262584ms step_avg:402.74ms
step:653/1645 train_time:262989ms step_avg:402.74ms
step:654/1645 train_time:263389ms step_avg:402.73ms
step:655/1645 train_time:263790ms step_avg:402.73ms
step:656/1645 train_time:264191ms step_avg:402.73ms
step:657/1645 train_time:264594ms step_avg:402.73ms
step:658/1645 train_time:264991ms step_avg:402.72ms
step:659/1645 train_time:265394ms step_avg:402.72ms
step:660/1645 train_time:265802ms step_avg:402.73ms
step:661/1645 train_time:266201ms step_avg:402.72ms
step:662/1645 train_time:266596ms step_avg:402.71ms
step:663/1645 train_time:266998ms step_avg:402.71ms
step:664/1645 train_time:267396ms step_avg:402.70ms
step:665/1645 train_time:267802ms step_avg:402.71ms
step:666/1645 train_time:268202ms step_avg:402.71ms
step:667/1645 train_time:268596ms step_avg:402.69ms
step:668/1645 train_time:268998ms step_avg:402.69ms
step:669/1645 train_time:269397ms step_avg:402.69ms
step:670/1645 train_time:269797ms step_avg:402.68ms
step:671/1645 train_time:270200ms step_avg:402.68ms
step:672/1645 train_time:270611ms step_avg:402.69ms
step:673/1645 train_time:271015ms step_avg:402.70ms
step:674/1645 train_time:271422ms step_avg:402.70ms
step:675/1645 train_time:271821ms step_avg:402.70ms
step:676/1645 train_time:272221ms step_avg:402.69ms
step:677/1645 train_time:272621ms step_avg:402.69ms
step:678/1645 train_time:273024ms step_avg:402.69ms
step:679/1645 train_time:273423ms step_avg:402.68ms
step:680/1645 train_time:273822ms step_avg:402.68ms
step:681/1645 train_time:274225ms step_avg:402.68ms
step:682/1645 train_time:274624ms step_avg:402.67ms
step:683/1645 train_time:275030ms step_avg:402.68ms
step:684/1645 train_time:275429ms step_avg:402.67ms
step:685/1645 train_time:275830ms step_avg:402.67ms
step:686/1645 train_time:276233ms step_avg:402.67ms
step:687/1645 train_time:276641ms step_avg:402.68ms
step:688/1645 train_time:277037ms step_avg:402.67ms
step:689/1645 train_time:277438ms step_avg:402.67ms
step:690/1645 train_time:277842ms step_avg:402.67ms
step:691/1645 train_time:278242ms step_avg:402.67ms
step:692/1645 train_time:278646ms step_avg:402.67ms
step:693/1645 train_time:279045ms step_avg:402.66ms
step:694/1645 train_time:279445ms step_avg:402.66ms
step:695/1645 train_time:279846ms step_avg:402.66ms
step:696/1645 train_time:280250ms step_avg:402.66ms
step:697/1645 train_time:280650ms step_avg:402.65ms
step:698/1645 train_time:281049ms step_avg:402.65ms
step:699/1645 train_time:281466ms step_avg:402.67ms
step:700/1645 train_time:281851ms step_avg:402.64ms
step:701/1645 train_time:282250ms step_avg:402.64ms
step:702/1645 train_time:282649ms step_avg:402.63ms
step:703/1645 train_time:283049ms step_avg:402.63ms
step:704/1645 train_time:283453ms step_avg:402.63ms
step:705/1645 train_time:283849ms step_avg:402.62ms
step:706/1645 train_time:284248ms step_avg:402.62ms
step:707/1645 train_time:284649ms step_avg:402.61ms
step:708/1645 train_time:285051ms step_avg:402.61ms
step:709/1645 train_time:285458ms step_avg:402.62ms
step:710/1645 train_time:285861ms step_avg:402.62ms
step:711/1645 train_time:286256ms step_avg:402.61ms
step:712/1645 train_time:286658ms step_avg:402.61ms
step:713/1645 train_time:287060ms step_avg:402.61ms
step:714/1645 train_time:287459ms step_avg:402.60ms
step:715/1645 train_time:287857ms step_avg:402.60ms
step:716/1645 train_time:288260ms step_avg:402.60ms
step:717/1645 train_time:288658ms step_avg:402.59ms
step:718/1645 train_time:289062ms step_avg:402.59ms
step:719/1645 train_time:289464ms step_avg:402.59ms
step:720/1645 train_time:289864ms step_avg:402.59ms
step:721/1645 train_time:290261ms step_avg:402.58ms
step:722/1645 train_time:290662ms step_avg:402.58ms
step:723/1645 train_time:291061ms step_avg:402.57ms
step:724/1645 train_time:291466ms step_avg:402.58ms
step:725/1645 train_time:291865ms step_avg:402.57ms
step:726/1645 train_time:292269ms step_avg:402.57ms
step:727/1645 train_time:292668ms step_avg:402.57ms
step:728/1645 train_time:293071ms step_avg:402.57ms
step:729/1645 train_time:293470ms step_avg:402.56ms
step:730/1645 train_time:293880ms step_avg:402.58ms
step:731/1645 train_time:294280ms step_avg:402.57ms
step:732/1645 train_time:294678ms step_avg:402.57ms
step:733/1645 train_time:295078ms step_avg:402.56ms
step:734/1645 train_time:295477ms step_avg:402.56ms
step:735/1645 train_time:295875ms step_avg:402.55ms
step:736/1645 train_time:296282ms step_avg:402.56ms
step:737/1645 train_time:296681ms step_avg:402.55ms
step:738/1645 train_time:297083ms step_avg:402.55ms
step:739/1645 train_time:297486ms step_avg:402.55ms
step:740/1645 train_time:297885ms step_avg:402.55ms
step:741/1645 train_time:298286ms step_avg:402.55ms
step:742/1645 train_time:298687ms step_avg:402.54ms
step:743/1645 train_time:299085ms step_avg:402.54ms
step:744/1645 train_time:299492ms step_avg:402.54ms
step:745/1645 train_time:299896ms step_avg:402.54ms
step:746/1645 train_time:300297ms step_avg:402.54ms
step:747/1645 train_time:300701ms step_avg:402.54ms
step:748/1645 train_time:301101ms step_avg:402.54ms
step:749/1645 train_time:301503ms step_avg:402.54ms
step:750/1645 train_time:301904ms step_avg:402.54ms
step:750/1645 val_loss:3.558655 train_time:302207ms step_avg:402.94ms
step:751/1645 train_time:302473ms step_avg:402.76ms
step:752/1645 train_time:302831ms step_avg:402.70ms
step:753/1645 train_time:303231ms step_avg:402.70ms
step:754/1645 train_time:303630ms step_avg:402.69ms
step:755/1645 train_time:304029ms step_avg:402.69ms
step:756/1645 train_time:304430ms step_avg:402.69ms
step:757/1645 train_time:304830ms step_avg:402.68ms
step:758/1645 train_time:305235ms step_avg:402.69ms
step:759/1645 train_time:305634ms step_avg:402.68ms
step:760/1645 train_time:306038ms step_avg:402.68ms
step:761/1645 train_time:306439ms step_avg:402.68ms
step:762/1645 train_time:306844ms step_avg:402.68ms
step:763/1645 train_time:307249ms step_avg:402.69ms
step:764/1645 train_time:307646ms step_avg:402.68ms
step:765/1645 train_time:308050ms step_avg:402.68ms
step:766/1645 train_time:308454ms step_avg:402.68ms
step:767/1645 train_time:308858ms step_avg:402.68ms
step:768/1645 train_time:309262ms step_avg:402.68ms
step:769/1645 train_time:309660ms step_avg:402.68ms
step:770/1645 train_time:310059ms step_avg:402.67ms
step:771/1645 train_time:310457ms step_avg:402.67ms
step:772/1645 train_time:310862ms step_avg:402.67ms
step:773/1645 train_time:311265ms step_avg:402.67ms
step:774/1645 train_time:311670ms step_avg:402.67ms
step:775/1645 train_time:312072ms step_avg:402.67ms
step:776/1645 train_time:312475ms step_avg:402.67ms
step:777/1645 train_time:312874ms step_avg:402.67ms
step:778/1645 train_time:313276ms step_avg:402.67ms
step:779/1645 train_time:313681ms step_avg:402.67ms
step:780/1645 train_time:314083ms step_avg:402.67ms
step:781/1645 train_time:314483ms step_avg:402.67ms
step:782/1645 train_time:314883ms step_avg:402.66ms
step:783/1645 train_time:315286ms step_avg:402.66ms
step:784/1645 train_time:315686ms step_avg:402.66ms
step:785/1645 train_time:316085ms step_avg:402.66ms
step:786/1645 train_time:316485ms step_avg:402.65ms
step:787/1645 train_time:316888ms step_avg:402.65ms
step:788/1645 train_time:317289ms step_avg:402.65ms
step:789/1645 train_time:317694ms step_avg:402.65ms
step:790/1645 train_time:318094ms step_avg:402.65ms
step:791/1645 train_time:318493ms step_avg:402.65ms
step:792/1645 train_time:318892ms step_avg:402.64ms
step:793/1645 train_time:319293ms step_avg:402.64ms
step:794/1645 train_time:319699ms step_avg:402.64ms
step:795/1645 train_time:320100ms step_avg:402.64ms
step:796/1645 train_time:320502ms step_avg:402.64ms
step:797/1645 train_time:320902ms step_avg:402.64ms
step:798/1645 train_time:321305ms step_avg:402.64ms
step:799/1645 train_time:321708ms step_avg:402.64ms
step:800/1645 train_time:322101ms step_avg:402.63ms
step:801/1645 train_time:322499ms step_avg:402.62ms
step:802/1645 train_time:322902ms step_avg:402.62ms
step:803/1645 train_time:323305ms step_avg:402.62ms
step:804/1645 train_time:323704ms step_avg:402.62ms
step:805/1645 train_time:324103ms step_avg:402.61ms
step:806/1645 train_time:324503ms step_avg:402.61ms
step:807/1645 train_time:324907ms step_avg:402.61ms
step:808/1645 train_time:325309ms step_avg:402.61ms
step:809/1645 train_time:325708ms step_avg:402.61ms
step:810/1645 train_time:326106ms step_avg:402.60ms
step:811/1645 train_time:326509ms step_avg:402.60ms
step:812/1645 train_time:326908ms step_avg:402.60ms
step:813/1645 train_time:327310ms step_avg:402.59ms
step:814/1645 train_time:327708ms step_avg:402.59ms
step:815/1645 train_time:328109ms step_avg:402.59ms
step:816/1645 train_time:328506ms step_avg:402.58ms
step:817/1645 train_time:328908ms step_avg:402.58ms
step:818/1645 train_time:329308ms step_avg:402.58ms
step:819/1645 train_time:329705ms step_avg:402.57ms
step:820/1645 train_time:330106ms step_avg:402.57ms
step:821/1645 train_time:330503ms step_avg:402.56ms
step:822/1645 train_time:330901ms step_avg:402.56ms
step:823/1645 train_time:331302ms step_avg:402.55ms
step:824/1645 train_time:331699ms step_avg:402.55ms
step:825/1645 train_time:332105ms step_avg:402.55ms
step:826/1645 train_time:332503ms step_avg:402.55ms
step:827/1645 train_time:332909ms step_avg:402.55ms
step:828/1645 train_time:333307ms step_avg:402.54ms
step:829/1645 train_time:333713ms step_avg:402.55ms
step:830/1645 train_time:334115ms step_avg:402.55ms
step:831/1645 train_time:334517ms step_avg:402.55ms
step:832/1645 train_time:334916ms step_avg:402.54ms
step:833/1645 train_time:335317ms step_avg:402.54ms
step:834/1645 train_time:335716ms step_avg:402.54ms
step:835/1645 train_time:336113ms step_avg:402.53ms
step:836/1645 train_time:336514ms step_avg:402.53ms
step:837/1645 train_time:336919ms step_avg:402.53ms
step:838/1645 train_time:337321ms step_avg:402.53ms
step:839/1645 train_time:337723ms step_avg:402.53ms
step:840/1645 train_time:338119ms step_avg:402.52ms
step:841/1645 train_time:338526ms step_avg:402.53ms
step:842/1645 train_time:338931ms step_avg:402.53ms
step:843/1645 train_time:339326ms step_avg:402.52ms
step:844/1645 train_time:339726ms step_avg:402.52ms
step:845/1645 train_time:340127ms step_avg:402.52ms
step:846/1645 train_time:340540ms step_avg:402.53ms
step:847/1645 train_time:340936ms step_avg:402.52ms
step:848/1645 train_time:341339ms step_avg:402.52ms
step:849/1645 train_time:341740ms step_avg:402.52ms
step:850/1645 train_time:342138ms step_avg:402.52ms
step:851/1645 train_time:342538ms step_avg:402.51ms
step:852/1645 train_time:342947ms step_avg:402.52ms
step:853/1645 train_time:343349ms step_avg:402.52ms
step:854/1645 train_time:343751ms step_avg:402.52ms
step:855/1645 train_time:344154ms step_avg:402.52ms
step:856/1645 train_time:344547ms step_avg:402.51ms
step:857/1645 train_time:344945ms step_avg:402.50ms
step:858/1645 train_time:345351ms step_avg:402.51ms
step:859/1645 train_time:345753ms step_avg:402.51ms
step:860/1645 train_time:346153ms step_avg:402.50ms
step:861/1645 train_time:346556ms step_avg:402.50ms
step:862/1645 train_time:346959ms step_avg:402.50ms
step:863/1645 train_time:347361ms step_avg:402.50ms
step:864/1645 train_time:347763ms step_avg:402.50ms
step:865/1645 train_time:348165ms step_avg:402.50ms
step:866/1645 train_time:348567ms step_avg:402.50ms
step:867/1645 train_time:348966ms step_avg:402.50ms
step:868/1645 train_time:349363ms step_avg:402.49ms
step:869/1645 train_time:349765ms step_avg:402.49ms
step:870/1645 train_time:350168ms step_avg:402.49ms
step:871/1645 train_time:350565ms step_avg:402.49ms
step:872/1645 train_time:350963ms step_avg:402.48ms
step:873/1645 train_time:351362ms step_avg:402.48ms
step:874/1645 train_time:351759ms step_avg:402.47ms
step:875/1645 train_time:352161ms step_avg:402.47ms
step:875/1645 val_loss:3.512095 train_time:352465ms step_avg:402.82ms
step:876/1645 train_time:352752ms step_avg:402.68ms
step:877/1645 train_time:353100ms step_avg:402.62ms
step:878/1645 train_time:353503ms step_avg:402.62ms
step:879/1645 train_time:353906ms step_avg:402.62ms
step:880/1645 train_time:354308ms step_avg:402.62ms
step:881/1645 train_time:354704ms step_avg:402.62ms
step:882/1645 train_time:355104ms step_avg:402.61ms
step:883/1645 train_time:355502ms step_avg:402.61ms
step:884/1645 train_time:355907ms step_avg:402.61ms
step:885/1645 train_time:356305ms step_avg:402.60ms
step:886/1645 train_time:356704ms step_avg:402.60ms
step:887/1645 train_time:357106ms step_avg:402.60ms
step:888/1645 train_time:357508ms step_avg:402.60ms
step:889/1645 train_time:357908ms step_avg:402.60ms
step:890/1645 train_time:358307ms step_avg:402.59ms
step:891/1645 train_time:358707ms step_avg:402.59ms
step:892/1645 train_time:359105ms step_avg:402.58ms
step:893/1645 train_time:359507ms step_avg:402.58ms
step:894/1645 train_time:359913ms step_avg:402.59ms
step:895/1645 train_time:360316ms step_avg:402.59ms
step:896/1645 train_time:360716ms step_avg:402.58ms
step:897/1645 train_time:361123ms step_avg:402.59ms
step:898/1645 train_time:361527ms step_avg:402.59ms
step:899/1645 train_time:361923ms step_avg:402.58ms
step:900/1645 train_time:362324ms step_avg:402.58ms
step:901/1645 train_time:362722ms step_avg:402.58ms
step:902/1645 train_time:363125ms step_avg:402.58ms
step:903/1645 train_time:363526ms step_avg:402.58ms
step:904/1645 train_time:363927ms step_avg:402.57ms
step:905/1645 train_time:364325ms step_avg:402.57ms
step:906/1645 train_time:364729ms step_avg:402.57ms
step:907/1645 train_time:365134ms step_avg:402.57ms
step:908/1645 train_time:365539ms step_avg:402.58ms
step:909/1645 train_time:365939ms step_avg:402.57ms
step:910/1645 train_time:366338ms step_avg:402.57ms
step:911/1645 train_time:366738ms step_avg:402.57ms
step:912/1645 train_time:367144ms step_avg:402.57ms
step:913/1645 train_time:367541ms step_avg:402.56ms
step:914/1645 train_time:367942ms step_avg:402.56ms
step:915/1645 train_time:368344ms step_avg:402.56ms
step:916/1645 train_time:368744ms step_avg:402.56ms
step:917/1645 train_time:369143ms step_avg:402.56ms
step:918/1645 train_time:369545ms step_avg:402.55ms
step:919/1645 train_time:369941ms step_avg:402.55ms
step:920/1645 train_time:370340ms step_avg:402.54ms
step:921/1645 train_time:370743ms step_avg:402.54ms
step:922/1645 train_time:371143ms step_avg:402.54ms
step:923/1645 train_time:371541ms step_avg:402.54ms
step:924/1645 train_time:371941ms step_avg:402.53ms
step:925/1645 train_time:372341ms step_avg:402.53ms
step:926/1645 train_time:372740ms step_avg:402.53ms
step:927/1645 train_time:373138ms step_avg:402.52ms
step:928/1645 train_time:373538ms step_avg:402.52ms
step:929/1645 train_time:373938ms step_avg:402.52ms
step:930/1645 train_time:374337ms step_avg:402.51ms
step:931/1645 train_time:374737ms step_avg:402.51ms
step:932/1645 train_time:375133ms step_avg:402.50ms
step:933/1645 train_time:375535ms step_avg:402.50ms
step:934/1645 train_time:375944ms step_avg:402.51ms
step:935/1645 train_time:376341ms step_avg:402.50ms
step:936/1645 train_time:376745ms step_avg:402.51ms
step:937/1645 train_time:377146ms step_avg:402.50ms
step:938/1645 train_time:377551ms step_avg:402.51ms
step:939/1645 train_time:377963ms step_avg:402.52ms
step:940/1645 train_time:378360ms step_avg:402.51ms
step:941/1645 train_time:378764ms step_avg:402.51ms
step:942/1645 train_time:379156ms step_avg:402.50ms
step:943/1645 train_time:379556ms step_avg:402.50ms
step:944/1645 train_time:379960ms step_avg:402.50ms
step:945/1645 train_time:380358ms step_avg:402.49ms
step:946/1645 train_time:380757ms step_avg:402.49ms
step:947/1645 train_time:381157ms step_avg:402.49ms
step:948/1645 train_time:381560ms step_avg:402.49ms
step:949/1645 train_time:381957ms step_avg:402.48ms
step:950/1645 train_time:382363ms step_avg:402.49ms
step:951/1645 train_time:382765ms step_avg:402.49ms
step:952/1645 train_time:383164ms step_avg:402.48ms
step:953/1645 train_time:383565ms step_avg:402.48ms
step:954/1645 train_time:383966ms step_avg:402.48ms
step:955/1645 train_time:384369ms step_avg:402.48ms
step:956/1645 train_time:384769ms step_avg:402.48ms
step:957/1645 train_time:385171ms step_avg:402.48ms
step:958/1645 train_time:385572ms step_avg:402.48ms
step:959/1645 train_time:385973ms step_avg:402.47ms
step:960/1645 train_time:386372ms step_avg:402.47ms
step:961/1645 train_time:386777ms step_avg:402.47ms
step:962/1645 train_time:387180ms step_avg:402.47ms
step:963/1645 train_time:387583ms step_avg:402.47ms
step:964/1645 train_time:387989ms step_avg:402.48ms
step:965/1645 train_time:388388ms step_avg:402.47ms
step:966/1645 train_time:388793ms step_avg:402.48ms
step:967/1645 train_time:389191ms step_avg:402.47ms
step:968/1645 train_time:389590ms step_avg:402.47ms
step:969/1645 train_time:389989ms step_avg:402.47ms
step:970/1645 train_time:390392ms step_avg:402.47ms
step:971/1645 train_time:390793ms step_avg:402.46ms
step:972/1645 train_time:391192ms step_avg:402.46ms
step:973/1645 train_time:391595ms step_avg:402.46ms
step:974/1645 train_time:391995ms step_avg:402.46ms
step:975/1645 train_time:392396ms step_avg:402.46ms
step:976/1645 train_time:392798ms step_avg:402.46ms
step:977/1645 train_time:393198ms step_avg:402.45ms
step:978/1645 train_time:393599ms step_avg:402.45ms
step:979/1645 train_time:393997ms step_avg:402.45ms
step:980/1645 train_time:394396ms step_avg:402.44ms
step:981/1645 train_time:394800ms step_avg:402.45ms
step:982/1645 train_time:395201ms step_avg:402.45ms
step:983/1645 train_time:395604ms step_avg:402.45ms
step:984/1645 train_time:396006ms step_avg:402.45ms
step:985/1645 train_time:396409ms step_avg:402.45ms
step:986/1645 train_time:396813ms step_avg:402.45ms
step:987/1645 train_time:397211ms step_avg:402.44ms
step:988/1645 train_time:397614ms step_avg:402.44ms
step:989/1645 train_time:398013ms step_avg:402.44ms
step:990/1645 train_time:398412ms step_avg:402.44ms
step:991/1645 train_time:398814ms step_avg:402.44ms
step:992/1645 train_time:399213ms step_avg:402.43ms
step:993/1645 train_time:399613ms step_avg:402.43ms
step:994/1645 train_time:400013ms step_avg:402.43ms
step:995/1645 train_time:400417ms step_avg:402.43ms
step:996/1645 train_time:400815ms step_avg:402.42ms
step:997/1645 train_time:401220ms step_avg:402.43ms
step:998/1645 train_time:401621ms step_avg:402.43ms
step:999/1645 train_time:402023ms step_avg:402.43ms
step:1000/1645 train_time:402421ms step_avg:402.42ms
step:1000/1645 val_loss:3.462605 train_time:402724ms step_avg:402.72ms
step:1001/1645 train_time:402981ms step_avg:402.58ms
step:1002/1645 train_time:403340ms step_avg:402.53ms
step:1003/1645 train_time:403737ms step_avg:402.53ms
step:1004/1645 train_time:404140ms step_avg:402.53ms
step:1005/1645 train_time:404543ms step_avg:402.53ms
step:1006/1645 train_time:404942ms step_avg:402.53ms
step:1007/1645 train_time:405344ms step_avg:402.53ms
step:1008/1645 train_time:405746ms step_avg:402.53ms
step:1009/1645 train_time:406145ms step_avg:402.52ms
step:1010/1645 train_time:406544ms step_avg:402.52ms
step:1011/1645 train_time:406946ms step_avg:402.52ms
step:1012/1645 train_time:407348ms step_avg:402.52ms
step:1013/1645 train_time:407747ms step_avg:402.51ms
step:1014/1645 train_time:408145ms step_avg:402.51ms
step:1015/1645 train_time:408544ms step_avg:402.51ms
step:1016/1645 train_time:408946ms step_avg:402.51ms
step:1017/1645 train_time:409344ms step_avg:402.50ms
step:1018/1645 train_time:409753ms step_avg:402.51ms
step:1019/1645 train_time:410152ms step_avg:402.50ms
step:1020/1645 train_time:410550ms step_avg:402.50ms
step:1021/1645 train_time:410948ms step_avg:402.50ms
step:1022/1645 train_time:411353ms step_avg:402.50ms
step:1023/1645 train_time:411756ms step_avg:402.50ms
step:1024/1645 train_time:412157ms step_avg:402.50ms
step:1025/1645 train_time:412557ms step_avg:402.49ms
step:1026/1645 train_time:412961ms step_avg:402.50ms
step:1027/1645 train_time:413360ms step_avg:402.49ms
step:1028/1645 train_time:413758ms step_avg:402.49ms
step:1029/1645 train_time:414163ms step_avg:402.49ms
step:1030/1645 train_time:414564ms step_avg:402.49ms
step:1031/1645 train_time:414964ms step_avg:402.49ms
step:1032/1645 train_time:415364ms step_avg:402.48ms
step:1033/1645 train_time:415763ms step_avg:402.48ms
step:1034/1645 train_time:416169ms step_avg:402.48ms
step:1035/1645 train_time:416567ms step_avg:402.48ms
step:1036/1645 train_time:416970ms step_avg:402.48ms
step:1037/1645 train_time:417376ms step_avg:402.48ms
step:1038/1645 train_time:417774ms step_avg:402.48ms
step:1039/1645 train_time:418172ms step_avg:402.48ms
step:1040/1645 train_time:418575ms step_avg:402.48ms
step:1041/1645 train_time:418976ms step_avg:402.47ms
step:1042/1645 train_time:419378ms step_avg:402.47ms
step:1043/1645 train_time:419782ms step_avg:402.48ms
step:1044/1645 train_time:420177ms step_avg:402.47ms
step:1045/1645 train_time:420582ms step_avg:402.47ms
step:1046/1645 train_time:420988ms step_avg:402.47ms
step:1047/1645 train_time:421388ms step_avg:402.47ms
step:1048/1645 train_time:421787ms step_avg:402.47ms
step:1049/1645 train_time:422188ms step_avg:402.47ms
step:1050/1645 train_time:422594ms step_avg:402.47ms
step:1051/1645 train_time:422995ms step_avg:402.47ms
step:1052/1645 train_time:423397ms step_avg:402.47ms
step:1053/1645 train_time:423799ms step_avg:402.47ms
step:1054/1645 train_time:424201ms step_avg:402.47ms
step:1055/1645 train_time:424603ms step_avg:402.47ms
step:1056/1645 train_time:425007ms step_avg:402.47ms
step:1057/1645 train_time:425406ms step_avg:402.47ms
step:1058/1645 train_time:425804ms step_avg:402.46ms
step:1059/1645 train_time:426205ms step_avg:402.46ms
step:1060/1645 train_time:426604ms step_avg:402.46ms
step:1061/1645 train_time:427003ms step_avg:402.45ms
step:1062/1645 train_time:427405ms step_avg:402.45ms
step:1063/1645 train_time:427809ms step_avg:402.45ms
step:1064/1645 train_time:428208ms step_avg:402.45ms
step:1065/1645 train_time:428611ms step_avg:402.45ms
step:1066/1645 train_time:429012ms step_avg:402.45ms
step:1067/1645 train_time:429413ms step_avg:402.45ms
step:1068/1645 train_time:429817ms step_avg:402.45ms
step:1069/1645 train_time:430217ms step_avg:402.45ms
step:1070/1645 train_time:430620ms step_avg:402.45ms
step:1071/1645 train_time:431024ms step_avg:402.45ms
step:1072/1645 train_time:431423ms step_avg:402.45ms
step:1073/1645 train_time:431825ms step_avg:402.45ms
step:1074/1645 train_time:432223ms step_avg:402.44ms
step:1075/1645 train_time:432623ms step_avg:402.44ms
step:1076/1645 train_time:433023ms step_avg:402.44ms
step:1077/1645 train_time:433423ms step_avg:402.44ms
step:1078/1645 train_time:433826ms step_avg:402.44ms
step:1079/1645 train_time:434226ms step_avg:402.43ms
step:1080/1645 train_time:434631ms step_avg:402.44ms
step:1081/1645 train_time:435034ms step_avg:402.44ms
step:1082/1645 train_time:435438ms step_avg:402.44ms
step:1083/1645 train_time:435839ms step_avg:402.44ms
step:1084/1645 train_time:436240ms step_avg:402.44ms
step:1085/1645 train_time:436636ms step_avg:402.43ms
step:1086/1645 train_time:437037ms step_avg:402.43ms
step:1087/1645 train_time:437440ms step_avg:402.43ms
step:1088/1645 train_time:437838ms step_avg:402.42ms
step:1089/1645 train_time:438243ms step_avg:402.43ms
step:1090/1645 train_time:438652ms step_avg:402.43ms
step:1091/1645 train_time:439040ms step_avg:402.42ms
step:1092/1645 train_time:439439ms step_avg:402.42ms
step:1093/1645 train_time:439843ms step_avg:402.42ms
step:1094/1645 train_time:440248ms step_avg:402.42ms
step:1095/1645 train_time:440647ms step_avg:402.42ms
step:1096/1645 train_time:441051ms step_avg:402.42ms
step:1097/1645 train_time:441452ms step_avg:402.42ms
step:1098/1645 train_time:441855ms step_avg:402.42ms
step:1099/1645 train_time:442256ms step_avg:402.42ms
step:1100/1645 train_time:442658ms step_avg:402.42ms
step:1101/1645 train_time:443058ms step_avg:402.41ms
step:1102/1645 train_time:443458ms step_avg:402.41ms
step:1103/1645 train_time:443858ms step_avg:402.41ms
step:1104/1645 train_time:444257ms step_avg:402.41ms
step:1105/1645 train_time:444661ms step_avg:402.41ms
step:1106/1645 train_time:445059ms step_avg:402.40ms
step:1107/1645 train_time:445463ms step_avg:402.41ms
step:1108/1645 train_time:445861ms step_avg:402.40ms
step:1109/1645 train_time:446263ms step_avg:402.40ms
step:1110/1645 train_time:446662ms step_avg:402.40ms
step:1111/1645 train_time:447061ms step_avg:402.40ms
step:1112/1645 train_time:447465ms step_avg:402.40ms
step:1113/1645 train_time:447865ms step_avg:402.39ms
step:1114/1645 train_time:448267ms step_avg:402.39ms
step:1115/1645 train_time:448667ms step_avg:402.39ms
step:1116/1645 train_time:449065ms step_avg:402.39ms
step:1117/1645 train_time:449471ms step_avg:402.39ms
step:1118/1645 train_time:449874ms step_avg:402.39ms
step:1119/1645 train_time:450271ms step_avg:402.39ms
step:1120/1645 train_time:450676ms step_avg:402.39ms
step:1121/1645 train_time:451081ms step_avg:402.39ms
step:1122/1645 train_time:451480ms step_avg:402.39ms
step:1123/1645 train_time:451879ms step_avg:402.39ms
step:1124/1645 train_time:452278ms step_avg:402.38ms
step:1125/1645 train_time:452681ms step_avg:402.38ms
step:1125/1645 val_loss:3.408974 train_time:452982ms step_avg:402.65ms
step:1126/1645 train_time:453230ms step_avg:402.51ms
step:1127/1645 train_time:453597ms step_avg:402.48ms
step:1128/1645 train_time:454001ms step_avg:402.48ms
step:1129/1645 train_time:454405ms step_avg:402.48ms
step:1130/1645 train_time:454805ms step_avg:402.48ms
step:1131/1645 train_time:455204ms step_avg:402.48ms
step:1132/1645 train_time:455602ms step_avg:402.48ms
step:1133/1645 train_time:456005ms step_avg:402.48ms
step:1134/1645 train_time:456406ms step_avg:402.47ms
step:1135/1645 train_time:456806ms step_avg:402.47ms
step:1136/1645 train_time:457208ms step_avg:402.47ms
step:1137/1645 train_time:457610ms step_avg:402.47ms
step:1138/1645 train_time:458011ms step_avg:402.47ms
step:1139/1645 train_time:458409ms step_avg:402.47ms
step:1140/1645 train_time:458809ms step_avg:402.46ms
step:1141/1645 train_time:459212ms step_avg:402.46ms
step:1142/1645 train_time:459614ms step_avg:402.46ms
step:1143/1645 train_time:460014ms step_avg:402.46ms
step:1144/1645 train_time:460413ms step_avg:402.46ms
step:1145/1645 train_time:460816ms step_avg:402.46ms
step:1146/1645 train_time:461223ms step_avg:402.46ms
step:1147/1645 train_time:461622ms step_avg:402.46ms
step:1148/1645 train_time:462027ms step_avg:402.46ms
step:1149/1645 train_time:462428ms step_avg:402.46ms
step:1150/1645 train_time:462828ms step_avg:402.46ms
step:1151/1645 train_time:463232ms step_avg:402.46ms
step:1152/1645 train_time:463633ms step_avg:402.46ms
step:1153/1645 train_time:464030ms step_avg:402.45ms
step:1154/1645 train_time:464432ms step_avg:402.45ms
step:1155/1645 train_time:464834ms step_avg:402.45ms
step:1156/1645 train_time:465233ms step_avg:402.45ms
step:1157/1645 train_time:465631ms step_avg:402.45ms
step:1158/1645 train_time:466032ms step_avg:402.45ms
step:1159/1645 train_time:466432ms step_avg:402.44ms
step:1160/1645 train_time:466834ms step_avg:402.44ms
step:1161/1645 train_time:467237ms step_avg:402.44ms
step:1162/1645 train_time:467638ms step_avg:402.44ms
step:1163/1645 train_time:468038ms step_avg:402.44ms
step:1164/1645 train_time:468441ms step_avg:402.44ms
step:1165/1645 train_time:468844ms step_avg:402.44ms
step:1166/1645 train_time:469243ms step_avg:402.44ms
step:1167/1645 train_time:469646ms step_avg:402.44ms
step:1168/1645 train_time:470043ms step_avg:402.43ms
step:1169/1645 train_time:470444ms step_avg:402.43ms
step:1170/1645 train_time:470842ms step_avg:402.43ms
step:1171/1645 train_time:471243ms step_avg:402.43ms
step:1172/1645 train_time:471647ms step_avg:402.43ms
step:1173/1645 train_time:472044ms step_avg:402.42ms
step:1174/1645 train_time:472441ms step_avg:402.42ms
step:1175/1645 train_time:472848ms step_avg:402.42ms
step:1176/1645 train_time:473245ms step_avg:402.42ms
step:1177/1645 train_time:473650ms step_avg:402.42ms
step:1178/1645 train_time:474058ms step_avg:402.43ms
step:1179/1645 train_time:474458ms step_avg:402.42ms
step:1180/1645 train_time:474863ms step_avg:402.43ms
step:1181/1645 train_time:475259ms step_avg:402.42ms
step:1182/1645 train_time:475657ms step_avg:402.42ms
step:1183/1645 train_time:476057ms step_avg:402.42ms
step:1184/1645 train_time:476454ms step_avg:402.41ms
step:1185/1645 train_time:476854ms step_avg:402.41ms
step:1186/1645 train_time:477252ms step_avg:402.40ms
step:1187/1645 train_time:477652ms step_avg:402.40ms
step:1188/1645 train_time:478056ms step_avg:402.40ms
step:1189/1645 train_time:478457ms step_avg:402.40ms
step:1190/1645 train_time:478859ms step_avg:402.40ms
step:1191/1645 train_time:479263ms step_avg:402.40ms
step:1192/1645 train_time:479660ms step_avg:402.40ms
step:1193/1645 train_time:480065ms step_avg:402.40ms
step:1194/1645 train_time:480467ms step_avg:402.40ms
step:1195/1645 train_time:480866ms step_avg:402.40ms
step:1196/1645 train_time:481268ms step_avg:402.40ms
step:1197/1645 train_time:481668ms step_avg:402.40ms
step:1198/1645 train_time:482069ms step_avg:402.39ms
step:1199/1645 train_time:482475ms step_avg:402.40ms
step:1200/1645 train_time:482872ms step_avg:402.39ms
step:1201/1645 train_time:483273ms step_avg:402.39ms
step:1202/1645 train_time:483676ms step_avg:402.39ms
step:1203/1645 train_time:484074ms step_avg:402.39ms
step:1204/1645 train_time:484476ms step_avg:402.39ms
step:1205/1645 train_time:484876ms step_avg:402.39ms
step:1206/1645 train_time:485275ms step_avg:402.38ms
step:1207/1645 train_time:485675ms step_avg:402.38ms
step:1208/1645 train_time:486075ms step_avg:402.38ms
step:1209/1645 train_time:486474ms step_avg:402.38ms
step:1210/1645 train_time:486873ms step_avg:402.37ms
step:1211/1645 train_time:487280ms step_avg:402.38ms
step:1212/1645 train_time:487681ms step_avg:402.38ms
step:1213/1645 train_time:488086ms step_avg:402.38ms
step:1214/1645 train_time:488484ms step_avg:402.38ms
step:1215/1645 train_time:488881ms step_avg:402.37ms
step:1216/1645 train_time:489278ms step_avg:402.37ms
step:1217/1645 train_time:489678ms step_avg:402.36ms
step:1218/1645 train_time:490078ms step_avg:402.36ms
step:1219/1645 train_time:490480ms step_avg:402.36ms
step:1220/1645 train_time:490886ms step_avg:402.37ms
step:1221/1645 train_time:491286ms step_avg:402.36ms
step:1222/1645 train_time:491686ms step_avg:402.36ms
step:1223/1645 train_time:492088ms step_avg:402.36ms
step:1224/1645 train_time:492486ms step_avg:402.36ms
step:1225/1645 train_time:492886ms step_avg:402.36ms
step:1226/1645 train_time:493288ms step_avg:402.36ms
step:1227/1645 train_time:493687ms step_avg:402.35ms
step:1228/1645 train_time:494088ms step_avg:402.35ms
step:1229/1645 train_time:494488ms step_avg:402.35ms
step:1230/1645 train_time:494886ms step_avg:402.35ms
step:1231/1645 train_time:495283ms step_avg:402.34ms
step:1232/1645 train_time:495690ms step_avg:402.35ms
step:1233/1645 train_time:496085ms step_avg:402.34ms
step:1234/1645 train_time:496486ms step_avg:402.34ms
step:1235/1645 train_time:496886ms step_avg:402.34ms
step:1236/1645 train_time:497290ms step_avg:402.34ms
step:1237/1645 train_time:497690ms step_avg:402.34ms
step:1238/1645 train_time:498090ms step_avg:402.33ms
step:1239/1645 train_time:498490ms step_avg:402.33ms
step:1240/1645 train_time:498893ms step_avg:402.33ms
step:1241/1645 train_time:499291ms step_avg:402.33ms
step:1242/1645 train_time:499694ms step_avg:402.33ms
step:1243/1645 train_time:500094ms step_avg:402.33ms
step:1244/1645 train_time:500497ms step_avg:402.33ms
step:1245/1645 train_time:500900ms step_avg:402.33ms
step:1246/1645 train_time:501298ms step_avg:402.33ms
step:1247/1645 train_time:501697ms step_avg:402.32ms
step:1248/1645 train_time:502096ms step_avg:402.32ms
step:1249/1645 train_time:502496ms step_avg:402.32ms
step:1250/1645 train_time:502897ms step_avg:402.32ms
step:1250/1645 val_loss:3.370691 train_time:503203ms step_avg:402.56ms
step:1251/1645 train_time:503470ms step_avg:402.45ms
step:1252/1645 train_time:503825ms step_avg:402.42ms
step:1253/1645 train_time:504231ms step_avg:402.42ms
step:1254/1645 train_time:504635ms step_avg:402.42ms
step:1255/1645 train_time:505033ms step_avg:402.42ms
step:1256/1645 train_time:505430ms step_avg:402.41ms
step:1257/1645 train_time:505835ms step_avg:402.41ms
step:1258/1645 train_time:506232ms step_avg:402.41ms
step:1259/1645 train_time:506639ms step_avg:402.41ms
step:1260/1645 train_time:507040ms step_avg:402.41ms
step:1261/1645 train_time:507440ms step_avg:402.41ms
step:1262/1645 train_time:507843ms step_avg:402.41ms
step:1263/1645 train_time:508246ms step_avg:402.41ms
step:1264/1645 train_time:508643ms step_avg:402.41ms
step:1265/1645 train_time:509041ms step_avg:402.40ms
step:1266/1645 train_time:509446ms step_avg:402.41ms
step:1267/1645 train_time:509847ms step_avg:402.41ms
step:1268/1645 train_time:510252ms step_avg:402.41ms
step:1269/1645 train_time:510653ms step_avg:402.41ms
step:1270/1645 train_time:511054ms step_avg:402.40ms
step:1271/1645 train_time:511456ms step_avg:402.40ms
step:1272/1645 train_time:511857ms step_avg:402.40ms
step:1273/1645 train_time:512258ms step_avg:402.40ms
step:1274/1645 train_time:512658ms step_avg:402.40ms
step:1275/1645 train_time:513058ms step_avg:402.40ms
step:1276/1645 train_time:513455ms step_avg:402.39ms
step:1277/1645 train_time:513858ms step_avg:402.39ms
step:1278/1645 train_time:514256ms step_avg:402.39ms
step:1279/1645 train_time:514655ms step_avg:402.39ms
step:1280/1645 train_time:515056ms step_avg:402.39ms
step:1281/1645 train_time:515454ms step_avg:402.38ms
step:1282/1645 train_time:515858ms step_avg:402.39ms
step:1283/1645 train_time:516258ms step_avg:402.38ms
step:1284/1645 train_time:516659ms step_avg:402.38ms
step:1285/1645 train_time:517063ms step_avg:402.38ms
step:1286/1645 train_time:517465ms step_avg:402.38ms
step:1287/1645 train_time:517865ms step_avg:402.38ms
step:1288/1645 train_time:518270ms step_avg:402.38ms
step:1289/1645 train_time:518669ms step_avg:402.38ms
step:1290/1645 train_time:519073ms step_avg:402.38ms
step:1291/1645 train_time:519473ms step_avg:402.38ms
step:1292/1645 train_time:519876ms step_avg:402.38ms
step:1293/1645 train_time:520275ms step_avg:402.38ms
step:1294/1645 train_time:520673ms step_avg:402.37ms
step:1295/1645 train_time:521080ms step_avg:402.38ms
step:1296/1645 train_time:521477ms step_avg:402.37ms
step:1297/1645 train_time:521879ms step_avg:402.37ms
step:1298/1645 train_time:522279ms step_avg:402.37ms
step:1299/1645 train_time:522680ms step_avg:402.37ms
step:1300/1645 train_time:523079ms step_avg:402.37ms
step:1301/1645 train_time:523478ms step_avg:402.37ms
step:1302/1645 train_time:523881ms step_avg:402.37ms
step:1303/1645 train_time:524285ms step_avg:402.37ms
step:1304/1645 train_time:524689ms step_avg:402.37ms
step:1305/1645 train_time:525087ms step_avg:402.37ms
step:1306/1645 train_time:525484ms step_avg:402.36ms
step:1307/1645 train_time:525885ms step_avg:402.36ms
step:1308/1645 train_time:526306ms step_avg:402.37ms
step:1309/1645 train_time:526688ms step_avg:402.36ms
step:1310/1645 train_time:527092ms step_avg:402.36ms
step:1311/1645 train_time:527488ms step_avg:402.36ms
step:1312/1645 train_time:527892ms step_avg:402.36ms
step:1313/1645 train_time:528295ms step_avg:402.36ms
step:1314/1645 train_time:528699ms step_avg:402.36ms
step:1315/1645 train_time:529098ms step_avg:402.36ms
step:1316/1645 train_time:529498ms step_avg:402.35ms
step:1317/1645 train_time:529902ms step_avg:402.36ms
step:1318/1645 train_time:530300ms step_avg:402.35ms
step:1319/1645 train_time:530700ms step_avg:402.35ms
step:1320/1645 train_time:531102ms step_avg:402.35ms
step:1321/1645 train_time:531503ms step_avg:402.35ms
step:1322/1645 train_time:531907ms step_avg:402.35ms
step:1323/1645 train_time:532308ms step_avg:402.35ms
step:1324/1645 train_time:532712ms step_avg:402.35ms
step:1325/1645 train_time:533110ms step_avg:402.35ms
step:1326/1645 train_time:533512ms step_avg:402.35ms
step:1327/1645 train_time:533914ms step_avg:402.35ms
step:1328/1645 train_time:534317ms step_avg:402.35ms
step:1329/1645 train_time:534717ms step_avg:402.35ms
step:1330/1645 train_time:535117ms step_avg:402.34ms
step:1331/1645 train_time:535515ms step_avg:402.34ms
step:1332/1645 train_time:535914ms step_avg:402.34ms
step:1333/1645 train_time:536317ms step_avg:402.34ms
step:1334/1645 train_time:536716ms step_avg:402.34ms
step:1335/1645 train_time:537117ms step_avg:402.33ms
step:1336/1645 train_time:537519ms step_avg:402.33ms
step:1337/1645 train_time:537921ms step_avg:402.33ms
step:1338/1645 train_time:538324ms step_avg:402.33ms
step:1339/1645 train_time:538728ms step_avg:402.34ms
step:1340/1645 train_time:539131ms step_avg:402.34ms
step:1341/1645 train_time:539536ms step_avg:402.34ms
step:1342/1645 train_time:539941ms step_avg:402.34ms
step:1343/1645 train_time:540338ms step_avg:402.34ms
step:1344/1645 train_time:540745ms step_avg:402.34ms
step:1345/1645 train_time:541147ms step_avg:402.34ms
step:1346/1645 train_time:541547ms step_avg:402.34ms
step:1347/1645 train_time:541948ms step_avg:402.34ms
step:1348/1645 train_time:542351ms step_avg:402.34ms
step:1349/1645 train_time:542750ms step_avg:402.34ms
step:1350/1645 train_time:543151ms step_avg:402.33ms
step:1351/1645 train_time:543551ms step_avg:402.33ms
step:1352/1645 train_time:543950ms step_avg:402.33ms
step:1353/1645 train_time:544353ms step_avg:402.33ms
step:1354/1645 train_time:544755ms step_avg:402.33ms
step:1355/1645 train_time:545156ms step_avg:402.33ms
step:1356/1645 train_time:545560ms step_avg:402.33ms
step:1357/1645 train_time:545966ms step_avg:402.33ms
step:1358/1645 train_time:546367ms step_avg:402.33ms
step:1359/1645 train_time:546766ms step_avg:402.33ms
step:1360/1645 train_time:547173ms step_avg:402.33ms
step:1361/1645 train_time:547576ms step_avg:402.33ms
step:1362/1645 train_time:547971ms step_avg:402.33ms
step:1363/1645 train_time:548374ms step_avg:402.33ms
step:1364/1645 train_time:548772ms step_avg:402.33ms
step:1365/1645 train_time:549173ms step_avg:402.32ms
step:1366/1645 train_time:549577ms step_avg:402.33ms
step:1367/1645 train_time:549978ms step_avg:402.32ms
step:1368/1645 train_time:550380ms step_avg:402.32ms
step:1369/1645 train_time:550782ms step_avg:402.32ms
step:1370/1645 train_time:551184ms step_avg:402.32ms
step:1371/1645 train_time:551583ms step_avg:402.32ms
step:1372/1645 train_time:551983ms step_avg:402.32ms
step:1373/1645 train_time:552383ms step_avg:402.32ms
step:1374/1645 train_time:552784ms step_avg:402.32ms
step:1375/1645 train_time:553184ms step_avg:402.32ms
step:1375/1645 val_loss:3.335428 train_time:553488ms step_avg:402.54ms
step:1376/1645 train_time:553741ms step_avg:402.43ms
step:1377/1645 train_time:554104ms step_avg:402.40ms
step:1378/1645 train_time:554503ms step_avg:402.40ms
step:1379/1645 train_time:554903ms step_avg:402.40ms
step:1380/1645 train_time:555308ms step_avg:402.40ms
step:1381/1645 train_time:555714ms step_avg:402.40ms
step:1382/1645 train_time:556116ms step_avg:402.40ms
step:1383/1645 train_time:556518ms step_avg:402.40ms
step:1384/1645 train_time:556918ms step_avg:402.40ms
step:1385/1645 train_time:557320ms step_avg:402.40ms
step:1386/1645 train_time:557722ms step_avg:402.40ms
step:1387/1645 train_time:558123ms step_avg:402.40ms
step:1388/1645 train_time:558524ms step_avg:402.39ms
step:1389/1645 train_time:558923ms step_avg:402.39ms
step:1390/1645 train_time:559325ms step_avg:402.39ms
step:1391/1645 train_time:559724ms step_avg:402.39ms
step:1392/1645 train_time:560129ms step_avg:402.39ms
step:1393/1645 train_time:560533ms step_avg:402.39ms
step:1394/1645 train_time:560932ms step_avg:402.39ms
step:1395/1645 train_time:561333ms step_avg:402.39ms
step:1396/1645 train_time:561731ms step_avg:402.39ms
step:1397/1645 train_time:562134ms step_avg:402.39ms
step:1398/1645 train_time:562532ms step_avg:402.38ms
step:1399/1645 train_time:562932ms step_avg:402.38ms
step:1400/1645 train_time:563330ms step_avg:402.38ms
step:1401/1645 train_time:563734ms step_avg:402.38ms
step:1402/1645 train_time:564137ms step_avg:402.38ms
step:1403/1645 train_time:564535ms step_avg:402.38ms
step:1404/1645 train_time:564939ms step_avg:402.38ms
step:1405/1645 train_time:565342ms step_avg:402.38ms
step:1406/1645 train_time:565740ms step_avg:402.38ms
step:1407/1645 train_time:566142ms step_avg:402.38ms
step:1408/1645 train_time:566546ms step_avg:402.38ms
step:1409/1645 train_time:566947ms step_avg:402.38ms
step:1410/1645 train_time:567346ms step_avg:402.37ms
step:1411/1645 train_time:567748ms step_avg:402.37ms
step:1412/1645 train_time:568153ms step_avg:402.37ms
step:1413/1645 train_time:568566ms step_avg:402.38ms
step:1414/1645 train_time:568967ms step_avg:402.38ms
step:1415/1645 train_time:569366ms step_avg:402.38ms
step:1416/1645 train_time:569752ms step_avg:402.37ms
step:1417/1645 train_time:570154ms step_avg:402.37ms
step:1418/1645 train_time:570552ms step_avg:402.36ms
step:1419/1645 train_time:570952ms step_avg:402.36ms
step:1420/1645 train_time:571355ms step_avg:402.36ms
step:1421/1645 train_time:571752ms step_avg:402.36ms
step:1422/1645 train_time:572150ms step_avg:402.36ms
step:1423/1645 train_time:572556ms step_avg:402.36ms
step:1424/1645 train_time:572961ms step_avg:402.36ms
step:1425/1645 train_time:573364ms step_avg:402.36ms
step:1426/1645 train_time:573768ms step_avg:402.36ms
step:1427/1645 train_time:574169ms step_avg:402.36ms
step:1428/1645 train_time:574573ms step_avg:402.36ms
step:1429/1645 train_time:574976ms step_avg:402.36ms
step:1430/1645 train_time:575380ms step_avg:402.36ms
step:1431/1645 train_time:575784ms step_avg:402.36ms
step:1432/1645 train_time:576186ms step_avg:402.36ms
step:1433/1645 train_time:576588ms step_avg:402.36ms
step:1434/1645 train_time:576990ms step_avg:402.36ms
step:1435/1645 train_time:577392ms step_avg:402.36ms
step:1436/1645 train_time:577793ms step_avg:402.36ms
step:1437/1645 train_time:578192ms step_avg:402.36ms
step:1438/1645 train_time:578593ms step_avg:402.36ms
step:1439/1645 train_time:578995ms step_avg:402.36ms
step:1440/1645 train_time:579400ms step_avg:402.36ms
step:1441/1645 train_time:579800ms step_avg:402.36ms
step:1442/1645 train_time:580201ms step_avg:402.36ms
step:1443/1645 train_time:580600ms step_avg:402.36ms
step:1444/1645 train_time:581005ms step_avg:402.36ms
step:1445/1645 train_time:581411ms step_avg:402.36ms
step:1446/1645 train_time:581823ms step_avg:402.37ms
step:1447/1645 train_time:582208ms step_avg:402.36ms
step:1448/1645 train_time:582613ms step_avg:402.36ms
step:1449/1645 train_time:583012ms step_avg:402.35ms
step:1450/1645 train_time:583409ms step_avg:402.35ms
step:1451/1645 train_time:583809ms step_avg:402.35ms
step:1452/1645 train_time:584210ms step_avg:402.35ms
step:1453/1645 train_time:584616ms step_avg:402.35ms
step:1454/1645 train_time:585013ms step_avg:402.35ms
step:1455/1645 train_time:585413ms step_avg:402.35ms
step:1456/1645 train_time:585814ms step_avg:402.34ms
step:1457/1645 train_time:586217ms step_avg:402.35ms
step:1458/1645 train_time:586620ms step_avg:402.35ms
step:1459/1645 train_time:587020ms step_avg:402.34ms
step:1460/1645 train_time:587424ms step_avg:402.35ms
step:1461/1645 train_time:587827ms step_avg:402.35ms
step:1462/1645 train_time:588225ms step_avg:402.34ms
step:1463/1645 train_time:588629ms step_avg:402.34ms
step:1464/1645 train_time:589029ms step_avg:402.34ms
step:1465/1645 train_time:589448ms step_avg:402.35ms
step:1466/1645 train_time:589837ms step_avg:402.34ms
step:1467/1645 train_time:590240ms step_avg:402.34ms
step:1468/1645 train_time:590642ms step_avg:402.34ms
step:1469/1645 train_time:591048ms step_avg:402.35ms
step:1470/1645 train_time:591451ms step_avg:402.35ms
step:1471/1645 train_time:591854ms step_avg:402.35ms
step:1472/1645 train_time:592260ms step_avg:402.35ms
step:1473/1645 train_time:592662ms step_avg:402.35ms
step:1474/1645 train_time:593064ms step_avg:402.35ms
step:1475/1645 train_time:593468ms step_avg:402.35ms
step:1476/1645 train_time:593872ms step_avg:402.35ms
step:1477/1645 train_time:594273ms step_avg:402.35ms
step:1478/1645 train_time:594676ms step_avg:402.35ms
step:1479/1645 train_time:595082ms step_avg:402.35ms
step:1480/1645 train_time:595480ms step_avg:402.35ms
step:1481/1645 train_time:595883ms step_avg:402.35ms
step:1482/1645 train_time:596286ms step_avg:402.35ms
step:1483/1645 train_time:596691ms step_avg:402.35ms
step:1484/1645 train_time:597092ms step_avg:402.35ms
step:1485/1645 train_time:597493ms step_avg:402.35ms
step:1486/1645 train_time:597895ms step_avg:402.35ms
step:1487/1645 train_time:598300ms step_avg:402.35ms
step:1488/1645 train_time:598705ms step_avg:402.36ms
step:1489/1645 train_time:599111ms step_avg:402.36ms
step:1490/1645 train_time:599512ms step_avg:402.36ms
step:1491/1645 train_time:599915ms step_avg:402.36ms
step:1492/1645 train_time:600322ms step_avg:402.36ms
step:1493/1645 train_time:600728ms step_avg:402.36ms
step:1494/1645 train_time:601130ms step_avg:402.36ms
step:1495/1645 train_time:601536ms step_avg:402.37ms
step:1496/1645 train_time:601938ms step_avg:402.37ms
step:1497/1645 train_time:602340ms step_avg:402.36ms
step:1498/1645 train_time:602745ms step_avg:402.37ms
step:1499/1645 train_time:603148ms step_avg:402.37ms
step:1500/1645 train_time:603550ms step_avg:402.37ms
step:1500/1645 val_loss:3.305182 train_time:603853ms step_avg:402.57ms
step:1501/1645 train_time:604104ms step_avg:402.47ms
step:1502/1645 train_time:604473ms step_avg:402.45ms
step:1503/1645 train_time:604878ms step_avg:402.45ms
step:1504/1645 train_time:605288ms step_avg:402.45ms
step:1505/1645 train_time:605694ms step_avg:402.45ms
step:1506/1645 train_time:606097ms step_avg:402.46ms
step:1507/1645 train_time:606502ms step_avg:402.46ms
step:1508/1645 train_time:606906ms step_avg:402.46ms
step:1509/1645 train_time:607309ms step_avg:402.46ms
step:1510/1645 train_time:607710ms step_avg:402.46ms
step:1511/1645 train_time:608119ms step_avg:402.46ms
step:1512/1645 train_time:608520ms step_avg:402.46ms
step:1513/1645 train_time:608923ms step_avg:402.46ms
step:1514/1645 train_time:609325ms step_avg:402.46ms
step:1515/1645 train_time:609726ms step_avg:402.46ms
step:1516/1645 train_time:610130ms step_avg:402.46ms
step:1517/1645 train_time:610532ms step_avg:402.46ms
step:1518/1645 train_time:610935ms step_avg:402.46ms
step:1519/1645 train_time:611338ms step_avg:402.46ms
step:1520/1645 train_time:611747ms step_avg:402.47ms
step:1521/1645 train_time:612151ms step_avg:402.47ms
step:1522/1645 train_time:612553ms step_avg:402.47ms
step:1523/1645 train_time:612951ms step_avg:402.46ms
step:1524/1645 train_time:613363ms step_avg:402.47ms
step:1525/1645 train_time:613770ms step_avg:402.47ms
step:1526/1645 train_time:614171ms step_avg:402.47ms
step:1527/1645 train_time:614575ms step_avg:402.47ms
step:1528/1645 train_time:614981ms step_avg:402.47ms
step:1529/1645 train_time:615383ms step_avg:402.47ms
step:1530/1645 train_time:615787ms step_avg:402.48ms
step:1531/1645 train_time:616194ms step_avg:402.48ms
step:1532/1645 train_time:616593ms step_avg:402.48ms
step:1533/1645 train_time:616995ms step_avg:402.48ms
step:1534/1645 train_time:617397ms step_avg:402.48ms
step:1535/1645 train_time:617798ms step_avg:402.47ms
step:1536/1645 train_time:618200ms step_avg:402.47ms
step:1537/1645 train_time:618602ms step_avg:402.47ms
step:1538/1645 train_time:619009ms step_avg:402.48ms
step:1539/1645 train_time:619410ms step_avg:402.48ms
step:1540/1645 train_time:619818ms step_avg:402.48ms
step:1541/1645 train_time:620219ms step_avg:402.48ms
step:1542/1645 train_time:620624ms step_avg:402.48ms
step:1543/1645 train_time:621032ms step_avg:402.48ms
step:1544/1645 train_time:621433ms step_avg:402.48ms
step:1545/1645 train_time:621840ms step_avg:402.49ms
step:1546/1645 train_time:622239ms step_avg:402.48ms
step:1547/1645 train_time:622641ms step_avg:402.48ms
step:1548/1645 train_time:623044ms step_avg:402.48ms
step:1549/1645 train_time:623447ms step_avg:402.48ms
step:1550/1645 train_time:623853ms step_avg:402.49ms
step:1551/1645 train_time:624257ms step_avg:402.49ms
step:1552/1645 train_time:624662ms step_avg:402.49ms
step:1553/1645 train_time:625064ms step_avg:402.49ms
step:1554/1645 train_time:625468ms step_avg:402.49ms
step:1555/1645 train_time:625870ms step_avg:402.49ms
step:1556/1645 train_time:626272ms step_avg:402.49ms
step:1557/1645 train_time:626679ms step_avg:402.49ms
step:1558/1645 train_time:627085ms step_avg:402.49ms
step:1559/1645 train_time:627488ms step_avg:402.49ms
step:1560/1645 train_time:627890ms step_avg:402.49ms
step:1561/1645 train_time:628293ms step_avg:402.49ms
step:1562/1645 train_time:628697ms step_avg:402.49ms
step:1563/1645 train_time:629101ms step_avg:402.50ms
step:1564/1645 train_time:629506ms step_avg:402.50ms
step:1565/1645 train_time:629909ms step_avg:402.50ms
step:1566/1645 train_time:630315ms step_avg:402.50ms
step:1567/1645 train_time:630718ms step_avg:402.50ms
step:1568/1645 train_time:631120ms step_avg:402.50ms
step:1569/1645 train_time:631520ms step_avg:402.50ms
step:1570/1645 train_time:631924ms step_avg:402.50ms
step:1571/1645 train_time:632328ms step_avg:402.50ms
step:1572/1645 train_time:632733ms step_avg:402.50ms
step:1573/1645 train_time:633137ms step_avg:402.50ms
step:1574/1645 train_time:633540ms step_avg:402.50ms
step:1575/1645 train_time:633944ms step_avg:402.50ms
step:1576/1645 train_time:634350ms step_avg:402.51ms
step:1577/1645 train_time:634753ms step_avg:402.51ms
step:1578/1645 train_time:635158ms step_avg:402.51ms
step:1579/1645 train_time:635561ms step_avg:402.51ms
step:1580/1645 train_time:635963ms step_avg:402.51ms
step:1581/1645 train_time:636368ms step_avg:402.51ms
step:1582/1645 train_time:636772ms step_avg:402.51ms
step:1583/1645 train_time:637175ms step_avg:402.51ms
step:1584/1645 train_time:637581ms step_avg:402.51ms
step:1585/1645 train_time:637981ms step_avg:402.51ms
step:1586/1645 train_time:638388ms step_avg:402.51ms
step:1587/1645 train_time:638789ms step_avg:402.51ms
step:1588/1645 train_time:639194ms step_avg:402.52ms
step:1589/1645 train_time:639595ms step_avg:402.51ms
step:1590/1645 train_time:640000ms step_avg:402.52ms
step:1591/1645 train_time:640403ms step_avg:402.52ms
step:1592/1645 train_time:640807ms step_avg:402.52ms
step:1593/1645 train_time:641206ms step_avg:402.51ms
step:1594/1645 train_time:641613ms step_avg:402.52ms
step:1595/1645 train_time:642017ms step_avg:402.52ms
step:1596/1645 train_time:642419ms step_avg:402.52ms
step:1597/1645 train_time:642822ms step_avg:402.52ms
step:1598/1645 train_time:643223ms step_avg:402.52ms
step:1599/1645 train_time:643630ms step_avg:402.52ms
step:1600/1645 train_time:644038ms step_avg:402.52ms
step:1601/1645 train_time:644438ms step_avg:402.52ms
step:1602/1645 train_time:644839ms step_avg:402.52ms
step:1603/1645 train_time:645241ms step_avg:402.52ms
step:1604/1645 train_time:645652ms step_avg:402.53ms
step:1605/1645 train_time:646057ms step_avg:402.53ms
step:1606/1645 train_time:646460ms step_avg:402.53ms
step:1607/1645 train_time:646865ms step_avg:402.53ms
step:1608/1645 train_time:647266ms step_avg:402.53ms
step:1609/1645 train_time:647670ms step_avg:402.53ms
step:1610/1645 train_time:648074ms step_avg:402.53ms
step:1611/1645 train_time:648482ms step_avg:402.53ms
step:1612/1645 train_time:648886ms step_avg:402.53ms
step:1613/1645 train_time:649292ms step_avg:402.54ms
step:1614/1645 train_time:649694ms step_avg:402.54ms
step:1615/1645 train_time:650099ms step_avg:402.54ms
step:1616/1645 train_time:650503ms step_avg:402.54ms
step:1617/1645 train_time:650900ms step_avg:402.54ms
step:1618/1645 train_time:651303ms step_avg:402.54ms
step:1619/1645 train_time:651706ms step_avg:402.54ms
step:1620/1645 train_time:652113ms step_avg:402.54ms
step:1621/1645 train_time:652516ms step_avg:402.54ms
step:1622/1645 train_time:652921ms step_avg:402.54ms
step:1623/1645 train_time:653324ms step_avg:402.54ms
step:1624/1645 train_time:653725ms step_avg:402.54ms
step:1625/1645 train_time:654133ms step_avg:402.54ms
step:1625/1645 val_loss:3.280908 train_time:654435ms step_avg:402.73ms
step:1626/1645 train_time:654694ms step_avg:402.64ms
step:1627/1645 train_time:655100ms step_avg:402.64ms
step:1628/1645 train_time:655502ms step_avg:402.64ms
step:1629/1645 train_time:655907ms step_avg:402.64ms
step:1630/1645 train_time:656312ms step_avg:402.65ms
step:1631/1645 train_time:656717ms step_avg:402.65ms
step:1632/1645 train_time:657122ms step_avg:402.65ms
step:1633/1645 train_time:657522ms step_avg:402.65ms
step:1634/1645 train_time:657926ms step_avg:402.65ms
step:1635/1645 train_time:658326ms step_avg:402.65ms
step:1636/1645 train_time:658729ms step_avg:402.65ms
step:1637/1645 train_time:659135ms step_avg:402.65ms
step:1638/1645 train_time:659544ms step_avg:402.65ms
step:1639/1645 train_time:659949ms step_avg:402.65ms
step:1640/1645 train_time:660353ms step_avg:402.65ms
step:1641/1645 train_time:660757ms step_avg:402.66ms
step:1642/1645 train_time:661159ms step_avg:402.65ms
step:1643/1645 train_time:661561ms step_avg:402.65ms
step:1644/1645 train_time:661964ms step_avg:402.65ms
step:1645/1645 train_time:662366ms step_avg:402.65ms
step:1645/1645 val_loss:3.275266 train_time:662664ms step_avg:402.84ms
peak memory allocated: 29381 MiB reserved: 32142 MiB
total training time: 662.66s (662664ms)
