W0525 14:28:29.402000 243 site-packages/torch/distributed/run.py:766] 
W0525 14:28:29.402000 243 site-packages/torch/distributed/run.py:766] *****************************************
W0525 14:28:29.402000 243 site-packages/torch/distributed/run.py:766] Setting OMP_NUM_THREADS environment variable for each process to be 1 in default, to avoid your system being overloaded, please further tune the variable for optimal performance in your application as needed. 
W0525 14:28:29.402000 243 site-packages/torch/distributed/run.py:766] *****************************************
/root/miniconda3/envs/llm_test/lib/python3.10/site-packages/torch/autograd/__init__.py:221: UserWarning: Cannot create tensor with interal format while allow_internel_format=False, tensor will be created with base format. (Triggered internally at build/CMakeFiles/torch_npu.dir/compiler_depend.ts:338.)
  torch.ones_like(out, memory_format=torch.preserve_format)
/root/miniconda3/envs/llm_test/lib/python3.10/site-packages/torch/distributed/distributed_c10d.py:4631: UserWarning: No device id is provided via `init_process_group` or `barrier `. Using the current device set by the user. 
  warnings.warn(  # warn only once
/root/miniconda3/envs/llm_test/lib/python3.10/site-packages/torch/autograd/__init__.py:221: UserWarning: Cannot create tensor with interal format while allow_internel_format=False, tensor will be created with base format. (Triggered internally at build/CMakeFiles/torch_npu.dir/compiler_depend.ts:338.)
  torch.ones_like(out, memory_format=torch.preserve_format)
/root/miniconda3/envs/llm_test/lib/python3.10/site-packages/torch/distributed/distributed_c10d.py:4631: UserWarning: No device id is provided via `init_process_group` or `barrier `. Using the current device set by the user. 
  warnings.warn(  # warn only once
/root/miniconda3/envs/llm_test/lib/python3.10/site-packages/torch/autograd/__init__.py:221: UserWarning: Cannot create tensor with interal format while allow_internel_format=False, tensor will be created with base format. (Triggered internally at build/CMakeFiles/torch_npu.dir/compiler_depend.ts:338.)
  torch.ones_like(out, memory_format=torch.preserve_format)
/root/miniconda3/envs/llm_test/lib/python3.10/site-packages/torch/autograd/__init__.py:221: UserWarning: Cannot create tensor with interal format while allow_internel_format=False, tensor will be created with base format. (Triggered internally at build/CMakeFiles/torch_npu.dir/compiler_depend.ts:338.)
  torch.ones_like(out, memory_format=torch.preserve_format)
/root/miniconda3/envs/llm_test/lib/python3.10/site-packages/torch/autograd/__init__.py:221: UserWarning: Cannot create tensor with interal format while allow_internel_format=False, tensor will be created with base format. (Triggered internally at build/CMakeFiles/torch_npu.dir/compiler_depend.ts:338.)
  torch.ones_like(out, memory_format=torch.preserve_format)
/root/miniconda3/envs/llm_test/lib/python3.10/site-packages/torch/autograd/__init__.py:221: UserWarning: Cannot create tensor with interal format while allow_internel_format=False, tensor will be created with base format. (Triggered internally at build/CMakeFiles/torch_npu.dir/compiler_depend.ts:338.)
  torch.ones_like(out, memory_format=torch.preserve_format)
/root/miniconda3/envs/llm_test/lib/python3.10/site-packages/torch/autograd/__init__.py:221: UserWarning: Cannot create tensor with interal format while allow_internel_format=False, tensor will be created with base format. (Triggered internally at build/CMakeFiles/torch_npu.dir/compiler_depend.ts:338.)
  torch.ones_like(out, memory_format=torch.preserve_format)
/root/miniconda3/envs/llm_test/lib/python3.10/site-packages/torch/autograd/__init__.py:221: UserWarning: Cannot create tensor with interal format while allow_internel_format=False, tensor will be created with base format. (Triggered internally at build/CMakeFiles/torch_npu.dir/compiler_depend.ts:338.)
  torch.ones_like(out, memory_format=torch.preserve_format)
/root/miniconda3/envs/llm_test/lib/python3.10/site-packages/torch/autograd/__init__.py:221: UserWarning: Cannot create tensor with interal format while allow_internel_format=False, tensor will be created with base format. (Triggered internally at build/CMakeFiles/torch_npu.dir/compiler_depend.ts:338.)
  torch.ones_like(out, memory_format=torch.preserve_format)
/root/miniconda3/envs/llm_test/lib/python3.10/site-packages/torch/autograd/__init__.py:221: UserWarning: Cannot create tensor with interal format while allow_internel_format=False, tensor will be created with base format. (Triggered internally at build/CMakeFiles/torch_npu.dir/compiler_depend.ts:338.)
  torch.ones_like(out, memory_format=torch.preserve_format)
/root/miniconda3/envs/llm_test/lib/python3.10/site-packages/torch/autograd/__init__.py:221: UserWarning: Cannot create tensor with interal format while allow_internel_format=False, tensor will be created with base format. (Triggered internally at build/CMakeFiles/torch_npu.dir/compiler_depend.ts:338.)
  torch.ones_like(out, memory_format=torch.preserve_format)
/root/miniconda3/envs/llm_test/lib/python3.10/site-packages/torch/autograd/__init__.py:221: UserWarning: Cannot create tensor with interal format while allow_internel_format=False, tensor will be created with base format. (Triggered internally at build/CMakeFiles/torch_npu.dir/compiler_depend.ts:338.)
  torch.ones_like(out, memory_format=torch.preserve_format)
/root/miniconda3/envs/llm_test/lib/python3.10/site-packages/torch/autograd/__init__.py:221: UserWarning: Cannot create tensor with interal format while allow_internel_format=False, tensor will be created with base format. (Triggered internally at build/CMakeFiles/torch_npu.dir/compiler_depend.ts:338.)
  torch.ones_like(out, memory_format=torch.preserve_format)
/root/miniconda3/envs/llm_test/lib/python3.10/site-packages/torch/autograd/__init__.py:221: UserWarning: Cannot create tensor with interal format while allow_internel_format=False, tensor will be created with base format. (Triggered internally at build/CMakeFiles/torch_npu.dir/compiler_depend.ts:338.)
  torch.ones_like(out, memory_format=torch.preserve_format)
/root/miniconda3/envs/llm_test/lib/python3.10/site-packages/torch/autograd/__init__.py:221: UserWarning: Cannot create tensor with interal format while allow_internel_format=False, tensor will be created with base format. (Triggered internally at build/CMakeFiles/torch_npu.dir/compiler_depend.ts:338.)
  torch.ones_like(out, memory_format=torch.preserve_format)
/root/miniconda3/envs/llm_test/lib/python3.10/site-packages/torch/autograd/__init__.py:221: UserWarning: Cannot create tensor with interal format while allow_internel_format=False, tensor will be created with base format. (Triggered internally at build/CMakeFiles/torch_npu.dir/compiler_depend.ts:338.)
  torch.ones_like(out, memory_format=torch.preserve_format)
/root/miniconda3/envs/llm_test/lib/python3.10/site-packages/torch/distributed/distributed_c10d.py:4631: UserWarning: No device id is provided via `init_process_group` or `barrier `. Using the current device set by the user. 
  warnings.warn(  # warn only once
/root/miniconda3/envs/llm_test/lib/python3.10/site-packages/torch/distributed/distributed_c10d.py:4631: UserWarning: No device id is provided via `init_process_group` or `barrier `. Using the current device set by the user. 
  warnings.warn(  # warn only once
/root/miniconda3/envs/llm_test/lib/python3.10/site-packages/torch/distributed/distributed_c10d.py:4631: UserWarning: No device id is provided via `init_process_group` or `barrier `. Using the current device set by the user. 
  warnings.warn(  # warn only once
/root/miniconda3/envs/llm_test/lib/python3.10/site-packages/torch/distributed/distributed_c10d.py:4631: UserWarning: No device id is provided via `init_process_group` or `barrier `. Using the current device set by the user. 
  warnings.warn(  # warn only once
/root/miniconda3/envs/llm_test/lib/python3.10/site-packages/torch/distributed/distributed_c10d.py:4631: UserWarning: No device id is provided via `init_process_group` or `barrier `. Using the current device set by the user. 
  warnings.warn(  # warn only once
/root/miniconda3/envs/llm_test/lib/python3.10/site-packages/torch/distributed/distributed_c10d.py:4631: UserWarning: No device id is provided via `init_process_group` or `barrier `. Using the current device set by the user. 
  warnings.warn(  # warn only once
/root/miniconda3/envs/llm_test/lib/python3.10/site-packages/torch/distributed/distributed_c10d.py:4631: UserWarning: No device id is provided via `init_process_group` or `barrier `. Using the current device set by the user. 
  warnings.warn(  # warn only once
/root/miniconda3/envs/llm_test/lib/python3.10/site-packages/torch/distributed/distributed_c10d.py:4631: UserWarning: No device id is provided via `init_process_group` or `barrier `. Using the current device set by the user. 
  warnings.warn(  # warn only once
/root/miniconda3/envs/llm_test/lib/python3.10/site-packages/torch/distributed/distributed_c10d.py:4631: UserWarning: No device id is provided via `init_process_group` or `barrier `. Using the current device set by the user. 
  warnings.warn(  # warn only once
/root/miniconda3/envs/llm_test/lib/python3.10/site-packages/torch/distributed/distributed_c10d.py:4631: UserWarning: No device id is provided via `init_process_group` or `barrier `. Using the current device set by the user. 
  warnings.warn(  # warn only once
/root/miniconda3/envs/llm_test/lib/python3.10/site-packages/torch/distributed/distributed_c10d.py:4631: UserWarning: No device id is provided via `init_process_group` or `barrier `. Using the current device set by the user. 
  warnings.warn(  # warn only once
/root/miniconda3/envs/llm_test/lib/python3.10/site-packages/torch/distributed/distributed_c10d.py:4631: UserWarning: No device id is provided via `init_process_group` or `barrier `. Using the current device set by the user. 
  warnings.warn(  # warn only once
/root/miniconda3/envs/llm_test/lib/python3.10/site-packages/torch/distributed/distributed_c10d.py:4631: UserWarning: No device id is provided via `init_process_group` or `barrier `. Using the current device set by the user. 
  warnings.warn(  # warn only once
/root/miniconda3/envs/llm_test/lib/python3.10/site-packages/torch/distributed/distributed_c10d.py:4631: UserWarning: No device id is provided via `init_process_group` or `barrier `. Using the current device set by the user. 
  warnings.warn(  # warn only once
logs/smear/e6cc303e-56ee-4bb3-8e41-f0b0ff03f17c
/root/miniconda3/envs/llm_test/lib/python3.10/site-packages/torch_npu/utils/storage.py:89: UserWarning: TypedStorage is deprecated. It will be removed in the future and UntypedStorage will be the only storage class. This should only matter to you if you are using storages directly.  To access UntypedStorage directly, use tensor.untyped_storage() instead of tensor.storage()
  if self.device.type != 'cpu':
step:0/1645 val_loss:10.825841 train_time:0ms step_avg:0.07ms
step:1/1645 train_time:1192ms step_avg:1191.93ms
step:2/1645 train_time:1306ms step_avg:652.95ms
step:3/1645 train_time:1705ms step_avg:568.45ms
step:4/1645 train_time:2102ms step_avg:525.54ms
step:5/1645 train_time:2509ms step_avg:501.71ms
step:6/1645 train_time:2903ms step_avg:483.91ms
step:7/1645 train_time:3307ms step_avg:472.48ms
step:8/1645 train_time:3700ms step_avg:462.56ms
step:9/1645 train_time:4107ms step_avg:456.30ms
step:10/1645 train_time:4509ms step_avg:450.90ms
step:11/1645 train_time:4905ms step_avg:445.92ms
step:12/1645 train_time:5310ms step_avg:442.50ms
step:13/1645 train_time:5711ms step_avg:439.30ms
step:14/1645 train_time:6120ms step_avg:437.13ms
step:15/1645 train_time:6512ms step_avg:434.16ms
step:16/1645 train_time:6916ms step_avg:432.26ms
step:17/1645 train_time:7319ms step_avg:430.54ms
step:18/1645 train_time:7718ms step_avg:428.80ms
step:19/1645 train_time:8121ms step_avg:427.42ms
step:20/1645 train_time:8524ms step_avg:426.21ms
step:21/1645 train_time:8924ms step_avg:424.95ms
step:22/1645 train_time:9329ms step_avg:424.04ms
step:23/1645 train_time:9733ms step_avg:423.18ms
step:24/1645 train_time:10141ms step_avg:422.54ms
step:25/1645 train_time:10536ms step_avg:421.45ms
step:26/1645 train_time:10942ms step_avg:420.86ms
step:27/1645 train_time:11342ms step_avg:420.09ms
step:28/1645 train_time:11745ms step_avg:419.47ms
step:29/1645 train_time:12142ms step_avg:418.71ms
step:30/1645 train_time:12546ms step_avg:418.20ms
step:31/1645 train_time:12944ms step_avg:417.55ms
step:32/1645 train_time:13346ms step_avg:417.06ms
step:33/1645 train_time:13748ms step_avg:416.59ms
step:34/1645 train_time:14148ms step_avg:416.12ms
step:35/1645 train_time:14552ms step_avg:415.77ms
step:36/1645 train_time:14946ms step_avg:415.16ms
step:37/1645 train_time:15348ms step_avg:414.81ms
step:38/1645 train_time:15747ms step_avg:414.39ms
step:39/1645 train_time:16152ms step_avg:414.15ms
step:40/1645 train_time:16548ms step_avg:413.70ms
step:41/1645 train_time:16946ms step_avg:413.33ms
step:42/1645 train_time:17351ms step_avg:413.11ms
step:43/1645 train_time:17753ms step_avg:412.86ms
step:44/1645 train_time:18148ms step_avg:412.45ms
step:45/1645 train_time:18552ms step_avg:412.26ms
step:46/1645 train_time:18953ms step_avg:412.02ms
step:47/1645 train_time:19350ms step_avg:411.71ms
step:48/1645 train_time:19749ms step_avg:411.44ms
step:49/1645 train_time:20153ms step_avg:411.29ms
step:50/1645 train_time:20558ms step_avg:411.17ms
step:51/1645 train_time:20956ms step_avg:410.90ms
step:52/1645 train_time:21357ms step_avg:410.72ms
step:53/1645 train_time:21757ms step_avg:410.52ms
step:54/1645 train_time:22157ms step_avg:410.31ms
step:55/1645 train_time:22558ms step_avg:410.14ms
step:56/1645 train_time:22960ms step_avg:410.00ms
step:57/1645 train_time:23365ms step_avg:409.92ms
step:58/1645 train_time:23767ms step_avg:409.77ms
step:59/1645 train_time:24173ms step_avg:409.72ms
step:60/1645 train_time:24568ms step_avg:409.47ms
step:61/1645 train_time:24969ms step_avg:409.32ms
step:62/1645 train_time:25371ms step_avg:409.21ms
step:63/1645 train_time:25777ms step_avg:409.16ms
step:64/1645 train_time:26176ms step_avg:409.00ms
step:65/1645 train_time:26577ms step_avg:408.88ms
step:66/1645 train_time:26973ms step_avg:408.68ms
step:67/1645 train_time:27371ms step_avg:408.52ms
step:68/1645 train_time:27771ms step_avg:408.39ms
step:69/1645 train_time:28174ms step_avg:408.32ms
step:70/1645 train_time:28585ms step_avg:408.35ms
step:71/1645 train_time:28988ms step_avg:408.28ms
step:72/1645 train_time:29386ms step_avg:408.14ms
step:73/1645 train_time:29787ms step_avg:408.04ms
step:74/1645 train_time:30189ms step_avg:407.96ms
step:75/1645 train_time:30596ms step_avg:407.95ms
step:76/1645 train_time:30994ms step_avg:407.82ms
step:77/1645 train_time:31398ms step_avg:407.77ms
step:78/1645 train_time:31803ms step_avg:407.73ms
step:79/1645 train_time:32203ms step_avg:407.64ms
step:80/1645 train_time:32608ms step_avg:407.60ms
step:81/1645 train_time:33007ms step_avg:407.49ms
step:82/1645 train_time:33416ms step_avg:407.51ms
step:83/1645 train_time:33813ms step_avg:407.38ms
step:84/1645 train_time:34216ms step_avg:407.34ms
step:85/1645 train_time:34616ms step_avg:407.25ms
step:86/1645 train_time:35025ms step_avg:407.27ms
step:87/1645 train_time:35425ms step_avg:407.18ms
step:88/1645 train_time:35829ms step_avg:407.14ms
step:89/1645 train_time:36229ms step_avg:407.07ms
step:90/1645 train_time:36630ms step_avg:407.01ms
step:91/1645 train_time:37035ms step_avg:406.98ms
step:92/1645 train_time:37433ms step_avg:406.88ms
step:93/1645 train_time:37833ms step_avg:406.81ms
step:94/1645 train_time:38233ms step_avg:406.74ms
step:95/1645 train_time:38637ms step_avg:406.70ms
step:96/1645 train_time:39039ms step_avg:406.65ms
step:97/1645 train_time:39437ms step_avg:406.57ms
step:98/1645 train_time:39841ms step_avg:406.54ms
step:99/1645 train_time:40252ms step_avg:406.59ms
step:100/1645 train_time:40643ms step_avg:406.43ms
step:101/1645 train_time:41049ms step_avg:406.42ms
step:102/1645 train_time:41449ms step_avg:406.36ms
step:103/1645 train_time:41849ms step_avg:406.30ms
step:104/1645 train_time:42251ms step_avg:406.26ms
step:105/1645 train_time:42648ms step_avg:406.17ms
step:106/1645 train_time:43051ms step_avg:406.14ms
step:107/1645 train_time:43456ms step_avg:406.13ms
step:108/1645 train_time:43854ms step_avg:406.05ms
step:109/1645 train_time:44255ms step_avg:406.01ms
step:110/1645 train_time:44652ms step_avg:405.93ms
step:111/1645 train_time:45060ms step_avg:405.94ms
step:112/1645 train_time:45465ms step_avg:405.94ms
step:113/1645 train_time:45877ms step_avg:405.99ms
step:114/1645 train_time:46272ms step_avg:405.89ms
step:115/1645 train_time:46677ms step_avg:405.88ms
step:116/1645 train_time:47070ms step_avg:405.77ms
step:117/1645 train_time:47478ms step_avg:405.80ms
step:118/1645 train_time:47881ms step_avg:405.77ms
step:119/1645 train_time:48280ms step_avg:405.71ms
step:120/1645 train_time:48676ms step_avg:405.63ms
step:121/1645 train_time:49078ms step_avg:405.60ms
step:122/1645 train_time:49478ms step_avg:405.56ms
step:123/1645 train_time:49879ms step_avg:405.52ms
step:124/1645 train_time:50276ms step_avg:405.45ms
step:125/1645 train_time:50676ms step_avg:405.41ms
step:125/1645 val_loss:4.321314 train_time:50979ms step_avg:407.83ms
step:126/1645 train_time:51251ms step_avg:406.75ms
step:127/1645 train_time:51603ms step_avg:406.33ms
step:128/1645 train_time:52002ms step_avg:406.27ms
step:129/1645 train_time:52403ms step_avg:406.23ms
step:130/1645 train_time:52811ms step_avg:406.24ms
step:131/1645 train_time:53212ms step_avg:406.20ms
step:132/1645 train_time:53615ms step_avg:406.17ms
step:133/1645 train_time:54014ms step_avg:406.12ms
step:134/1645 train_time:54417ms step_avg:406.10ms
step:135/1645 train_time:54818ms step_avg:406.06ms
step:136/1645 train_time:55216ms step_avg:406.00ms
step:137/1645 train_time:55613ms step_avg:405.93ms
step:138/1645 train_time:56012ms step_avg:405.89ms
step:139/1645 train_time:56417ms step_avg:405.88ms
step:140/1645 train_time:56816ms step_avg:405.83ms
step:141/1645 train_time:57220ms step_avg:405.82ms
step:142/1645 train_time:57621ms step_avg:405.78ms
step:143/1645 train_time:58022ms step_avg:405.75ms
step:144/1645 train_time:58421ms step_avg:405.70ms
step:145/1645 train_time:58823ms step_avg:405.68ms
step:146/1645 train_time:59227ms step_avg:405.67ms
step:147/1645 train_time:59622ms step_avg:405.59ms
step:148/1645 train_time:60024ms step_avg:405.56ms
step:149/1645 train_time:60429ms step_avg:405.57ms
step:150/1645 train_time:60829ms step_avg:405.52ms
step:151/1645 train_time:61227ms step_avg:405.48ms
step:152/1645 train_time:61626ms step_avg:405.44ms
step:153/1645 train_time:62025ms step_avg:405.39ms
step:154/1645 train_time:62427ms step_avg:405.37ms
step:155/1645 train_time:62825ms step_avg:405.32ms
step:156/1645 train_time:63229ms step_avg:405.32ms
step:157/1645 train_time:63635ms step_avg:405.32ms
step:158/1645 train_time:64037ms step_avg:405.30ms
step:159/1645 train_time:64439ms step_avg:405.28ms
step:160/1645 train_time:64841ms step_avg:405.26ms
step:161/1645 train_time:65239ms step_avg:405.21ms
step:162/1645 train_time:65643ms step_avg:405.21ms
step:163/1645 train_time:66046ms step_avg:405.19ms
step:164/1645 train_time:66445ms step_avg:405.15ms
step:165/1645 train_time:66846ms step_avg:405.13ms
step:166/1645 train_time:67258ms step_avg:405.17ms
step:167/1645 train_time:67647ms step_avg:405.07ms
step:168/1645 train_time:68052ms step_avg:405.07ms
step:169/1645 train_time:68452ms step_avg:405.04ms
step:170/1645 train_time:68859ms step_avg:405.05ms
step:171/1645 train_time:69253ms step_avg:404.99ms
step:172/1645 train_time:69655ms step_avg:404.97ms
step:173/1645 train_time:70059ms step_avg:404.96ms
step:174/1645 train_time:70464ms step_avg:404.97ms
step:175/1645 train_time:70866ms step_avg:404.95ms
step:176/1645 train_time:71266ms step_avg:404.92ms
step:177/1645 train_time:71667ms step_avg:404.90ms
step:178/1645 train_time:72067ms step_avg:404.87ms
step:179/1645 train_time:72462ms step_avg:404.82ms
step:180/1645 train_time:72865ms step_avg:404.81ms
step:181/1645 train_time:73274ms step_avg:404.83ms
step:182/1645 train_time:73678ms step_avg:404.82ms
step:183/1645 train_time:74080ms step_avg:404.81ms
step:184/1645 train_time:74476ms step_avg:404.76ms
step:185/1645 train_time:74884ms step_avg:404.78ms
step:186/1645 train_time:75278ms step_avg:404.72ms
step:187/1645 train_time:75686ms step_avg:404.74ms
step:188/1645 train_time:76080ms step_avg:404.68ms
step:189/1645 train_time:76479ms step_avg:404.65ms
step:190/1645 train_time:76877ms step_avg:404.62ms
step:191/1645 train_time:77280ms step_avg:404.61ms
step:192/1645 train_time:77683ms step_avg:404.60ms
step:193/1645 train_time:78082ms step_avg:404.57ms
step:194/1645 train_time:78486ms step_avg:404.56ms
step:195/1645 train_time:78886ms step_avg:404.54ms
step:196/1645 train_time:79290ms step_avg:404.54ms
step:197/1645 train_time:79691ms step_avg:404.52ms
step:198/1645 train_time:80094ms step_avg:404.52ms
step:199/1645 train_time:80499ms step_avg:404.52ms
step:200/1645 train_time:80900ms step_avg:404.50ms
step:201/1645 train_time:81296ms step_avg:404.46ms
step:202/1645 train_time:81696ms step_avg:404.43ms
step:203/1645 train_time:82095ms step_avg:404.41ms
step:204/1645 train_time:82501ms step_avg:404.42ms
step:205/1645 train_time:82896ms step_avg:404.37ms
step:206/1645 train_time:83299ms step_avg:404.36ms
step:207/1645 train_time:83702ms step_avg:404.36ms
step:208/1645 train_time:84106ms step_avg:404.35ms
step:209/1645 train_time:84502ms step_avg:404.32ms
step:210/1645 train_time:84907ms step_avg:404.32ms
step:211/1645 train_time:85308ms step_avg:404.30ms
step:212/1645 train_time:85716ms step_avg:404.32ms
step:213/1645 train_time:86118ms step_avg:404.31ms
step:214/1645 train_time:86514ms step_avg:404.27ms
step:215/1645 train_time:86913ms step_avg:404.25ms
step:216/1645 train_time:87309ms step_avg:404.21ms
step:217/1645 train_time:87712ms step_avg:404.20ms
step:218/1645 train_time:88114ms step_avg:404.19ms
step:219/1645 train_time:88517ms step_avg:404.19ms
step:220/1645 train_time:88914ms step_avg:404.16ms
step:221/1645 train_time:89312ms step_avg:404.12ms
step:222/1645 train_time:89716ms step_avg:404.13ms
step:223/1645 train_time:90112ms step_avg:404.09ms
step:224/1645 train_time:90515ms step_avg:404.09ms
step:225/1645 train_time:90915ms step_avg:404.07ms
step:226/1645 train_time:91316ms step_avg:404.05ms
step:227/1645 train_time:91715ms step_avg:404.03ms
step:228/1645 train_time:92119ms step_avg:404.03ms
step:229/1645 train_time:92527ms step_avg:404.05ms
step:230/1645 train_time:92926ms step_avg:404.03ms
step:231/1645 train_time:93327ms step_avg:404.01ms
step:232/1645 train_time:93724ms step_avg:403.98ms
step:233/1645 train_time:94139ms step_avg:404.03ms
step:234/1645 train_time:94524ms step_avg:403.95ms
step:235/1645 train_time:94926ms step_avg:403.94ms
step:236/1645 train_time:95326ms step_avg:403.92ms
step:237/1645 train_time:95728ms step_avg:403.91ms
step:238/1645 train_time:96125ms step_avg:403.89ms
step:239/1645 train_time:96523ms step_avg:403.86ms
step:240/1645 train_time:96937ms step_avg:403.90ms
step:241/1645 train_time:97336ms step_avg:403.88ms
step:242/1645 train_time:97721ms step_avg:403.81ms
step:243/1645 train_time:98121ms step_avg:403.79ms
step:244/1645 train_time:98536ms step_avg:403.83ms
step:245/1645 train_time:98940ms step_avg:403.84ms
step:246/1645 train_time:99341ms step_avg:403.83ms
step:247/1645 train_time:99742ms step_avg:403.81ms
step:248/1645 train_time:100143ms step_avg:403.80ms
step:249/1645 train_time:100541ms step_avg:403.78ms
step:250/1645 train_time:100941ms step_avg:403.77ms
step:250/1645 val_loss:3.971078 train_time:101241ms step_avg:404.97ms
step:251/1645 train_time:101516ms step_avg:404.45ms
step:252/1645 train_time:101855ms step_avg:404.18ms
step:253/1645 train_time:102256ms step_avg:404.17ms
step:254/1645 train_time:102667ms step_avg:404.20ms
step:255/1645 train_time:103062ms step_avg:404.16ms
step:256/1645 train_time:103463ms step_avg:404.15ms
step:257/1645 train_time:103867ms step_avg:404.15ms
step:258/1645 train_time:104274ms step_avg:404.16ms
step:259/1645 train_time:104676ms step_avg:404.16ms
step:260/1645 train_time:105079ms step_avg:404.15ms
step:261/1645 train_time:105483ms step_avg:404.15ms
step:262/1645 train_time:105883ms step_avg:404.13ms
step:263/1645 train_time:106283ms step_avg:404.12ms
step:264/1645 train_time:106678ms step_avg:404.08ms
step:265/1645 train_time:107078ms step_avg:404.07ms
step:266/1645 train_time:107478ms step_avg:404.05ms
step:267/1645 train_time:107875ms step_avg:404.03ms
step:268/1645 train_time:108272ms step_avg:404.00ms
step:269/1645 train_time:108676ms step_avg:404.00ms
step:270/1645 train_time:109078ms step_avg:403.99ms
step:271/1645 train_time:109477ms step_avg:403.97ms
step:272/1645 train_time:109873ms step_avg:403.95ms
step:273/1645 train_time:110278ms step_avg:403.95ms
step:274/1645 train_time:110681ms step_avg:403.94ms
step:275/1645 train_time:111078ms step_avg:403.92ms
step:276/1645 train_time:111475ms step_avg:403.90ms
step:277/1645 train_time:111876ms step_avg:403.89ms
step:278/1645 train_time:112275ms step_avg:403.87ms
step:279/1645 train_time:112677ms step_avg:403.86ms
step:280/1645 train_time:113079ms step_avg:403.85ms
step:281/1645 train_time:113476ms step_avg:403.83ms
step:282/1645 train_time:113882ms step_avg:403.84ms
step:283/1645 train_time:114281ms step_avg:403.82ms
step:284/1645 train_time:114683ms step_avg:403.81ms
step:285/1645 train_time:115084ms step_avg:403.80ms
step:286/1645 train_time:115482ms step_avg:403.78ms
step:287/1645 train_time:115880ms step_avg:403.76ms
step:288/1645 train_time:116288ms step_avg:403.78ms
step:289/1645 train_time:116684ms step_avg:403.75ms
step:290/1645 train_time:117090ms step_avg:403.76ms
step:291/1645 train_time:117488ms step_avg:403.74ms
step:292/1645 train_time:117890ms step_avg:403.73ms
step:293/1645 train_time:118291ms step_avg:403.73ms
step:294/1645 train_time:118699ms step_avg:403.74ms
step:295/1645 train_time:119096ms step_avg:403.72ms
step:296/1645 train_time:119499ms step_avg:403.71ms
step:297/1645 train_time:119903ms step_avg:403.72ms
step:298/1645 train_time:120300ms step_avg:403.69ms
step:299/1645 train_time:120701ms step_avg:403.68ms
step:300/1645 train_time:121101ms step_avg:403.67ms
step:301/1645 train_time:121499ms step_avg:403.65ms
step:302/1645 train_time:121899ms step_avg:403.64ms
step:303/1645 train_time:122301ms step_avg:403.63ms
step:304/1645 train_time:122699ms step_avg:403.62ms
step:305/1645 train_time:123102ms step_avg:403.61ms
step:306/1645 train_time:123502ms step_avg:403.60ms
step:307/1645 train_time:123902ms step_avg:403.59ms
step:308/1645 train_time:124304ms step_avg:403.58ms
step:309/1645 train_time:124706ms step_avg:403.58ms
step:310/1645 train_time:125109ms step_avg:403.58ms
step:311/1645 train_time:125508ms step_avg:403.56ms
step:312/1645 train_time:125910ms step_avg:403.56ms
step:313/1645 train_time:126310ms step_avg:403.55ms
step:314/1645 train_time:126712ms step_avg:403.54ms
step:315/1645 train_time:127113ms step_avg:403.53ms
step:316/1645 train_time:127517ms step_avg:403.54ms
step:317/1645 train_time:127920ms step_avg:403.53ms
step:318/1645 train_time:128322ms step_avg:403.53ms
step:319/1645 train_time:128727ms step_avg:403.53ms
step:320/1645 train_time:129127ms step_avg:403.52ms
step:321/1645 train_time:129529ms step_avg:403.52ms
step:322/1645 train_time:129932ms step_avg:403.51ms
step:323/1645 train_time:130330ms step_avg:403.50ms
step:324/1645 train_time:130730ms step_avg:403.49ms
step:325/1645 train_time:131128ms step_avg:403.47ms
step:326/1645 train_time:131530ms step_avg:403.46ms
step:327/1645 train_time:131931ms step_avg:403.46ms
step:328/1645 train_time:132328ms step_avg:403.44ms
step:329/1645 train_time:132732ms step_avg:403.44ms
step:330/1645 train_time:133133ms step_avg:403.43ms
step:331/1645 train_time:133531ms step_avg:403.42ms
step:332/1645 train_time:133930ms step_avg:403.40ms
step:333/1645 train_time:134332ms step_avg:403.40ms
step:334/1645 train_time:134732ms step_avg:403.39ms
step:335/1645 train_time:135135ms step_avg:403.39ms
step:336/1645 train_time:135549ms step_avg:403.42ms
step:337/1645 train_time:135933ms step_avg:403.36ms
step:338/1645 train_time:136331ms step_avg:403.35ms
step:339/1645 train_time:136735ms step_avg:403.35ms
step:340/1645 train_time:137136ms step_avg:403.34ms
step:341/1645 train_time:137538ms step_avg:403.34ms
step:342/1645 train_time:137935ms step_avg:403.32ms
step:343/1645 train_time:138337ms step_avg:403.31ms
step:344/1645 train_time:138747ms step_avg:403.34ms
step:345/1645 train_time:139148ms step_avg:403.33ms
step:346/1645 train_time:139553ms step_avg:403.33ms
step:347/1645 train_time:139951ms step_avg:403.32ms
step:348/1645 train_time:140350ms step_avg:403.30ms
step:349/1645 train_time:140751ms step_avg:403.30ms
step:350/1645 train_time:141154ms step_avg:403.30ms
step:351/1645 train_time:141556ms step_avg:403.29ms
step:352/1645 train_time:141956ms step_avg:403.28ms
step:353/1645 train_time:142353ms step_avg:403.27ms
step:354/1645 train_time:142754ms step_avg:403.26ms
step:355/1645 train_time:143155ms step_avg:403.25ms
step:356/1645 train_time:143557ms step_avg:403.25ms
step:357/1645 train_time:143958ms step_avg:403.24ms
step:358/1645 train_time:144356ms step_avg:403.23ms
step:359/1645 train_time:144758ms step_avg:403.23ms
step:360/1645 train_time:145160ms step_avg:403.22ms
step:361/1645 train_time:145559ms step_avg:403.21ms
step:362/1645 train_time:145960ms step_avg:403.20ms
step:363/1645 train_time:146359ms step_avg:403.19ms
step:364/1645 train_time:146765ms step_avg:403.20ms
step:365/1645 train_time:147163ms step_avg:403.19ms
step:366/1645 train_time:147563ms step_avg:403.18ms
step:367/1645 train_time:147967ms step_avg:403.18ms
step:368/1645 train_time:148369ms step_avg:403.18ms
step:369/1645 train_time:148773ms step_avg:403.18ms
step:370/1645 train_time:149170ms step_avg:403.16ms
step:371/1645 train_time:149569ms step_avg:403.15ms
step:372/1645 train_time:149974ms step_avg:403.16ms
step:373/1645 train_time:150376ms step_avg:403.15ms
step:374/1645 train_time:150778ms step_avg:403.15ms
step:375/1645 train_time:151178ms step_avg:403.14ms
step:375/1645 val_loss:3.817162 train_time:151478ms step_avg:403.94ms
step:376/1645 train_time:151745ms step_avg:403.58ms
step:377/1645 train_time:152100ms step_avg:403.45ms
step:378/1645 train_time:152495ms step_avg:403.43ms
step:379/1645 train_time:152905ms step_avg:403.44ms
step:380/1645 train_time:153305ms step_avg:403.43ms
step:381/1645 train_time:153702ms step_avg:403.42ms
step:382/1645 train_time:154102ms step_avg:403.41ms
step:383/1645 train_time:154506ms step_avg:403.41ms
step:384/1645 train_time:154901ms step_avg:403.39ms
step:385/1645 train_time:155297ms step_avg:403.37ms
step:386/1645 train_time:155708ms step_avg:403.39ms
step:387/1645 train_time:156111ms step_avg:403.39ms
step:388/1645 train_time:156514ms step_avg:403.39ms
step:389/1645 train_time:156917ms step_avg:403.38ms
step:390/1645 train_time:157318ms step_avg:403.38ms
step:391/1645 train_time:157721ms step_avg:403.38ms
step:392/1645 train_time:158125ms step_avg:403.38ms
step:393/1645 train_time:158524ms step_avg:403.37ms
step:394/1645 train_time:158923ms step_avg:403.36ms
step:395/1645 train_time:159329ms step_avg:403.36ms
step:396/1645 train_time:159731ms step_avg:403.36ms
step:397/1645 train_time:160126ms step_avg:403.34ms
step:398/1645 train_time:160534ms step_avg:403.35ms
step:399/1645 train_time:160933ms step_avg:403.34ms
step:400/1645 train_time:161331ms step_avg:403.33ms
step:401/1645 train_time:161731ms step_avg:403.32ms
step:402/1645 train_time:162143ms step_avg:403.34ms
step:403/1645 train_time:162541ms step_avg:403.33ms
step:404/1645 train_time:162941ms step_avg:403.32ms
step:405/1645 train_time:163346ms step_avg:403.32ms
step:406/1645 train_time:163743ms step_avg:403.31ms
step:407/1645 train_time:164142ms step_avg:403.30ms
step:408/1645 train_time:164542ms step_avg:403.29ms
step:409/1645 train_time:164946ms step_avg:403.29ms
step:410/1645 train_time:165343ms step_avg:403.27ms
step:411/1645 train_time:165750ms step_avg:403.28ms
step:412/1645 train_time:166148ms step_avg:403.27ms
step:413/1645 train_time:166546ms step_avg:403.26ms
step:414/1645 train_time:166948ms step_avg:403.26ms
step:415/1645 train_time:167352ms step_avg:403.26ms
step:416/1645 train_time:167750ms step_avg:403.24ms
step:417/1645 train_time:168153ms step_avg:403.24ms
step:418/1645 train_time:168551ms step_avg:403.23ms
step:419/1645 train_time:168952ms step_avg:403.23ms
step:420/1645 train_time:169354ms step_avg:403.22ms
step:421/1645 train_time:169761ms step_avg:403.23ms
step:422/1645 train_time:170158ms step_avg:403.22ms
step:423/1645 train_time:170560ms step_avg:403.22ms
step:424/1645 train_time:170963ms step_avg:403.22ms
step:425/1645 train_time:171370ms step_avg:403.22ms
step:426/1645 train_time:171772ms step_avg:403.22ms
step:427/1645 train_time:172171ms step_avg:403.21ms
step:428/1645 train_time:172571ms step_avg:403.20ms
step:429/1645 train_time:172968ms step_avg:403.19ms
step:430/1645 train_time:173383ms step_avg:403.22ms
step:431/1645 train_time:173785ms step_avg:403.21ms
step:432/1645 train_time:174169ms step_avg:403.17ms
step:433/1645 train_time:174572ms step_avg:403.17ms
step:434/1645 train_time:174979ms step_avg:403.18ms
step:435/1645 train_time:175381ms step_avg:403.17ms
step:436/1645 train_time:175778ms step_avg:403.16ms
step:437/1645 train_time:176181ms step_avg:403.16ms
step:438/1645 train_time:176584ms step_avg:403.16ms
step:439/1645 train_time:176985ms step_avg:403.16ms
step:440/1645 train_time:177381ms step_avg:403.14ms
step:441/1645 train_time:177785ms step_avg:403.14ms
step:442/1645 train_time:178186ms step_avg:403.14ms
step:443/1645 train_time:178594ms step_avg:403.15ms
step:444/1645 train_time:178992ms step_avg:403.14ms
step:445/1645 train_time:179398ms step_avg:403.14ms
step:446/1645 train_time:179792ms step_avg:403.12ms
step:447/1645 train_time:180192ms step_avg:403.12ms
step:448/1645 train_time:180593ms step_avg:403.11ms
step:449/1645 train_time:180998ms step_avg:403.11ms
step:450/1645 train_time:181397ms step_avg:403.11ms
step:451/1645 train_time:181799ms step_avg:403.10ms
step:452/1645 train_time:182201ms step_avg:403.10ms
step:453/1645 train_time:182600ms step_avg:403.09ms
step:454/1645 train_time:183003ms step_avg:403.09ms
step:455/1645 train_time:183403ms step_avg:403.08ms
step:456/1645 train_time:183803ms step_avg:403.08ms
step:457/1645 train_time:184204ms step_avg:403.07ms
step:458/1645 train_time:184604ms step_avg:403.07ms
step:459/1645 train_time:184996ms step_avg:403.04ms
step:460/1645 train_time:185393ms step_avg:403.03ms
step:461/1645 train_time:185795ms step_avg:403.03ms
step:462/1645 train_time:186194ms step_avg:403.02ms
step:463/1645 train_time:186600ms step_avg:403.02ms
step:464/1645 train_time:187002ms step_avg:403.02ms
step:465/1645 train_time:187398ms step_avg:403.01ms
step:466/1645 train_time:187796ms step_avg:403.00ms
step:467/1645 train_time:188202ms step_avg:403.00ms
step:468/1645 train_time:188600ms step_avg:402.99ms
step:469/1645 train_time:189002ms step_avg:402.99ms
step:470/1645 train_time:189401ms step_avg:402.98ms
step:471/1645 train_time:189807ms step_avg:402.99ms
step:472/1645 train_time:190205ms step_avg:402.98ms
step:473/1645 train_time:190607ms step_avg:402.97ms
step:474/1645 train_time:191007ms step_avg:402.97ms
step:475/1645 train_time:191405ms step_avg:402.96ms
step:476/1645 train_time:191813ms step_avg:402.97ms
step:477/1645 train_time:192211ms step_avg:402.96ms
step:478/1645 train_time:192615ms step_avg:402.96ms
step:479/1645 train_time:193017ms step_avg:402.96ms
step:480/1645 train_time:193421ms step_avg:402.96ms
step:481/1645 train_time:193819ms step_avg:402.95ms
step:482/1645 train_time:194217ms step_avg:402.94ms
step:483/1645 train_time:194616ms step_avg:402.93ms
step:484/1645 train_time:195016ms step_avg:402.93ms
step:485/1645 train_time:195421ms step_avg:402.93ms
step:486/1645 train_time:195822ms step_avg:402.93ms
step:487/1645 train_time:196234ms step_avg:402.94ms
step:488/1645 train_time:196640ms step_avg:402.95ms
step:489/1645 train_time:197039ms step_avg:402.94ms
step:490/1645 train_time:197431ms step_avg:402.92ms
step:491/1645 train_time:197830ms step_avg:402.91ms
step:492/1645 train_time:198225ms step_avg:402.90ms
step:493/1645 train_time:198626ms step_avg:402.89ms
step:494/1645 train_time:199050ms step_avg:402.93ms
step:495/1645 train_time:199431ms step_avg:402.89ms
step:496/1645 train_time:199830ms step_avg:402.88ms
step:497/1645 train_time:200232ms step_avg:402.88ms
step:498/1645 train_time:200636ms step_avg:402.88ms
step:499/1645 train_time:201037ms step_avg:402.88ms
step:500/1645 train_time:201441ms step_avg:402.88ms
step:500/1645 val_loss:3.713977 train_time:201740ms step_avg:403.48ms
step:501/1645 train_time:201999ms step_avg:403.19ms
step:502/1645 train_time:202374ms step_avg:403.14ms
step:503/1645 train_time:202775ms step_avg:403.13ms
step:504/1645 train_time:203180ms step_avg:403.13ms
step:505/1645 train_time:203578ms step_avg:403.13ms
step:506/1645 train_time:203979ms step_avg:403.12ms
step:507/1645 train_time:204378ms step_avg:403.11ms
step:508/1645 train_time:204780ms step_avg:403.11ms
step:509/1645 train_time:205177ms step_avg:403.10ms
step:510/1645 train_time:205581ms step_avg:403.10ms
step:511/1645 train_time:205981ms step_avg:403.09ms
step:512/1645 train_time:206384ms step_avg:403.09ms
step:513/1645 train_time:206790ms step_avg:403.10ms
step:514/1645 train_time:207195ms step_avg:403.10ms
step:515/1645 train_time:207590ms step_avg:403.09ms
step:516/1645 train_time:207991ms step_avg:403.08ms
step:517/1645 train_time:208388ms step_avg:403.07ms
step:518/1645 train_time:208790ms step_avg:403.07ms
step:519/1645 train_time:209189ms step_avg:403.06ms
step:520/1645 train_time:209587ms step_avg:403.05ms
step:521/1645 train_time:209989ms step_avg:403.05ms
step:522/1645 train_time:210387ms step_avg:403.04ms
step:523/1645 train_time:210782ms step_avg:403.02ms
step:524/1645 train_time:211185ms step_avg:403.02ms
step:525/1645 train_time:211584ms step_avg:403.02ms
step:526/1645 train_time:211996ms step_avg:403.03ms
step:527/1645 train_time:212393ms step_avg:403.02ms
step:528/1645 train_time:212799ms step_avg:403.03ms
step:529/1645 train_time:213202ms step_avg:403.03ms
step:530/1645 train_time:213608ms step_avg:403.03ms
step:531/1645 train_time:214012ms step_avg:403.04ms
step:532/1645 train_time:214413ms step_avg:403.03ms
step:533/1645 train_time:214813ms step_avg:403.03ms
step:534/1645 train_time:215217ms step_avg:403.03ms
step:535/1645 train_time:215620ms step_avg:403.03ms
step:536/1645 train_time:216020ms step_avg:403.02ms
step:537/1645 train_time:216417ms step_avg:403.01ms
step:538/1645 train_time:216836ms step_avg:403.04ms
step:539/1645 train_time:217222ms step_avg:403.01ms
step:540/1645 train_time:217632ms step_avg:403.02ms
step:541/1645 train_time:218028ms step_avg:403.01ms
step:542/1645 train_time:218431ms step_avg:403.01ms
step:543/1645 train_time:218825ms step_avg:402.99ms
step:544/1645 train_time:219242ms step_avg:403.02ms
step:545/1645 train_time:219632ms step_avg:403.00ms
step:546/1645 train_time:220034ms step_avg:402.99ms
step:547/1645 train_time:220437ms step_avg:402.99ms
step:548/1645 train_time:220839ms step_avg:402.99ms
step:549/1645 train_time:221240ms step_avg:402.99ms
step:550/1645 train_time:221648ms step_avg:403.00ms
step:551/1645 train_time:222047ms step_avg:402.99ms
step:552/1645 train_time:222445ms step_avg:402.98ms
step:553/1645 train_time:222848ms step_avg:402.98ms
step:554/1645 train_time:223248ms step_avg:402.98ms
step:555/1645 train_time:223651ms step_avg:402.98ms
step:556/1645 train_time:224060ms step_avg:402.99ms
step:557/1645 train_time:224457ms step_avg:402.97ms
step:558/1645 train_time:224855ms step_avg:402.97ms
step:559/1645 train_time:225259ms step_avg:402.97ms
step:560/1645 train_time:225664ms step_avg:402.97ms
step:561/1645 train_time:226071ms step_avg:402.98ms
step:562/1645 train_time:226475ms step_avg:402.98ms
step:563/1645 train_time:226878ms step_avg:402.98ms
step:564/1645 train_time:227282ms step_avg:402.98ms
step:565/1645 train_time:227685ms step_avg:402.98ms
step:566/1645 train_time:228083ms step_avg:402.97ms
step:567/1645 train_time:228483ms step_avg:402.97ms
step:568/1645 train_time:228886ms step_avg:402.97ms
step:569/1645 train_time:229288ms step_avg:402.97ms
step:570/1645 train_time:229693ms step_avg:402.97ms
step:571/1645 train_time:230095ms step_avg:402.97ms
step:572/1645 train_time:230499ms step_avg:402.97ms
step:573/1645 train_time:230900ms step_avg:402.97ms
step:574/1645 train_time:231297ms step_avg:402.96ms
step:575/1645 train_time:231701ms step_avg:402.96ms
step:576/1645 train_time:232102ms step_avg:402.95ms
step:577/1645 train_time:232506ms step_avg:402.96ms
step:578/1645 train_time:232908ms step_avg:402.96ms
step:579/1645 train_time:233305ms step_avg:402.94ms
step:580/1645 train_time:233707ms step_avg:402.94ms
step:581/1645 train_time:234110ms step_avg:402.94ms
step:582/1645 train_time:234509ms step_avg:402.94ms
step:583/1645 train_time:234919ms step_avg:402.95ms
step:584/1645 train_time:235323ms step_avg:402.95ms
step:585/1645 train_time:235722ms step_avg:402.94ms
step:586/1645 train_time:236130ms step_avg:402.95ms
step:587/1645 train_time:236526ms step_avg:402.94ms
step:588/1645 train_time:236921ms step_avg:402.93ms
step:589/1645 train_time:237317ms step_avg:402.91ms
step:590/1645 train_time:237715ms step_avg:402.91ms
step:591/1645 train_time:238119ms step_avg:402.91ms
step:592/1645 train_time:238518ms step_avg:402.90ms
step:593/1645 train_time:238921ms step_avg:402.90ms
step:594/1645 train_time:239322ms step_avg:402.90ms
step:595/1645 train_time:239720ms step_avg:402.89ms
step:596/1645 train_time:240119ms step_avg:402.88ms
step:597/1645 train_time:240522ms step_avg:402.88ms
step:598/1645 train_time:240926ms step_avg:402.89ms
step:599/1645 train_time:241321ms step_avg:402.87ms
step:600/1645 train_time:241718ms step_avg:402.86ms
step:601/1645 train_time:242120ms step_avg:402.86ms
step:602/1645 train_time:242529ms step_avg:402.87ms
step:603/1645 train_time:242931ms step_avg:402.87ms
step:604/1645 train_time:243341ms step_avg:402.88ms
step:605/1645 train_time:243743ms step_avg:402.88ms
step:606/1645 train_time:244143ms step_avg:402.88ms
step:607/1645 train_time:244552ms step_avg:402.89ms
step:608/1645 train_time:244948ms step_avg:402.88ms
step:609/1645 train_time:245341ms step_avg:402.86ms
step:610/1645 train_time:245736ms step_avg:402.85ms
step:611/1645 train_time:246137ms step_avg:402.84ms
step:612/1645 train_time:246541ms step_avg:402.84ms
step:613/1645 train_time:246939ms step_avg:402.84ms
step:614/1645 train_time:247343ms step_avg:402.84ms
step:615/1645 train_time:247742ms step_avg:402.83ms
step:616/1645 train_time:248140ms step_avg:402.82ms
step:617/1645 train_time:248540ms step_avg:402.82ms
step:618/1645 train_time:248939ms step_avg:402.81ms
step:619/1645 train_time:249343ms step_avg:402.82ms
step:620/1645 train_time:249739ms step_avg:402.81ms
step:621/1645 train_time:250141ms step_avg:402.80ms
step:622/1645 train_time:250539ms step_avg:402.80ms
step:623/1645 train_time:250932ms step_avg:402.78ms
step:624/1645 train_time:251336ms step_avg:402.78ms
step:625/1645 train_time:251739ms step_avg:402.78ms
step:625/1645 val_loss:3.614272 train_time:252043ms step_avg:403.27ms
step:626/1645 train_time:252319ms step_avg:403.07ms
step:627/1645 train_time:252675ms step_avg:402.99ms
step:628/1645 train_time:253075ms step_avg:402.99ms
step:629/1645 train_time:253470ms step_avg:402.97ms
step:630/1645 train_time:253885ms step_avg:402.99ms
step:631/1645 train_time:254284ms step_avg:402.99ms
step:632/1645 train_time:254688ms step_avg:402.99ms
step:633/1645 train_time:255091ms step_avg:402.99ms
step:634/1645 train_time:255498ms step_avg:402.99ms
step:635/1645 train_time:255894ms step_avg:402.98ms
step:636/1645 train_time:256298ms step_avg:402.98ms
step:637/1645 train_time:256689ms step_avg:402.97ms
step:638/1645 train_time:257092ms step_avg:402.97ms
step:639/1645 train_time:257491ms step_avg:402.96ms
step:640/1645 train_time:257894ms step_avg:402.96ms
step:641/1645 train_time:258297ms step_avg:402.96ms
step:642/1645 train_time:258696ms step_avg:402.95ms
step:643/1645 train_time:259096ms step_avg:402.95ms
step:644/1645 train_time:259500ms step_avg:402.95ms
step:645/1645 train_time:259905ms step_avg:402.95ms
step:646/1645 train_time:260299ms step_avg:402.94ms
step:647/1645 train_time:260699ms step_avg:402.94ms
step:648/1645 train_time:261108ms step_avg:402.94ms
step:649/1645 train_time:261509ms step_avg:402.94ms
step:650/1645 train_time:261910ms step_avg:402.94ms
step:651/1645 train_time:262309ms step_avg:402.93ms
step:652/1645 train_time:262707ms step_avg:402.92ms
step:653/1645 train_time:263112ms step_avg:402.93ms
step:654/1645 train_time:263513ms step_avg:402.93ms
step:655/1645 train_time:263913ms step_avg:402.92ms
step:656/1645 train_time:264312ms step_avg:402.91ms
step:657/1645 train_time:264717ms step_avg:402.92ms
step:658/1645 train_time:265115ms step_avg:402.91ms
step:659/1645 train_time:265519ms step_avg:402.91ms
step:660/1645 train_time:265923ms step_avg:402.91ms
step:661/1645 train_time:266324ms step_avg:402.91ms
step:662/1645 train_time:266722ms step_avg:402.90ms
step:663/1645 train_time:267127ms step_avg:402.91ms
step:664/1645 train_time:267527ms step_avg:402.90ms
step:665/1645 train_time:267931ms step_avg:402.90ms
step:666/1645 train_time:268333ms step_avg:402.90ms
step:667/1645 train_time:268732ms step_avg:402.90ms
step:668/1645 train_time:269129ms step_avg:402.89ms
step:669/1645 train_time:269546ms step_avg:402.91ms
step:670/1645 train_time:269930ms step_avg:402.88ms
step:671/1645 train_time:270332ms step_avg:402.88ms
step:672/1645 train_time:270740ms step_avg:402.89ms
step:673/1645 train_time:271142ms step_avg:402.89ms
step:674/1645 train_time:271547ms step_avg:402.89ms
step:675/1645 train_time:271949ms step_avg:402.89ms
step:676/1645 train_time:272348ms step_avg:402.88ms
step:677/1645 train_time:272751ms step_avg:402.88ms
step:678/1645 train_time:273156ms step_avg:402.88ms
step:679/1645 train_time:273551ms step_avg:402.87ms
step:680/1645 train_time:273950ms step_avg:402.87ms
step:681/1645 train_time:274357ms step_avg:402.87ms
step:682/1645 train_time:274754ms step_avg:402.87ms
step:683/1645 train_time:275158ms step_avg:402.87ms
step:684/1645 train_time:275561ms step_avg:402.87ms
step:685/1645 train_time:275963ms step_avg:402.87ms
step:686/1645 train_time:276368ms step_avg:402.87ms
step:687/1645 train_time:276774ms step_avg:402.87ms
step:688/1645 train_time:277176ms step_avg:402.87ms
step:689/1645 train_time:277577ms step_avg:402.87ms
step:690/1645 train_time:277980ms step_avg:402.87ms
step:691/1645 train_time:278382ms step_avg:402.87ms
step:692/1645 train_time:278787ms step_avg:402.87ms
step:693/1645 train_time:279187ms step_avg:402.87ms
step:694/1645 train_time:279589ms step_avg:402.87ms
step:695/1645 train_time:279989ms step_avg:402.86ms
step:696/1645 train_time:280393ms step_avg:402.86ms
step:697/1645 train_time:280792ms step_avg:402.86ms
step:698/1645 train_time:281193ms step_avg:402.85ms
step:699/1645 train_time:281592ms step_avg:402.85ms
step:700/1645 train_time:281991ms step_avg:402.84ms
step:701/1645 train_time:282390ms step_avg:402.84ms
step:702/1645 train_time:282791ms step_avg:402.84ms
step:703/1645 train_time:283194ms step_avg:402.84ms
step:704/1645 train_time:283595ms step_avg:402.83ms
step:705/1645 train_time:283995ms step_avg:402.83ms
step:706/1645 train_time:284395ms step_avg:402.83ms
step:707/1645 train_time:284794ms step_avg:402.82ms
step:708/1645 train_time:285196ms step_avg:402.82ms
step:709/1645 train_time:285603ms step_avg:402.82ms
step:710/1645 train_time:286000ms step_avg:402.82ms
step:711/1645 train_time:286397ms step_avg:402.81ms
step:712/1645 train_time:286796ms step_avg:402.80ms
step:713/1645 train_time:287201ms step_avg:402.81ms
step:714/1645 train_time:287601ms step_avg:402.80ms
step:715/1645 train_time:288000ms step_avg:402.80ms
step:716/1645 train_time:288403ms step_avg:402.80ms
step:717/1645 train_time:288805ms step_avg:402.80ms
step:718/1645 train_time:289207ms step_avg:402.79ms
step:719/1645 train_time:289609ms step_avg:402.79ms
step:720/1645 train_time:290009ms step_avg:402.79ms
step:721/1645 train_time:290407ms step_avg:402.78ms
step:722/1645 train_time:290808ms step_avg:402.78ms
step:723/1645 train_time:291209ms step_avg:402.78ms
step:724/1645 train_time:291618ms step_avg:402.79ms
step:725/1645 train_time:292014ms step_avg:402.78ms
step:726/1645 train_time:292421ms step_avg:402.78ms
step:727/1645 train_time:292819ms step_avg:402.78ms
step:728/1645 train_time:293224ms step_avg:402.78ms
step:729/1645 train_time:293619ms step_avg:402.77ms
step:730/1645 train_time:294029ms step_avg:402.78ms
step:731/1645 train_time:294428ms step_avg:402.77ms
step:732/1645 train_time:294841ms step_avg:402.79ms
step:733/1645 train_time:295229ms step_avg:402.77ms
step:734/1645 train_time:295639ms step_avg:402.78ms
step:735/1645 train_time:296033ms step_avg:402.77ms
step:736/1645 train_time:296441ms step_avg:402.77ms
step:737/1645 train_time:296840ms step_avg:402.77ms
step:738/1645 train_time:297241ms step_avg:402.77ms
step:739/1645 train_time:297647ms step_avg:402.77ms
step:740/1645 train_time:298047ms step_avg:402.77ms
step:741/1645 train_time:298439ms step_avg:402.75ms
step:742/1645 train_time:298838ms step_avg:402.75ms
step:743/1645 train_time:299237ms step_avg:402.74ms
step:744/1645 train_time:299642ms step_avg:402.74ms
step:745/1645 train_time:300045ms step_avg:402.75ms
step:746/1645 train_time:300448ms step_avg:402.75ms
step:747/1645 train_time:300852ms step_avg:402.75ms
step:748/1645 train_time:301255ms step_avg:402.75ms
step:749/1645 train_time:301661ms step_avg:402.75ms
step:750/1645 train_time:302062ms step_avg:402.75ms
step:750/1645 val_loss:3.561117 train_time:302364ms step_avg:403.15ms
step:751/1645 train_time:302669ms step_avg:403.02ms
step:752/1645 train_time:303015ms step_avg:402.95ms
step:753/1645 train_time:303419ms step_avg:402.95ms
step:754/1645 train_time:303821ms step_avg:402.95ms
step:755/1645 train_time:304222ms step_avg:402.94ms
step:756/1645 train_time:304625ms step_avg:402.94ms
step:757/1645 train_time:305026ms step_avg:402.94ms
step:758/1645 train_time:305433ms step_avg:402.95ms
step:759/1645 train_time:305825ms step_avg:402.93ms
step:760/1645 train_time:306228ms step_avg:402.93ms
step:761/1645 train_time:306631ms step_avg:402.93ms
step:762/1645 train_time:307031ms step_avg:402.93ms
step:763/1645 train_time:307436ms step_avg:402.93ms
step:764/1645 train_time:307836ms step_avg:402.93ms
step:765/1645 train_time:308245ms step_avg:402.93ms
step:766/1645 train_time:308648ms step_avg:402.93ms
step:767/1645 train_time:309051ms step_avg:402.94ms
step:768/1645 train_time:309455ms step_avg:402.94ms
step:769/1645 train_time:309853ms step_avg:402.93ms
step:770/1645 train_time:310250ms step_avg:402.92ms
step:771/1645 train_time:310648ms step_avg:402.92ms
step:772/1645 train_time:311056ms step_avg:402.92ms
step:773/1645 train_time:311469ms step_avg:402.93ms
step:774/1645 train_time:311864ms step_avg:402.92ms
step:775/1645 train_time:312257ms step_avg:402.91ms
step:776/1645 train_time:312654ms step_avg:402.91ms
step:777/1645 train_time:313055ms step_avg:402.90ms
step:778/1645 train_time:313460ms step_avg:402.90ms
step:779/1645 train_time:313863ms step_avg:402.90ms
step:780/1645 train_time:314264ms step_avg:402.90ms
step:781/1645 train_time:314666ms step_avg:402.90ms
step:782/1645 train_time:315067ms step_avg:402.90ms
step:783/1645 train_time:315470ms step_avg:402.90ms
step:784/1645 train_time:315870ms step_avg:402.90ms
step:785/1645 train_time:316272ms step_avg:402.89ms
step:786/1645 train_time:316669ms step_avg:402.89ms
step:787/1645 train_time:317071ms step_avg:402.89ms
step:788/1645 train_time:317471ms step_avg:402.88ms
step:789/1645 train_time:317876ms step_avg:402.88ms
step:790/1645 train_time:318278ms step_avg:402.88ms
step:791/1645 train_time:318675ms step_avg:402.88ms
step:792/1645 train_time:319076ms step_avg:402.87ms
step:793/1645 train_time:319476ms step_avg:402.87ms
step:794/1645 train_time:319887ms step_avg:402.88ms
step:795/1645 train_time:320286ms step_avg:402.87ms
step:796/1645 train_time:320686ms step_avg:402.87ms
step:797/1645 train_time:321086ms step_avg:402.87ms
step:798/1645 train_time:321488ms step_avg:402.87ms
step:799/1645 train_time:321891ms step_avg:402.87ms
step:800/1645 train_time:322289ms step_avg:402.86ms
step:801/1645 train_time:322690ms step_avg:402.86ms
step:802/1645 train_time:323092ms step_avg:402.86ms
step:803/1645 train_time:323495ms step_avg:402.86ms
step:804/1645 train_time:323896ms step_avg:402.86ms
step:805/1645 train_time:324294ms step_avg:402.85ms
step:806/1645 train_time:324697ms step_avg:402.85ms
step:807/1645 train_time:325100ms step_avg:402.85ms
step:808/1645 train_time:325500ms step_avg:402.85ms
step:809/1645 train_time:325911ms step_avg:402.86ms
step:810/1645 train_time:326309ms step_avg:402.85ms
step:811/1645 train_time:326713ms step_avg:402.85ms
step:812/1645 train_time:327118ms step_avg:402.85ms
step:813/1645 train_time:327517ms step_avg:402.85ms
step:814/1645 train_time:327907ms step_avg:402.83ms
step:815/1645 train_time:328302ms step_avg:402.83ms
step:816/1645 train_time:328716ms step_avg:402.84ms
step:817/1645 train_time:329104ms step_avg:402.82ms
step:818/1645 train_time:329504ms step_avg:402.82ms
step:819/1645 train_time:329899ms step_avg:402.81ms
step:820/1645 train_time:330300ms step_avg:402.80ms
step:821/1645 train_time:330699ms step_avg:402.80ms
step:822/1645 train_time:331097ms step_avg:402.79ms
step:823/1645 train_time:331517ms step_avg:402.82ms
step:824/1645 train_time:331914ms step_avg:402.81ms
step:825/1645 train_time:332323ms step_avg:402.82ms
step:826/1645 train_time:332702ms step_avg:402.79ms
step:827/1645 train_time:333103ms step_avg:402.79ms
step:828/1645 train_time:333501ms step_avg:402.78ms
step:829/1645 train_time:333909ms step_avg:402.79ms
step:830/1645 train_time:334311ms step_avg:402.78ms
step:831/1645 train_time:334712ms step_avg:402.78ms
step:832/1645 train_time:335113ms step_avg:402.78ms
step:833/1645 train_time:335515ms step_avg:402.78ms
step:834/1645 train_time:335913ms step_avg:402.77ms
step:835/1645 train_time:336316ms step_avg:402.77ms
step:836/1645 train_time:336711ms step_avg:402.76ms
step:837/1645 train_time:337119ms step_avg:402.77ms
step:838/1645 train_time:337520ms step_avg:402.77ms
step:839/1645 train_time:337922ms step_avg:402.77ms
step:840/1645 train_time:338319ms step_avg:402.76ms
step:841/1645 train_time:338727ms step_avg:402.77ms
step:842/1645 train_time:339127ms step_avg:402.76ms
step:843/1645 train_time:339523ms step_avg:402.76ms
step:844/1645 train_time:339924ms step_avg:402.75ms
step:845/1645 train_time:340329ms step_avg:402.76ms
step:846/1645 train_time:340731ms step_avg:402.76ms
step:847/1645 train_time:341128ms step_avg:402.75ms
step:848/1645 train_time:341531ms step_avg:402.75ms
step:849/1645 train_time:341941ms step_avg:402.76ms
step:850/1645 train_time:342340ms step_avg:402.75ms
step:851/1645 train_time:342743ms step_avg:402.75ms
step:852/1645 train_time:343149ms step_avg:402.76ms
step:853/1645 train_time:343549ms step_avg:402.75ms
step:854/1645 train_time:343949ms step_avg:402.75ms
step:855/1645 train_time:344354ms step_avg:402.75ms
step:856/1645 train_time:344749ms step_avg:402.74ms
step:857/1645 train_time:345152ms step_avg:402.74ms
step:858/1645 train_time:345559ms step_avg:402.75ms
step:859/1645 train_time:345956ms step_avg:402.74ms
step:860/1645 train_time:346355ms step_avg:402.74ms
step:861/1645 train_time:346756ms step_avg:402.74ms
step:862/1645 train_time:347160ms step_avg:402.74ms
step:863/1645 train_time:347560ms step_avg:402.73ms
step:864/1645 train_time:347963ms step_avg:402.73ms
step:865/1645 train_time:348367ms step_avg:402.74ms
step:866/1645 train_time:348765ms step_avg:402.73ms
step:867/1645 train_time:349169ms step_avg:402.73ms
step:868/1645 train_time:349566ms step_avg:402.73ms
step:869/1645 train_time:349967ms step_avg:402.72ms
step:870/1645 train_time:350369ms step_avg:402.72ms
step:871/1645 train_time:350765ms step_avg:402.71ms
step:872/1645 train_time:351162ms step_avg:402.71ms
step:873/1645 train_time:351565ms step_avg:402.71ms
step:874/1645 train_time:351960ms step_avg:402.70ms
step:875/1645 train_time:352362ms step_avg:402.70ms
step:875/1645 val_loss:3.514663 train_time:352664ms step_avg:403.04ms
step:876/1645 train_time:352944ms step_avg:402.90ms
step:877/1645 train_time:353293ms step_avg:402.84ms
step:878/1645 train_time:353698ms step_avg:402.85ms
step:879/1645 train_time:354113ms step_avg:402.86ms
step:880/1645 train_time:354514ms step_avg:402.86ms
step:881/1645 train_time:354898ms step_avg:402.84ms
step:882/1645 train_time:355298ms step_avg:402.83ms
step:883/1645 train_time:355696ms step_avg:402.83ms
step:884/1645 train_time:356116ms step_avg:402.85ms
step:885/1645 train_time:356515ms step_avg:402.84ms
step:886/1645 train_time:356909ms step_avg:402.83ms
step:887/1645 train_time:357299ms step_avg:402.82ms
step:888/1645 train_time:357706ms step_avg:402.82ms
step:889/1645 train_time:358104ms step_avg:402.82ms
step:890/1645 train_time:358502ms step_avg:402.81ms
step:891/1645 train_time:358905ms step_avg:402.81ms
step:892/1645 train_time:359304ms step_avg:402.81ms
step:893/1645 train_time:359719ms step_avg:402.82ms
step:894/1645 train_time:360126ms step_avg:402.83ms
step:895/1645 train_time:360528ms step_avg:402.82ms
step:896/1645 train_time:360927ms step_avg:402.82ms
step:897/1645 train_time:361334ms step_avg:402.83ms
step:898/1645 train_time:361717ms step_avg:402.80ms
step:899/1645 train_time:362119ms step_avg:402.80ms
step:900/1645 train_time:362523ms step_avg:402.80ms
step:901/1645 train_time:362922ms step_avg:402.80ms
step:902/1645 train_time:363319ms step_avg:402.79ms
step:903/1645 train_time:363725ms step_avg:402.80ms
step:904/1645 train_time:364120ms step_avg:402.79ms
step:905/1645 train_time:364525ms step_avg:402.79ms
step:906/1645 train_time:364927ms step_avg:402.79ms
step:907/1645 train_time:365330ms step_avg:402.79ms
step:908/1645 train_time:365735ms step_avg:402.79ms
step:909/1645 train_time:366133ms step_avg:402.79ms
step:910/1645 train_time:366539ms step_avg:402.79ms
step:911/1645 train_time:366930ms step_avg:402.78ms
step:912/1645 train_time:367336ms step_avg:402.78ms
step:913/1645 train_time:367736ms step_avg:402.78ms
step:914/1645 train_time:368139ms step_avg:402.78ms
step:915/1645 train_time:368540ms step_avg:402.78ms
step:916/1645 train_time:368939ms step_avg:402.77ms
step:917/1645 train_time:369340ms step_avg:402.77ms
step:918/1645 train_time:369740ms step_avg:402.77ms
step:919/1645 train_time:370138ms step_avg:402.76ms
step:920/1645 train_time:370535ms step_avg:402.76ms
step:921/1645 train_time:370940ms step_avg:402.76ms
step:922/1645 train_time:371341ms step_avg:402.76ms
step:923/1645 train_time:371738ms step_avg:402.75ms
step:924/1645 train_time:372139ms step_avg:402.75ms
step:925/1645 train_time:372540ms step_avg:402.75ms
step:926/1645 train_time:372938ms step_avg:402.74ms
step:927/1645 train_time:373335ms step_avg:402.73ms
step:928/1645 train_time:373734ms step_avg:402.73ms
step:929/1645 train_time:374133ms step_avg:402.73ms
step:930/1645 train_time:374536ms step_avg:402.73ms
step:931/1645 train_time:374936ms step_avg:402.72ms
step:932/1645 train_time:375333ms step_avg:402.72ms
step:933/1645 train_time:375737ms step_avg:402.72ms
step:934/1645 train_time:376154ms step_avg:402.73ms
step:935/1645 train_time:376559ms step_avg:402.74ms
step:936/1645 train_time:376963ms step_avg:402.74ms
step:937/1645 train_time:377352ms step_avg:402.72ms
step:938/1645 train_time:377757ms step_avg:402.73ms
step:939/1645 train_time:378155ms step_avg:402.72ms
step:940/1645 train_time:378555ms step_avg:402.72ms
step:941/1645 train_time:378955ms step_avg:402.72ms
step:942/1645 train_time:379355ms step_avg:402.71ms
step:943/1645 train_time:379758ms step_avg:402.71ms
step:944/1645 train_time:380161ms step_avg:402.71ms
step:945/1645 train_time:380556ms step_avg:402.70ms
step:946/1645 train_time:380955ms step_avg:402.70ms
step:947/1645 train_time:381354ms step_avg:402.70ms
step:948/1645 train_time:381757ms step_avg:402.70ms
step:949/1645 train_time:382165ms step_avg:402.70ms
step:950/1645 train_time:382561ms step_avg:402.70ms
step:951/1645 train_time:382965ms step_avg:402.70ms
step:952/1645 train_time:383367ms step_avg:402.70ms
step:953/1645 train_time:383766ms step_avg:402.69ms
step:954/1645 train_time:384170ms step_avg:402.69ms
step:955/1645 train_time:384569ms step_avg:402.69ms
step:956/1645 train_time:384972ms step_avg:402.69ms
step:957/1645 train_time:385376ms step_avg:402.69ms
step:958/1645 train_time:385776ms step_avg:402.69ms
step:959/1645 train_time:386175ms step_avg:402.68ms
step:960/1645 train_time:386577ms step_avg:402.68ms
step:961/1645 train_time:386979ms step_avg:402.68ms
step:962/1645 train_time:387389ms step_avg:402.69ms
step:963/1645 train_time:387802ms step_avg:402.70ms
step:964/1645 train_time:388217ms step_avg:402.71ms
step:965/1645 train_time:388622ms step_avg:402.72ms
step:966/1645 train_time:389019ms step_avg:402.71ms
step:967/1645 train_time:389418ms step_avg:402.71ms
step:968/1645 train_time:389803ms step_avg:402.69ms
step:969/1645 train_time:390199ms step_avg:402.68ms
step:970/1645 train_time:390604ms step_avg:402.68ms
step:971/1645 train_time:391004ms step_avg:402.68ms
step:972/1645 train_time:391407ms step_avg:402.68ms
step:973/1645 train_time:391808ms step_avg:402.68ms
step:974/1645 train_time:392206ms step_avg:402.68ms
step:975/1645 train_time:392610ms step_avg:402.68ms
step:976/1645 train_time:393008ms step_avg:402.67ms
step:977/1645 train_time:393412ms step_avg:402.67ms
step:978/1645 train_time:393810ms step_avg:402.67ms
step:979/1645 train_time:394211ms step_avg:402.67ms
step:980/1645 train_time:394610ms step_avg:402.66ms
step:981/1645 train_time:395014ms step_avg:402.66ms
step:982/1645 train_time:395418ms step_avg:402.67ms
step:983/1645 train_time:395817ms step_avg:402.66ms
step:984/1645 train_time:396217ms step_avg:402.66ms
step:985/1645 train_time:396618ms step_avg:402.66ms
step:986/1645 train_time:397021ms step_avg:402.66ms
step:987/1645 train_time:397419ms step_avg:402.65ms
step:988/1645 train_time:397820ms step_avg:402.65ms
step:989/1645 train_time:398219ms step_avg:402.65ms
step:990/1645 train_time:398619ms step_avg:402.65ms
step:991/1645 train_time:399018ms step_avg:402.64ms
step:992/1645 train_time:399423ms step_avg:402.64ms
step:993/1645 train_time:399821ms step_avg:402.64ms
step:994/1645 train_time:400223ms step_avg:402.64ms
step:995/1645 train_time:400621ms step_avg:402.63ms
step:996/1645 train_time:401022ms step_avg:402.63ms
step:997/1645 train_time:401427ms step_avg:402.63ms
step:998/1645 train_time:401828ms step_avg:402.63ms
step:999/1645 train_time:402230ms step_avg:402.63ms
step:1000/1645 train_time:402633ms step_avg:402.63ms
step:1000/1645 val_loss:3.464262 train_time:402932ms step_avg:402.93ms
step:1001/1645 train_time:403200ms step_avg:402.80ms
step:1002/1645 train_time:403709ms step_avg:402.90ms
step:1003/1645 train_time:404106ms step_avg:402.90ms
step:1004/1645 train_time:404507ms step_avg:402.90ms
step:1005/1645 train_time:404909ms step_avg:402.89ms
step:1006/1645 train_time:405310ms step_avg:402.89ms
step:1007/1645 train_time:405714ms step_avg:402.89ms
step:1008/1645 train_time:406117ms step_avg:402.89ms
step:1009/1645 train_time:406517ms step_avg:402.89ms
step:1010/1645 train_time:406915ms step_avg:402.89ms
step:1011/1645 train_time:407320ms step_avg:402.89ms
step:1012/1645 train_time:407722ms step_avg:402.89ms
step:1013/1645 train_time:408121ms step_avg:402.88ms
step:1014/1645 train_time:408518ms step_avg:402.88ms
step:1015/1645 train_time:408918ms step_avg:402.87ms
step:1016/1645 train_time:409325ms step_avg:402.88ms
step:1017/1645 train_time:409720ms step_avg:402.87ms
step:1018/1645 train_time:410129ms step_avg:402.88ms
step:1019/1645 train_time:410539ms step_avg:402.88ms
step:1020/1645 train_time:410941ms step_avg:402.88ms
step:1021/1645 train_time:411334ms step_avg:402.87ms
step:1022/1645 train_time:411741ms step_avg:402.88ms
step:1023/1645 train_time:412145ms step_avg:402.88ms
step:1024/1645 train_time:412551ms step_avg:402.88ms
step:1025/1645 train_time:412947ms step_avg:402.88ms
step:1026/1645 train_time:413345ms step_avg:402.87ms
step:1027/1645 train_time:413741ms step_avg:402.86ms
step:1028/1645 train_time:414140ms step_avg:402.86ms
step:1029/1645 train_time:414550ms step_avg:402.87ms
step:1030/1645 train_time:414953ms step_avg:402.87ms
step:1031/1645 train_time:415369ms step_avg:402.88ms
step:1032/1645 train_time:415762ms step_avg:402.87ms
step:1033/1645 train_time:416167ms step_avg:402.87ms
step:1034/1645 train_time:416561ms step_avg:402.86ms
step:1035/1645 train_time:416959ms step_avg:402.86ms
step:1036/1645 train_time:417363ms step_avg:402.86ms
step:1037/1645 train_time:417788ms step_avg:402.88ms
step:1038/1645 train_time:418170ms step_avg:402.86ms
step:1039/1645 train_time:418572ms step_avg:402.86ms
step:1040/1645 train_time:418969ms step_avg:402.85ms
step:1041/1645 train_time:419369ms step_avg:402.85ms
step:1042/1645 train_time:419777ms step_avg:402.86ms
step:1043/1645 train_time:420181ms step_avg:402.86ms
step:1044/1645 train_time:420579ms step_avg:402.85ms
step:1045/1645 train_time:420984ms step_avg:402.86ms
step:1046/1645 train_time:421388ms step_avg:402.86ms
step:1047/1645 train_time:421790ms step_avg:402.86ms
step:1048/1645 train_time:422191ms step_avg:402.85ms
step:1049/1645 train_time:422591ms step_avg:402.85ms
step:1050/1645 train_time:422997ms step_avg:402.85ms
step:1051/1645 train_time:423397ms step_avg:402.85ms
step:1052/1645 train_time:423796ms step_avg:402.85ms
step:1053/1645 train_time:424197ms step_avg:402.85ms
step:1054/1645 train_time:424598ms step_avg:402.84ms
step:1055/1645 train_time:425005ms step_avg:402.85ms
step:1056/1645 train_time:425409ms step_avg:402.85ms
step:1057/1645 train_time:425807ms step_avg:402.84ms
step:1058/1645 train_time:426210ms step_avg:402.84ms
step:1059/1645 train_time:426607ms step_avg:402.84ms
step:1060/1645 train_time:427007ms step_avg:402.84ms
step:1061/1645 train_time:427407ms step_avg:402.83ms
step:1062/1645 train_time:427808ms step_avg:402.83ms
step:1063/1645 train_time:428216ms step_avg:402.84ms
step:1064/1645 train_time:428610ms step_avg:402.83ms
step:1065/1645 train_time:429012ms step_avg:402.83ms
step:1066/1645 train_time:429414ms step_avg:402.83ms
step:1067/1645 train_time:429819ms step_avg:402.83ms
step:1068/1645 train_time:430219ms step_avg:402.83ms
step:1069/1645 train_time:430620ms step_avg:402.82ms
step:1070/1645 train_time:431019ms step_avg:402.82ms
step:1071/1645 train_time:431424ms step_avg:402.82ms
step:1072/1645 train_time:431820ms step_avg:402.82ms
step:1073/1645 train_time:432224ms step_avg:402.82ms
step:1074/1645 train_time:432622ms step_avg:402.81ms
step:1075/1645 train_time:433022ms step_avg:402.81ms
step:1076/1645 train_time:433422ms step_avg:402.81ms
step:1077/1645 train_time:433820ms step_avg:402.80ms
step:1078/1645 train_time:434225ms step_avg:402.81ms
step:1079/1645 train_time:434628ms step_avg:402.81ms
step:1080/1645 train_time:435030ms step_avg:402.81ms
step:1081/1645 train_time:435430ms step_avg:402.80ms
step:1082/1645 train_time:435835ms step_avg:402.81ms
step:1083/1645 train_time:436238ms step_avg:402.81ms
step:1084/1645 train_time:436634ms step_avg:402.80ms
step:1085/1645 train_time:437029ms step_avg:402.79ms
step:1086/1645 train_time:437434ms step_avg:402.79ms
step:1087/1645 train_time:437838ms step_avg:402.79ms
step:1088/1645 train_time:438233ms step_avg:402.79ms
step:1089/1645 train_time:438634ms step_avg:402.79ms
step:1090/1645 train_time:439033ms step_avg:402.78ms
step:1091/1645 train_time:439436ms step_avg:402.78ms
step:1092/1645 train_time:439837ms step_avg:402.78ms
step:1093/1645 train_time:440243ms step_avg:402.78ms
step:1094/1645 train_time:440649ms step_avg:402.79ms
step:1095/1645 train_time:441054ms step_avg:402.79ms
step:1096/1645 train_time:441455ms step_avg:402.79ms
step:1097/1645 train_time:441850ms step_avg:402.78ms
step:1098/1645 train_time:442258ms step_avg:402.78ms
step:1099/1645 train_time:442658ms step_avg:402.78ms
step:1100/1645 train_time:443059ms step_avg:402.78ms
step:1101/1645 train_time:443455ms step_avg:402.78ms
step:1102/1645 train_time:443860ms step_avg:402.78ms
step:1103/1645 train_time:444260ms step_avg:402.77ms
step:1104/1645 train_time:444659ms step_avg:402.77ms
step:1105/1645 train_time:445058ms step_avg:402.77ms
step:1106/1645 train_time:445457ms step_avg:402.76ms
step:1107/1645 train_time:445863ms step_avg:402.77ms
step:1108/1645 train_time:446257ms step_avg:402.76ms
step:1109/1645 train_time:446659ms step_avg:402.76ms
step:1110/1645 train_time:447060ms step_avg:402.76ms
step:1111/1645 train_time:447457ms step_avg:402.75ms
step:1112/1645 train_time:447859ms step_avg:402.75ms
step:1113/1645 train_time:448260ms step_avg:402.75ms
step:1114/1645 train_time:448660ms step_avg:402.75ms
step:1115/1645 train_time:449062ms step_avg:402.75ms
step:1116/1645 train_time:449460ms step_avg:402.74ms
step:1117/1645 train_time:449860ms step_avg:402.74ms
step:1118/1645 train_time:450266ms step_avg:402.74ms
step:1119/1645 train_time:450666ms step_avg:402.74ms
step:1120/1645 train_time:451075ms step_avg:402.75ms
step:1121/1645 train_time:451473ms step_avg:402.74ms
step:1122/1645 train_time:451870ms step_avg:402.74ms
step:1123/1645 train_time:452273ms step_avg:402.74ms
step:1124/1645 train_time:452670ms step_avg:402.73ms
step:1125/1645 train_time:453077ms step_avg:402.74ms
step:1125/1645 val_loss:3.411416 train_time:453376ms step_avg:403.00ms
step:1126/1645 train_time:453653ms step_avg:402.89ms
step:1127/1645 train_time:454048ms step_avg:402.88ms
step:1128/1645 train_time:454445ms step_avg:402.88ms
step:1129/1645 train_time:454851ms step_avg:402.88ms
step:1130/1645 train_time:455249ms step_avg:402.87ms
step:1131/1645 train_time:455646ms step_avg:402.87ms
step:1132/1645 train_time:456043ms step_avg:402.86ms
step:1133/1645 train_time:456444ms step_avg:402.86ms
step:1134/1645 train_time:456845ms step_avg:402.86ms
step:1135/1645 train_time:457245ms step_avg:402.86ms
step:1136/1645 train_time:457648ms step_avg:402.86ms
step:1137/1645 train_time:458051ms step_avg:402.86ms
step:1138/1645 train_time:458454ms step_avg:402.86ms
step:1139/1645 train_time:458852ms step_avg:402.85ms
step:1140/1645 train_time:459251ms step_avg:402.85ms
step:1141/1645 train_time:459656ms step_avg:402.85ms
step:1142/1645 train_time:460059ms step_avg:402.85ms
step:1143/1645 train_time:460457ms step_avg:402.85ms
step:1144/1645 train_time:460856ms step_avg:402.85ms
step:1145/1645 train_time:461259ms step_avg:402.85ms
step:1146/1645 train_time:461667ms step_avg:402.85ms
step:1147/1645 train_time:462065ms step_avg:402.85ms
step:1148/1645 train_time:462471ms step_avg:402.85ms
step:1149/1645 train_time:462874ms step_avg:402.85ms
step:1150/1645 train_time:463276ms step_avg:402.85ms
step:1151/1645 train_time:463678ms step_avg:402.85ms
step:1152/1645 train_time:464079ms step_avg:402.85ms
step:1153/1645 train_time:464475ms step_avg:402.84ms
step:1154/1645 train_time:464880ms step_avg:402.84ms
step:1155/1645 train_time:465282ms step_avg:402.84ms
step:1156/1645 train_time:465680ms step_avg:402.84ms
step:1157/1645 train_time:466080ms step_avg:402.83ms
step:1158/1645 train_time:466480ms step_avg:402.83ms
step:1159/1645 train_time:466880ms step_avg:402.83ms
step:1160/1645 train_time:467283ms step_avg:402.83ms
step:1161/1645 train_time:467686ms step_avg:402.83ms
step:1162/1645 train_time:468089ms step_avg:402.83ms
step:1163/1645 train_time:468487ms step_avg:402.83ms
step:1164/1645 train_time:468892ms step_avg:402.83ms
step:1165/1645 train_time:469296ms step_avg:402.83ms
step:1166/1645 train_time:469692ms step_avg:402.82ms
step:1167/1645 train_time:470095ms step_avg:402.82ms
step:1168/1645 train_time:470493ms step_avg:402.82ms
step:1169/1645 train_time:470893ms step_avg:402.82ms
step:1170/1645 train_time:471292ms step_avg:402.81ms
step:1171/1645 train_time:471688ms step_avg:402.81ms
step:1172/1645 train_time:472095ms step_avg:402.81ms
step:1173/1645 train_time:472493ms step_avg:402.81ms
step:1174/1645 train_time:472891ms step_avg:402.80ms
step:1175/1645 train_time:473297ms step_avg:402.81ms
step:1176/1645 train_time:473697ms step_avg:402.80ms
step:1177/1645 train_time:474099ms step_avg:402.80ms
step:1178/1645 train_time:474505ms step_avg:402.81ms
step:1179/1645 train_time:474906ms step_avg:402.80ms
step:1180/1645 train_time:475311ms step_avg:402.81ms
step:1181/1645 train_time:475712ms step_avg:402.80ms
step:1182/1645 train_time:476106ms step_avg:402.80ms
step:1183/1645 train_time:476507ms step_avg:402.80ms
step:1184/1645 train_time:476906ms step_avg:402.79ms
step:1185/1645 train_time:477308ms step_avg:402.79ms
step:1186/1645 train_time:477714ms step_avg:402.79ms
step:1187/1645 train_time:478112ms step_avg:402.79ms
step:1188/1645 train_time:478519ms step_avg:402.79ms
step:1189/1645 train_time:478917ms step_avg:402.79ms
step:1190/1645 train_time:479317ms step_avg:402.79ms
step:1191/1645 train_time:479731ms step_avg:402.80ms
step:1192/1645 train_time:480129ms step_avg:402.79ms
step:1193/1645 train_time:480534ms step_avg:402.79ms
step:1194/1645 train_time:480937ms step_avg:402.79ms
step:1195/1645 train_time:481337ms step_avg:402.79ms
step:1196/1645 train_time:481738ms step_avg:402.79ms
step:1197/1645 train_time:482141ms step_avg:402.79ms
step:1198/1645 train_time:482545ms step_avg:402.79ms
step:1199/1645 train_time:482936ms step_avg:402.78ms
step:1200/1645 train_time:483332ms step_avg:402.78ms
step:1201/1645 train_time:483732ms step_avg:402.77ms
step:1202/1645 train_time:484138ms step_avg:402.78ms
step:1203/1645 train_time:484536ms step_avg:402.77ms
step:1204/1645 train_time:484936ms step_avg:402.77ms
step:1205/1645 train_time:485336ms step_avg:402.77ms
step:1206/1645 train_time:485742ms step_avg:402.77ms
step:1207/1645 train_time:486140ms step_avg:402.77ms
step:1208/1645 train_time:486542ms step_avg:402.77ms
step:1209/1645 train_time:486941ms step_avg:402.76ms
step:1210/1645 train_time:487341ms step_avg:402.76ms
step:1211/1645 train_time:487745ms step_avg:402.76ms
step:1212/1645 train_time:488149ms step_avg:402.76ms
step:1213/1645 train_time:488548ms step_avg:402.76ms
step:1214/1645 train_time:488951ms step_avg:402.76ms
step:1215/1645 train_time:489347ms step_avg:402.76ms
step:1216/1645 train_time:489743ms step_avg:402.75ms
step:1217/1645 train_time:490144ms step_avg:402.75ms
step:1218/1645 train_time:490545ms step_avg:402.75ms
step:1219/1645 train_time:490946ms step_avg:402.75ms
step:1220/1645 train_time:491354ms step_avg:402.75ms
step:1221/1645 train_time:491757ms step_avg:402.75ms
step:1222/1645 train_time:492154ms step_avg:402.74ms
step:1223/1645 train_time:492558ms step_avg:402.75ms
step:1224/1645 train_time:492955ms step_avg:402.74ms
step:1225/1645 train_time:493361ms step_avg:402.74ms
step:1226/1645 train_time:493761ms step_avg:402.74ms
step:1227/1645 train_time:494158ms step_avg:402.74ms
step:1228/1645 train_time:494560ms step_avg:402.74ms
step:1229/1645 train_time:494961ms step_avg:402.73ms
step:1230/1645 train_time:495362ms step_avg:402.73ms
step:1231/1645 train_time:495758ms step_avg:402.73ms
step:1232/1645 train_time:496165ms step_avg:402.73ms
step:1233/1645 train_time:496558ms step_avg:402.72ms
step:1234/1645 train_time:496961ms step_avg:402.72ms
step:1235/1645 train_time:497360ms step_avg:402.72ms
step:1236/1645 train_time:497763ms step_avg:402.72ms
step:1237/1645 train_time:498165ms step_avg:402.72ms
step:1238/1645 train_time:498564ms step_avg:402.72ms
step:1239/1645 train_time:498961ms step_avg:402.71ms
step:1240/1645 train_time:499369ms step_avg:402.72ms
step:1241/1645 train_time:499769ms step_avg:402.71ms
step:1242/1645 train_time:500172ms step_avg:402.71ms
step:1243/1645 train_time:500572ms step_avg:402.71ms
step:1244/1645 train_time:500974ms step_avg:402.71ms
step:1245/1645 train_time:501372ms step_avg:402.71ms
step:1246/1645 train_time:501768ms step_avg:402.70ms
step:1247/1645 train_time:502166ms step_avg:402.70ms
step:1248/1645 train_time:502574ms step_avg:402.70ms
step:1249/1645 train_time:502969ms step_avg:402.70ms
step:1250/1645 train_time:503372ms step_avg:402.70ms
step:1250/1645 val_loss:3.372660 train_time:503677ms step_avg:402.94ms
step:1251/1645 train_time:503923ms step_avg:402.82ms
step:1252/1645 train_time:504310ms step_avg:402.80ms
step:1253/1645 train_time:504719ms step_avg:402.81ms
step:1254/1645 train_time:505124ms step_avg:402.81ms
step:1255/1645 train_time:505524ms step_avg:402.81ms
step:1256/1645 train_time:505925ms step_avg:402.81ms
step:1257/1645 train_time:506331ms step_avg:402.81ms
step:1258/1645 train_time:506732ms step_avg:402.81ms
step:1259/1645 train_time:507136ms step_avg:402.81ms
step:1260/1645 train_time:507555ms step_avg:402.82ms
step:1261/1645 train_time:507956ms step_avg:402.82ms
step:1262/1645 train_time:508345ms step_avg:402.81ms
step:1263/1645 train_time:508745ms step_avg:402.81ms
step:1264/1645 train_time:509141ms step_avg:402.80ms
step:1265/1645 train_time:509543ms step_avg:402.80ms
step:1266/1645 train_time:509947ms step_avg:402.80ms
step:1267/1645 train_time:510348ms step_avg:402.80ms
step:1268/1645 train_time:510753ms step_avg:402.80ms
step:1269/1645 train_time:511154ms step_avg:402.80ms
step:1270/1645 train_time:511560ms step_avg:402.80ms
step:1271/1645 train_time:511960ms step_avg:402.80ms
step:1272/1645 train_time:512357ms step_avg:402.80ms
step:1273/1645 train_time:512760ms step_avg:402.80ms
step:1274/1645 train_time:513158ms step_avg:402.79ms
step:1275/1645 train_time:513558ms step_avg:402.79ms
step:1276/1645 train_time:513959ms step_avg:402.79ms
step:1277/1645 train_time:514361ms step_avg:402.79ms
step:1278/1645 train_time:514764ms step_avg:402.79ms
step:1279/1645 train_time:515160ms step_avg:402.78ms
step:1280/1645 train_time:515563ms step_avg:402.78ms
step:1281/1645 train_time:515964ms step_avg:402.78ms
step:1282/1645 train_time:516370ms step_avg:402.78ms
step:1283/1645 train_time:516769ms step_avg:402.78ms
step:1284/1645 train_time:517173ms step_avg:402.78ms
step:1285/1645 train_time:517583ms step_avg:402.79ms
step:1286/1645 train_time:517984ms step_avg:402.79ms
step:1287/1645 train_time:518382ms step_avg:402.78ms
step:1288/1645 train_time:518785ms step_avg:402.78ms
step:1289/1645 train_time:519184ms step_avg:402.78ms
step:1290/1645 train_time:519589ms step_avg:402.78ms
step:1291/1645 train_time:519990ms step_avg:402.78ms
step:1292/1645 train_time:520397ms step_avg:402.78ms
step:1293/1645 train_time:520792ms step_avg:402.78ms
step:1294/1645 train_time:521192ms step_avg:402.78ms
step:1295/1645 train_time:521595ms step_avg:402.78ms
step:1296/1645 train_time:521991ms step_avg:402.77ms
step:1297/1645 train_time:522395ms step_avg:402.77ms
step:1298/1645 train_time:522791ms step_avg:402.77ms
step:1299/1645 train_time:523194ms step_avg:402.77ms
step:1300/1645 train_time:523595ms step_avg:402.77ms
step:1301/1645 train_time:523998ms step_avg:402.77ms
step:1302/1645 train_time:524394ms step_avg:402.76ms
step:1303/1645 train_time:524803ms step_avg:402.77ms
step:1304/1645 train_time:525203ms step_avg:402.76ms
step:1305/1645 train_time:525601ms step_avg:402.76ms
step:1306/1645 train_time:525998ms step_avg:402.75ms
step:1307/1645 train_time:526400ms step_avg:402.75ms
step:1308/1645 train_time:526806ms step_avg:402.76ms
step:1309/1645 train_time:527207ms step_avg:402.76ms
step:1310/1645 train_time:527606ms step_avg:402.75ms
step:1311/1645 train_time:528005ms step_avg:402.75ms
step:1312/1645 train_time:528409ms step_avg:402.75ms
step:1313/1645 train_time:528810ms step_avg:402.75ms
step:1314/1645 train_time:529218ms step_avg:402.75ms
step:1315/1645 train_time:529616ms step_avg:402.75ms
step:1316/1645 train_time:530014ms step_avg:402.75ms
step:1317/1645 train_time:530420ms step_avg:402.75ms
step:1318/1645 train_time:530819ms step_avg:402.75ms
step:1319/1645 train_time:531222ms step_avg:402.75ms
step:1320/1645 train_time:531623ms step_avg:402.74ms
step:1321/1645 train_time:532026ms step_avg:402.74ms
step:1322/1645 train_time:532430ms step_avg:402.75ms
step:1323/1645 train_time:532825ms step_avg:402.74ms
step:1324/1645 train_time:533228ms step_avg:402.74ms
step:1325/1645 train_time:533630ms step_avg:402.74ms
step:1326/1645 train_time:534037ms step_avg:402.74ms
step:1327/1645 train_time:534432ms step_avg:402.74ms
step:1328/1645 train_time:534836ms step_avg:402.74ms
step:1329/1645 train_time:535234ms step_avg:402.73ms
step:1330/1645 train_time:535631ms step_avg:402.73ms
step:1331/1645 train_time:536034ms step_avg:402.73ms
step:1332/1645 train_time:536438ms step_avg:402.73ms
step:1333/1645 train_time:536841ms step_avg:402.73ms
step:1334/1645 train_time:537235ms step_avg:402.72ms
step:1335/1645 train_time:537636ms step_avg:402.72ms
step:1336/1645 train_time:538040ms step_avg:402.72ms
step:1337/1645 train_time:538439ms step_avg:402.72ms
step:1338/1645 train_time:538846ms step_avg:402.73ms
step:1339/1645 train_time:539249ms step_avg:402.72ms
step:1340/1645 train_time:539651ms step_avg:402.72ms
step:1341/1645 train_time:540057ms step_avg:402.73ms
step:1342/1645 train_time:540461ms step_avg:402.73ms
step:1343/1645 train_time:540855ms step_avg:402.72ms
step:1344/1645 train_time:541263ms step_avg:402.73ms
step:1345/1645 train_time:541660ms step_avg:402.72ms
step:1346/1645 train_time:542059ms step_avg:402.72ms
step:1347/1645 train_time:542462ms step_avg:402.72ms
step:1348/1645 train_time:542862ms step_avg:402.72ms
step:1349/1645 train_time:543260ms step_avg:402.71ms
step:1350/1645 train_time:543664ms step_avg:402.71ms
step:1351/1645 train_time:544060ms step_avg:402.71ms
step:1352/1645 train_time:544461ms step_avg:402.71ms
step:1353/1645 train_time:544884ms step_avg:402.72ms
step:1354/1645 train_time:545282ms step_avg:402.72ms
step:1355/1645 train_time:545684ms step_avg:402.72ms
step:1356/1645 train_time:546084ms step_avg:402.72ms
step:1357/1645 train_time:546487ms step_avg:402.72ms
step:1358/1645 train_time:546885ms step_avg:402.71ms
step:1359/1645 train_time:547285ms step_avg:402.71ms
step:1360/1645 train_time:547689ms step_avg:402.71ms
step:1361/1645 train_time:548091ms step_avg:402.71ms
step:1362/1645 train_time:548495ms step_avg:402.71ms
step:1363/1645 train_time:548894ms step_avg:402.71ms
step:1364/1645 train_time:549297ms step_avg:402.71ms
step:1365/1645 train_time:549699ms step_avg:402.71ms
step:1366/1645 train_time:550100ms step_avg:402.71ms
step:1367/1645 train_time:550504ms step_avg:402.71ms
step:1368/1645 train_time:550903ms step_avg:402.71ms
step:1369/1645 train_time:551307ms step_avg:402.71ms
step:1370/1645 train_time:551705ms step_avg:402.70ms
step:1371/1645 train_time:552105ms step_avg:402.70ms
step:1372/1645 train_time:552507ms step_avg:402.70ms
step:1373/1645 train_time:552906ms step_avg:402.70ms
step:1374/1645 train_time:553314ms step_avg:402.70ms
step:1375/1645 train_time:553708ms step_avg:402.70ms
step:1375/1645 val_loss:3.337214 train_time:554004ms step_avg:402.91ms
step:1376/1645 train_time:554300ms step_avg:402.83ms
step:1377/1645 train_time:554640ms step_avg:402.79ms
step:1378/1645 train_time:555040ms step_avg:402.79ms
step:1379/1645 train_time:555440ms step_avg:402.78ms
step:1380/1645 train_time:555846ms step_avg:402.79ms
step:1381/1645 train_time:556253ms step_avg:402.79ms
step:1382/1645 train_time:556651ms step_avg:402.79ms
step:1383/1645 train_time:557055ms step_avg:402.79ms
step:1384/1645 train_time:557453ms step_avg:402.78ms
step:1385/1645 train_time:557853ms step_avg:402.78ms
step:1386/1645 train_time:558261ms step_avg:402.79ms
step:1387/1645 train_time:558658ms step_avg:402.78ms
step:1388/1645 train_time:559060ms step_avg:402.78ms
step:1389/1645 train_time:559468ms step_avg:402.78ms
step:1390/1645 train_time:559865ms step_avg:402.78ms
step:1391/1645 train_time:560269ms step_avg:402.78ms
step:1392/1645 train_time:560663ms step_avg:402.78ms
step:1393/1645 train_time:561067ms step_avg:402.78ms
step:1394/1645 train_time:561466ms step_avg:402.77ms
step:1395/1645 train_time:561867ms step_avg:402.77ms
step:1396/1645 train_time:562269ms step_avg:402.77ms
step:1397/1645 train_time:562671ms step_avg:402.77ms
step:1398/1645 train_time:563075ms step_avg:402.77ms
step:1399/1645 train_time:563476ms step_avg:402.77ms
step:1400/1645 train_time:563871ms step_avg:402.77ms
step:1401/1645 train_time:564276ms step_avg:402.77ms
step:1402/1645 train_time:564683ms step_avg:402.77ms
step:1403/1645 train_time:565081ms step_avg:402.77ms
step:1404/1645 train_time:565486ms step_avg:402.77ms
step:1405/1645 train_time:565886ms step_avg:402.77ms
step:1406/1645 train_time:566286ms step_avg:402.76ms
step:1407/1645 train_time:566684ms step_avg:402.76ms
step:1408/1645 train_time:567087ms step_avg:402.76ms
step:1409/1645 train_time:567489ms step_avg:402.76ms
step:1410/1645 train_time:567889ms step_avg:402.76ms
step:1411/1645 train_time:568292ms step_avg:402.76ms
step:1412/1645 train_time:568695ms step_avg:402.76ms
step:1413/1645 train_time:569094ms step_avg:402.76ms
step:1414/1645 train_time:569497ms step_avg:402.76ms
step:1415/1645 train_time:569896ms step_avg:402.75ms
step:1416/1645 train_time:570297ms step_avg:402.75ms
step:1417/1645 train_time:570700ms step_avg:402.75ms
step:1418/1645 train_time:571098ms step_avg:402.75ms
step:1419/1645 train_time:571499ms step_avg:402.75ms
step:1420/1645 train_time:571903ms step_avg:402.75ms
step:1421/1645 train_time:572298ms step_avg:402.74ms
step:1422/1645 train_time:572700ms step_avg:402.74ms
step:1423/1645 train_time:573107ms step_avg:402.75ms
step:1424/1645 train_time:573512ms step_avg:402.75ms
step:1425/1645 train_time:573913ms step_avg:402.75ms
step:1426/1645 train_time:574318ms step_avg:402.75ms
step:1427/1645 train_time:574716ms step_avg:402.74ms
step:1428/1645 train_time:575127ms step_avg:402.75ms
step:1429/1645 train_time:575525ms step_avg:402.75ms
step:1430/1645 train_time:575927ms step_avg:402.75ms
step:1431/1645 train_time:576334ms step_avg:402.75ms
step:1432/1645 train_time:576732ms step_avg:402.75ms
step:1433/1645 train_time:577137ms step_avg:402.75ms
step:1434/1645 train_time:577536ms step_avg:402.74ms
step:1435/1645 train_time:577939ms step_avg:402.75ms
step:1436/1645 train_time:578343ms step_avg:402.75ms
step:1437/1645 train_time:578741ms step_avg:402.74ms
step:1438/1645 train_time:579147ms step_avg:402.75ms
step:1439/1645 train_time:579549ms step_avg:402.74ms
step:1440/1645 train_time:579947ms step_avg:402.74ms
step:1441/1645 train_time:580347ms step_avg:402.74ms
step:1442/1645 train_time:580746ms step_avg:402.74ms
step:1443/1645 train_time:581151ms step_avg:402.74ms
step:1444/1645 train_time:581550ms step_avg:402.74ms
step:1445/1645 train_time:581948ms step_avg:402.73ms
step:1446/1645 train_time:582350ms step_avg:402.73ms
step:1447/1645 train_time:582750ms step_avg:402.73ms
step:1448/1645 train_time:583149ms step_avg:402.73ms
step:1449/1645 train_time:583550ms step_avg:402.73ms
step:1450/1645 train_time:583949ms step_avg:402.72ms
step:1451/1645 train_time:584358ms step_avg:402.73ms
step:1452/1645 train_time:584760ms step_avg:402.73ms
step:1453/1645 train_time:585163ms step_avg:402.73ms
step:1454/1645 train_time:585576ms step_avg:402.73ms
step:1455/1645 train_time:585959ms step_avg:402.72ms
step:1456/1645 train_time:586361ms step_avg:402.72ms
step:1457/1645 train_time:586765ms step_avg:402.72ms
step:1458/1645 train_time:587164ms step_avg:402.72ms
step:1459/1645 train_time:587570ms step_avg:402.72ms
step:1460/1645 train_time:587976ms step_avg:402.72ms
step:1461/1645 train_time:588376ms step_avg:402.72ms
step:1462/1645 train_time:588771ms step_avg:402.72ms
step:1463/1645 train_time:589174ms step_avg:402.72ms
step:1464/1645 train_time:589579ms step_avg:402.72ms
step:1465/1645 train_time:589979ms step_avg:402.72ms
step:1466/1645 train_time:590386ms step_avg:402.72ms
step:1467/1645 train_time:590794ms step_avg:402.72ms
step:1468/1645 train_time:591194ms step_avg:402.72ms
step:1469/1645 train_time:591601ms step_avg:402.72ms
step:1470/1645 train_time:592009ms step_avg:402.73ms
step:1471/1645 train_time:592411ms step_avg:402.73ms
step:1472/1645 train_time:592816ms step_avg:402.73ms
step:1473/1645 train_time:593218ms step_avg:402.73ms
step:1474/1645 train_time:593618ms step_avg:402.73ms
step:1475/1645 train_time:594022ms step_avg:402.73ms
step:1476/1645 train_time:594422ms step_avg:402.73ms
step:1477/1645 train_time:594822ms step_avg:402.72ms
step:1478/1645 train_time:595224ms step_avg:402.72ms
step:1479/1645 train_time:595627ms step_avg:402.72ms
step:1480/1645 train_time:596027ms step_avg:402.72ms
step:1481/1645 train_time:596431ms step_avg:402.72ms
step:1482/1645 train_time:596832ms step_avg:402.72ms
step:1483/1645 train_time:597239ms step_avg:402.72ms
step:1484/1645 train_time:597641ms step_avg:402.72ms
step:1485/1645 train_time:598045ms step_avg:402.72ms
step:1486/1645 train_time:598445ms step_avg:402.72ms
step:1487/1645 train_time:598848ms step_avg:402.72ms
step:1488/1645 train_time:599252ms step_avg:402.72ms
step:1489/1645 train_time:599658ms step_avg:402.73ms
step:1490/1645 train_time:600057ms step_avg:402.72ms
step:1491/1645 train_time:600463ms step_avg:402.72ms
step:1492/1645 train_time:600863ms step_avg:402.72ms
step:1493/1645 train_time:601272ms step_avg:402.73ms
step:1494/1645 train_time:601675ms step_avg:402.73ms
step:1495/1645 train_time:602081ms step_avg:402.73ms
step:1496/1645 train_time:602485ms step_avg:402.73ms
step:1497/1645 train_time:602889ms step_avg:402.73ms
step:1498/1645 train_time:603292ms step_avg:402.73ms
step:1499/1645 train_time:603699ms step_avg:402.73ms
step:1500/1645 train_time:604107ms step_avg:402.74ms
step:1500/1645 val_loss:3.306820 train_time:604399ms step_avg:402.93ms
step:1501/1645 train_time:604694ms step_avg:402.86ms
step:1502/1645 train_time:605047ms step_avg:402.83ms
step:1503/1645 train_time:605447ms step_avg:402.83ms
step:1504/1645 train_time:605859ms step_avg:402.83ms
step:1505/1645 train_time:606269ms step_avg:402.84ms
step:1506/1645 train_time:606665ms step_avg:402.83ms
step:1507/1645 train_time:607071ms step_avg:402.83ms
step:1508/1645 train_time:607472ms step_avg:402.83ms
step:1509/1645 train_time:607874ms step_avg:402.83ms
step:1510/1645 train_time:608274ms step_avg:402.83ms
step:1511/1645 train_time:608684ms step_avg:402.84ms
step:1512/1645 train_time:609081ms step_avg:402.83ms
step:1513/1645 train_time:609482ms step_avg:402.83ms
step:1514/1645 train_time:609884ms step_avg:402.83ms
step:1515/1645 train_time:610289ms step_avg:402.83ms
step:1516/1645 train_time:610693ms step_avg:402.83ms
step:1517/1645 train_time:611095ms step_avg:402.83ms
step:1518/1645 train_time:611497ms step_avg:402.83ms
step:1519/1645 train_time:611898ms step_avg:402.83ms
step:1520/1645 train_time:612307ms step_avg:402.83ms
step:1521/1645 train_time:612723ms step_avg:402.84ms
step:1522/1645 train_time:613111ms step_avg:402.83ms
step:1523/1645 train_time:613519ms step_avg:402.84ms
step:1524/1645 train_time:613920ms step_avg:402.83ms
step:1525/1645 train_time:614329ms step_avg:402.84ms
step:1526/1645 train_time:614730ms step_avg:402.84ms
step:1527/1645 train_time:615142ms step_avg:402.84ms
step:1528/1645 train_time:615533ms step_avg:402.84ms
step:1529/1645 train_time:615938ms step_avg:402.84ms
step:1530/1645 train_time:616344ms step_avg:402.84ms
step:1531/1645 train_time:616747ms step_avg:402.84ms
step:1532/1645 train_time:617149ms step_avg:402.84ms
step:1533/1645 train_time:617551ms step_avg:402.84ms
step:1534/1645 train_time:617954ms step_avg:402.84ms
step:1535/1645 train_time:618356ms step_avg:402.84ms
step:1536/1645 train_time:618760ms step_avg:402.84ms
step:1537/1645 train_time:619164ms step_avg:402.84ms
step:1538/1645 train_time:619565ms step_avg:402.84ms
step:1539/1645 train_time:619966ms step_avg:402.84ms
step:1540/1645 train_time:620370ms step_avg:402.84ms
step:1541/1645 train_time:620772ms step_avg:402.84ms
step:1542/1645 train_time:621177ms step_avg:402.84ms
step:1543/1645 train_time:621586ms step_avg:402.84ms
step:1544/1645 train_time:621985ms step_avg:402.84ms
step:1545/1645 train_time:622391ms step_avg:402.84ms
step:1546/1645 train_time:622794ms step_avg:402.84ms
step:1547/1645 train_time:623196ms step_avg:402.84ms
step:1548/1645 train_time:623599ms step_avg:402.84ms
step:1549/1645 train_time:624003ms step_avg:402.84ms
step:1550/1645 train_time:624409ms step_avg:402.84ms
step:1551/1645 train_time:624810ms step_avg:402.84ms
step:1552/1645 train_time:625217ms step_avg:402.85ms
step:1553/1645 train_time:625618ms step_avg:402.84ms
step:1554/1645 train_time:626025ms step_avg:402.85ms
step:1555/1645 train_time:626421ms step_avg:402.84ms
step:1556/1645 train_time:626825ms step_avg:402.84ms
step:1557/1645 train_time:627230ms step_avg:402.85ms
step:1558/1645 train_time:627633ms step_avg:402.85ms
step:1559/1645 train_time:628036ms step_avg:402.85ms
step:1560/1645 train_time:628440ms step_avg:402.85ms
step:1561/1645 train_time:628842ms step_avg:402.85ms
step:1562/1645 train_time:629249ms step_avg:402.85ms
step:1563/1645 train_time:629662ms step_avg:402.85ms
step:1564/1645 train_time:630063ms step_avg:402.85ms
step:1565/1645 train_time:630458ms step_avg:402.85ms
step:1566/1645 train_time:630863ms step_avg:402.85ms
step:1567/1645 train_time:631268ms step_avg:402.85ms
step:1568/1645 train_time:631669ms step_avg:402.85ms
step:1569/1645 train_time:632069ms step_avg:402.85ms
step:1570/1645 train_time:632477ms step_avg:402.85ms
step:1571/1645 train_time:632877ms step_avg:402.85ms
step:1572/1645 train_time:633284ms step_avg:402.85ms
step:1573/1645 train_time:633688ms step_avg:402.85ms
step:1574/1645 train_time:634094ms step_avg:402.85ms
step:1575/1645 train_time:634497ms step_avg:402.86ms
step:1576/1645 train_time:634903ms step_avg:402.86ms
step:1577/1645 train_time:635305ms step_avg:402.86ms
step:1578/1645 train_time:635710ms step_avg:402.86ms
step:1579/1645 train_time:636109ms step_avg:402.86ms
step:1580/1645 train_time:636515ms step_avg:402.86ms
step:1581/1645 train_time:636920ms step_avg:402.86ms
step:1582/1645 train_time:637321ms step_avg:402.86ms
step:1583/1645 train_time:637726ms step_avg:402.86ms
step:1584/1645 train_time:638132ms step_avg:402.86ms
step:1585/1645 train_time:638537ms step_avg:402.86ms
step:1586/1645 train_time:638941ms step_avg:402.86ms
step:1587/1645 train_time:639341ms step_avg:402.86ms
step:1588/1645 train_time:639746ms step_avg:402.86ms
step:1589/1645 train_time:640148ms step_avg:402.86ms
step:1590/1645 train_time:640549ms step_avg:402.86ms
step:1591/1645 train_time:640955ms step_avg:402.86ms
step:1592/1645 train_time:641357ms step_avg:402.86ms
step:1593/1645 train_time:641758ms step_avg:402.86ms
step:1594/1645 train_time:642165ms step_avg:402.86ms
step:1595/1645 train_time:642567ms step_avg:402.86ms
step:1596/1645 train_time:642970ms step_avg:402.86ms
step:1597/1645 train_time:643376ms step_avg:402.87ms
step:1598/1645 train_time:643777ms step_avg:402.86ms
step:1599/1645 train_time:644184ms step_avg:402.87ms
step:1600/1645 train_time:644588ms step_avg:402.87ms
step:1601/1645 train_time:644991ms step_avg:402.87ms
step:1602/1645 train_time:645394ms step_avg:402.87ms
step:1603/1645 train_time:645797ms step_avg:402.87ms
step:1604/1645 train_time:646207ms step_avg:402.87ms
step:1605/1645 train_time:646611ms step_avg:402.87ms
step:1606/1645 train_time:647013ms step_avg:402.87ms
step:1607/1645 train_time:647420ms step_avg:402.88ms
step:1608/1645 train_time:647823ms step_avg:402.88ms
step:1609/1645 train_time:648226ms step_avg:402.87ms
step:1610/1645 train_time:648629ms step_avg:402.88ms
step:1611/1645 train_time:649040ms step_avg:402.88ms
step:1612/1645 train_time:649443ms step_avg:402.88ms
step:1613/1645 train_time:649849ms step_avg:402.88ms
step:1614/1645 train_time:650255ms step_avg:402.88ms
step:1615/1645 train_time:650658ms step_avg:402.88ms
step:1616/1645 train_time:651063ms step_avg:402.89ms
step:1617/1645 train_time:651461ms step_avg:402.88ms
step:1618/1645 train_time:651865ms step_avg:402.88ms
step:1619/1645 train_time:652268ms step_avg:402.88ms
step:1620/1645 train_time:652675ms step_avg:402.89ms
step:1621/1645 train_time:653081ms step_avg:402.89ms
step:1622/1645 train_time:653485ms step_avg:402.89ms
step:1623/1645 train_time:653888ms step_avg:402.89ms
step:1624/1645 train_time:654291ms step_avg:402.89ms
step:1625/1645 train_time:654697ms step_avg:402.89ms
step:1625/1645 val_loss:3.282530 train_time:654999ms step_avg:403.08ms
step:1626/1645 train_time:655281ms step_avg:403.00ms
step:1627/1645 train_time:655670ms step_avg:402.99ms
step:1628/1645 train_time:656085ms step_avg:403.00ms
step:1629/1645 train_time:656484ms step_avg:403.00ms
step:1630/1645 train_time:656880ms step_avg:402.99ms
step:1631/1645 train_time:657280ms step_avg:402.99ms
step:1632/1645 train_time:657686ms step_avg:402.99ms
step:1633/1645 train_time:658088ms step_avg:402.99ms
step:1634/1645 train_time:658497ms step_avg:403.00ms
step:1635/1645 train_time:658898ms step_avg:403.00ms
step:1636/1645 train_time:659304ms step_avg:403.00ms
step:1637/1645 train_time:659709ms step_avg:403.00ms
step:1638/1645 train_time:660117ms step_avg:403.00ms
step:1639/1645 train_time:660520ms step_avg:403.00ms
step:1640/1645 train_time:660923ms step_avg:403.00ms
step:1641/1645 train_time:661328ms step_avg:403.00ms
step:1642/1645 train_time:661732ms step_avg:403.00ms
step:1643/1645 train_time:662133ms step_avg:403.00ms
step:1644/1645 train_time:662537ms step_avg:403.00ms
step:1645/1645 train_time:662941ms step_avg:403.00ms
step:1645/1645 val_loss:3.276861 train_time:663238ms step_avg:403.18ms
peak memory allocated: 29381 MiB reserved: 32142 MiB
total training time: 663.24s (663238ms)
