W0525 14:12:15.175000 243 site-packages/torch/distributed/run.py:766] 
W0525 14:12:15.175000 243 site-packages/torch/distributed/run.py:766] *****************************************
W0525 14:12:15.175000 243 site-packages/torch/distributed/run.py:766] Setting OMP_NUM_THREADS environment variable for each process to be 1 in default, to avoid your system being overloaded, please further tune the variable for optimal performance in your application as needed. 
W0525 14:12:15.175000 243 site-packages/torch/distributed/run.py:766] *****************************************
/root/miniconda3/envs/llm_test/lib/python3.10/site-packages/torch/autograd/__init__.py:221: UserWarning: Cannot create tensor with interal format while allow_internel_format=False, tensor will be created with base format. (Triggered internally at build/CMakeFiles/torch_npu.dir/compiler_depend.ts:338.)
  torch.ones_like(out, memory_format=torch.preserve_format)
/root/miniconda3/envs/llm_test/lib/python3.10/site-packages/torch/autograd/__init__.py:221: UserWarning: Cannot create tensor with interal format while allow_internel_format=False, tensor will be created with base format. (Triggered internally at build/CMakeFiles/torch_npu.dir/compiler_depend.ts:338.)
  torch.ones_like(out, memory_format=torch.preserve_format)
/root/miniconda3/envs/llm_test/lib/python3.10/site-packages/torch/autograd/__init__.py:221: UserWarning: Cannot create tensor with interal format while allow_internel_format=False, tensor will be created with base format. (Triggered internally at build/CMakeFiles/torch_npu.dir/compiler_depend.ts:338.)
  torch.ones_like(out, memory_format=torch.preserve_format)
/root/miniconda3/envs/llm_test/lib/python3.10/site-packages/torch/autograd/__init__.py:221: UserWarning: Cannot create tensor with interal format while allow_internel_format=False, tensor will be created with base format. (Triggered internally at build/CMakeFiles/torch_npu.dir/compiler_depend.ts:338.)
  torch.ones_like(out, memory_format=torch.preserve_format)
/root/miniconda3/envs/llm_test/lib/python3.10/site-packages/torch/autograd/__init__.py:221: UserWarning: Cannot create tensor with interal format while allow_internel_format=False, tensor will be created with base format. (Triggered internally at build/CMakeFiles/torch_npu.dir/compiler_depend.ts:338.)
  torch.ones_like(out, memory_format=torch.preserve_format)
/root/miniconda3/envs/llm_test/lib/python3.10/site-packages/torch/autograd/__init__.py:221: UserWarning: Cannot create tensor with interal format while allow_internel_format=False, tensor will be created with base format. (Triggered internally at build/CMakeFiles/torch_npu.dir/compiler_depend.ts:338.)
  torch.ones_like(out, memory_format=torch.preserve_format)
/root/miniconda3/envs/llm_test/lib/python3.10/site-packages/torch/autograd/__init__.py:221: UserWarning: Cannot create tensor with interal format while allow_internel_format=False, tensor will be created with base format. (Triggered internally at build/CMakeFiles/torch_npu.dir/compiler_depend.ts:338.)
  torch.ones_like(out, memory_format=torch.preserve_format)
/root/miniconda3/envs/llm_test/lib/python3.10/site-packages/torch/autograd/__init__.py:221: UserWarning: Cannot create tensor with interal format while allow_internel_format=False, tensor will be created with base format. (Triggered internally at build/CMakeFiles/torch_npu.dir/compiler_depend.ts:338.)
  torch.ones_like(out, memory_format=torch.preserve_format)
/root/miniconda3/envs/llm_test/lib/python3.10/site-packages/torch/autograd/__init__.py:221: UserWarning: Cannot create tensor with interal format while allow_internel_format=False, tensor will be created with base format. (Triggered internally at build/CMakeFiles/torch_npu.dir/compiler_depend.ts:338.)
  torch.ones_like(out, memory_format=torch.preserve_format)
/root/miniconda3/envs/llm_test/lib/python3.10/site-packages/torch/autograd/__init__.py:221: UserWarning: Cannot create tensor with interal format while allow_internel_format=False, tensor will be created with base format. (Triggered internally at build/CMakeFiles/torch_npu.dir/compiler_depend.ts:338.)
  torch.ones_like(out, memory_format=torch.preserve_format)
/root/miniconda3/envs/llm_test/lib/python3.10/site-packages/torch/autograd/__init__.py:221: UserWarning: Cannot create tensor with interal format while allow_internel_format=False, tensor will be created with base format. (Triggered internally at build/CMakeFiles/torch_npu.dir/compiler_depend.ts:338.)
  torch.ones_like(out, memory_format=torch.preserve_format)
/root/miniconda3/envs/llm_test/lib/python3.10/site-packages/torch/autograd/__init__.py:221: UserWarning: Cannot create tensor with interal format while allow_internel_format=False, tensor will be created with base format. (Triggered internally at build/CMakeFiles/torch_npu.dir/compiler_depend.ts:338.)
  torch.ones_like(out, memory_format=torch.preserve_format)
/root/miniconda3/envs/llm_test/lib/python3.10/site-packages/torch/distributed/distributed_c10d.py:4631: UserWarning: No device id is provided via `init_process_group` or `barrier `. Using the current device set by the user. 
  warnings.warn(  # warn only once
/root/miniconda3/envs/llm_test/lib/python3.10/site-packages/torch/autograd/__init__.py:221: UserWarning: Cannot create tensor with interal format while allow_internel_format=False, tensor will be created with base format. (Triggered internally at build/CMakeFiles/torch_npu.dir/compiler_depend.ts:338.)
  torch.ones_like(out, memory_format=torch.preserve_format)
/root/miniconda3/envs/llm_test/lib/python3.10/site-packages/torch/autograd/__init__.py:221: UserWarning: Cannot create tensor with interal format while allow_internel_format=False, tensor will be created with base format. (Triggered internally at build/CMakeFiles/torch_npu.dir/compiler_depend.ts:338.)
  torch.ones_like(out, memory_format=torch.preserve_format)
/root/miniconda3/envs/llm_test/lib/python3.10/site-packages/torch/autograd/__init__.py:221: UserWarning: Cannot create tensor with interal format while allow_internel_format=False, tensor will be created with base format. (Triggered internally at build/CMakeFiles/torch_npu.dir/compiler_depend.ts:338.)
  torch.ones_like(out, memory_format=torch.preserve_format)
/root/miniconda3/envs/llm_test/lib/python3.10/site-packages/torch/autograd/__init__.py:221: UserWarning: Cannot create tensor with interal format while allow_internel_format=False, tensor will be created with base format. (Triggered internally at build/CMakeFiles/torch_npu.dir/compiler_depend.ts:338.)
  torch.ones_like(out, memory_format=torch.preserve_format)
/root/miniconda3/envs/llm_test/lib/python3.10/site-packages/torch/distributed/distributed_c10d.py:4631: UserWarning: No device id is provided via `init_process_group` or `barrier `. Using the current device set by the user. 
  warnings.warn(  # warn only once
/root/miniconda3/envs/llm_test/lib/python3.10/site-packages/torch/distributed/distributed_c10d.py:4631: UserWarning: No device id is provided via `init_process_group` or `barrier `. Using the current device set by the user. 
  warnings.warn(  # warn only once
/root/miniconda3/envs/llm_test/lib/python3.10/site-packages/torch/distributed/distributed_c10d.py:4631: UserWarning: No device id is provided via `init_process_group` or `barrier `. Using the current device set by the user. 
  warnings.warn(  # warn only once
/root/miniconda3/envs/llm_test/lib/python3.10/site-packages/torch/distributed/distributed_c10d.py:4631: UserWarning: No device id is provided via `init_process_group` or `barrier `. Using the current device set by the user. 
  warnings.warn(  # warn only once
/root/miniconda3/envs/llm_test/lib/python3.10/site-packages/torch/distributed/distributed_c10d.py:4631: UserWarning: No device id is provided via `init_process_group` or `barrier `. Using the current device set by the user. 
  warnings.warn(  # warn only once
/root/miniconda3/envs/llm_test/lib/python3.10/site-packages/torch/distributed/distributed_c10d.py:4631: UserWarning: No device id is provided via `init_process_group` or `barrier `. Using the current device set by the user. 
  warnings.warn(  # warn only once
/root/miniconda3/envs/llm_test/lib/python3.10/site-packages/torch/distributed/distributed_c10d.py:4631: UserWarning: No device id is provided via `init_process_group` or `barrier `. Using the current device set by the user. 
  warnings.warn(  # warn only once
/root/miniconda3/envs/llm_test/lib/python3.10/site-packages/torch/distributed/distributed_c10d.py:4631: UserWarning: No device id is provided via `init_process_group` or `barrier `. Using the current device set by the user. 
  warnings.warn(  # warn only once
/root/miniconda3/envs/llm_test/lib/python3.10/site-packages/torch/distributed/distributed_c10d.py:4631: UserWarning: No device id is provided via `init_process_group` or `barrier `. Using the current device set by the user. 
  warnings.warn(  # warn only once
/root/miniconda3/envs/llm_test/lib/python3.10/site-packages/torch/distributed/distributed_c10d.py:4631: UserWarning: No device id is provided via `init_process_group` or `barrier `. Using the current device set by the user. 
  warnings.warn(  # warn only once
/root/miniconda3/envs/llm_test/lib/python3.10/site-packages/torch/distributed/distributed_c10d.py:4631: UserWarning: No device id is provided via `init_process_group` or `barrier `. Using the current device set by the user. 
  warnings.warn(  # warn only once
/root/miniconda3/envs/llm_test/lib/python3.10/site-packages/torch/distributed/distributed_c10d.py:4631: UserWarning: No device id is provided via `init_process_group` or `barrier `. Using the current device set by the user. 
  warnings.warn(  # warn only once
/root/miniconda3/envs/llm_test/lib/python3.10/site-packages/torch/distributed/distributed_c10d.py:4631: UserWarning: No device id is provided via `init_process_group` or `barrier `. Using the current device set by the user. 
  warnings.warn(  # warn only once
/root/miniconda3/envs/llm_test/lib/python3.10/site-packages/torch/distributed/distributed_c10d.py:4631: UserWarning: No device id is provided via `init_process_group` or `barrier `. Using the current device set by the user. 
  warnings.warn(  # warn only once
/root/miniconda3/envs/llm_test/lib/python3.10/site-packages/torch/distributed/distributed_c10d.py:4631: UserWarning: No device id is provided via `init_process_group` or `barrier `. Using the current device set by the user. 
  warnings.warn(  # warn only once
logs/smear/d9dd9de5-8506-4918-88e5-97a128cd7811
/root/miniconda3/envs/llm_test/lib/python3.10/site-packages/torch_npu/utils/storage.py:89: UserWarning: TypedStorage is deprecated. It will be removed in the future and UntypedStorage will be the only storage class. This should only matter to you if you are using storages directly.  To access UntypedStorage directly, use tensor.untyped_storage() instead of tensor.storage()
  if self.device.type != 'cpu':
step:0/1645 val_loss:10.825841 train_time:0ms step_avg:0.12ms
step:1/1645 train_time:1235ms step_avg:1235.02ms
step:2/1645 train_time:1343ms step_avg:671.53ms
step:3/1645 train_time:1740ms step_avg:579.97ms
step:4/1645 train_time:2139ms step_avg:534.64ms
step:5/1645 train_time:2541ms step_avg:508.17ms
step:6/1645 train_time:2942ms step_avg:490.41ms
step:7/1645 train_time:3345ms step_avg:477.85ms
step:8/1645 train_time:3745ms step_avg:468.12ms
step:9/1645 train_time:4151ms step_avg:461.19ms
step:10/1645 train_time:4556ms step_avg:455.65ms
step:11/1645 train_time:4957ms step_avg:450.64ms
step:12/1645 train_time:5356ms step_avg:446.31ms
step:13/1645 train_time:5756ms step_avg:442.74ms
step:14/1645 train_time:6159ms step_avg:439.93ms
step:15/1645 train_time:6555ms step_avg:437.03ms
step:16/1645 train_time:6960ms step_avg:435.02ms
step:17/1645 train_time:7362ms step_avg:433.05ms
step:18/1645 train_time:7764ms step_avg:431.33ms
step:19/1645 train_time:8164ms step_avg:429.69ms
step:20/1645 train_time:8567ms step_avg:428.35ms
step:21/1645 train_time:8971ms step_avg:427.20ms
step:22/1645 train_time:9374ms step_avg:426.07ms
step:23/1645 train_time:9776ms step_avg:425.05ms
step:24/1645 train_time:10176ms step_avg:424.02ms
step:25/1645 train_time:10575ms step_avg:423.01ms
step:26/1645 train_time:10979ms step_avg:422.26ms
step:27/1645 train_time:11384ms step_avg:421.61ms
step:28/1645 train_time:11781ms step_avg:420.75ms
step:29/1645 train_time:12184ms step_avg:420.14ms
step:30/1645 train_time:12585ms step_avg:419.50ms
step:31/1645 train_time:12988ms step_avg:418.95ms
step:32/1645 train_time:13387ms step_avg:418.34ms
step:33/1645 train_time:13787ms step_avg:417.79ms
step:34/1645 train_time:14189ms step_avg:417.32ms
step:35/1645 train_time:14590ms step_avg:416.87ms
step:36/1645 train_time:14990ms step_avg:416.40ms
step:37/1645 train_time:15392ms step_avg:416.01ms
step:38/1645 train_time:15790ms step_avg:415.53ms
step:39/1645 train_time:16192ms step_avg:415.19ms
step:40/1645 train_time:16595ms step_avg:414.87ms
step:41/1645 train_time:16993ms step_avg:414.47ms
step:42/1645 train_time:17391ms step_avg:414.08ms
step:43/1645 train_time:17792ms step_avg:413.76ms
step:44/1645 train_time:18194ms step_avg:413.51ms
step:45/1645 train_time:18596ms step_avg:413.25ms
step:46/1645 train_time:18996ms step_avg:412.95ms
step:47/1645 train_time:19396ms step_avg:412.68ms
step:48/1645 train_time:19795ms step_avg:412.40ms
step:49/1645 train_time:20198ms step_avg:412.20ms
step:50/1645 train_time:20600ms step_avg:412.00ms
step:51/1645 train_time:21002ms step_avg:411.80ms
step:52/1645 train_time:21404ms step_avg:411.62ms
step:53/1645 train_time:21809ms step_avg:411.49ms
step:54/1645 train_time:22205ms step_avg:411.20ms
step:55/1645 train_time:22629ms step_avg:411.43ms
step:56/1645 train_time:23023ms step_avg:411.12ms
step:57/1645 train_time:23415ms step_avg:410.79ms
step:58/1645 train_time:23820ms step_avg:410.68ms
step:59/1645 train_time:24217ms step_avg:410.46ms
step:60/1645 train_time:24615ms step_avg:410.25ms
step:61/1645 train_time:25016ms step_avg:410.10ms
step:62/1645 train_time:25422ms step_avg:410.02ms
step:63/1645 train_time:25826ms step_avg:409.94ms
step:64/1645 train_time:26224ms step_avg:409.76ms
step:65/1645 train_time:26627ms step_avg:409.64ms
step:66/1645 train_time:27019ms step_avg:409.38ms
step:67/1645 train_time:27421ms step_avg:409.26ms
step:68/1645 train_time:27824ms step_avg:409.17ms
step:69/1645 train_time:28221ms step_avg:408.99ms
step:70/1645 train_time:28627ms step_avg:408.95ms
step:71/1645 train_time:29034ms step_avg:408.92ms
step:72/1645 train_time:29433ms step_avg:408.79ms
step:73/1645 train_time:29834ms step_avg:408.68ms
step:74/1645 train_time:30236ms step_avg:408.59ms
step:75/1645 train_time:30642ms step_avg:408.56ms
step:76/1645 train_time:31039ms step_avg:408.41ms
step:77/1645 train_time:31443ms step_avg:408.35ms
step:78/1645 train_time:31845ms step_avg:408.27ms
step:79/1645 train_time:32248ms step_avg:408.20ms
step:80/1645 train_time:32654ms step_avg:408.17ms
step:81/1645 train_time:33049ms step_avg:408.01ms
step:82/1645 train_time:33454ms step_avg:407.97ms
step:83/1645 train_time:33853ms step_avg:407.87ms
step:84/1645 train_time:34260ms step_avg:407.85ms
step:85/1645 train_time:34657ms step_avg:407.73ms
step:86/1645 train_time:35069ms step_avg:407.78ms
step:87/1645 train_time:35467ms step_avg:407.67ms
step:88/1645 train_time:35871ms step_avg:407.62ms
step:89/1645 train_time:36269ms step_avg:407.52ms
step:90/1645 train_time:36670ms step_avg:407.45ms
step:91/1645 train_time:37074ms step_avg:407.41ms
step:92/1645 train_time:37473ms step_avg:407.31ms
step:93/1645 train_time:37873ms step_avg:407.24ms
step:94/1645 train_time:38274ms step_avg:407.17ms
step:95/1645 train_time:38675ms step_avg:407.11ms
step:96/1645 train_time:39078ms step_avg:407.06ms
step:97/1645 train_time:39478ms step_avg:406.99ms
step:98/1645 train_time:39882ms step_avg:406.95ms
step:99/1645 train_time:40284ms step_avg:406.91ms
step:100/1645 train_time:40683ms step_avg:406.83ms
step:101/1645 train_time:41090ms step_avg:406.83ms
step:102/1645 train_time:41488ms step_avg:406.74ms
step:103/1645 train_time:41888ms step_avg:406.67ms
step:104/1645 train_time:42289ms step_avg:406.63ms
step:105/1645 train_time:42687ms step_avg:406.54ms
step:106/1645 train_time:43093ms step_avg:406.54ms
step:107/1645 train_time:43489ms step_avg:406.44ms
step:108/1645 train_time:43889ms step_avg:406.38ms
step:109/1645 train_time:44290ms step_avg:406.33ms
step:110/1645 train_time:44687ms step_avg:406.25ms
step:111/1645 train_time:45093ms step_avg:406.24ms
step:112/1645 train_time:45494ms step_avg:406.20ms
step:113/1645 train_time:45899ms step_avg:406.18ms
step:114/1645 train_time:46297ms step_avg:406.11ms
step:115/1645 train_time:46700ms step_avg:406.09ms
step:116/1645 train_time:47100ms step_avg:406.04ms
step:117/1645 train_time:47507ms step_avg:406.04ms
step:118/1645 train_time:47906ms step_avg:405.99ms
step:119/1645 train_time:48306ms step_avg:405.93ms
step:120/1645 train_time:48707ms step_avg:405.89ms
step:121/1645 train_time:49109ms step_avg:405.86ms
step:122/1645 train_time:49512ms step_avg:405.84ms
step:123/1645 train_time:49912ms step_avg:405.79ms
step:124/1645 train_time:50310ms step_avg:405.72ms
step:125/1645 train_time:50710ms step_avg:405.68ms
step:125/1645 val_loss:4.313046 train_time:51013ms step_avg:408.10ms
step:126/1645 train_time:51329ms step_avg:407.37ms
step:127/1645 train_time:51686ms step_avg:406.97ms
step:128/1645 train_time:52083ms step_avg:406.89ms
step:129/1645 train_time:52486ms step_avg:406.87ms
step:130/1645 train_time:52888ms step_avg:406.83ms
step:131/1645 train_time:53288ms step_avg:406.78ms
step:132/1645 train_time:53688ms step_avg:406.73ms
step:133/1645 train_time:54088ms step_avg:406.68ms
step:134/1645 train_time:54490ms step_avg:406.64ms
step:135/1645 train_time:54888ms step_avg:406.58ms
step:136/1645 train_time:55287ms step_avg:406.52ms
step:137/1645 train_time:55688ms step_avg:406.48ms
step:138/1645 train_time:56087ms step_avg:406.43ms
step:139/1645 train_time:56495ms step_avg:406.44ms
step:140/1645 train_time:56893ms step_avg:406.38ms
step:141/1645 train_time:57299ms step_avg:406.37ms
step:142/1645 train_time:57700ms step_avg:406.34ms
step:143/1645 train_time:58100ms step_avg:406.29ms
step:144/1645 train_time:58498ms step_avg:406.24ms
step:145/1645 train_time:58905ms step_avg:406.24ms
step:146/1645 train_time:59305ms step_avg:406.20ms
step:147/1645 train_time:59703ms step_avg:406.14ms
step:148/1645 train_time:60101ms step_avg:406.09ms
step:149/1645 train_time:60505ms step_avg:406.07ms
step:150/1645 train_time:60905ms step_avg:406.03ms
step:151/1645 train_time:61306ms step_avg:406.00ms
step:152/1645 train_time:61705ms step_avg:405.96ms
step:153/1645 train_time:62105ms step_avg:405.92ms
step:154/1645 train_time:62508ms step_avg:405.90ms
step:155/1645 train_time:62905ms step_avg:405.84ms
step:156/1645 train_time:63307ms step_avg:405.81ms
step:157/1645 train_time:63710ms step_avg:405.79ms
step:158/1645 train_time:64113ms step_avg:405.78ms
step:159/1645 train_time:64515ms step_avg:405.75ms
step:160/1645 train_time:64916ms step_avg:405.73ms
step:161/1645 train_time:65317ms step_avg:405.69ms
step:162/1645 train_time:65714ms step_avg:405.64ms
step:163/1645 train_time:66117ms step_avg:405.63ms
step:164/1645 train_time:66516ms step_avg:405.58ms
step:165/1645 train_time:66919ms step_avg:405.57ms
step:166/1645 train_time:67320ms step_avg:405.54ms
step:167/1645 train_time:67717ms step_avg:405.49ms
step:168/1645 train_time:68125ms step_avg:405.51ms
step:169/1645 train_time:68525ms step_avg:405.47ms
step:170/1645 train_time:68928ms step_avg:405.46ms
step:171/1645 train_time:69324ms step_avg:405.40ms
step:172/1645 train_time:69725ms step_avg:405.38ms
step:173/1645 train_time:70127ms step_avg:405.36ms
step:174/1645 train_time:70530ms step_avg:405.34ms
step:175/1645 train_time:70930ms step_avg:405.31ms
step:176/1645 train_time:71335ms step_avg:405.31ms
step:177/1645 train_time:71736ms step_avg:405.29ms
step:178/1645 train_time:72135ms step_avg:405.25ms
step:179/1645 train_time:72531ms step_avg:405.20ms
step:180/1645 train_time:72929ms step_avg:405.16ms
step:181/1645 train_time:73330ms step_avg:405.14ms
step:182/1645 train_time:73730ms step_avg:405.11ms
step:183/1645 train_time:74130ms step_avg:405.08ms
step:184/1645 train_time:74532ms step_avg:405.07ms
step:185/1645 train_time:74932ms step_avg:405.04ms
step:186/1645 train_time:75352ms step_avg:405.12ms
step:187/1645 train_time:75731ms step_avg:404.98ms
step:188/1645 train_time:76134ms step_avg:404.97ms
step:189/1645 train_time:76533ms step_avg:404.94ms
step:190/1645 train_time:76934ms step_avg:404.92ms
step:191/1645 train_time:77336ms step_avg:404.90ms
step:192/1645 train_time:77736ms step_avg:404.88ms
step:193/1645 train_time:78133ms step_avg:404.83ms
step:194/1645 train_time:78539ms step_avg:404.84ms
step:195/1645 train_time:78939ms step_avg:404.82ms
step:196/1645 train_time:79347ms step_avg:404.83ms
step:197/1645 train_time:79745ms step_avg:404.80ms
step:198/1645 train_time:80148ms step_avg:404.79ms
step:199/1645 train_time:80548ms step_avg:404.77ms
step:200/1645 train_time:80949ms step_avg:404.75ms
step:201/1645 train_time:81343ms step_avg:404.69ms
step:202/1645 train_time:81747ms step_avg:404.69ms
step:203/1645 train_time:82148ms step_avg:404.67ms
step:204/1645 train_time:82554ms step_avg:404.67ms
step:205/1645 train_time:82950ms step_avg:404.63ms
step:206/1645 train_time:83357ms step_avg:404.65ms
step:207/1645 train_time:83757ms step_avg:404.62ms
step:208/1645 train_time:84160ms step_avg:404.61ms
step:209/1645 train_time:84558ms step_avg:404.58ms
step:210/1645 train_time:84959ms step_avg:404.57ms
step:211/1645 train_time:85360ms step_avg:404.55ms
step:212/1645 train_time:85765ms step_avg:404.55ms
step:213/1645 train_time:86165ms step_avg:404.53ms
step:214/1645 train_time:86564ms step_avg:404.50ms
step:215/1645 train_time:86964ms step_avg:404.48ms
step:216/1645 train_time:87363ms step_avg:404.46ms
step:217/1645 train_time:87762ms step_avg:404.43ms
step:218/1645 train_time:88164ms step_avg:404.42ms
step:219/1645 train_time:88565ms step_avg:404.41ms
step:220/1645 train_time:88967ms step_avg:404.39ms
step:221/1645 train_time:89364ms step_avg:404.36ms
step:222/1645 train_time:89769ms step_avg:404.37ms
step:223/1645 train_time:90167ms step_avg:404.34ms
step:224/1645 train_time:90567ms step_avg:404.32ms
step:225/1645 train_time:90967ms step_avg:404.30ms
step:226/1645 train_time:91371ms step_avg:404.30ms
step:227/1645 train_time:91774ms step_avg:404.29ms
step:228/1645 train_time:92174ms step_avg:404.27ms
step:229/1645 train_time:92578ms step_avg:404.27ms
step:230/1645 train_time:92978ms step_avg:404.25ms
step:231/1645 train_time:93383ms step_avg:404.26ms
step:232/1645 train_time:93779ms step_avg:404.22ms
step:233/1645 train_time:94184ms step_avg:404.22ms
step:234/1645 train_time:94583ms step_avg:404.20ms
step:235/1645 train_time:94986ms step_avg:404.20ms
step:236/1645 train_time:95386ms step_avg:404.18ms
step:237/1645 train_time:95785ms step_avg:404.16ms
step:238/1645 train_time:96187ms step_avg:404.15ms
step:239/1645 train_time:96588ms step_avg:404.13ms
step:240/1645 train_time:96984ms step_avg:404.10ms
step:241/1645 train_time:97385ms step_avg:404.09ms
step:242/1645 train_time:97783ms step_avg:404.06ms
step:243/1645 train_time:98185ms step_avg:404.05ms
step:244/1645 train_time:98584ms step_avg:404.03ms
step:245/1645 train_time:98991ms step_avg:404.05ms
step:246/1645 train_time:99390ms step_avg:404.02ms
step:247/1645 train_time:99793ms step_avg:404.02ms
step:248/1645 train_time:100193ms step_avg:404.00ms
step:249/1645 train_time:100599ms step_avg:404.01ms
step:250/1645 train_time:100999ms step_avg:404.00ms
step:250/1645 val_loss:3.971499 train_time:101303ms step_avg:405.21ms
step:251/1645 train_time:101566ms step_avg:404.65ms
step:252/1645 train_time:101923ms step_avg:404.45ms
step:253/1645 train_time:102326ms step_avg:404.45ms
step:254/1645 train_time:102731ms step_avg:404.45ms
step:255/1645 train_time:103132ms step_avg:404.44ms
step:256/1645 train_time:103534ms step_avg:404.43ms
step:257/1645 train_time:103935ms step_avg:404.42ms
step:258/1645 train_time:104338ms step_avg:404.41ms
step:259/1645 train_time:104738ms step_avg:404.39ms
step:260/1645 train_time:105145ms step_avg:404.40ms
step:261/1645 train_time:105549ms step_avg:404.40ms
step:262/1645 train_time:105947ms step_avg:404.38ms
step:263/1645 train_time:106346ms step_avg:404.36ms
step:264/1645 train_time:106742ms step_avg:404.33ms
step:265/1645 train_time:107142ms step_avg:404.31ms
step:266/1645 train_time:107542ms step_avg:404.29ms
step:267/1645 train_time:107940ms step_avg:404.27ms
step:268/1645 train_time:108337ms step_avg:404.24ms
step:269/1645 train_time:108741ms step_avg:404.24ms
step:270/1645 train_time:109141ms step_avg:404.22ms
step:271/1645 train_time:109539ms step_avg:404.20ms
step:272/1645 train_time:109939ms step_avg:404.19ms
step:273/1645 train_time:110345ms step_avg:404.19ms
step:274/1645 train_time:110744ms step_avg:404.18ms
step:275/1645 train_time:111143ms step_avg:404.16ms
step:276/1645 train_time:111541ms step_avg:404.13ms
step:277/1645 train_time:111941ms step_avg:404.12ms
step:278/1645 train_time:112340ms step_avg:404.10ms
step:279/1645 train_time:112741ms step_avg:404.09ms
step:280/1645 train_time:113142ms step_avg:404.08ms
step:281/1645 train_time:113542ms step_avg:404.06ms
step:282/1645 train_time:113945ms step_avg:404.06ms
step:283/1645 train_time:114344ms step_avg:404.04ms
step:284/1645 train_time:114741ms step_avg:404.02ms
step:285/1645 train_time:115147ms step_avg:404.02ms
step:286/1645 train_time:115546ms step_avg:404.01ms
step:287/1645 train_time:115943ms step_avg:403.98ms
step:288/1645 train_time:116346ms step_avg:403.98ms
step:289/1645 train_time:116747ms step_avg:403.97ms
step:290/1645 train_time:117152ms step_avg:403.97ms
step:291/1645 train_time:117549ms step_avg:403.95ms
step:292/1645 train_time:117950ms step_avg:403.94ms
step:293/1645 train_time:118350ms step_avg:403.92ms
step:294/1645 train_time:118757ms step_avg:403.93ms
step:295/1645 train_time:119158ms step_avg:403.93ms
step:296/1645 train_time:119558ms step_avg:403.91ms
step:297/1645 train_time:119978ms step_avg:403.97ms
step:298/1645 train_time:120360ms step_avg:403.89ms
step:299/1645 train_time:120759ms step_avg:403.88ms
step:300/1645 train_time:121159ms step_avg:403.86ms
step:301/1645 train_time:121556ms step_avg:403.84ms
step:302/1645 train_time:121957ms step_avg:403.83ms
step:303/1645 train_time:122359ms step_avg:403.83ms
step:304/1645 train_time:122759ms step_avg:403.81ms
step:305/1645 train_time:123161ms step_avg:403.81ms
step:306/1645 train_time:123561ms step_avg:403.79ms
step:307/1645 train_time:123960ms step_avg:403.78ms
step:308/1645 train_time:124358ms step_avg:403.76ms
step:309/1645 train_time:124759ms step_avg:403.75ms
step:310/1645 train_time:125161ms step_avg:403.75ms
step:311/1645 train_time:125563ms step_avg:403.74ms
step:312/1645 train_time:125964ms step_avg:403.73ms
step:313/1645 train_time:126363ms step_avg:403.72ms
step:314/1645 train_time:126765ms step_avg:403.71ms
step:315/1645 train_time:127170ms step_avg:403.71ms
step:316/1645 train_time:127571ms step_avg:403.71ms
step:317/1645 train_time:127972ms step_avg:403.70ms
step:318/1645 train_time:128374ms step_avg:403.69ms
step:319/1645 train_time:128773ms step_avg:403.68ms
step:320/1645 train_time:129172ms step_avg:403.66ms
step:321/1645 train_time:129575ms step_avg:403.66ms
step:322/1645 train_time:129978ms step_avg:403.66ms
step:323/1645 train_time:130379ms step_avg:403.65ms
step:324/1645 train_time:130774ms step_avg:403.62ms
step:325/1645 train_time:131174ms step_avg:403.61ms
step:326/1645 train_time:131574ms step_avg:403.60ms
step:327/1645 train_time:131976ms step_avg:403.60ms
step:328/1645 train_time:132376ms step_avg:403.58ms
step:329/1645 train_time:132779ms step_avg:403.58ms
step:330/1645 train_time:133176ms step_avg:403.56ms
step:331/1645 train_time:133576ms step_avg:403.55ms
step:332/1645 train_time:133973ms step_avg:403.53ms
step:333/1645 train_time:134376ms step_avg:403.53ms
step:334/1645 train_time:134777ms step_avg:403.52ms
step:335/1645 train_time:135176ms step_avg:403.51ms
step:336/1645 train_time:135576ms step_avg:403.50ms
step:337/1645 train_time:135974ms step_avg:403.48ms
step:338/1645 train_time:136371ms step_avg:403.47ms
step:339/1645 train_time:136777ms step_avg:403.47ms
step:340/1645 train_time:137176ms step_avg:403.46ms
step:341/1645 train_time:137576ms step_avg:403.45ms
step:342/1645 train_time:137976ms step_avg:403.44ms
step:343/1645 train_time:138377ms step_avg:403.43ms
step:344/1645 train_time:138786ms step_avg:403.45ms
step:345/1645 train_time:139186ms step_avg:403.44ms
step:346/1645 train_time:139587ms step_avg:403.43ms
step:347/1645 train_time:139991ms step_avg:403.43ms
step:348/1645 train_time:140392ms step_avg:403.42ms
step:349/1645 train_time:140793ms step_avg:403.42ms
step:350/1645 train_time:141193ms step_avg:403.41ms
step:351/1645 train_time:141593ms step_avg:403.40ms
step:352/1645 train_time:141996ms step_avg:403.40ms
step:353/1645 train_time:142395ms step_avg:403.38ms
step:354/1645 train_time:142796ms step_avg:403.38ms
step:355/1645 train_time:143194ms step_avg:403.36ms
step:356/1645 train_time:143595ms step_avg:403.36ms
step:357/1645 train_time:143995ms step_avg:403.35ms
step:358/1645 train_time:144398ms step_avg:403.35ms
step:359/1645 train_time:144794ms step_avg:403.33ms
step:360/1645 train_time:145196ms step_avg:403.32ms
step:361/1645 train_time:145596ms step_avg:403.31ms
step:362/1645 train_time:146000ms step_avg:403.31ms
step:363/1645 train_time:146398ms step_avg:403.30ms
step:364/1645 train_time:146803ms step_avg:403.30ms
step:365/1645 train_time:147202ms step_avg:403.29ms
step:366/1645 train_time:147602ms step_avg:403.28ms
step:367/1645 train_time:148005ms step_avg:403.28ms
step:368/1645 train_time:148407ms step_avg:403.28ms
step:369/1645 train_time:148809ms step_avg:403.28ms
step:370/1645 train_time:149206ms step_avg:403.26ms
step:371/1645 train_time:149606ms step_avg:403.25ms
step:372/1645 train_time:150014ms step_avg:403.26ms
step:373/1645 train_time:150411ms step_avg:403.25ms
step:374/1645 train_time:150815ms step_avg:403.25ms
step:375/1645 train_time:151215ms step_avg:403.24ms
step:375/1645 val_loss:3.812580 train_time:151519ms step_avg:404.05ms
step:376/1645 train_time:151787ms step_avg:403.69ms
step:377/1645 train_time:152139ms step_avg:403.55ms
step:378/1645 train_time:152541ms step_avg:403.55ms
step:379/1645 train_time:152946ms step_avg:403.55ms
step:380/1645 train_time:153342ms step_avg:403.53ms
step:381/1645 train_time:153745ms step_avg:403.53ms
step:382/1645 train_time:154145ms step_avg:403.52ms
step:383/1645 train_time:154548ms step_avg:403.52ms
step:384/1645 train_time:154946ms step_avg:403.50ms
step:385/1645 train_time:155342ms step_avg:403.49ms
step:386/1645 train_time:155747ms step_avg:403.49ms
step:387/1645 train_time:156149ms step_avg:403.49ms
step:388/1645 train_time:156551ms step_avg:403.48ms
step:389/1645 train_time:156951ms step_avg:403.47ms
step:390/1645 train_time:157355ms step_avg:403.47ms
step:391/1645 train_time:157759ms step_avg:403.48ms
step:392/1645 train_time:158157ms step_avg:403.46ms
step:393/1645 train_time:158554ms step_avg:403.45ms
step:394/1645 train_time:158958ms step_avg:403.45ms
step:395/1645 train_time:159359ms step_avg:403.44ms
step:396/1645 train_time:159763ms step_avg:403.44ms
step:397/1645 train_time:160161ms step_avg:403.43ms
step:398/1645 train_time:160564ms step_avg:403.43ms
step:399/1645 train_time:160963ms step_avg:403.42ms
step:400/1645 train_time:161364ms step_avg:403.41ms
step:401/1645 train_time:161765ms step_avg:403.40ms
step:402/1645 train_time:162170ms step_avg:403.41ms
step:403/1645 train_time:162571ms step_avg:403.40ms
step:404/1645 train_time:162968ms step_avg:403.39ms
step:405/1645 train_time:163373ms step_avg:403.39ms
step:406/1645 train_time:163773ms step_avg:403.38ms
step:407/1645 train_time:164172ms step_avg:403.37ms
step:408/1645 train_time:164573ms step_avg:403.37ms
step:409/1645 train_time:164975ms step_avg:403.36ms
step:410/1645 train_time:165373ms step_avg:403.35ms
step:411/1645 train_time:165784ms step_avg:403.37ms
step:412/1645 train_time:166182ms step_avg:403.35ms
step:413/1645 train_time:166576ms step_avg:403.33ms
step:414/1645 train_time:166979ms step_avg:403.33ms
step:415/1645 train_time:167383ms step_avg:403.33ms
step:416/1645 train_time:167781ms step_avg:403.32ms
step:417/1645 train_time:168184ms step_avg:403.32ms
step:418/1645 train_time:168582ms step_avg:403.31ms
step:419/1645 train_time:168978ms step_avg:403.29ms
step:420/1645 train_time:169379ms step_avg:403.28ms
step:421/1645 train_time:169783ms step_avg:403.28ms
step:422/1645 train_time:170185ms step_avg:403.28ms
step:423/1645 train_time:170586ms step_avg:403.28ms
step:424/1645 train_time:170990ms step_avg:403.28ms
step:425/1645 train_time:171389ms step_avg:403.27ms
step:426/1645 train_time:171791ms step_avg:403.27ms
step:427/1645 train_time:172192ms step_avg:403.26ms
step:428/1645 train_time:172594ms step_avg:403.26ms
step:429/1645 train_time:172991ms step_avg:403.24ms
step:430/1645 train_time:173395ms step_avg:403.24ms
step:431/1645 train_time:173796ms step_avg:403.24ms
step:432/1645 train_time:174196ms step_avg:403.23ms
step:433/1645 train_time:174598ms step_avg:403.23ms
step:434/1645 train_time:175006ms step_avg:403.24ms
step:435/1645 train_time:175404ms step_avg:403.23ms
step:436/1645 train_time:175805ms step_avg:403.22ms
step:437/1645 train_time:176206ms step_avg:403.22ms
step:438/1645 train_time:176605ms step_avg:403.21ms
step:439/1645 train_time:177004ms step_avg:403.20ms
step:440/1645 train_time:177406ms step_avg:403.20ms
step:441/1645 train_time:177810ms step_avg:403.20ms
step:442/1645 train_time:178208ms step_avg:403.18ms
step:443/1645 train_time:178615ms step_avg:403.19ms
step:444/1645 train_time:179015ms step_avg:403.19ms
step:445/1645 train_time:179418ms step_avg:403.19ms
step:446/1645 train_time:179816ms step_avg:403.17ms
step:447/1645 train_time:180216ms step_avg:403.17ms
step:448/1645 train_time:180617ms step_avg:403.16ms
step:449/1645 train_time:181018ms step_avg:403.16ms
step:450/1645 train_time:181419ms step_avg:403.15ms
step:451/1645 train_time:181820ms step_avg:403.15ms
step:452/1645 train_time:182240ms step_avg:403.19ms
step:453/1645 train_time:182639ms step_avg:403.18ms
step:454/1645 train_time:183022ms step_avg:403.13ms
step:455/1645 train_time:183422ms step_avg:403.13ms
step:456/1645 train_time:183821ms step_avg:403.12ms
step:457/1645 train_time:184223ms step_avg:403.11ms
step:458/1645 train_time:184623ms step_avg:403.11ms
step:459/1645 train_time:185022ms step_avg:403.10ms
step:460/1645 train_time:185419ms step_avg:403.08ms
step:461/1645 train_time:185821ms step_avg:403.08ms
step:462/1645 train_time:186219ms step_avg:403.07ms
step:463/1645 train_time:186625ms step_avg:403.08ms
step:464/1645 train_time:187026ms step_avg:403.07ms
step:465/1645 train_time:187424ms step_avg:403.06ms
step:466/1645 train_time:187820ms step_avg:403.05ms
step:467/1645 train_time:188226ms step_avg:403.05ms
step:468/1645 train_time:188626ms step_avg:403.05ms
step:469/1645 train_time:189027ms step_avg:403.04ms
step:470/1645 train_time:189424ms step_avg:403.03ms
step:471/1645 train_time:189826ms step_avg:403.03ms
step:472/1645 train_time:190226ms step_avg:403.02ms
step:473/1645 train_time:190628ms step_avg:403.02ms
step:474/1645 train_time:191026ms step_avg:403.01ms
step:475/1645 train_time:191426ms step_avg:403.00ms
step:476/1645 train_time:191828ms step_avg:403.00ms
step:477/1645 train_time:192227ms step_avg:402.99ms
step:478/1645 train_time:192627ms step_avg:402.99ms
step:479/1645 train_time:193026ms step_avg:402.98ms
step:480/1645 train_time:193426ms step_avg:402.97ms
step:481/1645 train_time:193830ms step_avg:402.97ms
step:482/1645 train_time:194231ms step_avg:402.97ms
step:483/1645 train_time:194632ms step_avg:402.96ms
step:484/1645 train_time:195031ms step_avg:402.96ms
step:485/1645 train_time:195434ms step_avg:402.96ms
step:486/1645 train_time:195835ms step_avg:402.95ms
step:487/1645 train_time:196238ms step_avg:402.95ms
step:488/1645 train_time:196638ms step_avg:402.95ms
step:489/1645 train_time:197038ms step_avg:402.94ms
step:490/1645 train_time:197437ms step_avg:402.93ms
step:491/1645 train_time:197842ms step_avg:402.94ms
step:492/1645 train_time:198241ms step_avg:402.93ms
step:493/1645 train_time:198643ms step_avg:402.93ms
step:494/1645 train_time:199040ms step_avg:402.91ms
step:495/1645 train_time:199444ms step_avg:402.92ms
step:496/1645 train_time:199841ms step_avg:402.91ms
step:497/1645 train_time:200247ms step_avg:402.91ms
step:498/1645 train_time:200649ms step_avg:402.91ms
step:499/1645 train_time:201050ms step_avg:402.91ms
step:500/1645 train_time:201453ms step_avg:402.91ms
step:500/1645 val_loss:3.712068 train_time:201753ms step_avg:403.51ms
step:501/1645 train_time:202008ms step_avg:403.21ms
step:502/1645 train_time:202364ms step_avg:403.12ms
step:503/1645 train_time:202764ms step_avg:403.11ms
step:504/1645 train_time:203165ms step_avg:403.10ms
step:505/1645 train_time:203565ms step_avg:403.10ms
step:506/1645 train_time:203963ms step_avg:403.09ms
step:507/1645 train_time:204361ms step_avg:403.08ms
step:508/1645 train_time:204764ms step_avg:403.08ms
step:509/1645 train_time:205162ms step_avg:403.07ms
step:510/1645 train_time:205565ms step_avg:403.07ms
step:511/1645 train_time:205968ms step_avg:403.07ms
step:512/1645 train_time:206371ms step_avg:403.07ms
step:513/1645 train_time:206775ms step_avg:403.07ms
step:514/1645 train_time:207176ms step_avg:403.07ms
step:515/1645 train_time:207576ms step_avg:403.06ms
step:516/1645 train_time:207977ms step_avg:403.06ms
step:517/1645 train_time:208374ms step_avg:403.05ms
step:518/1645 train_time:208774ms step_avg:403.04ms
step:519/1645 train_time:209173ms step_avg:403.03ms
step:520/1645 train_time:209575ms step_avg:403.03ms
step:521/1645 train_time:209976ms step_avg:403.03ms
step:522/1645 train_time:210376ms step_avg:403.02ms
step:523/1645 train_time:210773ms step_avg:403.01ms
step:524/1645 train_time:211181ms step_avg:403.02ms
step:525/1645 train_time:211578ms step_avg:403.01ms
step:526/1645 train_time:211980ms step_avg:403.00ms
step:527/1645 train_time:212378ms step_avg:402.99ms
step:528/1645 train_time:212781ms step_avg:402.99ms
step:529/1645 train_time:213187ms step_avg:403.00ms
step:530/1645 train_time:213591ms step_avg:403.00ms
step:531/1645 train_time:213990ms step_avg:402.99ms
step:532/1645 train_time:214392ms step_avg:402.99ms
step:533/1645 train_time:214792ms step_avg:402.99ms
step:534/1645 train_time:215196ms step_avg:402.99ms
step:535/1645 train_time:215603ms step_avg:403.00ms
step:536/1645 train_time:216001ms step_avg:402.99ms
step:537/1645 train_time:216402ms step_avg:402.98ms
step:538/1645 train_time:216807ms step_avg:402.99ms
step:539/1645 train_time:217205ms step_avg:402.98ms
step:540/1645 train_time:217610ms step_avg:402.98ms
step:541/1645 train_time:218006ms step_avg:402.97ms
step:542/1645 train_time:218405ms step_avg:402.96ms
step:543/1645 train_time:218807ms step_avg:402.96ms
step:544/1645 train_time:219208ms step_avg:402.96ms
step:545/1645 train_time:219613ms step_avg:402.96ms
step:546/1645 train_time:220014ms step_avg:402.96ms
step:547/1645 train_time:220416ms step_avg:402.95ms
step:548/1645 train_time:220816ms step_avg:402.95ms
step:549/1645 train_time:221217ms step_avg:402.95ms
step:550/1645 train_time:221627ms step_avg:402.96ms
step:551/1645 train_time:222026ms step_avg:402.95ms
step:552/1645 train_time:222427ms step_avg:402.95ms
step:553/1645 train_time:222828ms step_avg:402.94ms
step:554/1645 train_time:223230ms step_avg:402.94ms
step:555/1645 train_time:223632ms step_avg:402.94ms
step:556/1645 train_time:224032ms step_avg:402.93ms
step:557/1645 train_time:224432ms step_avg:402.93ms
step:558/1645 train_time:224832ms step_avg:402.93ms
step:559/1645 train_time:225235ms step_avg:402.92ms
step:560/1645 train_time:225643ms step_avg:402.93ms
step:561/1645 train_time:226047ms step_avg:402.94ms
step:562/1645 train_time:226451ms step_avg:402.94ms
step:563/1645 train_time:226856ms step_avg:402.94ms
step:564/1645 train_time:227259ms step_avg:402.94ms
step:565/1645 train_time:227664ms step_avg:402.94ms
step:566/1645 train_time:228060ms step_avg:402.93ms
step:567/1645 train_time:228461ms step_avg:402.93ms
step:568/1645 train_time:228858ms step_avg:402.92ms
step:569/1645 train_time:229262ms step_avg:402.92ms
step:570/1645 train_time:229666ms step_avg:402.92ms
step:571/1645 train_time:230069ms step_avg:402.92ms
step:572/1645 train_time:230469ms step_avg:402.92ms
step:573/1645 train_time:230867ms step_avg:402.91ms
step:574/1645 train_time:231264ms step_avg:402.90ms
step:575/1645 train_time:231670ms step_avg:402.90ms
step:576/1645 train_time:232070ms step_avg:402.90ms
step:577/1645 train_time:232474ms step_avg:402.90ms
step:578/1645 train_time:232875ms step_avg:402.90ms
step:579/1645 train_time:233277ms step_avg:402.90ms
step:580/1645 train_time:233677ms step_avg:402.89ms
step:581/1645 train_time:234079ms step_avg:402.89ms
step:582/1645 train_time:234476ms step_avg:402.88ms
step:583/1645 train_time:234879ms step_avg:402.88ms
step:584/1645 train_time:235282ms step_avg:402.88ms
step:585/1645 train_time:235680ms step_avg:402.87ms
step:586/1645 train_time:236080ms step_avg:402.87ms
step:587/1645 train_time:236482ms step_avg:402.87ms
step:588/1645 train_time:236883ms step_avg:402.86ms
step:589/1645 train_time:237279ms step_avg:402.85ms
step:590/1645 train_time:237678ms step_avg:402.84ms
step:591/1645 train_time:238083ms step_avg:402.85ms
step:592/1645 train_time:238482ms step_avg:402.84ms
step:593/1645 train_time:238900ms step_avg:402.87ms
step:594/1645 train_time:239286ms step_avg:402.84ms
step:595/1645 train_time:239681ms step_avg:402.82ms
step:596/1645 train_time:240082ms step_avg:402.82ms
step:597/1645 train_time:240485ms step_avg:402.82ms
step:598/1645 train_time:240882ms step_avg:402.81ms
step:599/1645 train_time:241283ms step_avg:402.81ms
step:600/1645 train_time:241689ms step_avg:402.82ms
step:601/1645 train_time:242086ms step_avg:402.81ms
step:602/1645 train_time:242494ms step_avg:402.81ms
step:603/1645 train_time:242894ms step_avg:402.81ms
step:604/1645 train_time:243292ms step_avg:402.80ms
step:605/1645 train_time:243688ms step_avg:402.79ms
step:606/1645 train_time:244092ms step_avg:402.79ms
step:607/1645 train_time:244492ms step_avg:402.79ms
step:608/1645 train_time:244898ms step_avg:402.79ms
step:609/1645 train_time:245296ms step_avg:402.78ms
step:610/1645 train_time:245693ms step_avg:402.78ms
step:611/1645 train_time:246095ms step_avg:402.77ms
step:612/1645 train_time:246494ms step_avg:402.77ms
step:613/1645 train_time:246894ms step_avg:402.76ms
step:614/1645 train_time:247296ms step_avg:402.76ms
step:615/1645 train_time:247699ms step_avg:402.76ms
step:616/1645 train_time:248099ms step_avg:402.76ms
step:617/1645 train_time:248498ms step_avg:402.75ms
step:618/1645 train_time:248901ms step_avg:402.75ms
step:619/1645 train_time:249304ms step_avg:402.75ms
step:620/1645 train_time:249696ms step_avg:402.74ms
step:621/1645 train_time:250100ms step_avg:402.74ms
step:622/1645 train_time:250495ms step_avg:402.73ms
step:623/1645 train_time:250892ms step_avg:402.72ms
step:624/1645 train_time:251293ms step_avg:402.71ms
step:625/1645 train_time:251696ms step_avg:402.71ms
step:625/1645 val_loss:3.613156 train_time:252002ms step_avg:403.20ms
step:626/1645 train_time:252288ms step_avg:403.02ms
step:627/1645 train_time:252643ms step_avg:402.94ms
step:628/1645 train_time:253044ms step_avg:402.94ms
step:629/1645 train_time:253443ms step_avg:402.93ms
step:630/1645 train_time:253850ms step_avg:402.94ms
step:631/1645 train_time:254256ms step_avg:402.94ms
step:632/1645 train_time:254660ms step_avg:402.94ms
step:633/1645 train_time:255059ms step_avg:402.94ms
step:634/1645 train_time:255459ms step_avg:402.93ms
step:635/1645 train_time:255860ms step_avg:402.93ms
step:636/1645 train_time:256262ms step_avg:402.93ms
step:637/1645 train_time:256662ms step_avg:402.92ms
step:638/1645 train_time:257063ms step_avg:402.92ms
step:639/1645 train_time:257471ms step_avg:402.93ms
step:640/1645 train_time:257869ms step_avg:402.92ms
step:641/1645 train_time:258275ms step_avg:402.93ms
step:642/1645 train_time:258671ms step_avg:402.91ms
step:643/1645 train_time:259072ms step_avg:402.91ms
step:644/1645 train_time:259472ms step_avg:402.91ms
step:645/1645 train_time:259884ms step_avg:402.92ms
step:646/1645 train_time:260277ms step_avg:402.91ms
step:647/1645 train_time:260675ms step_avg:402.90ms
step:648/1645 train_time:261077ms step_avg:402.90ms
step:649/1645 train_time:261481ms step_avg:402.90ms
step:650/1645 train_time:261879ms step_avg:402.89ms
step:651/1645 train_time:262279ms step_avg:402.89ms
step:652/1645 train_time:262680ms step_avg:402.88ms
step:653/1645 train_time:263087ms step_avg:402.89ms
step:654/1645 train_time:263486ms step_avg:402.88ms
step:655/1645 train_time:263885ms step_avg:402.88ms
step:656/1645 train_time:264284ms step_avg:402.87ms
step:657/1645 train_time:264687ms step_avg:402.87ms
step:658/1645 train_time:265086ms step_avg:402.87ms
step:659/1645 train_time:265489ms step_avg:402.87ms
step:660/1645 train_time:265891ms step_avg:402.87ms
step:661/1645 train_time:266292ms step_avg:402.86ms
step:662/1645 train_time:266688ms step_avg:402.85ms
step:663/1645 train_time:267093ms step_avg:402.86ms
step:664/1645 train_time:267493ms step_avg:402.85ms
step:665/1645 train_time:267894ms step_avg:402.85ms
step:666/1645 train_time:268294ms step_avg:402.84ms
step:667/1645 train_time:268692ms step_avg:402.84ms
step:668/1645 train_time:269091ms step_avg:402.83ms
step:669/1645 train_time:269493ms step_avg:402.83ms
step:670/1645 train_time:269891ms step_avg:402.82ms
step:671/1645 train_time:270296ms step_avg:402.83ms
step:672/1645 train_time:270704ms step_avg:402.83ms
step:673/1645 train_time:271105ms step_avg:402.83ms
step:674/1645 train_time:271508ms step_avg:402.83ms
step:675/1645 train_time:271910ms step_avg:402.83ms
step:676/1645 train_time:272311ms step_avg:402.83ms
step:677/1645 train_time:272713ms step_avg:402.83ms
step:678/1645 train_time:273114ms step_avg:402.82ms
step:679/1645 train_time:273512ms step_avg:402.82ms
step:680/1645 train_time:273911ms step_avg:402.81ms
step:681/1645 train_time:274315ms step_avg:402.81ms
step:682/1645 train_time:274727ms step_avg:402.83ms
step:683/1645 train_time:275130ms step_avg:402.83ms
step:684/1645 train_time:275520ms step_avg:402.81ms
step:685/1645 train_time:275921ms step_avg:402.80ms
step:686/1645 train_time:276326ms step_avg:402.81ms
step:687/1645 train_time:276729ms step_avg:402.81ms
step:688/1645 train_time:277129ms step_avg:402.80ms
step:689/1645 train_time:277529ms step_avg:402.80ms
step:690/1645 train_time:277936ms step_avg:402.81ms
step:691/1645 train_time:278334ms step_avg:402.80ms
step:692/1645 train_time:278738ms step_avg:402.80ms
step:693/1645 train_time:279140ms step_avg:402.80ms
step:694/1645 train_time:279544ms step_avg:402.80ms
step:695/1645 train_time:279946ms step_avg:402.80ms
step:696/1645 train_time:280352ms step_avg:402.80ms
step:697/1645 train_time:280749ms step_avg:402.80ms
step:698/1645 train_time:281149ms step_avg:402.79ms
step:699/1645 train_time:281549ms step_avg:402.79ms
step:700/1645 train_time:281949ms step_avg:402.78ms
step:701/1645 train_time:282351ms step_avg:402.78ms
step:702/1645 train_time:282751ms step_avg:402.78ms
step:703/1645 train_time:283150ms step_avg:402.77ms
step:704/1645 train_time:283554ms step_avg:402.78ms
step:705/1645 train_time:283951ms step_avg:402.77ms
step:706/1645 train_time:284349ms step_avg:402.76ms
step:707/1645 train_time:284751ms step_avg:402.76ms
step:708/1645 train_time:285156ms step_avg:402.76ms
step:709/1645 train_time:285558ms step_avg:402.76ms
step:710/1645 train_time:285957ms step_avg:402.76ms
step:711/1645 train_time:286355ms step_avg:402.75ms
step:712/1645 train_time:286756ms step_avg:402.75ms
step:713/1645 train_time:287159ms step_avg:402.75ms
step:714/1645 train_time:287559ms step_avg:402.74ms
step:715/1645 train_time:287957ms step_avg:402.74ms
step:716/1645 train_time:288360ms step_avg:402.74ms
step:717/1645 train_time:288764ms step_avg:402.74ms
step:718/1645 train_time:289165ms step_avg:402.74ms
step:719/1645 train_time:289566ms step_avg:402.73ms
step:720/1645 train_time:289963ms step_avg:402.73ms
step:721/1645 train_time:290362ms step_avg:402.72ms
step:722/1645 train_time:290764ms step_avg:402.72ms
step:723/1645 train_time:291162ms step_avg:402.71ms
step:724/1645 train_time:291566ms step_avg:402.72ms
step:725/1645 train_time:291964ms step_avg:402.71ms
step:726/1645 train_time:292371ms step_avg:402.71ms
step:727/1645 train_time:292771ms step_avg:402.71ms
step:728/1645 train_time:293173ms step_avg:402.71ms
step:729/1645 train_time:293568ms step_avg:402.70ms
step:730/1645 train_time:293977ms step_avg:402.71ms
step:731/1645 train_time:294376ms step_avg:402.70ms
step:732/1645 train_time:294776ms step_avg:402.70ms
step:733/1645 train_time:295174ms step_avg:402.69ms
step:734/1645 train_time:295574ms step_avg:402.69ms
step:735/1645 train_time:295981ms step_avg:402.69ms
step:736/1645 train_time:296383ms step_avg:402.69ms
step:737/1645 train_time:296779ms step_avg:402.69ms
step:738/1645 train_time:297180ms step_avg:402.68ms
step:739/1645 train_time:297583ms step_avg:402.68ms
step:740/1645 train_time:297983ms step_avg:402.68ms
step:741/1645 train_time:298385ms step_avg:402.68ms
step:742/1645 train_time:298787ms step_avg:402.68ms
step:743/1645 train_time:299184ms step_avg:402.67ms
step:744/1645 train_time:299592ms step_avg:402.68ms
step:745/1645 train_time:299996ms step_avg:402.68ms
step:746/1645 train_time:300398ms step_avg:402.68ms
step:747/1645 train_time:300802ms step_avg:402.68ms
step:748/1645 train_time:301201ms step_avg:402.68ms
step:749/1645 train_time:301604ms step_avg:402.68ms
step:750/1645 train_time:302003ms step_avg:402.67ms
step:750/1645 val_loss:3.560890 train_time:302307ms step_avg:403.08ms
step:751/1645 train_time:302566ms step_avg:402.88ms
step:752/1645 train_time:302936ms step_avg:402.84ms
step:753/1645 train_time:303336ms step_avg:402.84ms
step:754/1645 train_time:303738ms step_avg:402.84ms
step:755/1645 train_time:304136ms step_avg:402.83ms
step:756/1645 train_time:304539ms step_avg:402.83ms
step:757/1645 train_time:304937ms step_avg:402.82ms
step:758/1645 train_time:305342ms step_avg:402.83ms
step:759/1645 train_time:305739ms step_avg:402.82ms
step:760/1645 train_time:306144ms step_avg:402.82ms
step:761/1645 train_time:306544ms step_avg:402.82ms
step:762/1645 train_time:306947ms step_avg:402.82ms
step:763/1645 train_time:307352ms step_avg:402.82ms
step:764/1645 train_time:307753ms step_avg:402.82ms
step:765/1645 train_time:308157ms step_avg:402.82ms
step:766/1645 train_time:308558ms step_avg:402.82ms
step:767/1645 train_time:308963ms step_avg:402.82ms
step:768/1645 train_time:309368ms step_avg:402.82ms
step:769/1645 train_time:309766ms step_avg:402.82ms
step:770/1645 train_time:310167ms step_avg:402.81ms
step:771/1645 train_time:310565ms step_avg:402.81ms
step:772/1645 train_time:310970ms step_avg:402.81ms
step:773/1645 train_time:311370ms step_avg:402.81ms
step:774/1645 train_time:311776ms step_avg:402.81ms
step:775/1645 train_time:312177ms step_avg:402.81ms
step:776/1645 train_time:312580ms step_avg:402.81ms
step:777/1645 train_time:312983ms step_avg:402.81ms
step:778/1645 train_time:313390ms step_avg:402.82ms
step:779/1645 train_time:313789ms step_avg:402.81ms
step:780/1645 train_time:314191ms step_avg:402.81ms
step:781/1645 train_time:314589ms step_avg:402.80ms
step:782/1645 train_time:314990ms step_avg:402.80ms
step:783/1645 train_time:315394ms step_avg:402.80ms
step:784/1645 train_time:315792ms step_avg:402.80ms
step:785/1645 train_time:316191ms step_avg:402.79ms
step:786/1645 train_time:316595ms step_avg:402.79ms
step:787/1645 train_time:316996ms step_avg:402.79ms
step:788/1645 train_time:317395ms step_avg:402.79ms
step:789/1645 train_time:317799ms step_avg:402.79ms
step:790/1645 train_time:318200ms step_avg:402.79ms
step:791/1645 train_time:318598ms step_avg:402.78ms
step:792/1645 train_time:318999ms step_avg:402.78ms
step:793/1645 train_time:319398ms step_avg:402.77ms
step:794/1645 train_time:319802ms step_avg:402.77ms
step:795/1645 train_time:320203ms step_avg:402.77ms
step:796/1645 train_time:320602ms step_avg:402.77ms
step:797/1645 train_time:321004ms step_avg:402.76ms
step:798/1645 train_time:321405ms step_avg:402.76ms
step:799/1645 train_time:321807ms step_avg:402.76ms
step:800/1645 train_time:322203ms step_avg:402.75ms
step:801/1645 train_time:322602ms step_avg:402.75ms
step:802/1645 train_time:323005ms step_avg:402.75ms
step:803/1645 train_time:323409ms step_avg:402.75ms
step:804/1645 train_time:323806ms step_avg:402.74ms
step:805/1645 train_time:324206ms step_avg:402.74ms
step:806/1645 train_time:324606ms step_avg:402.74ms
step:807/1645 train_time:325007ms step_avg:402.74ms
step:808/1645 train_time:325407ms step_avg:402.73ms
step:809/1645 train_time:325805ms step_avg:402.73ms
step:810/1645 train_time:326212ms step_avg:402.73ms
step:811/1645 train_time:326611ms step_avg:402.73ms
step:812/1645 train_time:327010ms step_avg:402.72ms
step:813/1645 train_time:327411ms step_avg:402.72ms
step:814/1645 train_time:327809ms step_avg:402.71ms
step:815/1645 train_time:328210ms step_avg:402.71ms
step:816/1645 train_time:328609ms step_avg:402.71ms
step:817/1645 train_time:329011ms step_avg:402.71ms
step:818/1645 train_time:329410ms step_avg:402.70ms
step:819/1645 train_time:329804ms step_avg:402.69ms
step:820/1645 train_time:330206ms step_avg:402.69ms
step:821/1645 train_time:330606ms step_avg:402.69ms
step:822/1645 train_time:331005ms step_avg:402.68ms
step:823/1645 train_time:331406ms step_avg:402.68ms
step:824/1645 train_time:331802ms step_avg:402.67ms
step:825/1645 train_time:332206ms step_avg:402.67ms
step:826/1645 train_time:332603ms step_avg:402.67ms
step:827/1645 train_time:333007ms step_avg:402.67ms
step:828/1645 train_time:333406ms step_avg:402.66ms
step:829/1645 train_time:333812ms step_avg:402.67ms
step:830/1645 train_time:334212ms step_avg:402.67ms
step:831/1645 train_time:334619ms step_avg:402.67ms
step:832/1645 train_time:335019ms step_avg:402.67ms
step:833/1645 train_time:335415ms step_avg:402.66ms
step:834/1645 train_time:335819ms step_avg:402.66ms
step:835/1645 train_time:336217ms step_avg:402.66ms
step:836/1645 train_time:336613ms step_avg:402.65ms
step:837/1645 train_time:337021ms step_avg:402.65ms
step:838/1645 train_time:337427ms step_avg:402.66ms
step:839/1645 train_time:337828ms step_avg:402.66ms
step:840/1645 train_time:338219ms step_avg:402.64ms
step:841/1645 train_time:338626ms step_avg:402.65ms
step:842/1645 train_time:339030ms step_avg:402.65ms
step:843/1645 train_time:339421ms step_avg:402.63ms
step:844/1645 train_time:339821ms step_avg:402.63ms
step:845/1645 train_time:340222ms step_avg:402.63ms
step:846/1645 train_time:340627ms step_avg:402.63ms
step:847/1645 train_time:341024ms step_avg:402.63ms
step:848/1645 train_time:341428ms step_avg:402.63ms
step:849/1645 train_time:341841ms step_avg:402.64ms
step:850/1645 train_time:342238ms step_avg:402.63ms
step:851/1645 train_time:342634ms step_avg:402.63ms
step:852/1645 train_time:343038ms step_avg:402.63ms
step:853/1645 train_time:343443ms step_avg:402.63ms
step:854/1645 train_time:343841ms step_avg:402.62ms
step:855/1645 train_time:344242ms step_avg:402.62ms
step:856/1645 train_time:344637ms step_avg:402.61ms
step:857/1645 train_time:345040ms step_avg:402.61ms
step:858/1645 train_time:345444ms step_avg:402.62ms
step:859/1645 train_time:345847ms step_avg:402.62ms
step:860/1645 train_time:346255ms step_avg:402.62ms
step:861/1645 train_time:346656ms step_avg:402.62ms
step:862/1645 train_time:347060ms step_avg:402.62ms
step:863/1645 train_time:347453ms step_avg:402.61ms
step:864/1645 train_time:347856ms step_avg:402.61ms
step:865/1645 train_time:348259ms step_avg:402.61ms
step:866/1645 train_time:348658ms step_avg:402.61ms
step:867/1645 train_time:349060ms step_avg:402.61ms
step:868/1645 train_time:349460ms step_avg:402.60ms
step:869/1645 train_time:349857ms step_avg:402.60ms
step:870/1645 train_time:350261ms step_avg:402.60ms
step:871/1645 train_time:350656ms step_avg:402.59ms
step:872/1645 train_time:351054ms step_avg:402.59ms
step:873/1645 train_time:351457ms step_avg:402.58ms
step:874/1645 train_time:351850ms step_avg:402.57ms
step:875/1645 train_time:352253ms step_avg:402.57ms
step:875/1645 val_loss:3.514143 train_time:352555ms step_avg:402.92ms
step:876/1645 train_time:352800ms step_avg:402.74ms
step:877/1645 train_time:353295ms step_avg:402.84ms
step:878/1645 train_time:353700ms step_avg:402.85ms
step:879/1645 train_time:354103ms step_avg:402.85ms
step:880/1645 train_time:354506ms step_avg:402.85ms
step:881/1645 train_time:354905ms step_avg:402.84ms
step:882/1645 train_time:355303ms step_avg:402.84ms
step:883/1645 train_time:355700ms step_avg:402.83ms
step:884/1645 train_time:356108ms step_avg:402.84ms
step:885/1645 train_time:356503ms step_avg:402.83ms
step:886/1645 train_time:356903ms step_avg:402.83ms
step:887/1645 train_time:357303ms step_avg:402.82ms
step:888/1645 train_time:357705ms step_avg:402.82ms
step:889/1645 train_time:358105ms step_avg:402.82ms
step:890/1645 train_time:358505ms step_avg:402.81ms
step:891/1645 train_time:358906ms step_avg:402.81ms
step:892/1645 train_time:359305ms step_avg:402.81ms
step:893/1645 train_time:359706ms step_avg:402.81ms
step:894/1645 train_time:360111ms step_avg:402.81ms
step:895/1645 train_time:360513ms step_avg:402.81ms
step:896/1645 train_time:360911ms step_avg:402.80ms
step:897/1645 train_time:361316ms step_avg:402.80ms
step:898/1645 train_time:361716ms step_avg:402.80ms
step:899/1645 train_time:362116ms step_avg:402.80ms
step:900/1645 train_time:362519ms step_avg:402.80ms
step:901/1645 train_time:362918ms step_avg:402.79ms
step:902/1645 train_time:363319ms step_avg:402.79ms
step:903/1645 train_time:363721ms step_avg:402.79ms
step:904/1645 train_time:364123ms step_avg:402.79ms
step:905/1645 train_time:364521ms step_avg:402.79ms
step:906/1645 train_time:364924ms step_avg:402.79ms
step:907/1645 train_time:365327ms step_avg:402.79ms
step:908/1645 train_time:365728ms step_avg:402.78ms
step:909/1645 train_time:366127ms step_avg:402.78ms
step:910/1645 train_time:366527ms step_avg:402.78ms
step:911/1645 train_time:366924ms step_avg:402.77ms
step:912/1645 train_time:367329ms step_avg:402.77ms
step:913/1645 train_time:367727ms step_avg:402.77ms
step:914/1645 train_time:368129ms step_avg:402.77ms
step:915/1645 train_time:368535ms step_avg:402.77ms
step:916/1645 train_time:368932ms step_avg:402.76ms
step:917/1645 train_time:369334ms step_avg:402.76ms
step:918/1645 train_time:369733ms step_avg:402.76ms
step:919/1645 train_time:370143ms step_avg:402.77ms
step:920/1645 train_time:370529ms step_avg:402.75ms
step:921/1645 train_time:370931ms step_avg:402.75ms
step:922/1645 train_time:371331ms step_avg:402.75ms
step:923/1645 train_time:371729ms step_avg:402.74ms
step:924/1645 train_time:372130ms step_avg:402.74ms
step:925/1645 train_time:372532ms step_avg:402.74ms
step:926/1645 train_time:372931ms step_avg:402.73ms
step:927/1645 train_time:373328ms step_avg:402.73ms
step:928/1645 train_time:373728ms step_avg:402.72ms
step:929/1645 train_time:374126ms step_avg:402.72ms
step:930/1645 train_time:374529ms step_avg:402.72ms
step:931/1645 train_time:374930ms step_avg:402.72ms
step:932/1645 train_time:375323ms step_avg:402.71ms
step:933/1645 train_time:375728ms step_avg:402.71ms
step:934/1645 train_time:376130ms step_avg:402.71ms
step:935/1645 train_time:376533ms step_avg:402.71ms
step:936/1645 train_time:376936ms step_avg:402.71ms
step:937/1645 train_time:377340ms step_avg:402.71ms
step:938/1645 train_time:377743ms step_avg:402.71ms
step:939/1645 train_time:378144ms step_avg:402.71ms
step:940/1645 train_time:378542ms step_avg:402.70ms
step:941/1645 train_time:378945ms step_avg:402.70ms
step:942/1645 train_time:379346ms step_avg:402.70ms
step:943/1645 train_time:379748ms step_avg:402.70ms
step:944/1645 train_time:380146ms step_avg:402.70ms
step:945/1645 train_time:380543ms step_avg:402.69ms
step:946/1645 train_time:380948ms step_avg:402.69ms
step:947/1645 train_time:381347ms step_avg:402.69ms
step:948/1645 train_time:381747ms step_avg:402.69ms
step:949/1645 train_time:382145ms step_avg:402.68ms
step:950/1645 train_time:382546ms step_avg:402.68ms
step:951/1645 train_time:382948ms step_avg:402.68ms
step:952/1645 train_time:383345ms step_avg:402.67ms
step:953/1645 train_time:383747ms step_avg:402.67ms
step:954/1645 train_time:384151ms step_avg:402.67ms
step:955/1645 train_time:384550ms step_avg:402.67ms
step:956/1645 train_time:384952ms step_avg:402.67ms
step:957/1645 train_time:385355ms step_avg:402.67ms
step:958/1645 train_time:385756ms step_avg:402.67ms
step:959/1645 train_time:386154ms step_avg:402.66ms
step:960/1645 train_time:386551ms step_avg:402.66ms
step:961/1645 train_time:386955ms step_avg:402.66ms
step:962/1645 train_time:387355ms step_avg:402.66ms
step:963/1645 train_time:387760ms step_avg:402.66ms
step:964/1645 train_time:388166ms step_avg:402.66ms
step:965/1645 train_time:388564ms step_avg:402.66ms
step:966/1645 train_time:388969ms step_avg:402.66ms
step:967/1645 train_time:389365ms step_avg:402.65ms
step:968/1645 train_time:389768ms step_avg:402.65ms
step:969/1645 train_time:390165ms step_avg:402.65ms
step:970/1645 train_time:390567ms step_avg:402.65ms
step:971/1645 train_time:390967ms step_avg:402.64ms
step:972/1645 train_time:391366ms step_avg:402.64ms
step:973/1645 train_time:391770ms step_avg:402.64ms
step:974/1645 train_time:392171ms step_avg:402.64ms
step:975/1645 train_time:392571ms step_avg:402.64ms
step:976/1645 train_time:392973ms step_avg:402.64ms
step:977/1645 train_time:393375ms step_avg:402.64ms
step:978/1645 train_time:393775ms step_avg:402.63ms
step:979/1645 train_time:394173ms step_avg:402.63ms
step:980/1645 train_time:394576ms step_avg:402.63ms
step:981/1645 train_time:394980ms step_avg:402.63ms
step:982/1645 train_time:395379ms step_avg:402.63ms
step:983/1645 train_time:395781ms step_avg:402.63ms
step:984/1645 train_time:396184ms step_avg:402.63ms
step:985/1645 train_time:396584ms step_avg:402.62ms
step:986/1645 train_time:396986ms step_avg:402.62ms
step:987/1645 train_time:397382ms step_avg:402.62ms
step:988/1645 train_time:397785ms step_avg:402.62ms
step:989/1645 train_time:398184ms step_avg:402.61ms
step:990/1645 train_time:398583ms step_avg:402.61ms
step:991/1645 train_time:398983ms step_avg:402.61ms
step:992/1645 train_time:399385ms step_avg:402.61ms
step:993/1645 train_time:399784ms step_avg:402.60ms
step:994/1645 train_time:400184ms step_avg:402.60ms
step:995/1645 train_time:400584ms step_avg:402.60ms
step:996/1645 train_time:400988ms step_avg:402.60ms
step:997/1645 train_time:401392ms step_avg:402.60ms
step:998/1645 train_time:401789ms step_avg:402.59ms
step:999/1645 train_time:402192ms step_avg:402.59ms
step:1000/1645 train_time:402592ms step_avg:402.59ms
step:1000/1645 val_loss:3.463639 train_time:402894ms step_avg:402.89ms
step:1001/1645 train_time:403161ms step_avg:402.76ms
step:1002/1645 train_time:403515ms step_avg:402.71ms
step:1003/1645 train_time:403914ms step_avg:402.71ms
step:1004/1645 train_time:404316ms step_avg:402.70ms
step:1005/1645 train_time:404718ms step_avg:402.70ms
step:1006/1645 train_time:405121ms step_avg:402.70ms
step:1007/1645 train_time:405527ms step_avg:402.71ms
step:1008/1645 train_time:405928ms step_avg:402.71ms
step:1009/1645 train_time:406328ms step_avg:402.70ms
step:1010/1645 train_time:406728ms step_avg:402.70ms
step:1011/1645 train_time:407129ms step_avg:402.70ms
step:1012/1645 train_time:407532ms step_avg:402.70ms
step:1013/1645 train_time:407930ms step_avg:402.69ms
step:1014/1645 train_time:408329ms step_avg:402.69ms
step:1015/1645 train_time:408729ms step_avg:402.69ms
step:1016/1645 train_time:409132ms step_avg:402.69ms
step:1017/1645 train_time:409530ms step_avg:402.68ms
step:1018/1645 train_time:409936ms step_avg:402.69ms
step:1019/1645 train_time:410334ms step_avg:402.68ms
step:1020/1645 train_time:410732ms step_avg:402.68ms
step:1021/1645 train_time:411131ms step_avg:402.67ms
step:1022/1645 train_time:411537ms step_avg:402.68ms
step:1023/1645 train_time:411942ms step_avg:402.68ms
step:1024/1645 train_time:412341ms step_avg:402.68ms
step:1025/1645 train_time:412746ms step_avg:402.68ms
step:1026/1645 train_time:413149ms step_avg:402.68ms
step:1027/1645 train_time:413548ms step_avg:402.68ms
step:1028/1645 train_time:413942ms step_avg:402.67ms
step:1029/1645 train_time:414349ms step_avg:402.67ms
step:1030/1645 train_time:414749ms step_avg:402.67ms
step:1031/1645 train_time:415151ms step_avg:402.67ms
step:1032/1645 train_time:415551ms step_avg:402.67ms
step:1033/1645 train_time:415952ms step_avg:402.66ms
step:1034/1645 train_time:416357ms step_avg:402.67ms
step:1035/1645 train_time:416757ms step_avg:402.66ms
step:1036/1645 train_time:417160ms step_avg:402.66ms
step:1037/1645 train_time:417566ms step_avg:402.67ms
step:1038/1645 train_time:417965ms step_avg:402.66ms
step:1039/1645 train_time:418364ms step_avg:402.66ms
step:1040/1645 train_time:418762ms step_avg:402.66ms
step:1041/1645 train_time:419162ms step_avg:402.65ms
step:1042/1645 train_time:419569ms step_avg:402.66ms
step:1043/1645 train_time:419968ms step_avg:402.65ms
step:1044/1645 train_time:420369ms step_avg:402.65ms
step:1045/1645 train_time:420774ms step_avg:402.65ms
step:1046/1645 train_time:421181ms step_avg:402.66ms
step:1047/1645 train_time:421597ms step_avg:402.67ms
step:1048/1645 train_time:421982ms step_avg:402.65ms
step:1049/1645 train_time:422379ms step_avg:402.65ms
step:1050/1645 train_time:422785ms step_avg:402.65ms
step:1051/1645 train_time:423187ms step_avg:402.65ms
step:1052/1645 train_time:423590ms step_avg:402.65ms
step:1053/1645 train_time:423991ms step_avg:402.65ms
step:1054/1645 train_time:424393ms step_avg:402.65ms
step:1055/1645 train_time:424795ms step_avg:402.65ms
step:1056/1645 train_time:425200ms step_avg:402.65ms
step:1057/1645 train_time:425601ms step_avg:402.65ms
step:1058/1645 train_time:425996ms step_avg:402.64ms
step:1059/1645 train_time:426400ms step_avg:402.64ms
step:1060/1645 train_time:426799ms step_avg:402.64ms
step:1061/1645 train_time:427198ms step_avg:402.64ms
step:1062/1645 train_time:427599ms step_avg:402.64ms
step:1063/1645 train_time:428003ms step_avg:402.64ms
step:1064/1645 train_time:428400ms step_avg:402.63ms
step:1065/1645 train_time:428802ms step_avg:402.63ms
step:1066/1645 train_time:429202ms step_avg:402.63ms
step:1067/1645 train_time:429603ms step_avg:402.63ms
step:1068/1645 train_time:430005ms step_avg:402.63ms
step:1069/1645 train_time:430406ms step_avg:402.63ms
step:1070/1645 train_time:430808ms step_avg:402.62ms
step:1071/1645 train_time:431209ms step_avg:402.62ms
step:1072/1645 train_time:431608ms step_avg:402.62ms
step:1073/1645 train_time:432011ms step_avg:402.62ms
step:1074/1645 train_time:432407ms step_avg:402.61ms
step:1075/1645 train_time:432808ms step_avg:402.61ms
step:1076/1645 train_time:433211ms step_avg:402.61ms
step:1077/1645 train_time:433607ms step_avg:402.61ms
step:1078/1645 train_time:434009ms step_avg:402.61ms
step:1079/1645 train_time:434412ms step_avg:402.61ms
step:1080/1645 train_time:434814ms step_avg:402.61ms
step:1081/1645 train_time:435215ms step_avg:402.60ms
step:1082/1645 train_time:435622ms step_avg:402.61ms
step:1083/1645 train_time:436018ms step_avg:402.60ms
step:1084/1645 train_time:436416ms step_avg:402.60ms
step:1085/1645 train_time:436813ms step_avg:402.59ms
step:1086/1645 train_time:437219ms step_avg:402.60ms
step:1087/1645 train_time:437616ms step_avg:402.59ms
step:1088/1645 train_time:438016ms step_avg:402.59ms
step:1089/1645 train_time:438417ms step_avg:402.59ms
step:1090/1645 train_time:438816ms step_avg:402.58ms
step:1091/1645 train_time:439217ms step_avg:402.58ms
step:1092/1645 train_time:439621ms step_avg:402.58ms
step:1093/1645 train_time:440024ms step_avg:402.58ms
step:1094/1645 train_time:440430ms step_avg:402.59ms
step:1095/1645 train_time:440830ms step_avg:402.58ms
step:1096/1645 train_time:441236ms step_avg:402.59ms
step:1097/1645 train_time:441632ms step_avg:402.58ms
step:1098/1645 train_time:442057ms step_avg:402.60ms
step:1099/1645 train_time:442457ms step_avg:402.60ms
step:1100/1645 train_time:442843ms step_avg:402.58ms
step:1101/1645 train_time:443239ms step_avg:402.58ms
step:1102/1645 train_time:443641ms step_avg:402.58ms
step:1103/1645 train_time:444044ms step_avg:402.58ms
step:1104/1645 train_time:444441ms step_avg:402.57ms
step:1105/1645 train_time:444844ms step_avg:402.57ms
step:1106/1645 train_time:445244ms step_avg:402.57ms
step:1107/1645 train_time:445645ms step_avg:402.57ms
step:1108/1645 train_time:446042ms step_avg:402.56ms
step:1109/1645 train_time:446441ms step_avg:402.56ms
step:1110/1645 train_time:446840ms step_avg:402.56ms
step:1111/1645 train_time:447238ms step_avg:402.55ms
step:1112/1645 train_time:447641ms step_avg:402.56ms
step:1113/1645 train_time:448041ms step_avg:402.55ms
step:1114/1645 train_time:448443ms step_avg:402.55ms
step:1115/1645 train_time:448842ms step_avg:402.55ms
step:1116/1645 train_time:449240ms step_avg:402.54ms
step:1117/1645 train_time:449641ms step_avg:402.54ms
step:1118/1645 train_time:450043ms step_avg:402.54ms
step:1119/1645 train_time:450451ms step_avg:402.55ms
step:1120/1645 train_time:450853ms step_avg:402.55ms
step:1121/1645 train_time:451253ms step_avg:402.55ms
step:1122/1645 train_time:451653ms step_avg:402.54ms
step:1123/1645 train_time:452054ms step_avg:402.54ms
step:1124/1645 train_time:452452ms step_avg:402.54ms
step:1125/1645 train_time:452853ms step_avg:402.54ms
step:1125/1645 val_loss:3.411291 train_time:453155ms step_avg:402.80ms
step:1126/1645 train_time:453398ms step_avg:402.66ms
step:1127/1645 train_time:453777ms step_avg:402.64ms
step:1128/1645 train_time:454179ms step_avg:402.64ms
step:1129/1645 train_time:454583ms step_avg:402.64ms
step:1130/1645 train_time:454983ms step_avg:402.64ms
step:1131/1645 train_time:455389ms step_avg:402.64ms
step:1132/1645 train_time:455786ms step_avg:402.64ms
step:1133/1645 train_time:456189ms step_avg:402.64ms
step:1134/1645 train_time:456590ms step_avg:402.64ms
step:1135/1645 train_time:456990ms step_avg:402.63ms
step:1136/1645 train_time:457391ms step_avg:402.63ms
step:1137/1645 train_time:457794ms step_avg:402.63ms
step:1138/1645 train_time:458194ms step_avg:402.63ms
step:1139/1645 train_time:458592ms step_avg:402.63ms
step:1140/1645 train_time:458994ms step_avg:402.63ms
step:1141/1645 train_time:459397ms step_avg:402.63ms
step:1142/1645 train_time:459800ms step_avg:402.63ms
step:1143/1645 train_time:460199ms step_avg:402.62ms
step:1144/1645 train_time:460596ms step_avg:402.62ms
step:1145/1645 train_time:461000ms step_avg:402.62ms
step:1146/1645 train_time:461407ms step_avg:402.62ms
step:1147/1645 train_time:461805ms step_avg:402.62ms
step:1148/1645 train_time:462212ms step_avg:402.62ms
step:1149/1645 train_time:462612ms step_avg:402.62ms
step:1150/1645 train_time:463013ms step_avg:402.62ms
step:1151/1645 train_time:463417ms step_avg:402.62ms
step:1152/1645 train_time:463818ms step_avg:402.62ms
step:1153/1645 train_time:464216ms step_avg:402.62ms
step:1154/1645 train_time:464618ms step_avg:402.62ms
step:1155/1645 train_time:465018ms step_avg:402.61ms
step:1156/1645 train_time:465416ms step_avg:402.61ms
step:1157/1645 train_time:465816ms step_avg:402.61ms
step:1158/1645 train_time:466216ms step_avg:402.60ms
step:1159/1645 train_time:466627ms step_avg:402.61ms
step:1160/1645 train_time:467018ms step_avg:402.60ms
step:1161/1645 train_time:467421ms step_avg:402.60ms
step:1162/1645 train_time:467825ms step_avg:402.60ms
step:1163/1645 train_time:468223ms step_avg:402.60ms
step:1164/1645 train_time:468626ms step_avg:402.60ms
step:1165/1645 train_time:469032ms step_avg:402.60ms
step:1166/1645 train_time:469430ms step_avg:402.60ms
step:1167/1645 train_time:469833ms step_avg:402.60ms
step:1168/1645 train_time:470230ms step_avg:402.59ms
step:1169/1645 train_time:470634ms step_avg:402.60ms
step:1170/1645 train_time:471031ms step_avg:402.59ms
step:1171/1645 train_time:471428ms step_avg:402.59ms
step:1172/1645 train_time:471834ms step_avg:402.59ms
step:1173/1645 train_time:472233ms step_avg:402.59ms
step:1174/1645 train_time:472632ms step_avg:402.58ms
step:1175/1645 train_time:473037ms step_avg:402.58ms
step:1176/1645 train_time:473435ms step_avg:402.58ms
step:1177/1645 train_time:473838ms step_avg:402.58ms
step:1178/1645 train_time:474244ms step_avg:402.58ms
step:1179/1645 train_time:474646ms step_avg:402.58ms
step:1180/1645 train_time:475049ms step_avg:402.58ms
step:1181/1645 train_time:475448ms step_avg:402.58ms
step:1182/1645 train_time:475845ms step_avg:402.58ms
step:1183/1645 train_time:476246ms step_avg:402.57ms
step:1184/1645 train_time:476643ms step_avg:402.57ms
step:1185/1645 train_time:477045ms step_avg:402.57ms
step:1186/1645 train_time:477446ms step_avg:402.57ms
step:1187/1645 train_time:477852ms step_avg:402.57ms
step:1188/1645 train_time:478253ms step_avg:402.57ms
step:1189/1645 train_time:478651ms step_avg:402.57ms
step:1190/1645 train_time:479050ms step_avg:402.56ms
step:1191/1645 train_time:479453ms step_avg:402.56ms
step:1192/1645 train_time:479851ms step_avg:402.56ms
step:1193/1645 train_time:480256ms step_avg:402.56ms
step:1194/1645 train_time:480657ms step_avg:402.56ms
step:1195/1645 train_time:481057ms step_avg:402.56ms
step:1196/1645 train_time:481458ms step_avg:402.56ms
step:1197/1645 train_time:481858ms step_avg:402.55ms
step:1198/1645 train_time:482259ms step_avg:402.55ms
step:1199/1645 train_time:482661ms step_avg:402.55ms
step:1200/1645 train_time:483061ms step_avg:402.55ms
step:1201/1645 train_time:483461ms step_avg:402.55ms
step:1202/1645 train_time:483865ms step_avg:402.55ms
step:1203/1645 train_time:484263ms step_avg:402.55ms
step:1204/1645 train_time:484664ms step_avg:402.54ms
step:1205/1645 train_time:485064ms step_avg:402.54ms
step:1206/1645 train_time:485465ms step_avg:402.54ms
step:1207/1645 train_time:485863ms step_avg:402.54ms
step:1208/1645 train_time:486262ms step_avg:402.53ms
step:1209/1645 train_time:486661ms step_avg:402.53ms
step:1210/1645 train_time:487060ms step_avg:402.53ms
step:1211/1645 train_time:487464ms step_avg:402.53ms
step:1212/1645 train_time:487867ms step_avg:402.53ms
step:1213/1645 train_time:488270ms step_avg:402.53ms
step:1214/1645 train_time:488667ms step_avg:402.53ms
step:1215/1645 train_time:489066ms step_avg:402.52ms
step:1216/1645 train_time:489467ms step_avg:402.52ms
step:1217/1645 train_time:489865ms step_avg:402.52ms
step:1218/1645 train_time:490266ms step_avg:402.52ms
step:1219/1645 train_time:490668ms step_avg:402.52ms
step:1220/1645 train_time:491072ms step_avg:402.52ms
step:1221/1645 train_time:491473ms step_avg:402.52ms
step:1222/1645 train_time:491884ms step_avg:402.52ms
step:1223/1645 train_time:492278ms step_avg:402.52ms
step:1224/1645 train_time:492676ms step_avg:402.51ms
step:1225/1645 train_time:493077ms step_avg:402.51ms
step:1226/1645 train_time:493478ms step_avg:402.51ms
step:1227/1645 train_time:493878ms step_avg:402.51ms
step:1228/1645 train_time:494279ms step_avg:402.51ms
step:1229/1645 train_time:494678ms step_avg:402.50ms
step:1230/1645 train_time:495082ms step_avg:402.51ms
step:1231/1645 train_time:495479ms step_avg:402.50ms
step:1232/1645 train_time:495879ms step_avg:402.50ms
step:1233/1645 train_time:496278ms step_avg:402.50ms
step:1234/1645 train_time:496677ms step_avg:402.49ms
step:1235/1645 train_time:497077ms step_avg:402.49ms
step:1236/1645 train_time:497482ms step_avg:402.49ms
step:1237/1645 train_time:497879ms step_avg:402.49ms
step:1238/1645 train_time:498282ms step_avg:402.49ms
step:1239/1645 train_time:498681ms step_avg:402.49ms
step:1240/1645 train_time:499081ms step_avg:402.48ms
step:1241/1645 train_time:499480ms step_avg:402.48ms
step:1242/1645 train_time:499885ms step_avg:402.48ms
step:1243/1645 train_time:500287ms step_avg:402.48ms
step:1244/1645 train_time:500690ms step_avg:402.48ms
step:1245/1645 train_time:501093ms step_avg:402.48ms
step:1246/1645 train_time:501494ms step_avg:402.48ms
step:1247/1645 train_time:501891ms step_avg:402.48ms
step:1248/1645 train_time:502290ms step_avg:402.48ms
step:1249/1645 train_time:502692ms step_avg:402.48ms
step:1250/1645 train_time:503091ms step_avg:402.47ms
step:1250/1645 val_loss:3.372758 train_time:503398ms step_avg:402.72ms
step:1251/1645 train_time:503642ms step_avg:402.59ms
step:1252/1645 train_time:504128ms step_avg:402.66ms
step:1253/1645 train_time:504534ms step_avg:402.66ms
step:1254/1645 train_time:504934ms step_avg:402.66ms
step:1255/1645 train_time:505333ms step_avg:402.66ms
step:1256/1645 train_time:505733ms step_avg:402.65ms
step:1257/1645 train_time:506142ms step_avg:402.66ms
step:1258/1645 train_time:506542ms step_avg:402.66ms
step:1259/1645 train_time:506945ms step_avg:402.66ms
step:1260/1645 train_time:507346ms step_avg:402.66ms
step:1261/1645 train_time:507745ms step_avg:402.65ms
step:1262/1645 train_time:508148ms step_avg:402.65ms
step:1263/1645 train_time:508550ms step_avg:402.65ms
step:1264/1645 train_time:508947ms step_avg:402.65ms
step:1265/1645 train_time:509346ms step_avg:402.64ms
step:1266/1645 train_time:509752ms step_avg:402.65ms
step:1267/1645 train_time:510153ms step_avg:402.65ms
step:1268/1645 train_time:510558ms step_avg:402.65ms
step:1269/1645 train_time:510960ms step_avg:402.65ms
step:1270/1645 train_time:511360ms step_avg:402.65ms
step:1271/1645 train_time:511764ms step_avg:402.65ms
step:1272/1645 train_time:512162ms step_avg:402.64ms
step:1273/1645 train_time:512564ms step_avg:402.64ms
step:1274/1645 train_time:512965ms step_avg:402.64ms
step:1275/1645 train_time:513364ms step_avg:402.64ms
step:1276/1645 train_time:513763ms step_avg:402.64ms
step:1277/1645 train_time:514165ms step_avg:402.64ms
step:1278/1645 train_time:514563ms step_avg:402.63ms
step:1279/1645 train_time:514959ms step_avg:402.63ms
step:1280/1645 train_time:515365ms step_avg:402.63ms
step:1281/1645 train_time:515760ms step_avg:402.62ms
step:1282/1645 train_time:516165ms step_avg:402.62ms
step:1283/1645 train_time:516565ms step_avg:402.62ms
step:1284/1645 train_time:516967ms step_avg:402.62ms
step:1285/1645 train_time:517369ms step_avg:402.62ms
step:1286/1645 train_time:517771ms step_avg:402.62ms
step:1287/1645 train_time:518173ms step_avg:402.62ms
step:1288/1645 train_time:518575ms step_avg:402.62ms
step:1289/1645 train_time:518978ms step_avg:402.62ms
step:1290/1645 train_time:519384ms step_avg:402.62ms
step:1291/1645 train_time:519782ms step_avg:402.62ms
step:1292/1645 train_time:520185ms step_avg:402.62ms
step:1293/1645 train_time:520583ms step_avg:402.62ms
step:1294/1645 train_time:520982ms step_avg:402.61ms
step:1295/1645 train_time:521386ms step_avg:402.61ms
step:1296/1645 train_time:521784ms step_avg:402.61ms
step:1297/1645 train_time:522184ms step_avg:402.61ms
step:1298/1645 train_time:522582ms step_avg:402.61ms
step:1299/1645 train_time:522986ms step_avg:402.61ms
step:1300/1645 train_time:523388ms step_avg:402.61ms
step:1301/1645 train_time:523787ms step_avg:402.60ms
step:1302/1645 train_time:524188ms step_avg:402.60ms
step:1303/1645 train_time:524594ms step_avg:402.60ms
step:1304/1645 train_time:524999ms step_avg:402.61ms
step:1305/1645 train_time:525397ms step_avg:402.60ms
step:1306/1645 train_time:525793ms step_avg:402.60ms
step:1307/1645 train_time:526197ms step_avg:402.60ms
step:1308/1645 train_time:526603ms step_avg:402.60ms
step:1309/1645 train_time:527001ms step_avg:402.60ms
step:1310/1645 train_time:527402ms step_avg:402.60ms
step:1311/1645 train_time:527802ms step_avg:402.60ms
step:1312/1645 train_time:528207ms step_avg:402.60ms
step:1313/1645 train_time:528608ms step_avg:402.60ms
step:1314/1645 train_time:529011ms step_avg:402.60ms
step:1315/1645 train_time:529412ms step_avg:402.59ms
step:1316/1645 train_time:529811ms step_avg:402.59ms
step:1317/1645 train_time:530215ms step_avg:402.59ms
step:1318/1645 train_time:530612ms step_avg:402.59ms
step:1319/1645 train_time:531013ms step_avg:402.59ms
step:1320/1645 train_time:531413ms step_avg:402.59ms
step:1321/1645 train_time:531817ms step_avg:402.59ms
step:1322/1645 train_time:532219ms step_avg:402.59ms
step:1323/1645 train_time:532623ms step_avg:402.59ms
step:1324/1645 train_time:533024ms step_avg:402.59ms
step:1325/1645 train_time:533423ms step_avg:402.58ms
step:1326/1645 train_time:533825ms step_avg:402.58ms
step:1327/1645 train_time:534227ms step_avg:402.58ms
step:1328/1645 train_time:534629ms step_avg:402.58ms
step:1329/1645 train_time:535029ms step_avg:402.58ms
step:1330/1645 train_time:535426ms step_avg:402.58ms
step:1331/1645 train_time:535829ms step_avg:402.58ms
step:1332/1645 train_time:536229ms step_avg:402.57ms
step:1333/1645 train_time:536629ms step_avg:402.57ms
step:1334/1645 train_time:537036ms step_avg:402.58ms
step:1335/1645 train_time:537432ms step_avg:402.57ms
step:1336/1645 train_time:537833ms step_avg:402.57ms
step:1337/1645 train_time:538239ms step_avg:402.57ms
step:1338/1645 train_time:538652ms step_avg:402.58ms
step:1339/1645 train_time:539041ms step_avg:402.57ms
step:1340/1645 train_time:539442ms step_avg:402.57ms
step:1341/1645 train_time:539845ms step_avg:402.57ms
step:1342/1645 train_time:540250ms step_avg:402.57ms
step:1343/1645 train_time:540648ms step_avg:402.57ms
step:1344/1645 train_time:541053ms step_avg:402.57ms
step:1345/1645 train_time:541451ms step_avg:402.57ms
step:1346/1645 train_time:541849ms step_avg:402.56ms
step:1347/1645 train_time:542251ms step_avg:402.56ms
step:1348/1645 train_time:542651ms step_avg:402.56ms
step:1349/1645 train_time:543053ms step_avg:402.56ms
step:1350/1645 train_time:543453ms step_avg:402.56ms
step:1351/1645 train_time:543858ms step_avg:402.56ms
step:1352/1645 train_time:544255ms step_avg:402.56ms
step:1353/1645 train_time:544657ms step_avg:402.56ms
step:1354/1645 train_time:545059ms step_avg:402.55ms
step:1355/1645 train_time:545460ms step_avg:402.55ms
step:1356/1645 train_time:545864ms step_avg:402.55ms
step:1357/1645 train_time:546269ms step_avg:402.56ms
step:1358/1645 train_time:546668ms step_avg:402.55ms
step:1359/1645 train_time:547074ms step_avg:402.56ms
step:1360/1645 train_time:547475ms step_avg:402.56ms
step:1361/1645 train_time:547876ms step_avg:402.55ms
step:1362/1645 train_time:548275ms step_avg:402.55ms
step:1363/1645 train_time:548676ms step_avg:402.55ms
step:1364/1645 train_time:549076ms step_avg:402.55ms
step:1365/1645 train_time:549481ms step_avg:402.55ms
step:1366/1645 train_time:549882ms step_avg:402.55ms
step:1367/1645 train_time:550282ms step_avg:402.55ms
step:1368/1645 train_time:550684ms step_avg:402.55ms
step:1369/1645 train_time:551088ms step_avg:402.55ms
step:1370/1645 train_time:551489ms step_avg:402.55ms
step:1371/1645 train_time:551889ms step_avg:402.54ms
step:1372/1645 train_time:552290ms step_avg:402.54ms
step:1373/1645 train_time:552688ms step_avg:402.54ms
step:1374/1645 train_time:553093ms step_avg:402.54ms
step:1375/1645 train_time:553502ms step_avg:402.55ms
step:1375/1645 val_loss:3.337536 train_time:553795ms step_avg:402.76ms
step:1376/1645 train_time:554058ms step_avg:402.66ms
step:1377/1645 train_time:554426ms step_avg:402.63ms
step:1378/1645 train_time:554827ms step_avg:402.63ms
step:1379/1645 train_time:555227ms step_avg:402.63ms
step:1380/1645 train_time:555632ms step_avg:402.63ms
step:1381/1645 train_time:556039ms step_avg:402.64ms
step:1382/1645 train_time:556439ms step_avg:402.63ms
step:1383/1645 train_time:556841ms step_avg:402.63ms
step:1384/1645 train_time:557253ms step_avg:402.64ms
step:1385/1645 train_time:557654ms step_avg:402.64ms
step:1386/1645 train_time:558044ms step_avg:402.63ms
step:1387/1645 train_time:558443ms step_avg:402.63ms
step:1388/1645 train_time:558861ms step_avg:402.64ms
step:1389/1645 train_time:559245ms step_avg:402.62ms
step:1390/1645 train_time:559646ms step_avg:402.62ms
step:1391/1645 train_time:560047ms step_avg:402.62ms
step:1392/1645 train_time:560450ms step_avg:402.62ms
step:1393/1645 train_time:560853ms step_avg:402.62ms
step:1394/1645 train_time:561253ms step_avg:402.62ms
step:1395/1645 train_time:561656ms step_avg:402.62ms
step:1396/1645 train_time:562050ms step_avg:402.61ms
step:1397/1645 train_time:562453ms step_avg:402.62ms
step:1398/1645 train_time:562858ms step_avg:402.62ms
step:1399/1645 train_time:563252ms step_avg:402.61ms
step:1400/1645 train_time:563650ms step_avg:402.61ms
step:1401/1645 train_time:564056ms step_avg:402.61ms
step:1402/1645 train_time:564458ms step_avg:402.61ms
step:1403/1645 train_time:564858ms step_avg:402.61ms
step:1404/1645 train_time:565263ms step_avg:402.61ms
step:1405/1645 train_time:565660ms step_avg:402.60ms
step:1406/1645 train_time:566064ms step_avg:402.61ms
step:1407/1645 train_time:566460ms step_avg:402.60ms
step:1408/1645 train_time:566865ms step_avg:402.60ms
step:1409/1645 train_time:567265ms step_avg:402.60ms
step:1410/1645 train_time:567664ms step_avg:402.60ms
step:1411/1645 train_time:568066ms step_avg:402.60ms
step:1412/1645 train_time:568469ms step_avg:402.60ms
step:1413/1645 train_time:568868ms step_avg:402.60ms
step:1414/1645 train_time:569271ms step_avg:402.60ms
step:1415/1645 train_time:569675ms step_avg:402.60ms
step:1416/1645 train_time:570072ms step_avg:402.59ms
step:1417/1645 train_time:570475ms step_avg:402.59ms
step:1418/1645 train_time:570886ms step_avg:402.60ms
step:1419/1645 train_time:571288ms step_avg:402.60ms
step:1420/1645 train_time:571690ms step_avg:402.60ms
step:1421/1645 train_time:572079ms step_avg:402.59ms
step:1422/1645 train_time:572472ms step_avg:402.58ms
step:1423/1645 train_time:572885ms step_avg:402.59ms
step:1424/1645 train_time:573288ms step_avg:402.59ms
step:1425/1645 train_time:573690ms step_avg:402.59ms
step:1426/1645 train_time:574097ms step_avg:402.59ms
step:1427/1645 train_time:574494ms step_avg:402.59ms
step:1428/1645 train_time:574904ms step_avg:402.59ms
step:1429/1645 train_time:575301ms step_avg:402.59ms
step:1430/1645 train_time:575703ms step_avg:402.59ms
step:1431/1645 train_time:576110ms step_avg:402.59ms
step:1432/1645 train_time:576507ms step_avg:402.59ms
step:1433/1645 train_time:576918ms step_avg:402.59ms
step:1434/1645 train_time:577312ms step_avg:402.59ms
step:1435/1645 train_time:577715ms step_avg:402.59ms
step:1436/1645 train_time:578116ms step_avg:402.59ms
step:1437/1645 train_time:578514ms step_avg:402.58ms
step:1438/1645 train_time:578914ms step_avg:402.58ms
step:1439/1645 train_time:579316ms step_avg:402.58ms
step:1440/1645 train_time:579716ms step_avg:402.58ms
step:1441/1645 train_time:580117ms step_avg:402.58ms
step:1442/1645 train_time:580518ms step_avg:402.58ms
step:1443/1645 train_time:580917ms step_avg:402.58ms
step:1444/1645 train_time:581319ms step_avg:402.58ms
step:1445/1645 train_time:581720ms step_avg:402.57ms
step:1446/1645 train_time:582123ms step_avg:402.57ms
step:1447/1645 train_time:582523ms step_avg:402.57ms
step:1448/1645 train_time:582923ms step_avg:402.57ms
step:1449/1645 train_time:583323ms step_avg:402.57ms
step:1450/1645 train_time:583722ms step_avg:402.57ms
step:1451/1645 train_time:584124ms step_avg:402.57ms
step:1452/1645 train_time:584526ms step_avg:402.57ms
step:1453/1645 train_time:584930ms step_avg:402.57ms
step:1454/1645 train_time:585330ms step_avg:402.57ms
step:1455/1645 train_time:585729ms step_avg:402.56ms
step:1456/1645 train_time:586131ms step_avg:402.56ms
step:1457/1645 train_time:586537ms step_avg:402.56ms
step:1458/1645 train_time:586937ms step_avg:402.56ms
step:1459/1645 train_time:587341ms step_avg:402.56ms
step:1460/1645 train_time:587742ms step_avg:402.56ms
step:1461/1645 train_time:588144ms step_avg:402.56ms
step:1462/1645 train_time:588545ms step_avg:402.56ms
step:1463/1645 train_time:588945ms step_avg:402.56ms
step:1464/1645 train_time:589350ms step_avg:402.56ms
step:1465/1645 train_time:589752ms step_avg:402.56ms
step:1466/1645 train_time:590155ms step_avg:402.56ms
step:1467/1645 train_time:590559ms step_avg:402.56ms
step:1468/1645 train_time:590962ms step_avg:402.56ms
step:1469/1645 train_time:591368ms step_avg:402.57ms
step:1470/1645 train_time:591776ms step_avg:402.57ms
step:1471/1645 train_time:592176ms step_avg:402.57ms
step:1472/1645 train_time:592578ms step_avg:402.57ms
step:1473/1645 train_time:592980ms step_avg:402.57ms
step:1474/1645 train_time:593385ms step_avg:402.57ms
step:1475/1645 train_time:593790ms step_avg:402.57ms
step:1476/1645 train_time:594192ms step_avg:402.57ms
step:1477/1645 train_time:594594ms step_avg:402.57ms
step:1478/1645 train_time:594999ms step_avg:402.57ms
step:1479/1645 train_time:595403ms step_avg:402.57ms
step:1480/1645 train_time:595801ms step_avg:402.57ms
step:1481/1645 train_time:596206ms step_avg:402.57ms
step:1482/1645 train_time:596607ms step_avg:402.57ms
step:1483/1645 train_time:597013ms step_avg:402.57ms
step:1484/1645 train_time:597416ms step_avg:402.57ms
step:1485/1645 train_time:597818ms step_avg:402.57ms
step:1486/1645 train_time:598217ms step_avg:402.57ms
step:1487/1645 train_time:598623ms step_avg:402.57ms
step:1488/1645 train_time:599027ms step_avg:402.57ms
step:1489/1645 train_time:599434ms step_avg:402.57ms
step:1490/1645 train_time:599834ms step_avg:402.57ms
step:1491/1645 train_time:600234ms step_avg:402.57ms
step:1492/1645 train_time:600638ms step_avg:402.57ms
step:1493/1645 train_time:601048ms step_avg:402.58ms
step:1494/1645 train_time:601449ms step_avg:402.58ms
step:1495/1645 train_time:601857ms step_avg:402.58ms
step:1496/1645 train_time:602260ms step_avg:402.58ms
step:1497/1645 train_time:602660ms step_avg:402.58ms
step:1498/1645 train_time:603064ms step_avg:402.58ms
step:1499/1645 train_time:603468ms step_avg:402.58ms
step:1500/1645 train_time:603870ms step_avg:402.58ms
step:1500/1645 val_loss:3.307491 train_time:604175ms step_avg:402.78ms
step:1501/1645 train_time:604433ms step_avg:402.69ms
step:1502/1645 train_time:604815ms step_avg:402.67ms
step:1503/1645 train_time:605219ms step_avg:402.67ms
step:1504/1645 train_time:605629ms step_avg:402.68ms
step:1505/1645 train_time:606037ms step_avg:402.68ms
step:1506/1645 train_time:606440ms step_avg:402.68ms
step:1507/1645 train_time:606845ms step_avg:402.68ms
step:1508/1645 train_time:607243ms step_avg:402.68ms
step:1509/1645 train_time:607648ms step_avg:402.68ms
step:1510/1645 train_time:608048ms step_avg:402.68ms
step:1511/1645 train_time:608456ms step_avg:402.68ms
step:1512/1645 train_time:608860ms step_avg:402.68ms
step:1513/1645 train_time:609260ms step_avg:402.68ms
step:1514/1645 train_time:609665ms step_avg:402.68ms
step:1515/1645 train_time:610067ms step_avg:402.68ms
step:1516/1645 train_time:610475ms step_avg:402.69ms
step:1517/1645 train_time:610878ms step_avg:402.69ms
step:1518/1645 train_time:611281ms step_avg:402.69ms
step:1519/1645 train_time:611683ms step_avg:402.69ms
step:1520/1645 train_time:612091ms step_avg:402.69ms
step:1521/1645 train_time:612496ms step_avg:402.69ms
step:1522/1645 train_time:612899ms step_avg:402.69ms
step:1523/1645 train_time:613295ms step_avg:402.69ms
step:1524/1645 train_time:613702ms step_avg:402.69ms
step:1525/1645 train_time:614110ms step_avg:402.69ms
step:1526/1645 train_time:614509ms step_avg:402.69ms
step:1527/1645 train_time:614914ms step_avg:402.69ms
step:1528/1645 train_time:615318ms step_avg:402.70ms
step:1529/1645 train_time:615719ms step_avg:402.69ms
step:1530/1645 train_time:616123ms step_avg:402.69ms
step:1531/1645 train_time:616529ms step_avg:402.70ms
step:1532/1645 train_time:616928ms step_avg:402.69ms
step:1533/1645 train_time:617331ms step_avg:402.69ms
step:1534/1645 train_time:617733ms step_avg:402.69ms
step:1535/1645 train_time:618136ms step_avg:402.69ms
step:1536/1645 train_time:618537ms step_avg:402.69ms
step:1537/1645 train_time:618940ms step_avg:402.69ms
step:1538/1645 train_time:619343ms step_avg:402.69ms
step:1539/1645 train_time:619748ms step_avg:402.69ms
step:1540/1645 train_time:620151ms step_avg:402.70ms
step:1541/1645 train_time:620555ms step_avg:402.70ms
step:1542/1645 train_time:620958ms step_avg:402.70ms
step:1543/1645 train_time:621366ms step_avg:402.70ms
step:1544/1645 train_time:621766ms step_avg:402.70ms
step:1545/1645 train_time:622170ms step_avg:402.70ms
step:1546/1645 train_time:622574ms step_avg:402.70ms
step:1547/1645 train_time:622973ms step_avg:402.70ms
step:1548/1645 train_time:623376ms step_avg:402.70ms
step:1549/1645 train_time:623780ms step_avg:402.70ms
step:1550/1645 train_time:624186ms step_avg:402.70ms
step:1551/1645 train_time:624589ms step_avg:402.70ms
step:1552/1645 train_time:624993ms step_avg:402.70ms
step:1553/1645 train_time:625394ms step_avg:402.70ms
step:1554/1645 train_time:625799ms step_avg:402.70ms
step:1555/1645 train_time:626199ms step_avg:402.70ms
step:1556/1645 train_time:626601ms step_avg:402.70ms
step:1557/1645 train_time:627006ms step_avg:402.70ms
step:1558/1645 train_time:627412ms step_avg:402.70ms
step:1559/1645 train_time:627813ms step_avg:402.70ms
step:1560/1645 train_time:628213ms step_avg:402.70ms
step:1561/1645 train_time:628616ms step_avg:402.70ms
step:1562/1645 train_time:629019ms step_avg:402.70ms
step:1563/1645 train_time:629423ms step_avg:402.70ms
step:1564/1645 train_time:629827ms step_avg:402.70ms
step:1565/1645 train_time:630228ms step_avg:402.70ms
step:1566/1645 train_time:630633ms step_avg:402.70ms
step:1567/1645 train_time:631039ms step_avg:402.70ms
step:1568/1645 train_time:631438ms step_avg:402.70ms
step:1569/1645 train_time:631839ms step_avg:402.70ms
step:1570/1645 train_time:632243ms step_avg:402.70ms
step:1571/1645 train_time:632645ms step_avg:402.70ms
step:1572/1645 train_time:633051ms step_avg:402.70ms
step:1573/1645 train_time:633452ms step_avg:402.70ms
step:1574/1645 train_time:633856ms step_avg:402.70ms
step:1575/1645 train_time:634259ms step_avg:402.70ms
step:1576/1645 train_time:634667ms step_avg:402.71ms
step:1577/1645 train_time:635068ms step_avg:402.71ms
step:1578/1645 train_time:635472ms step_avg:402.71ms
step:1579/1645 train_time:635873ms step_avg:402.71ms
step:1580/1645 train_time:636277ms step_avg:402.71ms
step:1581/1645 train_time:636683ms step_avg:402.71ms
step:1582/1645 train_time:637089ms step_avg:402.71ms
step:1583/1645 train_time:637507ms step_avg:402.72ms
step:1584/1645 train_time:637894ms step_avg:402.71ms
step:1585/1645 train_time:638299ms step_avg:402.71ms
step:1586/1645 train_time:638703ms step_avg:402.71ms
step:1587/1645 train_time:639106ms step_avg:402.71ms
step:1588/1645 train_time:639510ms step_avg:402.71ms
step:1589/1645 train_time:639910ms step_avg:402.71ms
step:1590/1645 train_time:640312ms step_avg:402.71ms
step:1591/1645 train_time:640715ms step_avg:402.71ms
step:1592/1645 train_time:641116ms step_avg:402.71ms
step:1593/1645 train_time:641515ms step_avg:402.71ms
step:1594/1645 train_time:641923ms step_avg:402.71ms
step:1595/1645 train_time:642328ms step_avg:402.71ms
step:1596/1645 train_time:642728ms step_avg:402.71ms
step:1597/1645 train_time:643131ms step_avg:402.71ms
step:1598/1645 train_time:643532ms step_avg:402.71ms
step:1599/1645 train_time:643939ms step_avg:402.71ms
step:1600/1645 train_time:644343ms step_avg:402.71ms
step:1601/1645 train_time:644746ms step_avg:402.71ms
step:1602/1645 train_time:645146ms step_avg:402.71ms
step:1603/1645 train_time:645548ms step_avg:402.71ms
step:1604/1645 train_time:645959ms step_avg:402.72ms
step:1605/1645 train_time:646363ms step_avg:402.72ms
step:1606/1645 train_time:646765ms step_avg:402.72ms
step:1607/1645 train_time:647169ms step_avg:402.72ms
step:1608/1645 train_time:647571ms step_avg:402.72ms
step:1609/1645 train_time:647975ms step_avg:402.72ms
step:1610/1645 train_time:648375ms step_avg:402.72ms
step:1611/1645 train_time:648787ms step_avg:402.72ms
step:1612/1645 train_time:649188ms step_avg:402.72ms
step:1613/1645 train_time:649595ms step_avg:402.72ms
step:1614/1645 train_time:649998ms step_avg:402.73ms
step:1615/1645 train_time:650403ms step_avg:402.73ms
step:1616/1645 train_time:650807ms step_avg:402.73ms
step:1617/1645 train_time:651208ms step_avg:402.73ms
step:1618/1645 train_time:651609ms step_avg:402.73ms
step:1619/1645 train_time:652014ms step_avg:402.73ms
step:1620/1645 train_time:652423ms step_avg:402.73ms
step:1621/1645 train_time:652827ms step_avg:402.73ms
step:1622/1645 train_time:653229ms step_avg:402.73ms
step:1623/1645 train_time:653631ms step_avg:402.73ms
step:1624/1645 train_time:654034ms step_avg:402.73ms
step:1625/1645 train_time:654440ms step_avg:402.73ms
step:1625/1645 val_loss:3.283195 train_time:654743ms step_avg:402.92ms
step:1626/1645 train_time:655025ms step_avg:402.84ms
step:1627/1645 train_time:655384ms step_avg:402.82ms
step:1628/1645 train_time:655783ms step_avg:402.82ms
step:1629/1645 train_time:656185ms step_avg:402.81ms
step:1630/1645 train_time:656590ms step_avg:402.82ms
step:1631/1645 train_time:656990ms step_avg:402.81ms
step:1632/1645 train_time:657397ms step_avg:402.82ms
step:1633/1645 train_time:657797ms step_avg:402.81ms
step:1634/1645 train_time:658201ms step_avg:402.82ms
step:1635/1645 train_time:658602ms step_avg:402.81ms
step:1636/1645 train_time:659001ms step_avg:402.81ms
step:1637/1645 train_time:659410ms step_avg:402.82ms
step:1638/1645 train_time:659812ms step_avg:402.82ms
step:1639/1645 train_time:660216ms step_avg:402.82ms
step:1640/1645 train_time:660625ms step_avg:402.82ms
step:1641/1645 train_time:661029ms step_avg:402.82ms
step:1642/1645 train_time:661434ms step_avg:402.82ms
step:1643/1645 train_time:661827ms step_avg:402.82ms
step:1644/1645 train_time:662231ms step_avg:402.82ms
step:1645/1645 train_time:662633ms step_avg:402.82ms
step:1645/1645 val_loss:3.277466 train_time:662932ms step_avg:403.00ms
peak memory allocated: 29381 MiB reserved: 32142 MiB
total training time: 662.93s (662932ms)
