=== Environment ===
PYTHON=/root/miniconda3/envs/llm_test/bin/python
Python 3.10.19
SEED=3
NPROC=16
DATA_PATH=/models/modded-nanogpt_record50_cautious_wd
Wed May 27 07:47:50 UTC 2026
=== Starting Training ===
W0527 15:48:01.931000 272 site-packages/torch/distributed/run.py:766] 
W0527 15:48:01.931000 272 site-packages/torch/distributed/run.py:766] *****************************************
W0527 15:48:01.931000 272 site-packages/torch/distributed/run.py:766] Setting OMP_NUM_THREADS environment variable for each process to be 1 in default, to avoid your system being overloaded, please further tune the variable for optimal performance in your application as needed. 
W0527 15:48:01.931000 272 site-packages/torch/distributed/run.py:766] *****************************************
/root/miniconda3/envs/llm_test/lib/python3.10/site-packages/torch/autograd/__init__.py:221: UserWarning: Cannot create tensor with interal format while allow_internel_format=False, tensor will be created with base format. (Triggered internally at build/CMakeFiles/torch_npu.dir/compiler_depend.ts:338.)
  torch.ones_like(out, memory_format=torch.preserve_format)
/root/miniconda3/envs/llm_test/lib/python3.10/site-packages/torch/autograd/__init__.py:221: UserWarning: Cannot create tensor with interal format while allow_internel_format=False, tensor will be created with base format. (Triggered internally at build/CMakeFiles/torch_npu.dir/compiler_depend.ts:338.)
  torch.ones_like(out, memory_format=torch.preserve_format)
/root/miniconda3/envs/llm_test/lib/python3.10/site-packages/torch/autograd/__init__.py:221: UserWarning: Cannot create tensor with interal format while allow_internel_format=False, tensor will be created with base format. (Triggered internally at build/CMakeFiles/torch_npu.dir/compiler_depend.ts:338.)
  torch.ones_like(out, memory_format=torch.preserve_format)
/root/miniconda3/envs/llm_test/lib/python3.10/site-packages/torch/autograd/__init__.py:221: UserWarning: Cannot create tensor with interal format while allow_internel_format=False, tensor will be created with base format. (Triggered internally at build/CMakeFiles/torch_npu.dir/compiler_depend.ts:338.)
  torch.ones_like(out, memory_format=torch.preserve_format)
/root/miniconda3/envs/llm_test/lib/python3.10/site-packages/torch/autograd/__init__.py:221: UserWarning: Cannot create tensor with interal format while allow_internel_format=False, tensor will be created with base format. (Triggered internally at build/CMakeFiles/torch_npu.dir/compiler_depend.ts:338.)
  torch.ones_like(out, memory_format=torch.preserve_format)
/root/miniconda3/envs/llm_test/lib/python3.10/site-packages/torch/autograd/__init__.py:221: UserWarning: Cannot create tensor with interal format while allow_internel_format=False, tensor will be created with base format. (Triggered internally at build/CMakeFiles/torch_npu.dir/compiler_depend.ts:338.)
  torch.ones_like(out, memory_format=torch.preserve_format)
/root/miniconda3/envs/llm_test/lib/python3.10/site-packages/torch/autograd/__init__.py:221: UserWarning: Cannot create tensor with interal format while allow_internel_format=False, tensor will be created with base format. (Triggered internally at build/CMakeFiles/torch_npu.dir/compiler_depend.ts:338.)
  torch.ones_like(out, memory_format=torch.preserve_format)
/root/miniconda3/envs/llm_test/lib/python3.10/site-packages/torch/autograd/__init__.py:221: UserWarning: Cannot create tensor with interal format while allow_internel_format=False, tensor will be created with base format. (Triggered internally at build/CMakeFiles/torch_npu.dir/compiler_depend.ts:338.)
  torch.ones_like(out, memory_format=torch.preserve_format)
/root/miniconda3/envs/llm_test/lib/python3.10/site-packages/torch/distributed/distributed_c10d.py:4631: UserWarning: No device id is provided via `init_process_group` or `barrier `. Using the current device set by the user. 
  warnings.warn(  # warn only once
/root/miniconda3/envs/llm_test/lib/python3.10/site-packages/torch/autograd/__init__.py:221: UserWarning: Cannot create tensor with interal format while allow_internel_format=False, tensor will be created with base format. (Triggered internally at build/CMakeFiles/torch_npu.dir/compiler_depend.ts:338.)
  torch.ones_like(out, memory_format=torch.preserve_format)
/root/miniconda3/envs/llm_test/lib/python3.10/site-packages/torch/autograd/__init__.py:221: UserWarning: Cannot create tensor with interal format while allow_internel_format=False, tensor will be created with base format. (Triggered internally at build/CMakeFiles/torch_npu.dir/compiler_depend.ts:338.)
  torch.ones_like(out, memory_format=torch.preserve_format)
/root/miniconda3/envs/llm_test/lib/python3.10/site-packages/torch/autograd/__init__.py:221: UserWarning: Cannot create tensor with interal format while allow_internel_format=False, tensor will be created with base format. (Triggered internally at build/CMakeFiles/torch_npu.dir/compiler_depend.ts:338.)
  torch.ones_like(out, memory_format=torch.preserve_format)
/root/miniconda3/envs/llm_test/lib/python3.10/site-packages/torch/autograd/__init__.py:221: UserWarning: Cannot create tensor with interal format while allow_internel_format=False, tensor will be created with base format. (Triggered internally at build/CMakeFiles/torch_npu.dir/compiler_depend.ts:338.)
  torch.ones_like(out, memory_format=torch.preserve_format)
/root/miniconda3/envs/llm_test/lib/python3.10/site-packages/torch/autograd/__init__.py:221: UserWarning: Cannot create tensor with interal format while allow_internel_format=False, tensor will be created with base format. (Triggered internally at build/CMakeFiles/torch_npu.dir/compiler_depend.ts:338.)
  torch.ones_like(out, memory_format=torch.preserve_format)
/root/miniconda3/envs/llm_test/lib/python3.10/site-packages/torch/autograd/__init__.py:221: UserWarning: Cannot create tensor with interal format while allow_internel_format=False, tensor will be created with base format. (Triggered internally at build/CMakeFiles/torch_npu.dir/compiler_depend.ts:338.)
  torch.ones_like(out, memory_format=torch.preserve_format)
/root/miniconda3/envs/llm_test/lib/python3.10/site-packages/torch/autograd/__init__.py:221: UserWarning: Cannot create tensor with interal format while allow_internel_format=False, tensor will be created with base format. (Triggered internally at build/CMakeFiles/torch_npu.dir/compiler_depend.ts:338.)
  torch.ones_like(out, memory_format=torch.preserve_format)
/root/miniconda3/envs/llm_test/lib/python3.10/site-packages/torch/autograd/__init__.py:221: UserWarning: Cannot create tensor with interal format while allow_internel_format=False, tensor will be created with base format. (Triggered internally at build/CMakeFiles/torch_npu.dir/compiler_depend.ts:338.)
  torch.ones_like(out, memory_format=torch.preserve_format)
/root/miniconda3/envs/llm_test/lib/python3.10/site-packages/torch/distributed/distributed_c10d.py:4631: UserWarning: No device id is provided via `init_process_group` or `barrier `. Using the current device set by the user. 
  warnings.warn(  # warn only once
/root/miniconda3/envs/llm_test/lib/python3.10/site-packages/torch/distributed/distributed_c10d.py:4631: UserWarning: No device id is provided via `init_process_group` or `barrier `. Using the current device set by the user. 
  warnings.warn(  # warn only once
/root/miniconda3/envs/llm_test/lib/python3.10/site-packages/torch/distributed/distributed_c10d.py:4631: UserWarning: No device id is provided via `init_process_group` or `barrier `. Using the current device set by the user. 
  warnings.warn(  # warn only once
/root/miniconda3/envs/llm_test/lib/python3.10/site-packages/torch/distributed/distributed_c10d.py:4631: UserWarning: No device id is provided via `init_process_group` or `barrier `. Using the current device set by the user. 
  warnings.warn(  # warn only once
/root/miniconda3/envs/llm_test/lib/python3.10/site-packages/torch/distributed/distributed_c10d.py:4631: UserWarning: No device id is provided via `init_process_group` or `barrier `. Using the current device set by the user. 
  warnings.warn(  # warn only once
/root/miniconda3/envs/llm_test/lib/python3.10/site-packages/torch/distributed/distributed_c10d.py:4631: UserWarning: No device id is provided via `init_process_group` or `barrier `. Using the current device set by the user. 
  warnings.warn(  # warn only once
/root/miniconda3/envs/llm_test/lib/python3.10/site-packages/torch/distributed/distributed_c10d.py:4631: UserWarning: No device id is provided via `init_process_group` or `barrier `. Using the current device set by the user. 
  warnings.warn(  # warn only once
/root/miniconda3/envs/llm_test/lib/python3.10/site-packages/torch/distributed/distributed_c10d.py:4631: UserWarning: No device id is provided via `init_process_group` or `barrier `. Using the current device set by the user. 
  warnings.warn(  # warn only once
/root/miniconda3/envs/llm_test/lib/python3.10/site-packages/torch/distributed/distributed_c10d.py:4631: UserWarning: No device id is provided via `init_process_group` or `barrier `. Using the current device set by the user. 
  warnings.warn(  # warn only once
/root/miniconda3/envs/llm_test/lib/python3.10/site-packages/torch/distributed/distributed_c10d.py:4631: UserWarning: No device id is provided via `init_process_group` or `barrier `. Using the current device set by the user. 
  warnings.warn(  # warn only once
/root/miniconda3/envs/llm_test/lib/python3.10/site-packages/torch/distributed/distributed_c10d.py:4631: UserWarning: No device id is provided via `init_process_group` or `barrier `. Using the current device set by the user. 
  warnings.warn(  # warn only once
/root/miniconda3/envs/llm_test/lib/python3.10/site-packages/torch/distributed/distributed_c10d.py:4631: UserWarning: No device id is provided via `init_process_group` or `barrier `. Using the current device set by the user. 
  warnings.warn(  # warn only once
/root/miniconda3/envs/llm_test/lib/python3.10/site-packages/torch/distributed/distributed_c10d.py:4631: UserWarning: No device id is provided via `init_process_group` or `barrier `. Using the current device set by the user. 
  warnings.warn(  # warn only once
/root/miniconda3/envs/llm_test/lib/python3.10/site-packages/torch/distributed/distributed_c10d.py:4631: UserWarning: No device id is provided via `init_process_group` or `barrier `. Using the current device set by the user. 
  warnings.warn(  # warn only once
/root/miniconda3/envs/llm_test/lib/python3.10/site-packages/torch/distributed/distributed_c10d.py:4631: UserWarning: No device id is provided via `init_process_group` or `barrier `. Using the current device set by the user. 
  warnings.warn(  # warn only once
logs/f955cd17-ca7e-4188-8122-b9e8632011ca
/root/miniconda3/envs/llm_test/lib/python3.10/site-packages/torch_npu/utils/storage.py:89: UserWarning: TypedStorage is deprecated. It will be removed in the future and UntypedStorage will be the only storage class. This should only matter to you if you are using storages directly.  To access UntypedStorage directly, use tensor.untyped_storage() instead of tensor.storage()
  if self.device.type != 'cpu':
step:0/1680 val_loss:10.8125 train_time:0ms step_avg:0.07ms
step:1/1680 train_time:1121ms step_avg:1121.31ms
step:2/1680 train_time:1234ms step_avg:617.16ms
step:3/1680 train_time:1570ms step_avg:523.26ms
step:4/1680 train_time:1903ms step_avg:475.74ms
step:5/1680 train_time:2242ms step_avg:448.46ms
step:6/1680 train_time:2576ms step_avg:429.40ms
step:7/1680 train_time:2904ms step_avg:414.90ms
step:8/1680 train_time:3235ms step_avg:404.41ms
step:9/1680 train_time:3568ms step_avg:396.43ms
step:10/1680 train_time:3901ms step_avg:390.11ms
step:11/1680 train_time:4229ms step_avg:384.42ms
step:12/1680 train_time:4563ms step_avg:380.22ms
step:13/1680 train_time:4895ms step_avg:376.57ms
step:14/1680 train_time:5227ms step_avg:373.38ms
step:15/1680 train_time:5558ms step_avg:370.53ms
step:16/1680 train_time:5894ms step_avg:368.38ms
step:17/1680 train_time:6229ms step_avg:366.41ms
step:18/1680 train_time:6556ms step_avg:364.25ms
step:19/1680 train_time:6900ms step_avg:363.17ms
step:20/1680 train_time:7236ms step_avg:361.79ms
step:21/1680 train_time:7565ms step_avg:360.25ms
step:22/1680 train_time:7899ms step_avg:359.03ms
step:23/1680 train_time:8223ms step_avg:357.51ms
step:24/1680 train_time:8553ms step_avg:356.39ms
step:25/1680 train_time:8883ms step_avg:355.30ms
step:26/1680 train_time:9214ms step_avg:354.39ms
step:27/1680 train_time:9549ms step_avg:353.67ms
step:28/1680 train_time:9880ms step_avg:352.86ms
step:29/1680 train_time:10214ms step_avg:352.19ms
step:30/1680 train_time:10546ms step_avg:351.52ms
step:31/1680 train_time:10879ms step_avg:350.94ms
step:32/1680 train_time:11209ms step_avg:350.28ms
step:33/1680 train_time:11543ms step_avg:349.78ms
step:34/1680 train_time:11875ms step_avg:349.27ms
step:35/1680 train_time:12207ms step_avg:348.78ms
step:36/1680 train_time:12537ms step_avg:348.25ms
step:37/1680 train_time:12868ms step_avg:347.79ms
step:38/1680 train_time:13200ms step_avg:347.37ms
step:39/1680 train_time:13533ms step_avg:347.00ms
step:40/1680 train_time:13864ms step_avg:346.59ms
step:41/1680 train_time:14200ms step_avg:346.34ms
step:42/1680 train_time:14537ms step_avg:346.12ms
step:43/1680 train_time:14864ms step_avg:345.67ms
step:44/1680 train_time:15199ms step_avg:345.44ms
step:45/1680 train_time:15532ms step_avg:345.15ms
step:46/1680 train_time:15861ms step_avg:344.81ms
step:47/1680 train_time:16193ms step_avg:344.53ms
step:48/1680 train_time:16520ms step_avg:344.17ms
step:49/1680 train_time:16858ms step_avg:344.03ms
step:50/1680 train_time:17187ms step_avg:343.73ms
step:51/1680 train_time:17519ms step_avg:343.52ms
step:52/1680 train_time:17852ms step_avg:343.31ms
step:53/1680 train_time:18193ms step_avg:343.26ms
step:54/1680 train_time:18517ms step_avg:342.90ms
step:55/1680 train_time:18851ms step_avg:342.75ms
step:56/1680 train_time:19179ms step_avg:342.48ms
step:57/1680 train_time:19513ms step_avg:342.34ms
step:58/1680 train_time:19845ms step_avg:342.16ms
step:59/1680 train_time:20182ms step_avg:342.07ms
step:60/1680 train_time:20518ms step_avg:341.96ms
step:61/1680 train_time:20847ms step_avg:341.76ms
step:62/1680 train_time:21177ms step_avg:341.57ms
step:63/1680 train_time:21514ms step_avg:341.49ms
step:64/1680 train_time:21842ms step_avg:341.28ms
step:65/1680 train_time:22173ms step_avg:341.12ms
step:66/1680 train_time:22502ms step_avg:340.94ms
step:67/1680 train_time:22831ms step_avg:340.76ms
step:68/1680 train_time:23165ms step_avg:340.66ms
step:69/1680 train_time:23499ms step_avg:340.56ms
step:70/1680 train_time:23834ms step_avg:340.48ms
step:71/1680 train_time:24166ms step_avg:340.36ms
step:72/1680 train_time:24498ms step_avg:340.25ms
step:73/1680 train_time:24829ms step_avg:340.12ms
step:74/1680 train_time:25163ms step_avg:340.04ms
step:75/1680 train_time:25499ms step_avg:339.99ms
step:76/1680 train_time:25829ms step_avg:339.86ms
step:77/1680 train_time:26165ms step_avg:339.81ms
step:78/1680 train_time:26495ms step_avg:339.68ms
step:79/1680 train_time:26829ms step_avg:339.61ms
step:80/1680 train_time:27167ms step_avg:339.59ms
step:81/1680 train_time:27499ms step_avg:339.49ms
step:82/1680 train_time:27833ms step_avg:339.43ms
step:83/1680 train_time:28165ms step_avg:339.34ms
step:84/1680 train_time:28504ms step_avg:339.34ms
step:85/1680 train_time:28830ms step_avg:339.18ms
step:86/1680 train_time:29174ms step_avg:339.23ms
step:87/1680 train_time:29507ms step_avg:339.16ms
step:88/1680 train_time:29839ms step_avg:339.08ms
step:89/1680 train_time:30168ms step_avg:338.97ms
step:90/1680 train_time:30497ms step_avg:338.85ms
step:91/1680 train_time:30831ms step_avg:338.80ms
step:92/1680 train_time:31159ms step_avg:338.69ms
step:93/1680 train_time:31490ms step_avg:338.60ms
step:94/1680 train_time:31823ms step_avg:338.54ms
step:95/1680 train_time:32154ms step_avg:338.47ms
step:96/1680 train_time:32487ms step_avg:338.41ms
step:97/1680 train_time:32820ms step_avg:338.35ms
step:98/1680 train_time:33153ms step_avg:338.30ms
step:99/1680 train_time:33488ms step_avg:338.26ms
step:100/1680 train_time:33817ms step_avg:338.17ms
step:101/1680 train_time:34153ms step_avg:338.15ms
step:102/1680 train_time:34484ms step_avg:338.08ms
step:103/1680 train_time:34815ms step_avg:338.01ms
step:104/1680 train_time:35150ms step_avg:337.98ms
step:105/1680 train_time:35483ms step_avg:337.94ms
step:106/1680 train_time:35817ms step_avg:337.90ms
step:107/1680 train_time:36143ms step_avg:337.79ms
step:108/1680 train_time:36478ms step_avg:337.75ms
step:109/1680 train_time:36808ms step_avg:337.69ms
step:110/1680 train_time:37136ms step_avg:337.60ms
step:111/1680 train_time:37476ms step_avg:337.62ms
step:112/1680 train_time:37808ms step_avg:337.57ms
step:113/1680 train_time:38157ms step_avg:337.67ms
step:114/1680 train_time:38488ms step_avg:337.61ms
step:115/1680 train_time:38812ms step_avg:337.50ms
step:116/1680 train_time:39131ms step_avg:337.34ms
step:117/1680 train_time:39468ms step_avg:337.33ms
step:118/1680 train_time:39800ms step_avg:337.29ms
step:119/1680 train_time:40130ms step_avg:337.23ms
step:120/1680 train_time:40462ms step_avg:337.19ms
step:121/1680 train_time:40797ms step_avg:337.16ms
step:122/1680 train_time:41125ms step_avg:337.09ms
step:123/1680 train_time:41460ms step_avg:337.07ms
step:124/1680 train_time:41789ms step_avg:337.01ms
step:125/1680 train_time:42119ms step_avg:336.95ms
step:125/1680 val_loss:4.3227 train_time:42342ms step_avg:338.73ms
step:126/1680 train_time:42540ms step_avg:337.62ms
step:127/1680 train_time:42854ms step_avg:337.44ms
step:128/1680 train_time:43189ms step_avg:337.41ms
step:129/1680 train_time:43522ms step_avg:337.38ms
step:130/1680 train_time:43855ms step_avg:337.35ms
step:131/1680 train_time:44186ms step_avg:337.30ms
step:132/1680 train_time:44517ms step_avg:337.25ms
step:133/1680 train_time:44846ms step_avg:337.19ms
step:134/1680 train_time:45175ms step_avg:337.13ms
step:135/1680 train_time:45509ms step_avg:337.10ms
step:136/1680 train_time:45845ms step_avg:337.09ms
step:137/1680 train_time:46178ms step_avg:337.07ms
step:138/1680 train_time:46507ms step_avg:337.01ms
step:139/1680 train_time:46842ms step_avg:336.99ms
step:140/1680 train_time:47171ms step_avg:336.94ms
step:141/1680 train_time:47492ms step_avg:336.82ms
step:142/1680 train_time:47824ms step_avg:336.79ms
step:143/1680 train_time:48158ms step_avg:336.77ms
step:144/1680 train_time:48490ms step_avg:336.74ms
step:145/1680 train_time:48818ms step_avg:336.67ms
step:146/1680 train_time:49154ms step_avg:336.67ms
step:147/1680 train_time:49481ms step_avg:336.61ms
step:148/1680 train_time:49812ms step_avg:336.57ms
step:149/1680 train_time:50145ms step_avg:336.54ms
step:150/1680 train_time:50481ms step_avg:336.54ms
step:151/1680 train_time:50810ms step_avg:336.49ms
step:152/1680 train_time:51142ms step_avg:336.46ms
step:153/1680 train_time:51470ms step_avg:336.41ms
step:154/1680 train_time:51804ms step_avg:336.39ms
step:155/1680 train_time:52136ms step_avg:336.36ms
step:156/1680 train_time:52468ms step_avg:336.33ms
step:157/1680 train_time:52803ms step_avg:336.32ms
step:158/1680 train_time:53136ms step_avg:336.30ms
step:159/1680 train_time:53469ms step_avg:336.28ms
step:160/1680 train_time:53800ms step_avg:336.25ms
step:161/1680 train_time:54130ms step_avg:336.21ms
step:162/1680 train_time:54461ms step_avg:336.18ms
step:163/1680 train_time:54796ms step_avg:336.17ms
step:164/1680 train_time:55128ms step_avg:336.15ms
step:165/1680 train_time:55460ms step_avg:336.12ms
step:166/1680 train_time:55792ms step_avg:336.10ms
step:167/1680 train_time:56128ms step_avg:336.10ms
step:168/1680 train_time:56465ms step_avg:336.10ms
step:169/1680 train_time:56799ms step_avg:336.09ms
step:170/1680 train_time:57133ms step_avg:336.08ms
step:171/1680 train_time:57461ms step_avg:336.03ms
step:172/1680 train_time:57794ms step_avg:336.01ms
step:173/1680 train_time:58127ms step_avg:335.99ms
step:174/1680 train_time:58460ms step_avg:335.98ms
step:175/1680 train_time:58791ms step_avg:335.95ms
step:176/1680 train_time:59126ms step_avg:335.94ms
step:177/1680 train_time:59461ms step_avg:335.94ms
step:178/1680 train_time:59791ms step_avg:335.91ms
step:179/1680 train_time:60117ms step_avg:335.85ms
step:180/1680 train_time:60444ms step_avg:335.80ms
step:181/1680 train_time:60776ms step_avg:335.78ms
step:182/1680 train_time:61108ms step_avg:335.76ms
step:183/1680 train_time:61439ms step_avg:335.73ms
step:184/1680 train_time:61770ms step_avg:335.71ms
step:185/1680 train_time:62105ms step_avg:335.70ms
step:186/1680 train_time:62435ms step_avg:335.67ms
step:187/1680 train_time:62766ms step_avg:335.65ms
step:188/1680 train_time:63101ms step_avg:335.64ms
step:189/1680 train_time:63430ms step_avg:335.61ms
step:190/1680 train_time:63762ms step_avg:335.59ms
step:191/1680 train_time:64093ms step_avg:335.57ms
step:192/1680 train_time:64426ms step_avg:335.55ms
step:193/1680 train_time:64757ms step_avg:335.53ms
step:194/1680 train_time:65094ms step_avg:335.54ms
step:195/1680 train_time:65430ms step_avg:335.54ms
step:196/1680 train_time:65756ms step_avg:335.49ms
step:197/1680 train_time:66089ms step_avg:335.48ms
step:198/1680 train_time:66422ms step_avg:335.47ms
step:199/1680 train_time:66754ms step_avg:335.45ms
step:200/1680 train_time:67089ms step_avg:335.45ms
step:201/1680 train_time:67419ms step_avg:335.42ms
step:202/1680 train_time:67751ms step_avg:335.40ms
step:203/1680 train_time:68083ms step_avg:335.39ms
step:204/1680 train_time:68415ms step_avg:335.37ms
step:205/1680 train_time:68742ms step_avg:335.33ms
step:206/1680 train_time:69078ms step_avg:335.33ms
step:207/1680 train_time:69409ms step_avg:335.31ms
step:208/1680 train_time:69741ms step_avg:335.30ms
step:209/1680 train_time:70073ms step_avg:335.28ms
step:210/1680 train_time:70409ms step_avg:335.28ms
step:211/1680 train_time:70739ms step_avg:335.26ms
step:212/1680 train_time:71076ms step_avg:335.26ms
step:213/1680 train_time:71411ms step_avg:335.26ms
step:214/1680 train_time:71741ms step_avg:335.24ms
step:215/1680 train_time:72072ms step_avg:335.22ms
step:216/1680 train_time:72419ms step_avg:335.28ms
step:217/1680 train_time:72750ms step_avg:335.25ms
step:218/1680 train_time:73086ms step_avg:335.26ms
step:219/1680 train_time:73418ms step_avg:335.24ms
step:220/1680 train_time:73748ms step_avg:335.22ms
step:221/1680 train_time:74079ms step_avg:335.20ms
step:222/1680 train_time:74410ms step_avg:335.18ms
step:223/1680 train_time:74738ms step_avg:335.15ms
step:224/1680 train_time:75070ms step_avg:335.13ms
step:225/1680 train_time:75401ms step_avg:335.12ms
step:226/1680 train_time:75733ms step_avg:335.10ms
step:227/1680 train_time:76067ms step_avg:335.10ms
step:228/1680 train_time:76399ms step_avg:335.08ms
step:229/1680 train_time:76732ms step_avg:335.07ms
step:230/1680 train_time:77062ms step_avg:335.05ms
step:231/1680 train_time:77401ms step_avg:335.07ms
step:232/1680 train_time:77729ms step_avg:335.04ms
step:233/1680 train_time:78071ms step_avg:335.07ms
step:234/1680 train_time:78401ms step_avg:335.05ms
step:235/1680 train_time:78724ms step_avg:334.99ms
step:236/1680 train_time:79054ms step_avg:334.97ms
step:237/1680 train_time:79384ms step_avg:334.95ms
step:238/1680 train_time:79715ms step_avg:334.94ms
step:239/1680 train_time:80048ms step_avg:334.93ms
step:240/1680 train_time:80376ms step_avg:334.90ms
step:241/1680 train_time:80709ms step_avg:334.89ms
step:242/1680 train_time:81039ms step_avg:334.87ms
step:243/1680 train_time:81369ms step_avg:334.85ms
step:244/1680 train_time:81700ms step_avg:334.84ms
step:245/1680 train_time:82038ms step_avg:334.85ms
step:246/1680 train_time:82366ms step_avg:334.82ms
step:247/1680 train_time:82701ms step_avg:334.82ms
step:248/1680 train_time:83031ms step_avg:334.80ms
step:249/1680 train_time:83366ms step_avg:334.80ms
step:250/1680 train_time:83698ms step_avg:334.79ms
step:250/1680 val_loss:3.9727 train_time:83921ms step_avg:335.68ms
step:251/1680 train_time:84108ms step_avg:335.09ms
step:252/1680 train_time:84459ms step_avg:335.16ms
step:253/1680 train_time:84791ms step_avg:335.14ms
step:254/1680 train_time:85131ms step_avg:335.16ms
step:255/1680 train_time:85460ms step_avg:335.14ms
step:256/1680 train_time:85790ms step_avg:335.12ms
step:257/1680 train_time:86125ms step_avg:335.12ms
step:258/1680 train_time:86461ms step_avg:335.12ms
step:259/1680 train_time:86791ms step_avg:335.10ms
step:260/1680 train_time:87126ms step_avg:335.10ms
step:261/1680 train_time:87463ms step_avg:335.11ms
step:262/1680 train_time:87792ms step_avg:335.08ms
step:263/1680 train_time:88124ms step_avg:335.07ms
step:264/1680 train_time:88452ms step_avg:335.04ms
step:265/1680 train_time:88785ms step_avg:335.04ms
step:266/1680 train_time:89116ms step_avg:335.02ms
step:267/1680 train_time:89447ms step_avg:335.01ms
step:268/1680 train_time:89777ms step_avg:334.99ms
step:269/1680 train_time:90112ms step_avg:334.99ms
step:270/1680 train_time:90443ms step_avg:334.98ms
step:271/1680 train_time:90776ms step_avg:334.97ms
step:272/1680 train_time:91104ms step_avg:334.94ms
step:273/1680 train_time:91438ms step_avg:334.94ms
step:274/1680 train_time:91770ms step_avg:334.93ms
step:275/1680 train_time:92100ms step_avg:334.91ms
step:276/1680 train_time:92429ms step_avg:334.89ms
step:277/1680 train_time:92764ms step_avg:334.89ms
step:278/1680 train_time:93099ms step_avg:334.89ms
step:279/1680 train_time:93427ms step_avg:334.86ms
step:280/1680 train_time:93758ms step_avg:334.85ms
step:281/1680 train_time:94087ms step_avg:334.83ms
step:282/1680 train_time:94423ms step_avg:334.83ms
step:283/1680 train_time:94751ms step_avg:334.81ms
step:284/1680 train_time:95084ms step_avg:334.80ms
step:285/1680 train_time:95414ms step_avg:334.79ms
step:286/1680 train_time:95746ms step_avg:334.78ms
step:287/1680 train_time:96073ms step_avg:334.75ms
step:288/1680 train_time:96410ms step_avg:334.76ms
step:289/1680 train_time:96743ms step_avg:334.75ms
step:290/1680 train_time:97076ms step_avg:334.75ms
step:291/1680 train_time:97407ms step_avg:334.73ms
step:292/1680 train_time:97744ms step_avg:334.74ms
step:293/1680 train_time:98066ms step_avg:334.70ms
step:294/1680 train_time:98406ms step_avg:334.71ms
step:295/1680 train_time:98737ms step_avg:334.70ms
step:296/1680 train_time:99068ms step_avg:334.69ms
step:297/1680 train_time:99401ms step_avg:334.68ms
step:298/1680 train_time:99731ms step_avg:334.67ms
step:299/1680 train_time:100065ms step_avg:334.66ms
step:300/1680 train_time:100395ms step_avg:334.65ms
step:301/1680 train_time:100724ms step_avg:334.63ms
step:302/1680 train_time:101057ms step_avg:334.62ms
step:303/1680 train_time:101390ms step_avg:334.62ms
step:304/1680 train_time:101719ms step_avg:334.60ms
step:305/1680 train_time:102054ms step_avg:334.60ms
step:306/1680 train_time:102381ms step_avg:334.58ms
step:307/1680 train_time:102710ms step_avg:334.56ms
step:308/1680 train_time:103043ms step_avg:334.55ms
step:309/1680 train_time:103376ms step_avg:334.55ms
step:310/1680 train_time:103710ms step_avg:334.55ms
step:311/1680 train_time:104051ms step_avg:334.57ms
step:312/1680 train_time:104383ms step_avg:334.56ms
step:313/1680 train_time:104716ms step_avg:334.56ms
step:314/1680 train_time:105049ms step_avg:334.55ms
step:315/1680 train_time:105380ms step_avg:334.54ms
step:316/1680 train_time:105714ms step_avg:334.54ms
step:317/1680 train_time:106046ms step_avg:334.53ms
step:318/1680 train_time:106380ms step_avg:334.53ms
step:319/1680 train_time:106707ms step_avg:334.50ms
step:320/1680 train_time:107038ms step_avg:334.49ms
step:321/1680 train_time:107373ms step_avg:334.50ms
step:322/1680 train_time:107706ms step_avg:334.49ms
step:323/1680 train_time:108039ms step_avg:334.48ms
step:324/1680 train_time:108369ms step_avg:334.47ms
step:325/1680 train_time:108699ms step_avg:334.46ms
step:326/1680 train_time:109028ms step_avg:334.44ms
step:327/1680 train_time:109360ms step_avg:334.43ms
step:328/1680 train_time:109689ms step_avg:334.42ms
step:329/1680 train_time:110024ms step_avg:334.42ms
step:330/1680 train_time:110357ms step_avg:334.41ms
step:331/1680 train_time:110686ms step_avg:334.40ms
step:332/1680 train_time:111015ms step_avg:334.38ms
step:333/1680 train_time:111348ms step_avg:334.38ms
step:334/1680 train_time:111679ms step_avg:334.37ms
step:335/1680 train_time:112009ms step_avg:334.36ms
step:336/1680 train_time:112340ms step_avg:334.34ms
step:337/1680 train_time:112671ms step_avg:334.34ms
step:338/1680 train_time:112998ms step_avg:334.31ms
step:339/1680 train_time:113333ms step_avg:334.32ms
step:340/1680 train_time:113666ms step_avg:334.31ms
step:341/1680 train_time:113997ms step_avg:334.30ms
step:342/1680 train_time:114331ms step_avg:334.30ms
step:343/1680 train_time:114667ms step_avg:334.30ms
step:344/1680 train_time:115004ms step_avg:334.32ms
step:345/1680 train_time:115348ms step_avg:334.34ms
step:346/1680 train_time:115664ms step_avg:334.29ms
step:347/1680 train_time:115997ms step_avg:334.28ms
step:348/1680 train_time:116329ms step_avg:334.28ms
step:349/1680 train_time:116659ms step_avg:334.27ms
step:350/1680 train_time:116990ms step_avg:334.26ms
step:351/1680 train_time:117320ms step_avg:334.25ms
step:352/1680 train_time:117653ms step_avg:334.24ms
step:353/1680 train_time:117983ms step_avg:334.23ms
step:354/1680 train_time:118315ms step_avg:334.22ms
step:355/1680 train_time:118647ms step_avg:334.22ms
step:356/1680 train_time:118978ms step_avg:334.21ms
step:357/1680 train_time:119306ms step_avg:334.19ms
step:358/1680 train_time:119637ms step_avg:334.18ms
step:359/1680 train_time:119969ms step_avg:334.18ms
step:360/1680 train_time:120302ms step_avg:334.17ms
step:361/1680 train_time:120634ms step_avg:334.17ms
step:362/1680 train_time:120968ms step_avg:334.16ms
step:363/1680 train_time:121297ms step_avg:334.15ms
step:364/1680 train_time:121631ms step_avg:334.15ms
step:365/1680 train_time:121964ms step_avg:334.15ms
step:366/1680 train_time:122299ms step_avg:334.15ms
step:367/1680 train_time:122633ms step_avg:334.15ms
step:368/1680 train_time:122966ms step_avg:334.15ms
step:369/1680 train_time:123293ms step_avg:334.13ms
step:370/1680 train_time:123620ms step_avg:334.11ms
step:371/1680 train_time:123951ms step_avg:334.10ms
step:372/1680 train_time:124287ms step_avg:334.10ms
step:373/1680 train_time:124618ms step_avg:334.10ms
step:374/1680 train_time:124953ms step_avg:334.10ms
step:375/1680 train_time:125284ms step_avg:334.09ms
step:375/1680 val_loss:3.8186 train_time:125509ms step_avg:334.69ms
step:376/1680 train_time:125713ms step_avg:334.34ms
step:377/1680 train_time:126065ms step_avg:334.39ms
step:378/1680 train_time:126395ms step_avg:334.38ms
step:379/1680 train_time:126733ms step_avg:334.39ms
step:380/1680 train_time:127065ms step_avg:334.38ms
step:381/1680 train_time:127397ms step_avg:334.37ms
step:382/1680 train_time:127729ms step_avg:334.37ms
step:383/1680 train_time:128067ms step_avg:334.38ms
step:384/1680 train_time:128399ms step_avg:334.37ms
step:385/1680 train_time:128721ms step_avg:334.34ms
step:386/1680 train_time:129058ms step_avg:334.35ms
step:387/1680 train_time:129396ms step_avg:334.36ms
step:388/1680 train_time:129731ms step_avg:334.36ms
step:389/1680 train_time:130062ms step_avg:334.35ms
step:390/1680 train_time:130394ms step_avg:334.34ms
step:391/1680 train_time:130735ms step_avg:334.36ms
step:392/1680 train_time:131072ms step_avg:334.37ms
step:393/1680 train_time:131400ms step_avg:334.35ms
step:394/1680 train_time:131730ms step_avg:334.34ms
step:395/1680 train_time:132063ms step_avg:334.34ms
step:396/1680 train_time:132400ms step_avg:334.34ms
step:397/1680 train_time:132731ms step_avg:334.34ms
step:398/1680 train_time:133066ms step_avg:334.34ms
step:399/1680 train_time:133413ms step_avg:334.37ms
step:400/1680 train_time:133725ms step_avg:334.31ms
step:401/1680 train_time:134058ms step_avg:334.31ms
step:402/1680 train_time:134398ms step_avg:334.32ms
step:403/1680 train_time:134740ms step_avg:334.34ms
step:404/1680 train_time:135067ms step_avg:334.32ms
step:405/1680 train_time:135392ms step_avg:334.30ms
step:406/1680 train_time:135723ms step_avg:334.29ms
step:407/1680 train_time:136053ms step_avg:334.28ms
step:408/1680 train_time:136386ms step_avg:334.28ms
step:409/1680 train_time:136720ms step_avg:334.28ms
step:410/1680 train_time:137051ms step_avg:334.27ms
step:411/1680 train_time:137387ms step_avg:334.27ms
step:412/1680 train_time:137716ms step_avg:334.26ms
step:413/1680 train_time:138046ms step_avg:334.25ms
step:414/1680 train_time:138381ms step_avg:334.25ms
step:415/1680 train_time:138714ms step_avg:334.25ms
step:416/1680 train_time:139046ms step_avg:334.25ms
step:417/1680 train_time:139377ms step_avg:334.24ms
step:418/1680 train_time:139704ms step_avg:334.22ms
step:419/1680 train_time:140035ms step_avg:334.21ms
step:420/1680 train_time:140370ms step_avg:334.22ms
step:421/1680 train_time:140719ms step_avg:334.25ms
step:422/1680 train_time:141037ms step_avg:334.21ms
step:423/1680 train_time:141366ms step_avg:334.20ms
step:424/1680 train_time:141698ms step_avg:334.19ms
step:425/1680 train_time:142037ms step_avg:334.21ms
step:426/1680 train_time:142365ms step_avg:334.19ms
step:427/1680 train_time:142698ms step_avg:334.19ms
step:428/1680 train_time:143029ms step_avg:334.18ms
step:429/1680 train_time:143360ms step_avg:334.17ms
step:430/1680 train_time:143693ms step_avg:334.17ms
step:431/1680 train_time:144022ms step_avg:334.16ms
step:432/1680 train_time:144351ms step_avg:334.15ms
step:433/1680 train_time:144687ms step_avg:334.15ms
step:434/1680 train_time:145020ms step_avg:334.15ms
step:435/1680 train_time:145353ms step_avg:334.14ms
step:436/1680 train_time:145683ms step_avg:334.13ms
step:437/1680 train_time:146015ms step_avg:334.13ms
step:438/1680 train_time:146346ms step_avg:334.12ms
step:439/1680 train_time:146679ms step_avg:334.12ms
step:440/1680 train_time:147011ms step_avg:334.12ms
step:441/1680 train_time:147347ms step_avg:334.12ms
step:442/1680 train_time:147680ms step_avg:334.12ms
step:443/1680 train_time:148014ms step_avg:334.12ms
step:444/1680 train_time:148345ms step_avg:334.11ms
step:445/1680 train_time:148678ms step_avg:334.11ms
step:446/1680 train_time:149010ms step_avg:334.10ms
step:447/1680 train_time:149342ms step_avg:334.10ms
step:448/1680 train_time:149681ms step_avg:334.11ms
step:449/1680 train_time:150011ms step_avg:334.10ms
step:450/1680 train_time:150343ms step_avg:334.10ms
step:451/1680 train_time:150674ms step_avg:334.09ms
step:452/1680 train_time:151008ms step_avg:334.09ms
step:453/1680 train_time:151340ms step_avg:334.08ms
step:454/1680 train_time:151669ms step_avg:334.07ms
step:455/1680 train_time:152000ms step_avg:334.07ms
step:456/1680 train_time:152331ms step_avg:334.06ms
step:457/1680 train_time:152662ms step_avg:334.05ms
step:458/1680 train_time:152993ms step_avg:334.05ms
step:459/1680 train_time:153323ms step_avg:334.04ms
step:460/1680 train_time:153653ms step_avg:334.03ms
step:461/1680 train_time:153985ms step_avg:334.02ms
step:462/1680 train_time:154314ms step_avg:334.01ms
step:463/1680 train_time:154653ms step_avg:334.02ms
step:464/1680 train_time:154985ms step_avg:334.02ms
step:465/1680 train_time:155314ms step_avg:334.01ms
step:466/1680 train_time:155647ms step_avg:334.01ms
step:467/1680 train_time:155985ms step_avg:334.01ms
step:468/1680 train_time:156313ms step_avg:334.00ms
step:469/1680 train_time:156645ms step_avg:334.00ms
step:470/1680 train_time:156979ms step_avg:334.00ms
step:471/1680 train_time:157313ms step_avg:334.00ms
step:472/1680 train_time:157644ms step_avg:333.99ms
step:473/1680 train_time:157977ms step_avg:333.99ms
step:474/1680 train_time:158308ms step_avg:333.98ms
step:475/1680 train_time:158637ms step_avg:333.97ms
step:476/1680 train_time:158970ms step_avg:333.97ms
step:477/1680 train_time:159299ms step_avg:333.96ms
step:478/1680 train_time:159631ms step_avg:333.96ms
step:479/1680 train_time:159963ms step_avg:333.95ms
step:480/1680 train_time:160296ms step_avg:333.95ms
step:481/1680 train_time:160631ms step_avg:333.95ms
step:482/1680 train_time:160964ms step_avg:333.95ms
step:483/1680 train_time:161293ms step_avg:333.94ms
step:484/1680 train_time:161626ms step_avg:333.94ms
step:485/1680 train_time:161958ms step_avg:333.93ms
step:486/1680 train_time:162296ms step_avg:333.94ms
step:487/1680 train_time:162624ms step_avg:333.93ms
step:488/1680 train_time:162955ms step_avg:333.92ms
step:489/1680 train_time:163289ms step_avg:333.92ms
step:490/1680 train_time:163618ms step_avg:333.91ms
step:491/1680 train_time:163950ms step_avg:333.91ms
step:492/1680 train_time:164281ms step_avg:333.90ms
step:493/1680 train_time:164612ms step_avg:333.90ms
step:494/1680 train_time:164942ms step_avg:333.89ms
step:495/1680 train_time:165278ms step_avg:333.89ms
step:496/1680 train_time:165610ms step_avg:333.89ms
step:497/1680 train_time:165945ms step_avg:333.89ms
step:498/1680 train_time:166277ms step_avg:333.89ms
step:499/1680 train_time:166608ms step_avg:333.88ms
step:500/1680 train_time:166945ms step_avg:333.89ms
step:500/1680 val_loss:3.7184 train_time:167161ms step_avg:334.32ms
step:501/1680 train_time:167392ms step_avg:334.12ms
step:502/1680 train_time:167705ms step_avg:334.07ms
step:503/1680 train_time:168038ms step_avg:334.07ms
step:504/1680 train_time:168370ms step_avg:334.07ms
step:505/1680 train_time:168704ms step_avg:334.07ms
step:506/1680 train_time:169032ms step_avg:334.06ms
step:507/1680 train_time:169362ms step_avg:334.05ms
step:508/1680 train_time:169694ms step_avg:334.04ms
step:509/1680 train_time:170025ms step_avg:334.04ms
step:510/1680 train_time:170357ms step_avg:334.03ms
step:511/1680 train_time:170691ms step_avg:334.03ms
step:512/1680 train_time:171023ms step_avg:334.03ms
step:513/1680 train_time:171361ms step_avg:334.04ms
step:514/1680 train_time:171696ms step_avg:334.04ms
step:515/1680 train_time:172029ms step_avg:334.04ms
step:516/1680 train_time:172359ms step_avg:334.03ms
step:517/1680 train_time:172687ms step_avg:334.02ms
step:518/1680 train_time:173019ms step_avg:334.01ms
step:519/1680 train_time:173347ms step_avg:334.00ms
step:520/1680 train_time:173678ms step_avg:334.00ms
step:521/1680 train_time:174011ms step_avg:333.99ms
step:522/1680 train_time:174345ms step_avg:333.99ms
step:523/1680 train_time:174672ms step_avg:333.98ms
step:524/1680 train_time:175007ms step_avg:333.98ms
step:525/1680 train_time:175337ms step_avg:333.97ms
step:526/1680 train_time:175669ms step_avg:333.97ms
step:527/1680 train_time:175997ms step_avg:333.96ms
step:528/1680 train_time:176329ms step_avg:333.96ms
step:529/1680 train_time:176665ms step_avg:333.96ms
step:530/1680 train_time:176998ms step_avg:333.96ms
step:531/1680 train_time:177331ms step_avg:333.96ms
step:532/1680 train_time:177666ms step_avg:333.96ms
step:533/1680 train_time:177994ms step_avg:333.95ms
step:534/1680 train_time:178329ms step_avg:333.95ms
step:535/1680 train_time:178661ms step_avg:333.95ms
step:536/1680 train_time:178992ms step_avg:333.94ms
step:537/1680 train_time:179327ms step_avg:333.94ms
step:538/1680 train_time:179662ms step_avg:333.94ms
step:539/1680 train_time:179996ms step_avg:333.94ms
step:540/1680 train_time:180327ms step_avg:333.94ms
step:541/1680 train_time:180656ms step_avg:333.93ms
step:542/1680 train_time:180989ms step_avg:333.93ms
step:543/1680 train_time:181322ms step_avg:333.93ms
step:544/1680 train_time:181657ms step_avg:333.93ms
step:545/1680 train_time:181991ms step_avg:333.93ms
step:546/1680 train_time:182324ms step_avg:333.93ms
step:547/1680 train_time:182655ms step_avg:333.92ms
step:548/1680 train_time:182988ms step_avg:333.92ms
step:549/1680 train_time:183320ms step_avg:333.92ms
step:550/1680 train_time:183661ms step_avg:333.93ms
step:551/1680 train_time:183991ms step_avg:333.92ms
step:552/1680 train_time:184344ms step_avg:333.96ms
step:553/1680 train_time:184680ms step_avg:333.96ms
step:554/1680 train_time:184995ms step_avg:333.93ms
step:555/1680 train_time:185331ms step_avg:333.93ms
step:556/1680 train_time:185675ms step_avg:333.95ms
step:557/1680 train_time:185993ms step_avg:333.92ms
step:558/1680 train_time:186320ms step_avg:333.91ms
step:559/1680 train_time:186654ms step_avg:333.91ms
step:560/1680 train_time:186991ms step_avg:333.91ms
step:561/1680 train_time:187328ms step_avg:333.92ms
step:562/1680 train_time:187663ms step_avg:333.92ms
step:563/1680 train_time:187998ms step_avg:333.92ms
step:564/1680 train_time:188332ms step_avg:333.92ms
step:565/1680 train_time:188668ms step_avg:333.92ms
step:566/1680 train_time:188998ms step_avg:333.92ms
step:567/1680 train_time:189325ms step_avg:333.91ms
step:568/1680 train_time:189656ms step_avg:333.90ms
step:569/1680 train_time:189988ms step_avg:333.90ms
step:570/1680 train_time:190325ms step_avg:333.90ms
step:571/1680 train_time:190660ms step_avg:333.90ms
step:572/1680 train_time:190993ms step_avg:333.90ms
step:573/1680 train_time:191325ms step_avg:333.90ms
step:574/1680 train_time:191652ms step_avg:333.89ms
step:575/1680 train_time:191985ms step_avg:333.89ms
step:576/1680 train_time:192325ms step_avg:333.90ms
step:577/1680 train_time:192654ms step_avg:333.89ms
step:578/1680 train_time:192982ms step_avg:333.88ms
step:579/1680 train_time:193315ms step_avg:333.88ms
step:580/1680 train_time:193649ms step_avg:333.88ms
step:581/1680 train_time:193982ms step_avg:333.88ms
step:582/1680 train_time:194311ms step_avg:333.87ms
step:583/1680 train_time:194647ms step_avg:333.87ms
step:584/1680 train_time:194980ms step_avg:333.87ms
step:585/1680 train_time:195309ms step_avg:333.86ms
step:586/1680 train_time:195644ms step_avg:333.86ms
step:587/1680 train_time:195976ms step_avg:333.86ms
step:588/1680 train_time:196306ms step_avg:333.85ms
step:589/1680 train_time:196632ms step_avg:333.84ms
step:590/1680 train_time:196963ms step_avg:333.84ms
step:591/1680 train_time:197297ms step_avg:333.84ms
step:592/1680 train_time:197626ms step_avg:333.83ms
step:593/1680 train_time:197959ms step_avg:333.83ms
step:594/1680 train_time:198290ms step_avg:333.82ms
step:595/1680 train_time:198619ms step_avg:333.81ms
step:596/1680 train_time:198954ms step_avg:333.82ms
step:597/1680 train_time:199283ms step_avg:333.81ms
step:598/1680 train_time:199615ms step_avg:333.80ms
step:599/1680 train_time:199947ms step_avg:333.80ms
step:600/1680 train_time:200275ms step_avg:333.79ms
step:601/1680 train_time:200607ms step_avg:333.79ms
step:602/1680 train_time:200946ms step_avg:333.80ms
step:603/1680 train_time:201281ms step_avg:333.80ms
step:604/1680 train_time:201611ms step_avg:333.79ms
step:605/1680 train_time:201937ms step_avg:333.78ms
step:606/1680 train_time:202272ms step_avg:333.78ms
step:607/1680 train_time:202605ms step_avg:333.78ms
step:608/1680 train_time:202944ms step_avg:333.79ms
step:609/1680 train_time:203268ms step_avg:333.77ms
step:610/1680 train_time:203602ms step_avg:333.77ms
step:611/1680 train_time:203935ms step_avg:333.77ms
step:612/1680 train_time:204261ms step_avg:333.76ms
step:613/1680 train_time:204594ms step_avg:333.76ms
step:614/1680 train_time:204930ms step_avg:333.76ms
step:615/1680 train_time:205262ms step_avg:333.76ms
step:616/1680 train_time:205590ms step_avg:333.75ms
step:617/1680 train_time:205922ms step_avg:333.75ms
step:618/1680 train_time:206254ms step_avg:333.74ms
step:619/1680 train_time:206588ms step_avg:333.74ms
step:620/1680 train_time:206915ms step_avg:333.73ms
step:621/1680 train_time:207260ms step_avg:333.75ms
step:622/1680 train_time:207590ms step_avg:333.75ms
step:623/1680 train_time:207919ms step_avg:333.74ms
step:624/1680 train_time:208250ms step_avg:333.73ms
step:625/1680 train_time:208576ms step_avg:333.72ms
step:625/1680 val_loss:3.6158 train_time:208797ms step_avg:334.08ms
step:626/1680 train_time:209001ms step_avg:333.87ms
step:627/1680 train_time:209324ms step_avg:333.85ms
step:628/1680 train_time:209649ms step_avg:333.84ms
step:629/1680 train_time:209981ms step_avg:333.83ms
step:630/1680 train_time:210323ms step_avg:333.85ms
step:631/1680 train_time:210657ms step_avg:333.85ms
step:632/1680 train_time:210988ms step_avg:333.84ms
step:633/1680 train_time:211327ms step_avg:333.85ms
step:634/1680 train_time:211660ms step_avg:333.85ms
step:635/1680 train_time:211992ms step_avg:333.85ms
step:636/1680 train_time:212319ms step_avg:333.83ms
step:637/1680 train_time:212650ms step_avg:333.83ms
step:638/1680 train_time:212982ms step_avg:333.83ms
step:639/1680 train_time:213313ms step_avg:333.82ms
step:640/1680 train_time:213647ms step_avg:333.82ms
step:641/1680 train_time:213983ms step_avg:333.83ms
step:642/1680 train_time:214312ms step_avg:333.82ms
step:643/1680 train_time:214647ms step_avg:333.82ms
step:644/1680 train_time:214979ms step_avg:333.82ms
step:645/1680 train_time:215314ms step_avg:333.82ms
step:646/1680 train_time:215640ms step_avg:333.81ms
step:647/1680 train_time:215974ms step_avg:333.81ms
step:648/1680 train_time:216306ms step_avg:333.81ms
step:649/1680 train_time:216637ms step_avg:333.80ms
step:650/1680 train_time:216972ms step_avg:333.80ms
step:651/1680 train_time:217303ms step_avg:333.80ms
step:652/1680 train_time:217636ms step_avg:333.80ms
step:653/1680 train_time:217974ms step_avg:333.80ms
step:654/1680 train_time:218304ms step_avg:333.80ms
step:655/1680 train_time:218636ms step_avg:333.79ms
step:656/1680 train_time:218967ms step_avg:333.79ms
step:657/1680 train_time:219298ms step_avg:333.79ms
step:658/1680 train_time:219627ms step_avg:333.78ms
step:659/1680 train_time:219963ms step_avg:333.78ms
step:660/1680 train_time:220299ms step_avg:333.79ms
step:661/1680 train_time:220637ms step_avg:333.79ms
step:662/1680 train_time:220977ms step_avg:333.80ms
step:663/1680 train_time:221293ms step_avg:333.78ms
step:664/1680 train_time:221628ms step_avg:333.78ms
step:665/1680 train_time:221962ms step_avg:333.78ms
step:666/1680 train_time:222289ms step_avg:333.77ms
step:667/1680 train_time:222617ms step_avg:333.76ms
step:668/1680 train_time:222948ms step_avg:333.75ms
step:669/1680 train_time:223282ms step_avg:333.76ms
step:670/1680 train_time:223612ms step_avg:333.75ms
step:671/1680 train_time:223947ms step_avg:333.75ms
step:672/1680 train_time:224285ms step_avg:333.76ms
step:673/1680 train_time:224616ms step_avg:333.75ms
step:674/1680 train_time:224950ms step_avg:333.75ms
step:675/1680 train_time:225282ms step_avg:333.75ms
step:676/1680 train_time:225613ms step_avg:333.75ms
step:677/1680 train_time:225946ms step_avg:333.75ms
step:678/1680 train_time:226281ms step_avg:333.75ms
step:679/1680 train_time:226612ms step_avg:333.74ms
step:680/1680 train_time:226959ms step_avg:333.76ms
step:681/1680 train_time:227279ms step_avg:333.74ms
step:682/1680 train_time:227608ms step_avg:333.74ms
step:683/1680 train_time:227949ms step_avg:333.75ms
step:684/1680 train_time:228277ms step_avg:333.74ms
step:685/1680 train_time:228609ms step_avg:333.74ms
step:686/1680 train_time:228962ms step_avg:333.76ms
step:687/1680 train_time:229281ms step_avg:333.74ms
step:688/1680 train_time:229615ms step_avg:333.74ms
step:689/1680 train_time:229942ms step_avg:333.73ms
step:690/1680 train_time:230278ms step_avg:333.74ms
step:691/1680 train_time:230609ms step_avg:333.73ms
step:692/1680 train_time:230945ms step_avg:333.74ms
step:693/1680 train_time:231278ms step_avg:333.73ms
step:694/1680 train_time:231609ms step_avg:333.73ms
step:695/1680 train_time:231939ms step_avg:333.73ms
step:696/1680 train_time:232275ms step_avg:333.73ms
step:697/1680 train_time:232606ms step_avg:333.72ms
step:698/1680 train_time:232938ms step_avg:333.72ms
step:699/1680 train_time:233268ms step_avg:333.72ms
step:700/1680 train_time:233600ms step_avg:333.71ms
step:701/1680 train_time:233928ms step_avg:333.71ms
step:702/1680 train_time:234260ms step_avg:333.70ms
step:703/1680 train_time:234592ms step_avg:333.70ms
step:704/1680 train_time:234929ms step_avg:333.71ms
step:705/1680 train_time:235259ms step_avg:333.70ms
step:706/1680 train_time:235583ms step_avg:333.69ms
step:707/1680 train_time:235920ms step_avg:333.69ms
step:708/1680 train_time:236254ms step_avg:333.69ms
step:709/1680 train_time:236589ms step_avg:333.69ms
step:710/1680 train_time:236919ms step_avg:333.69ms
step:711/1680 train_time:237249ms step_avg:333.68ms
step:712/1680 train_time:237578ms step_avg:333.68ms
step:713/1680 train_time:237913ms step_avg:333.68ms
step:714/1680 train_time:238243ms step_avg:333.67ms
step:715/1680 train_time:238574ms step_avg:333.67ms
step:716/1680 train_time:238909ms step_avg:333.67ms
step:717/1680 train_time:239252ms step_avg:333.69ms
step:718/1680 train_time:239574ms step_avg:333.67ms
step:719/1680 train_time:239907ms step_avg:333.67ms
step:720/1680 train_time:240237ms step_avg:333.66ms
step:721/1680 train_time:240568ms step_avg:333.66ms
step:722/1680 train_time:240901ms step_avg:333.66ms
step:723/1680 train_time:241234ms step_avg:333.66ms
step:724/1680 train_time:241574ms step_avg:333.67ms
step:725/1680 train_time:241909ms step_avg:333.67ms
step:726/1680 train_time:242236ms step_avg:333.66ms
step:727/1680 train_time:242564ms step_avg:333.65ms
step:728/1680 train_time:242898ms step_avg:333.65ms
step:729/1680 train_time:243225ms step_avg:333.64ms
step:730/1680 train_time:243567ms step_avg:333.65ms
step:731/1680 train_time:243908ms step_avg:333.66ms
step:732/1680 train_time:244234ms step_avg:333.65ms
step:733/1680 train_time:244562ms step_avg:333.65ms
step:734/1680 train_time:244887ms step_avg:333.63ms
step:735/1680 train_time:245234ms step_avg:333.65ms
step:736/1680 train_time:245573ms step_avg:333.66ms
step:737/1680 train_time:245888ms step_avg:333.63ms
step:738/1680 train_time:246219ms step_avg:333.63ms
step:739/1680 train_time:246553ms step_avg:333.63ms
step:740/1680 train_time:246885ms step_avg:333.63ms
step:741/1680 train_time:247213ms step_avg:333.62ms
step:742/1680 train_time:247546ms step_avg:333.62ms
step:743/1680 train_time:247876ms step_avg:333.61ms
step:744/1680 train_time:248212ms step_avg:333.62ms
step:745/1680 train_time:248545ms step_avg:333.62ms
step:746/1680 train_time:248881ms step_avg:333.62ms
step:747/1680 train_time:249215ms step_avg:333.62ms
step:748/1680 train_time:249546ms step_avg:333.62ms
step:749/1680 train_time:249878ms step_avg:333.62ms
step:750/1680 train_time:250212ms step_avg:333.62ms
step:750/1680 val_loss:3.5648 train_time:250433ms step_avg:333.91ms
step:751/1680 train_time:250634ms step_avg:333.73ms
step:752/1680 train_time:250949ms step_avg:333.71ms
step:753/1680 train_time:251281ms step_avg:333.71ms
step:754/1680 train_time:251613ms step_avg:333.70ms
step:755/1680 train_time:251945ms step_avg:333.70ms
step:756/1680 train_time:252276ms step_avg:333.70ms
step:757/1680 train_time:252606ms step_avg:333.69ms
step:758/1680 train_time:252940ms step_avg:333.69ms
step:759/1680 train_time:253271ms step_avg:333.69ms
step:760/1680 train_time:253604ms step_avg:333.69ms
step:761/1680 train_time:253937ms step_avg:333.69ms
step:762/1680 train_time:254273ms step_avg:333.69ms
step:763/1680 train_time:254607ms step_avg:333.69ms
step:764/1680 train_time:254939ms step_avg:333.69ms
step:765/1680 train_time:255272ms step_avg:333.69ms
step:766/1680 train_time:255607ms step_avg:333.69ms
step:767/1680 train_time:255941ms step_avg:333.69ms
step:768/1680 train_time:256276ms step_avg:333.69ms
step:769/1680 train_time:256606ms step_avg:333.69ms
step:770/1680 train_time:256936ms step_avg:333.68ms
step:771/1680 train_time:257265ms step_avg:333.68ms
step:772/1680 train_time:257601ms step_avg:333.68ms
step:773/1680 train_time:257933ms step_avg:333.68ms
step:774/1680 train_time:258272ms step_avg:333.68ms
step:775/1680 train_time:258604ms step_avg:333.68ms
step:776/1680 train_time:258936ms step_avg:333.68ms
step:777/1680 train_time:259269ms step_avg:333.68ms
step:778/1680 train_time:259603ms step_avg:333.68ms
step:779/1680 train_time:259936ms step_avg:333.68ms
step:780/1680 train_time:260271ms step_avg:333.68ms
step:781/1680 train_time:260601ms step_avg:333.68ms
step:782/1680 train_time:260933ms step_avg:333.67ms
step:783/1680 train_time:261273ms step_avg:333.68ms
step:784/1680 train_time:261601ms step_avg:333.67ms
step:785/1680 train_time:261929ms step_avg:333.67ms
step:786/1680 train_time:262264ms step_avg:333.67ms
step:787/1680 train_time:262594ms step_avg:333.66ms
step:788/1680 train_time:262924ms step_avg:333.66ms
step:789/1680 train_time:263263ms step_avg:333.67ms
step:790/1680 train_time:263595ms step_avg:333.66ms
step:791/1680 train_time:263925ms step_avg:333.66ms
step:792/1680 train_time:264259ms step_avg:333.66ms
step:793/1680 train_time:264590ms step_avg:333.66ms
step:794/1680 train_time:264922ms step_avg:333.66ms
step:795/1680 train_time:265252ms step_avg:333.65ms
step:796/1680 train_time:265585ms step_avg:333.65ms
step:797/1680 train_time:265917ms step_avg:333.65ms
step:798/1680 train_time:266252ms step_avg:333.65ms
step:799/1680 train_time:266591ms step_avg:333.66ms
step:800/1680 train_time:266919ms step_avg:333.65ms
step:801/1680 train_time:267250ms step_avg:333.65ms
step:802/1680 train_time:267581ms step_avg:333.64ms
step:803/1680 train_time:267909ms step_avg:333.63ms
step:804/1680 train_time:268239ms step_avg:333.63ms
step:805/1680 train_time:268569ms step_avg:333.63ms
step:806/1680 train_time:268901ms step_avg:333.62ms
step:807/1680 train_time:269235ms step_avg:333.62ms
step:808/1680 train_time:269568ms step_avg:333.62ms
step:809/1680 train_time:269899ms step_avg:333.62ms
step:810/1680 train_time:270236ms step_avg:333.62ms
step:811/1680 train_time:270571ms step_avg:333.63ms
step:812/1680 train_time:270903ms step_avg:333.62ms
step:813/1680 train_time:271236ms step_avg:333.62ms
step:814/1680 train_time:271563ms step_avg:333.62ms
step:815/1680 train_time:271898ms step_avg:333.62ms
step:816/1680 train_time:272228ms step_avg:333.61ms
step:817/1680 train_time:272562ms step_avg:333.61ms
step:818/1680 train_time:272889ms step_avg:333.61ms
step:819/1680 train_time:273222ms step_avg:333.60ms
step:820/1680 train_time:273554ms step_avg:333.60ms
step:821/1680 train_time:273882ms step_avg:333.60ms
step:822/1680 train_time:274214ms step_avg:333.59ms
step:823/1680 train_time:274547ms step_avg:333.59ms
step:824/1680 train_time:274876ms step_avg:333.59ms
step:825/1680 train_time:275212ms step_avg:333.59ms
step:826/1680 train_time:275543ms step_avg:333.59ms
step:827/1680 train_time:275878ms step_avg:333.59ms
step:828/1680 train_time:276208ms step_avg:333.58ms
step:829/1680 train_time:276546ms step_avg:333.59ms
step:830/1680 train_time:276875ms step_avg:333.58ms
step:831/1680 train_time:277211ms step_avg:333.59ms
step:832/1680 train_time:277539ms step_avg:333.58ms
step:833/1680 train_time:277871ms step_avg:333.58ms
step:834/1680 train_time:278206ms step_avg:333.58ms
step:835/1680 train_time:278544ms step_avg:333.59ms
step:836/1680 train_time:278865ms step_avg:333.57ms
step:837/1680 train_time:279202ms step_avg:333.57ms
step:838/1680 train_time:279537ms step_avg:333.58ms
step:839/1680 train_time:279871ms step_avg:333.58ms
step:840/1680 train_time:280198ms step_avg:333.57ms
step:841/1680 train_time:280538ms step_avg:333.58ms
step:842/1680 train_time:280890ms step_avg:333.60ms
step:843/1680 train_time:281196ms step_avg:333.57ms
step:844/1680 train_time:281528ms step_avg:333.56ms
step:845/1680 train_time:281861ms step_avg:333.56ms
step:846/1680 train_time:282193ms step_avg:333.56ms
step:847/1680 train_time:282521ms step_avg:333.55ms
step:848/1680 train_time:282856ms step_avg:333.56ms
step:849/1680 train_time:283194ms step_avg:333.56ms
step:850/1680 train_time:283529ms step_avg:333.56ms
step:851/1680 train_time:283857ms step_avg:333.56ms
step:852/1680 train_time:284190ms step_avg:333.56ms
step:853/1680 train_time:284522ms step_avg:333.56ms
step:854/1680 train_time:284855ms step_avg:333.55ms
step:855/1680 train_time:285188ms step_avg:333.55ms
step:856/1680 train_time:285514ms step_avg:333.54ms
step:857/1680 train_time:285849ms step_avg:333.55ms
step:858/1680 train_time:286184ms step_avg:333.55ms
step:859/1680 train_time:286516ms step_avg:333.55ms
step:860/1680 train_time:286850ms step_avg:333.55ms
step:861/1680 train_time:287179ms step_avg:333.54ms
step:862/1680 train_time:287513ms step_avg:333.54ms
step:863/1680 train_time:287844ms step_avg:333.54ms
step:864/1680 train_time:288184ms step_avg:333.55ms
step:865/1680 train_time:288517ms step_avg:333.55ms
step:866/1680 train_time:288843ms step_avg:333.54ms
step:867/1680 train_time:289182ms step_avg:333.54ms
step:868/1680 train_time:289512ms step_avg:333.54ms
step:869/1680 train_time:289843ms step_avg:333.54ms
step:870/1680 train_time:290176ms step_avg:333.54ms
step:871/1680 train_time:290499ms step_avg:333.52ms
step:872/1680 train_time:290827ms step_avg:333.52ms
step:873/1680 train_time:291156ms step_avg:333.51ms
step:874/1680 train_time:291487ms step_avg:333.51ms
step:875/1680 train_time:291820ms step_avg:333.51ms
step:875/1680 val_loss:3.5170 train_time:292038ms step_avg:333.76ms
step:876/1680 train_time:292247ms step_avg:333.62ms
step:877/1680 train_time:292583ms step_avg:333.62ms
step:878/1680 train_time:292914ms step_avg:333.62ms
step:879/1680 train_time:293257ms step_avg:333.63ms
step:880/1680 train_time:293587ms step_avg:333.62ms
step:881/1680 train_time:293913ms step_avg:333.61ms
step:882/1680 train_time:294246ms step_avg:333.61ms
step:883/1680 train_time:294571ms step_avg:333.60ms
step:884/1680 train_time:294913ms step_avg:333.61ms
step:885/1680 train_time:295237ms step_avg:333.60ms
step:886/1680 train_time:295572ms step_avg:333.60ms
step:887/1680 train_time:295899ms step_avg:333.60ms
step:888/1680 train_time:296229ms step_avg:333.59ms
step:889/1680 train_time:296560ms step_avg:333.59ms
step:890/1680 train_time:296891ms step_avg:333.59ms
step:891/1680 train_time:297222ms step_avg:333.58ms
step:892/1680 train_time:297552ms step_avg:333.58ms
step:893/1680 train_time:297885ms step_avg:333.58ms
step:894/1680 train_time:298223ms step_avg:333.58ms
step:895/1680 train_time:298555ms step_avg:333.58ms
step:896/1680 train_time:298885ms step_avg:333.58ms
step:897/1680 train_time:299222ms step_avg:333.58ms
step:898/1680 train_time:299553ms step_avg:333.58ms
step:899/1680 train_time:299884ms step_avg:333.58ms
step:900/1680 train_time:300219ms step_avg:333.58ms
step:901/1680 train_time:300548ms step_avg:333.57ms
step:902/1680 train_time:300880ms step_avg:333.57ms
step:903/1680 train_time:301219ms step_avg:333.58ms
step:904/1680 train_time:301552ms step_avg:333.58ms
step:905/1680 train_time:301874ms step_avg:333.56ms
step:906/1680 train_time:302208ms step_avg:333.56ms
step:907/1680 train_time:302544ms step_avg:333.57ms
step:908/1680 train_time:302880ms step_avg:333.57ms
step:909/1680 train_time:303209ms step_avg:333.56ms
step:910/1680 train_time:303539ms step_avg:333.56ms
step:911/1680 train_time:303871ms step_avg:333.56ms
step:912/1680 train_time:304202ms step_avg:333.55ms
step:913/1680 train_time:304534ms step_avg:333.55ms
step:914/1680 train_time:304868ms step_avg:333.55ms
step:915/1680 train_time:305202ms step_avg:333.55ms
step:916/1680 train_time:305536ms step_avg:333.55ms
step:917/1680 train_time:305866ms step_avg:333.55ms
step:918/1680 train_time:306198ms step_avg:333.55ms
step:919/1680 train_time:306528ms step_avg:333.55ms
step:920/1680 train_time:306857ms step_avg:333.54ms
step:921/1680 train_time:307191ms step_avg:333.54ms
step:922/1680 train_time:307526ms step_avg:333.54ms
step:923/1680 train_time:307857ms step_avg:333.54ms
step:924/1680 train_time:308199ms step_avg:333.55ms
step:925/1680 train_time:308530ms step_avg:333.55ms
step:926/1680 train_time:308853ms step_avg:333.53ms
step:927/1680 train_time:309191ms step_avg:333.54ms
step:928/1680 train_time:309515ms step_avg:333.53ms
step:929/1680 train_time:309846ms step_avg:333.53ms
step:930/1680 train_time:310185ms step_avg:333.53ms
step:931/1680 train_time:310515ms step_avg:333.53ms
step:932/1680 train_time:310842ms step_avg:333.52ms
step:933/1680 train_time:311177ms step_avg:333.52ms
step:934/1680 train_time:311502ms step_avg:333.51ms
step:935/1680 train_time:311835ms step_avg:333.51ms
step:936/1680 train_time:312169ms step_avg:333.51ms
step:937/1680 train_time:312505ms step_avg:333.52ms
step:938/1680 train_time:312848ms step_avg:333.53ms
step:939/1680 train_time:313178ms step_avg:333.52ms
step:940/1680 train_time:313507ms step_avg:333.52ms
step:941/1680 train_time:313841ms step_avg:333.52ms
step:942/1680 train_time:314170ms step_avg:333.51ms
step:943/1680 train_time:314500ms step_avg:333.51ms
step:944/1680 train_time:314836ms step_avg:333.51ms
step:945/1680 train_time:315156ms step_avg:333.50ms
step:946/1680 train_time:315489ms step_avg:333.50ms
step:947/1680 train_time:315819ms step_avg:333.49ms
step:948/1680 train_time:316152ms step_avg:333.49ms
step:949/1680 train_time:316482ms step_avg:333.49ms
step:950/1680 train_time:316812ms step_avg:333.49ms
step:951/1680 train_time:317145ms step_avg:333.49ms
step:952/1680 train_time:317475ms step_avg:333.48ms
step:953/1680 train_time:317807ms step_avg:333.48ms
step:954/1680 train_time:318142ms step_avg:333.48ms
step:955/1680 train_time:318471ms step_avg:333.48ms
step:956/1680 train_time:318802ms step_avg:333.48ms
step:957/1680 train_time:319141ms step_avg:333.48ms
step:958/1680 train_time:319475ms step_avg:333.48ms
step:959/1680 train_time:319802ms step_avg:333.47ms
step:960/1680 train_time:320133ms step_avg:333.47ms
step:961/1680 train_time:320469ms step_avg:333.47ms
step:962/1680 train_time:320804ms step_avg:333.48ms
step:963/1680 train_time:321137ms step_avg:333.48ms
step:964/1680 train_time:321476ms step_avg:333.48ms
step:965/1680 train_time:321807ms step_avg:333.48ms
step:966/1680 train_time:322158ms step_avg:333.50ms
step:967/1680 train_time:322474ms step_avg:333.48ms
step:968/1680 train_time:322800ms step_avg:333.47ms
step:969/1680 train_time:323130ms step_avg:333.47ms
step:970/1680 train_time:323461ms step_avg:333.47ms
step:971/1680 train_time:323796ms step_avg:333.47ms
step:972/1680 train_time:324126ms step_avg:333.46ms
step:973/1680 train_time:324458ms step_avg:333.46ms
step:974/1680 train_time:324789ms step_avg:333.46ms
step:975/1680 train_time:325120ms step_avg:333.46ms
step:976/1680 train_time:325453ms step_avg:333.46ms
step:977/1680 train_time:325785ms step_avg:333.45ms
step:978/1680 train_time:326118ms step_avg:333.45ms
step:979/1680 train_time:326449ms step_avg:333.45ms
step:980/1680 train_time:326778ms step_avg:333.45ms
step:981/1680 train_time:327113ms step_avg:333.45ms
step:982/1680 train_time:327446ms step_avg:333.45ms
step:983/1680 train_time:327782ms step_avg:333.45ms
step:984/1680 train_time:328114ms step_avg:333.45ms
step:985/1680 train_time:328446ms step_avg:333.45ms
step:986/1680 train_time:328782ms step_avg:333.45ms
step:987/1680 train_time:329110ms step_avg:333.44ms
step:988/1680 train_time:329440ms step_avg:333.44ms
step:989/1680 train_time:329772ms step_avg:333.44ms
step:990/1680 train_time:330102ms step_avg:333.44ms
step:991/1680 train_time:330431ms step_avg:333.43ms
step:992/1680 train_time:330763ms step_avg:333.43ms
step:993/1680 train_time:331095ms step_avg:333.43ms
step:994/1680 train_time:331428ms step_avg:333.43ms
step:995/1680 train_time:331753ms step_avg:333.42ms
step:996/1680 train_time:332089ms step_avg:333.42ms
step:997/1680 train_time:332425ms step_avg:333.43ms
step:998/1680 train_time:332755ms step_avg:333.42ms
step:999/1680 train_time:333090ms step_avg:333.42ms
step:1000/1680 train_time:333418ms step_avg:333.42ms
step:1000/1680 val_loss:3.4660 train_time:333637ms step_avg:333.64ms
step:1001/1680 train_time:333883ms step_avg:333.55ms
step:1002/1680 train_time:334206ms step_avg:333.54ms
step:1003/1680 train_time:334535ms step_avg:333.53ms
step:1004/1680 train_time:334869ms step_avg:333.53ms
step:1005/1680 train_time:335201ms step_avg:333.53ms
step:1006/1680 train_time:335535ms step_avg:333.53ms
step:1007/1680 train_time:335871ms step_avg:333.54ms
step:1008/1680 train_time:336202ms step_avg:333.53ms
step:1009/1680 train_time:336534ms step_avg:333.53ms
step:1010/1680 train_time:336865ms step_avg:333.53ms
step:1011/1680 train_time:337198ms step_avg:333.53ms
step:1012/1680 train_time:337533ms step_avg:333.53ms
step:1013/1680 train_time:337861ms step_avg:333.53ms
step:1014/1680 train_time:338191ms step_avg:333.52ms
step:1015/1680 train_time:338522ms step_avg:333.52ms
step:1016/1680 train_time:338854ms step_avg:333.52ms
step:1017/1680 train_time:339181ms step_avg:333.51ms
step:1018/1680 train_time:339521ms step_avg:333.52ms
step:1019/1680 train_time:339851ms step_avg:333.51ms
step:1020/1680 train_time:340181ms step_avg:333.51ms
step:1021/1680 train_time:340510ms step_avg:333.51ms
step:1022/1680 train_time:340845ms step_avg:333.51ms
step:1023/1680 train_time:341180ms step_avg:333.51ms
step:1024/1680 train_time:341510ms step_avg:333.51ms
step:1025/1680 train_time:341850ms step_avg:333.51ms
step:1026/1680 train_time:342185ms step_avg:333.51ms
step:1027/1680 train_time:342507ms step_avg:333.50ms
step:1028/1680 train_time:342837ms step_avg:333.50ms
step:1029/1680 train_time:343175ms step_avg:333.50ms
step:1030/1680 train_time:343509ms step_avg:333.50ms
step:1031/1680 train_time:343839ms step_avg:333.50ms
step:1032/1680 train_time:344168ms step_avg:333.50ms
step:1033/1680 train_time:344501ms step_avg:333.50ms
step:1034/1680 train_time:344838ms step_avg:333.50ms
step:1035/1680 train_time:345173ms step_avg:333.50ms
step:1036/1680 train_time:345498ms step_avg:333.49ms
step:1037/1680 train_time:345835ms step_avg:333.50ms
step:1038/1680 train_time:346165ms step_avg:333.49ms
step:1039/1680 train_time:346503ms step_avg:333.50ms
step:1040/1680 train_time:346834ms step_avg:333.49ms
step:1041/1680 train_time:347164ms step_avg:333.49ms
step:1042/1680 train_time:347500ms step_avg:333.49ms
step:1043/1680 train_time:347830ms step_avg:333.49ms
step:1044/1680 train_time:348159ms step_avg:333.49ms
step:1045/1680 train_time:348496ms step_avg:333.49ms
step:1046/1680 train_time:348834ms step_avg:333.49ms
step:1047/1680 train_time:349166ms step_avg:333.49ms
step:1048/1680 train_time:349498ms step_avg:333.49ms
step:1049/1680 train_time:349830ms step_avg:333.49ms
step:1050/1680 train_time:350170ms step_avg:333.50ms
step:1051/1680 train_time:350509ms step_avg:333.50ms
step:1052/1680 train_time:350835ms step_avg:333.49ms
step:1053/1680 train_time:351166ms step_avg:333.49ms
step:1054/1680 train_time:351492ms step_avg:333.48ms
step:1055/1680 train_time:351830ms step_avg:333.49ms
step:1056/1680 train_time:352165ms step_avg:333.49ms
step:1057/1680 train_time:352497ms step_avg:333.49ms
step:1058/1680 train_time:352825ms step_avg:333.48ms
step:1059/1680 train_time:353157ms step_avg:333.48ms
step:1060/1680 train_time:353487ms step_avg:333.48ms
step:1061/1680 train_time:353820ms step_avg:333.48ms
step:1062/1680 train_time:354152ms step_avg:333.48ms
step:1063/1680 train_time:354488ms step_avg:333.48ms
step:1064/1680 train_time:354817ms step_avg:333.47ms
step:1065/1680 train_time:355150ms step_avg:333.47ms
step:1066/1680 train_time:355480ms step_avg:333.47ms
step:1067/1680 train_time:355812ms step_avg:333.47ms
step:1068/1680 train_time:356144ms step_avg:333.47ms
step:1069/1680 train_time:356478ms step_avg:333.47ms
step:1070/1680 train_time:356809ms step_avg:333.47ms
step:1071/1680 train_time:357143ms step_avg:333.47ms
step:1072/1680 train_time:357473ms step_avg:333.46ms
step:1073/1680 train_time:357805ms step_avg:333.46ms
step:1074/1680 train_time:358135ms step_avg:333.46ms
step:1075/1680 train_time:358469ms step_avg:333.46ms
step:1076/1680 train_time:358799ms step_avg:333.46ms
step:1077/1680 train_time:359129ms step_avg:333.45ms
step:1078/1680 train_time:359464ms step_avg:333.45ms
step:1079/1680 train_time:359794ms step_avg:333.45ms
step:1080/1680 train_time:360128ms step_avg:333.45ms
step:1081/1680 train_time:360462ms step_avg:333.45ms
step:1082/1680 train_time:360796ms step_avg:333.45ms
step:1083/1680 train_time:361125ms step_avg:333.45ms
step:1084/1680 train_time:361459ms step_avg:333.45ms
step:1085/1680 train_time:361783ms step_avg:333.44ms
step:1086/1680 train_time:362118ms step_avg:333.44ms
step:1087/1680 train_time:362448ms step_avg:333.44ms
step:1088/1680 train_time:362781ms step_avg:333.44ms
step:1089/1680 train_time:363118ms step_avg:333.44ms
step:1090/1680 train_time:363449ms step_avg:333.44ms
step:1091/1680 train_time:363781ms step_avg:333.44ms
step:1092/1680 train_time:364107ms step_avg:333.43ms
step:1093/1680 train_time:364444ms step_avg:333.43ms
step:1094/1680 train_time:364778ms step_avg:333.44ms
step:1095/1680 train_time:365110ms step_avg:333.43ms
step:1096/1680 train_time:365446ms step_avg:333.44ms
step:1097/1680 train_time:365775ms step_avg:333.43ms
step:1098/1680 train_time:366109ms step_avg:333.43ms
step:1099/1680 train_time:366440ms step_avg:333.43ms
step:1100/1680 train_time:366772ms step_avg:333.43ms
step:1101/1680 train_time:367103ms step_avg:333.43ms
step:1102/1680 train_time:367434ms step_avg:333.42ms
step:1103/1680 train_time:367764ms step_avg:333.42ms
step:1104/1680 train_time:368095ms step_avg:333.42ms
step:1105/1680 train_time:368429ms step_avg:333.42ms
step:1106/1680 train_time:368759ms step_avg:333.42ms
step:1107/1680 train_time:369096ms step_avg:333.42ms
step:1108/1680 train_time:369424ms step_avg:333.41ms
step:1109/1680 train_time:369756ms step_avg:333.41ms
step:1110/1680 train_time:370085ms step_avg:333.41ms
step:1111/1680 train_time:370416ms step_avg:333.41ms
step:1112/1680 train_time:370749ms step_avg:333.41ms
step:1113/1680 train_time:371078ms step_avg:333.40ms
step:1114/1680 train_time:371413ms step_avg:333.40ms
step:1115/1680 train_time:371744ms step_avg:333.40ms
step:1116/1680 train_time:372075ms step_avg:333.40ms
step:1117/1680 train_time:372409ms step_avg:333.40ms
step:1118/1680 train_time:372741ms step_avg:333.40ms
step:1119/1680 train_time:373073ms step_avg:333.40ms
step:1120/1680 train_time:373410ms step_avg:333.40ms
step:1121/1680 train_time:373742ms step_avg:333.40ms
step:1122/1680 train_time:374070ms step_avg:333.40ms
step:1123/1680 train_time:374405ms step_avg:333.40ms
step:1124/1680 train_time:374731ms step_avg:333.39ms
step:1125/1680 train_time:375064ms step_avg:333.39ms
step:1125/1680 val_loss:3.4121 train_time:375283ms step_avg:333.58ms
step:1126/1680 train_time:375500ms step_avg:333.48ms
step:1127/1680 train_time:375815ms step_avg:333.47ms
step:1128/1680 train_time:376136ms step_avg:333.45ms
step:1129/1680 train_time:376468ms step_avg:333.45ms
step:1130/1680 train_time:376799ms step_avg:333.45ms
step:1131/1680 train_time:377135ms step_avg:333.45ms
step:1132/1680 train_time:377468ms step_avg:333.45ms
step:1133/1680 train_time:377807ms step_avg:333.46ms
step:1134/1680 train_time:378129ms step_avg:333.45ms
step:1135/1680 train_time:378464ms step_avg:333.45ms
step:1136/1680 train_time:378797ms step_avg:333.45ms
step:1137/1680 train_time:379128ms step_avg:333.45ms
step:1138/1680 train_time:379459ms step_avg:333.44ms
step:1139/1680 train_time:379791ms step_avg:333.44ms
step:1140/1680 train_time:380123ms step_avg:333.44ms
step:1141/1680 train_time:380462ms step_avg:333.45ms
step:1142/1680 train_time:380797ms step_avg:333.45ms
step:1143/1680 train_time:381123ms step_avg:333.44ms
step:1144/1680 train_time:381451ms step_avg:333.44ms
step:1145/1680 train_time:381787ms step_avg:333.44ms
step:1146/1680 train_time:382124ms step_avg:333.44ms
step:1147/1680 train_time:382453ms step_avg:333.44ms
step:1148/1680 train_time:382788ms step_avg:333.44ms
step:1149/1680 train_time:383124ms step_avg:333.44ms
step:1150/1680 train_time:383453ms step_avg:333.44ms
step:1151/1680 train_time:383788ms step_avg:333.44ms
step:1152/1680 train_time:384121ms step_avg:333.44ms
step:1153/1680 train_time:384448ms step_avg:333.43ms
step:1154/1680 train_time:384782ms step_avg:333.43ms
step:1155/1680 train_time:385112ms step_avg:333.43ms
step:1156/1680 train_time:385443ms step_avg:333.43ms
step:1157/1680 train_time:385773ms step_avg:333.43ms
step:1158/1680 train_time:386105ms step_avg:333.42ms
step:1159/1680 train_time:386434ms step_avg:333.42ms
step:1160/1680 train_time:386770ms step_avg:333.42ms
step:1161/1680 train_time:387105ms step_avg:333.42ms
step:1162/1680 train_time:387437ms step_avg:333.42ms
step:1163/1680 train_time:387766ms step_avg:333.42ms
step:1164/1680 train_time:388101ms step_avg:333.42ms
step:1165/1680 train_time:388436ms step_avg:333.42ms
step:1166/1680 train_time:388766ms step_avg:333.42ms
step:1167/1680 train_time:389099ms step_avg:333.42ms
step:1168/1680 train_time:389428ms step_avg:333.41ms
step:1169/1680 train_time:389764ms step_avg:333.42ms
step:1170/1680 train_time:390093ms step_avg:333.41ms
step:1171/1680 train_time:390421ms step_avg:333.41ms
step:1172/1680 train_time:390754ms step_avg:333.41ms
step:1173/1680 train_time:391086ms step_avg:333.41ms
step:1174/1680 train_time:391414ms step_avg:333.40ms
step:1175/1680 train_time:391750ms step_avg:333.40ms
step:1176/1680 train_time:392081ms step_avg:333.40ms
step:1177/1680 train_time:392415ms step_avg:333.40ms
step:1178/1680 train_time:392751ms step_avg:333.40ms
step:1179/1680 train_time:393085ms step_avg:333.41ms
step:1180/1680 train_time:393420ms step_avg:333.41ms
step:1181/1680 train_time:393752ms step_avg:333.41ms
step:1182/1680 train_time:394080ms step_avg:333.40ms
step:1183/1680 train_time:394413ms step_avg:333.40ms
step:1184/1680 train_time:394741ms step_avg:333.40ms
step:1185/1680 train_time:395081ms step_avg:333.40ms
step:1186/1680 train_time:395406ms step_avg:333.39ms
step:1187/1680 train_time:395736ms step_avg:333.39ms
step:1188/1680 train_time:396067ms step_avg:333.39ms
step:1189/1680 train_time:396403ms step_avg:333.39ms
step:1190/1680 train_time:396733ms step_avg:333.39ms
step:1191/1680 train_time:397069ms step_avg:333.39ms
step:1192/1680 train_time:397396ms step_avg:333.39ms
step:1193/1680 train_time:397730ms step_avg:333.39ms
step:1194/1680 train_time:398065ms step_avg:333.39ms
step:1195/1680 train_time:398395ms step_avg:333.39ms
step:1196/1680 train_time:398730ms step_avg:333.39ms
step:1197/1680 train_time:399060ms step_avg:333.38ms
step:1198/1680 train_time:399394ms step_avg:333.38ms
step:1199/1680 train_time:399726ms step_avg:333.38ms
step:1200/1680 train_time:400059ms step_avg:333.38ms
step:1201/1680 train_time:400391ms step_avg:333.38ms
step:1202/1680 train_time:400724ms step_avg:333.38ms
step:1203/1680 train_time:401056ms step_avg:333.38ms
step:1204/1680 train_time:401400ms step_avg:333.39ms
step:1205/1680 train_time:401714ms step_avg:333.37ms
step:1206/1680 train_time:402047ms step_avg:333.37ms
step:1207/1680 train_time:402377ms step_avg:333.37ms
step:1208/1680 train_time:402706ms step_avg:333.37ms
step:1209/1680 train_time:403051ms step_avg:333.38ms
step:1210/1680 train_time:403377ms step_avg:333.37ms
step:1211/1680 train_time:403706ms step_avg:333.37ms
step:1212/1680 train_time:404044ms step_avg:333.37ms
step:1213/1680 train_time:404368ms step_avg:333.36ms
step:1214/1680 train_time:404697ms step_avg:333.36ms
step:1215/1680 train_time:405027ms step_avg:333.36ms
step:1216/1680 train_time:405358ms step_avg:333.35ms
step:1217/1680 train_time:405689ms step_avg:333.35ms
step:1218/1680 train_time:406024ms step_avg:333.35ms
step:1219/1680 train_time:406355ms step_avg:333.35ms
step:1220/1680 train_time:406701ms step_avg:333.36ms
step:1221/1680 train_time:407032ms step_avg:333.36ms
step:1222/1680 train_time:407363ms step_avg:333.36ms
step:1223/1680 train_time:407682ms step_avg:333.35ms
step:1224/1680 train_time:408017ms step_avg:333.35ms
step:1225/1680 train_time:408347ms step_avg:333.34ms
step:1226/1680 train_time:408673ms step_avg:333.34ms
step:1227/1680 train_time:409007ms step_avg:333.34ms
step:1228/1680 train_time:409356ms step_avg:333.35ms
step:1229/1680 train_time:409677ms step_avg:333.34ms
step:1230/1680 train_time:410000ms step_avg:333.33ms
step:1231/1680 train_time:410332ms step_avg:333.33ms
step:1232/1680 train_time:410663ms step_avg:333.33ms
step:1233/1680 train_time:410997ms step_avg:333.33ms
step:1234/1680 train_time:411336ms step_avg:333.34ms
step:1235/1680 train_time:411666ms step_avg:333.33ms
step:1236/1680 train_time:411998ms step_avg:333.33ms
step:1237/1680 train_time:412330ms step_avg:333.33ms
step:1238/1680 train_time:412661ms step_avg:333.33ms
step:1239/1680 train_time:412997ms step_avg:333.33ms
step:1240/1680 train_time:413332ms step_avg:333.33ms
step:1241/1680 train_time:413659ms step_avg:333.33ms
step:1242/1680 train_time:413993ms step_avg:333.33ms
step:1243/1680 train_time:414333ms step_avg:333.33ms
step:1244/1680 train_time:414659ms step_avg:333.33ms
step:1245/1680 train_time:414993ms step_avg:333.33ms
step:1246/1680 train_time:415322ms step_avg:333.32ms
step:1247/1680 train_time:415652ms step_avg:333.32ms
step:1248/1680 train_time:415986ms step_avg:333.32ms
step:1249/1680 train_time:416323ms step_avg:333.33ms
step:1250/1680 train_time:416638ms step_avg:333.31ms
step:1250/1680 val_loss:3.3742 train_time:416861ms step_avg:333.49ms
step:1251/1680 train_time:417067ms step_avg:333.39ms
step:1252/1680 train_time:417391ms step_avg:333.38ms
step:1253/1680 train_time:417729ms step_avg:333.38ms
step:1254/1680 train_time:418057ms step_avg:333.38ms
step:1255/1680 train_time:418393ms step_avg:333.38ms
step:1256/1680 train_time:418719ms step_avg:333.37ms
step:1257/1680 train_time:419061ms step_avg:333.38ms
step:1258/1680 train_time:419386ms step_avg:333.37ms
step:1259/1680 train_time:419724ms step_avg:333.38ms
step:1260/1680 train_time:420056ms step_avg:333.38ms
step:1261/1680 train_time:420392ms step_avg:333.38ms
step:1262/1680 train_time:420721ms step_avg:333.38ms
step:1263/1680 train_time:421056ms step_avg:333.38ms
step:1264/1680 train_time:421385ms step_avg:333.37ms
step:1265/1680 train_time:421703ms step_avg:333.36ms
step:1266/1680 train_time:422035ms step_avg:333.36ms
step:1267/1680 train_time:422367ms step_avg:333.36ms
step:1268/1680 train_time:422706ms step_avg:333.36ms
step:1269/1680 train_time:423039ms step_avg:333.36ms
step:1270/1680 train_time:423372ms step_avg:333.36ms
step:1271/1680 train_time:423705ms step_avg:333.36ms
step:1272/1680 train_time:424034ms step_avg:333.36ms
step:1273/1680 train_time:424366ms step_avg:333.36ms
step:1274/1680 train_time:424697ms step_avg:333.36ms
step:1275/1680 train_time:425028ms step_avg:333.36ms
step:1276/1680 train_time:425357ms step_avg:333.35ms
step:1277/1680 train_time:425691ms step_avg:333.35ms
step:1278/1680 train_time:426020ms step_avg:333.35ms
step:1279/1680 train_time:426347ms step_avg:333.34ms
step:1280/1680 train_time:426684ms step_avg:333.35ms
step:1281/1680 train_time:427014ms step_avg:333.34ms
step:1282/1680 train_time:427351ms step_avg:333.35ms
step:1283/1680 train_time:427682ms step_avg:333.35ms
step:1284/1680 train_time:428014ms step_avg:333.34ms
step:1285/1680 train_time:428347ms step_avg:333.34ms
step:1286/1680 train_time:428683ms step_avg:333.35ms
step:1287/1680 train_time:429012ms step_avg:333.34ms
step:1288/1680 train_time:429348ms step_avg:333.34ms
step:1289/1680 train_time:429680ms step_avg:333.34ms
step:1290/1680 train_time:430013ms step_avg:333.34ms
step:1291/1680 train_time:430345ms step_avg:333.34ms
step:1292/1680 train_time:430678ms step_avg:333.34ms
step:1293/1680 train_time:431008ms step_avg:333.34ms
step:1294/1680 train_time:431336ms step_avg:333.34ms
step:1295/1680 train_time:431673ms step_avg:333.34ms
step:1296/1680 train_time:432003ms step_avg:333.34ms
step:1297/1680 train_time:432336ms step_avg:333.34ms
step:1298/1680 train_time:432674ms step_avg:333.34ms
step:1299/1680 train_time:433003ms step_avg:333.34ms
step:1300/1680 train_time:433331ms step_avg:333.33ms
step:1301/1680 train_time:433662ms step_avg:333.33ms
step:1302/1680 train_time:433995ms step_avg:333.33ms
step:1303/1680 train_time:434329ms step_avg:333.33ms
step:1304/1680 train_time:434667ms step_avg:333.33ms
step:1305/1680 train_time:434998ms step_avg:333.33ms
step:1306/1680 train_time:435328ms step_avg:333.33ms
step:1307/1680 train_time:435663ms step_avg:333.33ms
step:1308/1680 train_time:435995ms step_avg:333.33ms
step:1309/1680 train_time:436325ms step_avg:333.33ms
step:1310/1680 train_time:436659ms step_avg:333.33ms
step:1311/1680 train_time:436989ms step_avg:333.33ms
step:1312/1680 train_time:437324ms step_avg:333.33ms
step:1313/1680 train_time:437658ms step_avg:333.33ms
step:1314/1680 train_time:437992ms step_avg:333.33ms
step:1315/1680 train_time:438324ms step_avg:333.33ms
step:1316/1680 train_time:438654ms step_avg:333.32ms
step:1317/1680 train_time:438989ms step_avg:333.32ms
step:1318/1680 train_time:439317ms step_avg:333.32ms
step:1319/1680 train_time:439651ms step_avg:333.32ms
step:1320/1680 train_time:439984ms step_avg:333.32ms
step:1321/1680 train_time:440317ms step_avg:333.32ms
step:1322/1680 train_time:440652ms step_avg:333.32ms
step:1323/1680 train_time:440983ms step_avg:333.32ms
step:1324/1680 train_time:441317ms step_avg:333.32ms
step:1325/1680 train_time:441646ms step_avg:333.32ms
step:1326/1680 train_time:441982ms step_avg:333.32ms
step:1327/1680 train_time:442316ms step_avg:333.32ms
step:1328/1680 train_time:442645ms step_avg:333.32ms
step:1329/1680 train_time:442976ms step_avg:333.32ms
step:1330/1680 train_time:443307ms step_avg:333.31ms
step:1331/1680 train_time:443639ms step_avg:333.31ms
step:1332/1680 train_time:443973ms step_avg:333.31ms
step:1333/1680 train_time:444309ms step_avg:333.31ms
step:1334/1680 train_time:444641ms step_avg:333.31ms
step:1335/1680 train_time:444967ms step_avg:333.31ms
step:1336/1680 train_time:445306ms step_avg:333.31ms
step:1337/1680 train_time:445636ms step_avg:333.31ms
step:1338/1680 train_time:445979ms step_avg:333.32ms
step:1339/1680 train_time:446305ms step_avg:333.31ms
step:1340/1680 train_time:446642ms step_avg:333.31ms
step:1341/1680 train_time:446973ms step_avg:333.31ms
step:1342/1680 train_time:447306ms step_avg:333.31ms
step:1343/1680 train_time:447639ms step_avg:333.31ms
step:1344/1680 train_time:447979ms step_avg:333.32ms
step:1345/1680 train_time:448308ms step_avg:333.31ms
step:1346/1680 train_time:448638ms step_avg:333.31ms
step:1347/1680 train_time:448969ms step_avg:333.31ms
step:1348/1680 train_time:449300ms step_avg:333.31ms
step:1349/1680 train_time:449631ms step_avg:333.31ms
step:1350/1680 train_time:449964ms step_avg:333.31ms
step:1351/1680 train_time:450294ms step_avg:333.30ms
step:1352/1680 train_time:450625ms step_avg:333.30ms
step:1353/1680 train_time:450959ms step_avg:333.30ms
step:1354/1680 train_time:451290ms step_avg:333.30ms
step:1355/1680 train_time:451622ms step_avg:333.30ms
step:1356/1680 train_time:451958ms step_avg:333.30ms
step:1357/1680 train_time:452291ms step_avg:333.30ms
step:1358/1680 train_time:452622ms step_avg:333.30ms
step:1359/1680 train_time:452954ms step_avg:333.30ms
step:1360/1680 train_time:453289ms step_avg:333.30ms
step:1361/1680 train_time:453625ms step_avg:333.30ms
step:1362/1680 train_time:453952ms step_avg:333.30ms
step:1363/1680 train_time:454288ms step_avg:333.30ms
step:1364/1680 train_time:454616ms step_avg:333.30ms
step:1365/1680 train_time:454949ms step_avg:333.30ms
step:1366/1680 train_time:455284ms step_avg:333.30ms
step:1367/1680 train_time:455616ms step_avg:333.30ms
step:1368/1680 train_time:455946ms step_avg:333.29ms
step:1369/1680 train_time:456277ms step_avg:333.29ms
step:1370/1680 train_time:456611ms step_avg:333.29ms
step:1371/1680 train_time:456940ms step_avg:333.29ms
step:1372/1680 train_time:457274ms step_avg:333.29ms
step:1373/1680 train_time:457605ms step_avg:333.29ms
step:1374/1680 train_time:457939ms step_avg:333.29ms
step:1375/1680 train_time:458268ms step_avg:333.29ms
step:1375/1680 val_loss:3.3400 train_time:458490ms step_avg:333.45ms
step:1376/1680 train_time:458704ms step_avg:333.36ms
step:1377/1680 train_time:459021ms step_avg:333.35ms
step:1378/1680 train_time:459352ms step_avg:333.35ms
step:1379/1680 train_time:459683ms step_avg:333.35ms
step:1380/1680 train_time:460017ms step_avg:333.35ms
step:1381/1680 train_time:460355ms step_avg:333.35ms
step:1382/1680 train_time:460691ms step_avg:333.35ms
step:1383/1680 train_time:461022ms step_avg:333.35ms
step:1384/1680 train_time:461354ms step_avg:333.35ms
step:1385/1680 train_time:461687ms step_avg:333.35ms
step:1386/1680 train_time:462023ms step_avg:333.35ms
step:1387/1680 train_time:462355ms step_avg:333.35ms
step:1388/1680 train_time:462688ms step_avg:333.35ms
step:1389/1680 train_time:463021ms step_avg:333.35ms
step:1390/1680 train_time:463355ms step_avg:333.35ms
step:1391/1680 train_time:463688ms step_avg:333.35ms
step:1392/1680 train_time:464018ms step_avg:333.35ms
step:1393/1680 train_time:464352ms step_avg:333.35ms
step:1394/1680 train_time:464682ms step_avg:333.34ms
step:1395/1680 train_time:465015ms step_avg:333.34ms
step:1396/1680 train_time:465345ms step_avg:333.34ms
step:1397/1680 train_time:465680ms step_avg:333.34ms
step:1398/1680 train_time:466011ms step_avg:333.34ms
step:1399/1680 train_time:466342ms step_avg:333.34ms
step:1400/1680 train_time:466671ms step_avg:333.34ms
step:1401/1680 train_time:467007ms step_avg:333.34ms
step:1402/1680 train_time:467343ms step_avg:333.34ms
step:1403/1680 train_time:467672ms step_avg:333.34ms
step:1404/1680 train_time:468006ms step_avg:333.34ms
step:1405/1680 train_time:468340ms step_avg:333.34ms
step:1406/1680 train_time:468671ms step_avg:333.34ms
step:1407/1680 train_time:468999ms step_avg:333.33ms
step:1408/1680 train_time:469335ms step_avg:333.33ms
step:1409/1680 train_time:469667ms step_avg:333.33ms
step:1410/1680 train_time:469996ms step_avg:333.33ms
step:1411/1680 train_time:470328ms step_avg:333.33ms
step:1412/1680 train_time:470663ms step_avg:333.33ms
step:1413/1680 train_time:470993ms step_avg:333.33ms
step:1414/1680 train_time:471325ms step_avg:333.33ms
step:1415/1680 train_time:471658ms step_avg:333.33ms
step:1416/1680 train_time:471992ms step_avg:333.33ms
step:1417/1680 train_time:472324ms step_avg:333.33ms
step:1418/1680 train_time:472654ms step_avg:333.32ms
step:1419/1680 train_time:472987ms step_avg:333.32ms
step:1420/1680 train_time:473323ms step_avg:333.33ms
step:1421/1680 train_time:473652ms step_avg:333.32ms
step:1422/1680 train_time:473984ms step_avg:333.32ms
step:1423/1680 train_time:474322ms step_avg:333.33ms
step:1424/1680 train_time:474653ms step_avg:333.32ms
step:1425/1680 train_time:474987ms step_avg:333.32ms
step:1426/1680 train_time:475326ms step_avg:333.33ms
step:1427/1680 train_time:475664ms step_avg:333.33ms
step:1428/1680 train_time:475997ms step_avg:333.33ms
step:1429/1680 train_time:476330ms step_avg:333.33ms
step:1430/1680 train_time:476681ms step_avg:333.34ms
step:1431/1680 train_time:477016ms step_avg:333.34ms
step:1432/1680 train_time:477349ms step_avg:333.34ms
step:1433/1680 train_time:477683ms step_avg:333.34ms
step:1434/1680 train_time:478014ms step_avg:333.34ms
step:1435/1680 train_time:478345ms step_avg:333.34ms
step:1436/1680 train_time:478678ms step_avg:333.34ms
step:1437/1680 train_time:479011ms step_avg:333.34ms
step:1438/1680 train_time:479345ms step_avg:333.34ms
step:1439/1680 train_time:479674ms step_avg:333.34ms
step:1440/1680 train_time:480007ms step_avg:333.34ms
step:1441/1680 train_time:480338ms step_avg:333.34ms
step:1442/1680 train_time:480669ms step_avg:333.33ms
step:1443/1680 train_time:480988ms step_avg:333.32ms
step:1444/1680 train_time:481324ms step_avg:333.33ms
step:1445/1680 train_time:481653ms step_avg:333.32ms
step:1446/1680 train_time:481987ms step_avg:333.32ms
step:1447/1680 train_time:482318ms step_avg:333.32ms
step:1448/1680 train_time:482649ms step_avg:333.32ms
step:1449/1680 train_time:482982ms step_avg:333.32ms
step:1450/1680 train_time:483312ms step_avg:333.32ms
step:1451/1680 train_time:483644ms step_avg:333.32ms
step:1452/1680 train_time:483978ms step_avg:333.32ms
step:1453/1680 train_time:484325ms step_avg:333.33ms
step:1454/1680 train_time:484654ms step_avg:333.32ms
step:1455/1680 train_time:484979ms step_avg:333.32ms
step:1456/1680 train_time:485308ms step_avg:333.32ms
step:1457/1680 train_time:485645ms step_avg:333.32ms
step:1458/1680 train_time:485973ms step_avg:333.31ms
step:1459/1680 train_time:486305ms step_avg:333.31ms
step:1460/1680 train_time:486642ms step_avg:333.32ms
step:1461/1680 train_time:486974ms step_avg:333.32ms
step:1462/1680 train_time:487307ms step_avg:333.32ms
step:1463/1680 train_time:487642ms step_avg:333.32ms
step:1464/1680 train_time:487975ms step_avg:333.32ms
step:1465/1680 train_time:488309ms step_avg:333.32ms
step:1466/1680 train_time:488642ms step_avg:333.32ms
step:1467/1680 train_time:488975ms step_avg:333.32ms
step:1468/1680 train_time:489313ms step_avg:333.32ms
step:1469/1680 train_time:489663ms step_avg:333.33ms
step:1470/1680 train_time:489991ms step_avg:333.33ms
step:1471/1680 train_time:490321ms step_avg:333.32ms
step:1472/1680 train_time:490655ms step_avg:333.33ms
step:1473/1680 train_time:490991ms step_avg:333.33ms
step:1474/1680 train_time:491321ms step_avg:333.33ms
step:1475/1680 train_time:491656ms step_avg:333.33ms
step:1476/1680 train_time:491992ms step_avg:333.33ms
step:1477/1680 train_time:492344ms step_avg:333.34ms
step:1478/1680 train_time:492675ms step_avg:333.34ms
step:1479/1680 train_time:492995ms step_avg:333.33ms
step:1480/1680 train_time:493327ms step_avg:333.33ms
step:1481/1680 train_time:493660ms step_avg:333.33ms
step:1482/1680 train_time:493992ms step_avg:333.33ms
step:1483/1680 train_time:494329ms step_avg:333.33ms
step:1484/1680 train_time:494660ms step_avg:333.33ms
step:1485/1680 train_time:494992ms step_avg:333.33ms
step:1486/1680 train_time:495325ms step_avg:333.33ms
step:1487/1680 train_time:495661ms step_avg:333.33ms
step:1488/1680 train_time:495997ms step_avg:333.33ms
step:1489/1680 train_time:496333ms step_avg:333.33ms
step:1490/1680 train_time:496665ms step_avg:333.33ms
step:1491/1680 train_time:496997ms step_avg:333.33ms
step:1492/1680 train_time:497335ms step_avg:333.33ms
step:1493/1680 train_time:497672ms step_avg:333.34ms
step:1494/1680 train_time:498010ms step_avg:333.34ms
step:1495/1680 train_time:498345ms step_avg:333.34ms
step:1496/1680 train_time:498675ms step_avg:333.34ms
step:1497/1680 train_time:499008ms step_avg:333.34ms
step:1498/1680 train_time:499340ms step_avg:333.34ms
step:1499/1680 train_time:499675ms step_avg:333.34ms
step:1500/1680 train_time:500008ms step_avg:333.34ms
step:1500/1680 val_loss:3.3096 train_time:500227ms step_avg:333.48ms
step:1501/1680 train_time:500430ms step_avg:333.40ms
step:1502/1680 train_time:500747ms step_avg:333.39ms
step:1503/1680 train_time:501083ms step_avg:333.39ms
step:1504/1680 train_time:501421ms step_avg:333.39ms
step:1505/1680 train_time:501755ms step_avg:333.39ms
step:1506/1680 train_time:502088ms step_avg:333.39ms
step:1507/1680 train_time:502424ms step_avg:333.39ms
step:1508/1680 train_time:502752ms step_avg:333.39ms
step:1509/1680 train_time:503087ms step_avg:333.39ms
step:1510/1680 train_time:503427ms step_avg:333.40ms
step:1511/1680 train_time:503760ms step_avg:333.40ms
step:1512/1680 train_time:504092ms step_avg:333.39ms
step:1513/1680 train_time:504426ms step_avg:333.39ms
step:1514/1680 train_time:504761ms step_avg:333.40ms
step:1515/1680 train_time:505095ms step_avg:333.40ms
step:1516/1680 train_time:505428ms step_avg:333.40ms
step:1517/1680 train_time:505760ms step_avg:333.40ms
step:1518/1680 train_time:506093ms step_avg:333.39ms
step:1519/1680 train_time:506428ms step_avg:333.40ms
step:1520/1680 train_time:506766ms step_avg:333.40ms
step:1521/1680 train_time:507101ms step_avg:333.40ms
step:1522/1680 train_time:507433ms step_avg:333.40ms
step:1523/1680 train_time:507762ms step_avg:333.40ms
step:1524/1680 train_time:508100ms step_avg:333.40ms
step:1525/1680 train_time:508438ms step_avg:333.40ms
step:1526/1680 train_time:508770ms step_avg:333.40ms
step:1527/1680 train_time:509106ms step_avg:333.40ms
step:1528/1680 train_time:509439ms step_avg:333.40ms
step:1529/1680 train_time:509771ms step_avg:333.40ms
step:1530/1680 train_time:510108ms step_avg:333.40ms
step:1531/1680 train_time:510444ms step_avg:333.41ms
step:1532/1680 train_time:510774ms step_avg:333.40ms
step:1533/1680 train_time:511109ms step_avg:333.40ms
step:1534/1680 train_time:511445ms step_avg:333.41ms
step:1535/1680 train_time:511777ms step_avg:333.40ms
step:1536/1680 train_time:512107ms step_avg:333.40ms
step:1537/1680 train_time:512446ms step_avg:333.41ms
step:1538/1680 train_time:512778ms step_avg:333.41ms
step:1539/1680 train_time:513113ms step_avg:333.41ms
step:1540/1680 train_time:513460ms step_avg:333.42ms
step:1541/1680 train_time:513780ms step_avg:333.41ms
step:1542/1680 train_time:514119ms step_avg:333.41ms
step:1543/1680 train_time:514471ms step_avg:333.42ms
step:1544/1680 train_time:514802ms step_avg:333.42ms
step:1545/1680 train_time:515125ms step_avg:333.41ms
step:1546/1680 train_time:515479ms step_avg:333.43ms
step:1547/1680 train_time:515784ms step_avg:333.41ms
step:1548/1680 train_time:516120ms step_avg:333.41ms
step:1549/1680 train_time:516467ms step_avg:333.42ms
step:1550/1680 train_time:516808ms step_avg:333.42ms
step:1551/1680 train_time:517142ms step_avg:333.42ms
step:1552/1680 train_time:517473ms step_avg:333.42ms
step:1553/1680 train_time:517810ms step_avg:333.43ms
step:1554/1680 train_time:518148ms step_avg:333.43ms
step:1555/1680 train_time:518475ms step_avg:333.42ms
step:1556/1680 train_time:518803ms step_avg:333.42ms
step:1557/1680 train_time:519139ms step_avg:333.42ms
step:1558/1680 train_time:519495ms step_avg:333.44ms
step:1559/1680 train_time:519828ms step_avg:333.44ms
step:1560/1680 train_time:520161ms step_avg:333.44ms
step:1561/1680 train_time:520494ms step_avg:333.44ms
step:1562/1680 train_time:520825ms step_avg:333.43ms
step:1563/1680 train_time:521160ms step_avg:333.44ms
step:1564/1680 train_time:521499ms step_avg:333.44ms
step:1565/1680 train_time:521830ms step_avg:333.44ms
step:1566/1680 train_time:522167ms step_avg:333.44ms
step:1567/1680 train_time:522489ms step_avg:333.43ms
step:1568/1680 train_time:522815ms step_avg:333.43ms
step:1569/1680 train_time:523150ms step_avg:333.43ms
step:1570/1680 train_time:523483ms step_avg:333.43ms
step:1571/1680 train_time:523819ms step_avg:333.43ms
step:1572/1680 train_time:524156ms step_avg:333.43ms
step:1573/1680 train_time:524489ms step_avg:333.43ms
step:1574/1680 train_time:524813ms step_avg:333.43ms
step:1575/1680 train_time:525144ms step_avg:333.43ms
step:1576/1680 train_time:525484ms step_avg:333.43ms
step:1577/1680 train_time:525816ms step_avg:333.43ms
step:1578/1680 train_time:526152ms step_avg:333.43ms
step:1579/1680 train_time:526486ms step_avg:333.43ms
step:1580/1680 train_time:526819ms step_avg:333.43ms
step:1581/1680 train_time:527155ms step_avg:333.43ms
step:1582/1680 train_time:527487ms step_avg:333.43ms
step:1583/1680 train_time:527823ms step_avg:333.43ms
step:1584/1680 train_time:528159ms step_avg:333.43ms
step:1585/1680 train_time:528494ms step_avg:333.43ms
step:1586/1680 train_time:528829ms step_avg:333.44ms
step:1587/1680 train_time:529161ms step_avg:333.43ms
step:1588/1680 train_time:529494ms step_avg:333.43ms
step:1589/1680 train_time:529838ms step_avg:333.44ms
step:1590/1680 train_time:530166ms step_avg:333.44ms
step:1591/1680 train_time:530508ms step_avg:333.44ms
step:1592/1680 train_time:530839ms step_avg:333.44ms
step:1593/1680 train_time:531166ms step_avg:333.44ms
step:1594/1680 train_time:531507ms step_avg:333.44ms
step:1595/1680 train_time:531838ms step_avg:333.44ms
step:1596/1680 train_time:532170ms step_avg:333.44ms
step:1597/1680 train_time:532501ms step_avg:333.44ms
step:1598/1680 train_time:532829ms step_avg:333.43ms
step:1599/1680 train_time:533167ms step_avg:333.44ms
step:1600/1680 train_time:533501ms step_avg:333.44ms
step:1601/1680 train_time:533832ms step_avg:333.44ms
step:1602/1680 train_time:534166ms step_avg:333.44ms
step:1603/1680 train_time:534499ms step_avg:333.44ms
step:1604/1680 train_time:534836ms step_avg:333.44ms
step:1605/1680 train_time:535175ms step_avg:333.44ms
step:1606/1680 train_time:535508ms step_avg:333.44ms
step:1607/1680 train_time:535840ms step_avg:333.44ms
step:1608/1680 train_time:536171ms step_avg:333.44ms
step:1609/1680 train_time:536507ms step_avg:333.44ms
step:1610/1680 train_time:536840ms step_avg:333.44ms
step:1611/1680 train_time:537178ms step_avg:333.44ms
step:1612/1680 train_time:537511ms step_avg:333.44ms
step:1613/1680 train_time:537855ms step_avg:333.45ms
step:1614/1680 train_time:538186ms step_avg:333.45ms
step:1615/1680 train_time:538520ms step_avg:333.45ms
step:1616/1680 train_time:538853ms step_avg:333.45ms
step:1617/1680 train_time:539181ms step_avg:333.45ms
step:1618/1680 train_time:539533ms step_avg:333.46ms
step:1619/1680 train_time:539849ms step_avg:333.45ms
step:1620/1680 train_time:540189ms step_avg:333.45ms
step:1621/1680 train_time:540527ms step_avg:333.45ms
step:1622/1680 train_time:540861ms step_avg:333.45ms
step:1623/1680 train_time:541196ms step_avg:333.45ms
step:1624/1680 train_time:541529ms step_avg:333.45ms
step:1625/1680 train_time:541867ms step_avg:333.46ms
step:1625/1680 val_loss:3.2844 train_time:542086ms step_avg:333.59ms
step:1626/1680 train_time:542293ms step_avg:333.51ms
step:1627/1680 train_time:542605ms step_avg:333.50ms
step:1628/1680 train_time:542935ms step_avg:333.50ms
step:1629/1680 train_time:543270ms step_avg:333.50ms
step:1630/1680 train_time:543604ms step_avg:333.50ms
step:1631/1680 train_time:543938ms step_avg:333.50ms
step:1632/1680 train_time:544272ms step_avg:333.50ms
step:1633/1680 train_time:544602ms step_avg:333.50ms
step:1634/1680 train_time:544937ms step_avg:333.50ms
step:1635/1680 train_time:545268ms step_avg:333.50ms
step:1636/1680 train_time:545602ms step_avg:333.50ms
step:1637/1680 train_time:545943ms step_avg:333.50ms
step:1638/1680 train_time:546288ms step_avg:333.51ms
step:1639/1680 train_time:546622ms step_avg:333.51ms
step:1640/1680 train_time:546957ms step_avg:333.51ms
step:1641/1680 train_time:547289ms step_avg:333.51ms
step:1642/1680 train_time:547625ms step_avg:333.51ms
step:1643/1680 train_time:547961ms step_avg:333.51ms
step:1644/1680 train_time:548292ms step_avg:333.51ms
step:1645/1680 train_time:548622ms step_avg:333.51ms
step:1646/1680 train_time:548954ms step_avg:333.51ms
step:1647/1680 train_time:549284ms step_avg:333.51ms
step:1648/1680 train_time:549611ms step_avg:333.50ms
step:1649/1680 train_time:549944ms step_avg:333.50ms
step:1650/1680 train_time:550278ms step_avg:333.50ms
step:1651/1680 train_time:550613ms step_avg:333.50ms
step:1652/1680 train_time:550946ms step_avg:333.50ms
step:1653/1680 train_time:551284ms step_avg:333.51ms
step:1654/1680 train_time:551618ms step_avg:333.51ms
step:1655/1680 train_time:551956ms step_avg:333.51ms
step:1656/1680 train_time:552287ms step_avg:333.51ms
step:1657/1680 train_time:552626ms step_avg:333.51ms
step:1658/1680 train_time:552962ms step_avg:333.51ms
step:1659/1680 train_time:553306ms step_avg:333.52ms
step:1660/1680 train_time:553628ms step_avg:333.51ms
step:1661/1680 train_time:553960ms step_avg:333.51ms
step:1662/1680 train_time:554292ms step_avg:333.51ms
step:1663/1680 train_time:554624ms step_avg:333.51ms
step:1664/1680 train_time:554963ms step_avg:333.51ms
step:1665/1680 train_time:555301ms step_avg:333.51ms
step:1666/1680 train_time:555632ms step_avg:333.51ms
step:1667/1680 train_time:555968ms step_avg:333.51ms
step:1668/1680 train_time:556306ms step_avg:333.52ms
step:1669/1680 train_time:556646ms step_avg:333.52ms
step:1670/1680 train_time:556979ms step_avg:333.52ms
step:1671/1680 train_time:557309ms step_avg:333.52ms
step:1672/1680 train_time:557643ms step_avg:333.52ms
step:1673/1680 train_time:557977ms step_avg:333.52ms
step:1674/1680 train_time:558315ms step_avg:333.52ms
step:1675/1680 train_time:558651ms step_avg:333.52ms
step:1676/1680 train_time:558984ms step_avg:333.52ms
step:1677/1680 train_time:559315ms step_avg:333.52ms
step:1678/1680 train_time:559653ms step_avg:333.52ms
step:1679/1680 train_time:559996ms step_avg:333.53ms
step:1680/1680 train_time:560335ms step_avg:333.53ms
step:1680/1680 val_loss:3.2744 train_time:560549ms step_avg:333.66ms
peak memory allocated: 41905 MiB reserved: 56164 MiB
total training time: 560.55s (560549ms)
Final val_loss: 3.2744
=== Done (exit=0, status=COMPLETED) ===
