=== Environment ===
PYTHON=/root/miniconda3/envs/llm_test/bin/python
Python 3.10.19
SEED=5
NPROC=16
DATA_PATH=/models/modded-nanogpt_record50_cautious_wd
Wed May 27 07:37:57 UTC 2026
=== Starting Training ===
W0527 15:38:09.510000 272 site-packages/torch/distributed/run.py:766] 
W0527 15:38:09.510000 272 site-packages/torch/distributed/run.py:766] *****************************************
W0527 15:38:09.510000 272 site-packages/torch/distributed/run.py:766] Setting OMP_NUM_THREADS environment variable for each process to be 1 in default, to avoid your system being overloaded, please further tune the variable for optimal performance in your application as needed. 
W0527 15:38:09.510000 272 site-packages/torch/distributed/run.py:766] *****************************************
/root/miniconda3/envs/llm_test/lib/python3.10/site-packages/torch/autograd/__init__.py:221: UserWarning: Cannot create tensor with interal format while allow_internel_format=False, tensor will be created with base format. (Triggered internally at build/CMakeFiles/torch_npu.dir/compiler_depend.ts:338.)
  torch.ones_like(out, memory_format=torch.preserve_format)
/root/miniconda3/envs/llm_test/lib/python3.10/site-packages/torch/distributed/distributed_c10d.py:4631: UserWarning: No device id is provided via `init_process_group` or `barrier `. Using the current device set by the user. 
  warnings.warn(  # warn only once
/root/miniconda3/envs/llm_test/lib/python3.10/site-packages/torch/autograd/__init__.py:221: UserWarning: Cannot create tensor with interal format while allow_internel_format=False, tensor will be created with base format. (Triggered internally at build/CMakeFiles/torch_npu.dir/compiler_depend.ts:338.)
  torch.ones_like(out, memory_format=torch.preserve_format)
/root/miniconda3/envs/llm_test/lib/python3.10/site-packages/torch/autograd/__init__.py:221: UserWarning: Cannot create tensor with interal format while allow_internel_format=False, tensor will be created with base format. (Triggered internally at build/CMakeFiles/torch_npu.dir/compiler_depend.ts:338.)
  torch.ones_like(out, memory_format=torch.preserve_format)
/root/miniconda3/envs/llm_test/lib/python3.10/site-packages/torch/autograd/__init__.py:221: UserWarning: Cannot create tensor with interal format while allow_internel_format=False, tensor will be created with base format. (Triggered internally at build/CMakeFiles/torch_npu.dir/compiler_depend.ts:338.)
  torch.ones_like(out, memory_format=torch.preserve_format)
/root/miniconda3/envs/llm_test/lib/python3.10/site-packages/torch/autograd/__init__.py:221: UserWarning: Cannot create tensor with interal format while allow_internel_format=False, tensor will be created with base format. (Triggered internally at build/CMakeFiles/torch_npu.dir/compiler_depend.ts:338.)
  torch.ones_like(out, memory_format=torch.preserve_format)
/root/miniconda3/envs/llm_test/lib/python3.10/site-packages/torch/autograd/__init__.py:221: UserWarning: Cannot create tensor with interal format while allow_internel_format=False, tensor will be created with base format. (Triggered internally at build/CMakeFiles/torch_npu.dir/compiler_depend.ts:338.)
  torch.ones_like(out, memory_format=torch.preserve_format)
/root/miniconda3/envs/llm_test/lib/python3.10/site-packages/torch/autograd/__init__.py:221: UserWarning: Cannot create tensor with interal format while allow_internel_format=False, tensor will be created with base format. (Triggered internally at build/CMakeFiles/torch_npu.dir/compiler_depend.ts:338.)
  torch.ones_like(out, memory_format=torch.preserve_format)
/root/miniconda3/envs/llm_test/lib/python3.10/site-packages/torch/autograd/__init__.py:221: UserWarning: Cannot create tensor with interal format while allow_internel_format=False, tensor will be created with base format. (Triggered internally at build/CMakeFiles/torch_npu.dir/compiler_depend.ts:338.)
  torch.ones_like(out, memory_format=torch.preserve_format)
/root/miniconda3/envs/llm_test/lib/python3.10/site-packages/torch/autograd/__init__.py:221: UserWarning: Cannot create tensor with interal format while allow_internel_format=False, tensor will be created with base format. (Triggered internally at build/CMakeFiles/torch_npu.dir/compiler_depend.ts:338.)
  torch.ones_like(out, memory_format=torch.preserve_format)
/root/miniconda3/envs/llm_test/lib/python3.10/site-packages/torch/autograd/__init__.py:221: UserWarning: Cannot create tensor with interal format while allow_internel_format=False, tensor will be created with base format. (Triggered internally at build/CMakeFiles/torch_npu.dir/compiler_depend.ts:338.)
  torch.ones_like(out, memory_format=torch.preserve_format)
/root/miniconda3/envs/llm_test/lib/python3.10/site-packages/torch/autograd/__init__.py:221: UserWarning: Cannot create tensor with interal format while allow_internel_format=False, tensor will be created with base format. (Triggered internally at build/CMakeFiles/torch_npu.dir/compiler_depend.ts:338.)
  torch.ones_like(out, memory_format=torch.preserve_format)
/root/miniconda3/envs/llm_test/lib/python3.10/site-packages/torch/autograd/__init__.py:221: UserWarning: Cannot create tensor with interal format while allow_internel_format=False, tensor will be created with base format. (Triggered internally at build/CMakeFiles/torch_npu.dir/compiler_depend.ts:338.)
  torch.ones_like(out, memory_format=torch.preserve_format)
/root/miniconda3/envs/llm_test/lib/python3.10/site-packages/torch/autograd/__init__.py:221: UserWarning: Cannot create tensor with interal format while allow_internel_format=False, tensor will be created with base format. (Triggered internally at build/CMakeFiles/torch_npu.dir/compiler_depend.ts:338.)
  torch.ones_like(out, memory_format=torch.preserve_format)
/root/miniconda3/envs/llm_test/lib/python3.10/site-packages/torch/autograd/__init__.py:221: UserWarning: Cannot create tensor with interal format while allow_internel_format=False, tensor will be created with base format. (Triggered internally at build/CMakeFiles/torch_npu.dir/compiler_depend.ts:338.)
  torch.ones_like(out, memory_format=torch.preserve_format)
/root/miniconda3/envs/llm_test/lib/python3.10/site-packages/torch/autograd/__init__.py:221: UserWarning: Cannot create tensor with interal format while allow_internel_format=False, tensor will be created with base format. (Triggered internally at build/CMakeFiles/torch_npu.dir/compiler_depend.ts:338.)
  torch.ones_like(out, memory_format=torch.preserve_format)
/root/miniconda3/envs/llm_test/lib/python3.10/site-packages/torch/autograd/__init__.py:221: UserWarning: Cannot create tensor with interal format while allow_internel_format=False, tensor will be created with base format. (Triggered internally at build/CMakeFiles/torch_npu.dir/compiler_depend.ts:338.)
  torch.ones_like(out, memory_format=torch.preserve_format)
/root/miniconda3/envs/llm_test/lib/python3.10/site-packages/torch/distributed/distributed_c10d.py:4631: UserWarning: No device id is provided via `init_process_group` or `barrier `. Using the current device set by the user. 
  warnings.warn(  # warn only once
/root/miniconda3/envs/llm_test/lib/python3.10/site-packages/torch/distributed/distributed_c10d.py:4631: UserWarning: No device id is provided via `init_process_group` or `barrier `. Using the current device set by the user. 
  warnings.warn(  # warn only once
/root/miniconda3/envs/llm_test/lib/python3.10/site-packages/torch/distributed/distributed_c10d.py:4631: UserWarning: No device id is provided via `init_process_group` or `barrier `. Using the current device set by the user. 
  warnings.warn(  # warn only once
/root/miniconda3/envs/llm_test/lib/python3.10/site-packages/torch/distributed/distributed_c10d.py:4631: UserWarning: No device id is provided via `init_process_group` or `barrier `. Using the current device set by the user. 
  warnings.warn(  # warn only once
/root/miniconda3/envs/llm_test/lib/python3.10/site-packages/torch/distributed/distributed_c10d.py:4631: UserWarning: No device id is provided via `init_process_group` or `barrier `. Using the current device set by the user. 
  warnings.warn(  # warn only once
/root/miniconda3/envs/llm_test/lib/python3.10/site-packages/torch/distributed/distributed_c10d.py:4631: UserWarning: No device id is provided via `init_process_group` or `barrier `. Using the current device set by the user. 
  warnings.warn(  # warn only once
/root/miniconda3/envs/llm_test/lib/python3.10/site-packages/torch/distributed/distributed_c10d.py:4631: UserWarning: No device id is provided via `init_process_group` or `barrier `. Using the current device set by the user. 
  warnings.warn(  # warn only once
/root/miniconda3/envs/llm_test/lib/python3.10/site-packages/torch/distributed/distributed_c10d.py:4631: UserWarning: No device id is provided via `init_process_group` or `barrier `. Using the current device set by the user. 
  warnings.warn(  # warn only once
/root/miniconda3/envs/llm_test/lib/python3.10/site-packages/torch/distributed/distributed_c10d.py:4631: UserWarning: No device id is provided via `init_process_group` or `barrier `. Using the current device set by the user. 
  warnings.warn(  # warn only once
/root/miniconda3/envs/llm_test/lib/python3.10/site-packages/torch/distributed/distributed_c10d.py:4631: UserWarning: No device id is provided via `init_process_group` or `barrier `. Using the current device set by the user. 
  warnings.warn(  # warn only once
/root/miniconda3/envs/llm_test/lib/python3.10/site-packages/torch/distributed/distributed_c10d.py:4631: UserWarning: No device id is provided via `init_process_group` or `barrier `. Using the current device set by the user. 
  warnings.warn(  # warn only once
/root/miniconda3/envs/llm_test/lib/python3.10/site-packages/torch/distributed/distributed_c10d.py:4631: UserWarning: No device id is provided via `init_process_group` or `barrier `. Using the current device set by the user. 
  warnings.warn(  # warn only once
/root/miniconda3/envs/llm_test/lib/python3.10/site-packages/torch/distributed/distributed_c10d.py:4631: UserWarning: No device id is provided via `init_process_group` or `barrier `. Using the current device set by the user. 
  warnings.warn(  # warn only once
/root/miniconda3/envs/llm_test/lib/python3.10/site-packages/torch/distributed/distributed_c10d.py:4631: UserWarning: No device id is provided via `init_process_group` or `barrier `. Using the current device set by the user. 
  warnings.warn(  # warn only once
/root/miniconda3/envs/llm_test/lib/python3.10/site-packages/torch/distributed/distributed_c10d.py:4631: UserWarning: No device id is provided via `init_process_group` or `barrier `. Using the current device set by the user. 
  warnings.warn(  # warn only once
logs/fe60cf2c-7da8-41f6-8385-e18c2b057f24
/root/miniconda3/envs/llm_test/lib/python3.10/site-packages/torch_npu/utils/storage.py:89: UserWarning: TypedStorage is deprecated. It will be removed in the future and UntypedStorage will be the only storage class. This should only matter to you if you are using storages directly.  To access UntypedStorage directly, use tensor.untyped_storage() instead of tensor.storage()
  if self.device.type != 'cpu':
step:0/1680 val_loss:10.8125 train_time:0ms step_avg:0.08ms
step:1/1680 train_time:1133ms step_avg:1132.56ms
step:2/1680 train_time:1254ms step_avg:627.20ms
step:3/1680 train_time:1580ms step_avg:526.78ms
step:4/1680 train_time:1911ms step_avg:477.64ms
step:5/1680 train_time:2244ms step_avg:448.83ms
step:6/1680 train_time:2573ms step_avg:428.85ms
step:7/1680 train_time:2907ms step_avg:415.25ms
step:8/1680 train_time:3239ms step_avg:404.89ms
step:9/1680 train_time:3571ms step_avg:396.82ms
step:10/1680 train_time:3905ms step_avg:390.52ms
step:11/1680 train_time:4235ms step_avg:384.99ms
step:12/1680 train_time:4571ms step_avg:380.92ms
step:13/1680 train_time:4902ms step_avg:377.07ms
step:14/1680 train_time:5233ms step_avg:373.80ms
step:15/1680 train_time:5569ms step_avg:371.26ms
step:16/1680 train_time:5903ms step_avg:368.97ms
step:17/1680 train_time:6241ms step_avg:367.11ms
step:18/1680 train_time:6571ms step_avg:365.07ms
step:19/1680 train_time:6906ms step_avg:363.45ms
step:20/1680 train_time:7238ms step_avg:361.89ms
step:21/1680 train_time:7571ms step_avg:360.55ms
step:22/1680 train_time:7902ms step_avg:359.16ms
step:23/1680 train_time:8234ms step_avg:358.01ms
step:24/1680 train_time:8567ms step_avg:356.98ms
step:25/1680 train_time:8899ms step_avg:355.95ms
step:26/1680 train_time:9231ms step_avg:355.04ms
step:27/1680 train_time:9570ms step_avg:354.44ms
step:28/1680 train_time:9900ms step_avg:353.57ms
step:29/1680 train_time:10248ms step_avg:353.38ms
step:30/1680 train_time:10565ms step_avg:352.18ms
step:31/1680 train_time:10898ms step_avg:351.55ms
step:32/1680 train_time:11239ms step_avg:351.22ms
step:33/1680 train_time:11564ms step_avg:350.43ms
step:34/1680 train_time:11909ms step_avg:350.27ms
step:35/1680 train_time:12226ms step_avg:349.32ms
step:36/1680 train_time:12572ms step_avg:349.23ms
step:37/1680 train_time:12891ms step_avg:348.39ms
step:38/1680 train_time:13220ms step_avg:347.89ms
step:39/1680 train_time:13553ms step_avg:347.52ms
step:40/1680 train_time:13886ms step_avg:347.15ms
step:41/1680 train_time:14217ms step_avg:346.76ms
step:42/1680 train_time:14550ms step_avg:346.43ms
step:43/1680 train_time:14883ms step_avg:346.12ms
step:44/1680 train_time:15216ms step_avg:345.82ms
step:45/1680 train_time:15546ms step_avg:345.47ms
step:46/1680 train_time:15880ms step_avg:345.21ms
step:47/1680 train_time:16211ms step_avg:344.91ms
step:48/1680 train_time:16540ms step_avg:344.59ms
step:49/1680 train_time:16878ms step_avg:344.46ms
step:50/1680 train_time:17211ms step_avg:344.22ms
step:51/1680 train_time:17546ms step_avg:344.04ms
step:52/1680 train_time:17879ms step_avg:343.82ms
step:53/1680 train_time:18210ms step_avg:343.59ms
step:54/1680 train_time:18542ms step_avg:343.37ms
step:55/1680 train_time:18875ms step_avg:343.19ms
step:56/1680 train_time:19203ms step_avg:342.92ms
step:57/1680 train_time:19538ms step_avg:342.77ms
step:58/1680 train_time:19870ms step_avg:342.59ms
step:59/1680 train_time:20203ms step_avg:342.42ms
step:60/1680 train_time:20532ms step_avg:342.20ms
step:61/1680 train_time:20863ms step_avg:342.02ms
step:62/1680 train_time:21202ms step_avg:341.97ms
step:63/1680 train_time:21550ms step_avg:342.07ms
step:64/1680 train_time:21871ms step_avg:341.73ms
step:65/1680 train_time:22204ms step_avg:341.60ms
step:66/1680 train_time:22527ms step_avg:341.31ms
step:67/1680 train_time:22856ms step_avg:341.13ms
step:68/1680 train_time:23181ms step_avg:340.90ms
step:69/1680 train_time:23518ms step_avg:340.85ms
step:70/1680 train_time:23855ms step_avg:340.78ms
step:71/1680 train_time:24187ms step_avg:340.67ms
step:72/1680 train_time:24519ms step_avg:340.54ms
step:73/1680 train_time:24850ms step_avg:340.41ms
step:74/1680 train_time:25183ms step_avg:340.31ms
step:75/1680 train_time:25520ms step_avg:340.27ms
step:76/1680 train_time:25848ms step_avg:340.11ms
step:77/1680 train_time:26184ms step_avg:340.06ms
step:78/1680 train_time:26515ms step_avg:339.94ms
step:79/1680 train_time:26849ms step_avg:339.86ms
step:80/1680 train_time:27185ms step_avg:339.82ms
step:81/1680 train_time:27513ms step_avg:339.67ms
step:82/1680 train_time:27851ms step_avg:339.65ms
step:83/1680 train_time:28183ms step_avg:339.55ms
step:84/1680 train_time:28518ms step_avg:339.50ms
step:85/1680 train_time:28848ms step_avg:339.38ms
step:86/1680 train_time:29186ms step_avg:339.37ms
step:87/1680 train_time:29516ms step_avg:339.27ms
step:88/1680 train_time:29850ms step_avg:339.21ms
step:89/1680 train_time:30183ms step_avg:339.14ms
step:90/1680 train_time:30513ms step_avg:339.04ms
step:91/1680 train_time:30849ms step_avg:339.00ms
step:92/1680 train_time:31178ms step_avg:338.89ms
step:93/1680 train_time:31516ms step_avg:338.88ms
step:94/1680 train_time:31844ms step_avg:338.77ms
step:95/1680 train_time:32176ms step_avg:338.70ms
step:96/1680 train_time:32509ms step_avg:338.64ms
step:97/1680 train_time:32839ms step_avg:338.55ms
step:98/1680 train_time:33172ms step_avg:338.49ms
step:99/1680 train_time:33507ms step_avg:338.45ms
step:100/1680 train_time:33838ms step_avg:338.38ms
step:101/1680 train_time:34172ms step_avg:338.34ms
step:102/1680 train_time:34501ms step_avg:338.24ms
step:103/1680 train_time:34834ms step_avg:338.20ms
step:104/1680 train_time:35166ms step_avg:338.13ms
step:105/1680 train_time:35500ms step_avg:338.10ms
step:106/1680 train_time:35831ms step_avg:338.02ms
step:107/1680 train_time:36183ms step_avg:338.16ms
step:108/1680 train_time:36499ms step_avg:337.95ms
step:109/1680 train_time:36829ms step_avg:337.88ms
step:110/1680 train_time:37158ms step_avg:337.80ms
step:111/1680 train_time:37494ms step_avg:337.78ms
step:112/1680 train_time:37826ms step_avg:337.73ms
step:113/1680 train_time:38161ms step_avg:337.70ms
step:114/1680 train_time:38489ms step_avg:337.62ms
step:115/1680 train_time:38823ms step_avg:337.59ms
step:116/1680 train_time:39152ms step_avg:337.52ms
step:117/1680 train_time:39490ms step_avg:337.53ms
step:118/1680 train_time:39824ms step_avg:337.49ms
step:119/1680 train_time:40151ms step_avg:337.40ms
step:120/1680 train_time:40484ms step_avg:337.36ms
step:121/1680 train_time:40816ms step_avg:337.32ms
step:122/1680 train_time:41148ms step_avg:337.28ms
step:123/1680 train_time:41481ms step_avg:337.24ms
step:124/1680 train_time:41810ms step_avg:337.18ms
step:125/1680 train_time:42141ms step_avg:337.13ms
step:125/1680 val_loss:4.3195 train_time:42364ms step_avg:338.91ms
step:126/1680 train_time:42551ms step_avg:337.71ms
step:127/1680 train_time:42869ms step_avg:337.55ms
step:128/1680 train_time:43201ms step_avg:337.51ms
step:129/1680 train_time:43535ms step_avg:337.48ms
step:130/1680 train_time:43869ms step_avg:337.45ms
step:131/1680 train_time:44200ms step_avg:337.40ms
step:132/1680 train_time:44529ms step_avg:337.34ms
step:133/1680 train_time:44861ms step_avg:337.30ms
step:134/1680 train_time:45194ms step_avg:337.27ms
step:135/1680 train_time:45525ms step_avg:337.22ms
step:136/1680 train_time:45855ms step_avg:337.17ms
step:137/1680 train_time:46189ms step_avg:337.14ms
step:138/1680 train_time:46516ms step_avg:337.07ms
step:139/1680 train_time:46850ms step_avg:337.05ms
step:140/1680 train_time:47181ms step_avg:337.01ms
step:141/1680 train_time:47516ms step_avg:336.99ms
step:142/1680 train_time:47848ms step_avg:336.96ms
step:143/1680 train_time:48181ms step_avg:336.93ms
step:144/1680 train_time:48516ms step_avg:336.92ms
step:145/1680 train_time:48848ms step_avg:336.88ms
step:146/1680 train_time:49183ms step_avg:336.87ms
step:147/1680 train_time:49510ms step_avg:336.80ms
step:148/1680 train_time:49844ms step_avg:336.78ms
step:149/1680 train_time:50176ms step_avg:336.75ms
step:150/1680 train_time:50507ms step_avg:336.71ms
step:151/1680 train_time:50837ms step_avg:336.67ms
step:152/1680 train_time:51170ms step_avg:336.64ms
step:153/1680 train_time:51499ms step_avg:336.59ms
step:154/1680 train_time:51830ms step_avg:336.56ms
step:155/1680 train_time:52162ms step_avg:336.53ms
step:156/1680 train_time:52493ms step_avg:336.49ms
step:157/1680 train_time:52828ms step_avg:336.48ms
step:158/1680 train_time:53160ms step_avg:336.45ms
step:159/1680 train_time:53491ms step_avg:336.42ms
step:160/1680 train_time:53822ms step_avg:336.38ms
step:161/1680 train_time:54154ms step_avg:336.36ms
step:162/1680 train_time:54485ms step_avg:336.33ms
step:163/1680 train_time:54821ms step_avg:336.32ms
step:164/1680 train_time:55150ms step_avg:336.28ms
step:165/1680 train_time:55482ms step_avg:336.26ms
step:166/1680 train_time:55814ms step_avg:336.23ms
step:167/1680 train_time:56144ms step_avg:336.19ms
step:168/1680 train_time:56481ms step_avg:336.19ms
step:169/1680 train_time:56813ms step_avg:336.17ms
step:170/1680 train_time:57147ms step_avg:336.16ms
step:171/1680 train_time:57476ms step_avg:336.12ms
step:172/1680 train_time:57807ms step_avg:336.08ms
step:173/1680 train_time:58142ms step_avg:336.08ms
step:174/1680 train_time:58474ms step_avg:336.06ms
step:175/1680 train_time:58802ms step_avg:336.01ms
step:176/1680 train_time:59137ms step_avg:336.00ms
step:177/1680 train_time:59473ms step_avg:336.00ms
step:178/1680 train_time:59817ms step_avg:336.05ms
step:179/1680 train_time:60134ms step_avg:335.95ms
step:180/1680 train_time:60463ms step_avg:335.91ms
step:181/1680 train_time:60796ms step_avg:335.89ms
step:182/1680 train_time:61125ms step_avg:335.85ms
step:183/1680 train_time:61456ms step_avg:335.83ms
step:184/1680 train_time:61787ms step_avg:335.80ms
step:185/1680 train_time:62125ms step_avg:335.81ms
step:186/1680 train_time:62457ms step_avg:335.79ms
step:187/1680 train_time:62788ms step_avg:335.76ms
step:188/1680 train_time:63123ms step_avg:335.76ms
step:189/1680 train_time:63452ms step_avg:335.73ms
step:190/1680 train_time:63783ms step_avg:335.70ms
step:191/1680 train_time:64115ms step_avg:335.68ms
step:192/1680 train_time:64447ms step_avg:335.66ms
step:193/1680 train_time:64777ms step_avg:335.63ms
step:194/1680 train_time:65113ms step_avg:335.64ms
step:195/1680 train_time:65443ms step_avg:335.61ms
step:196/1680 train_time:65773ms step_avg:335.58ms
step:197/1680 train_time:66106ms step_avg:335.56ms
step:198/1680 train_time:66443ms step_avg:335.57ms
step:199/1680 train_time:66774ms step_avg:335.55ms
step:200/1680 train_time:67104ms step_avg:335.52ms
step:201/1680 train_time:67433ms step_avg:335.49ms
step:202/1680 train_time:67765ms step_avg:335.47ms
step:203/1680 train_time:68095ms step_avg:335.44ms
step:204/1680 train_time:68432ms step_avg:335.45ms
step:205/1680 train_time:68759ms step_avg:335.41ms
step:206/1680 train_time:69094ms step_avg:335.41ms
step:207/1680 train_time:69431ms step_avg:335.42ms
step:208/1680 train_time:69764ms step_avg:335.40ms
step:209/1680 train_time:70100ms step_avg:335.41ms
step:210/1680 train_time:70443ms step_avg:335.44ms
step:211/1680 train_time:70767ms step_avg:335.39ms
step:212/1680 train_time:71101ms step_avg:335.38ms
step:213/1680 train_time:71451ms step_avg:335.45ms
step:214/1680 train_time:71780ms step_avg:335.42ms
step:215/1680 train_time:72110ms step_avg:335.39ms
step:216/1680 train_time:72423ms step_avg:335.29ms
step:217/1680 train_time:72754ms step_avg:335.27ms
step:218/1680 train_time:73086ms step_avg:335.26ms
step:219/1680 train_time:73419ms step_avg:335.25ms
step:220/1680 train_time:73750ms step_avg:335.23ms
step:221/1680 train_time:74081ms step_avg:335.21ms
step:222/1680 train_time:74430ms step_avg:335.27ms
step:223/1680 train_time:74759ms step_avg:335.24ms
step:224/1680 train_time:75074ms step_avg:335.15ms
step:225/1680 train_time:75406ms step_avg:335.14ms
step:226/1680 train_time:75737ms step_avg:335.12ms
step:227/1680 train_time:76069ms step_avg:335.11ms
step:228/1680 train_time:76402ms step_avg:335.10ms
step:229/1680 train_time:76737ms step_avg:335.09ms
step:230/1680 train_time:77067ms step_avg:335.07ms
step:231/1680 train_time:77404ms step_avg:335.08ms
step:232/1680 train_time:77732ms step_avg:335.05ms
step:233/1680 train_time:78066ms step_avg:335.05ms
step:234/1680 train_time:78397ms step_avg:335.03ms
step:235/1680 train_time:78730ms step_avg:335.02ms
step:236/1680 train_time:79059ms step_avg:335.00ms
step:237/1680 train_time:79393ms step_avg:334.99ms
step:238/1680 train_time:79723ms step_avg:334.97ms
step:239/1680 train_time:80057ms step_avg:334.97ms
step:240/1680 train_time:80386ms step_avg:334.94ms
step:241/1680 train_time:80719ms step_avg:334.93ms
step:242/1680 train_time:81062ms step_avg:334.97ms
step:243/1680 train_time:81379ms step_avg:334.89ms
step:244/1680 train_time:81708ms step_avg:334.87ms
step:245/1680 train_time:82046ms step_avg:334.88ms
step:246/1680 train_time:82377ms step_avg:334.87ms
step:247/1680 train_time:82710ms step_avg:334.86ms
step:248/1680 train_time:83045ms step_avg:334.86ms
step:249/1680 train_time:83378ms step_avg:334.85ms
step:250/1680 train_time:83710ms step_avg:334.84ms
step:250/1680 val_loss:3.9686 train_time:83934ms step_avg:335.74ms
step:251/1680 train_time:84139ms step_avg:335.22ms
step:252/1680 train_time:84452ms step_avg:335.13ms
step:253/1680 train_time:84783ms step_avg:335.11ms
step:254/1680 train_time:85141ms step_avg:335.20ms
step:255/1680 train_time:85465ms step_avg:335.16ms
step:256/1680 train_time:85793ms step_avg:335.13ms
step:257/1680 train_time:86124ms step_avg:335.11ms
step:258/1680 train_time:86458ms step_avg:335.11ms
step:259/1680 train_time:86798ms step_avg:335.13ms
step:260/1680 train_time:87134ms step_avg:335.13ms
step:261/1680 train_time:87461ms step_avg:335.10ms
step:262/1680 train_time:87790ms step_avg:335.08ms
step:263/1680 train_time:88118ms step_avg:335.05ms
step:264/1680 train_time:88446ms step_avg:335.02ms
step:265/1680 train_time:88775ms step_avg:335.00ms
step:266/1680 train_time:89107ms step_avg:334.99ms
step:267/1680 train_time:89436ms step_avg:334.97ms
step:268/1680 train_time:89785ms step_avg:335.02ms
step:269/1680 train_time:90104ms step_avg:334.96ms
step:270/1680 train_time:90432ms step_avg:334.93ms
step:271/1680 train_time:90764ms step_avg:334.92ms
step:272/1680 train_time:91091ms step_avg:334.89ms
step:273/1680 train_time:91428ms step_avg:334.90ms
step:274/1680 train_time:91756ms step_avg:334.88ms
step:275/1680 train_time:92085ms step_avg:334.85ms
step:276/1680 train_time:92412ms step_avg:334.82ms
step:277/1680 train_time:92745ms step_avg:334.82ms
step:278/1680 train_time:93075ms step_avg:334.80ms
step:279/1680 train_time:93406ms step_avg:334.79ms
step:280/1680 train_time:93739ms step_avg:334.78ms
step:281/1680 train_time:94068ms step_avg:334.76ms
step:282/1680 train_time:94404ms step_avg:334.77ms
step:283/1680 train_time:94737ms step_avg:334.76ms
step:284/1680 train_time:95064ms step_avg:334.73ms
step:285/1680 train_time:95401ms step_avg:334.74ms
step:286/1680 train_time:95727ms step_avg:334.71ms
step:287/1680 train_time:96055ms step_avg:334.69ms
step:288/1680 train_time:96392ms step_avg:334.69ms
step:289/1680 train_time:96724ms step_avg:334.68ms
step:290/1680 train_time:97062ms step_avg:334.70ms
step:291/1680 train_time:97389ms step_avg:334.67ms
step:292/1680 train_time:97721ms step_avg:334.66ms
step:293/1680 train_time:98051ms step_avg:334.65ms
step:294/1680 train_time:98384ms step_avg:334.64ms
step:295/1680 train_time:98718ms step_avg:334.64ms
step:296/1680 train_time:99047ms step_avg:334.62ms
step:297/1680 train_time:99381ms step_avg:334.61ms
step:298/1680 train_time:99709ms step_avg:334.59ms
step:299/1680 train_time:100039ms step_avg:334.58ms
step:300/1680 train_time:100374ms step_avg:334.58ms
step:301/1680 train_time:100703ms step_avg:334.56ms
step:302/1680 train_time:101036ms step_avg:334.56ms
step:303/1680 train_time:101368ms step_avg:334.55ms
step:304/1680 train_time:101697ms step_avg:334.53ms
step:305/1680 train_time:102031ms step_avg:334.53ms
step:306/1680 train_time:102359ms step_avg:334.51ms
step:307/1680 train_time:102687ms step_avg:334.49ms
step:308/1680 train_time:103019ms step_avg:334.48ms
step:309/1680 train_time:103369ms step_avg:334.53ms
step:310/1680 train_time:103686ms step_avg:334.47ms
step:311/1680 train_time:104020ms step_avg:334.47ms
step:312/1680 train_time:104354ms step_avg:334.47ms
step:313/1680 train_time:104683ms step_avg:334.45ms
step:314/1680 train_time:105014ms step_avg:334.44ms
step:315/1680 train_time:105347ms step_avg:334.44ms
step:316/1680 train_time:105683ms step_avg:334.44ms
step:317/1680 train_time:106015ms step_avg:334.43ms
step:318/1680 train_time:106349ms step_avg:334.43ms
step:319/1680 train_time:106683ms step_avg:334.43ms
step:320/1680 train_time:107014ms step_avg:334.42ms
step:321/1680 train_time:107342ms step_avg:334.40ms
step:322/1680 train_time:107677ms step_avg:334.40ms
step:323/1680 train_time:108011ms step_avg:334.40ms
step:324/1680 train_time:108341ms step_avg:334.39ms
step:325/1680 train_time:108672ms step_avg:334.37ms
step:326/1680 train_time:109004ms step_avg:334.37ms
step:327/1680 train_time:109334ms step_avg:334.35ms
step:328/1680 train_time:109661ms step_avg:334.33ms
step:329/1680 train_time:109996ms step_avg:334.33ms
step:330/1680 train_time:110331ms step_avg:334.34ms
step:331/1680 train_time:110661ms step_avg:334.32ms
step:332/1680 train_time:110989ms step_avg:334.30ms
step:333/1680 train_time:111320ms step_avg:334.29ms
step:334/1680 train_time:111652ms step_avg:334.29ms
step:335/1680 train_time:111981ms step_avg:334.27ms
step:336/1680 train_time:112312ms step_avg:334.26ms
step:337/1680 train_time:112652ms step_avg:334.28ms
step:338/1680 train_time:112971ms step_avg:334.23ms
step:339/1680 train_time:113306ms step_avg:334.24ms
step:340/1680 train_time:113638ms step_avg:334.23ms
step:341/1680 train_time:113969ms step_avg:334.22ms
step:342/1680 train_time:114300ms step_avg:334.21ms
step:343/1680 train_time:114632ms step_avg:334.21ms
step:344/1680 train_time:114974ms step_avg:334.23ms
step:345/1680 train_time:115305ms step_avg:334.22ms
step:346/1680 train_time:115636ms step_avg:334.21ms
step:347/1680 train_time:115970ms step_avg:334.21ms
step:348/1680 train_time:116301ms step_avg:334.20ms
step:349/1680 train_time:116634ms step_avg:334.19ms
step:350/1680 train_time:116965ms step_avg:334.19ms
step:351/1680 train_time:117295ms step_avg:334.17ms
step:352/1680 train_time:117626ms step_avg:334.17ms
step:353/1680 train_time:117958ms step_avg:334.16ms
step:354/1680 train_time:118289ms step_avg:334.15ms
step:355/1680 train_time:118623ms step_avg:334.15ms
step:356/1680 train_time:118966ms step_avg:334.17ms
step:357/1680 train_time:119293ms step_avg:334.16ms
step:358/1680 train_time:119625ms step_avg:334.15ms
step:359/1680 train_time:119958ms step_avg:334.14ms
step:360/1680 train_time:120290ms step_avg:334.14ms
step:361/1680 train_time:120621ms step_avg:334.13ms
step:362/1680 train_time:120957ms step_avg:334.13ms
step:363/1680 train_time:121293ms step_avg:334.14ms
step:364/1680 train_time:121615ms step_avg:334.11ms
step:365/1680 train_time:121946ms step_avg:334.10ms
step:366/1680 train_time:122278ms step_avg:334.09ms
step:367/1680 train_time:122614ms step_avg:334.10ms
step:368/1680 train_time:122944ms step_avg:334.09ms
step:369/1680 train_time:123279ms step_avg:334.09ms
step:370/1680 train_time:123609ms step_avg:334.08ms
step:371/1680 train_time:123937ms step_avg:334.06ms
step:372/1680 train_time:124274ms step_avg:334.07ms
step:373/1680 train_time:124605ms step_avg:334.06ms
step:374/1680 train_time:124939ms step_avg:334.06ms
step:375/1680 train_time:125269ms step_avg:334.05ms
step:375/1680 val_loss:3.8213 train_time:125493ms step_avg:334.65ms
step:376/1680 train_time:125689ms step_avg:334.28ms
step:377/1680 train_time:126029ms step_avg:334.30ms
step:378/1680 train_time:126359ms step_avg:334.28ms
step:379/1680 train_time:126695ms step_avg:334.29ms
step:380/1680 train_time:127030ms step_avg:334.29ms
step:381/1680 train_time:127359ms step_avg:334.27ms
step:382/1680 train_time:127691ms step_avg:334.27ms
step:383/1680 train_time:128024ms step_avg:334.27ms
step:384/1680 train_time:128354ms step_avg:334.25ms
step:385/1680 train_time:128685ms step_avg:334.25ms
step:386/1680 train_time:129022ms step_avg:334.25ms
step:387/1680 train_time:129356ms step_avg:334.25ms
step:388/1680 train_time:129690ms step_avg:334.25ms
step:389/1680 train_time:130025ms step_avg:334.25ms
step:390/1680 train_time:130359ms step_avg:334.25ms
step:391/1680 train_time:130689ms step_avg:334.24ms
step:392/1680 train_time:131022ms step_avg:334.24ms
step:393/1680 train_time:131354ms step_avg:334.23ms
step:394/1680 train_time:131683ms step_avg:334.22ms
step:395/1680 train_time:132018ms step_avg:334.22ms
step:396/1680 train_time:132350ms step_avg:334.22ms
step:397/1680 train_time:132675ms step_avg:334.19ms
step:398/1680 train_time:133019ms step_avg:334.22ms
step:399/1680 train_time:133350ms step_avg:334.21ms
step:400/1680 train_time:133681ms step_avg:334.20ms
step:401/1680 train_time:134014ms step_avg:334.20ms
step:402/1680 train_time:134343ms step_avg:334.19ms
step:403/1680 train_time:134673ms step_avg:334.18ms
step:404/1680 train_time:135006ms step_avg:334.17ms
step:405/1680 train_time:135338ms step_avg:334.17ms
step:406/1680 train_time:135667ms step_avg:334.16ms
step:407/1680 train_time:135998ms step_avg:334.15ms
step:408/1680 train_time:136337ms step_avg:334.16ms
step:409/1680 train_time:136671ms step_avg:334.16ms
step:410/1680 train_time:137004ms step_avg:334.16ms
step:411/1680 train_time:137336ms step_avg:334.15ms
step:412/1680 train_time:137663ms step_avg:334.13ms
step:413/1680 train_time:137994ms step_avg:334.13ms
step:414/1680 train_time:138328ms step_avg:334.12ms
step:415/1680 train_time:138661ms step_avg:334.12ms
step:416/1680 train_time:138989ms step_avg:334.11ms
step:417/1680 train_time:139323ms step_avg:334.11ms
step:418/1680 train_time:139654ms step_avg:334.10ms
step:419/1680 train_time:139985ms step_avg:334.09ms
step:420/1680 train_time:140315ms step_avg:334.08ms
step:421/1680 train_time:140652ms step_avg:334.09ms
step:422/1680 train_time:140985ms step_avg:334.09ms
step:423/1680 train_time:141316ms step_avg:334.08ms
step:424/1680 train_time:141648ms step_avg:334.08ms
step:425/1680 train_time:141981ms step_avg:334.07ms
step:426/1680 train_time:142313ms step_avg:334.07ms
step:427/1680 train_time:142646ms step_avg:334.07ms
step:428/1680 train_time:142974ms step_avg:334.05ms
step:429/1680 train_time:143307ms step_avg:334.05ms
step:430/1680 train_time:143641ms step_avg:334.05ms
step:431/1680 train_time:143971ms step_avg:334.04ms
step:432/1680 train_time:144299ms step_avg:334.03ms
step:433/1680 train_time:144632ms step_avg:334.02ms
step:434/1680 train_time:144968ms step_avg:334.03ms
step:435/1680 train_time:145301ms step_avg:334.03ms
step:436/1680 train_time:145628ms step_avg:334.01ms
step:437/1680 train_time:145963ms step_avg:334.01ms
step:438/1680 train_time:146294ms step_avg:334.01ms
step:439/1680 train_time:146626ms step_avg:334.00ms
step:440/1680 train_time:146957ms step_avg:333.99ms
step:441/1680 train_time:147290ms step_avg:333.99ms
step:442/1680 train_time:147621ms step_avg:333.99ms
step:443/1680 train_time:147958ms step_avg:333.99ms
step:444/1680 train_time:148289ms step_avg:333.98ms
step:445/1680 train_time:148621ms step_avg:333.98ms
step:446/1680 train_time:148951ms step_avg:333.97ms
step:447/1680 train_time:149281ms step_avg:333.96ms
step:448/1680 train_time:149615ms step_avg:333.96ms
step:449/1680 train_time:149949ms step_avg:333.96ms
step:450/1680 train_time:150280ms step_avg:333.96ms
step:451/1680 train_time:150613ms step_avg:333.95ms
step:452/1680 train_time:150946ms step_avg:333.95ms
step:453/1680 train_time:151276ms step_avg:333.94ms
step:454/1680 train_time:151608ms step_avg:333.94ms
step:455/1680 train_time:151936ms step_avg:333.93ms
step:456/1680 train_time:152269ms step_avg:333.92ms
step:457/1680 train_time:152600ms step_avg:333.92ms
step:458/1680 train_time:152930ms step_avg:333.91ms
step:459/1680 train_time:153259ms step_avg:333.90ms
step:460/1680 train_time:153586ms step_avg:333.88ms
step:461/1680 train_time:153919ms step_avg:333.88ms
step:462/1680 train_time:154252ms step_avg:333.88ms
step:463/1680 train_time:154588ms step_avg:333.88ms
step:464/1680 train_time:154938ms step_avg:333.92ms
step:465/1680 train_time:155256ms step_avg:333.88ms
step:466/1680 train_time:155579ms step_avg:333.86ms
step:467/1680 train_time:155918ms step_avg:333.87ms
step:468/1680 train_time:156250ms step_avg:333.87ms
step:469/1680 train_time:156579ms step_avg:333.86ms
step:470/1680 train_time:156912ms step_avg:333.86ms
step:471/1680 train_time:157244ms step_avg:333.85ms
step:472/1680 train_time:157575ms step_avg:333.84ms
step:473/1680 train_time:157907ms step_avg:333.84ms
step:474/1680 train_time:158241ms step_avg:333.84ms
step:475/1680 train_time:158569ms step_avg:333.83ms
step:476/1680 train_time:158904ms step_avg:333.83ms
step:477/1680 train_time:159235ms step_avg:333.83ms
step:478/1680 train_time:159565ms step_avg:333.82ms
step:479/1680 train_time:159898ms step_avg:333.82ms
step:480/1680 train_time:160231ms step_avg:333.82ms
step:481/1680 train_time:160566ms step_avg:333.82ms
step:482/1680 train_time:160898ms step_avg:333.81ms
step:483/1680 train_time:161229ms step_avg:333.81ms
step:484/1680 train_time:161560ms step_avg:333.80ms
step:485/1680 train_time:161908ms step_avg:333.83ms
step:486/1680 train_time:162240ms step_avg:333.83ms
step:487/1680 train_time:162556ms step_avg:333.79ms
step:488/1680 train_time:162888ms step_avg:333.79ms
step:489/1680 train_time:163224ms step_avg:333.79ms
step:490/1680 train_time:163552ms step_avg:333.78ms
step:491/1680 train_time:163883ms step_avg:333.77ms
step:492/1680 train_time:164216ms step_avg:333.77ms
step:493/1680 train_time:164549ms step_avg:333.77ms
step:494/1680 train_time:164874ms step_avg:333.75ms
step:495/1680 train_time:165207ms step_avg:333.75ms
step:496/1680 train_time:165539ms step_avg:333.75ms
step:497/1680 train_time:165873ms step_avg:333.75ms
step:498/1680 train_time:166207ms step_avg:333.75ms
step:499/1680 train_time:166537ms step_avg:333.74ms
step:500/1680 train_time:166872ms step_avg:333.74ms
step:500/1680 val_loss:3.7158 train_time:167092ms step_avg:334.18ms
step:501/1680 train_time:167283ms step_avg:333.90ms
step:502/1680 train_time:167610ms step_avg:333.88ms
step:503/1680 train_time:167942ms step_avg:333.88ms
step:504/1680 train_time:168276ms step_avg:333.88ms
step:505/1680 train_time:168606ms step_avg:333.87ms
step:506/1680 train_time:168954ms step_avg:333.90ms
step:507/1680 train_time:169267ms step_avg:333.86ms
step:508/1680 train_time:169598ms step_avg:333.85ms
step:509/1680 train_time:169928ms step_avg:333.85ms
step:510/1680 train_time:170263ms step_avg:333.85ms
step:511/1680 train_time:170596ms step_avg:333.85ms
step:512/1680 train_time:170931ms step_avg:333.85ms
step:513/1680 train_time:171266ms step_avg:333.85ms
step:514/1680 train_time:171599ms step_avg:333.85ms
step:515/1680 train_time:171929ms step_avg:333.84ms
step:516/1680 train_time:172260ms step_avg:333.84ms
step:517/1680 train_time:172588ms step_avg:333.83ms
step:518/1680 train_time:172919ms step_avg:333.82ms
step:519/1680 train_time:173250ms step_avg:333.81ms
step:520/1680 train_time:173582ms step_avg:333.81ms
step:521/1680 train_time:173913ms step_avg:333.81ms
step:522/1680 train_time:174243ms step_avg:333.80ms
step:523/1680 train_time:174572ms step_avg:333.79ms
step:524/1680 train_time:174908ms step_avg:333.79ms
step:525/1680 train_time:175238ms step_avg:333.79ms
step:526/1680 train_time:175574ms step_avg:333.79ms
step:527/1680 train_time:175901ms step_avg:333.78ms
step:528/1680 train_time:176236ms step_avg:333.78ms
step:529/1680 train_time:176575ms step_avg:333.79ms
step:530/1680 train_time:176923ms step_avg:333.82ms
step:531/1680 train_time:177253ms step_avg:333.81ms
step:532/1680 train_time:177581ms step_avg:333.80ms
step:533/1680 train_time:177902ms step_avg:333.78ms
step:534/1680 train_time:178235ms step_avg:333.77ms
step:535/1680 train_time:178570ms step_avg:333.78ms
step:536/1680 train_time:178902ms step_avg:333.77ms
step:537/1680 train_time:179235ms step_avg:333.77ms
step:538/1680 train_time:179569ms step_avg:333.77ms
step:539/1680 train_time:179904ms step_avg:333.77ms
step:540/1680 train_time:180236ms step_avg:333.77ms
step:541/1680 train_time:180568ms step_avg:333.77ms
step:542/1680 train_time:180897ms step_avg:333.76ms
step:543/1680 train_time:181229ms step_avg:333.76ms
step:544/1680 train_time:181561ms step_avg:333.75ms
step:545/1680 train_time:181894ms step_avg:333.75ms
step:546/1680 train_time:182227ms step_avg:333.75ms
step:547/1680 train_time:182561ms step_avg:333.75ms
step:548/1680 train_time:182905ms step_avg:333.77ms
step:549/1680 train_time:183222ms step_avg:333.74ms
step:550/1680 train_time:183559ms step_avg:333.74ms
step:551/1680 train_time:183889ms step_avg:333.74ms
step:552/1680 train_time:184223ms step_avg:333.74ms
step:553/1680 train_time:184553ms step_avg:333.73ms
step:554/1680 train_time:184885ms step_avg:333.73ms
step:555/1680 train_time:185217ms step_avg:333.72ms
step:556/1680 train_time:185555ms step_avg:333.73ms
step:557/1680 train_time:185887ms step_avg:333.73ms
step:558/1680 train_time:186217ms step_avg:333.72ms
step:559/1680 train_time:186551ms step_avg:333.72ms
step:560/1680 train_time:186879ms step_avg:333.71ms
step:561/1680 train_time:187215ms step_avg:333.72ms
step:562/1680 train_time:187549ms step_avg:333.72ms
step:563/1680 train_time:187883ms step_avg:333.72ms
step:564/1680 train_time:188218ms step_avg:333.72ms
step:565/1680 train_time:188552ms step_avg:333.72ms
step:566/1680 train_time:188881ms step_avg:333.71ms
step:567/1680 train_time:189214ms step_avg:333.71ms
step:568/1680 train_time:189545ms step_avg:333.71ms
step:569/1680 train_time:189878ms step_avg:333.71ms
step:570/1680 train_time:190212ms step_avg:333.71ms
step:571/1680 train_time:190544ms step_avg:333.70ms
step:572/1680 train_time:190878ms step_avg:333.70ms
step:573/1680 train_time:191209ms step_avg:333.70ms
step:574/1680 train_time:191538ms step_avg:333.69ms
step:575/1680 train_time:191873ms step_avg:333.69ms
step:576/1680 train_time:192205ms step_avg:333.69ms
step:577/1680 train_time:192541ms step_avg:333.69ms
step:578/1680 train_time:192871ms step_avg:333.69ms
step:579/1680 train_time:193203ms step_avg:333.68ms
step:580/1680 train_time:193534ms step_avg:333.68ms
step:581/1680 train_time:193867ms step_avg:333.68ms
step:582/1680 train_time:194195ms step_avg:333.67ms
step:583/1680 train_time:194529ms step_avg:333.67ms
step:584/1680 train_time:194862ms step_avg:333.67ms
step:585/1680 train_time:195194ms step_avg:333.67ms
step:586/1680 train_time:195525ms step_avg:333.66ms
step:587/1680 train_time:195862ms step_avg:333.67ms
step:588/1680 train_time:196192ms step_avg:333.66ms
step:589/1680 train_time:196521ms step_avg:333.65ms
step:590/1680 train_time:196850ms step_avg:333.64ms
step:591/1680 train_time:197183ms step_avg:333.64ms
step:592/1680 train_time:197512ms step_avg:333.63ms
step:593/1680 train_time:197848ms step_avg:333.64ms
step:594/1680 train_time:198178ms step_avg:333.63ms
step:595/1680 train_time:198509ms step_avg:333.63ms
step:596/1680 train_time:198840ms step_avg:333.62ms
step:597/1680 train_time:199174ms step_avg:333.63ms
step:598/1680 train_time:199504ms step_avg:333.62ms
step:599/1680 train_time:199837ms step_avg:333.62ms
step:600/1680 train_time:200167ms step_avg:333.61ms
step:601/1680 train_time:200500ms step_avg:333.61ms
step:602/1680 train_time:200836ms step_avg:333.62ms
step:603/1680 train_time:201169ms step_avg:333.61ms
step:604/1680 train_time:201509ms step_avg:333.62ms
step:605/1680 train_time:201837ms step_avg:333.62ms
step:606/1680 train_time:202170ms step_avg:333.61ms
step:607/1680 train_time:202503ms step_avg:333.61ms
step:608/1680 train_time:202838ms step_avg:333.62ms
step:609/1680 train_time:203171ms step_avg:333.61ms
step:610/1680 train_time:203492ms step_avg:333.59ms
step:611/1680 train_time:203823ms step_avg:333.59ms
step:612/1680 train_time:204154ms step_avg:333.58ms
step:613/1680 train_time:204488ms step_avg:333.58ms
step:614/1680 train_time:204820ms step_avg:333.58ms
step:615/1680 train_time:205153ms step_avg:333.58ms
step:616/1680 train_time:205482ms step_avg:333.57ms
step:617/1680 train_time:205812ms step_avg:333.57ms
step:618/1680 train_time:206143ms step_avg:333.57ms
step:619/1680 train_time:206475ms step_avg:333.56ms
step:620/1680 train_time:206803ms step_avg:333.55ms
step:621/1680 train_time:207135ms step_avg:333.55ms
step:622/1680 train_time:207466ms step_avg:333.55ms
step:623/1680 train_time:207794ms step_avg:333.54ms
step:624/1680 train_time:208130ms step_avg:333.54ms
step:625/1680 train_time:208462ms step_avg:333.54ms
step:625/1680 val_loss:3.6170 train_time:208688ms step_avg:333.90ms
step:626/1680 train_time:208884ms step_avg:333.68ms
step:627/1680 train_time:209221ms step_avg:333.69ms
step:628/1680 train_time:209550ms step_avg:333.68ms
step:629/1680 train_time:209880ms step_avg:333.67ms
step:630/1680 train_time:210218ms step_avg:333.68ms
step:631/1680 train_time:210554ms step_avg:333.68ms
step:632/1680 train_time:210888ms step_avg:333.68ms
step:633/1680 train_time:211217ms step_avg:333.68ms
step:634/1680 train_time:211562ms step_avg:333.69ms
step:635/1680 train_time:211897ms step_avg:333.70ms
step:636/1680 train_time:212214ms step_avg:333.67ms
step:637/1680 train_time:212546ms step_avg:333.67ms
step:638/1680 train_time:212876ms step_avg:333.66ms
step:639/1680 train_time:213207ms step_avg:333.66ms
step:640/1680 train_time:213542ms step_avg:333.66ms
step:641/1680 train_time:213876ms step_avg:333.66ms
step:642/1680 train_time:214220ms step_avg:333.68ms
step:643/1680 train_time:214551ms step_avg:333.67ms
step:644/1680 train_time:214883ms step_avg:333.67ms
step:645/1680 train_time:215202ms step_avg:333.65ms
step:646/1680 train_time:215529ms step_avg:333.64ms
step:647/1680 train_time:215862ms step_avg:333.64ms
step:648/1680 train_time:216196ms step_avg:333.64ms
step:649/1680 train_time:216529ms step_avg:333.63ms
step:650/1680 train_time:216859ms step_avg:333.63ms
step:651/1680 train_time:217191ms step_avg:333.63ms
step:652/1680 train_time:217520ms step_avg:333.62ms
step:653/1680 train_time:217859ms step_avg:333.63ms
step:654/1680 train_time:218191ms step_avg:333.62ms
step:655/1680 train_time:218519ms step_avg:333.62ms
step:656/1680 train_time:218849ms step_avg:333.61ms
step:657/1680 train_time:219181ms step_avg:333.61ms
step:658/1680 train_time:219511ms step_avg:333.60ms
step:659/1680 train_time:219845ms step_avg:333.60ms
step:660/1680 train_time:220180ms step_avg:333.61ms
step:661/1680 train_time:220507ms step_avg:333.60ms
step:662/1680 train_time:220839ms step_avg:333.59ms
step:663/1680 train_time:221172ms step_avg:333.59ms
step:664/1680 train_time:221501ms step_avg:333.59ms
step:665/1680 train_time:221835ms step_avg:333.59ms
step:666/1680 train_time:222166ms step_avg:333.58ms
step:667/1680 train_time:222498ms step_avg:333.58ms
step:668/1680 train_time:222827ms step_avg:333.57ms
step:669/1680 train_time:223159ms step_avg:333.57ms
step:670/1680 train_time:223490ms step_avg:333.57ms
step:671/1680 train_time:223824ms step_avg:333.57ms
step:672/1680 train_time:224165ms step_avg:333.58ms
step:673/1680 train_time:224496ms step_avg:333.58ms
step:674/1680 train_time:224832ms step_avg:333.58ms
step:675/1680 train_time:225163ms step_avg:333.58ms
step:676/1680 train_time:225495ms step_avg:333.57ms
step:677/1680 train_time:225828ms step_avg:333.57ms
step:678/1680 train_time:226163ms step_avg:333.57ms
step:679/1680 train_time:226492ms step_avg:333.57ms
step:680/1680 train_time:226822ms step_avg:333.56ms
step:681/1680 train_time:227159ms step_avg:333.57ms
step:682/1680 train_time:227489ms step_avg:333.56ms
step:683/1680 train_time:227822ms step_avg:333.56ms
step:684/1680 train_time:228156ms step_avg:333.56ms
step:685/1680 train_time:228490ms step_avg:333.56ms
step:686/1680 train_time:228820ms step_avg:333.56ms
step:687/1680 train_time:229156ms step_avg:333.56ms
step:688/1680 train_time:229488ms step_avg:333.56ms
step:689/1680 train_time:229821ms step_avg:333.56ms
step:690/1680 train_time:230157ms step_avg:333.56ms
step:691/1680 train_time:230489ms step_avg:333.56ms
step:692/1680 train_time:230825ms step_avg:333.56ms
step:693/1680 train_time:231156ms step_avg:333.56ms
step:694/1680 train_time:231488ms step_avg:333.56ms
step:695/1680 train_time:231819ms step_avg:333.55ms
step:696/1680 train_time:232154ms step_avg:333.56ms
step:697/1680 train_time:232485ms step_avg:333.55ms
step:698/1680 train_time:232817ms step_avg:333.55ms
step:699/1680 train_time:233148ms step_avg:333.55ms
step:700/1680 train_time:233480ms step_avg:333.54ms
step:701/1680 train_time:233809ms step_avg:333.54ms
step:702/1680 train_time:234140ms step_avg:333.53ms
step:703/1680 train_time:234471ms step_avg:333.53ms
step:704/1680 train_time:234806ms step_avg:333.53ms
step:705/1680 train_time:235136ms step_avg:333.53ms
step:706/1680 train_time:235463ms step_avg:333.52ms
step:707/1680 train_time:235799ms step_avg:333.52ms
step:708/1680 train_time:236134ms step_avg:333.52ms
step:709/1680 train_time:236468ms step_avg:333.52ms
step:710/1680 train_time:236799ms step_avg:333.52ms
step:711/1680 train_time:237126ms step_avg:333.51ms
step:712/1680 train_time:237458ms step_avg:333.51ms
step:713/1680 train_time:237792ms step_avg:333.51ms
step:714/1680 train_time:238121ms step_avg:333.50ms
step:715/1680 train_time:238456ms step_avg:333.51ms
step:716/1680 train_time:238788ms step_avg:333.50ms
step:717/1680 train_time:239122ms step_avg:333.50ms
step:718/1680 train_time:239455ms step_avg:333.50ms
step:719/1680 train_time:239790ms step_avg:333.50ms
step:720/1680 train_time:240117ms step_avg:333.50ms
step:721/1680 train_time:240448ms step_avg:333.49ms
step:722/1680 train_time:240779ms step_avg:333.49ms
step:723/1680 train_time:241110ms step_avg:333.49ms
step:724/1680 train_time:241450ms step_avg:333.49ms
step:725/1680 train_time:241780ms step_avg:333.49ms
step:726/1680 train_time:242116ms step_avg:333.49ms
step:727/1680 train_time:242444ms step_avg:333.49ms
step:728/1680 train_time:242778ms step_avg:333.49ms
step:729/1680 train_time:243105ms step_avg:333.48ms
step:730/1680 train_time:243445ms step_avg:333.49ms
step:731/1680 train_time:243773ms step_avg:333.48ms
step:732/1680 train_time:244105ms step_avg:333.48ms
step:733/1680 train_time:244433ms step_avg:333.47ms
step:734/1680 train_time:244763ms step_avg:333.46ms
step:735/1680 train_time:245095ms step_avg:333.46ms
step:736/1680 train_time:245433ms step_avg:333.47ms
step:737/1680 train_time:245764ms step_avg:333.46ms
step:738/1680 train_time:246096ms step_avg:333.46ms
step:739/1680 train_time:246430ms step_avg:333.46ms
step:740/1680 train_time:246760ms step_avg:333.46ms
step:741/1680 train_time:247093ms step_avg:333.46ms
step:742/1680 train_time:247424ms step_avg:333.46ms
step:743/1680 train_time:247752ms step_avg:333.45ms
step:744/1680 train_time:248089ms step_avg:333.45ms
step:745/1680 train_time:248423ms step_avg:333.45ms
step:746/1680 train_time:248757ms step_avg:333.45ms
step:747/1680 train_time:249092ms step_avg:333.46ms
step:748/1680 train_time:249422ms step_avg:333.45ms
step:749/1680 train_time:249756ms step_avg:333.45ms
step:750/1680 train_time:250086ms step_avg:333.45ms
step:750/1680 val_loss:3.5629 train_time:250312ms step_avg:333.75ms
step:751/1680 train_time:250505ms step_avg:333.56ms
step:752/1680 train_time:250819ms step_avg:333.54ms
step:753/1680 train_time:251153ms step_avg:333.54ms
step:754/1680 train_time:251484ms step_avg:333.53ms
step:755/1680 train_time:251815ms step_avg:333.53ms
step:756/1680 train_time:252147ms step_avg:333.53ms
step:757/1680 train_time:252478ms step_avg:333.52ms
step:758/1680 train_time:252829ms step_avg:333.55ms
step:759/1680 train_time:253141ms step_avg:333.52ms
step:760/1680 train_time:253475ms step_avg:333.52ms
step:761/1680 train_time:253808ms step_avg:333.52ms
step:762/1680 train_time:254144ms step_avg:333.52ms
step:763/1680 train_time:254478ms step_avg:333.52ms
step:764/1680 train_time:254808ms step_avg:333.52ms
step:765/1680 train_time:255145ms step_avg:333.52ms
step:766/1680 train_time:255478ms step_avg:333.52ms
step:767/1680 train_time:255809ms step_avg:333.52ms
step:768/1680 train_time:256144ms step_avg:333.52ms
step:769/1680 train_time:256476ms step_avg:333.52ms
step:770/1680 train_time:256806ms step_avg:333.51ms
step:771/1680 train_time:257135ms step_avg:333.51ms
step:772/1680 train_time:257471ms step_avg:333.51ms
step:773/1680 train_time:257804ms step_avg:333.51ms
step:774/1680 train_time:258140ms step_avg:333.51ms
step:775/1680 train_time:258471ms step_avg:333.51ms
step:776/1680 train_time:258807ms step_avg:333.51ms
step:777/1680 train_time:259138ms step_avg:333.51ms
step:778/1680 train_time:259473ms step_avg:333.51ms
step:779/1680 train_time:259807ms step_avg:333.51ms
step:780/1680 train_time:260141ms step_avg:333.51ms
step:781/1680 train_time:260471ms step_avg:333.51ms
step:782/1680 train_time:260801ms step_avg:333.51ms
step:783/1680 train_time:261134ms step_avg:333.50ms
step:784/1680 train_time:261466ms step_avg:333.50ms
step:785/1680 train_time:261793ms step_avg:333.49ms
step:786/1680 train_time:262126ms step_avg:333.49ms
step:787/1680 train_time:262458ms step_avg:333.49ms
step:788/1680 train_time:262789ms step_avg:333.49ms
step:789/1680 train_time:263124ms step_avg:333.49ms
step:790/1680 train_time:263453ms step_avg:333.49ms
step:791/1680 train_time:263783ms step_avg:333.48ms
step:792/1680 train_time:264114ms step_avg:333.48ms
step:793/1680 train_time:264451ms step_avg:333.48ms
step:794/1680 train_time:264787ms step_avg:333.48ms
step:795/1680 train_time:265121ms step_avg:333.49ms
step:796/1680 train_time:265453ms step_avg:333.48ms
step:797/1680 train_time:265782ms step_avg:333.48ms
step:798/1680 train_time:266119ms step_avg:333.48ms
step:799/1680 train_time:266452ms step_avg:333.48ms
step:800/1680 train_time:266783ms step_avg:333.48ms
step:801/1680 train_time:267111ms step_avg:333.47ms
step:802/1680 train_time:267438ms step_avg:333.46ms
step:803/1680 train_time:267772ms step_avg:333.46ms
step:804/1680 train_time:268101ms step_avg:333.46ms
step:805/1680 train_time:268434ms step_avg:333.46ms
step:806/1680 train_time:268763ms step_avg:333.45ms
step:807/1680 train_time:269097ms step_avg:333.45ms
step:808/1680 train_time:269429ms step_avg:333.45ms
step:809/1680 train_time:269758ms step_avg:333.45ms
step:810/1680 train_time:270092ms step_avg:333.45ms
step:811/1680 train_time:270422ms step_avg:333.44ms
step:812/1680 train_time:270755ms step_avg:333.44ms
step:813/1680 train_time:271087ms step_avg:333.44ms
step:814/1680 train_time:271416ms step_avg:333.43ms
step:815/1680 train_time:271746ms step_avg:333.43ms
step:816/1680 train_time:272077ms step_avg:333.43ms
step:817/1680 train_time:272410ms step_avg:333.43ms
step:818/1680 train_time:272742ms step_avg:333.43ms
step:819/1680 train_time:273071ms step_avg:333.42ms
step:820/1680 train_time:273403ms step_avg:333.42ms
step:821/1680 train_time:273732ms step_avg:333.41ms
step:822/1680 train_time:274062ms step_avg:333.41ms
step:823/1680 train_time:274394ms step_avg:333.41ms
step:824/1680 train_time:274722ms step_avg:333.40ms
step:825/1680 train_time:275058ms step_avg:333.40ms
step:826/1680 train_time:275389ms step_avg:333.40ms
step:827/1680 train_time:275723ms step_avg:333.40ms
step:828/1680 train_time:276070ms step_avg:333.42ms
step:829/1680 train_time:276391ms step_avg:333.40ms
step:830/1680 train_time:276720ms step_avg:333.40ms
step:831/1680 train_time:277056ms step_avg:333.40ms
step:832/1680 train_time:277387ms step_avg:333.40ms
step:833/1680 train_time:277723ms step_avg:333.40ms
step:834/1680 train_time:278053ms step_avg:333.40ms
step:835/1680 train_time:278379ms step_avg:333.39ms
step:836/1680 train_time:278709ms step_avg:333.38ms
step:837/1680 train_time:279045ms step_avg:333.39ms
step:838/1680 train_time:279379ms step_avg:333.39ms
step:839/1680 train_time:279713ms step_avg:333.39ms
step:840/1680 train_time:280040ms step_avg:333.38ms
step:841/1680 train_time:280377ms step_avg:333.39ms
step:842/1680 train_time:280708ms step_avg:333.38ms
step:843/1680 train_time:281037ms step_avg:333.38ms
step:844/1680 train_time:281368ms step_avg:333.37ms
step:845/1680 train_time:281701ms step_avg:333.37ms
step:846/1680 train_time:282032ms step_avg:333.37ms
step:847/1680 train_time:282361ms step_avg:333.37ms
step:848/1680 train_time:282695ms step_avg:333.37ms
step:849/1680 train_time:283037ms step_avg:333.38ms
step:850/1680 train_time:283366ms step_avg:333.37ms
step:851/1680 train_time:283695ms step_avg:333.37ms
step:852/1680 train_time:284028ms step_avg:333.37ms
step:853/1680 train_time:284361ms step_avg:333.37ms
step:854/1680 train_time:284693ms step_avg:333.36ms
step:855/1680 train_time:285027ms step_avg:333.37ms
step:856/1680 train_time:285355ms step_avg:333.36ms
step:857/1680 train_time:285687ms step_avg:333.36ms
step:858/1680 train_time:286025ms step_avg:333.36ms
step:859/1680 train_time:286359ms step_avg:333.36ms
step:860/1680 train_time:286689ms step_avg:333.36ms
step:861/1680 train_time:287027ms step_avg:333.36ms
step:862/1680 train_time:287360ms step_avg:333.36ms
step:863/1680 train_time:287692ms step_avg:333.36ms
step:864/1680 train_time:288029ms step_avg:333.37ms
step:865/1680 train_time:288358ms step_avg:333.36ms
step:866/1680 train_time:288688ms step_avg:333.36ms
step:867/1680 train_time:289022ms step_avg:333.36ms
step:868/1680 train_time:289348ms step_avg:333.35ms
step:869/1680 train_time:289680ms step_avg:333.35ms
step:870/1680 train_time:290012ms step_avg:333.35ms
step:871/1680 train_time:290342ms step_avg:333.34ms
step:872/1680 train_time:290672ms step_avg:333.34ms
step:873/1680 train_time:291000ms step_avg:333.33ms
step:874/1680 train_time:291335ms step_avg:333.33ms
step:875/1680 train_time:291675ms step_avg:333.34ms
step:875/1680 val_loss:3.5180 train_time:291886ms step_avg:333.58ms
step:876/1680 train_time:292071ms step_avg:333.41ms
step:877/1680 train_time:292397ms step_avg:333.41ms
step:878/1680 train_time:292731ms step_avg:333.41ms
step:879/1680 train_time:293064ms step_avg:333.41ms
step:880/1680 train_time:293398ms step_avg:333.41ms
step:881/1680 train_time:293732ms step_avg:333.41ms
step:882/1680 train_time:294063ms step_avg:333.41ms
step:883/1680 train_time:294391ms step_avg:333.40ms
step:884/1680 train_time:294723ms step_avg:333.40ms
step:885/1680 train_time:295053ms step_avg:333.39ms
step:886/1680 train_time:295384ms step_avg:333.39ms
step:887/1680 train_time:295722ms step_avg:333.40ms
step:888/1680 train_time:296054ms step_avg:333.39ms
step:889/1680 train_time:296380ms step_avg:333.39ms
step:890/1680 train_time:296710ms step_avg:333.38ms
step:891/1680 train_time:297042ms step_avg:333.38ms
step:892/1680 train_time:297368ms step_avg:333.37ms
step:893/1680 train_time:297698ms step_avg:333.37ms
step:894/1680 train_time:298038ms step_avg:333.38ms
step:895/1680 train_time:298372ms step_avg:333.38ms
step:896/1680 train_time:298703ms step_avg:333.37ms
step:897/1680 train_time:299038ms step_avg:333.38ms
step:898/1680 train_time:299371ms step_avg:333.38ms
step:899/1680 train_time:299701ms step_avg:333.37ms
step:900/1680 train_time:300033ms step_avg:333.37ms
step:901/1680 train_time:300366ms step_avg:333.37ms
step:902/1680 train_time:300696ms step_avg:333.37ms
step:903/1680 train_time:301031ms step_avg:333.37ms
step:904/1680 train_time:301362ms step_avg:333.36ms
step:905/1680 train_time:301689ms step_avg:333.36ms
step:906/1680 train_time:302025ms step_avg:333.36ms
step:907/1680 train_time:302360ms step_avg:333.36ms
step:908/1680 train_time:302691ms step_avg:333.36ms
step:909/1680 train_time:303020ms step_avg:333.36ms
step:910/1680 train_time:303352ms step_avg:333.35ms
step:911/1680 train_time:303682ms step_avg:333.35ms
step:912/1680 train_time:304017ms step_avg:333.35ms
step:913/1680 train_time:304345ms step_avg:333.35ms
step:914/1680 train_time:304677ms step_avg:333.34ms
step:915/1680 train_time:305011ms step_avg:333.35ms
step:916/1680 train_time:305341ms step_avg:333.34ms
step:917/1680 train_time:305673ms step_avg:333.34ms
step:918/1680 train_time:306004ms step_avg:333.34ms
step:919/1680 train_time:306333ms step_avg:333.33ms
step:920/1680 train_time:306663ms step_avg:333.33ms
step:921/1680 train_time:306993ms step_avg:333.33ms
step:922/1680 train_time:307329ms step_avg:333.33ms
step:923/1680 train_time:307654ms step_avg:333.32ms
step:924/1680 train_time:307984ms step_avg:333.32ms
step:925/1680 train_time:308317ms step_avg:333.32ms
step:926/1680 train_time:308652ms step_avg:333.32ms
step:927/1680 train_time:308981ms step_avg:333.31ms
step:928/1680 train_time:309312ms step_avg:333.31ms
step:929/1680 train_time:309644ms step_avg:333.31ms
step:930/1680 train_time:309977ms step_avg:333.31ms
step:931/1680 train_time:310308ms step_avg:333.31ms
step:932/1680 train_time:310636ms step_avg:333.30ms
step:933/1680 train_time:310971ms step_avg:333.30ms
step:934/1680 train_time:311302ms step_avg:333.30ms
step:935/1680 train_time:311632ms step_avg:333.30ms
step:936/1680 train_time:311972ms step_avg:333.30ms
step:937/1680 train_time:312305ms step_avg:333.30ms
step:938/1680 train_time:312641ms step_avg:333.31ms
step:939/1680 train_time:312969ms step_avg:333.30ms
step:940/1680 train_time:313298ms step_avg:333.30ms
step:941/1680 train_time:313633ms step_avg:333.30ms
step:942/1680 train_time:313966ms step_avg:333.30ms
step:943/1680 train_time:314298ms step_avg:333.30ms
step:944/1680 train_time:314630ms step_avg:333.29ms
step:945/1680 train_time:314958ms step_avg:333.29ms
step:946/1680 train_time:315285ms step_avg:333.28ms
step:947/1680 train_time:315614ms step_avg:333.28ms
step:948/1680 train_time:315946ms step_avg:333.28ms
step:949/1680 train_time:316276ms step_avg:333.27ms
step:950/1680 train_time:316608ms step_avg:333.27ms
step:951/1680 train_time:316942ms step_avg:333.27ms
step:952/1680 train_time:317270ms step_avg:333.27ms
step:953/1680 train_time:317602ms step_avg:333.27ms
step:954/1680 train_time:317938ms step_avg:333.27ms
step:955/1680 train_time:318270ms step_avg:333.27ms
step:956/1680 train_time:318601ms step_avg:333.27ms
step:957/1680 train_time:318936ms step_avg:333.27ms
step:958/1680 train_time:319268ms step_avg:333.27ms
step:959/1680 train_time:319598ms step_avg:333.26ms
step:960/1680 train_time:319929ms step_avg:333.26ms
step:961/1680 train_time:320265ms step_avg:333.26ms
step:962/1680 train_time:320595ms step_avg:333.26ms
step:963/1680 train_time:320928ms step_avg:333.26ms
step:964/1680 train_time:321268ms step_avg:333.27ms
step:965/1680 train_time:321613ms step_avg:333.28ms
step:966/1680 train_time:321949ms step_avg:333.28ms
step:967/1680 train_time:322262ms step_avg:333.26ms
step:968/1680 train_time:322594ms step_avg:333.26ms
step:969/1680 train_time:322923ms step_avg:333.25ms
step:970/1680 train_time:323255ms step_avg:333.25ms
step:971/1680 train_time:323587ms step_avg:333.25ms
step:972/1680 train_time:323918ms step_avg:333.25ms
step:973/1680 train_time:324251ms step_avg:333.25ms
step:974/1680 train_time:324582ms step_avg:333.25ms
step:975/1680 train_time:324913ms step_avg:333.24ms
step:976/1680 train_time:325246ms step_avg:333.24ms
step:977/1680 train_time:325578ms step_avg:333.24ms
step:978/1680 train_time:325909ms step_avg:333.24ms
step:979/1680 train_time:326241ms step_avg:333.24ms
step:980/1680 train_time:326570ms step_avg:333.24ms
step:981/1680 train_time:326905ms step_avg:333.24ms
step:982/1680 train_time:327239ms step_avg:333.24ms
step:983/1680 train_time:327572ms step_avg:333.24ms
step:984/1680 train_time:327908ms step_avg:333.24ms
step:985/1680 train_time:328243ms step_avg:333.24ms
step:986/1680 train_time:328571ms step_avg:333.24ms
step:987/1680 train_time:328900ms step_avg:333.23ms
step:988/1680 train_time:329232ms step_avg:333.23ms
step:989/1680 train_time:329564ms step_avg:333.23ms
step:990/1680 train_time:329894ms step_avg:333.23ms
step:991/1680 train_time:330227ms step_avg:333.23ms
step:992/1680 train_time:330558ms step_avg:333.22ms
step:993/1680 train_time:330890ms step_avg:333.22ms
step:994/1680 train_time:331221ms step_avg:333.22ms
step:995/1680 train_time:331552ms step_avg:333.22ms
step:996/1680 train_time:331882ms step_avg:333.21ms
step:997/1680 train_time:332219ms step_avg:333.22ms
step:998/1680 train_time:332549ms step_avg:333.22ms
step:999/1680 train_time:332880ms step_avg:333.21ms
step:1000/1680 train_time:333215ms step_avg:333.21ms
step:1000/1680 val_loss:3.4662 train_time:333430ms step_avg:333.43ms
step:1001/1680 train_time:333700ms step_avg:333.37ms
step:1002/1680 train_time:334016ms step_avg:333.35ms
step:1003/1680 train_time:334346ms step_avg:333.35ms
step:1004/1680 train_time:334680ms step_avg:333.35ms
step:1005/1680 train_time:335012ms step_avg:333.35ms
step:1006/1680 train_time:335363ms step_avg:333.36ms
step:1007/1680 train_time:335679ms step_avg:333.35ms
step:1008/1680 train_time:336013ms step_avg:333.35ms
step:1009/1680 train_time:336345ms step_avg:333.34ms
step:1010/1680 train_time:336677ms step_avg:333.34ms
step:1011/1680 train_time:337008ms step_avg:333.34ms
step:1012/1680 train_time:337344ms step_avg:333.34ms
step:1013/1680 train_time:337677ms step_avg:333.34ms
step:1014/1680 train_time:338001ms step_avg:333.33ms
step:1015/1680 train_time:338332ms step_avg:333.33ms
step:1016/1680 train_time:338667ms step_avg:333.33ms
step:1017/1680 train_time:338996ms step_avg:333.33ms
step:1018/1680 train_time:339335ms step_avg:333.33ms
step:1019/1680 train_time:339666ms step_avg:333.33ms
step:1020/1680 train_time:339996ms step_avg:333.33ms
step:1021/1680 train_time:340327ms step_avg:333.33ms
step:1022/1680 train_time:340663ms step_avg:333.33ms
step:1023/1680 train_time:340998ms step_avg:333.33ms
step:1024/1680 train_time:341330ms step_avg:333.33ms
step:1025/1680 train_time:341663ms step_avg:333.33ms
step:1026/1680 train_time:341998ms step_avg:333.33ms
step:1027/1680 train_time:342329ms step_avg:333.33ms
step:1028/1680 train_time:342655ms step_avg:333.32ms
step:1029/1680 train_time:342993ms step_avg:333.33ms
step:1030/1680 train_time:343325ms step_avg:333.33ms
step:1031/1680 train_time:343657ms step_avg:333.32ms
step:1032/1680 train_time:343987ms step_avg:333.32ms
step:1033/1680 train_time:344318ms step_avg:333.32ms
step:1034/1680 train_time:344669ms step_avg:333.34ms
step:1035/1680 train_time:344986ms step_avg:333.32ms
step:1036/1680 train_time:345318ms step_avg:333.32ms
step:1037/1680 train_time:345658ms step_avg:333.32ms
step:1038/1680 train_time:346001ms step_avg:333.33ms
step:1039/1680 train_time:346325ms step_avg:333.32ms
step:1040/1680 train_time:346647ms step_avg:333.31ms
step:1041/1680 train_time:346985ms step_avg:333.32ms
step:1042/1680 train_time:347327ms step_avg:333.33ms
step:1043/1680 train_time:347676ms step_avg:333.34ms
step:1044/1680 train_time:347991ms step_avg:333.32ms
step:1045/1680 train_time:348328ms step_avg:333.33ms
step:1046/1680 train_time:348666ms step_avg:333.33ms
step:1047/1680 train_time:348996ms step_avg:333.33ms
step:1048/1680 train_time:349329ms step_avg:333.33ms
step:1049/1680 train_time:349657ms step_avg:333.32ms
step:1050/1680 train_time:349991ms step_avg:333.32ms
step:1051/1680 train_time:350330ms step_avg:333.33ms
step:1052/1680 train_time:350676ms step_avg:333.34ms
step:1053/1680 train_time:351009ms step_avg:333.34ms
step:1054/1680 train_time:351324ms step_avg:333.32ms
step:1055/1680 train_time:351657ms step_avg:333.32ms
step:1056/1680 train_time:351992ms step_avg:333.33ms
step:1057/1680 train_time:352324ms step_avg:333.32ms
step:1058/1680 train_time:352656ms step_avg:333.32ms
step:1059/1680 train_time:352982ms step_avg:333.32ms
step:1060/1680 train_time:353315ms step_avg:333.32ms
step:1061/1680 train_time:353645ms step_avg:333.31ms
step:1062/1680 train_time:353976ms step_avg:333.31ms
step:1063/1680 train_time:354310ms step_avg:333.31ms
step:1064/1680 train_time:354639ms step_avg:333.31ms
step:1065/1680 train_time:354974ms step_avg:333.31ms
step:1066/1680 train_time:355305ms step_avg:333.31ms
step:1067/1680 train_time:355640ms step_avg:333.31ms
step:1068/1680 train_time:355969ms step_avg:333.30ms
step:1069/1680 train_time:356304ms step_avg:333.31ms
step:1070/1680 train_time:356635ms step_avg:333.30ms
step:1071/1680 train_time:356966ms step_avg:333.30ms
step:1072/1680 train_time:357296ms step_avg:333.30ms
step:1073/1680 train_time:357636ms step_avg:333.30ms
step:1074/1680 train_time:357960ms step_avg:333.30ms
step:1075/1680 train_time:358291ms step_avg:333.29ms
step:1076/1680 train_time:358623ms step_avg:333.29ms
step:1077/1680 train_time:358954ms step_avg:333.29ms
step:1078/1680 train_time:359286ms step_avg:333.29ms
step:1079/1680 train_time:359617ms step_avg:333.29ms
step:1080/1680 train_time:359950ms step_avg:333.29ms
step:1081/1680 train_time:360283ms step_avg:333.29ms
step:1082/1680 train_time:360617ms step_avg:333.29ms
step:1083/1680 train_time:360946ms step_avg:333.28ms
step:1084/1680 train_time:361278ms step_avg:333.28ms
step:1085/1680 train_time:361605ms step_avg:333.28ms
step:1086/1680 train_time:361938ms step_avg:333.28ms
step:1087/1680 train_time:362269ms step_avg:333.27ms
step:1088/1680 train_time:362603ms step_avg:333.27ms
step:1089/1680 train_time:362936ms step_avg:333.27ms
step:1090/1680 train_time:363269ms step_avg:333.27ms
step:1091/1680 train_time:363601ms step_avg:333.27ms
step:1092/1680 train_time:363933ms step_avg:333.27ms
step:1093/1680 train_time:364272ms step_avg:333.28ms
step:1094/1680 train_time:364603ms step_avg:333.28ms
step:1095/1680 train_time:364936ms step_avg:333.27ms
step:1096/1680 train_time:365273ms step_avg:333.28ms
step:1097/1680 train_time:365599ms step_avg:333.27ms
step:1098/1680 train_time:365934ms step_avg:333.27ms
step:1099/1680 train_time:366271ms step_avg:333.28ms
step:1100/1680 train_time:366599ms step_avg:333.27ms
step:1101/1680 train_time:366930ms step_avg:333.27ms
step:1102/1680 train_time:367261ms step_avg:333.27ms
step:1103/1680 train_time:367595ms step_avg:333.27ms
step:1104/1680 train_time:367931ms step_avg:333.27ms
step:1105/1680 train_time:368258ms step_avg:333.27ms
step:1106/1680 train_time:368600ms step_avg:333.27ms
step:1107/1680 train_time:368933ms step_avg:333.27ms
step:1108/1680 train_time:369256ms step_avg:333.26ms
step:1109/1680 train_time:369592ms step_avg:333.27ms
step:1110/1680 train_time:369923ms step_avg:333.26ms
step:1111/1680 train_time:370252ms step_avg:333.26ms
step:1112/1680 train_time:370590ms step_avg:333.26ms
step:1113/1680 train_time:370922ms step_avg:333.26ms
step:1114/1680 train_time:371251ms step_avg:333.26ms
step:1115/1680 train_time:371580ms step_avg:333.26ms
step:1116/1680 train_time:371914ms step_avg:333.26ms
step:1117/1680 train_time:372244ms step_avg:333.25ms
step:1118/1680 train_time:372578ms step_avg:333.25ms
step:1119/1680 train_time:372915ms step_avg:333.26ms
step:1120/1680 train_time:373256ms step_avg:333.26ms
step:1121/1680 train_time:373587ms step_avg:333.26ms
step:1122/1680 train_time:373913ms step_avg:333.26ms
step:1123/1680 train_time:374243ms step_avg:333.25ms
step:1124/1680 train_time:374590ms step_avg:333.27ms
step:1125/1680 train_time:374921ms step_avg:333.26ms
step:1125/1680 val_loss:3.4135 train_time:375125ms step_avg:333.44ms
step:1126/1680 train_time:375337ms step_avg:333.34ms
step:1127/1680 train_time:375649ms step_avg:333.32ms
step:1128/1680 train_time:375981ms step_avg:333.32ms
step:1129/1680 train_time:376314ms step_avg:333.32ms
step:1130/1680 train_time:376652ms step_avg:333.32ms
step:1131/1680 train_time:376979ms step_avg:333.32ms
step:1132/1680 train_time:377314ms step_avg:333.32ms
step:1133/1680 train_time:377642ms step_avg:333.31ms
step:1134/1680 train_time:377974ms step_avg:333.31ms
step:1135/1680 train_time:378305ms step_avg:333.31ms
step:1136/1680 train_time:378643ms step_avg:333.31ms
step:1137/1680 train_time:378976ms step_avg:333.31ms
step:1138/1680 train_time:379319ms step_avg:333.32ms
step:1139/1680 train_time:379638ms step_avg:333.31ms
step:1140/1680 train_time:379981ms step_avg:333.32ms
step:1141/1680 train_time:380299ms step_avg:333.30ms
step:1142/1680 train_time:380647ms step_avg:333.32ms
step:1143/1680 train_time:380978ms step_avg:333.31ms
step:1144/1680 train_time:381307ms step_avg:333.31ms
step:1145/1680 train_time:381636ms step_avg:333.31ms
step:1146/1680 train_time:381976ms step_avg:333.31ms
step:1147/1680 train_time:382305ms step_avg:333.31ms
step:1148/1680 train_time:382643ms step_avg:333.31ms
step:1149/1680 train_time:382960ms step_avg:333.30ms
step:1150/1680 train_time:383290ms step_avg:333.30ms
step:1151/1680 train_time:383631ms step_avg:333.30ms
step:1152/1680 train_time:383957ms step_avg:333.30ms
step:1153/1680 train_time:384287ms step_avg:333.29ms
step:1154/1680 train_time:384620ms step_avg:333.29ms
step:1155/1680 train_time:384950ms step_avg:333.29ms
step:1156/1680 train_time:385281ms step_avg:333.29ms
step:1157/1680 train_time:385611ms step_avg:333.28ms
step:1158/1680 train_time:385943ms step_avg:333.28ms
step:1159/1680 train_time:386274ms step_avg:333.28ms
step:1160/1680 train_time:386610ms step_avg:333.28ms
step:1161/1680 train_time:386943ms step_avg:333.28ms
step:1162/1680 train_time:387282ms step_avg:333.29ms
step:1163/1680 train_time:387610ms step_avg:333.28ms
step:1164/1680 train_time:387943ms step_avg:333.28ms
step:1165/1680 train_time:388279ms step_avg:333.29ms
step:1166/1680 train_time:388627ms step_avg:333.30ms
step:1167/1680 train_time:388959ms step_avg:333.30ms
step:1168/1680 train_time:389288ms step_avg:333.29ms
step:1169/1680 train_time:389612ms step_avg:333.29ms
step:1170/1680 train_time:389941ms step_avg:333.28ms
step:1171/1680 train_time:390267ms step_avg:333.28ms
step:1172/1680 train_time:390605ms step_avg:333.28ms
step:1173/1680 train_time:390943ms step_avg:333.28ms
step:1174/1680 train_time:391257ms step_avg:333.27ms
step:1175/1680 train_time:391596ms step_avg:333.27ms
step:1176/1680 train_time:391927ms step_avg:333.27ms
step:1177/1680 train_time:392259ms step_avg:333.27ms
step:1178/1680 train_time:392594ms step_avg:333.27ms
step:1179/1680 train_time:392927ms step_avg:333.27ms
step:1180/1680 train_time:393264ms step_avg:333.27ms
step:1181/1680 train_time:393596ms step_avg:333.27ms
step:1182/1680 train_time:393923ms step_avg:333.27ms
step:1183/1680 train_time:394256ms step_avg:333.27ms
step:1184/1680 train_time:394586ms step_avg:333.27ms
step:1185/1680 train_time:394918ms step_avg:333.26ms
step:1186/1680 train_time:395250ms step_avg:333.26ms
step:1187/1680 train_time:395577ms step_avg:333.26ms
step:1188/1680 train_time:395910ms step_avg:333.26ms
step:1189/1680 train_time:396248ms step_avg:333.26ms
step:1190/1680 train_time:396578ms step_avg:333.26ms
step:1191/1680 train_time:396913ms step_avg:333.26ms
step:1192/1680 train_time:397243ms step_avg:333.26ms
step:1193/1680 train_time:397578ms step_avg:333.26ms
step:1194/1680 train_time:397910ms step_avg:333.26ms
step:1195/1680 train_time:398241ms step_avg:333.26ms
step:1196/1680 train_time:398574ms step_avg:333.26ms
step:1197/1680 train_time:398904ms step_avg:333.25ms
step:1198/1680 train_time:399234ms step_avg:333.25ms
step:1199/1680 train_time:399569ms step_avg:333.25ms
step:1200/1680 train_time:399900ms step_avg:333.25ms
step:1201/1680 train_time:400230ms step_avg:333.25ms
step:1202/1680 train_time:400585ms step_avg:333.27ms
step:1203/1680 train_time:400912ms step_avg:333.26ms
step:1204/1680 train_time:401226ms step_avg:333.24ms
step:1205/1680 train_time:401556ms step_avg:333.24ms
step:1206/1680 train_time:401904ms step_avg:333.25ms
step:1207/1680 train_time:402217ms step_avg:333.24ms
step:1208/1680 train_time:402550ms step_avg:333.24ms
step:1209/1680 train_time:402879ms step_avg:333.23ms
step:1210/1680 train_time:403227ms step_avg:333.25ms
step:1211/1680 train_time:403561ms step_avg:333.25ms
step:1212/1680 train_time:403893ms step_avg:333.25ms
step:1213/1680 train_time:404226ms step_avg:333.24ms
step:1214/1680 train_time:404539ms step_avg:333.23ms
step:1215/1680 train_time:404870ms step_avg:333.23ms
step:1216/1680 train_time:405197ms step_avg:333.22ms
step:1217/1680 train_time:405527ms step_avg:333.22ms
step:1218/1680 train_time:405855ms step_avg:333.21ms
step:1219/1680 train_time:406191ms step_avg:333.22ms
step:1220/1680 train_time:406527ms step_avg:333.22ms
step:1221/1680 train_time:406859ms step_avg:333.22ms
step:1222/1680 train_time:407191ms step_avg:333.22ms
step:1223/1680 train_time:407526ms step_avg:333.22ms
step:1224/1680 train_time:407855ms step_avg:333.21ms
step:1225/1680 train_time:408192ms step_avg:333.22ms
step:1226/1680 train_time:408526ms step_avg:333.22ms
step:1227/1680 train_time:408858ms step_avg:333.22ms
step:1228/1680 train_time:409189ms step_avg:333.22ms
step:1229/1680 train_time:409520ms step_avg:333.21ms
step:1230/1680 train_time:409851ms step_avg:333.21ms
step:1231/1680 train_time:410179ms step_avg:333.21ms
step:1232/1680 train_time:410510ms step_avg:333.21ms
step:1233/1680 train_time:410841ms step_avg:333.20ms
step:1234/1680 train_time:411172ms step_avg:333.20ms
step:1235/1680 train_time:411502ms step_avg:333.20ms
step:1236/1680 train_time:411835ms step_avg:333.20ms
step:1237/1680 train_time:412168ms step_avg:333.20ms
step:1238/1680 train_time:412498ms step_avg:333.20ms
step:1239/1680 train_time:412829ms step_avg:333.20ms
step:1240/1680 train_time:413163ms step_avg:333.20ms
step:1241/1680 train_time:413497ms step_avg:333.20ms
step:1242/1680 train_time:413830ms step_avg:333.20ms
step:1243/1680 train_time:414161ms step_avg:333.19ms
step:1244/1680 train_time:414494ms step_avg:333.19ms
step:1245/1680 train_time:414827ms step_avg:333.19ms
step:1246/1680 train_time:415160ms step_avg:333.19ms
step:1247/1680 train_time:415487ms step_avg:333.19ms
step:1248/1680 train_time:415817ms step_avg:333.19ms
step:1249/1680 train_time:416150ms step_avg:333.19ms
step:1250/1680 train_time:416491ms step_avg:333.19ms
step:1250/1680 val_loss:3.3742 train_time:416709ms step_avg:333.37ms
step:1251/1680 train_time:416904ms step_avg:333.26ms
step:1252/1680 train_time:417255ms step_avg:333.27ms
step:1253/1680 train_time:417594ms step_avg:333.28ms
step:1254/1680 train_time:417927ms step_avg:333.28ms
step:1255/1680 train_time:418259ms step_avg:333.27ms
step:1256/1680 train_time:418592ms step_avg:333.27ms
step:1257/1680 train_time:418923ms step_avg:333.27ms
step:1258/1680 train_time:419251ms step_avg:333.27ms
step:1259/1680 train_time:419592ms step_avg:333.27ms
step:1260/1680 train_time:419923ms step_avg:333.27ms
step:1261/1680 train_time:420259ms step_avg:333.27ms
step:1262/1680 train_time:420592ms step_avg:333.27ms
step:1263/1680 train_time:420944ms step_avg:333.29ms
step:1264/1680 train_time:421260ms step_avg:333.28ms
step:1265/1680 train_time:421587ms step_avg:333.27ms
step:1266/1680 train_time:421921ms step_avg:333.27ms
step:1267/1680 train_time:422254ms step_avg:333.27ms
step:1268/1680 train_time:422591ms step_avg:333.27ms
step:1269/1680 train_time:422924ms step_avg:333.27ms
step:1270/1680 train_time:423257ms step_avg:333.27ms
step:1271/1680 train_time:423592ms step_avg:333.27ms
step:1272/1680 train_time:423926ms step_avg:333.27ms
step:1273/1680 train_time:424262ms step_avg:333.28ms
step:1274/1680 train_time:424589ms step_avg:333.27ms
step:1275/1680 train_time:424919ms step_avg:333.27ms
step:1276/1680 train_time:425254ms step_avg:333.27ms
step:1277/1680 train_time:425583ms step_avg:333.27ms
step:1278/1680 train_time:425912ms step_avg:333.26ms
step:1279/1680 train_time:426243ms step_avg:333.26ms
step:1280/1680 train_time:426577ms step_avg:333.26ms
step:1281/1680 train_time:426911ms step_avg:333.26ms
step:1282/1680 train_time:427244ms step_avg:333.26ms
step:1283/1680 train_time:427577ms step_avg:333.26ms
step:1284/1680 train_time:427906ms step_avg:333.26ms
step:1285/1680 train_time:428240ms step_avg:333.26ms
step:1286/1680 train_time:428573ms step_avg:333.26ms
step:1287/1680 train_time:428904ms step_avg:333.26ms
step:1288/1680 train_time:429239ms step_avg:333.26ms
step:1289/1680 train_time:429570ms step_avg:333.26ms
step:1290/1680 train_time:429914ms step_avg:333.27ms
step:1291/1680 train_time:430247ms step_avg:333.27ms
step:1292/1680 train_time:430582ms step_avg:333.27ms
step:1293/1680 train_time:430914ms step_avg:333.27ms
step:1294/1680 train_time:431241ms step_avg:333.26ms
step:1295/1680 train_time:431577ms step_avg:333.26ms
step:1296/1680 train_time:431909ms step_avg:333.26ms
step:1297/1680 train_time:432241ms step_avg:333.26ms
step:1298/1680 train_time:432571ms step_avg:333.26ms
step:1299/1680 train_time:432905ms step_avg:333.26ms
step:1300/1680 train_time:433237ms step_avg:333.26ms
step:1301/1680 train_time:433569ms step_avg:333.26ms
step:1302/1680 train_time:433900ms step_avg:333.26ms
step:1303/1680 train_time:434236ms step_avg:333.26ms
step:1304/1680 train_time:434571ms step_avg:333.26ms
step:1305/1680 train_time:434901ms step_avg:333.26ms
step:1306/1680 train_time:435229ms step_avg:333.25ms
step:1307/1680 train_time:435564ms step_avg:333.25ms
step:1308/1680 train_time:435898ms step_avg:333.26ms
step:1309/1680 train_time:436227ms step_avg:333.25ms
step:1310/1680 train_time:436560ms step_avg:333.25ms
step:1311/1680 train_time:436892ms step_avg:333.25ms
step:1312/1680 train_time:437226ms step_avg:333.25ms
step:1313/1680 train_time:437559ms step_avg:333.25ms
step:1314/1680 train_time:437894ms step_avg:333.25ms
step:1315/1680 train_time:438227ms step_avg:333.25ms
step:1316/1680 train_time:438560ms step_avg:333.25ms
step:1317/1680 train_time:438896ms step_avg:333.25ms
step:1318/1680 train_time:439222ms step_avg:333.25ms
step:1319/1680 train_time:439556ms step_avg:333.25ms
step:1320/1680 train_time:439887ms step_avg:333.25ms
step:1321/1680 train_time:440220ms step_avg:333.25ms
step:1322/1680 train_time:440553ms step_avg:333.25ms
step:1323/1680 train_time:440886ms step_avg:333.25ms
step:1324/1680 train_time:441222ms step_avg:333.25ms
step:1325/1680 train_time:441554ms step_avg:333.25ms
step:1326/1680 train_time:441887ms step_avg:333.25ms
step:1327/1680 train_time:442231ms step_avg:333.26ms
step:1328/1680 train_time:442554ms step_avg:333.25ms
step:1329/1680 train_time:442886ms step_avg:333.25ms
step:1330/1680 train_time:443216ms step_avg:333.25ms
step:1331/1680 train_time:443560ms step_avg:333.25ms
step:1332/1680 train_time:443893ms step_avg:333.25ms
step:1333/1680 train_time:444226ms step_avg:333.25ms
step:1334/1680 train_time:444560ms step_avg:333.25ms
step:1335/1680 train_time:444875ms step_avg:333.24ms
step:1336/1680 train_time:445224ms step_avg:333.25ms
step:1337/1680 train_time:445558ms step_avg:333.25ms
step:1338/1680 train_time:445877ms step_avg:333.24ms
step:1339/1680 train_time:446213ms step_avg:333.24ms
step:1340/1680 train_time:446545ms step_avg:333.24ms
step:1341/1680 train_time:446880ms step_avg:333.24ms
step:1342/1680 train_time:447216ms step_avg:333.25ms
step:1343/1680 train_time:447545ms step_avg:333.24ms
step:1344/1680 train_time:447899ms step_avg:333.26ms
step:1345/1680 train_time:448232ms step_avg:333.26ms
step:1346/1680 train_time:448548ms step_avg:333.25ms
step:1347/1680 train_time:448881ms step_avg:333.25ms
step:1348/1680 train_time:449220ms step_avg:333.25ms
step:1349/1680 train_time:449554ms step_avg:333.25ms
step:1350/1680 train_time:449886ms step_avg:333.25ms
step:1351/1680 train_time:450216ms step_avg:333.25ms
step:1352/1680 train_time:450547ms step_avg:333.24ms
step:1353/1680 train_time:450899ms step_avg:333.26ms
step:1354/1680 train_time:451232ms step_avg:333.26ms
step:1355/1680 train_time:451553ms step_avg:333.25ms
step:1356/1680 train_time:451881ms step_avg:333.25ms
step:1357/1680 train_time:452216ms step_avg:333.25ms
step:1358/1680 train_time:452549ms step_avg:333.25ms
step:1359/1680 train_time:452879ms step_avg:333.24ms
step:1360/1680 train_time:453214ms step_avg:333.25ms
step:1361/1680 train_time:453547ms step_avg:333.25ms
step:1362/1680 train_time:453877ms step_avg:333.24ms
step:1363/1680 train_time:454209ms step_avg:333.24ms
step:1364/1680 train_time:454539ms step_avg:333.24ms
step:1365/1680 train_time:454873ms step_avg:333.24ms
step:1366/1680 train_time:455208ms step_avg:333.24ms
step:1367/1680 train_time:455560ms step_avg:333.25ms
step:1368/1680 train_time:455874ms step_avg:333.24ms
step:1369/1680 train_time:456210ms step_avg:333.24ms
step:1370/1680 train_time:456558ms step_avg:333.25ms
step:1371/1680 train_time:456887ms step_avg:333.25ms
step:1372/1680 train_time:457217ms step_avg:333.25ms
step:1373/1680 train_time:457549ms step_avg:333.25ms
step:1374/1680 train_time:457880ms step_avg:333.25ms
step:1375/1680 train_time:458210ms step_avg:333.24ms
step:1375/1680 val_loss:3.3395 train_time:458419ms step_avg:333.40ms
step:1376/1680 train_time:458631ms step_avg:333.31ms
step:1377/1680 train_time:458945ms step_avg:333.29ms
step:1378/1680 train_time:459279ms step_avg:333.29ms
step:1379/1680 train_time:459611ms step_avg:333.29ms
step:1380/1680 train_time:459947ms step_avg:333.30ms
step:1381/1680 train_time:460285ms step_avg:333.30ms
step:1382/1680 train_time:460616ms step_avg:333.30ms
step:1383/1680 train_time:460947ms step_avg:333.29ms
step:1384/1680 train_time:461279ms step_avg:333.29ms
step:1385/1680 train_time:461612ms step_avg:333.29ms
step:1386/1680 train_time:461943ms step_avg:333.29ms
step:1387/1680 train_time:462273ms step_avg:333.29ms
step:1388/1680 train_time:462605ms step_avg:333.29ms
step:1389/1680 train_time:462935ms step_avg:333.29ms
step:1390/1680 train_time:463269ms step_avg:333.29ms
step:1391/1680 train_time:463600ms step_avg:333.29ms
step:1392/1680 train_time:463931ms step_avg:333.28ms
step:1393/1680 train_time:464269ms step_avg:333.29ms
step:1394/1680 train_time:464597ms step_avg:333.28ms
step:1395/1680 train_time:464929ms step_avg:333.28ms
step:1396/1680 train_time:465259ms step_avg:333.28ms
step:1397/1680 train_time:465581ms step_avg:333.27ms
step:1398/1680 train_time:465906ms step_avg:333.27ms
step:1399/1680 train_time:466236ms step_avg:333.26ms
step:1400/1680 train_time:466565ms step_avg:333.26ms
step:1401/1680 train_time:466900ms step_avg:333.26ms
step:1402/1680 train_time:467233ms step_avg:333.26ms
step:1403/1680 train_time:467564ms step_avg:333.26ms
step:1404/1680 train_time:467900ms step_avg:333.26ms
step:1405/1680 train_time:468231ms step_avg:333.26ms
step:1406/1680 train_time:468560ms step_avg:333.26ms
step:1407/1680 train_time:468894ms step_avg:333.26ms
step:1408/1680 train_time:469229ms step_avg:333.26ms
step:1409/1680 train_time:469561ms step_avg:333.26ms
step:1410/1680 train_time:469902ms step_avg:333.26ms
step:1411/1680 train_time:470233ms step_avg:333.26ms
step:1412/1680 train_time:470575ms step_avg:333.27ms
step:1413/1680 train_time:470906ms step_avg:333.27ms
step:1414/1680 train_time:471236ms step_avg:333.26ms
step:1415/1680 train_time:471563ms step_avg:333.26ms
step:1416/1680 train_time:471897ms step_avg:333.26ms
step:1417/1680 train_time:472229ms step_avg:333.26ms
step:1418/1680 train_time:472560ms step_avg:333.26ms
step:1419/1680 train_time:472891ms step_avg:333.26ms
step:1420/1680 train_time:473223ms step_avg:333.26ms
step:1421/1680 train_time:473554ms step_avg:333.25ms
step:1422/1680 train_time:473882ms step_avg:333.25ms
step:1423/1680 train_time:474220ms step_avg:333.25ms
step:1424/1680 train_time:474556ms step_avg:333.26ms
step:1425/1680 train_time:474892ms step_avg:333.26ms
step:1426/1680 train_time:475227ms step_avg:333.26ms
step:1427/1680 train_time:475558ms step_avg:333.26ms
step:1428/1680 train_time:475894ms step_avg:333.26ms
step:1429/1680 train_time:476227ms step_avg:333.26ms
step:1430/1680 train_time:476563ms step_avg:333.26ms
step:1431/1680 train_time:476914ms step_avg:333.27ms
step:1432/1680 train_time:477245ms step_avg:333.27ms
step:1433/1680 train_time:477579ms step_avg:333.27ms
step:1434/1680 train_time:477898ms step_avg:333.26ms
step:1435/1680 train_time:478228ms step_avg:333.26ms
step:1436/1680 train_time:478559ms step_avg:333.26ms
step:1437/1680 train_time:478889ms step_avg:333.26ms
step:1438/1680 train_time:479222ms step_avg:333.26ms
step:1439/1680 train_time:479556ms step_avg:333.26ms
step:1440/1680 train_time:479893ms step_avg:333.26ms
step:1441/1680 train_time:480222ms step_avg:333.26ms
step:1442/1680 train_time:480553ms step_avg:333.25ms
step:1443/1680 train_time:480884ms step_avg:333.25ms
step:1444/1680 train_time:481217ms step_avg:333.25ms
step:1445/1680 train_time:481550ms step_avg:333.25ms
step:1446/1680 train_time:481882ms step_avg:333.25ms
step:1447/1680 train_time:482213ms step_avg:333.25ms
step:1448/1680 train_time:482544ms step_avg:333.25ms
step:1449/1680 train_time:482876ms step_avg:333.25ms
step:1450/1680 train_time:483203ms step_avg:333.24ms
step:1451/1680 train_time:483537ms step_avg:333.24ms
step:1452/1680 train_time:483868ms step_avg:333.24ms
step:1453/1680 train_time:484205ms step_avg:333.25ms
step:1454/1680 train_time:484536ms step_avg:333.24ms
step:1455/1680 train_time:484867ms step_avg:333.24ms
step:1456/1680 train_time:485199ms step_avg:333.24ms
step:1457/1680 train_time:485534ms step_avg:333.24ms
step:1458/1680 train_time:485864ms step_avg:333.24ms
step:1459/1680 train_time:486199ms step_avg:333.24ms
step:1460/1680 train_time:486532ms step_avg:333.24ms
step:1461/1680 train_time:486863ms step_avg:333.24ms
step:1462/1680 train_time:487196ms step_avg:333.24ms
step:1463/1680 train_time:487527ms step_avg:333.24ms
step:1464/1680 train_time:487862ms step_avg:333.24ms
step:1465/1680 train_time:488193ms step_avg:333.24ms
step:1466/1680 train_time:488528ms step_avg:333.24ms
step:1467/1680 train_time:488862ms step_avg:333.24ms
step:1468/1680 train_time:489197ms step_avg:333.24ms
step:1469/1680 train_time:489534ms step_avg:333.24ms
step:1470/1680 train_time:489870ms step_avg:333.24ms
step:1471/1680 train_time:490202ms step_avg:333.24ms
step:1472/1680 train_time:490536ms step_avg:333.24ms
step:1473/1680 train_time:490869ms step_avg:333.24ms
step:1474/1680 train_time:491202ms step_avg:333.24ms
step:1475/1680 train_time:491536ms step_avg:333.24ms
step:1476/1680 train_time:491870ms step_avg:333.25ms
step:1477/1680 train_time:492203ms step_avg:333.24ms
step:1478/1680 train_time:492537ms step_avg:333.25ms
step:1479/1680 train_time:492873ms step_avg:333.25ms
step:1480/1680 train_time:493205ms step_avg:333.25ms
step:1481/1680 train_time:493538ms step_avg:333.25ms
step:1482/1680 train_time:493871ms step_avg:333.25ms
step:1483/1680 train_time:494207ms step_avg:333.25ms
step:1484/1680 train_time:494538ms step_avg:333.25ms
step:1485/1680 train_time:494873ms step_avg:333.25ms
step:1486/1680 train_time:495206ms step_avg:333.25ms
step:1487/1680 train_time:495543ms step_avg:333.25ms
step:1488/1680 train_time:495879ms step_avg:333.25ms
step:1489/1680 train_time:496216ms step_avg:333.25ms
step:1490/1680 train_time:496547ms step_avg:333.25ms
step:1491/1680 train_time:496879ms step_avg:333.25ms
step:1492/1680 train_time:497213ms step_avg:333.25ms
step:1493/1680 train_time:497552ms step_avg:333.26ms
step:1494/1680 train_time:497883ms step_avg:333.26ms
step:1495/1680 train_time:498220ms step_avg:333.26ms
step:1496/1680 train_time:498553ms step_avg:333.26ms
step:1497/1680 train_time:498886ms step_avg:333.26ms
step:1498/1680 train_time:499219ms step_avg:333.26ms
step:1499/1680 train_time:499554ms step_avg:333.26ms
step:1500/1680 train_time:499885ms step_avg:333.26ms
step:1500/1680 val_loss:3.3092 train_time:500107ms step_avg:333.40ms
step:1501/1680 train_time:500305ms step_avg:333.31ms
step:1502/1680 train_time:500625ms step_avg:333.31ms
step:1503/1680 train_time:500961ms step_avg:333.31ms
step:1504/1680 train_time:501299ms step_avg:333.31ms
step:1505/1680 train_time:501630ms step_avg:333.31ms
step:1506/1680 train_time:501964ms step_avg:333.31ms
step:1507/1680 train_time:502298ms step_avg:333.31ms
step:1508/1680 train_time:502632ms step_avg:333.31ms
step:1509/1680 train_time:502968ms step_avg:333.31ms
step:1510/1680 train_time:503299ms step_avg:333.31ms
step:1511/1680 train_time:503639ms step_avg:333.31ms
step:1512/1680 train_time:503970ms step_avg:333.31ms
step:1513/1680 train_time:504303ms step_avg:333.31ms
step:1514/1680 train_time:504639ms step_avg:333.32ms
step:1515/1680 train_time:504970ms step_avg:333.31ms
step:1516/1680 train_time:505307ms step_avg:333.32ms
step:1517/1680 train_time:505641ms step_avg:333.32ms
step:1518/1680 train_time:505974ms step_avg:333.32ms
step:1519/1680 train_time:506308ms step_avg:333.32ms
step:1520/1680 train_time:506647ms step_avg:333.32ms
step:1521/1680 train_time:506982ms step_avg:333.32ms
step:1522/1680 train_time:507321ms step_avg:333.33ms
step:1523/1680 train_time:507643ms step_avg:333.32ms
step:1524/1680 train_time:507982ms step_avg:333.32ms
step:1525/1680 train_time:508319ms step_avg:333.32ms
step:1526/1680 train_time:508652ms step_avg:333.32ms
step:1527/1680 train_time:508986ms step_avg:333.32ms
step:1528/1680 train_time:509320ms step_avg:333.32ms
step:1529/1680 train_time:509652ms step_avg:333.32ms
step:1530/1680 train_time:509988ms step_avg:333.33ms
step:1531/1680 train_time:510322ms step_avg:333.33ms
step:1532/1680 train_time:510654ms step_avg:333.32ms
step:1533/1680 train_time:510987ms step_avg:333.32ms
step:1534/1680 train_time:511320ms step_avg:333.32ms
step:1535/1680 train_time:511651ms step_avg:333.32ms
step:1536/1680 train_time:511983ms step_avg:333.32ms
step:1537/1680 train_time:512319ms step_avg:333.32ms
step:1538/1680 train_time:512652ms step_avg:333.32ms
step:1539/1680 train_time:512984ms step_avg:333.32ms
step:1540/1680 train_time:513322ms step_avg:333.33ms
step:1541/1680 train_time:513654ms step_avg:333.33ms
step:1542/1680 train_time:513990ms step_avg:333.33ms
step:1543/1680 train_time:514328ms step_avg:333.33ms
step:1544/1680 train_time:514661ms step_avg:333.33ms
step:1545/1680 train_time:514996ms step_avg:333.33ms
step:1546/1680 train_time:515329ms step_avg:333.33ms
step:1547/1680 train_time:515660ms step_avg:333.33ms
step:1548/1680 train_time:515995ms step_avg:333.33ms
step:1549/1680 train_time:516331ms step_avg:333.33ms
step:1550/1680 train_time:516666ms step_avg:333.33ms
step:1551/1680 train_time:516999ms step_avg:333.33ms
step:1552/1680 train_time:517336ms step_avg:333.34ms
step:1553/1680 train_time:517669ms step_avg:333.33ms
step:1554/1680 train_time:518004ms step_avg:333.34ms
step:1555/1680 train_time:518335ms step_avg:333.33ms
step:1556/1680 train_time:518672ms step_avg:333.34ms
step:1557/1680 train_time:519008ms step_avg:333.34ms
step:1558/1680 train_time:519345ms step_avg:333.34ms
step:1559/1680 train_time:519678ms step_avg:333.34ms
step:1560/1680 train_time:520010ms step_avg:333.34ms
step:1561/1680 train_time:520359ms step_avg:333.35ms
step:1562/1680 train_time:520692ms step_avg:333.35ms
step:1563/1680 train_time:521026ms step_avg:333.35ms
step:1564/1680 train_time:521344ms step_avg:333.34ms
step:1565/1680 train_time:521679ms step_avg:333.34ms
step:1566/1680 train_time:522015ms step_avg:333.34ms
step:1567/1680 train_time:522347ms step_avg:333.34ms
step:1568/1680 train_time:522680ms step_avg:333.34ms
step:1569/1680 train_time:523014ms step_avg:333.34ms
step:1570/1680 train_time:523350ms step_avg:333.34ms
step:1571/1680 train_time:523683ms step_avg:333.34ms
step:1572/1680 train_time:524021ms step_avg:333.35ms
step:1573/1680 train_time:524354ms step_avg:333.35ms
step:1574/1680 train_time:524689ms step_avg:333.35ms
step:1575/1680 train_time:525024ms step_avg:333.35ms
step:1576/1680 train_time:525362ms step_avg:333.35ms
step:1577/1680 train_time:525694ms step_avg:333.35ms
step:1578/1680 train_time:526028ms step_avg:333.35ms
step:1579/1680 train_time:526360ms step_avg:333.35ms
step:1580/1680 train_time:526695ms step_avg:333.35ms
step:1581/1680 train_time:527032ms step_avg:333.35ms
step:1582/1680 train_time:527364ms step_avg:333.35ms
step:1583/1680 train_time:527697ms step_avg:333.35ms
step:1584/1680 train_time:528033ms step_avg:333.35ms
step:1585/1680 train_time:528382ms step_avg:333.36ms
step:1586/1680 train_time:528704ms step_avg:333.36ms
step:1587/1680 train_time:529035ms step_avg:333.36ms
step:1588/1680 train_time:529369ms step_avg:333.36ms
step:1589/1680 train_time:529719ms step_avg:333.37ms
step:1590/1680 train_time:530051ms step_avg:333.37ms
step:1591/1680 train_time:530386ms step_avg:333.37ms
step:1592/1680 train_time:530718ms step_avg:333.37ms
step:1593/1680 train_time:531048ms step_avg:333.36ms
step:1594/1680 train_time:531389ms step_avg:333.37ms
step:1595/1680 train_time:531723ms step_avg:333.37ms
step:1596/1680 train_time:532055ms step_avg:333.37ms
step:1597/1680 train_time:532391ms step_avg:333.37ms
step:1598/1680 train_time:532722ms step_avg:333.37ms
step:1599/1680 train_time:533043ms step_avg:333.36ms
step:1600/1680 train_time:533393ms step_avg:333.37ms
step:1601/1680 train_time:533726ms step_avg:333.37ms
step:1602/1680 train_time:534057ms step_avg:333.37ms
step:1603/1680 train_time:534373ms step_avg:333.36ms
step:1604/1680 train_time:534714ms step_avg:333.36ms
step:1605/1680 train_time:535050ms step_avg:333.36ms
step:1606/1680 train_time:535383ms step_avg:333.36ms
step:1607/1680 train_time:535719ms step_avg:333.37ms
step:1608/1680 train_time:536050ms step_avg:333.36ms
step:1609/1680 train_time:536385ms step_avg:333.37ms
step:1610/1680 train_time:536717ms step_avg:333.36ms
step:1611/1680 train_time:537058ms step_avg:333.37ms
step:1612/1680 train_time:537391ms step_avg:333.37ms
step:1613/1680 train_time:537728ms step_avg:333.37ms
step:1614/1680 train_time:538063ms step_avg:333.37ms
step:1615/1680 train_time:538397ms step_avg:333.37ms
step:1616/1680 train_time:538734ms step_avg:333.37ms
step:1617/1680 train_time:539063ms step_avg:333.37ms
step:1618/1680 train_time:539398ms step_avg:333.37ms
step:1619/1680 train_time:539732ms step_avg:333.37ms
step:1620/1680 train_time:540071ms step_avg:333.38ms
step:1621/1680 train_time:540404ms step_avg:333.38ms
step:1622/1680 train_time:540740ms step_avg:333.38ms
step:1623/1680 train_time:541073ms step_avg:333.38ms
step:1624/1680 train_time:541407ms step_avg:333.38ms
step:1625/1680 train_time:541744ms step_avg:333.38ms
step:1625/1680 val_loss:3.2848 train_time:541966ms step_avg:333.52ms
step:1626/1680 train_time:542170ms step_avg:333.44ms
step:1627/1680 train_time:542488ms step_avg:333.43ms
step:1628/1680 train_time:542824ms step_avg:333.43ms
step:1629/1680 train_time:543172ms step_avg:333.44ms
step:1630/1680 train_time:543492ms step_avg:333.43ms
step:1631/1680 train_time:543828ms step_avg:333.43ms
step:1632/1680 train_time:544163ms step_avg:333.43ms
step:1633/1680 train_time:544493ms step_avg:333.43ms
step:1634/1680 train_time:544830ms step_avg:333.43ms
step:1635/1680 train_time:545163ms step_avg:333.43ms
step:1636/1680 train_time:545498ms step_avg:333.43ms
step:1637/1680 train_time:545839ms step_avg:333.44ms
step:1638/1680 train_time:546172ms step_avg:333.44ms
step:1639/1680 train_time:546507ms step_avg:333.44ms
step:1640/1680 train_time:546839ms step_avg:333.44ms
step:1641/1680 train_time:547177ms step_avg:333.44ms
step:1642/1680 train_time:547515ms step_avg:333.44ms
step:1643/1680 train_time:547844ms step_avg:333.44ms
step:1644/1680 train_time:548179ms step_avg:333.44ms
step:1645/1680 train_time:548510ms step_avg:333.44ms
step:1646/1680 train_time:548840ms step_avg:333.44ms
step:1647/1680 train_time:549177ms step_avg:333.44ms
step:1648/1680 train_time:549510ms step_avg:333.44ms
step:1649/1680 train_time:549847ms step_avg:333.44ms
step:1650/1680 train_time:550180ms step_avg:333.44ms
step:1651/1680 train_time:550516ms step_avg:333.44ms
step:1652/1680 train_time:550849ms step_avg:333.44ms
step:1653/1680 train_time:551186ms step_avg:333.45ms
step:1654/1680 train_time:551523ms step_avg:333.45ms
step:1655/1680 train_time:551857ms step_avg:333.45ms
step:1656/1680 train_time:552189ms step_avg:333.45ms
step:1657/1680 train_time:552525ms step_avg:333.45ms
step:1658/1680 train_time:552859ms step_avg:333.45ms
step:1659/1680 train_time:553189ms step_avg:333.45ms
step:1660/1680 train_time:553520ms step_avg:333.45ms
step:1661/1680 train_time:553854ms step_avg:333.45ms
step:1662/1680 train_time:554187ms step_avg:333.45ms
step:1663/1680 train_time:554521ms step_avg:333.45ms
step:1664/1680 train_time:554858ms step_avg:333.45ms
step:1665/1680 train_time:555194ms step_avg:333.45ms
step:1666/1680 train_time:555528ms step_avg:333.45ms
step:1667/1680 train_time:555861ms step_avg:333.45ms
step:1668/1680 train_time:556198ms step_avg:333.45ms
step:1669/1680 train_time:556534ms step_avg:333.45ms
step:1670/1680 train_time:556867ms step_avg:333.45ms
step:1671/1680 train_time:557200ms step_avg:333.45ms
step:1672/1680 train_time:557534ms step_avg:333.45ms
step:1673/1680 train_time:557868ms step_avg:333.45ms
step:1674/1680 train_time:558206ms step_avg:333.46ms
step:1675/1680 train_time:558540ms step_avg:333.46ms
step:1676/1680 train_time:558873ms step_avg:333.46ms
step:1677/1680 train_time:559205ms step_avg:333.46ms
step:1678/1680 train_time:559543ms step_avg:333.46ms
step:1679/1680 train_time:559883ms step_avg:333.46ms
step:1680/1680 train_time:560216ms step_avg:333.46ms
step:1680/1680 val_loss:3.2742 train_time:560436ms step_avg:333.59ms
peak memory allocated: 41905 MiB reserved: 56944 MiB
total training time: 560.44s (560436ms)
Final val_loss: 3.2742
=== Done (exit=0, status=COMPLETED) ===
