=== Environment ===
PYTHON=/root/miniconda3/envs/llm_test/bin/python
Python 3.10.19
SEED=4
NPROC=16
DATA_PATH=/models/modded-nanogpt_record50_cautious_wd
Wed May 27 07:31:01 UTC 2026
=== Starting Training ===
W0527 15:31:13.141000 272 site-packages/torch/distributed/run.py:766] 
W0527 15:31:13.141000 272 site-packages/torch/distributed/run.py:766] *****************************************
W0527 15:31:13.141000 272 site-packages/torch/distributed/run.py:766] Setting OMP_NUM_THREADS environment variable for each process to be 1 in default, to avoid your system being overloaded, please further tune the variable for optimal performance in your application as needed. 
W0527 15:31:13.141000 272 site-packages/torch/distributed/run.py:766] *****************************************
/root/miniconda3/envs/llm_test/lib/python3.10/site-packages/torch/autograd/__init__.py:221: UserWarning: Cannot create tensor with interal format while allow_internel_format=False, tensor will be created with base format. (Triggered internally at build/CMakeFiles/torch_npu.dir/compiler_depend.ts:338.)
  torch.ones_like(out, memory_format=torch.preserve_format)
/root/miniconda3/envs/llm_test/lib/python3.10/site-packages/torch/autograd/__init__.py:221: UserWarning: Cannot create tensor with interal format while allow_internel_format=False, tensor will be created with base format. (Triggered internally at build/CMakeFiles/torch_npu.dir/compiler_depend.ts:338.)
  torch.ones_like(out, memory_format=torch.preserve_format)
/root/miniconda3/envs/llm_test/lib/python3.10/site-packages/torch/autograd/__init__.py:221: UserWarning: Cannot create tensor with interal format while allow_internel_format=False, tensor will be created with base format. (Triggered internally at build/CMakeFiles/torch_npu.dir/compiler_depend.ts:338.)
  torch.ones_like(out, memory_format=torch.preserve_format)
/root/miniconda3/envs/llm_test/lib/python3.10/site-packages/torch/autograd/__init__.py:221: UserWarning: Cannot create tensor with interal format while allow_internel_format=False, tensor will be created with base format. (Triggered internally at build/CMakeFiles/torch_npu.dir/compiler_depend.ts:338.)
  torch.ones_like(out, memory_format=torch.preserve_format)
/root/miniconda3/envs/llm_test/lib/python3.10/site-packages/torch/autograd/__init__.py:221: UserWarning: Cannot create tensor with interal format while allow_internel_format=False, tensor will be created with base format. (Triggered internally at build/CMakeFiles/torch_npu.dir/compiler_depend.ts:338.)
  torch.ones_like(out, memory_format=torch.preserve_format)
/root/miniconda3/envs/llm_test/lib/python3.10/site-packages/torch/autograd/__init__.py:221: UserWarning: Cannot create tensor with interal format while allow_internel_format=False, tensor will be created with base format. (Triggered internally at build/CMakeFiles/torch_npu.dir/compiler_depend.ts:338.)
  torch.ones_like(out, memory_format=torch.preserve_format)
/root/miniconda3/envs/llm_test/lib/python3.10/site-packages/torch/autograd/__init__.py:221: UserWarning: Cannot create tensor with interal format while allow_internel_format=False, tensor will be created with base format. (Triggered internally at build/CMakeFiles/torch_npu.dir/compiler_depend.ts:338.)
  torch.ones_like(out, memory_format=torch.preserve_format)
/root/miniconda3/envs/llm_test/lib/python3.10/site-packages/torch/autograd/__init__.py:221: UserWarning: Cannot create tensor with interal format while allow_internel_format=False, tensor will be created with base format. (Triggered internally at build/CMakeFiles/torch_npu.dir/compiler_depend.ts:338.)
  torch.ones_like(out, memory_format=torch.preserve_format)
/root/miniconda3/envs/llm_test/lib/python3.10/site-packages/torch/autograd/__init__.py:221: UserWarning: Cannot create tensor with interal format while allow_internel_format=False, tensor will be created with base format. (Triggered internally at build/CMakeFiles/torch_npu.dir/compiler_depend.ts:338.)
  torch.ones_like(out, memory_format=torch.preserve_format)
/root/miniconda3/envs/llm_test/lib/python3.10/site-packages/torch/autograd/__init__.py:221: UserWarning: Cannot create tensor with interal format while allow_internel_format=False, tensor will be created with base format. (Triggered internally at build/CMakeFiles/torch_npu.dir/compiler_depend.ts:338.)
  torch.ones_like(out, memory_format=torch.preserve_format)
/root/miniconda3/envs/llm_test/lib/python3.10/site-packages/torch/autograd/__init__.py:221: UserWarning: Cannot create tensor with interal format while allow_internel_format=False, tensor will be created with base format. (Triggered internally at build/CMakeFiles/torch_npu.dir/compiler_depend.ts:338.)
  torch.ones_like(out, memory_format=torch.preserve_format)
/root/miniconda3/envs/llm_test/lib/python3.10/site-packages/torch/autograd/__init__.py:221: UserWarning: Cannot create tensor with interal format while allow_internel_format=False, tensor will be created with base format. (Triggered internally at build/CMakeFiles/torch_npu.dir/compiler_depend.ts:338.)
  torch.ones_like(out, memory_format=torch.preserve_format)
/root/miniconda3/envs/llm_test/lib/python3.10/site-packages/torch/autograd/__init__.py:221: UserWarning: Cannot create tensor with interal format while allow_internel_format=False, tensor will be created with base format. (Triggered internally at build/CMakeFiles/torch_npu.dir/compiler_depend.ts:338.)
  torch.ones_like(out, memory_format=torch.preserve_format)
/root/miniconda3/envs/llm_test/lib/python3.10/site-packages/torch/autograd/__init__.py:221: UserWarning: Cannot create tensor with interal format while allow_internel_format=False, tensor will be created with base format. (Triggered internally at build/CMakeFiles/torch_npu.dir/compiler_depend.ts:338.)
  torch.ones_like(out, memory_format=torch.preserve_format)
/root/miniconda3/envs/llm_test/lib/python3.10/site-packages/torch/autograd/__init__.py:221: UserWarning: Cannot create tensor with interal format while allow_internel_format=False, tensor will be created with base format. (Triggered internally at build/CMakeFiles/torch_npu.dir/compiler_depend.ts:338.)
  torch.ones_like(out, memory_format=torch.preserve_format)
/root/miniconda3/envs/llm_test/lib/python3.10/site-packages/torch/distributed/distributed_c10d.py:4631: UserWarning: No device id is provided via `init_process_group` or `barrier `. Using the current device set by the user. 
  warnings.warn(  # warn only once
/root/miniconda3/envs/llm_test/lib/python3.10/site-packages/torch/autograd/__init__.py:221: UserWarning: Cannot create tensor with interal format while allow_internel_format=False, tensor will be created with base format. (Triggered internally at build/CMakeFiles/torch_npu.dir/compiler_depend.ts:338.)
  torch.ones_like(out, memory_format=torch.preserve_format)
/root/miniconda3/envs/llm_test/lib/python3.10/site-packages/torch/distributed/distributed_c10d.py:4631: UserWarning: No device id is provided via `init_process_group` or `barrier `. Using the current device set by the user. 
  warnings.warn(  # warn only once
/root/miniconda3/envs/llm_test/lib/python3.10/site-packages/torch/distributed/distributed_c10d.py:4631: UserWarning: No device id is provided via `init_process_group` or `barrier `. Using the current device set by the user. 
  warnings.warn(  # warn only once
/root/miniconda3/envs/llm_test/lib/python3.10/site-packages/torch/distributed/distributed_c10d.py:4631: UserWarning: No device id is provided via `init_process_group` or `barrier `. Using the current device set by the user. 
  warnings.warn(  # warn only once
/root/miniconda3/envs/llm_test/lib/python3.10/site-packages/torch/distributed/distributed_c10d.py:4631: UserWarning: No device id is provided via `init_process_group` or `barrier `. Using the current device set by the user. 
  warnings.warn(  # warn only once
/root/miniconda3/envs/llm_test/lib/python3.10/site-packages/torch/distributed/distributed_c10d.py:4631: UserWarning: No device id is provided via `init_process_group` or `barrier `. Using the current device set by the user. 
  warnings.warn(  # warn only once
/root/miniconda3/envs/llm_test/lib/python3.10/site-packages/torch/distributed/distributed_c10d.py:4631: UserWarning: No device id is provided via `init_process_group` or `barrier `. Using the current device set by the user. 
  warnings.warn(  # warn only once
/root/miniconda3/envs/llm_test/lib/python3.10/site-packages/torch/distributed/distributed_c10d.py:4631: UserWarning: No device id is provided via `init_process_group` or `barrier `. Using the current device set by the user. 
  warnings.warn(  # warn only once
/root/miniconda3/envs/llm_test/lib/python3.10/site-packages/torch/distributed/distributed_c10d.py:4631: UserWarning: No device id is provided via `init_process_group` or `barrier `. Using the current device set by the user. 
  warnings.warn(  # warn only once
/root/miniconda3/envs/llm_test/lib/python3.10/site-packages/torch/distributed/distributed_c10d.py:4631: UserWarning: No device id is provided via `init_process_group` or `barrier `. Using the current device set by the user. 
  warnings.warn(  # warn only once
/root/miniconda3/envs/llm_test/lib/python3.10/site-packages/torch/distributed/distributed_c10d.py:4631: UserWarning: No device id is provided via `init_process_group` or `barrier `. Using the current device set by the user. 
  warnings.warn(  # warn only once
/root/miniconda3/envs/llm_test/lib/python3.10/site-packages/torch/distributed/distributed_c10d.py:4631: UserWarning: No device id is provided via `init_process_group` or `barrier `. Using the current device set by the user. 
  warnings.warn(  # warn only once
/root/miniconda3/envs/llm_test/lib/python3.10/site-packages/torch/distributed/distributed_c10d.py:4631: UserWarning: No device id is provided via `init_process_group` or `barrier `. Using the current device set by the user. 
  warnings.warn(  # warn only once
/root/miniconda3/envs/llm_test/lib/python3.10/site-packages/torch/distributed/distributed_c10d.py:4631: UserWarning: No device id is provided via `init_process_group` or `barrier `. Using the current device set by the user. 
  warnings.warn(  # warn only once
/root/miniconda3/envs/llm_test/lib/python3.10/site-packages/torch/distributed/distributed_c10d.py:4631: UserWarning: No device id is provided via `init_process_group` or `barrier `. Using the current device set by the user. 
  warnings.warn(  # warn only once
/root/miniconda3/envs/llm_test/lib/python3.10/site-packages/torch/distributed/distributed_c10d.py:4631: UserWarning: No device id is provided via `init_process_group` or `barrier `. Using the current device set by the user. 
  warnings.warn(  # warn only once
logs/a281e2df-a02b-4670-9c2f-04ff87e0549f
/root/miniconda3/envs/llm_test/lib/python3.10/site-packages/torch_npu/utils/storage.py:89: UserWarning: TypedStorage is deprecated. It will be removed in the future and UntypedStorage will be the only storage class. This should only matter to you if you are using storages directly.  To access UntypedStorage directly, use tensor.untyped_storage() instead of tensor.storage()
  if self.device.type != 'cpu':
step:0/1680 val_loss:10.8125 train_time:0ms step_avg:0.36ms
step:1/1680 train_time:1080ms step_avg:1079.94ms
step:2/1680 train_time:1207ms step_avg:603.49ms
step:3/1680 train_time:1535ms step_avg:511.74ms
step:4/1680 train_time:1865ms step_avg:466.13ms
step:5/1680 train_time:2198ms step_avg:439.67ms
step:6/1680 train_time:2530ms step_avg:421.70ms
step:7/1680 train_time:2864ms step_avg:409.16ms
step:8/1680 train_time:3195ms step_avg:399.34ms
step:9/1680 train_time:3524ms step_avg:391.59ms
step:10/1680 train_time:3857ms step_avg:385.73ms
step:11/1680 train_time:4184ms step_avg:380.40ms
step:12/1680 train_time:4520ms step_avg:376.68ms
step:13/1680 train_time:4853ms step_avg:373.31ms
step:14/1680 train_time:5187ms step_avg:370.53ms
step:15/1680 train_time:5517ms step_avg:367.78ms
step:16/1680 train_time:5856ms step_avg:366.00ms
step:17/1680 train_time:6188ms step_avg:364.02ms
step:18/1680 train_time:6517ms step_avg:362.08ms
step:19/1680 train_time:6851ms step_avg:360.59ms
step:20/1680 train_time:7184ms step_avg:359.21ms
step:21/1680 train_time:7516ms step_avg:357.88ms
step:22/1680 train_time:7846ms step_avg:356.62ms
step:23/1680 train_time:8181ms step_avg:355.69ms
step:24/1680 train_time:8512ms step_avg:354.65ms
step:25/1680 train_time:8844ms step_avg:353.77ms
step:26/1680 train_time:9191ms step_avg:353.52ms
step:27/1680 train_time:9530ms step_avg:352.97ms
step:28/1680 train_time:9843ms step_avg:351.55ms
step:29/1680 train_time:10173ms step_avg:350.80ms
step:30/1680 train_time:10507ms step_avg:350.24ms
step:31/1680 train_time:10839ms step_avg:349.64ms
step:32/1680 train_time:11170ms step_avg:349.07ms
step:33/1680 train_time:11512ms step_avg:348.84ms
step:34/1680 train_time:11844ms step_avg:348.34ms
step:35/1680 train_time:12168ms step_avg:347.66ms
step:36/1680 train_time:12499ms step_avg:347.20ms
step:37/1680 train_time:12829ms step_avg:346.74ms
step:38/1680 train_time:13158ms step_avg:346.26ms
step:39/1680 train_time:13491ms step_avg:345.92ms
step:40/1680 train_time:13822ms step_avg:345.56ms
step:41/1680 train_time:14151ms step_avg:345.14ms
step:42/1680 train_time:14482ms step_avg:344.81ms
step:43/1680 train_time:14816ms step_avg:344.56ms
step:44/1680 train_time:15148ms step_avg:344.27ms
step:45/1680 train_time:15480ms step_avg:344.00ms
step:46/1680 train_time:15814ms step_avg:343.78ms
step:47/1680 train_time:16146ms step_avg:343.53ms
step:48/1680 train_time:16480ms step_avg:343.33ms
step:49/1680 train_time:16813ms step_avg:343.13ms
step:50/1680 train_time:17148ms step_avg:342.96ms
step:51/1680 train_time:17480ms step_avg:342.75ms
step:52/1680 train_time:17812ms step_avg:342.54ms
step:53/1680 train_time:18141ms step_avg:342.28ms
step:54/1680 train_time:18475ms step_avg:342.14ms
step:55/1680 train_time:18811ms step_avg:342.01ms
step:56/1680 train_time:19137ms step_avg:341.74ms
step:57/1680 train_time:19470ms step_avg:341.59ms
step:58/1680 train_time:19805ms step_avg:341.47ms
step:59/1680 train_time:20140ms step_avg:341.36ms
step:60/1680 train_time:20471ms step_avg:341.18ms
step:61/1680 train_time:20803ms step_avg:341.04ms
step:62/1680 train_time:21138ms step_avg:340.94ms
step:63/1680 train_time:21473ms step_avg:340.84ms
step:64/1680 train_time:21799ms step_avg:340.61ms
step:65/1680 train_time:22132ms step_avg:340.49ms
step:66/1680 train_time:22459ms step_avg:340.29ms
step:67/1680 train_time:22791ms step_avg:340.16ms
step:68/1680 train_time:23121ms step_avg:340.02ms
step:69/1680 train_time:23455ms step_avg:339.93ms
step:70/1680 train_time:23789ms step_avg:339.84ms
step:71/1680 train_time:24122ms step_avg:339.74ms
step:72/1680 train_time:24453ms step_avg:339.63ms
step:73/1680 train_time:24787ms step_avg:339.54ms
step:74/1680 train_time:25119ms step_avg:339.45ms
step:75/1680 train_time:25457ms step_avg:339.43ms
step:76/1680 train_time:25786ms step_avg:339.30ms
step:77/1680 train_time:26121ms step_avg:339.23ms
step:78/1680 train_time:26451ms step_avg:339.12ms
step:79/1680 train_time:26784ms step_avg:339.04ms
step:80/1680 train_time:27119ms step_avg:338.99ms
step:81/1680 train_time:27448ms step_avg:338.87ms
step:82/1680 train_time:27783ms step_avg:338.82ms
step:83/1680 train_time:28113ms step_avg:338.70ms
step:84/1680 train_time:28447ms step_avg:338.66ms
step:85/1680 train_time:28781ms step_avg:338.60ms
step:86/1680 train_time:29120ms step_avg:338.61ms
step:87/1680 train_time:29453ms step_avg:338.54ms
step:88/1680 train_time:29785ms step_avg:338.46ms
step:89/1680 train_time:30116ms step_avg:338.38ms
step:90/1680 train_time:30447ms step_avg:338.31ms
step:91/1680 train_time:30784ms step_avg:338.29ms
step:92/1680 train_time:31112ms step_avg:338.18ms
step:93/1680 train_time:31443ms step_avg:338.10ms
step:94/1680 train_time:31778ms step_avg:338.06ms
step:95/1680 train_time:32110ms step_avg:338.00ms
step:96/1680 train_time:32442ms step_avg:337.94ms
step:97/1680 train_time:32774ms step_avg:337.88ms
step:98/1680 train_time:33108ms step_avg:337.83ms
step:99/1680 train_time:33442ms step_avg:337.80ms
step:100/1680 train_time:33772ms step_avg:337.72ms
step:101/1680 train_time:34109ms step_avg:337.71ms
step:102/1680 train_time:34439ms step_avg:337.64ms
step:103/1680 train_time:34770ms step_avg:337.57ms
step:104/1680 train_time:35107ms step_avg:337.57ms
step:105/1680 train_time:35432ms step_avg:337.45ms
step:106/1680 train_time:35763ms step_avg:337.39ms
step:107/1680 train_time:36099ms step_avg:337.38ms
step:108/1680 train_time:36429ms step_avg:337.30ms
step:109/1680 train_time:36759ms step_avg:337.24ms
step:110/1680 train_time:37086ms step_avg:337.14ms
step:111/1680 train_time:37424ms step_avg:337.16ms
step:112/1680 train_time:37758ms step_avg:337.12ms
step:113/1680 train_time:38093ms step_avg:337.10ms
step:114/1680 train_time:38421ms step_avg:337.03ms
step:115/1680 train_time:38765ms step_avg:337.08ms
step:116/1680 train_time:39088ms step_avg:336.96ms
step:117/1680 train_time:39419ms step_avg:336.92ms
step:118/1680 train_time:39751ms step_avg:336.87ms
step:119/1680 train_time:40082ms step_avg:336.82ms
step:120/1680 train_time:40415ms step_avg:336.79ms
step:121/1680 train_time:40749ms step_avg:336.77ms
step:122/1680 train_time:41079ms step_avg:336.72ms
step:123/1680 train_time:41414ms step_avg:336.70ms
step:124/1680 train_time:41743ms step_avg:336.64ms
step:125/1680 train_time:42077ms step_avg:336.61ms
step:125/1680 val_loss:4.3121 train_time:42296ms step_avg:338.37ms
step:126/1680 train_time:42489ms step_avg:337.22ms
step:127/1680 train_time:42801ms step_avg:337.01ms
step:128/1680 train_time:43132ms step_avg:336.97ms
step:129/1680 train_time:43466ms step_avg:336.94ms
step:130/1680 train_time:43799ms step_avg:336.91ms
step:131/1680 train_time:44130ms step_avg:336.87ms
step:132/1680 train_time:44461ms step_avg:336.83ms
step:133/1680 train_time:44790ms step_avg:336.77ms
step:134/1680 train_time:45126ms step_avg:336.76ms
step:135/1680 train_time:45458ms step_avg:336.72ms
step:136/1680 train_time:45787ms step_avg:336.67ms
step:137/1680 train_time:46119ms step_avg:336.63ms
step:138/1680 train_time:46448ms step_avg:336.58ms
step:139/1680 train_time:46781ms step_avg:336.56ms
step:140/1680 train_time:47117ms step_avg:336.55ms
step:141/1680 train_time:47449ms step_avg:336.52ms
step:142/1680 train_time:47778ms step_avg:336.47ms
step:143/1680 train_time:48111ms step_avg:336.44ms
step:144/1680 train_time:48443ms step_avg:336.41ms
step:145/1680 train_time:48771ms step_avg:336.35ms
step:146/1680 train_time:49105ms step_avg:336.33ms
step:147/1680 train_time:49433ms step_avg:336.28ms
step:148/1680 train_time:49764ms step_avg:336.24ms
step:149/1680 train_time:50105ms step_avg:336.27ms
step:150/1680 train_time:50428ms step_avg:336.19ms
step:151/1680 train_time:50760ms step_avg:336.16ms
step:152/1680 train_time:51092ms step_avg:336.13ms
step:153/1680 train_time:51423ms step_avg:336.10ms
step:154/1680 train_time:51756ms step_avg:336.08ms
step:155/1680 train_time:52084ms step_avg:336.02ms
step:156/1680 train_time:52418ms step_avg:336.01ms
step:157/1680 train_time:52750ms step_avg:335.98ms
step:158/1680 train_time:53085ms step_avg:335.98ms
step:159/1680 train_time:53416ms step_avg:335.95ms
step:160/1680 train_time:53746ms step_avg:335.91ms
step:161/1680 train_time:54073ms step_avg:335.86ms
step:162/1680 train_time:54407ms step_avg:335.85ms
step:163/1680 train_time:54740ms step_avg:335.83ms
step:164/1680 train_time:55072ms step_avg:335.81ms
step:165/1680 train_time:55409ms step_avg:335.81ms
step:166/1680 train_time:55737ms step_avg:335.77ms
step:167/1680 train_time:56066ms step_avg:335.72ms
step:168/1680 train_time:56410ms step_avg:335.78ms
step:169/1680 train_time:56734ms step_avg:335.70ms
step:170/1680 train_time:57067ms step_avg:335.69ms
step:171/1680 train_time:57398ms step_avg:335.66ms
step:172/1680 train_time:57731ms step_avg:335.64ms
step:173/1680 train_time:58065ms step_avg:335.64ms
step:174/1680 train_time:58401ms step_avg:335.64ms
step:175/1680 train_time:58731ms step_avg:335.61ms
step:176/1680 train_time:59065ms step_avg:335.60ms
step:177/1680 train_time:59401ms step_avg:335.60ms
step:178/1680 train_time:59729ms step_avg:335.56ms
step:179/1680 train_time:60055ms step_avg:335.50ms
step:180/1680 train_time:60387ms step_avg:335.49ms
step:181/1680 train_time:60718ms step_avg:335.46ms
step:182/1680 train_time:61048ms step_avg:335.43ms
step:183/1680 train_time:61379ms step_avg:335.40ms
step:184/1680 train_time:61713ms step_avg:335.40ms
step:185/1680 train_time:62045ms step_avg:335.38ms
step:186/1680 train_time:62375ms step_avg:335.35ms
step:187/1680 train_time:62704ms step_avg:335.32ms
step:188/1680 train_time:63042ms step_avg:335.33ms
step:189/1680 train_time:63367ms step_avg:335.28ms
step:190/1680 train_time:63708ms step_avg:335.31ms
step:191/1680 train_time:64029ms step_avg:335.23ms
step:192/1680 train_time:64363ms step_avg:335.23ms
step:193/1680 train_time:64690ms step_avg:335.18ms
step:194/1680 train_time:65026ms step_avg:335.19ms
step:195/1680 train_time:65359ms step_avg:335.17ms
step:196/1680 train_time:65694ms step_avg:335.18ms
step:197/1680 train_time:66025ms step_avg:335.15ms
step:198/1680 train_time:66358ms step_avg:335.14ms
step:199/1680 train_time:66694ms step_avg:335.14ms
step:200/1680 train_time:67024ms step_avg:335.12ms
step:201/1680 train_time:67348ms step_avg:335.06ms
step:202/1680 train_time:67684ms step_avg:335.07ms
step:203/1680 train_time:68016ms step_avg:335.05ms
step:204/1680 train_time:68349ms step_avg:335.05ms
step:205/1680 train_time:68675ms step_avg:335.00ms
step:206/1680 train_time:69012ms step_avg:335.01ms
step:207/1680 train_time:69344ms step_avg:334.99ms
step:208/1680 train_time:69676ms step_avg:334.98ms
step:209/1680 train_time:70005ms step_avg:334.95ms
step:210/1680 train_time:70338ms step_avg:334.95ms
step:211/1680 train_time:70670ms step_avg:334.93ms
step:212/1680 train_time:71006ms step_avg:334.93ms
step:213/1680 train_time:71342ms step_avg:334.94ms
step:214/1680 train_time:71672ms step_avg:334.91ms
step:215/1680 train_time:72000ms step_avg:334.89ms
step:216/1680 train_time:72331ms step_avg:334.86ms
step:217/1680 train_time:72661ms step_avg:334.84ms
step:218/1680 train_time:72995ms step_avg:334.84ms
step:219/1680 train_time:73327ms step_avg:334.82ms
step:220/1680 train_time:73659ms step_avg:334.81ms
step:221/1680 train_time:73986ms step_avg:334.78ms
step:222/1680 train_time:74317ms step_avg:334.76ms
step:223/1680 train_time:74646ms step_avg:334.74ms
step:224/1680 train_time:74983ms step_avg:334.74ms
step:225/1680 train_time:75313ms step_avg:334.72ms
step:226/1680 train_time:75644ms step_avg:334.71ms
step:227/1680 train_time:75975ms step_avg:334.69ms
step:228/1680 train_time:76306ms step_avg:334.68ms
step:229/1680 train_time:76642ms step_avg:334.68ms
step:230/1680 train_time:76973ms step_avg:334.67ms
step:231/1680 train_time:77308ms step_avg:334.67ms
step:232/1680 train_time:77639ms step_avg:334.65ms
step:233/1680 train_time:77969ms step_avg:334.63ms
step:234/1680 train_time:78298ms step_avg:334.61ms
step:235/1680 train_time:78631ms step_avg:334.60ms
step:236/1680 train_time:78963ms step_avg:334.59ms
step:237/1680 train_time:79296ms step_avg:334.58ms
step:238/1680 train_time:79626ms step_avg:334.56ms
step:239/1680 train_time:79959ms step_avg:334.56ms
step:240/1680 train_time:80290ms step_avg:334.54ms
step:241/1680 train_time:80622ms step_avg:334.53ms
step:242/1680 train_time:80948ms step_avg:334.49ms
step:243/1680 train_time:81278ms step_avg:334.48ms
step:244/1680 train_time:81611ms step_avg:334.47ms
step:245/1680 train_time:81948ms step_avg:334.48ms
step:246/1680 train_time:82277ms step_avg:334.46ms
step:247/1680 train_time:82610ms step_avg:334.45ms
step:248/1680 train_time:82940ms step_avg:334.44ms
step:249/1680 train_time:83279ms step_avg:334.46ms
step:250/1680 train_time:83611ms step_avg:334.44ms
step:250/1680 val_loss:3.9691 train_time:83831ms step_avg:335.32ms
step:251/1680 train_time:84045ms step_avg:334.84ms
step:252/1680 train_time:84353ms step_avg:334.73ms
step:253/1680 train_time:84687ms step_avg:334.73ms
step:254/1680 train_time:85023ms step_avg:334.74ms
step:255/1680 train_time:85359ms step_avg:334.74ms
step:256/1680 train_time:85684ms step_avg:334.70ms
step:257/1680 train_time:86024ms step_avg:334.72ms
step:258/1680 train_time:86355ms step_avg:334.71ms
step:259/1680 train_time:86687ms step_avg:334.70ms
step:260/1680 train_time:87018ms step_avg:334.69ms
step:261/1680 train_time:87357ms step_avg:334.70ms
step:262/1680 train_time:87682ms step_avg:334.67ms
step:263/1680 train_time:88017ms step_avg:334.67ms
step:264/1680 train_time:88341ms step_avg:334.63ms
step:265/1680 train_time:88674ms step_avg:334.62ms
step:266/1680 train_time:89003ms step_avg:334.60ms
step:267/1680 train_time:89332ms step_avg:334.58ms
step:268/1680 train_time:89662ms step_avg:334.56ms
step:269/1680 train_time:89996ms step_avg:334.56ms
step:270/1680 train_time:90331ms step_avg:334.56ms
step:271/1680 train_time:90658ms step_avg:334.53ms
step:272/1680 train_time:90990ms step_avg:334.52ms
step:273/1680 train_time:91321ms step_avg:334.51ms
step:274/1680 train_time:91656ms step_avg:334.51ms
step:275/1680 train_time:91983ms step_avg:334.48ms
step:276/1680 train_time:92312ms step_avg:334.47ms
step:277/1680 train_time:92645ms step_avg:334.46ms
step:278/1680 train_time:92974ms step_avg:334.44ms
step:279/1680 train_time:93307ms step_avg:334.43ms
step:280/1680 train_time:93642ms step_avg:334.43ms
step:281/1680 train_time:93972ms step_avg:334.42ms
step:282/1680 train_time:94307ms step_avg:334.42ms
step:283/1680 train_time:94636ms step_avg:334.40ms
step:284/1680 train_time:94967ms step_avg:334.39ms
step:285/1680 train_time:95300ms step_avg:334.39ms
step:286/1680 train_time:95629ms step_avg:334.37ms
step:287/1680 train_time:95958ms step_avg:334.35ms
step:288/1680 train_time:96292ms step_avg:334.35ms
step:289/1680 train_time:96617ms step_avg:334.31ms
step:290/1680 train_time:96954ms step_avg:334.32ms
step:291/1680 train_time:97283ms step_avg:334.31ms
step:292/1680 train_time:97616ms step_avg:334.30ms
step:293/1680 train_time:97948ms step_avg:334.29ms
step:294/1680 train_time:98290ms step_avg:334.32ms
step:295/1680 train_time:98620ms step_avg:334.30ms
step:296/1680 train_time:98948ms step_avg:334.29ms
step:297/1680 train_time:99282ms step_avg:334.28ms
step:298/1680 train_time:99617ms step_avg:334.28ms
step:299/1680 train_time:99943ms step_avg:334.26ms
step:300/1680 train_time:100279ms step_avg:334.26ms
step:301/1680 train_time:100611ms step_avg:334.26ms
step:302/1680 train_time:100940ms step_avg:334.24ms
step:303/1680 train_time:101274ms step_avg:334.24ms
step:304/1680 train_time:101604ms step_avg:334.22ms
step:305/1680 train_time:101933ms step_avg:334.21ms
step:306/1680 train_time:102266ms step_avg:334.20ms
step:307/1680 train_time:102597ms step_avg:334.19ms
step:308/1680 train_time:102923ms step_avg:334.17ms
step:309/1680 train_time:103259ms step_avg:334.17ms
step:310/1680 train_time:103597ms step_avg:334.18ms
step:311/1680 train_time:103917ms step_avg:334.14ms
step:312/1680 train_time:104260ms step_avg:334.17ms
step:313/1680 train_time:104590ms step_avg:334.15ms
step:314/1680 train_time:104926ms step_avg:334.16ms
step:315/1680 train_time:105255ms step_avg:334.14ms
step:316/1680 train_time:105592ms step_avg:334.15ms
step:317/1680 train_time:105923ms step_avg:334.14ms
step:318/1680 train_time:106263ms step_avg:334.16ms
step:319/1680 train_time:106578ms step_avg:334.10ms
step:320/1680 train_time:106907ms step_avg:334.09ms
step:321/1680 train_time:107242ms step_avg:334.09ms
step:322/1680 train_time:107575ms step_avg:334.08ms
step:323/1680 train_time:107910ms step_avg:334.09ms
step:324/1680 train_time:108241ms step_avg:334.08ms
step:325/1680 train_time:108566ms step_avg:334.05ms
step:326/1680 train_time:108901ms step_avg:334.05ms
step:327/1680 train_time:109229ms step_avg:334.04ms
step:328/1680 train_time:109558ms step_avg:334.02ms
step:329/1680 train_time:109895ms step_avg:334.03ms
step:330/1680 train_time:110222ms step_avg:334.01ms
step:331/1680 train_time:110559ms step_avg:334.02ms
step:332/1680 train_time:110883ms step_avg:333.98ms
step:333/1680 train_time:111215ms step_avg:333.98ms
step:334/1680 train_time:111544ms step_avg:333.96ms
step:335/1680 train_time:111875ms step_avg:333.96ms
step:336/1680 train_time:112206ms step_avg:333.95ms
step:337/1680 train_time:112537ms step_avg:333.94ms
step:338/1680 train_time:112868ms step_avg:333.93ms
step:339/1680 train_time:113200ms step_avg:333.92ms
step:340/1680 train_time:113532ms step_avg:333.92ms
step:341/1680 train_time:113864ms step_avg:333.91ms
step:342/1680 train_time:114188ms step_avg:333.88ms
step:343/1680 train_time:114522ms step_avg:333.88ms
step:344/1680 train_time:114862ms step_avg:333.90ms
step:345/1680 train_time:115190ms step_avg:333.89ms
step:346/1680 train_time:115524ms step_avg:333.88ms
step:347/1680 train_time:115857ms step_avg:333.88ms
step:348/1680 train_time:116187ms step_avg:333.87ms
step:349/1680 train_time:116519ms step_avg:333.86ms
step:350/1680 train_time:116850ms step_avg:333.86ms
step:351/1680 train_time:117182ms step_avg:333.85ms
step:352/1680 train_time:117514ms step_avg:333.85ms
step:353/1680 train_time:117847ms step_avg:333.84ms
step:354/1680 train_time:118178ms step_avg:333.84ms
step:355/1680 train_time:118510ms step_avg:333.83ms
step:356/1680 train_time:118839ms step_avg:333.82ms
step:357/1680 train_time:119172ms step_avg:333.81ms
step:358/1680 train_time:119502ms step_avg:333.80ms
step:359/1680 train_time:119830ms step_avg:333.79ms
step:360/1680 train_time:120162ms step_avg:333.78ms
step:361/1680 train_time:120497ms step_avg:333.79ms
step:362/1680 train_time:120829ms step_avg:333.78ms
step:363/1680 train_time:121158ms step_avg:333.77ms
step:364/1680 train_time:121496ms step_avg:333.78ms
step:365/1680 train_time:121829ms step_avg:333.78ms
step:366/1680 train_time:122156ms step_avg:333.76ms
step:367/1680 train_time:122493ms step_avg:333.77ms
step:368/1680 train_time:122825ms step_avg:333.76ms
step:369/1680 train_time:123158ms step_avg:333.76ms
step:370/1680 train_time:123486ms step_avg:333.75ms
step:371/1680 train_time:123817ms step_avg:333.74ms
step:372/1680 train_time:124154ms step_avg:333.75ms
step:373/1680 train_time:124485ms step_avg:333.74ms
step:374/1680 train_time:124821ms step_avg:333.75ms
step:375/1680 train_time:125153ms step_avg:333.74ms
step:375/1680 val_loss:3.8201 train_time:125376ms step_avg:334.34ms
step:376/1680 train_time:125578ms step_avg:333.99ms
step:377/1680 train_time:125902ms step_avg:333.96ms
step:378/1680 train_time:126232ms step_avg:333.95ms
step:379/1680 train_time:126564ms step_avg:333.94ms
step:380/1680 train_time:126895ms step_avg:333.94ms
step:381/1680 train_time:127224ms step_avg:333.92ms
step:382/1680 train_time:127560ms step_avg:333.93ms
step:383/1680 train_time:127892ms step_avg:333.92ms
step:384/1680 train_time:128225ms step_avg:333.92ms
step:385/1680 train_time:128553ms step_avg:333.90ms
step:386/1680 train_time:128889ms step_avg:333.91ms
step:387/1680 train_time:129224ms step_avg:333.91ms
step:388/1680 train_time:129556ms step_avg:333.91ms
step:389/1680 train_time:129887ms step_avg:333.90ms
step:390/1680 train_time:130222ms step_avg:333.90ms
step:391/1680 train_time:130559ms step_avg:333.91ms
step:392/1680 train_time:130880ms step_avg:333.88ms
step:393/1680 train_time:131211ms step_avg:333.87ms
step:394/1680 train_time:131546ms step_avg:333.87ms
step:395/1680 train_time:131875ms step_avg:333.86ms
step:396/1680 train_time:132208ms step_avg:333.86ms
step:397/1680 train_time:132533ms step_avg:333.84ms
step:398/1680 train_time:132872ms step_avg:333.85ms
step:399/1680 train_time:133203ms step_avg:333.84ms
step:400/1680 train_time:133546ms step_avg:333.86ms
step:401/1680 train_time:133870ms step_avg:333.84ms
step:402/1680 train_time:134204ms step_avg:333.84ms
step:403/1680 train_time:134536ms step_avg:333.84ms
step:404/1680 train_time:134868ms step_avg:333.83ms
step:405/1680 train_time:135199ms step_avg:333.83ms
step:406/1680 train_time:135528ms step_avg:333.81ms
step:407/1680 train_time:135861ms step_avg:333.81ms
step:408/1680 train_time:136196ms step_avg:333.81ms
step:409/1680 train_time:136525ms step_avg:333.80ms
step:410/1680 train_time:136876ms step_avg:333.85ms
step:411/1680 train_time:137213ms step_avg:333.85ms
step:412/1680 train_time:137541ms step_avg:333.84ms
step:413/1680 train_time:137871ms step_avg:333.83ms
step:414/1680 train_time:138203ms step_avg:333.82ms
step:415/1680 train_time:138536ms step_avg:333.82ms
step:416/1680 train_time:138866ms step_avg:333.81ms
step:417/1680 train_time:139200ms step_avg:333.81ms
step:418/1680 train_time:139528ms step_avg:333.80ms
step:419/1680 train_time:139861ms step_avg:333.80ms
step:420/1680 train_time:140191ms step_avg:333.79ms
step:421/1680 train_time:140529ms step_avg:333.80ms
step:422/1680 train_time:140839ms step_avg:333.74ms
step:423/1680 train_time:141170ms step_avg:333.73ms
step:424/1680 train_time:141503ms step_avg:333.73ms
step:425/1680 train_time:141835ms step_avg:333.73ms
step:426/1680 train_time:142167ms step_avg:333.73ms
step:427/1680 train_time:142500ms step_avg:333.72ms
step:428/1680 train_time:142831ms step_avg:333.72ms
step:429/1680 train_time:143160ms step_avg:333.71ms
step:430/1680 train_time:143495ms step_avg:333.71ms
step:431/1680 train_time:143825ms step_avg:333.70ms
step:432/1680 train_time:144155ms step_avg:333.69ms
step:433/1680 train_time:144486ms step_avg:333.69ms
step:434/1680 train_time:144820ms step_avg:333.69ms
step:435/1680 train_time:145155ms step_avg:333.69ms
step:436/1680 train_time:145496ms step_avg:333.71ms
step:437/1680 train_time:145816ms step_avg:333.67ms
step:438/1680 train_time:146147ms step_avg:333.67ms
step:439/1680 train_time:146479ms step_avg:333.67ms
step:440/1680 train_time:146812ms step_avg:333.66ms
step:441/1680 train_time:147146ms step_avg:333.66ms
step:442/1680 train_time:147476ms step_avg:333.66ms
step:443/1680 train_time:147817ms step_avg:333.67ms
step:444/1680 train_time:148152ms step_avg:333.67ms
step:445/1680 train_time:148483ms step_avg:333.67ms
step:446/1680 train_time:148810ms step_avg:333.66ms
step:447/1680 train_time:149145ms step_avg:333.66ms
step:448/1680 train_time:149473ms step_avg:333.64ms
step:449/1680 train_time:149811ms step_avg:333.65ms
step:450/1680 train_time:150141ms step_avg:333.65ms
step:451/1680 train_time:150474ms step_avg:333.64ms
step:452/1680 train_time:150805ms step_avg:333.64ms
step:453/1680 train_time:151137ms step_avg:333.63ms
step:454/1680 train_time:151467ms step_avg:333.63ms
step:455/1680 train_time:151792ms step_avg:333.61ms
step:456/1680 train_time:152121ms step_avg:333.60ms
step:457/1680 train_time:152453ms step_avg:333.59ms
step:458/1680 train_time:152782ms step_avg:333.58ms
step:459/1680 train_time:153111ms step_avg:333.57ms
step:460/1680 train_time:153441ms step_avg:333.57ms
step:461/1680 train_time:153774ms step_avg:333.57ms
step:462/1680 train_time:154105ms step_avg:333.56ms
step:463/1680 train_time:154442ms step_avg:333.57ms
step:464/1680 train_time:154773ms step_avg:333.56ms
step:465/1680 train_time:155109ms step_avg:333.57ms
step:466/1680 train_time:155436ms step_avg:333.55ms
step:467/1680 train_time:155774ms step_avg:333.56ms
step:468/1680 train_time:156098ms step_avg:333.54ms
step:469/1680 train_time:156430ms step_avg:333.54ms
step:470/1680 train_time:156761ms step_avg:333.53ms
step:471/1680 train_time:157095ms step_avg:333.53ms
step:472/1680 train_time:157426ms step_avg:333.53ms
step:473/1680 train_time:157759ms step_avg:333.53ms
step:474/1680 train_time:158091ms step_avg:333.53ms
step:475/1680 train_time:158421ms step_avg:333.52ms
step:476/1680 train_time:158755ms step_avg:333.52ms
step:477/1680 train_time:159086ms step_avg:333.51ms
step:478/1680 train_time:159415ms step_avg:333.50ms
step:479/1680 train_time:159747ms step_avg:333.50ms
step:480/1680 train_time:160079ms step_avg:333.50ms
step:481/1680 train_time:160412ms step_avg:333.50ms
step:482/1680 train_time:160745ms step_avg:333.49ms
step:483/1680 train_time:161076ms step_avg:333.49ms
step:484/1680 train_time:161406ms step_avg:333.48ms
step:485/1680 train_time:161742ms step_avg:333.49ms
step:486/1680 train_time:162074ms step_avg:333.49ms
step:487/1680 train_time:162408ms step_avg:333.49ms
step:488/1680 train_time:162738ms step_avg:333.48ms
step:489/1680 train_time:163070ms step_avg:333.48ms
step:490/1680 train_time:163399ms step_avg:333.47ms
step:491/1680 train_time:163732ms step_avg:333.47ms
step:492/1680 train_time:164061ms step_avg:333.46ms
step:493/1680 train_time:164388ms step_avg:333.44ms
step:494/1680 train_time:164721ms step_avg:333.44ms
step:495/1680 train_time:165054ms step_avg:333.44ms
step:496/1680 train_time:165384ms step_avg:333.44ms
step:497/1680 train_time:165718ms step_avg:333.44ms
step:498/1680 train_time:166049ms step_avg:333.43ms
step:499/1680 train_time:166379ms step_avg:333.42ms
step:500/1680 train_time:166714ms step_avg:333.43ms
step:500/1680 val_loss:3.7166 train_time:166936ms step_avg:333.87ms
step:501/1680 train_time:167133ms step_avg:333.60ms
step:502/1680 train_time:167445ms step_avg:333.56ms
step:503/1680 train_time:167778ms step_avg:333.55ms
step:504/1680 train_time:168114ms step_avg:333.56ms
step:505/1680 train_time:168445ms step_avg:333.55ms
step:506/1680 train_time:168769ms step_avg:333.54ms
step:507/1680 train_time:169099ms step_avg:333.53ms
step:508/1680 train_time:169429ms step_avg:333.52ms
step:509/1680 train_time:169758ms step_avg:333.51ms
step:510/1680 train_time:170090ms step_avg:333.51ms
step:511/1680 train_time:170425ms step_avg:333.51ms
step:512/1680 train_time:170758ms step_avg:333.51ms
step:513/1680 train_time:171095ms step_avg:333.52ms
step:514/1680 train_time:171428ms step_avg:333.52ms
step:515/1680 train_time:171759ms step_avg:333.51ms
step:516/1680 train_time:172092ms step_avg:333.51ms
step:517/1680 train_time:172422ms step_avg:333.51ms
step:518/1680 train_time:172752ms step_avg:333.50ms
step:519/1680 train_time:173086ms step_avg:333.50ms
step:520/1680 train_time:173420ms step_avg:333.50ms
step:521/1680 train_time:173753ms step_avg:333.50ms
step:522/1680 train_time:174075ms step_avg:333.48ms
step:523/1680 train_time:174407ms step_avg:333.47ms
step:524/1680 train_time:174756ms step_avg:333.50ms
step:525/1680 train_time:175085ms step_avg:333.50ms
step:526/1680 train_time:175418ms step_avg:333.50ms
step:527/1680 train_time:175746ms step_avg:333.48ms
step:528/1680 train_time:176078ms step_avg:333.48ms
step:529/1680 train_time:176416ms step_avg:333.49ms
step:530/1680 train_time:176733ms step_avg:333.46ms
step:531/1680 train_time:177070ms step_avg:333.46ms
step:532/1680 train_time:177404ms step_avg:333.47ms
step:533/1680 train_time:177736ms step_avg:333.46ms
step:534/1680 train_time:178059ms step_avg:333.44ms
step:535/1680 train_time:178394ms step_avg:333.45ms
step:536/1680 train_time:178725ms step_avg:333.44ms
step:537/1680 train_time:179067ms step_avg:333.46ms
step:538/1680 train_time:179393ms step_avg:333.44ms
step:539/1680 train_time:179727ms step_avg:333.45ms
step:540/1680 train_time:180058ms step_avg:333.44ms
step:541/1680 train_time:180388ms step_avg:333.43ms
step:542/1680 train_time:180718ms step_avg:333.43ms
step:543/1680 train_time:181049ms step_avg:333.42ms
step:544/1680 train_time:181380ms step_avg:333.42ms
step:545/1680 train_time:181714ms step_avg:333.42ms
step:546/1680 train_time:182049ms step_avg:333.42ms
step:547/1680 train_time:182390ms step_avg:333.44ms
step:548/1680 train_time:182712ms step_avg:333.42ms
step:549/1680 train_time:183044ms step_avg:333.41ms
step:550/1680 train_time:183382ms step_avg:333.42ms
step:551/1680 train_time:183713ms step_avg:333.42ms
step:552/1680 train_time:184040ms step_avg:333.41ms
step:553/1680 train_time:184378ms step_avg:333.41ms
step:554/1680 train_time:184710ms step_avg:333.41ms
step:555/1680 train_time:185040ms step_avg:333.41ms
step:556/1680 train_time:185372ms step_avg:333.40ms
step:557/1680 train_time:185708ms step_avg:333.41ms
step:558/1680 train_time:186039ms step_avg:333.40ms
step:559/1680 train_time:186370ms step_avg:333.40ms
step:560/1680 train_time:186709ms step_avg:333.41ms
step:561/1680 train_time:187041ms step_avg:333.41ms
step:562/1680 train_time:187376ms step_avg:333.41ms
step:563/1680 train_time:187710ms step_avg:333.41ms
step:564/1680 train_time:188043ms step_avg:333.41ms
step:565/1680 train_time:188379ms step_avg:333.41ms
step:566/1680 train_time:188709ms step_avg:333.41ms
step:567/1680 train_time:189040ms step_avg:333.40ms
step:568/1680 train_time:189371ms step_avg:333.40ms
step:569/1680 train_time:189706ms step_avg:333.40ms
step:570/1680 train_time:190038ms step_avg:333.40ms
step:571/1680 train_time:190373ms step_avg:333.40ms
step:572/1680 train_time:190705ms step_avg:333.40ms
step:573/1680 train_time:191034ms step_avg:333.39ms
step:574/1680 train_time:191364ms step_avg:333.39ms
step:575/1680 train_time:191699ms step_avg:333.39ms
step:576/1680 train_time:192031ms step_avg:333.39ms
step:577/1680 train_time:192364ms step_avg:333.39ms
step:578/1680 train_time:192693ms step_avg:333.38ms
step:579/1680 train_time:193027ms step_avg:333.38ms
step:580/1680 train_time:193359ms step_avg:333.38ms
step:581/1680 train_time:193692ms step_avg:333.38ms
step:582/1680 train_time:194019ms step_avg:333.37ms
step:583/1680 train_time:194356ms step_avg:333.37ms
step:584/1680 train_time:194685ms step_avg:333.36ms
step:585/1680 train_time:195013ms step_avg:333.36ms
step:586/1680 train_time:195346ms step_avg:333.36ms
step:587/1680 train_time:195679ms step_avg:333.35ms
step:588/1680 train_time:196009ms step_avg:333.35ms
step:589/1680 train_time:196338ms step_avg:333.34ms
step:590/1680 train_time:196669ms step_avg:333.34ms
step:591/1680 train_time:197002ms step_avg:333.34ms
step:592/1680 train_time:197327ms step_avg:333.32ms
step:593/1680 train_time:197662ms step_avg:333.32ms
step:594/1680 train_time:197992ms step_avg:333.32ms
step:595/1680 train_time:198322ms step_avg:333.31ms
step:596/1680 train_time:198654ms step_avg:333.31ms
step:597/1680 train_time:198987ms step_avg:333.31ms
step:598/1680 train_time:199319ms step_avg:333.31ms
step:599/1680 train_time:199649ms step_avg:333.30ms
step:600/1680 train_time:199979ms step_avg:333.30ms
step:601/1680 train_time:200312ms step_avg:333.30ms
step:602/1680 train_time:200650ms step_avg:333.31ms
step:603/1680 train_time:200981ms step_avg:333.30ms
step:604/1680 train_time:201315ms step_avg:333.30ms
step:605/1680 train_time:201644ms step_avg:333.30ms
step:606/1680 train_time:201977ms step_avg:333.29ms
step:607/1680 train_time:202309ms step_avg:333.29ms
step:608/1680 train_time:202648ms step_avg:333.30ms
step:609/1680 train_time:202979ms step_avg:333.30ms
step:610/1680 train_time:203308ms step_avg:333.29ms
step:611/1680 train_time:203635ms step_avg:333.28ms
step:612/1680 train_time:203966ms step_avg:333.28ms
step:613/1680 train_time:204298ms step_avg:333.28ms
step:614/1680 train_time:204633ms step_avg:333.28ms
step:615/1680 train_time:204966ms step_avg:333.28ms
step:616/1680 train_time:205293ms step_avg:333.27ms
step:617/1680 train_time:205628ms step_avg:333.27ms
step:618/1680 train_time:205958ms step_avg:333.26ms
step:619/1680 train_time:206289ms step_avg:333.26ms
step:620/1680 train_time:206617ms step_avg:333.25ms
step:621/1680 train_time:206951ms step_avg:333.25ms
step:622/1680 train_time:207282ms step_avg:333.25ms
step:623/1680 train_time:207609ms step_avg:333.24ms
step:624/1680 train_time:207940ms step_avg:333.24ms
step:625/1680 train_time:208274ms step_avg:333.24ms
step:625/1680 val_loss:3.6145 train_time:208498ms step_avg:333.60ms
step:626/1680 train_time:208694ms step_avg:333.38ms
step:627/1680 train_time:209026ms step_avg:333.37ms
step:628/1680 train_time:209351ms step_avg:333.36ms
step:629/1680 train_time:209683ms step_avg:333.36ms
step:630/1680 train_time:210019ms step_avg:333.36ms
step:631/1680 train_time:210353ms step_avg:333.37ms
step:632/1680 train_time:210689ms step_avg:333.37ms
step:633/1680 train_time:211022ms step_avg:333.37ms
step:634/1680 train_time:211353ms step_avg:333.36ms
step:635/1680 train_time:211686ms step_avg:333.36ms
step:636/1680 train_time:212021ms step_avg:333.37ms
step:637/1680 train_time:212351ms step_avg:333.36ms
step:638/1680 train_time:212682ms step_avg:333.36ms
step:639/1680 train_time:213014ms step_avg:333.36ms
step:640/1680 train_time:213350ms step_avg:333.36ms
step:641/1680 train_time:213683ms step_avg:333.36ms
step:642/1680 train_time:214014ms step_avg:333.36ms
step:643/1680 train_time:214346ms step_avg:333.35ms
step:644/1680 train_time:214677ms step_avg:333.35ms
step:645/1680 train_time:215010ms step_avg:333.35ms
step:646/1680 train_time:215336ms step_avg:333.34ms
step:647/1680 train_time:215673ms step_avg:333.34ms
step:648/1680 train_time:216002ms step_avg:333.34ms
step:649/1680 train_time:216336ms step_avg:333.34ms
step:650/1680 train_time:216666ms step_avg:333.33ms
step:651/1680 train_time:216997ms step_avg:333.33ms
step:652/1680 train_time:217326ms step_avg:333.32ms
step:653/1680 train_time:217661ms step_avg:333.32ms
step:654/1680 train_time:217993ms step_avg:333.32ms
step:655/1680 train_time:218323ms step_avg:333.32ms
step:656/1680 train_time:218656ms step_avg:333.32ms
step:657/1680 train_time:218988ms step_avg:333.31ms
step:658/1680 train_time:219316ms step_avg:333.31ms
step:659/1680 train_time:219651ms step_avg:333.31ms
step:660/1680 train_time:219985ms step_avg:333.31ms
step:661/1680 train_time:220315ms step_avg:333.31ms
step:662/1680 train_time:220644ms step_avg:333.30ms
step:663/1680 train_time:220978ms step_avg:333.30ms
step:664/1680 train_time:221306ms step_avg:333.29ms
step:665/1680 train_time:221641ms step_avg:333.29ms
step:666/1680 train_time:221971ms step_avg:333.29ms
step:667/1680 train_time:222303ms step_avg:333.29ms
step:668/1680 train_time:222631ms step_avg:333.28ms
step:669/1680 train_time:222964ms step_avg:333.28ms
step:670/1680 train_time:223294ms step_avg:333.27ms
step:671/1680 train_time:223628ms step_avg:333.28ms
step:672/1680 train_time:223968ms step_avg:333.29ms
step:673/1680 train_time:224300ms step_avg:333.28ms
step:674/1680 train_time:224633ms step_avg:333.28ms
step:675/1680 train_time:224967ms step_avg:333.28ms
step:676/1680 train_time:225296ms step_avg:333.28ms
step:677/1680 train_time:225630ms step_avg:333.28ms
step:678/1680 train_time:225965ms step_avg:333.28ms
step:679/1680 train_time:226294ms step_avg:333.28ms
step:680/1680 train_time:226627ms step_avg:333.28ms
step:681/1680 train_time:226960ms step_avg:333.27ms
step:682/1680 train_time:227288ms step_avg:333.27ms
step:683/1680 train_time:227624ms step_avg:333.27ms
step:684/1680 train_time:227955ms step_avg:333.27ms
step:685/1680 train_time:228289ms step_avg:333.27ms
step:686/1680 train_time:228622ms step_avg:333.27ms
step:687/1680 train_time:228959ms step_avg:333.27ms
step:688/1680 train_time:229291ms step_avg:333.27ms
step:689/1680 train_time:229623ms step_avg:333.27ms
step:690/1680 train_time:229959ms step_avg:333.27ms
step:691/1680 train_time:230290ms step_avg:333.27ms
step:692/1680 train_time:230627ms step_avg:333.28ms
step:693/1680 train_time:230959ms step_avg:333.27ms
step:694/1680 train_time:231291ms step_avg:333.27ms
step:695/1680 train_time:231622ms step_avg:333.27ms
step:696/1680 train_time:231956ms step_avg:333.27ms
step:697/1680 train_time:232289ms step_avg:333.27ms
step:698/1680 train_time:232619ms step_avg:333.26ms
step:699/1680 train_time:232950ms step_avg:333.26ms
step:700/1680 train_time:233281ms step_avg:333.26ms
step:701/1680 train_time:233613ms step_avg:333.26ms
step:702/1680 train_time:233944ms step_avg:333.25ms
step:703/1680 train_time:234276ms step_avg:333.25ms
step:704/1680 train_time:234609ms step_avg:333.25ms
step:705/1680 train_time:234943ms step_avg:333.25ms
step:706/1680 train_time:235266ms step_avg:333.24ms
step:707/1680 train_time:235599ms step_avg:333.24ms
step:708/1680 train_time:235933ms step_avg:333.24ms
step:709/1680 train_time:236268ms step_avg:333.24ms
step:710/1680 train_time:236602ms step_avg:333.24ms
step:711/1680 train_time:236930ms step_avg:333.23ms
step:712/1680 train_time:237261ms step_avg:333.23ms
step:713/1680 train_time:237594ms step_avg:333.23ms
step:714/1680 train_time:237924ms step_avg:333.23ms
step:715/1680 train_time:238257ms step_avg:333.23ms
step:716/1680 train_time:238588ms step_avg:333.22ms
step:717/1680 train_time:238924ms step_avg:333.23ms
step:718/1680 train_time:239256ms step_avg:333.23ms
step:719/1680 train_time:239589ms step_avg:333.23ms
step:720/1680 train_time:239918ms step_avg:333.22ms
step:721/1680 train_time:240249ms step_avg:333.22ms
step:722/1680 train_time:240581ms step_avg:333.21ms
step:723/1680 train_time:240912ms step_avg:333.21ms
step:724/1680 train_time:241247ms step_avg:333.21ms
step:725/1680 train_time:241584ms step_avg:333.22ms
step:726/1680 train_time:241919ms step_avg:333.22ms
step:727/1680 train_time:242253ms step_avg:333.22ms
step:728/1680 train_time:242586ms step_avg:333.22ms
step:729/1680 train_time:242911ms step_avg:333.21ms
step:730/1680 train_time:243250ms step_avg:333.22ms
step:731/1680 train_time:243577ms step_avg:333.21ms
step:732/1680 train_time:243910ms step_avg:333.21ms
step:733/1680 train_time:244241ms step_avg:333.21ms
step:734/1680 train_time:244573ms step_avg:333.21ms
step:735/1680 train_time:244897ms step_avg:333.19ms
step:736/1680 train_time:245240ms step_avg:333.21ms
step:737/1680 train_time:245567ms step_avg:333.20ms
step:738/1680 train_time:245901ms step_avg:333.20ms
step:739/1680 train_time:246230ms step_avg:333.19ms
step:740/1680 train_time:246564ms step_avg:333.19ms
step:741/1680 train_time:246894ms step_avg:333.19ms
step:742/1680 train_time:247221ms step_avg:333.18ms
step:743/1680 train_time:247551ms step_avg:333.18ms
step:744/1680 train_time:247885ms step_avg:333.18ms
step:745/1680 train_time:248220ms step_avg:333.18ms
step:746/1680 train_time:248553ms step_avg:333.18ms
step:747/1680 train_time:248888ms step_avg:333.18ms
step:748/1680 train_time:249218ms step_avg:333.18ms
step:749/1680 train_time:249550ms step_avg:333.18ms
step:750/1680 train_time:249884ms step_avg:333.18ms
step:750/1680 val_loss:3.5627 train_time:250105ms step_avg:333.47ms
step:751/1680 train_time:250299ms step_avg:333.29ms
step:752/1680 train_time:250606ms step_avg:333.25ms
step:753/1680 train_time:250938ms step_avg:333.25ms
step:754/1680 train_time:251287ms step_avg:333.27ms
step:755/1680 train_time:251601ms step_avg:333.25ms
step:756/1680 train_time:251932ms step_avg:333.24ms
step:757/1680 train_time:252262ms step_avg:333.24ms
step:758/1680 train_time:252597ms step_avg:333.24ms
step:759/1680 train_time:252925ms step_avg:333.23ms
step:760/1680 train_time:253261ms step_avg:333.24ms
step:761/1680 train_time:253590ms step_avg:333.23ms
step:762/1680 train_time:253927ms step_avg:333.24ms
step:763/1680 train_time:254262ms step_avg:333.24ms
step:764/1680 train_time:254593ms step_avg:333.24ms
step:765/1680 train_time:254927ms step_avg:333.24ms
step:766/1680 train_time:255259ms step_avg:333.24ms
step:767/1680 train_time:255595ms step_avg:333.24ms
step:768/1680 train_time:255931ms step_avg:333.24ms
step:769/1680 train_time:256263ms step_avg:333.24ms
step:770/1680 train_time:256597ms step_avg:333.24ms
step:771/1680 train_time:256926ms step_avg:333.24ms
step:772/1680 train_time:257262ms step_avg:333.24ms
step:773/1680 train_time:257592ms step_avg:333.24ms
step:774/1680 train_time:257928ms step_avg:333.24ms
step:775/1680 train_time:258261ms step_avg:333.24ms
step:776/1680 train_time:258596ms step_avg:333.24ms
step:777/1680 train_time:258928ms step_avg:333.24ms
step:778/1680 train_time:259262ms step_avg:333.24ms
step:779/1680 train_time:259597ms step_avg:333.24ms
step:780/1680 train_time:259932ms step_avg:333.25ms
step:781/1680 train_time:260263ms step_avg:333.24ms
step:782/1680 train_time:260598ms step_avg:333.25ms
step:783/1680 train_time:260930ms step_avg:333.24ms
step:784/1680 train_time:261259ms step_avg:333.24ms
step:785/1680 train_time:261587ms step_avg:333.23ms
step:786/1680 train_time:261921ms step_avg:333.23ms
step:787/1680 train_time:262251ms step_avg:333.23ms
step:788/1680 train_time:262583ms step_avg:333.23ms
step:789/1680 train_time:262918ms step_avg:333.23ms
step:790/1680 train_time:263248ms step_avg:333.23ms
step:791/1680 train_time:263574ms step_avg:333.22ms
step:792/1680 train_time:263909ms step_avg:333.22ms
step:793/1680 train_time:264237ms step_avg:333.21ms
step:794/1680 train_time:264575ms step_avg:333.22ms
step:795/1680 train_time:264900ms step_avg:333.21ms
step:796/1680 train_time:265229ms step_avg:333.20ms
step:797/1680 train_time:265559ms step_avg:333.20ms
step:798/1680 train_time:265895ms step_avg:333.20ms
step:799/1680 train_time:266226ms step_avg:333.20ms
step:800/1680 train_time:266555ms step_avg:333.19ms
step:801/1680 train_time:266885ms step_avg:333.19ms
step:802/1680 train_time:267217ms step_avg:333.19ms
step:803/1680 train_time:267551ms step_avg:333.19ms
step:804/1680 train_time:267881ms step_avg:333.19ms
step:805/1680 train_time:268213ms step_avg:333.18ms
step:806/1680 train_time:268544ms step_avg:333.18ms
step:807/1680 train_time:268878ms step_avg:333.18ms
step:808/1680 train_time:269210ms step_avg:333.18ms
step:809/1680 train_time:269540ms step_avg:333.18ms
step:810/1680 train_time:269872ms step_avg:333.17ms
step:811/1680 train_time:270205ms step_avg:333.18ms
step:812/1680 train_time:270535ms step_avg:333.17ms
step:813/1680 train_time:270868ms step_avg:333.17ms
step:814/1680 train_time:271198ms step_avg:333.17ms
step:815/1680 train_time:271527ms step_avg:333.16ms
step:816/1680 train_time:271857ms step_avg:333.16ms
step:817/1680 train_time:272191ms step_avg:333.16ms
step:818/1680 train_time:272522ms step_avg:333.16ms
step:819/1680 train_time:272850ms step_avg:333.15ms
step:820/1680 train_time:273180ms step_avg:333.15ms
step:821/1680 train_time:273510ms step_avg:333.14ms
step:822/1680 train_time:273840ms step_avg:333.14ms
step:823/1680 train_time:274174ms step_avg:333.14ms
step:824/1680 train_time:274502ms step_avg:333.13ms
step:825/1680 train_time:274838ms step_avg:333.14ms
step:826/1680 train_time:275168ms step_avg:333.13ms
step:827/1680 train_time:275501ms step_avg:333.13ms
step:828/1680 train_time:275831ms step_avg:333.13ms
step:829/1680 train_time:276167ms step_avg:333.13ms
step:830/1680 train_time:276499ms step_avg:333.13ms
step:831/1680 train_time:276832ms step_avg:333.13ms
step:832/1680 train_time:277166ms step_avg:333.13ms
step:833/1680 train_time:277495ms step_avg:333.13ms
step:834/1680 train_time:277826ms step_avg:333.13ms
step:835/1680 train_time:278156ms step_avg:333.12ms
step:836/1680 train_time:278486ms step_avg:333.12ms
step:837/1680 train_time:278823ms step_avg:333.12ms
step:838/1680 train_time:279157ms step_avg:333.12ms
step:839/1680 train_time:279489ms step_avg:333.12ms
step:840/1680 train_time:279818ms step_avg:333.12ms
step:841/1680 train_time:280155ms step_avg:333.12ms
step:842/1680 train_time:280484ms step_avg:333.12ms
step:843/1680 train_time:280811ms step_avg:333.11ms
step:844/1680 train_time:281143ms step_avg:333.11ms
step:845/1680 train_time:281476ms step_avg:333.11ms
step:846/1680 train_time:281810ms step_avg:333.11ms
step:847/1680 train_time:282139ms step_avg:333.10ms
step:848/1680 train_time:282474ms step_avg:333.11ms
step:849/1680 train_time:282817ms step_avg:333.12ms
step:850/1680 train_time:283146ms step_avg:333.11ms
step:851/1680 train_time:283475ms step_avg:333.11ms
step:852/1680 train_time:283808ms step_avg:333.11ms
step:853/1680 train_time:284141ms step_avg:333.11ms
step:854/1680 train_time:284471ms step_avg:333.10ms
step:855/1680 train_time:284803ms step_avg:333.10ms
step:856/1680 train_time:285130ms step_avg:333.10ms
step:857/1680 train_time:285462ms step_avg:333.09ms
step:858/1680 train_time:285797ms step_avg:333.10ms
step:859/1680 train_time:286133ms step_avg:333.10ms
step:860/1680 train_time:286467ms step_avg:333.10ms
step:861/1680 train_time:286799ms step_avg:333.10ms
step:862/1680 train_time:287125ms step_avg:333.09ms
step:863/1680 train_time:287463ms step_avg:333.10ms
step:864/1680 train_time:287800ms step_avg:333.10ms
step:865/1680 train_time:288131ms step_avg:333.10ms
step:866/1680 train_time:288476ms step_avg:333.11ms
step:867/1680 train_time:288791ms step_avg:333.09ms
step:868/1680 train_time:289123ms step_avg:333.09ms
step:869/1680 train_time:289470ms step_avg:333.11ms
step:870/1680 train_time:289804ms step_avg:333.11ms
step:871/1680 train_time:290114ms step_avg:333.08ms
step:872/1680 train_time:290443ms step_avg:333.08ms
step:873/1680 train_time:290774ms step_avg:333.07ms
step:874/1680 train_time:291101ms step_avg:333.07ms
step:875/1680 train_time:291437ms step_avg:333.07ms
step:875/1680 val_loss:3.5178 train_time:291658ms step_avg:333.32ms
step:876/1680 train_time:291913ms step_avg:333.23ms
step:877/1680 train_time:292247ms step_avg:333.23ms
step:878/1680 train_time:292580ms step_avg:333.23ms
step:879/1680 train_time:292913ms step_avg:333.23ms
step:880/1680 train_time:293246ms step_avg:333.23ms
step:881/1680 train_time:293575ms step_avg:333.23ms
step:882/1680 train_time:293907ms step_avg:333.23ms
step:883/1680 train_time:294237ms step_avg:333.22ms
step:884/1680 train_time:294572ms step_avg:333.23ms
step:885/1680 train_time:294901ms step_avg:333.22ms
step:886/1680 train_time:295232ms step_avg:333.22ms
step:887/1680 train_time:295564ms step_avg:333.22ms
step:888/1680 train_time:295897ms step_avg:333.22ms
step:889/1680 train_time:296230ms step_avg:333.22ms
step:890/1680 train_time:296560ms step_avg:333.21ms
step:891/1680 train_time:296891ms step_avg:333.21ms
step:892/1680 train_time:297222ms step_avg:333.21ms
step:893/1680 train_time:297552ms step_avg:333.21ms
step:894/1680 train_time:297889ms step_avg:333.21ms
step:895/1680 train_time:298219ms step_avg:333.21ms
step:896/1680 train_time:298550ms step_avg:333.20ms
step:897/1680 train_time:298886ms step_avg:333.21ms
step:898/1680 train_time:299220ms step_avg:333.21ms
step:899/1680 train_time:299550ms step_avg:333.20ms
step:900/1680 train_time:299884ms step_avg:333.20ms
step:901/1680 train_time:300216ms step_avg:333.20ms
step:902/1680 train_time:300548ms step_avg:333.20ms
step:903/1680 train_time:300880ms step_avg:333.20ms
step:904/1680 train_time:301212ms step_avg:333.20ms
step:905/1680 train_time:301539ms step_avg:333.19ms
step:906/1680 train_time:301874ms step_avg:333.19ms
step:907/1680 train_time:302209ms step_avg:333.20ms
step:908/1680 train_time:302541ms step_avg:333.19ms
step:909/1680 train_time:302871ms step_avg:333.19ms
step:910/1680 train_time:303201ms step_avg:333.19ms
step:911/1680 train_time:303531ms step_avg:333.18ms
step:912/1680 train_time:303867ms step_avg:333.19ms
step:913/1680 train_time:304197ms step_avg:333.18ms
step:914/1680 train_time:304530ms step_avg:333.18ms
step:915/1680 train_time:304867ms step_avg:333.19ms
step:916/1680 train_time:305195ms step_avg:333.18ms
step:917/1680 train_time:305546ms step_avg:333.20ms
step:918/1680 train_time:305859ms step_avg:333.18ms
step:919/1680 train_time:306191ms step_avg:333.18ms
step:920/1680 train_time:306517ms step_avg:333.17ms
step:921/1680 train_time:306853ms step_avg:333.17ms
step:922/1680 train_time:307182ms step_avg:333.17ms
step:923/1680 train_time:307513ms step_avg:333.17ms
step:924/1680 train_time:307841ms step_avg:333.16ms
step:925/1680 train_time:308178ms step_avg:333.16ms
step:926/1680 train_time:308508ms step_avg:333.16ms
step:927/1680 train_time:308837ms step_avg:333.16ms
step:928/1680 train_time:309168ms step_avg:333.16ms
step:929/1680 train_time:309512ms step_avg:333.17ms
step:930/1680 train_time:309833ms step_avg:333.15ms
step:931/1680 train_time:310162ms step_avg:333.15ms
step:932/1680 train_time:310488ms step_avg:333.14ms
step:933/1680 train_time:310837ms step_avg:333.16ms
step:934/1680 train_time:311156ms step_avg:333.14ms
step:935/1680 train_time:311486ms step_avg:333.14ms
step:936/1680 train_time:311826ms step_avg:333.15ms
step:937/1680 train_time:312158ms step_avg:333.15ms
step:938/1680 train_time:312491ms step_avg:333.15ms
step:939/1680 train_time:312825ms step_avg:333.15ms
step:940/1680 train_time:313150ms step_avg:333.14ms
step:941/1680 train_time:313499ms step_avg:333.16ms
step:942/1680 train_time:313831ms step_avg:333.15ms
step:943/1680 train_time:314147ms step_avg:333.14ms
step:944/1680 train_time:314479ms step_avg:333.13ms
step:945/1680 train_time:314808ms step_avg:333.13ms
step:946/1680 train_time:315141ms step_avg:333.13ms
step:947/1680 train_time:315468ms step_avg:333.12ms
step:948/1680 train_time:315796ms step_avg:333.12ms
step:949/1680 train_time:316129ms step_avg:333.12ms
step:950/1680 train_time:316460ms step_avg:333.12ms
step:951/1680 train_time:316793ms step_avg:333.12ms
step:952/1680 train_time:317123ms step_avg:333.11ms
step:953/1680 train_time:317455ms step_avg:333.11ms
step:954/1680 train_time:317808ms step_avg:333.13ms
step:955/1680 train_time:318121ms step_avg:333.11ms
step:956/1680 train_time:318454ms step_avg:333.11ms
step:957/1680 train_time:318789ms step_avg:333.11ms
step:958/1680 train_time:319122ms step_avg:333.11ms
step:959/1680 train_time:319451ms step_avg:333.11ms
step:960/1680 train_time:319779ms step_avg:333.10ms
step:961/1680 train_time:320115ms step_avg:333.11ms
step:962/1680 train_time:320445ms step_avg:333.10ms
step:963/1680 train_time:320780ms step_avg:333.11ms
step:964/1680 train_time:321117ms step_avg:333.11ms
step:965/1680 train_time:321444ms step_avg:333.10ms
step:966/1680 train_time:321778ms step_avg:333.10ms
step:967/1680 train_time:322107ms step_avg:333.10ms
step:968/1680 train_time:322438ms step_avg:333.10ms
step:969/1680 train_time:322768ms step_avg:333.09ms
step:970/1680 train_time:323100ms step_avg:333.09ms
step:971/1680 train_time:323432ms step_avg:333.09ms
step:972/1680 train_time:323760ms step_avg:333.09ms
step:973/1680 train_time:324095ms step_avg:333.09ms
step:974/1680 train_time:324425ms step_avg:333.09ms
step:975/1680 train_time:324758ms step_avg:333.09ms
step:976/1680 train_time:325104ms step_avg:333.10ms
step:977/1680 train_time:325420ms step_avg:333.08ms
step:978/1680 train_time:325750ms step_avg:333.08ms
step:979/1680 train_time:326084ms step_avg:333.08ms
step:980/1680 train_time:326413ms step_avg:333.07ms
step:981/1680 train_time:326748ms step_avg:333.08ms
step:982/1680 train_time:327083ms step_avg:333.08ms
step:983/1680 train_time:327420ms step_avg:333.08ms
step:984/1680 train_time:327749ms step_avg:333.08ms
step:985/1680 train_time:328083ms step_avg:333.08ms
step:986/1680 train_time:328417ms step_avg:333.08ms
step:987/1680 train_time:328743ms step_avg:333.07ms
step:988/1680 train_time:329076ms step_avg:333.07ms
step:989/1680 train_time:329407ms step_avg:333.07ms
step:990/1680 train_time:329738ms step_avg:333.07ms
step:991/1680 train_time:330085ms step_avg:333.08ms
step:992/1680 train_time:330418ms step_avg:333.08ms
step:993/1680 train_time:330748ms step_avg:333.08ms
step:994/1680 train_time:331081ms step_avg:333.08ms
step:995/1680 train_time:331392ms step_avg:333.06ms
step:996/1680 train_time:331730ms step_avg:333.06ms
step:997/1680 train_time:332061ms step_avg:333.06ms
step:998/1680 train_time:332391ms step_avg:333.06ms
step:999/1680 train_time:332724ms step_avg:333.06ms
step:1000/1680 train_time:333054ms step_avg:333.05ms
step:1000/1680 val_loss:3.4648 train_time:333275ms step_avg:333.27ms
step:1001/1680 train_time:333488ms step_avg:333.15ms
step:1002/1680 train_time:333801ms step_avg:333.13ms
step:1003/1680 train_time:334130ms step_avg:333.13ms
step:1004/1680 train_time:334448ms step_avg:333.12ms
step:1005/1680 train_time:334779ms step_avg:333.11ms
step:1006/1680 train_time:335111ms step_avg:333.11ms
step:1007/1680 train_time:335445ms step_avg:333.11ms
step:1008/1680 train_time:335775ms step_avg:333.11ms
step:1009/1680 train_time:336107ms step_avg:333.11ms
step:1010/1680 train_time:336438ms step_avg:333.11ms
step:1011/1680 train_time:336771ms step_avg:333.11ms
step:1012/1680 train_time:337105ms step_avg:333.11ms
step:1013/1680 train_time:337433ms step_avg:333.10ms
step:1014/1680 train_time:337764ms step_avg:333.10ms
step:1015/1680 train_time:338095ms step_avg:333.10ms
step:1016/1680 train_time:338430ms step_avg:333.10ms
step:1017/1680 train_time:338761ms step_avg:333.10ms
step:1018/1680 train_time:339098ms step_avg:333.10ms
step:1019/1680 train_time:339433ms step_avg:333.10ms
step:1020/1680 train_time:339758ms step_avg:333.10ms
step:1021/1680 train_time:340086ms step_avg:333.09ms
step:1022/1680 train_time:340422ms step_avg:333.09ms
step:1023/1680 train_time:340754ms step_avg:333.09ms
step:1024/1680 train_time:341086ms step_avg:333.09ms
step:1025/1680 train_time:341419ms step_avg:333.09ms
step:1026/1680 train_time:341753ms step_avg:333.09ms
step:1027/1680 train_time:342085ms step_avg:333.09ms
step:1028/1680 train_time:342414ms step_avg:333.09ms
step:1029/1680 train_time:342748ms step_avg:333.09ms
step:1030/1680 train_time:343082ms step_avg:333.09ms
step:1031/1680 train_time:343416ms step_avg:333.09ms
step:1032/1680 train_time:343747ms step_avg:333.09ms
step:1033/1680 train_time:344076ms step_avg:333.08ms
step:1034/1680 train_time:344413ms step_avg:333.09ms
step:1035/1680 train_time:344741ms step_avg:333.08ms
step:1036/1680 train_time:345076ms step_avg:333.09ms
step:1037/1680 train_time:345412ms step_avg:333.09ms
step:1038/1680 train_time:345740ms step_avg:333.08ms
step:1039/1680 train_time:346071ms step_avg:333.08ms
step:1040/1680 train_time:346400ms step_avg:333.08ms
step:1041/1680 train_time:346731ms step_avg:333.07ms
step:1042/1680 train_time:347069ms step_avg:333.08ms
step:1043/1680 train_time:347401ms step_avg:333.08ms
step:1044/1680 train_time:347732ms step_avg:333.08ms
step:1045/1680 train_time:348068ms step_avg:333.08ms
step:1046/1680 train_time:348403ms step_avg:333.08ms
step:1047/1680 train_time:348734ms step_avg:333.08ms
step:1048/1680 train_time:349066ms step_avg:333.08ms
step:1049/1680 train_time:349396ms step_avg:333.08ms
step:1050/1680 train_time:349735ms step_avg:333.08ms
step:1051/1680 train_time:350067ms step_avg:333.08ms
step:1052/1680 train_time:350400ms step_avg:333.08ms
step:1053/1680 train_time:350733ms step_avg:333.08ms
step:1054/1680 train_time:351075ms step_avg:333.09ms
step:1055/1680 train_time:351409ms step_avg:333.09ms
step:1056/1680 train_time:351738ms step_avg:333.09ms
step:1057/1680 train_time:352070ms step_avg:333.08ms
step:1058/1680 train_time:352397ms step_avg:333.08ms
step:1059/1680 train_time:352727ms step_avg:333.08ms
step:1060/1680 train_time:353058ms step_avg:333.07ms
step:1061/1680 train_time:353388ms step_avg:333.07ms
step:1062/1680 train_time:353718ms step_avg:333.07ms
step:1063/1680 train_time:354053ms step_avg:333.07ms
step:1064/1680 train_time:354384ms step_avg:333.07ms
step:1065/1680 train_time:354718ms step_avg:333.07ms
step:1066/1680 train_time:355050ms step_avg:333.07ms
step:1067/1680 train_time:355383ms step_avg:333.07ms
step:1068/1680 train_time:355715ms step_avg:333.07ms
step:1069/1680 train_time:356047ms step_avg:333.07ms
step:1070/1680 train_time:356377ms step_avg:333.06ms
step:1071/1680 train_time:356708ms step_avg:333.06ms
step:1072/1680 train_time:357040ms step_avg:333.06ms
step:1073/1680 train_time:357372ms step_avg:333.06ms
step:1074/1680 train_time:357701ms step_avg:333.06ms
step:1075/1680 train_time:358034ms step_avg:333.06ms
step:1076/1680 train_time:358367ms step_avg:333.05ms
step:1077/1680 train_time:358695ms step_avg:333.05ms
step:1078/1680 train_time:359028ms step_avg:333.05ms
step:1079/1680 train_time:359360ms step_avg:333.05ms
step:1080/1680 train_time:359695ms step_avg:333.05ms
step:1081/1680 train_time:360028ms step_avg:333.05ms
step:1082/1680 train_time:360363ms step_avg:333.05ms
step:1083/1680 train_time:360694ms step_avg:333.05ms
step:1084/1680 train_time:361023ms step_avg:333.05ms
step:1085/1680 train_time:361350ms step_avg:333.04ms
step:1086/1680 train_time:361682ms step_avg:333.04ms
step:1087/1680 train_time:362013ms step_avg:333.04ms
step:1088/1680 train_time:362344ms step_avg:333.04ms
step:1089/1680 train_time:362675ms step_avg:333.03ms
step:1090/1680 train_time:363005ms step_avg:333.03ms
step:1091/1680 train_time:363338ms step_avg:333.03ms
step:1092/1680 train_time:363670ms step_avg:333.03ms
step:1093/1680 train_time:364004ms step_avg:333.03ms
step:1094/1680 train_time:364340ms step_avg:333.03ms
step:1095/1680 train_time:364670ms step_avg:333.03ms
step:1096/1680 train_time:365008ms step_avg:333.04ms
step:1097/1680 train_time:365335ms step_avg:333.03ms
step:1098/1680 train_time:365670ms step_avg:333.03ms
step:1099/1680 train_time:366003ms step_avg:333.03ms
step:1100/1680 train_time:366334ms step_avg:333.03ms
step:1101/1680 train_time:366663ms step_avg:333.03ms
step:1102/1680 train_time:366993ms step_avg:333.02ms
step:1103/1680 train_time:367324ms step_avg:333.02ms
step:1104/1680 train_time:367655ms step_avg:333.02ms
step:1105/1680 train_time:367989ms step_avg:333.02ms
step:1106/1680 train_time:368319ms step_avg:333.02ms
step:1107/1680 train_time:368655ms step_avg:333.02ms
step:1108/1680 train_time:368983ms step_avg:333.02ms
step:1109/1680 train_time:369317ms step_avg:333.02ms
step:1110/1680 train_time:369648ms step_avg:333.02ms
step:1111/1680 train_time:369979ms step_avg:333.01ms
step:1112/1680 train_time:370313ms step_avg:333.02ms
step:1113/1680 train_time:370641ms step_avg:333.01ms
step:1114/1680 train_time:370984ms step_avg:333.02ms
step:1115/1680 train_time:371317ms step_avg:333.02ms
step:1116/1680 train_time:371646ms step_avg:333.02ms
step:1117/1680 train_time:371973ms step_avg:333.01ms
step:1118/1680 train_time:372303ms step_avg:333.01ms
step:1119/1680 train_time:372641ms step_avg:333.01ms
step:1120/1680 train_time:372976ms step_avg:333.01ms
step:1121/1680 train_time:373302ms step_avg:333.01ms
step:1122/1680 train_time:373634ms step_avg:333.01ms
step:1123/1680 train_time:373966ms step_avg:333.01ms
step:1124/1680 train_time:374293ms step_avg:333.00ms
step:1125/1680 train_time:374624ms step_avg:333.00ms
step:1125/1680 val_loss:3.4133 train_time:374847ms step_avg:333.20ms
step:1126/1680 train_time:375044ms step_avg:333.08ms
step:1127/1680 train_time:375361ms step_avg:333.06ms
step:1128/1680 train_time:375694ms step_avg:333.06ms
step:1129/1680 train_time:376026ms step_avg:333.06ms
step:1130/1680 train_time:376358ms step_avg:333.06ms
step:1131/1680 train_time:376693ms step_avg:333.06ms
step:1132/1680 train_time:377021ms step_avg:333.06ms
step:1133/1680 train_time:377356ms step_avg:333.06ms
step:1134/1680 train_time:377686ms step_avg:333.06ms
step:1135/1680 train_time:378017ms step_avg:333.05ms
step:1136/1680 train_time:378350ms step_avg:333.05ms
step:1137/1680 train_time:378683ms step_avg:333.05ms
step:1138/1680 train_time:379020ms step_avg:333.06ms
step:1139/1680 train_time:379351ms step_avg:333.06ms
step:1140/1680 train_time:379679ms step_avg:333.05ms
step:1141/1680 train_time:380014ms step_avg:333.05ms
step:1142/1680 train_time:380347ms step_avg:333.05ms
step:1143/1680 train_time:380679ms step_avg:333.05ms
step:1144/1680 train_time:381008ms step_avg:333.05ms
step:1145/1680 train_time:381341ms step_avg:333.05ms
step:1146/1680 train_time:381677ms step_avg:333.05ms
step:1147/1680 train_time:382006ms step_avg:333.05ms
step:1148/1680 train_time:382343ms step_avg:333.05ms
step:1149/1680 train_time:382673ms step_avg:333.05ms
step:1150/1680 train_time:383003ms step_avg:333.05ms
step:1151/1680 train_time:383338ms step_avg:333.05ms
step:1152/1680 train_time:383668ms step_avg:333.05ms
step:1153/1680 train_time:383997ms step_avg:333.04ms
step:1154/1680 train_time:384330ms step_avg:333.04ms
step:1155/1680 train_time:384661ms step_avg:333.04ms
step:1156/1680 train_time:384992ms step_avg:333.04ms
step:1157/1680 train_time:385323ms step_avg:333.04ms
step:1158/1680 train_time:385658ms step_avg:333.04ms
step:1159/1680 train_time:385983ms step_avg:333.03ms
step:1160/1680 train_time:386322ms step_avg:333.04ms
step:1161/1680 train_time:386659ms step_avg:333.04ms
step:1162/1680 train_time:386991ms step_avg:333.04ms
step:1163/1680 train_time:387320ms step_avg:333.04ms
step:1164/1680 train_time:387653ms step_avg:333.04ms
step:1165/1680 train_time:387988ms step_avg:333.04ms
step:1166/1680 train_time:388319ms step_avg:333.04ms
step:1167/1680 train_time:388653ms step_avg:333.04ms
step:1168/1680 train_time:388982ms step_avg:333.03ms
step:1169/1680 train_time:389314ms step_avg:333.03ms
step:1170/1680 train_time:389643ms step_avg:333.03ms
step:1171/1680 train_time:389970ms step_avg:333.02ms
step:1172/1680 train_time:390306ms step_avg:333.03ms
step:1173/1680 train_time:390637ms step_avg:333.02ms
step:1174/1680 train_time:390966ms step_avg:333.02ms
step:1175/1680 train_time:391302ms step_avg:333.02ms
step:1176/1680 train_time:391630ms step_avg:333.02ms
step:1177/1680 train_time:391965ms step_avg:333.02ms
step:1178/1680 train_time:392301ms step_avg:333.02ms
step:1179/1680 train_time:392634ms step_avg:333.02ms
step:1180/1680 train_time:392968ms step_avg:333.02ms
step:1181/1680 train_time:393298ms step_avg:333.02ms
step:1182/1680 train_time:393627ms step_avg:333.02ms
step:1183/1680 train_time:393959ms step_avg:333.02ms
step:1184/1680 train_time:394288ms step_avg:333.01ms
step:1185/1680 train_time:394622ms step_avg:333.01ms
step:1186/1680 train_time:394952ms step_avg:333.01ms
step:1187/1680 train_time:395282ms step_avg:333.01ms
step:1188/1680 train_time:395616ms step_avg:333.01ms
step:1189/1680 train_time:395947ms step_avg:333.01ms
step:1190/1680 train_time:396277ms step_avg:333.01ms
step:1191/1680 train_time:396611ms step_avg:333.01ms
step:1192/1680 train_time:396940ms step_avg:333.00ms
step:1193/1680 train_time:397275ms step_avg:333.00ms
step:1194/1680 train_time:397607ms step_avg:333.00ms
step:1195/1680 train_time:397938ms step_avg:333.00ms
step:1196/1680 train_time:398274ms step_avg:333.00ms
step:1197/1680 train_time:398606ms step_avg:333.00ms
step:1198/1680 train_time:398936ms step_avg:333.00ms
step:1199/1680 train_time:399270ms step_avg:333.00ms
step:1200/1680 train_time:399598ms step_avg:333.00ms
step:1201/1680 train_time:399930ms step_avg:333.00ms
step:1202/1680 train_time:400264ms step_avg:333.00ms
step:1203/1680 train_time:400594ms step_avg:333.00ms
step:1204/1680 train_time:400924ms step_avg:332.99ms
step:1205/1680 train_time:401255ms step_avg:332.99ms
step:1206/1680 train_time:401586ms step_avg:332.99ms
step:1207/1680 train_time:401916ms step_avg:332.99ms
step:1208/1680 train_time:402247ms step_avg:332.99ms
step:1209/1680 train_time:402579ms step_avg:332.99ms
step:1210/1680 train_time:402909ms step_avg:332.98ms
step:1211/1680 train_time:403243ms step_avg:332.98ms
step:1212/1680 train_time:403575ms step_avg:332.98ms
step:1213/1680 train_time:403907ms step_avg:332.98ms
step:1214/1680 train_time:404241ms step_avg:332.98ms
step:1215/1680 train_time:404567ms step_avg:332.98ms
step:1216/1680 train_time:404896ms step_avg:332.97ms
step:1217/1680 train_time:405226ms step_avg:332.97ms
step:1218/1680 train_time:405555ms step_avg:332.97ms
step:1219/1680 train_time:405889ms step_avg:332.97ms
step:1220/1680 train_time:406225ms step_avg:332.97ms
step:1221/1680 train_time:406559ms step_avg:332.97ms
step:1222/1680 train_time:406887ms step_avg:332.97ms
step:1223/1680 train_time:407222ms step_avg:332.97ms
step:1224/1680 train_time:407550ms step_avg:332.97ms
step:1225/1680 train_time:407883ms step_avg:332.97ms
step:1226/1680 train_time:408214ms step_avg:332.96ms
step:1227/1680 train_time:408547ms step_avg:332.96ms
step:1228/1680 train_time:408877ms step_avg:332.96ms
step:1229/1680 train_time:409208ms step_avg:332.96ms
step:1230/1680 train_time:409540ms step_avg:332.96ms
step:1231/1680 train_time:409868ms step_avg:332.96ms
step:1232/1680 train_time:410198ms step_avg:332.95ms
step:1233/1680 train_time:410528ms step_avg:332.95ms
step:1234/1680 train_time:410860ms step_avg:332.95ms
step:1235/1680 train_time:411194ms step_avg:332.95ms
step:1236/1680 train_time:411533ms step_avg:332.96ms
step:1237/1680 train_time:411859ms step_avg:332.95ms
step:1238/1680 train_time:412189ms step_avg:332.95ms
step:1239/1680 train_time:412521ms step_avg:332.95ms
step:1240/1680 train_time:412855ms step_avg:332.95ms
step:1241/1680 train_time:413185ms step_avg:332.95ms
step:1242/1680 train_time:413521ms step_avg:332.95ms
step:1243/1680 train_time:413853ms step_avg:332.95ms
step:1244/1680 train_time:414185ms step_avg:332.95ms
step:1245/1680 train_time:414523ms step_avg:332.95ms
step:1246/1680 train_time:414847ms step_avg:332.94ms
step:1247/1680 train_time:415177ms step_avg:332.94ms
step:1248/1680 train_time:415511ms step_avg:332.94ms
step:1249/1680 train_time:415843ms step_avg:332.94ms
step:1250/1680 train_time:416175ms step_avg:332.94ms
step:1250/1680 val_loss:3.3744 train_time:416400ms step_avg:333.12ms
step:1251/1680 train_time:416609ms step_avg:333.02ms
step:1252/1680 train_time:416925ms step_avg:333.01ms
step:1253/1680 train_time:417259ms step_avg:333.01ms
step:1254/1680 train_time:417594ms step_avg:333.01ms
step:1255/1680 train_time:417924ms step_avg:333.01ms
step:1256/1680 train_time:418257ms step_avg:333.01ms
step:1257/1680 train_time:418588ms step_avg:333.01ms
step:1258/1680 train_time:418916ms step_avg:333.00ms
step:1259/1680 train_time:419251ms step_avg:333.00ms
step:1260/1680 train_time:419584ms step_avg:333.00ms
step:1261/1680 train_time:419918ms step_avg:333.00ms
step:1262/1680 train_time:420250ms step_avg:333.00ms
step:1263/1680 train_time:420581ms step_avg:333.00ms
step:1264/1680 train_time:420909ms step_avg:333.00ms
step:1265/1680 train_time:421238ms step_avg:332.99ms
step:1266/1680 train_time:421572ms step_avg:333.00ms
step:1267/1680 train_time:421904ms step_avg:332.99ms
step:1268/1680 train_time:422238ms step_avg:333.00ms
step:1269/1680 train_time:422575ms step_avg:333.00ms
step:1270/1680 train_time:422905ms step_avg:333.00ms
step:1271/1680 train_time:423237ms step_avg:333.00ms
step:1272/1680 train_time:423566ms step_avg:332.99ms
step:1273/1680 train_time:423902ms step_avg:332.99ms
step:1274/1680 train_time:424232ms step_avg:332.99ms
step:1275/1680 train_time:424564ms step_avg:332.99ms
step:1276/1680 train_time:424896ms step_avg:332.99ms
step:1277/1680 train_time:425226ms step_avg:332.99ms
step:1278/1680 train_time:425560ms step_avg:332.99ms
step:1279/1680 train_time:425889ms step_avg:332.99ms
step:1280/1680 train_time:426226ms step_avg:332.99ms
step:1281/1680 train_time:426556ms step_avg:332.99ms
step:1282/1680 train_time:426889ms step_avg:332.99ms
step:1283/1680 train_time:427219ms step_avg:332.98ms
step:1284/1680 train_time:427551ms step_avg:332.98ms
step:1285/1680 train_time:427885ms step_avg:332.98ms
step:1286/1680 train_time:428221ms step_avg:332.99ms
step:1287/1680 train_time:428551ms step_avg:332.98ms
step:1288/1680 train_time:428884ms step_avg:332.98ms
step:1289/1680 train_time:429216ms step_avg:332.98ms
step:1290/1680 train_time:429551ms step_avg:332.99ms
step:1291/1680 train_time:429885ms step_avg:332.99ms
step:1292/1680 train_time:430217ms step_avg:332.99ms
step:1293/1680 train_time:430548ms step_avg:332.98ms
step:1294/1680 train_time:430878ms step_avg:332.98ms
step:1295/1680 train_time:431212ms step_avg:332.98ms
step:1296/1680 train_time:431540ms step_avg:332.98ms
step:1297/1680 train_time:431872ms step_avg:332.98ms
step:1298/1680 train_time:432201ms step_avg:332.97ms
step:1299/1680 train_time:432537ms step_avg:332.98ms
step:1300/1680 train_time:432868ms step_avg:332.98ms
step:1301/1680 train_time:433201ms step_avg:332.98ms
step:1302/1680 train_time:433534ms step_avg:332.98ms
step:1303/1680 train_time:433868ms step_avg:332.98ms
step:1304/1680 train_time:434203ms step_avg:332.98ms
step:1305/1680 train_time:434535ms step_avg:332.98ms
step:1306/1680 train_time:434861ms step_avg:332.97ms
step:1307/1680 train_time:435196ms step_avg:332.97ms
step:1308/1680 train_time:435531ms step_avg:332.97ms
step:1309/1680 train_time:435860ms step_avg:332.97ms
step:1310/1680 train_time:436191ms step_avg:332.97ms
step:1311/1680 train_time:436523ms step_avg:332.97ms
step:1312/1680 train_time:436857ms step_avg:332.97ms
step:1313/1680 train_time:437188ms step_avg:332.97ms
step:1314/1680 train_time:437541ms step_avg:332.98ms
step:1315/1680 train_time:437872ms step_avg:332.98ms
step:1316/1680 train_time:438200ms step_avg:332.98ms
step:1317/1680 train_time:438524ms step_avg:332.97ms
step:1318/1680 train_time:438851ms step_avg:332.97ms
step:1319/1680 train_time:439181ms step_avg:332.97ms
step:1320/1680 train_time:439518ms step_avg:332.97ms
step:1321/1680 train_time:439849ms step_avg:332.97ms
step:1322/1680 train_time:440184ms step_avg:332.97ms
step:1323/1680 train_time:440516ms step_avg:332.97ms
step:1324/1680 train_time:440856ms step_avg:332.97ms
step:1325/1680 train_time:441181ms step_avg:332.97ms
step:1326/1680 train_time:441511ms step_avg:332.96ms
step:1327/1680 train_time:441846ms step_avg:332.97ms
step:1328/1680 train_time:442176ms step_avg:332.96ms
step:1329/1680 train_time:442507ms step_avg:332.96ms
step:1330/1680 train_time:442834ms step_avg:332.96ms
step:1331/1680 train_time:443165ms step_avg:332.96ms
step:1332/1680 train_time:443497ms step_avg:332.96ms
step:1333/1680 train_time:443829ms step_avg:332.95ms
step:1334/1680 train_time:444160ms step_avg:332.95ms
step:1335/1680 train_time:444493ms step_avg:332.95ms
step:1336/1680 train_time:444826ms step_avg:332.95ms
step:1337/1680 train_time:445161ms step_avg:332.96ms
step:1338/1680 train_time:445495ms step_avg:332.96ms
step:1339/1680 train_time:445829ms step_avg:332.96ms
step:1340/1680 train_time:446161ms step_avg:332.96ms
step:1341/1680 train_time:446504ms step_avg:332.96ms
step:1342/1680 train_time:446841ms step_avg:332.97ms
step:1343/1680 train_time:447169ms step_avg:332.96ms
step:1344/1680 train_time:447504ms step_avg:332.96ms
step:1345/1680 train_time:447833ms step_avg:332.96ms
step:1346/1680 train_time:448162ms step_avg:332.96ms
step:1347/1680 train_time:448493ms step_avg:332.96ms
step:1348/1680 train_time:448825ms step_avg:332.96ms
step:1349/1680 train_time:449160ms step_avg:332.96ms
step:1350/1680 train_time:449493ms step_avg:332.96ms
step:1351/1680 train_time:449823ms step_avg:332.96ms
step:1352/1680 train_time:450154ms step_avg:332.95ms
step:1353/1680 train_time:450487ms step_avg:332.95ms
step:1354/1680 train_time:450818ms step_avg:332.95ms
step:1355/1680 train_time:451151ms step_avg:332.95ms
step:1356/1680 train_time:451485ms step_avg:332.95ms
step:1357/1680 train_time:451818ms step_avg:332.95ms
step:1358/1680 train_time:452149ms step_avg:332.95ms
step:1359/1680 train_time:452480ms step_avg:332.95ms
step:1360/1680 train_time:452817ms step_avg:332.95ms
step:1361/1680 train_time:453149ms step_avg:332.95ms
step:1362/1680 train_time:453479ms step_avg:332.95ms
step:1363/1680 train_time:453811ms step_avg:332.95ms
step:1364/1680 train_time:454140ms step_avg:332.95ms
step:1365/1680 train_time:454473ms step_avg:332.95ms
step:1366/1680 train_time:454805ms step_avg:332.95ms
step:1367/1680 train_time:455146ms step_avg:332.95ms
step:1368/1680 train_time:455476ms step_avg:332.95ms
step:1369/1680 train_time:455807ms step_avg:332.95ms
step:1370/1680 train_time:456141ms step_avg:332.95ms
step:1371/1680 train_time:456467ms step_avg:332.94ms
step:1372/1680 train_time:456800ms step_avg:332.94ms
step:1373/1680 train_time:457135ms step_avg:332.95ms
step:1374/1680 train_time:457466ms step_avg:332.94ms
step:1375/1680 train_time:457798ms step_avg:332.94ms
step:1375/1680 val_loss:3.3391 train_time:458018ms step_avg:333.10ms
step:1376/1680 train_time:458212ms step_avg:333.00ms
step:1377/1680 train_time:458535ms step_avg:333.00ms
step:1378/1680 train_time:458868ms step_avg:333.00ms
step:1379/1680 train_time:459199ms step_avg:332.99ms
step:1380/1680 train_time:459535ms step_avg:333.00ms
step:1381/1680 train_time:459886ms step_avg:333.01ms
step:1382/1680 train_time:460201ms step_avg:333.00ms
step:1383/1680 train_time:460535ms step_avg:333.00ms
step:1384/1680 train_time:460866ms step_avg:333.00ms
step:1385/1680 train_time:461197ms step_avg:332.99ms
step:1386/1680 train_time:461531ms step_avg:333.00ms
step:1387/1680 train_time:461863ms step_avg:332.99ms
step:1388/1680 train_time:462195ms step_avg:332.99ms
step:1389/1680 train_time:462527ms step_avg:332.99ms
step:1390/1680 train_time:462859ms step_avg:332.99ms
step:1391/1680 train_time:463187ms step_avg:332.99ms
step:1392/1680 train_time:463522ms step_avg:332.99ms
step:1393/1680 train_time:463855ms step_avg:332.99ms
step:1394/1680 train_time:464189ms step_avg:332.99ms
step:1395/1680 train_time:464522ms step_avg:332.99ms
step:1396/1680 train_time:464853ms step_avg:332.99ms
step:1397/1680 train_time:465185ms step_avg:332.99ms
step:1398/1680 train_time:465519ms step_avg:332.99ms
step:1399/1680 train_time:465850ms step_avg:332.99ms
step:1400/1680 train_time:466181ms step_avg:332.99ms
step:1401/1680 train_time:466517ms step_avg:332.99ms
step:1402/1680 train_time:466852ms step_avg:332.99ms
step:1403/1680 train_time:467182ms step_avg:332.99ms
step:1404/1680 train_time:467515ms step_avg:332.99ms
step:1405/1680 train_time:467848ms step_avg:332.99ms
step:1406/1680 train_time:468178ms step_avg:332.99ms
step:1407/1680 train_time:468511ms step_avg:332.99ms
step:1408/1680 train_time:468847ms step_avg:332.99ms
step:1409/1680 train_time:469177ms step_avg:332.99ms
step:1410/1680 train_time:469508ms step_avg:332.98ms
step:1411/1680 train_time:469840ms step_avg:332.98ms
step:1412/1680 train_time:470170ms step_avg:332.98ms
step:1413/1680 train_time:470500ms step_avg:332.98ms
step:1414/1680 train_time:470835ms step_avg:332.98ms
step:1415/1680 train_time:471165ms step_avg:332.98ms
step:1416/1680 train_time:471499ms step_avg:332.98ms
step:1417/1680 train_time:471832ms step_avg:332.98ms
step:1418/1680 train_time:472161ms step_avg:332.98ms
step:1419/1680 train_time:472495ms step_avg:332.98ms
step:1420/1680 train_time:472827ms step_avg:332.98ms
step:1421/1680 train_time:473157ms step_avg:332.97ms
step:1422/1680 train_time:473491ms step_avg:332.98ms
step:1423/1680 train_time:473829ms step_avg:332.98ms
step:1424/1680 train_time:474164ms step_avg:332.98ms
step:1425/1680 train_time:474496ms step_avg:332.98ms
step:1426/1680 train_time:474847ms step_avg:332.99ms
step:1427/1680 train_time:475162ms step_avg:332.98ms
step:1428/1680 train_time:475498ms step_avg:332.98ms
step:1429/1680 train_time:475830ms step_avg:332.98ms
step:1430/1680 train_time:476165ms step_avg:332.98ms
step:1431/1680 train_time:476506ms step_avg:332.99ms
step:1432/1680 train_time:476832ms step_avg:332.98ms
step:1433/1680 train_time:477181ms step_avg:332.99ms
step:1434/1680 train_time:477497ms step_avg:332.98ms
step:1435/1680 train_time:477830ms step_avg:332.98ms
step:1436/1680 train_time:478164ms step_avg:332.98ms
step:1437/1680 train_time:478493ms step_avg:332.98ms
step:1438/1680 train_time:478827ms step_avg:332.98ms
step:1439/1680 train_time:479158ms step_avg:332.98ms
step:1440/1680 train_time:479491ms step_avg:332.98ms
step:1441/1680 train_time:479823ms step_avg:332.98ms
step:1442/1680 train_time:480156ms step_avg:332.98ms
step:1443/1680 train_time:480486ms step_avg:332.98ms
step:1444/1680 train_time:480821ms step_avg:332.98ms
step:1445/1680 train_time:481154ms step_avg:332.98ms
step:1446/1680 train_time:481486ms step_avg:332.98ms
step:1447/1680 train_time:481818ms step_avg:332.98ms
step:1448/1680 train_time:482151ms step_avg:332.98ms
step:1449/1680 train_time:482487ms step_avg:332.98ms
step:1450/1680 train_time:482810ms step_avg:332.97ms
step:1451/1680 train_time:483148ms step_avg:332.98ms
step:1452/1680 train_time:483480ms step_avg:332.98ms
step:1453/1680 train_time:483820ms step_avg:332.98ms
step:1454/1680 train_time:484151ms step_avg:332.98ms
step:1455/1680 train_time:484480ms step_avg:332.98ms
step:1456/1680 train_time:484810ms step_avg:332.97ms
step:1457/1680 train_time:485145ms step_avg:332.98ms
step:1458/1680 train_time:485475ms step_avg:332.97ms
step:1459/1680 train_time:485810ms step_avg:332.97ms
step:1460/1680 train_time:486144ms step_avg:332.98ms
step:1461/1680 train_time:486474ms step_avg:332.97ms
step:1462/1680 train_time:486808ms step_avg:332.97ms
step:1463/1680 train_time:487139ms step_avg:332.97ms
step:1464/1680 train_time:487475ms step_avg:332.97ms
step:1465/1680 train_time:487807ms step_avg:332.97ms
step:1466/1680 train_time:488140ms step_avg:332.97ms
step:1467/1680 train_time:488473ms step_avg:332.97ms
step:1468/1680 train_time:488807ms step_avg:332.98ms
step:1469/1680 train_time:489143ms step_avg:332.98ms
step:1470/1680 train_time:489478ms step_avg:332.98ms
step:1471/1680 train_time:489810ms step_avg:332.98ms
step:1472/1680 train_time:490145ms step_avg:332.98ms
step:1473/1680 train_time:490476ms step_avg:332.98ms
step:1474/1680 train_time:490810ms step_avg:332.98ms
step:1475/1680 train_time:491146ms step_avg:332.98ms
step:1476/1680 train_time:491480ms step_avg:332.98ms
step:1477/1680 train_time:491813ms step_avg:332.98ms
step:1478/1680 train_time:492147ms step_avg:332.98ms
step:1479/1680 train_time:492481ms step_avg:332.98ms
step:1480/1680 train_time:492809ms step_avg:332.98ms
step:1481/1680 train_time:493144ms step_avg:332.98ms
step:1482/1680 train_time:493481ms step_avg:332.98ms
step:1483/1680 train_time:493816ms step_avg:332.98ms
step:1484/1680 train_time:494147ms step_avg:332.98ms
step:1485/1680 train_time:494480ms step_avg:332.98ms
step:1486/1680 train_time:494812ms step_avg:332.98ms
step:1487/1680 train_time:495147ms step_avg:332.98ms
step:1488/1680 train_time:495485ms step_avg:332.99ms
step:1489/1680 train_time:495823ms step_avg:332.99ms
step:1490/1680 train_time:496151ms step_avg:332.99ms
step:1491/1680 train_time:496485ms step_avg:332.99ms
step:1492/1680 train_time:496821ms step_avg:332.99ms
step:1493/1680 train_time:497155ms step_avg:332.99ms
step:1494/1680 train_time:497488ms step_avg:332.99ms
step:1495/1680 train_time:497824ms step_avg:332.99ms
step:1496/1680 train_time:498155ms step_avg:332.99ms
step:1497/1680 train_time:498489ms step_avg:332.99ms
step:1498/1680 train_time:498823ms step_avg:332.99ms
step:1499/1680 train_time:499156ms step_avg:332.99ms
step:1500/1680 train_time:499488ms step_avg:332.99ms
step:1500/1680 val_loss:3.3098 train_time:499711ms step_avg:333.14ms
step:1501/1680 train_time:499908ms step_avg:333.05ms
step:1502/1680 train_time:500228ms step_avg:333.04ms
step:1503/1680 train_time:500563ms step_avg:333.04ms
step:1504/1680 train_time:500903ms step_avg:333.05ms
step:1505/1680 train_time:501238ms step_avg:333.05ms
step:1506/1680 train_time:501572ms step_avg:333.05ms
step:1507/1680 train_time:501906ms step_avg:333.05ms
step:1508/1680 train_time:502235ms step_avg:333.05ms
step:1509/1680 train_time:502568ms step_avg:333.05ms
step:1510/1680 train_time:502903ms step_avg:333.05ms
step:1511/1680 train_time:503235ms step_avg:333.05ms
step:1512/1680 train_time:503567ms step_avg:333.05ms
step:1513/1680 train_time:503896ms step_avg:333.04ms
step:1514/1680 train_time:504230ms step_avg:333.04ms
step:1515/1680 train_time:504562ms step_avg:333.04ms
step:1516/1680 train_time:504897ms step_avg:333.05ms
step:1517/1680 train_time:505230ms step_avg:333.05ms
step:1518/1680 train_time:505563ms step_avg:333.05ms
step:1519/1680 train_time:505897ms step_avg:333.05ms
step:1520/1680 train_time:506236ms step_avg:333.05ms
step:1521/1680 train_time:506572ms step_avg:333.05ms
step:1522/1680 train_time:506903ms step_avg:333.05ms
step:1523/1680 train_time:507232ms step_avg:333.05ms
step:1524/1680 train_time:507573ms step_avg:333.05ms
step:1525/1680 train_time:507908ms step_avg:333.05ms
step:1526/1680 train_time:508239ms step_avg:333.05ms
step:1527/1680 train_time:508577ms step_avg:333.06ms
step:1528/1680 train_time:508911ms step_avg:333.06ms
step:1529/1680 train_time:509246ms step_avg:333.06ms
step:1530/1680 train_time:509578ms step_avg:333.06ms
step:1531/1680 train_time:509913ms step_avg:333.06ms
step:1532/1680 train_time:510244ms step_avg:333.06ms
step:1533/1680 train_time:510578ms step_avg:333.06ms
step:1534/1680 train_time:510906ms step_avg:333.05ms
step:1535/1680 train_time:511241ms step_avg:333.06ms
step:1536/1680 train_time:511574ms step_avg:333.06ms
step:1537/1680 train_time:511910ms step_avg:333.06ms
step:1538/1680 train_time:512241ms step_avg:333.06ms
step:1539/1680 train_time:512583ms step_avg:333.06ms
step:1540/1680 train_time:512937ms step_avg:333.08ms
step:1541/1680 train_time:513248ms step_avg:333.06ms
step:1542/1680 train_time:513588ms step_avg:333.07ms
step:1543/1680 train_time:513927ms step_avg:333.07ms
step:1544/1680 train_time:514255ms step_avg:333.07ms
step:1545/1680 train_time:514597ms step_avg:333.07ms
step:1546/1680 train_time:514926ms step_avg:333.07ms
step:1547/1680 train_time:515254ms step_avg:333.07ms
step:1548/1680 train_time:515588ms step_avg:333.07ms
step:1549/1680 train_time:515922ms step_avg:333.07ms
step:1550/1680 train_time:516258ms step_avg:333.07ms
step:1551/1680 train_time:516593ms step_avg:333.07ms
step:1552/1680 train_time:516929ms step_avg:333.07ms
step:1553/1680 train_time:517264ms step_avg:333.07ms
step:1554/1680 train_time:517600ms step_avg:333.08ms
step:1555/1680 train_time:517932ms step_avg:333.08ms
step:1556/1680 train_time:518266ms step_avg:333.08ms
step:1557/1680 train_time:518600ms step_avg:333.08ms
step:1558/1680 train_time:518937ms step_avg:333.08ms
step:1559/1680 train_time:519267ms step_avg:333.08ms
step:1560/1680 train_time:519602ms step_avg:333.08ms
step:1561/1680 train_time:519932ms step_avg:333.08ms
step:1562/1680 train_time:520266ms step_avg:333.08ms
step:1563/1680 train_time:520601ms step_avg:333.08ms
step:1564/1680 train_time:520939ms step_avg:333.08ms
step:1565/1680 train_time:521270ms step_avg:333.08ms
step:1566/1680 train_time:521608ms step_avg:333.08ms
step:1567/1680 train_time:521942ms step_avg:333.08ms
step:1568/1680 train_time:522271ms step_avg:333.08ms
step:1569/1680 train_time:522602ms step_avg:333.08ms
step:1570/1680 train_time:522938ms step_avg:333.08ms
step:1571/1680 train_time:523273ms step_avg:333.08ms
step:1572/1680 train_time:523610ms step_avg:333.09ms
step:1573/1680 train_time:523947ms step_avg:333.09ms
step:1574/1680 train_time:524280ms step_avg:333.09ms
step:1575/1680 train_time:524614ms step_avg:333.09ms
step:1576/1680 train_time:524953ms step_avg:333.09ms
step:1577/1680 train_time:525286ms step_avg:333.09ms
step:1578/1680 train_time:525619ms step_avg:333.09ms
step:1579/1680 train_time:525953ms step_avg:333.09ms
step:1580/1680 train_time:526283ms step_avg:333.09ms
step:1581/1680 train_time:526617ms step_avg:333.09ms
step:1582/1680 train_time:526949ms step_avg:333.09ms
step:1583/1680 train_time:527286ms step_avg:333.09ms
step:1584/1680 train_time:527620ms step_avg:333.09ms
step:1585/1680 train_time:527957ms step_avg:333.10ms
step:1586/1680 train_time:528292ms step_avg:333.10ms
step:1587/1680 train_time:528627ms step_avg:333.10ms
step:1588/1680 train_time:528960ms step_avg:333.10ms
step:1589/1680 train_time:529291ms step_avg:333.10ms
step:1590/1680 train_time:529624ms step_avg:333.10ms
step:1591/1680 train_time:529963ms step_avg:333.10ms
step:1592/1680 train_time:530294ms step_avg:333.10ms
step:1593/1680 train_time:530622ms step_avg:333.10ms
step:1594/1680 train_time:530960ms step_avg:333.10ms
step:1595/1680 train_time:531293ms step_avg:333.10ms
step:1596/1680 train_time:531629ms step_avg:333.10ms
step:1597/1680 train_time:531966ms step_avg:333.10ms
step:1598/1680 train_time:532298ms step_avg:333.10ms
step:1599/1680 train_time:532635ms step_avg:333.11ms
step:1600/1680 train_time:532965ms step_avg:333.10ms
step:1601/1680 train_time:533302ms step_avg:333.11ms
step:1602/1680 train_time:533629ms step_avg:333.10ms
step:1603/1680 train_time:533961ms step_avg:333.10ms
step:1604/1680 train_time:534304ms step_avg:333.11ms
step:1605/1680 train_time:534641ms step_avg:333.11ms
step:1606/1680 train_time:534971ms step_avg:333.11ms
step:1607/1680 train_time:535307ms step_avg:333.11ms
step:1608/1680 train_time:535639ms step_avg:333.11ms
step:1609/1680 train_time:535973ms step_avg:333.11ms
step:1610/1680 train_time:536309ms step_avg:333.11ms
step:1611/1680 train_time:536648ms step_avg:333.11ms
step:1612/1680 train_time:536980ms step_avg:333.11ms
step:1613/1680 train_time:537318ms step_avg:333.12ms
step:1614/1680 train_time:537650ms step_avg:333.12ms
step:1615/1680 train_time:537983ms step_avg:333.12ms
step:1616/1680 train_time:538320ms step_avg:333.12ms
step:1617/1680 train_time:538651ms step_avg:333.12ms
step:1618/1680 train_time:538985ms step_avg:333.12ms
step:1619/1680 train_time:539319ms step_avg:333.12ms
step:1620/1680 train_time:539658ms step_avg:333.12ms
step:1621/1680 train_time:539992ms step_avg:333.12ms
step:1622/1680 train_time:540326ms step_avg:333.12ms
step:1623/1680 train_time:540660ms step_avg:333.12ms
step:1624/1680 train_time:540993ms step_avg:333.12ms
step:1625/1680 train_time:541330ms step_avg:333.13ms
step:1625/1680 val_loss:3.2846 train_time:541553ms step_avg:333.26ms
step:1626/1680 train_time:541749ms step_avg:333.18ms
step:1627/1680 train_time:542065ms step_avg:333.17ms
step:1628/1680 train_time:542397ms step_avg:333.17ms
step:1629/1680 train_time:542728ms step_avg:333.17ms
step:1630/1680 train_time:543066ms step_avg:333.17ms
step:1631/1680 train_time:543400ms step_avg:333.17ms
step:1632/1680 train_time:543734ms step_avg:333.17ms
step:1633/1680 train_time:544066ms step_avg:333.17ms
step:1634/1680 train_time:544400ms step_avg:333.17ms
step:1635/1680 train_time:544728ms step_avg:333.17ms
step:1636/1680 train_time:545064ms step_avg:333.17ms
step:1637/1680 train_time:545400ms step_avg:333.17ms
step:1638/1680 train_time:545734ms step_avg:333.17ms
step:1639/1680 train_time:546068ms step_avg:333.17ms
step:1640/1680 train_time:546402ms step_avg:333.17ms
step:1641/1680 train_time:546735ms step_avg:333.17ms
step:1642/1680 train_time:547072ms step_avg:333.17ms
step:1643/1680 train_time:547404ms step_avg:333.17ms
step:1644/1680 train_time:547738ms step_avg:333.17ms
step:1645/1680 train_time:548072ms step_avg:333.17ms
step:1646/1680 train_time:548401ms step_avg:333.17ms
step:1647/1680 train_time:548734ms step_avg:333.17ms
step:1648/1680 train_time:549067ms step_avg:333.17ms
step:1649/1680 train_time:549405ms step_avg:333.17ms
step:1650/1680 train_time:549737ms step_avg:333.17ms
step:1651/1680 train_time:550071ms step_avg:333.17ms
step:1652/1680 train_time:550405ms step_avg:333.18ms
step:1653/1680 train_time:550743ms step_avg:333.18ms
step:1654/1680 train_time:551080ms step_avg:333.18ms
step:1655/1680 train_time:551416ms step_avg:333.18ms
step:1656/1680 train_time:551751ms step_avg:333.18ms
step:1657/1680 train_time:552086ms step_avg:333.18ms
step:1658/1680 train_time:552419ms step_avg:333.18ms
step:1659/1680 train_time:552752ms step_avg:333.18ms
step:1660/1680 train_time:553086ms step_avg:333.18ms
step:1661/1680 train_time:553420ms step_avg:333.18ms
step:1662/1680 train_time:553753ms step_avg:333.18ms
step:1663/1680 train_time:554085ms step_avg:333.18ms
step:1664/1680 train_time:554422ms step_avg:333.19ms
step:1665/1680 train_time:554762ms step_avg:333.19ms
step:1666/1680 train_time:555096ms step_avg:333.19ms
step:1667/1680 train_time:555425ms step_avg:333.19ms
step:1668/1680 train_time:555763ms step_avg:333.19ms
step:1669/1680 train_time:556099ms step_avg:333.19ms
step:1670/1680 train_time:556431ms step_avg:333.19ms
step:1671/1680 train_time:556764ms step_avg:333.19ms
step:1672/1680 train_time:557099ms step_avg:333.19ms
step:1673/1680 train_time:557431ms step_avg:333.19ms
step:1674/1680 train_time:557764ms step_avg:333.19ms
step:1675/1680 train_time:558099ms step_avg:333.19ms
step:1676/1680 train_time:558435ms step_avg:333.19ms
step:1677/1680 train_time:558767ms step_avg:333.19ms
step:1678/1680 train_time:559103ms step_avg:333.20ms
step:1679/1680 train_time:559441ms step_avg:333.20ms
step:1680/1680 train_time:559780ms step_avg:333.20ms
step:1680/1680 val_loss:3.2750 train_time:560001ms step_avg:333.33ms
peak memory allocated: 41905 MiB reserved: 56424 MiB
total training time: 560.00s (560001ms)
Final val_loss: 3.275
=== Done (exit=0, status=COMPLETED) ===
