=== Environment ===
PYTHON=/root/miniconda3/envs/llm_test/bin/python
Python 3.10.19
SEED=1
NPROC=16
DATA_PATH=/models/modded-nanogpt_record50_cautious_wd
Wed May 27 07:05:52 UTC 2026
=== Starting Training ===
W0527 15:06:04.713000 272 site-packages/torch/distributed/run.py:766] 
W0527 15:06:04.713000 272 site-packages/torch/distributed/run.py:766] *****************************************
W0527 15:06:04.713000 272 site-packages/torch/distributed/run.py:766] Setting OMP_NUM_THREADS environment variable for each process to be 1 in default, to avoid your system being overloaded, please further tune the variable for optimal performance in your application as needed. 
W0527 15:06:04.713000 272 site-packages/torch/distributed/run.py:766] *****************************************
/root/miniconda3/envs/llm_test/lib/python3.10/site-packages/torch/autograd/__init__.py:221: UserWarning: Cannot create tensor with interal format while allow_internel_format=False, tensor will be created with base format. (Triggered internally at build/CMakeFiles/torch_npu.dir/compiler_depend.ts:338.)
  torch.ones_like(out, memory_format=torch.preserve_format)
/root/miniconda3/envs/llm_test/lib/python3.10/site-packages/torch/autograd/__init__.py:221: UserWarning: Cannot create tensor with interal format while allow_internel_format=False, tensor will be created with base format. (Triggered internally at build/CMakeFiles/torch_npu.dir/compiler_depend.ts:338.)
  torch.ones_like(out, memory_format=torch.preserve_format)
/root/miniconda3/envs/llm_test/lib/python3.10/site-packages/torch/autograd/__init__.py:221: UserWarning: Cannot create tensor with interal format while allow_internel_format=False, tensor will be created with base format. (Triggered internally at build/CMakeFiles/torch_npu.dir/compiler_depend.ts:338.)
  torch.ones_like(out, memory_format=torch.preserve_format)
/root/miniconda3/envs/llm_test/lib/python3.10/site-packages/torch/distributed/distributed_c10d.py:4631: UserWarning: No device id is provided via `init_process_group` or `barrier `. Using the current device set by the user. 
  warnings.warn(  # warn only once
/root/miniconda3/envs/llm_test/lib/python3.10/site-packages/torch/distributed/distributed_c10d.py:4631: UserWarning: No device id is provided via `init_process_group` or `barrier `. Using the current device set by the user. 
  warnings.warn(  # warn only once
/root/miniconda3/envs/llm_test/lib/python3.10/site-packages/torch/distributed/distributed_c10d.py:4631: UserWarning: No device id is provided via `init_process_group` or `barrier `. Using the current device set by the user. 
  warnings.warn(  # warn only once
/root/miniconda3/envs/llm_test/lib/python3.10/site-packages/torch/autograd/__init__.py:221: UserWarning: Cannot create tensor with interal format while allow_internel_format=False, tensor will be created with base format. (Triggered internally at build/CMakeFiles/torch_npu.dir/compiler_depend.ts:338.)
  torch.ones_like(out, memory_format=torch.preserve_format)
/root/miniconda3/envs/llm_test/lib/python3.10/site-packages/torch/autograd/__init__.py:221: UserWarning: Cannot create tensor with interal format while allow_internel_format=False, tensor will be created with base format. (Triggered internally at build/CMakeFiles/torch_npu.dir/compiler_depend.ts:338.)
  torch.ones_like(out, memory_format=torch.preserve_format)
/root/miniconda3/envs/llm_test/lib/python3.10/site-packages/torch/autograd/__init__.py:221: UserWarning: Cannot create tensor with interal format while allow_internel_format=False, tensor will be created with base format. (Triggered internally at build/CMakeFiles/torch_npu.dir/compiler_depend.ts:338.)
  torch.ones_like(out, memory_format=torch.preserve_format)
/root/miniconda3/envs/llm_test/lib/python3.10/site-packages/torch/distributed/distributed_c10d.py:4631: UserWarning: No device id is provided via `init_process_group` or `barrier `. Using the current device set by the user. 
  warnings.warn(  # warn only once
/root/miniconda3/envs/llm_test/lib/python3.10/site-packages/torch/distributed/distributed_c10d.py:4631: UserWarning: No device id is provided via `init_process_group` or `barrier `. Using the current device set by the user. 
  warnings.warn(  # warn only once
/root/miniconda3/envs/llm_test/lib/python3.10/site-packages/torch/distributed/distributed_c10d.py:4631: UserWarning: No device id is provided via `init_process_group` or `barrier `. Using the current device set by the user. 
  warnings.warn(  # warn only once
/root/miniconda3/envs/llm_test/lib/python3.10/site-packages/torch/autograd/__init__.py:221: UserWarning: Cannot create tensor with interal format while allow_internel_format=False, tensor will be created with base format. (Triggered internally at build/CMakeFiles/torch_npu.dir/compiler_depend.ts:338.)
  torch.ones_like(out, memory_format=torch.preserve_format)
/root/miniconda3/envs/llm_test/lib/python3.10/site-packages/torch/autograd/__init__.py:221: UserWarning: Cannot create tensor with interal format while allow_internel_format=False, tensor will be created with base format. (Triggered internally at build/CMakeFiles/torch_npu.dir/compiler_depend.ts:338.)
  torch.ones_like(out, memory_format=torch.preserve_format)
/root/miniconda3/envs/llm_test/lib/python3.10/site-packages/torch/autograd/__init__.py:221: UserWarning: Cannot create tensor with interal format while allow_internel_format=False, tensor will be created with base format. (Triggered internally at build/CMakeFiles/torch_npu.dir/compiler_depend.ts:338.)
  torch.ones_like(out, memory_format=torch.preserve_format)
/root/miniconda3/envs/llm_test/lib/python3.10/site-packages/torch/autograd/__init__.py:221: UserWarning: Cannot create tensor with interal format while allow_internel_format=False, tensor will be created with base format. (Triggered internally at build/CMakeFiles/torch_npu.dir/compiler_depend.ts:338.)
  torch.ones_like(out, memory_format=torch.preserve_format)
/root/miniconda3/envs/llm_test/lib/python3.10/site-packages/torch/autograd/__init__.py:221: UserWarning: Cannot create tensor with interal format while allow_internel_format=False, tensor will be created with base format. (Triggered internally at build/CMakeFiles/torch_npu.dir/compiler_depend.ts:338.)
  torch.ones_like(out, memory_format=torch.preserve_format)
/root/miniconda3/envs/llm_test/lib/python3.10/site-packages/torch/autograd/__init__.py:221: UserWarning: Cannot create tensor with interal format while allow_internel_format=False, tensor will be created with base format. (Triggered internally at build/CMakeFiles/torch_npu.dir/compiler_depend.ts:338.)
  torch.ones_like(out, memory_format=torch.preserve_format)
/root/miniconda3/envs/llm_test/lib/python3.10/site-packages/torch/autograd/__init__.py:221: UserWarning: Cannot create tensor with interal format while allow_internel_format=False, tensor will be created with base format. (Triggered internally at build/CMakeFiles/torch_npu.dir/compiler_depend.ts:338.)
  torch.ones_like(out, memory_format=torch.preserve_format)
/root/miniconda3/envs/llm_test/lib/python3.10/site-packages/torch/autograd/__init__.py:221: UserWarning: Cannot create tensor with interal format while allow_internel_format=False, tensor will be created with base format. (Triggered internally at build/CMakeFiles/torch_npu.dir/compiler_depend.ts:338.)
  torch.ones_like(out, memory_format=torch.preserve_format)
/root/miniconda3/envs/llm_test/lib/python3.10/site-packages/torch/autograd/__init__.py:221: UserWarning: Cannot create tensor with interal format while allow_internel_format=False, tensor will be created with base format. (Triggered internally at build/CMakeFiles/torch_npu.dir/compiler_depend.ts:338.)
  torch.ones_like(out, memory_format=torch.preserve_format)
/root/miniconda3/envs/llm_test/lib/python3.10/site-packages/torch/distributed/distributed_c10d.py:4631: UserWarning: No device id is provided via `init_process_group` or `barrier `. Using the current device set by the user. 
  warnings.warn(  # warn only once
/root/miniconda3/envs/llm_test/lib/python3.10/site-packages/torch/autograd/__init__.py:221: UserWarning: Cannot create tensor with interal format while allow_internel_format=False, tensor will be created with base format. (Triggered internally at build/CMakeFiles/torch_npu.dir/compiler_depend.ts:338.)
  torch.ones_like(out, memory_format=torch.preserve_format)
/root/miniconda3/envs/llm_test/lib/python3.10/site-packages/torch/distributed/distributed_c10d.py:4631: UserWarning: No device id is provided via `init_process_group` or `barrier `. Using the current device set by the user. 
  warnings.warn(  # warn only once
/root/miniconda3/envs/llm_test/lib/python3.10/site-packages/torch/distributed/distributed_c10d.py:4631: UserWarning: No device id is provided via `init_process_group` or `barrier `. Using the current device set by the user. 
  warnings.warn(  # warn only once
/root/miniconda3/envs/llm_test/lib/python3.10/site-packages/torch/distributed/distributed_c10d.py:4631: UserWarning: No device id is provided via `init_process_group` or `barrier `. Using the current device set by the user. 
  warnings.warn(  # warn only once
/root/miniconda3/envs/llm_test/lib/python3.10/site-packages/torch/distributed/distributed_c10d.py:4631: UserWarning: No device id is provided via `init_process_group` or `barrier `. Using the current device set by the user. 
  warnings.warn(  # warn only once
/root/miniconda3/envs/llm_test/lib/python3.10/site-packages/torch/distributed/distributed_c10d.py:4631: UserWarning: No device id is provided via `init_process_group` or `barrier `. Using the current device set by the user. 
  warnings.warn(  # warn only once
/root/miniconda3/envs/llm_test/lib/python3.10/site-packages/torch/distributed/distributed_c10d.py:4631: UserWarning: No device id is provided via `init_process_group` or `barrier `. Using the current device set by the user. 
  warnings.warn(  # warn only once
/root/miniconda3/envs/llm_test/lib/python3.10/site-packages/torch/distributed/distributed_c10d.py:4631: UserWarning: No device id is provided via `init_process_group` or `barrier `. Using the current device set by the user. 
  warnings.warn(  # warn only once
/root/miniconda3/envs/llm_test/lib/python3.10/site-packages/torch/distributed/distributed_c10d.py:4631: UserWarning: No device id is provided via `init_process_group` or `barrier `. Using the current device set by the user. 
  warnings.warn(  # warn only once
/root/miniconda3/envs/llm_test/lib/python3.10/site-packages/torch/distributed/distributed_c10d.py:4631: UserWarning: No device id is provided via `init_process_group` or `barrier `. Using the current device set by the user. 
  warnings.warn(  # warn only once
logs/bdbaa1d4-732e-44bb-bb24-4886f869c668
/root/miniconda3/envs/llm_test/lib/python3.10/site-packages/torch_npu/utils/storage.py:89: UserWarning: TypedStorage is deprecated. It will be removed in the future and UntypedStorage will be the only storage class. This should only matter to you if you are using storages directly.  To access UntypedStorage directly, use tensor.untyped_storage() instead of tensor.storage()
  if self.device.type != 'cpu':
step:0/1680 val_loss:10.8125 train_time:0ms step_avg:0.13ms
step:1/1680 train_time:1099ms step_avg:1099.13ms
step:2/1680 train_time:1215ms step_avg:607.72ms
step:3/1680 train_time:1548ms step_avg:515.92ms
step:4/1680 train_time:1876ms step_avg:468.97ms
step:5/1680 train_time:2211ms step_avg:442.29ms
step:6/1680 train_time:2540ms step_avg:423.41ms
step:7/1680 train_time:2875ms step_avg:410.71ms
step:8/1680 train_time:3205ms step_avg:400.63ms
step:9/1680 train_time:3539ms step_avg:393.23ms
step:10/1680 train_time:3873ms step_avg:387.30ms
step:11/1680 train_time:4201ms step_avg:381.88ms
step:12/1680 train_time:4535ms step_avg:377.89ms
step:13/1680 train_time:4871ms step_avg:374.65ms
step:14/1680 train_time:5202ms step_avg:371.58ms
step:15/1680 train_time:5530ms step_avg:368.66ms
step:16/1680 train_time:5865ms step_avg:366.58ms
step:17/1680 train_time:6200ms step_avg:364.68ms
step:18/1680 train_time:6527ms step_avg:362.62ms
step:19/1680 train_time:6859ms step_avg:361.01ms
step:20/1680 train_time:7195ms step_avg:359.73ms
step:21/1680 train_time:7525ms step_avg:358.31ms
step:22/1680 train_time:7876ms step_avg:358.01ms
step:23/1680 train_time:8196ms step_avg:356.35ms
step:24/1680 train_time:8523ms step_avg:355.14ms
step:25/1680 train_time:8871ms step_avg:354.86ms
step:26/1680 train_time:9203ms step_avg:353.96ms
step:27/1680 train_time:9523ms step_avg:352.69ms
step:28/1680 train_time:9853ms step_avg:351.88ms
step:29/1680 train_time:10184ms step_avg:351.17ms
step:30/1680 train_time:10515ms step_avg:350.49ms
step:31/1680 train_time:10848ms step_avg:349.93ms
step:32/1680 train_time:11177ms step_avg:349.29ms
step:33/1680 train_time:11509ms step_avg:348.76ms
step:34/1680 train_time:11841ms step_avg:348.26ms
step:35/1680 train_time:12172ms step_avg:347.78ms
step:36/1680 train_time:12502ms step_avg:347.26ms
step:37/1680 train_time:12835ms step_avg:346.88ms
step:38/1680 train_time:13169ms step_avg:346.54ms
step:39/1680 train_time:13498ms step_avg:346.11ms
step:40/1680 train_time:13832ms step_avg:345.81ms
step:41/1680 train_time:14174ms step_avg:345.72ms
step:42/1680 train_time:14518ms step_avg:345.66ms
step:43/1680 train_time:14834ms step_avg:344.98ms
step:44/1680 train_time:15171ms step_avg:344.79ms
step:45/1680 train_time:15503ms step_avg:344.50ms
step:46/1680 train_time:15833ms step_avg:344.20ms
step:47/1680 train_time:16167ms step_avg:343.97ms
step:48/1680 train_time:16497ms step_avg:343.68ms
step:49/1680 train_time:16829ms step_avg:343.46ms
step:50/1680 train_time:17159ms step_avg:343.18ms
step:51/1680 train_time:17492ms step_avg:342.98ms
step:52/1680 train_time:17827ms step_avg:342.83ms
step:53/1680 train_time:18158ms step_avg:342.61ms
step:54/1680 train_time:18494ms step_avg:342.47ms
step:55/1680 train_time:18826ms step_avg:342.29ms
step:56/1680 train_time:19159ms step_avg:342.13ms
step:57/1680 train_time:19489ms step_avg:341.92ms
step:58/1680 train_time:19816ms step_avg:341.66ms
step:59/1680 train_time:20150ms step_avg:341.52ms
step:60/1680 train_time:20487ms step_avg:341.44ms
step:61/1680 train_time:20819ms step_avg:341.29ms
step:62/1680 train_time:21153ms step_avg:341.18ms
step:63/1680 train_time:21488ms step_avg:341.07ms
step:64/1680 train_time:21818ms step_avg:340.90ms
step:65/1680 train_time:22144ms step_avg:340.68ms
step:66/1680 train_time:22471ms step_avg:340.47ms
step:67/1680 train_time:22800ms step_avg:340.30ms
step:68/1680 train_time:23130ms step_avg:340.15ms
step:69/1680 train_time:23464ms step_avg:340.06ms
step:70/1680 train_time:23798ms step_avg:339.98ms
step:71/1680 train_time:24132ms step_avg:339.88ms
step:72/1680 train_time:24462ms step_avg:339.76ms
step:73/1680 train_time:24796ms step_avg:339.68ms
step:74/1680 train_time:25128ms step_avg:339.57ms
step:75/1680 train_time:25464ms step_avg:339.52ms
step:76/1680 train_time:25795ms step_avg:339.40ms
step:77/1680 train_time:26129ms step_avg:339.34ms
step:78/1680 train_time:26463ms step_avg:339.26ms
step:79/1680 train_time:26796ms step_avg:339.18ms
step:80/1680 train_time:27127ms step_avg:339.09ms
step:81/1680 train_time:27457ms step_avg:338.98ms
step:82/1680 train_time:27794ms step_avg:338.96ms
step:83/1680 train_time:28129ms step_avg:338.91ms
step:84/1680 train_time:28462ms step_avg:338.83ms
step:85/1680 train_time:28793ms step_avg:338.74ms
step:86/1680 train_time:29133ms step_avg:338.76ms
step:87/1680 train_time:29480ms step_avg:338.85ms
step:88/1680 train_time:29796ms step_avg:338.59ms
step:89/1680 train_time:30144ms step_avg:338.70ms
step:90/1680 train_time:30459ms step_avg:338.43ms
step:91/1680 train_time:30792ms step_avg:338.38ms
step:92/1680 train_time:31121ms step_avg:338.27ms
step:93/1680 train_time:31452ms step_avg:338.20ms
step:94/1680 train_time:31787ms step_avg:338.16ms
step:95/1680 train_time:32119ms step_avg:338.09ms
step:96/1680 train_time:32452ms step_avg:338.04ms
step:97/1680 train_time:32784ms step_avg:337.98ms
step:98/1680 train_time:33136ms step_avg:338.12ms
step:99/1680 train_time:33470ms step_avg:338.08ms
step:100/1680 train_time:33798ms step_avg:337.98ms
step:101/1680 train_time:34136ms step_avg:337.98ms
step:102/1680 train_time:34466ms step_avg:337.90ms
step:103/1680 train_time:34782ms step_avg:337.68ms
step:104/1680 train_time:35113ms step_avg:337.63ms
step:105/1680 train_time:35446ms step_avg:337.58ms
step:106/1680 train_time:35777ms step_avg:337.52ms
step:107/1680 train_time:36113ms step_avg:337.51ms
step:108/1680 train_time:36443ms step_avg:337.43ms
step:109/1680 train_time:36774ms step_avg:337.37ms
step:110/1680 train_time:37113ms step_avg:337.39ms
step:111/1680 train_time:37450ms step_avg:337.39ms
step:112/1680 train_time:37782ms step_avg:337.34ms
step:113/1680 train_time:38114ms step_avg:337.29ms
step:114/1680 train_time:38447ms step_avg:337.25ms
step:115/1680 train_time:38774ms step_avg:337.17ms
step:116/1680 train_time:39109ms step_avg:337.15ms
step:117/1680 train_time:39446ms step_avg:337.14ms
step:118/1680 train_time:39775ms step_avg:337.07ms
step:119/1680 train_time:40106ms step_avg:337.03ms
step:120/1680 train_time:40441ms step_avg:337.01ms
step:121/1680 train_time:40774ms step_avg:336.97ms
step:122/1680 train_time:41104ms step_avg:336.92ms
step:123/1680 train_time:41441ms step_avg:336.92ms
step:124/1680 train_time:41767ms step_avg:336.83ms
step:125/1680 train_time:42101ms step_avg:336.81ms
step:125/1680 val_loss:4.3023 train_time:42312ms step_avg:338.49ms
step:126/1680 train_time:42531ms step_avg:337.55ms
step:127/1680 train_time:42837ms step_avg:337.30ms
step:128/1680 train_time:43165ms step_avg:337.23ms
step:129/1680 train_time:43501ms step_avg:337.22ms
step:130/1680 train_time:43836ms step_avg:337.20ms
step:131/1680 train_time:44169ms step_avg:337.17ms
step:132/1680 train_time:44498ms step_avg:337.11ms
step:133/1680 train_time:44830ms step_avg:337.07ms
step:134/1680 train_time:45163ms step_avg:337.04ms
step:135/1680 train_time:45494ms step_avg:336.99ms
step:136/1680 train_time:45824ms step_avg:336.94ms
step:137/1680 train_time:46158ms step_avg:336.92ms
step:138/1680 train_time:46488ms step_avg:336.87ms
step:139/1680 train_time:46822ms step_avg:336.85ms
step:140/1680 train_time:47153ms step_avg:336.81ms
step:141/1680 train_time:47487ms step_avg:336.78ms
step:142/1680 train_time:47817ms step_avg:336.74ms
step:143/1680 train_time:48152ms step_avg:336.73ms
step:144/1680 train_time:48484ms step_avg:336.69ms
step:145/1680 train_time:48813ms step_avg:336.64ms
step:146/1680 train_time:49148ms step_avg:336.63ms
step:147/1680 train_time:49477ms step_avg:336.58ms
step:148/1680 train_time:49809ms step_avg:336.55ms
step:149/1680 train_time:50142ms step_avg:336.52ms
step:150/1680 train_time:50472ms step_avg:336.48ms
step:151/1680 train_time:50808ms step_avg:336.48ms
step:152/1680 train_time:51140ms step_avg:336.45ms
step:153/1680 train_time:51468ms step_avg:336.40ms
step:154/1680 train_time:51803ms step_avg:336.39ms
step:155/1680 train_time:52134ms step_avg:336.35ms
step:156/1680 train_time:52466ms step_avg:336.32ms
step:157/1680 train_time:52802ms step_avg:336.32ms
step:158/1680 train_time:53136ms step_avg:336.30ms
step:159/1680 train_time:53469ms step_avg:336.28ms
step:160/1680 train_time:53801ms step_avg:336.25ms
step:161/1680 train_time:54137ms step_avg:336.26ms
step:162/1680 train_time:54478ms step_avg:336.29ms
step:163/1680 train_time:54795ms step_avg:336.16ms
step:164/1680 train_time:55127ms step_avg:336.14ms
step:165/1680 train_time:55459ms step_avg:336.11ms
step:166/1680 train_time:55791ms step_avg:336.09ms
step:167/1680 train_time:56120ms step_avg:336.05ms
step:168/1680 train_time:56456ms step_avg:336.05ms
step:169/1680 train_time:56786ms step_avg:336.01ms
step:170/1680 train_time:57119ms step_avg:335.99ms
step:171/1680 train_time:57447ms step_avg:335.95ms
step:172/1680 train_time:57782ms step_avg:335.94ms
step:173/1680 train_time:58116ms step_avg:335.93ms
step:174/1680 train_time:58449ms step_avg:335.91ms
step:175/1680 train_time:58777ms step_avg:335.87ms
step:176/1680 train_time:59112ms step_avg:335.86ms
step:177/1680 train_time:59447ms step_avg:335.86ms
step:178/1680 train_time:59780ms step_avg:335.84ms
step:179/1680 train_time:60107ms step_avg:335.79ms
step:180/1680 train_time:60436ms step_avg:335.76ms
step:181/1680 train_time:60767ms step_avg:335.73ms
step:182/1680 train_time:61101ms step_avg:335.72ms
step:183/1680 train_time:61448ms step_avg:335.78ms
step:184/1680 train_time:61764ms step_avg:335.67ms
step:185/1680 train_time:62098ms step_avg:335.66ms
step:186/1680 train_time:62428ms step_avg:335.63ms
step:187/1680 train_time:62760ms step_avg:335.61ms
step:188/1680 train_time:63092ms step_avg:335.60ms
step:189/1680 train_time:63421ms step_avg:335.56ms
step:190/1680 train_time:63754ms step_avg:335.55ms
step:191/1680 train_time:64086ms step_avg:335.53ms
step:192/1680 train_time:64418ms step_avg:335.51ms
step:193/1680 train_time:64750ms step_avg:335.49ms
step:194/1680 train_time:65085ms step_avg:335.49ms
step:195/1680 train_time:65413ms step_avg:335.45ms
step:196/1680 train_time:65747ms step_avg:335.45ms
step:197/1680 train_time:66081ms step_avg:335.44ms
step:198/1680 train_time:66413ms step_avg:335.42ms
step:199/1680 train_time:66747ms step_avg:335.41ms
step:200/1680 train_time:67079ms step_avg:335.40ms
step:201/1680 train_time:67406ms step_avg:335.35ms
step:202/1680 train_time:67739ms step_avg:335.34ms
step:203/1680 train_time:68070ms step_avg:335.32ms
step:204/1680 train_time:68404ms step_avg:335.32ms
step:205/1680 train_time:68733ms step_avg:335.28ms
step:206/1680 train_time:69071ms step_avg:335.30ms
step:207/1680 train_time:69404ms step_avg:335.28ms
step:208/1680 train_time:69738ms step_avg:335.28ms
step:209/1680 train_time:70068ms step_avg:335.25ms
step:210/1680 train_time:70403ms step_avg:335.25ms
step:211/1680 train_time:70748ms step_avg:335.30ms
step:212/1680 train_time:71070ms step_avg:335.24ms
step:213/1680 train_time:71402ms step_avg:335.22ms
step:214/1680 train_time:71733ms step_avg:335.20ms
step:215/1680 train_time:72062ms step_avg:335.17ms
step:216/1680 train_time:72390ms step_avg:335.14ms
step:217/1680 train_time:72723ms step_avg:335.13ms
step:218/1680 train_time:73052ms step_avg:335.10ms
step:219/1680 train_time:73383ms step_avg:335.08ms
step:220/1680 train_time:73717ms step_avg:335.08ms
step:221/1680 train_time:74047ms step_avg:335.05ms
step:222/1680 train_time:74381ms step_avg:335.05ms
step:223/1680 train_time:74711ms step_avg:335.03ms
step:224/1680 train_time:75043ms step_avg:335.02ms
step:225/1680 train_time:75373ms step_avg:334.99ms
step:226/1680 train_time:75710ms step_avg:335.00ms
step:227/1680 train_time:76040ms step_avg:334.98ms
step:228/1680 train_time:76370ms step_avg:334.96ms
step:229/1680 train_time:76710ms step_avg:334.98ms
step:230/1680 train_time:77036ms step_avg:334.94ms
step:231/1680 train_time:77374ms step_avg:334.95ms
step:232/1680 train_time:77698ms step_avg:334.90ms
step:233/1680 train_time:78033ms step_avg:334.91ms
step:234/1680 train_time:78362ms step_avg:334.88ms
step:235/1680 train_time:78696ms step_avg:334.88ms
step:236/1680 train_time:79028ms step_avg:334.86ms
step:237/1680 train_time:79359ms step_avg:334.85ms
step:238/1680 train_time:79692ms step_avg:334.84ms
step:239/1680 train_time:80022ms step_avg:334.82ms
step:240/1680 train_time:80351ms step_avg:334.79ms
step:241/1680 train_time:80687ms step_avg:334.80ms
step:242/1680 train_time:81013ms step_avg:334.77ms
step:243/1680 train_time:81345ms step_avg:334.75ms
step:244/1680 train_time:81683ms step_avg:334.77ms
step:245/1680 train_time:82014ms step_avg:334.75ms
step:246/1680 train_time:82343ms step_avg:334.73ms
step:247/1680 train_time:82680ms step_avg:334.74ms
step:248/1680 train_time:83012ms step_avg:334.72ms
step:249/1680 train_time:83349ms step_avg:334.74ms
step:250/1680 train_time:83680ms step_avg:334.72ms
step:250/1680 val_loss:3.9752 train_time:83900ms step_avg:335.60ms
step:251/1680 train_time:84106ms step_avg:335.08ms
step:252/1680 train_time:84418ms step_avg:334.99ms
step:253/1680 train_time:84752ms step_avg:334.99ms
step:254/1680 train_time:85088ms step_avg:334.99ms
step:255/1680 train_time:85415ms step_avg:334.96ms
step:256/1680 train_time:85750ms step_avg:334.96ms
step:257/1680 train_time:86083ms step_avg:334.95ms
step:258/1680 train_time:86418ms step_avg:334.95ms
step:259/1680 train_time:86750ms step_avg:334.94ms
step:260/1680 train_time:87089ms step_avg:334.96ms
step:261/1680 train_time:87426ms step_avg:334.97ms
step:262/1680 train_time:87758ms step_avg:334.95ms
step:263/1680 train_time:88090ms step_avg:334.94ms
step:264/1680 train_time:88422ms step_avg:334.93ms
step:265/1680 train_time:88752ms step_avg:334.91ms
step:266/1680 train_time:89080ms step_avg:334.89ms
step:267/1680 train_time:89409ms step_avg:334.87ms
step:268/1680 train_time:89740ms step_avg:334.85ms
step:269/1680 train_time:90076ms step_avg:334.85ms
step:270/1680 train_time:90407ms step_avg:334.84ms
step:271/1680 train_time:90736ms step_avg:334.82ms
step:272/1680 train_time:91069ms step_avg:334.81ms
step:273/1680 train_time:91403ms step_avg:334.81ms
step:274/1680 train_time:91735ms step_avg:334.80ms
step:275/1680 train_time:92066ms step_avg:334.79ms
step:276/1680 train_time:92397ms step_avg:334.77ms
step:277/1680 train_time:92730ms step_avg:334.77ms
step:278/1680 train_time:93055ms step_avg:334.73ms
step:279/1680 train_time:93387ms step_avg:334.72ms
step:280/1680 train_time:93724ms step_avg:334.73ms
step:281/1680 train_time:94052ms step_avg:334.71ms
step:282/1680 train_time:94381ms step_avg:334.69ms
step:283/1680 train_time:94707ms step_avg:334.66ms
step:284/1680 train_time:95039ms step_avg:334.65ms
step:285/1680 train_time:95371ms step_avg:334.64ms
step:286/1680 train_time:95704ms step_avg:334.63ms
step:287/1680 train_time:96031ms step_avg:334.60ms
step:288/1680 train_time:96367ms step_avg:334.61ms
step:289/1680 train_time:96698ms step_avg:334.60ms
step:290/1680 train_time:97037ms step_avg:334.61ms
step:291/1680 train_time:97361ms step_avg:334.57ms
step:292/1680 train_time:97693ms step_avg:334.57ms
step:293/1680 train_time:98024ms step_avg:334.55ms
step:294/1680 train_time:98360ms step_avg:334.56ms
step:295/1680 train_time:98692ms step_avg:334.55ms
step:296/1680 train_time:99026ms step_avg:334.55ms
step:297/1680 train_time:99363ms step_avg:334.56ms
step:298/1680 train_time:99689ms step_avg:334.53ms
step:299/1680 train_time:100019ms step_avg:334.51ms
step:300/1680 train_time:100352ms step_avg:334.51ms
step:301/1680 train_time:100681ms step_avg:334.49ms
step:302/1680 train_time:101014ms step_avg:334.48ms
step:303/1680 train_time:101348ms step_avg:334.48ms
step:304/1680 train_time:101677ms step_avg:334.46ms
step:305/1680 train_time:102011ms step_avg:334.46ms
step:306/1680 train_time:102340ms step_avg:334.45ms
step:307/1680 train_time:102670ms step_avg:334.43ms
step:308/1680 train_time:103002ms step_avg:334.42ms
step:309/1680 train_time:103334ms step_avg:334.41ms
step:310/1680 train_time:103667ms step_avg:334.41ms
step:311/1680 train_time:104002ms step_avg:334.41ms
step:312/1680 train_time:104338ms step_avg:334.42ms
step:313/1680 train_time:104668ms step_avg:334.40ms
step:314/1680 train_time:104998ms step_avg:334.39ms
step:315/1680 train_time:105346ms step_avg:334.43ms
step:316/1680 train_time:105679ms step_avg:334.43ms
step:317/1680 train_time:106006ms step_avg:334.40ms
step:318/1680 train_time:106341ms step_avg:334.41ms
step:319/1680 train_time:106670ms step_avg:334.39ms
step:320/1680 train_time:107003ms step_avg:334.38ms
step:321/1680 train_time:107337ms step_avg:334.38ms
step:322/1680 train_time:107664ms step_avg:334.36ms
step:323/1680 train_time:107997ms step_avg:334.36ms
step:324/1680 train_time:108323ms step_avg:334.33ms
step:325/1680 train_time:108658ms step_avg:334.33ms
step:326/1680 train_time:108989ms step_avg:334.32ms
step:327/1680 train_time:109321ms step_avg:334.32ms
step:328/1680 train_time:109649ms step_avg:334.30ms
step:329/1680 train_time:109983ms step_avg:334.29ms
step:330/1680 train_time:110315ms step_avg:334.29ms
step:331/1680 train_time:110644ms step_avg:334.27ms
step:332/1680 train_time:110986ms step_avg:334.29ms
step:333/1680 train_time:111310ms step_avg:334.27ms
step:334/1680 train_time:111632ms step_avg:334.23ms
step:335/1680 train_time:111977ms step_avg:334.26ms
step:336/1680 train_time:112309ms step_avg:334.25ms
step:337/1680 train_time:112636ms step_avg:334.23ms
step:338/1680 train_time:112969ms step_avg:334.23ms
step:339/1680 train_time:113293ms step_avg:334.20ms
step:340/1680 train_time:113621ms step_avg:334.18ms
step:341/1680 train_time:113954ms step_avg:334.18ms
step:342/1680 train_time:114288ms step_avg:334.18ms
step:343/1680 train_time:114617ms step_avg:334.16ms
step:344/1680 train_time:114956ms step_avg:334.17ms
step:345/1680 train_time:115299ms step_avg:334.20ms
step:346/1680 train_time:115625ms step_avg:334.18ms
step:347/1680 train_time:115961ms step_avg:334.18ms
step:348/1680 train_time:116283ms step_avg:334.15ms
step:349/1680 train_time:116615ms step_avg:334.14ms
step:350/1680 train_time:116948ms step_avg:334.14ms
step:351/1680 train_time:117280ms step_avg:334.13ms
step:352/1680 train_time:117610ms step_avg:334.12ms
step:353/1680 train_time:117937ms step_avg:334.10ms
step:354/1680 train_time:118277ms step_avg:334.12ms
step:355/1680 train_time:118615ms step_avg:334.13ms
step:356/1680 train_time:118939ms step_avg:334.10ms
step:357/1680 train_time:119265ms step_avg:334.08ms
step:358/1680 train_time:119597ms step_avg:334.07ms
step:359/1680 train_time:119930ms step_avg:334.07ms
step:360/1680 train_time:120260ms step_avg:334.06ms
step:361/1680 train_time:120589ms step_avg:334.04ms
step:362/1680 train_time:120925ms step_avg:334.05ms
step:363/1680 train_time:121275ms step_avg:334.09ms
step:364/1680 train_time:121591ms step_avg:334.04ms
step:365/1680 train_time:121923ms step_avg:334.04ms
step:366/1680 train_time:122258ms step_avg:334.04ms
step:367/1680 train_time:122587ms step_avg:334.03ms
step:368/1680 train_time:122920ms step_avg:334.02ms
step:369/1680 train_time:123255ms step_avg:334.02ms
step:370/1680 train_time:123586ms step_avg:334.01ms
step:371/1680 train_time:123918ms step_avg:334.01ms
step:372/1680 train_time:124253ms step_avg:334.01ms
step:373/1680 train_time:124584ms step_avg:334.01ms
step:374/1680 train_time:124920ms step_avg:334.01ms
step:375/1680 train_time:125252ms step_avg:334.00ms
step:375/1680 val_loss:3.8203 train_time:125472ms step_avg:334.59ms
step:376/1680 train_time:125681ms step_avg:334.26ms
step:377/1680 train_time:126012ms step_avg:334.25ms
step:378/1680 train_time:126345ms step_avg:334.25ms
step:379/1680 train_time:126683ms step_avg:334.26ms
step:380/1680 train_time:127014ms step_avg:334.25ms
step:381/1680 train_time:127351ms step_avg:334.25ms
step:382/1680 train_time:127676ms step_avg:334.23ms
step:383/1680 train_time:128006ms step_avg:334.22ms
step:384/1680 train_time:128336ms step_avg:334.21ms
step:385/1680 train_time:128668ms step_avg:334.20ms
step:386/1680 train_time:129002ms step_avg:334.20ms
step:387/1680 train_time:129342ms step_avg:334.22ms
step:388/1680 train_time:129671ms step_avg:334.20ms
step:389/1680 train_time:130005ms step_avg:334.20ms
step:390/1680 train_time:130341ms step_avg:334.21ms
step:391/1680 train_time:130673ms step_avg:334.20ms
step:392/1680 train_time:131005ms step_avg:334.20ms
step:393/1680 train_time:131338ms step_avg:334.19ms
step:394/1680 train_time:131671ms step_avg:334.19ms
step:395/1680 train_time:132004ms step_avg:334.19ms
step:396/1680 train_time:132339ms step_avg:334.19ms
step:397/1680 train_time:132666ms step_avg:334.17ms
step:398/1680 train_time:133006ms step_avg:334.19ms
step:399/1680 train_time:133333ms step_avg:334.17ms
step:400/1680 train_time:133672ms step_avg:334.18ms
step:401/1680 train_time:133999ms step_avg:334.16ms
step:402/1680 train_time:134334ms step_avg:334.16ms
step:403/1680 train_time:134663ms step_avg:334.15ms
step:404/1680 train_time:134995ms step_avg:334.15ms
step:405/1680 train_time:135329ms step_avg:334.15ms
step:406/1680 train_time:135659ms step_avg:334.13ms
step:407/1680 train_time:135989ms step_avg:334.13ms
step:408/1680 train_time:136323ms step_avg:334.13ms
step:409/1680 train_time:136656ms step_avg:334.12ms
step:410/1680 train_time:136986ms step_avg:334.11ms
step:411/1680 train_time:137321ms step_avg:334.12ms
step:412/1680 train_time:137652ms step_avg:334.11ms
step:413/1680 train_time:137982ms step_avg:334.10ms
step:414/1680 train_time:138318ms step_avg:334.10ms
step:415/1680 train_time:138651ms step_avg:334.10ms
step:416/1680 train_time:138980ms step_avg:334.09ms
step:417/1680 train_time:139337ms step_avg:334.14ms
step:418/1680 train_time:139669ms step_avg:334.14ms
step:419/1680 train_time:139986ms step_avg:334.10ms
step:420/1680 train_time:140320ms step_avg:334.09ms
step:421/1680 train_time:140656ms step_avg:334.10ms
step:422/1680 train_time:140985ms step_avg:334.09ms
step:423/1680 train_time:141312ms step_avg:334.07ms
step:424/1680 train_time:141647ms step_avg:334.07ms
step:425/1680 train_time:141980ms step_avg:334.07ms
step:426/1680 train_time:142311ms step_avg:334.06ms
step:427/1680 train_time:142645ms step_avg:334.06ms
step:428/1680 train_time:142970ms step_avg:334.04ms
step:429/1680 train_time:143299ms step_avg:334.03ms
step:430/1680 train_time:143634ms step_avg:334.03ms
step:431/1680 train_time:143964ms step_avg:334.02ms
step:432/1680 train_time:144293ms step_avg:334.01ms
step:433/1680 train_time:144626ms step_avg:334.01ms
step:434/1680 train_time:144960ms step_avg:334.01ms
step:435/1680 train_time:145294ms step_avg:334.01ms
step:436/1680 train_time:145624ms step_avg:334.00ms
step:437/1680 train_time:145956ms step_avg:334.00ms
step:438/1680 train_time:146286ms step_avg:333.99ms
step:439/1680 train_time:146618ms step_avg:333.98ms
step:440/1680 train_time:146950ms step_avg:333.98ms
step:441/1680 train_time:147284ms step_avg:333.98ms
step:442/1680 train_time:147616ms step_avg:333.97ms
step:443/1680 train_time:147952ms step_avg:333.98ms
step:444/1680 train_time:148284ms step_avg:333.97ms
step:445/1680 train_time:148617ms step_avg:333.97ms
step:446/1680 train_time:148948ms step_avg:333.96ms
step:447/1680 train_time:149278ms step_avg:333.96ms
step:448/1680 train_time:149609ms step_avg:333.95ms
step:449/1680 train_time:149948ms step_avg:333.96ms
step:450/1680 train_time:150279ms step_avg:333.95ms
step:451/1680 train_time:150609ms step_avg:333.94ms
step:452/1680 train_time:150941ms step_avg:333.94ms
step:453/1680 train_time:151273ms step_avg:333.94ms
step:454/1680 train_time:151605ms step_avg:333.93ms
step:455/1680 train_time:151935ms step_avg:333.92ms
step:456/1680 train_time:152264ms step_avg:333.91ms
step:457/1680 train_time:152598ms step_avg:333.91ms
step:458/1680 train_time:152928ms step_avg:333.90ms
step:459/1680 train_time:153256ms step_avg:333.89ms
step:460/1680 train_time:153597ms step_avg:333.91ms
step:461/1680 train_time:153922ms step_avg:333.89ms
step:462/1680 train_time:154247ms step_avg:333.87ms
step:463/1680 train_time:154584ms step_avg:333.88ms
step:464/1680 train_time:154915ms step_avg:333.87ms
step:465/1680 train_time:155246ms step_avg:333.86ms
step:466/1680 train_time:155578ms step_avg:333.86ms
step:467/1680 train_time:155913ms step_avg:333.86ms
step:468/1680 train_time:156243ms step_avg:333.85ms
step:469/1680 train_time:156574ms step_avg:333.85ms
step:470/1680 train_time:156906ms step_avg:333.84ms
step:471/1680 train_time:157237ms step_avg:333.84ms
step:472/1680 train_time:157569ms step_avg:333.83ms
step:473/1680 train_time:157902ms step_avg:333.83ms
step:474/1680 train_time:158233ms step_avg:333.82ms
step:475/1680 train_time:158564ms step_avg:333.82ms
step:476/1680 train_time:158902ms step_avg:333.83ms
step:477/1680 train_time:159230ms step_avg:333.82ms
step:478/1680 train_time:159561ms step_avg:333.81ms
step:479/1680 train_time:159892ms step_avg:333.80ms
step:480/1680 train_time:160224ms step_avg:333.80ms
step:481/1680 train_time:160559ms step_avg:333.80ms
step:482/1680 train_time:160890ms step_avg:333.80ms
step:483/1680 train_time:161223ms step_avg:333.79ms
step:484/1680 train_time:161553ms step_avg:333.79ms
step:485/1680 train_time:161887ms step_avg:333.79ms
step:486/1680 train_time:162218ms step_avg:333.78ms
step:487/1680 train_time:162554ms step_avg:333.79ms
step:488/1680 train_time:162890ms step_avg:333.79ms
step:489/1680 train_time:163234ms step_avg:333.81ms
step:490/1680 train_time:163547ms step_avg:333.77ms
step:491/1680 train_time:163882ms step_avg:333.77ms
step:492/1680 train_time:164217ms step_avg:333.78ms
step:493/1680 train_time:164553ms step_avg:333.78ms
step:494/1680 train_time:164876ms step_avg:333.76ms
step:495/1680 train_time:165211ms step_avg:333.76ms
step:496/1680 train_time:165538ms step_avg:333.75ms
step:497/1680 train_time:165878ms step_avg:333.76ms
step:498/1680 train_time:166208ms step_avg:333.75ms
step:499/1680 train_time:166537ms step_avg:333.74ms
step:500/1680 train_time:166877ms step_avg:333.75ms
step:500/1680 val_loss:3.7176 train_time:167093ms step_avg:334.19ms
step:501/1680 train_time:167297ms step_avg:333.93ms
step:502/1680 train_time:167605ms step_avg:333.87ms
step:503/1680 train_time:167940ms step_avg:333.88ms
step:504/1680 train_time:168271ms step_avg:333.87ms
step:505/1680 train_time:168620ms step_avg:333.90ms
step:506/1680 train_time:168941ms step_avg:333.88ms
step:507/1680 train_time:169264ms step_avg:333.85ms
step:508/1680 train_time:169596ms step_avg:333.85ms
step:509/1680 train_time:169925ms step_avg:333.84ms
step:510/1680 train_time:170261ms step_avg:333.85ms
step:511/1680 train_time:170595ms step_avg:333.85ms
step:512/1680 train_time:170929ms step_avg:333.84ms
step:513/1680 train_time:171261ms step_avg:333.84ms
step:514/1680 train_time:171595ms step_avg:333.84ms
step:515/1680 train_time:171928ms step_avg:333.84ms
step:516/1680 train_time:172257ms step_avg:333.83ms
step:517/1680 train_time:172587ms step_avg:333.82ms
step:518/1680 train_time:172919ms step_avg:333.82ms
step:519/1680 train_time:173249ms step_avg:333.81ms
step:520/1680 train_time:173581ms step_avg:333.81ms
step:521/1680 train_time:173914ms step_avg:333.81ms
step:522/1680 train_time:174242ms step_avg:333.80ms
step:523/1680 train_time:174572ms step_avg:333.79ms
step:524/1680 train_time:174908ms step_avg:333.79ms
step:525/1680 train_time:175238ms step_avg:333.79ms
step:526/1680 train_time:175571ms step_avg:333.79ms
step:527/1680 train_time:175897ms step_avg:333.77ms
step:528/1680 train_time:176230ms step_avg:333.77ms
step:529/1680 train_time:176568ms step_avg:333.78ms
step:530/1680 train_time:176901ms step_avg:333.78ms
step:531/1680 train_time:177230ms step_avg:333.77ms
step:532/1680 train_time:177564ms step_avg:333.77ms
step:533/1680 train_time:177897ms step_avg:333.76ms
step:534/1680 train_time:178227ms step_avg:333.76ms
step:535/1680 train_time:178562ms step_avg:333.76ms
step:536/1680 train_time:178893ms step_avg:333.75ms
step:537/1680 train_time:179225ms step_avg:333.75ms
step:538/1680 train_time:179561ms step_avg:333.76ms
step:539/1680 train_time:179894ms step_avg:333.76ms
step:540/1680 train_time:180227ms step_avg:333.75ms
step:541/1680 train_time:180557ms step_avg:333.75ms
step:542/1680 train_time:180892ms step_avg:333.75ms
step:543/1680 train_time:181239ms step_avg:333.77ms
step:544/1680 train_time:181554ms step_avg:333.74ms
step:545/1680 train_time:181888ms step_avg:333.74ms
step:546/1680 train_time:182230ms step_avg:333.76ms
step:547/1680 train_time:182563ms step_avg:333.75ms
step:548/1680 train_time:182883ms step_avg:333.73ms
step:549/1680 train_time:183217ms step_avg:333.73ms
step:550/1680 train_time:183555ms step_avg:333.74ms
step:551/1680 train_time:183884ms step_avg:333.73ms
step:552/1680 train_time:184217ms step_avg:333.73ms
step:553/1680 train_time:184550ms step_avg:333.73ms
step:554/1680 train_time:184885ms step_avg:333.73ms
step:555/1680 train_time:185215ms step_avg:333.72ms
step:556/1680 train_time:185552ms step_avg:333.73ms
step:557/1680 train_time:185884ms step_avg:333.72ms
step:558/1680 train_time:186214ms step_avg:333.72ms
step:559/1680 train_time:186547ms step_avg:333.72ms
step:560/1680 train_time:186883ms step_avg:333.72ms
step:561/1680 train_time:187221ms step_avg:333.73ms
step:562/1680 train_time:187553ms step_avg:333.72ms
step:563/1680 train_time:187888ms step_avg:333.73ms
step:564/1680 train_time:188222ms step_avg:333.73ms
step:565/1680 train_time:188555ms step_avg:333.73ms
step:566/1680 train_time:188885ms step_avg:333.72ms
step:567/1680 train_time:189216ms step_avg:333.71ms
step:568/1680 train_time:189548ms step_avg:333.71ms
step:569/1680 train_time:189880ms step_avg:333.71ms
step:570/1680 train_time:190213ms step_avg:333.71ms
step:571/1680 train_time:190548ms step_avg:333.71ms
step:572/1680 train_time:190881ms step_avg:333.71ms
step:573/1680 train_time:191227ms step_avg:333.73ms
step:574/1680 train_time:191541ms step_avg:333.69ms
step:575/1680 train_time:191876ms step_avg:333.70ms
step:576/1680 train_time:192210ms step_avg:333.70ms
step:577/1680 train_time:192546ms step_avg:333.70ms
step:578/1680 train_time:192876ms step_avg:333.70ms
step:579/1680 train_time:193206ms step_avg:333.69ms
step:580/1680 train_time:193536ms step_avg:333.68ms
step:581/1680 train_time:193871ms step_avg:333.69ms
step:582/1680 train_time:194195ms step_avg:333.67ms
step:583/1680 train_time:194530ms step_avg:333.67ms
step:584/1680 train_time:194865ms step_avg:333.67ms
step:585/1680 train_time:195193ms step_avg:333.66ms
step:586/1680 train_time:195529ms step_avg:333.67ms
step:587/1680 train_time:195864ms step_avg:333.67ms
step:588/1680 train_time:196196ms step_avg:333.67ms
step:589/1680 train_time:196524ms step_avg:333.66ms
step:590/1680 train_time:196852ms step_avg:333.65ms
step:591/1680 train_time:197188ms step_avg:333.65ms
step:592/1680 train_time:197517ms step_avg:333.64ms
step:593/1680 train_time:197853ms step_avg:333.65ms
step:594/1680 train_time:198183ms step_avg:333.64ms
step:595/1680 train_time:198513ms step_avg:333.64ms
step:596/1680 train_time:198848ms step_avg:333.64ms
step:597/1680 train_time:199180ms step_avg:333.63ms
step:598/1680 train_time:199510ms step_avg:333.63ms
step:599/1680 train_time:199843ms step_avg:333.63ms
step:600/1680 train_time:200172ms step_avg:333.62ms
step:601/1680 train_time:200506ms step_avg:333.62ms
step:602/1680 train_time:200842ms step_avg:333.62ms
step:603/1680 train_time:201171ms step_avg:333.62ms
step:604/1680 train_time:201507ms step_avg:333.62ms
step:605/1680 train_time:201835ms step_avg:333.61ms
step:606/1680 train_time:202168ms step_avg:333.61ms
step:607/1680 train_time:202501ms step_avg:333.61ms
step:608/1680 train_time:202835ms step_avg:333.61ms
step:609/1680 train_time:203166ms step_avg:333.61ms
step:610/1680 train_time:203497ms step_avg:333.60ms
step:611/1680 train_time:203831ms step_avg:333.60ms
step:612/1680 train_time:204161ms step_avg:333.60ms
step:613/1680 train_time:204496ms step_avg:333.60ms
step:614/1680 train_time:204829ms step_avg:333.60ms
step:615/1680 train_time:205162ms step_avg:333.60ms
step:616/1680 train_time:205494ms step_avg:333.59ms
step:617/1680 train_time:205821ms step_avg:333.58ms
step:618/1680 train_time:206151ms step_avg:333.58ms
step:619/1680 train_time:206483ms step_avg:333.58ms
step:620/1680 train_time:206815ms step_avg:333.57ms
step:621/1680 train_time:207147ms step_avg:333.57ms
step:622/1680 train_time:207474ms step_avg:333.56ms
step:623/1680 train_time:207804ms step_avg:333.55ms
step:624/1680 train_time:208138ms step_avg:333.55ms
step:625/1680 train_time:208476ms step_avg:333.56ms
step:625/1680 val_loss:3.6182 train_time:208699ms step_avg:333.92ms
step:626/1680 train_time:208913ms step_avg:333.73ms
step:627/1680 train_time:209225ms step_avg:333.69ms
step:628/1680 train_time:209556ms step_avg:333.69ms
step:629/1680 train_time:209885ms step_avg:333.68ms
step:630/1680 train_time:210222ms step_avg:333.69ms
step:631/1680 train_time:210559ms step_avg:333.69ms
step:632/1680 train_time:210887ms step_avg:333.68ms
step:633/1680 train_time:211213ms step_avg:333.67ms
step:634/1680 train_time:211548ms step_avg:333.67ms
step:635/1680 train_time:211880ms step_avg:333.67ms
step:636/1680 train_time:212214ms step_avg:333.67ms
step:637/1680 train_time:212546ms step_avg:333.67ms
step:638/1680 train_time:212878ms step_avg:333.66ms
step:639/1680 train_time:213208ms step_avg:333.66ms
step:640/1680 train_time:213542ms step_avg:333.66ms
step:641/1680 train_time:213884ms step_avg:333.67ms
step:642/1680 train_time:214210ms step_avg:333.66ms
step:643/1680 train_time:214544ms step_avg:333.66ms
step:644/1680 train_time:214876ms step_avg:333.66ms
step:645/1680 train_time:215222ms step_avg:333.68ms
step:646/1680 train_time:215555ms step_avg:333.68ms
step:647/1680 train_time:215887ms step_avg:333.67ms
step:648/1680 train_time:216219ms step_avg:333.67ms
step:649/1680 train_time:216553ms step_avg:333.67ms
step:650/1680 train_time:216879ms step_avg:333.66ms
step:651/1680 train_time:217212ms step_avg:333.66ms
step:652/1680 train_time:217544ms step_avg:333.66ms
step:653/1680 train_time:217881ms step_avg:333.66ms
step:654/1680 train_time:218207ms step_avg:333.65ms
step:655/1680 train_time:218542ms step_avg:333.65ms
step:656/1680 train_time:218873ms step_avg:333.65ms
step:657/1680 train_time:219200ms step_avg:333.64ms
step:658/1680 train_time:219534ms step_avg:333.64ms
step:659/1680 train_time:219863ms step_avg:333.63ms
step:660/1680 train_time:220199ms step_avg:333.64ms
step:661/1680 train_time:220533ms step_avg:333.64ms
step:662/1680 train_time:220858ms step_avg:333.62ms
step:663/1680 train_time:221192ms step_avg:333.62ms
step:664/1680 train_time:221522ms step_avg:333.62ms
step:665/1680 train_time:221850ms step_avg:333.61ms
step:666/1680 train_time:222182ms step_avg:333.61ms
step:667/1680 train_time:222517ms step_avg:333.61ms
step:668/1680 train_time:222845ms step_avg:333.60ms
step:669/1680 train_time:223183ms step_avg:333.61ms
step:670/1680 train_time:223509ms step_avg:333.60ms
step:671/1680 train_time:223842ms step_avg:333.60ms
step:672/1680 train_time:224183ms step_avg:333.61ms
step:673/1680 train_time:224517ms step_avg:333.61ms
step:674/1680 train_time:224851ms step_avg:333.61ms
step:675/1680 train_time:225184ms step_avg:333.61ms
step:676/1680 train_time:225515ms step_avg:333.60ms
step:677/1680 train_time:225847ms step_avg:333.60ms
step:678/1680 train_time:226184ms step_avg:333.60ms
step:679/1680 train_time:226510ms step_avg:333.59ms
step:680/1680 train_time:226846ms step_avg:333.60ms
step:681/1680 train_time:227177ms step_avg:333.59ms
step:682/1680 train_time:227507ms step_avg:333.59ms
step:683/1680 train_time:227845ms step_avg:333.59ms
step:684/1680 train_time:228174ms step_avg:333.59ms
step:685/1680 train_time:228505ms step_avg:333.58ms
step:686/1680 train_time:228838ms step_avg:333.58ms
step:687/1680 train_time:229176ms step_avg:333.59ms
step:688/1680 train_time:229505ms step_avg:333.58ms
step:689/1680 train_time:229835ms step_avg:333.58ms
step:690/1680 train_time:230171ms step_avg:333.58ms
step:691/1680 train_time:230501ms step_avg:333.58ms
step:692/1680 train_time:230836ms step_avg:333.58ms
step:693/1680 train_time:231168ms step_avg:333.58ms
step:694/1680 train_time:231502ms step_avg:333.58ms
step:695/1680 train_time:231832ms step_avg:333.57ms
step:696/1680 train_time:232168ms step_avg:333.57ms
step:697/1680 train_time:232501ms step_avg:333.57ms
step:698/1680 train_time:232830ms step_avg:333.57ms
step:699/1680 train_time:233162ms step_avg:333.56ms
step:700/1680 train_time:233492ms step_avg:333.56ms
step:701/1680 train_time:233824ms step_avg:333.56ms
step:702/1680 train_time:234158ms step_avg:333.56ms
step:703/1680 train_time:234487ms step_avg:333.55ms
step:704/1680 train_time:234836ms step_avg:333.57ms
step:705/1680 train_time:235151ms step_avg:333.55ms
step:706/1680 train_time:235483ms step_avg:333.55ms
step:707/1680 train_time:235816ms step_avg:333.54ms
step:708/1680 train_time:236161ms step_avg:333.56ms
step:709/1680 train_time:236490ms step_avg:333.55ms
step:710/1680 train_time:236821ms step_avg:333.55ms
step:711/1680 train_time:237150ms step_avg:333.54ms
step:712/1680 train_time:237485ms step_avg:333.55ms
step:713/1680 train_time:237817ms step_avg:333.54ms
step:714/1680 train_time:238149ms step_avg:333.54ms
step:715/1680 train_time:238482ms step_avg:333.54ms
step:716/1680 train_time:238815ms step_avg:333.54ms
step:717/1680 train_time:239154ms step_avg:333.55ms
step:718/1680 train_time:239485ms step_avg:333.54ms
step:719/1680 train_time:239820ms step_avg:333.55ms
step:720/1680 train_time:240153ms step_avg:333.55ms
step:721/1680 train_time:240481ms step_avg:333.54ms
step:722/1680 train_time:240814ms step_avg:333.54ms
step:723/1680 train_time:241151ms step_avg:333.54ms
step:724/1680 train_time:241487ms step_avg:333.55ms
step:725/1680 train_time:241818ms step_avg:333.54ms
step:726/1680 train_time:242154ms step_avg:333.55ms
step:727/1680 train_time:242483ms step_avg:333.54ms
step:728/1680 train_time:242817ms step_avg:333.54ms
step:729/1680 train_time:243144ms step_avg:333.53ms
step:730/1680 train_time:243486ms step_avg:333.54ms
step:731/1680 train_time:243816ms step_avg:333.54ms
step:732/1680 train_time:244150ms step_avg:333.54ms
step:733/1680 train_time:244491ms step_avg:333.55ms
step:734/1680 train_time:244822ms step_avg:333.54ms
step:735/1680 train_time:245148ms step_avg:333.53ms
step:736/1680 train_time:245486ms step_avg:333.54ms
step:737/1680 train_time:245814ms step_avg:333.53ms
step:738/1680 train_time:246146ms step_avg:333.53ms
step:739/1680 train_time:246479ms step_avg:333.53ms
step:740/1680 train_time:246809ms step_avg:333.53ms
step:741/1680 train_time:247143ms step_avg:333.53ms
step:742/1680 train_time:247474ms step_avg:333.52ms
step:743/1680 train_time:247803ms step_avg:333.52ms
step:744/1680 train_time:248138ms step_avg:333.52ms
step:745/1680 train_time:248474ms step_avg:333.52ms
step:746/1680 train_time:248819ms step_avg:333.54ms
step:747/1680 train_time:249147ms step_avg:333.53ms
step:748/1680 train_time:249481ms step_avg:333.53ms
step:749/1680 train_time:249815ms step_avg:333.53ms
step:750/1680 train_time:250149ms step_avg:333.53ms
step:750/1680 val_loss:3.5648 train_time:250368ms step_avg:333.82ms
step:751/1680 train_time:250563ms step_avg:333.64ms
step:752/1680 train_time:250878ms step_avg:333.61ms
step:753/1680 train_time:251210ms step_avg:333.61ms
step:754/1680 train_time:251541ms step_avg:333.61ms
step:755/1680 train_time:251876ms step_avg:333.61ms
step:756/1680 train_time:252208ms step_avg:333.61ms
step:757/1680 train_time:252538ms step_avg:333.60ms
step:758/1680 train_time:252873ms step_avg:333.61ms
step:759/1680 train_time:253204ms step_avg:333.60ms
step:760/1680 train_time:253537ms step_avg:333.60ms
step:761/1680 train_time:253869ms step_avg:333.60ms
step:762/1680 train_time:254204ms step_avg:333.60ms
step:763/1680 train_time:254539ms step_avg:333.60ms
step:764/1680 train_time:254870ms step_avg:333.60ms
step:765/1680 train_time:255202ms step_avg:333.60ms
step:766/1680 train_time:255540ms step_avg:333.60ms
step:767/1680 train_time:255874ms step_avg:333.60ms
step:768/1680 train_time:256211ms step_avg:333.61ms
step:769/1680 train_time:256545ms step_avg:333.61ms
step:770/1680 train_time:256873ms step_avg:333.60ms
step:771/1680 train_time:257197ms step_avg:333.59ms
step:772/1680 train_time:257531ms step_avg:333.59ms
step:773/1680 train_time:257863ms step_avg:333.59ms
step:774/1680 train_time:258202ms step_avg:333.59ms
step:775/1680 train_time:258534ms step_avg:333.59ms
step:776/1680 train_time:258865ms step_avg:333.59ms
step:777/1680 train_time:259195ms step_avg:333.58ms
step:778/1680 train_time:259535ms step_avg:333.59ms
step:779/1680 train_time:259868ms step_avg:333.59ms
step:780/1680 train_time:260198ms step_avg:333.59ms
step:781/1680 train_time:260529ms step_avg:333.58ms
step:782/1680 train_time:260861ms step_avg:333.58ms
step:783/1680 train_time:261194ms step_avg:333.58ms
step:784/1680 train_time:261526ms step_avg:333.58ms
step:785/1680 train_time:261858ms step_avg:333.58ms
step:786/1680 train_time:262190ms step_avg:333.57ms
step:787/1680 train_time:262522ms step_avg:333.57ms
step:788/1680 train_time:262852ms step_avg:333.57ms
step:789/1680 train_time:263186ms step_avg:333.57ms
step:790/1680 train_time:263519ms step_avg:333.57ms
step:791/1680 train_time:263849ms step_avg:333.56ms
step:792/1680 train_time:264179ms step_avg:333.56ms
step:793/1680 train_time:264507ms step_avg:333.55ms
step:794/1680 train_time:264843ms step_avg:333.56ms
step:795/1680 train_time:265174ms step_avg:333.55ms
step:796/1680 train_time:265506ms step_avg:333.55ms
step:797/1680 train_time:265840ms step_avg:333.55ms
step:798/1680 train_time:266182ms step_avg:333.56ms
step:799/1680 train_time:266509ms step_avg:333.55ms
step:800/1680 train_time:266839ms step_avg:333.55ms
step:801/1680 train_time:267169ms step_avg:333.54ms
step:802/1680 train_time:267501ms step_avg:333.54ms
step:803/1680 train_time:267840ms step_avg:333.55ms
step:804/1680 train_time:268169ms step_avg:333.54ms
step:805/1680 train_time:268501ms step_avg:333.54ms
step:806/1680 train_time:268823ms step_avg:333.53ms
step:807/1680 train_time:269165ms step_avg:333.54ms
step:808/1680 train_time:269490ms step_avg:333.53ms
step:809/1680 train_time:269820ms step_avg:333.52ms
step:810/1680 train_time:270155ms step_avg:333.52ms
step:811/1680 train_time:270485ms step_avg:333.52ms
step:812/1680 train_time:270813ms step_avg:333.51ms
step:813/1680 train_time:271148ms step_avg:333.52ms
step:814/1680 train_time:271478ms step_avg:333.51ms
step:815/1680 train_time:271810ms step_avg:333.51ms
step:816/1680 train_time:272140ms step_avg:333.51ms
step:817/1680 train_time:272473ms step_avg:333.50ms
step:818/1680 train_time:272804ms step_avg:333.50ms
step:819/1680 train_time:273135ms step_avg:333.50ms
step:820/1680 train_time:273462ms step_avg:333.49ms
step:821/1680 train_time:273793ms step_avg:333.49ms
step:822/1680 train_time:274124ms step_avg:333.48ms
step:823/1680 train_time:274458ms step_avg:333.49ms
step:824/1680 train_time:274785ms step_avg:333.48ms
step:825/1680 train_time:275126ms step_avg:333.49ms
step:826/1680 train_time:275453ms step_avg:333.48ms
step:827/1680 train_time:275801ms step_avg:333.50ms
step:828/1680 train_time:276120ms step_avg:333.48ms
step:829/1680 train_time:276455ms step_avg:333.48ms
step:830/1680 train_time:276788ms step_avg:333.48ms
step:831/1680 train_time:277120ms step_avg:333.48ms
step:832/1680 train_time:277450ms step_avg:333.47ms
step:833/1680 train_time:277782ms step_avg:333.47ms
step:834/1680 train_time:278117ms step_avg:333.47ms
step:835/1680 train_time:278445ms step_avg:333.47ms
step:836/1680 train_time:278774ms step_avg:333.46ms
step:837/1680 train_time:279112ms step_avg:333.47ms
step:838/1680 train_time:279445ms step_avg:333.47ms
step:839/1680 train_time:279777ms step_avg:333.46ms
step:840/1680 train_time:280105ms step_avg:333.46ms
step:841/1680 train_time:280443ms step_avg:333.46ms
step:842/1680 train_time:280776ms step_avg:333.46ms
step:843/1680 train_time:281099ms step_avg:333.45ms
step:844/1680 train_time:281430ms step_avg:333.45ms
step:845/1680 train_time:281764ms step_avg:333.45ms
step:846/1680 train_time:282098ms step_avg:333.45ms
step:847/1680 train_time:282426ms step_avg:333.44ms
step:848/1680 train_time:282760ms step_avg:333.44ms
step:849/1680 train_time:283098ms step_avg:333.45ms
step:850/1680 train_time:283431ms step_avg:333.45ms
step:851/1680 train_time:283762ms step_avg:333.45ms
step:852/1680 train_time:284096ms step_avg:333.45ms
step:853/1680 train_time:284429ms step_avg:333.44ms
step:854/1680 train_time:284759ms step_avg:333.44ms
step:855/1680 train_time:285093ms step_avg:333.44ms
step:856/1680 train_time:285420ms step_avg:333.43ms
step:857/1680 train_time:285755ms step_avg:333.44ms
step:858/1680 train_time:286091ms step_avg:333.44ms
step:859/1680 train_time:286425ms step_avg:333.44ms
step:860/1680 train_time:286756ms step_avg:333.44ms
step:861/1680 train_time:287088ms step_avg:333.44ms
step:862/1680 train_time:287421ms step_avg:333.44ms
step:863/1680 train_time:287753ms step_avg:333.43ms
step:864/1680 train_time:288086ms step_avg:333.43ms
step:865/1680 train_time:288420ms step_avg:333.43ms
step:866/1680 train_time:288754ms step_avg:333.43ms
step:867/1680 train_time:289081ms step_avg:333.43ms
step:868/1680 train_time:289414ms step_avg:333.43ms
step:869/1680 train_time:289745ms step_avg:333.42ms
step:870/1680 train_time:290081ms step_avg:333.43ms
step:871/1680 train_time:290408ms step_avg:333.42ms
step:872/1680 train_time:290736ms step_avg:333.41ms
step:873/1680 train_time:291067ms step_avg:333.41ms
step:874/1680 train_time:291394ms step_avg:333.40ms
step:875/1680 train_time:291729ms step_avg:333.40ms
step:875/1680 val_loss:3.5191 train_time:291948ms step_avg:333.65ms
step:876/1680 train_time:292155ms step_avg:333.51ms
step:877/1680 train_time:292482ms step_avg:333.50ms
step:878/1680 train_time:292815ms step_avg:333.50ms
step:879/1680 train_time:293151ms step_avg:333.51ms
step:880/1680 train_time:293484ms step_avg:333.50ms
step:881/1680 train_time:293815ms step_avg:333.50ms
step:882/1680 train_time:294141ms step_avg:333.49ms
step:883/1680 train_time:294473ms step_avg:333.49ms
step:884/1680 train_time:294807ms step_avg:333.49ms
step:885/1680 train_time:295139ms step_avg:333.49ms
step:886/1680 train_time:295468ms step_avg:333.49ms
step:887/1680 train_time:295799ms step_avg:333.48ms
step:888/1680 train_time:296137ms step_avg:333.49ms
step:889/1680 train_time:296465ms step_avg:333.48ms
step:890/1680 train_time:296795ms step_avg:333.48ms
step:891/1680 train_time:297130ms step_avg:333.48ms
step:892/1680 train_time:297462ms step_avg:333.48ms
step:893/1680 train_time:297788ms step_avg:333.47ms
step:894/1680 train_time:298129ms step_avg:333.48ms
step:895/1680 train_time:298461ms step_avg:333.48ms
step:896/1680 train_time:298794ms step_avg:333.48ms
step:897/1680 train_time:299126ms step_avg:333.47ms
step:898/1680 train_time:299457ms step_avg:333.47ms
step:899/1680 train_time:299791ms step_avg:333.47ms
step:900/1680 train_time:300121ms step_avg:333.47ms
step:901/1680 train_time:300450ms step_avg:333.46ms
step:902/1680 train_time:300781ms step_avg:333.46ms
step:903/1680 train_time:301115ms step_avg:333.46ms
step:904/1680 train_time:301446ms step_avg:333.46ms
step:905/1680 train_time:301777ms step_avg:333.45ms
step:906/1680 train_time:302111ms step_avg:333.46ms
step:907/1680 train_time:302445ms step_avg:333.46ms
step:908/1680 train_time:302778ms step_avg:333.46ms
step:909/1680 train_time:303108ms step_avg:333.45ms
step:910/1680 train_time:303439ms step_avg:333.45ms
step:911/1680 train_time:303771ms step_avg:333.45ms
step:912/1680 train_time:304106ms step_avg:333.45ms
step:913/1680 train_time:304435ms step_avg:333.45ms
step:914/1680 train_time:304770ms step_avg:333.45ms
step:915/1680 train_time:305105ms step_avg:333.45ms
step:916/1680 train_time:305434ms step_avg:333.44ms
step:917/1680 train_time:305767ms step_avg:333.44ms
step:918/1680 train_time:306097ms step_avg:333.44ms
step:919/1680 train_time:306425ms step_avg:333.43ms
step:920/1680 train_time:306756ms step_avg:333.43ms
step:921/1680 train_time:307090ms step_avg:333.43ms
step:922/1680 train_time:307421ms step_avg:333.43ms
step:923/1680 train_time:307751ms step_avg:333.42ms
step:924/1680 train_time:308081ms step_avg:333.42ms
step:925/1680 train_time:308415ms step_avg:333.42ms
step:926/1680 train_time:308744ms step_avg:333.42ms
step:927/1680 train_time:309075ms step_avg:333.41ms
step:928/1680 train_time:309407ms step_avg:333.41ms
step:929/1680 train_time:309737ms step_avg:333.41ms
step:930/1680 train_time:310068ms step_avg:333.41ms
step:931/1680 train_time:310399ms step_avg:333.40ms
step:932/1680 train_time:310726ms step_avg:333.40ms
step:933/1680 train_time:311059ms step_avg:333.40ms
step:934/1680 train_time:311392ms step_avg:333.40ms
step:935/1680 train_time:311726ms step_avg:333.40ms
step:936/1680 train_time:312062ms step_avg:333.40ms
step:937/1680 train_time:312396ms step_avg:333.40ms
step:938/1680 train_time:312732ms step_avg:333.40ms
step:939/1680 train_time:313062ms step_avg:333.40ms
step:940/1680 train_time:313394ms step_avg:333.40ms
step:941/1680 train_time:313727ms step_avg:333.40ms
step:942/1680 train_time:314056ms step_avg:333.39ms
step:943/1680 train_time:314387ms step_avg:333.39ms
step:944/1680 train_time:314720ms step_avg:333.39ms
step:945/1680 train_time:315049ms step_avg:333.38ms
step:946/1680 train_time:315383ms step_avg:333.39ms
step:947/1680 train_time:315713ms step_avg:333.38ms
step:948/1680 train_time:316045ms step_avg:333.38ms
step:949/1680 train_time:316376ms step_avg:333.38ms
step:950/1680 train_time:316708ms step_avg:333.38ms
step:951/1680 train_time:317043ms step_avg:333.38ms
step:952/1680 train_time:317373ms step_avg:333.37ms
step:953/1680 train_time:317707ms step_avg:333.38ms
step:954/1680 train_time:318043ms step_avg:333.38ms
step:955/1680 train_time:318376ms step_avg:333.38ms
step:956/1680 train_time:318710ms step_avg:333.38ms
step:957/1680 train_time:319042ms step_avg:333.38ms
step:958/1680 train_time:319374ms step_avg:333.38ms
step:959/1680 train_time:319703ms step_avg:333.37ms
step:960/1680 train_time:320034ms step_avg:333.37ms
step:961/1680 train_time:320370ms step_avg:333.37ms
step:962/1680 train_time:320703ms step_avg:333.37ms
step:963/1680 train_time:321039ms step_avg:333.37ms
step:964/1680 train_time:321376ms step_avg:333.38ms
step:965/1680 train_time:321705ms step_avg:333.37ms
step:966/1680 train_time:322045ms step_avg:333.38ms
step:967/1680 train_time:322370ms step_avg:333.37ms
step:968/1680 train_time:322703ms step_avg:333.37ms
step:969/1680 train_time:323030ms step_avg:333.36ms
step:970/1680 train_time:323364ms step_avg:333.36ms
step:971/1680 train_time:323701ms step_avg:333.37ms
step:972/1680 train_time:324031ms step_avg:333.37ms
step:973/1680 train_time:324373ms step_avg:333.37ms
step:974/1680 train_time:324701ms step_avg:333.37ms
step:975/1680 train_time:325033ms step_avg:333.37ms
step:976/1680 train_time:325363ms step_avg:333.36ms
step:977/1680 train_time:325692ms step_avg:333.36ms
step:978/1680 train_time:326027ms step_avg:333.36ms
step:979/1680 train_time:326356ms step_avg:333.36ms
step:980/1680 train_time:326692ms step_avg:333.36ms
step:981/1680 train_time:327020ms step_avg:333.35ms
step:982/1680 train_time:327354ms step_avg:333.35ms
step:983/1680 train_time:327687ms step_avg:333.35ms
step:984/1680 train_time:328020ms step_avg:333.35ms
step:985/1680 train_time:328356ms step_avg:333.36ms
step:986/1680 train_time:328686ms step_avg:333.35ms
step:987/1680 train_time:329023ms step_avg:333.36ms
step:988/1680 train_time:329347ms step_avg:333.35ms
step:989/1680 train_time:329680ms step_avg:333.35ms
step:990/1680 train_time:330010ms step_avg:333.34ms
step:991/1680 train_time:330340ms step_avg:333.34ms
step:992/1680 train_time:330675ms step_avg:333.34ms
step:993/1680 train_time:331000ms step_avg:333.33ms
step:994/1680 train_time:331333ms step_avg:333.33ms
step:995/1680 train_time:331662ms step_avg:333.33ms
step:996/1680 train_time:331995ms step_avg:333.33ms
step:997/1680 train_time:332338ms step_avg:333.34ms
step:998/1680 train_time:332661ms step_avg:333.33ms
step:999/1680 train_time:332993ms step_avg:333.33ms
step:1000/1680 train_time:333325ms step_avg:333.32ms
step:1000/1680 val_loss:3.4693 train_time:333542ms step_avg:333.54ms
step:1001/1680 train_time:333745ms step_avg:333.41ms
step:1002/1680 train_time:334060ms step_avg:333.39ms
step:1003/1680 train_time:334387ms step_avg:333.39ms
step:1004/1680 train_time:334744ms step_avg:333.41ms
step:1005/1680 train_time:335060ms step_avg:333.39ms
step:1006/1680 train_time:335399ms step_avg:333.40ms
step:1007/1680 train_time:335726ms step_avg:333.39ms
step:1008/1680 train_time:336053ms step_avg:333.39ms
step:1009/1680 train_time:336392ms step_avg:333.39ms
step:1010/1680 train_time:336715ms step_avg:333.38ms
step:1011/1680 train_time:337047ms step_avg:333.38ms
step:1012/1680 train_time:337384ms step_avg:333.38ms
step:1013/1680 train_time:337713ms step_avg:333.38ms
step:1014/1680 train_time:338043ms step_avg:333.38ms
step:1015/1680 train_time:338375ms step_avg:333.37ms
step:1016/1680 train_time:338705ms step_avg:333.37ms
step:1017/1680 train_time:339034ms step_avg:333.37ms
step:1018/1680 train_time:339374ms step_avg:333.37ms
step:1019/1680 train_time:339706ms step_avg:333.37ms
step:1020/1680 train_time:340036ms step_avg:333.37ms
step:1021/1680 train_time:340370ms step_avg:333.37ms
step:1022/1680 train_time:340702ms step_avg:333.37ms
step:1023/1680 train_time:341035ms step_avg:333.37ms
step:1024/1680 train_time:341365ms step_avg:333.36ms
step:1025/1680 train_time:341698ms step_avg:333.36ms
step:1026/1680 train_time:342032ms step_avg:333.36ms
step:1027/1680 train_time:342362ms step_avg:333.36ms
step:1028/1680 train_time:342695ms step_avg:333.36ms
step:1029/1680 train_time:343029ms step_avg:333.36ms
step:1030/1680 train_time:343360ms step_avg:333.36ms
step:1031/1680 train_time:343695ms step_avg:333.36ms
step:1032/1680 train_time:344024ms step_avg:333.36ms
step:1033/1680 train_time:344353ms step_avg:333.35ms
step:1034/1680 train_time:344692ms step_avg:333.36ms
step:1035/1680 train_time:345021ms step_avg:333.35ms
step:1036/1680 train_time:345353ms step_avg:333.35ms
step:1037/1680 train_time:345695ms step_avg:333.36ms
step:1038/1680 train_time:346026ms step_avg:333.36ms
step:1039/1680 train_time:346351ms step_avg:333.35ms
step:1040/1680 train_time:346681ms step_avg:333.35ms
step:1041/1680 train_time:347012ms step_avg:333.35ms
step:1042/1680 train_time:347349ms step_avg:333.35ms
step:1043/1680 train_time:347681ms step_avg:333.35ms
step:1044/1680 train_time:348015ms step_avg:333.35ms
step:1045/1680 train_time:348349ms step_avg:333.35ms
step:1046/1680 train_time:348686ms step_avg:333.35ms
step:1047/1680 train_time:349017ms step_avg:333.35ms
step:1048/1680 train_time:349349ms step_avg:333.35ms
step:1049/1680 train_time:349697ms step_avg:333.36ms
step:1050/1680 train_time:350018ms step_avg:333.35ms
step:1051/1680 train_time:350354ms step_avg:333.35ms
step:1052/1680 train_time:350684ms step_avg:333.35ms
step:1053/1680 train_time:351016ms step_avg:333.35ms
step:1054/1680 train_time:351348ms step_avg:333.35ms
step:1055/1680 train_time:351684ms step_avg:333.35ms
step:1056/1680 train_time:352023ms step_avg:333.36ms
step:1057/1680 train_time:352351ms step_avg:333.35ms
step:1058/1680 train_time:352683ms step_avg:333.35ms
step:1059/1680 train_time:353017ms step_avg:333.35ms
step:1060/1680 train_time:353354ms step_avg:333.35ms
step:1061/1680 train_time:353683ms step_avg:333.35ms
step:1062/1680 train_time:354012ms step_avg:333.34ms
step:1063/1680 train_time:354348ms step_avg:333.35ms
step:1064/1680 train_time:354670ms step_avg:333.34ms
step:1065/1680 train_time:355005ms step_avg:333.34ms
step:1066/1680 train_time:355334ms step_avg:333.33ms
step:1067/1680 train_time:355666ms step_avg:333.33ms
step:1068/1680 train_time:355998ms step_avg:333.33ms
step:1069/1680 train_time:356330ms step_avg:333.33ms
step:1070/1680 train_time:356675ms step_avg:333.34ms
step:1071/1680 train_time:356999ms step_avg:333.33ms
step:1072/1680 train_time:357328ms step_avg:333.33ms
step:1073/1680 train_time:357665ms step_avg:333.33ms
step:1074/1680 train_time:357991ms step_avg:333.32ms
step:1075/1680 train_time:358330ms step_avg:333.33ms
step:1076/1680 train_time:358657ms step_avg:333.32ms
step:1077/1680 train_time:358988ms step_avg:333.32ms
step:1078/1680 train_time:359336ms step_avg:333.34ms
step:1079/1680 train_time:359652ms step_avg:333.32ms
step:1080/1680 train_time:359987ms step_avg:333.32ms
step:1081/1680 train_time:360319ms step_avg:333.32ms
step:1082/1680 train_time:360652ms step_avg:333.32ms
step:1083/1680 train_time:360985ms step_avg:333.32ms
step:1084/1680 train_time:361314ms step_avg:333.32ms
step:1085/1680 train_time:361643ms step_avg:333.31ms
step:1086/1680 train_time:361975ms step_avg:333.31ms
step:1087/1680 train_time:362318ms step_avg:333.32ms
step:1088/1680 train_time:362638ms step_avg:333.31ms
step:1089/1680 train_time:362972ms step_avg:333.31ms
step:1090/1680 train_time:363302ms step_avg:333.30ms
step:1091/1680 train_time:363635ms step_avg:333.30ms
step:1092/1680 train_time:363967ms step_avg:333.30ms
step:1093/1680 train_time:364310ms step_avg:333.31ms
step:1094/1680 train_time:364644ms step_avg:333.31ms
step:1095/1680 train_time:364971ms step_avg:333.31ms
step:1096/1680 train_time:365308ms step_avg:333.31ms
step:1097/1680 train_time:365640ms step_avg:333.31ms
step:1098/1680 train_time:365975ms step_avg:333.31ms
step:1099/1680 train_time:366306ms step_avg:333.31ms
step:1100/1680 train_time:366640ms step_avg:333.31ms
step:1101/1680 train_time:366970ms step_avg:333.31ms
step:1102/1680 train_time:367301ms step_avg:333.30ms
step:1103/1680 train_time:367632ms step_avg:333.30ms
step:1104/1680 train_time:367962ms step_avg:333.30ms
step:1105/1680 train_time:368298ms step_avg:333.30ms
step:1106/1680 train_time:368626ms step_avg:333.30ms
step:1107/1680 train_time:368969ms step_avg:333.31ms
step:1108/1680 train_time:369293ms step_avg:333.30ms
step:1109/1680 train_time:369625ms step_avg:333.30ms
step:1110/1680 train_time:369956ms step_avg:333.29ms
step:1111/1680 train_time:370285ms step_avg:333.29ms
step:1112/1680 train_time:370617ms step_avg:333.29ms
step:1113/1680 train_time:370948ms step_avg:333.29ms
step:1114/1680 train_time:371286ms step_avg:333.29ms
step:1115/1680 train_time:371612ms step_avg:333.28ms
step:1116/1680 train_time:371943ms step_avg:333.28ms
step:1117/1680 train_time:372282ms step_avg:333.29ms
step:1118/1680 train_time:372617ms step_avg:333.29ms
step:1119/1680 train_time:372948ms step_avg:333.29ms
step:1120/1680 train_time:373278ms step_avg:333.28ms
step:1121/1680 train_time:373617ms step_avg:333.29ms
step:1122/1680 train_time:373947ms step_avg:333.29ms
step:1123/1680 train_time:374281ms step_avg:333.29ms
step:1124/1680 train_time:374611ms step_avg:333.28ms
step:1125/1680 train_time:374943ms step_avg:333.28ms
step:1125/1680 val_loss:3.4168 train_time:375157ms step_avg:333.47ms
step:1126/1680 train_time:375366ms step_avg:333.36ms
step:1127/1680 train_time:375676ms step_avg:333.34ms
step:1128/1680 train_time:376009ms step_avg:333.34ms
step:1129/1680 train_time:376354ms step_avg:333.35ms
step:1130/1680 train_time:376675ms step_avg:333.34ms
step:1131/1680 train_time:377009ms step_avg:333.34ms
step:1132/1680 train_time:377340ms step_avg:333.34ms
step:1133/1680 train_time:377671ms step_avg:333.34ms
step:1134/1680 train_time:378000ms step_avg:333.33ms
step:1135/1680 train_time:378330ms step_avg:333.33ms
step:1136/1680 train_time:378668ms step_avg:333.33ms
step:1137/1680 train_time:379000ms step_avg:333.33ms
step:1138/1680 train_time:379331ms step_avg:333.33ms
step:1139/1680 train_time:379660ms step_avg:333.33ms
step:1140/1680 train_time:379991ms step_avg:333.33ms
step:1141/1680 train_time:380329ms step_avg:333.33ms
step:1142/1680 train_time:380661ms step_avg:333.33ms
step:1143/1680 train_time:380990ms step_avg:333.32ms
step:1144/1680 train_time:381319ms step_avg:333.32ms
step:1145/1680 train_time:381656ms step_avg:333.32ms
step:1146/1680 train_time:381989ms step_avg:333.32ms
step:1147/1680 train_time:382317ms step_avg:333.32ms
step:1148/1680 train_time:382657ms step_avg:333.32ms
step:1149/1680 train_time:382993ms step_avg:333.33ms
step:1150/1680 train_time:383324ms step_avg:333.33ms
step:1151/1680 train_time:383659ms step_avg:333.33ms
step:1152/1680 train_time:383991ms step_avg:333.33ms
step:1153/1680 train_time:384317ms step_avg:333.32ms
step:1154/1680 train_time:384649ms step_avg:333.32ms
step:1155/1680 train_time:384982ms step_avg:333.32ms
step:1156/1680 train_time:385311ms step_avg:333.31ms
step:1157/1680 train_time:385644ms step_avg:333.31ms
step:1158/1680 train_time:385974ms step_avg:333.31ms
step:1159/1680 train_time:386304ms step_avg:333.31ms
step:1160/1680 train_time:386639ms step_avg:333.31ms
step:1161/1680 train_time:386971ms step_avg:333.31ms
step:1162/1680 train_time:387307ms step_avg:333.31ms
step:1163/1680 train_time:387637ms step_avg:333.31ms
step:1164/1680 train_time:387971ms step_avg:333.31ms
step:1165/1680 train_time:388306ms step_avg:333.31ms
step:1166/1680 train_time:388639ms step_avg:333.31ms
step:1167/1680 train_time:388972ms step_avg:333.31ms
step:1168/1680 train_time:389300ms step_avg:333.30ms
step:1169/1680 train_time:389634ms step_avg:333.31ms
step:1170/1680 train_time:389962ms step_avg:333.30ms
step:1171/1680 train_time:390308ms step_avg:333.31ms
step:1172/1680 train_time:390627ms step_avg:333.30ms
step:1173/1680 train_time:390956ms step_avg:333.30ms
step:1174/1680 train_time:391285ms step_avg:333.29ms
step:1175/1680 train_time:391621ms step_avg:333.29ms
step:1176/1680 train_time:391953ms step_avg:333.29ms
step:1177/1680 train_time:392287ms step_avg:333.29ms
step:1178/1680 train_time:392623ms step_avg:333.30ms
step:1179/1680 train_time:392956ms step_avg:333.30ms
step:1180/1680 train_time:393291ms step_avg:333.30ms
step:1181/1680 train_time:393621ms step_avg:333.29ms
step:1182/1680 train_time:393949ms step_avg:333.29ms
step:1183/1680 train_time:394282ms step_avg:333.29ms
step:1184/1680 train_time:394612ms step_avg:333.29ms
step:1185/1680 train_time:394946ms step_avg:333.29ms
step:1186/1680 train_time:395278ms step_avg:333.29ms
step:1187/1680 train_time:395608ms step_avg:333.28ms
step:1188/1680 train_time:395941ms step_avg:333.28ms
step:1189/1680 train_time:396274ms step_avg:333.28ms
step:1190/1680 train_time:396601ms step_avg:333.28ms
step:1191/1680 train_time:396940ms step_avg:333.28ms
step:1192/1680 train_time:397271ms step_avg:333.28ms
step:1193/1680 train_time:397606ms step_avg:333.28ms
step:1194/1680 train_time:397941ms step_avg:333.28ms
step:1195/1680 train_time:398271ms step_avg:333.28ms
step:1196/1680 train_time:398602ms step_avg:333.28ms
step:1197/1680 train_time:398932ms step_avg:333.28ms
step:1198/1680 train_time:399265ms step_avg:333.28ms
step:1199/1680 train_time:399599ms step_avg:333.28ms
step:1200/1680 train_time:399929ms step_avg:333.27ms
step:1201/1680 train_time:400266ms step_avg:333.28ms
step:1202/1680 train_time:400601ms step_avg:333.28ms
step:1203/1680 train_time:400930ms step_avg:333.27ms
step:1204/1680 train_time:401264ms step_avg:333.28ms
step:1205/1680 train_time:401592ms step_avg:333.27ms
step:1206/1680 train_time:401928ms step_avg:333.27ms
step:1207/1680 train_time:402254ms step_avg:333.27ms
step:1208/1680 train_time:402591ms step_avg:333.27ms
step:1209/1680 train_time:402921ms step_avg:333.27ms
step:1210/1680 train_time:403254ms step_avg:333.27ms
step:1211/1680 train_time:403583ms step_avg:333.26ms
step:1212/1680 train_time:403916ms step_avg:333.26ms
step:1213/1680 train_time:404254ms step_avg:333.27ms
step:1214/1680 train_time:404596ms step_avg:333.28ms
step:1215/1680 train_time:404912ms step_avg:333.26ms
step:1216/1680 train_time:405242ms step_avg:333.26ms
step:1217/1680 train_time:405573ms step_avg:333.26ms
step:1218/1680 train_time:405904ms step_avg:333.25ms
step:1219/1680 train_time:406223ms step_avg:333.24ms
step:1220/1680 train_time:406571ms step_avg:333.25ms
step:1221/1680 train_time:406902ms step_avg:333.25ms
step:1222/1680 train_time:407234ms step_avg:333.25ms
step:1223/1680 train_time:407569ms step_avg:333.25ms
step:1224/1680 train_time:407890ms step_avg:333.24ms
step:1225/1680 train_time:408223ms step_avg:333.24ms
step:1226/1680 train_time:408556ms step_avg:333.24ms
step:1227/1680 train_time:408892ms step_avg:333.25ms
step:1228/1680 train_time:409223ms step_avg:333.24ms
step:1229/1680 train_time:409549ms step_avg:333.24ms
step:1230/1680 train_time:409880ms step_avg:333.24ms
step:1231/1680 train_time:410207ms step_avg:333.23ms
step:1232/1680 train_time:410541ms step_avg:333.23ms
step:1233/1680 train_time:410872ms step_avg:333.23ms
step:1234/1680 train_time:411206ms step_avg:333.23ms
step:1235/1680 train_time:411535ms step_avg:333.23ms
step:1236/1680 train_time:411878ms step_avg:333.23ms
step:1237/1680 train_time:412199ms step_avg:333.22ms
step:1238/1680 train_time:412539ms step_avg:333.23ms
step:1239/1680 train_time:412866ms step_avg:333.23ms
step:1240/1680 train_time:413197ms step_avg:333.22ms
step:1241/1680 train_time:413533ms step_avg:333.23ms
step:1242/1680 train_time:413868ms step_avg:333.23ms
step:1243/1680 train_time:414198ms step_avg:333.22ms
step:1244/1680 train_time:414533ms step_avg:333.23ms
step:1245/1680 train_time:414868ms step_avg:333.23ms
step:1246/1680 train_time:415210ms step_avg:333.23ms
step:1247/1680 train_time:415530ms step_avg:333.22ms
step:1248/1680 train_time:415860ms step_avg:333.22ms
step:1249/1680 train_time:416194ms step_avg:333.22ms
step:1250/1680 train_time:416525ms step_avg:333.22ms
step:1250/1680 val_loss:3.3766 train_time:416740ms step_avg:333.39ms
step:1251/1680 train_time:416963ms step_avg:333.30ms
step:1252/1680 train_time:417274ms step_avg:333.29ms
step:1253/1680 train_time:417612ms step_avg:333.29ms
step:1254/1680 train_time:417944ms step_avg:333.29ms
step:1255/1680 train_time:418272ms step_avg:333.28ms
step:1256/1680 train_time:418602ms step_avg:333.28ms
step:1257/1680 train_time:418941ms step_avg:333.29ms
step:1258/1680 train_time:419272ms step_avg:333.28ms
step:1259/1680 train_time:419607ms step_avg:333.29ms
step:1260/1680 train_time:419943ms step_avg:333.29ms
step:1261/1680 train_time:420281ms step_avg:333.29ms
step:1262/1680 train_time:420609ms step_avg:333.29ms
step:1263/1680 train_time:420941ms step_avg:333.29ms
step:1264/1680 train_time:421269ms step_avg:333.28ms
step:1265/1680 train_time:421598ms step_avg:333.28ms
step:1266/1680 train_time:421947ms step_avg:333.29ms
step:1267/1680 train_time:422280ms step_avg:333.29ms
step:1268/1680 train_time:422606ms step_avg:333.29ms
step:1269/1680 train_time:422935ms step_avg:333.28ms
step:1270/1680 train_time:423267ms step_avg:333.28ms
step:1271/1680 train_time:423601ms step_avg:333.28ms
step:1272/1680 train_time:423931ms step_avg:333.28ms
step:1273/1680 train_time:424264ms step_avg:333.28ms
step:1274/1680 train_time:424595ms step_avg:333.28ms
step:1275/1680 train_time:424925ms step_avg:333.27ms
step:1276/1680 train_time:425255ms step_avg:333.27ms
step:1277/1680 train_time:425587ms step_avg:333.27ms
step:1278/1680 train_time:425918ms step_avg:333.27ms
step:1279/1680 train_time:426248ms step_avg:333.27ms
step:1280/1680 train_time:426583ms step_avg:333.27ms
step:1281/1680 train_time:426912ms step_avg:333.26ms
step:1282/1680 train_time:427246ms step_avg:333.27ms
step:1283/1680 train_time:427574ms step_avg:333.26ms
step:1284/1680 train_time:427914ms step_avg:333.27ms
step:1285/1680 train_time:428247ms step_avg:333.27ms
step:1286/1680 train_time:428577ms step_avg:333.26ms
step:1287/1680 train_time:428910ms step_avg:333.26ms
step:1288/1680 train_time:429245ms step_avg:333.27ms
step:1289/1680 train_time:429577ms step_avg:333.26ms
step:1290/1680 train_time:429907ms step_avg:333.26ms
step:1291/1680 train_time:430237ms step_avg:333.26ms
step:1292/1680 train_time:430571ms step_avg:333.26ms
step:1293/1680 train_time:430900ms step_avg:333.26ms
step:1294/1680 train_time:431232ms step_avg:333.25ms
step:1295/1680 train_time:431573ms step_avg:333.26ms
step:1296/1680 train_time:431899ms step_avg:333.26ms
step:1297/1680 train_time:432233ms step_avg:333.26ms
step:1298/1680 train_time:432563ms step_avg:333.25ms
step:1299/1680 train_time:432899ms step_avg:333.26ms
step:1300/1680 train_time:433230ms step_avg:333.25ms
step:1301/1680 train_time:433561ms step_avg:333.25ms
step:1302/1680 train_time:433892ms step_avg:333.25ms
step:1303/1680 train_time:434229ms step_avg:333.25ms
step:1304/1680 train_time:434563ms step_avg:333.25ms
step:1305/1680 train_time:434894ms step_avg:333.25ms
step:1306/1680 train_time:435222ms step_avg:333.25ms
step:1307/1680 train_time:435556ms step_avg:333.25ms
step:1308/1680 train_time:435890ms step_avg:333.25ms
step:1309/1680 train_time:436241ms step_avg:333.26ms
step:1310/1680 train_time:436557ms step_avg:333.25ms
step:1311/1680 train_time:436901ms step_avg:333.26ms
step:1312/1680 train_time:437220ms step_avg:333.25ms
step:1313/1680 train_time:437553ms step_avg:333.25ms
step:1314/1680 train_time:437888ms step_avg:333.25ms
step:1315/1680 train_time:438218ms step_avg:333.25ms
step:1316/1680 train_time:438564ms step_avg:333.26ms
step:1317/1680 train_time:438899ms step_avg:333.26ms
step:1318/1680 train_time:439211ms step_avg:333.24ms
step:1319/1680 train_time:439544ms step_avg:333.24ms
step:1320/1680 train_time:439877ms step_avg:333.24ms
step:1321/1680 train_time:440226ms step_avg:333.25ms
step:1322/1680 train_time:440543ms step_avg:333.24ms
step:1323/1680 train_time:440874ms step_avg:333.24ms
step:1324/1680 train_time:441209ms step_avg:333.24ms
step:1325/1680 train_time:441538ms step_avg:333.24ms
step:1326/1680 train_time:441889ms step_avg:333.25ms
step:1327/1680 train_time:442206ms step_avg:333.24ms
step:1328/1680 train_time:442538ms step_avg:333.24ms
step:1329/1680 train_time:442865ms step_avg:333.23ms
step:1330/1680 train_time:443192ms step_avg:333.23ms
step:1331/1680 train_time:443527ms step_avg:333.23ms
step:1332/1680 train_time:443858ms step_avg:333.23ms
step:1333/1680 train_time:444208ms step_avg:333.24ms
step:1334/1680 train_time:444522ms step_avg:333.22ms
step:1335/1680 train_time:444854ms step_avg:333.22ms
step:1336/1680 train_time:445187ms step_avg:333.22ms
step:1337/1680 train_time:445519ms step_avg:333.22ms
step:1338/1680 train_time:445852ms step_avg:333.22ms
step:1339/1680 train_time:446188ms step_avg:333.23ms
step:1340/1680 train_time:446520ms step_avg:333.22ms
step:1341/1680 train_time:446858ms step_avg:333.23ms
step:1342/1680 train_time:447192ms step_avg:333.23ms
step:1343/1680 train_time:447522ms step_avg:333.23ms
step:1344/1680 train_time:447859ms step_avg:333.23ms
step:1345/1680 train_time:448188ms step_avg:333.23ms
step:1346/1680 train_time:448519ms step_avg:333.22ms
step:1347/1680 train_time:448850ms step_avg:333.22ms
step:1348/1680 train_time:449182ms step_avg:333.22ms
step:1349/1680 train_time:449514ms step_avg:333.22ms
step:1350/1680 train_time:449845ms step_avg:333.22ms
step:1351/1680 train_time:450177ms step_avg:333.22ms
step:1352/1680 train_time:450508ms step_avg:333.22ms
step:1353/1680 train_time:450848ms step_avg:333.22ms
step:1354/1680 train_time:451179ms step_avg:333.22ms
step:1355/1680 train_time:451504ms step_avg:333.21ms
step:1356/1680 train_time:451839ms step_avg:333.21ms
step:1357/1680 train_time:452178ms step_avg:333.22ms
step:1358/1680 train_time:452509ms step_avg:333.22ms
step:1359/1680 train_time:452841ms step_avg:333.22ms
step:1360/1680 train_time:453174ms step_avg:333.22ms
step:1361/1680 train_time:453509ms step_avg:333.22ms
step:1362/1680 train_time:453838ms step_avg:333.21ms
step:1363/1680 train_time:454173ms step_avg:333.22ms
step:1364/1680 train_time:454496ms step_avg:333.21ms
step:1365/1680 train_time:454833ms step_avg:333.21ms
step:1366/1680 train_time:455168ms step_avg:333.21ms
step:1367/1680 train_time:455500ms step_avg:333.21ms
step:1368/1680 train_time:455830ms step_avg:333.21ms
step:1369/1680 train_time:456163ms step_avg:333.21ms
step:1370/1680 train_time:456495ms step_avg:333.21ms
step:1371/1680 train_time:456827ms step_avg:333.21ms
step:1372/1680 train_time:457160ms step_avg:333.21ms
step:1373/1680 train_time:457494ms step_avg:333.21ms
step:1374/1680 train_time:457825ms step_avg:333.21ms
step:1375/1680 train_time:458154ms step_avg:333.20ms
step:1375/1680 val_loss:3.3412 train_time:458376ms step_avg:333.36ms
step:1376/1680 train_time:458603ms step_avg:333.29ms
step:1377/1680 train_time:458909ms step_avg:333.27ms
step:1378/1680 train_time:459242ms step_avg:333.27ms
step:1379/1680 train_time:459572ms step_avg:333.27ms
step:1380/1680 train_time:459909ms step_avg:333.27ms
step:1381/1680 train_time:460248ms step_avg:333.27ms
step:1382/1680 train_time:460573ms step_avg:333.27ms
step:1383/1680 train_time:460908ms step_avg:333.27ms
step:1384/1680 train_time:461240ms step_avg:333.27ms
step:1385/1680 train_time:461573ms step_avg:333.27ms
step:1386/1680 train_time:461908ms step_avg:333.27ms
step:1387/1680 train_time:462234ms step_avg:333.26ms
step:1388/1680 train_time:462569ms step_avg:333.26ms
step:1389/1680 train_time:462900ms step_avg:333.26ms
step:1390/1680 train_time:463237ms step_avg:333.26ms
step:1391/1680 train_time:463563ms step_avg:333.26ms
step:1392/1680 train_time:463894ms step_avg:333.26ms
step:1393/1680 train_time:464223ms step_avg:333.25ms
step:1394/1680 train_time:464554ms step_avg:333.25ms
step:1395/1680 train_time:464888ms step_avg:333.25ms
step:1396/1680 train_time:465214ms step_avg:333.25ms
step:1397/1680 train_time:465548ms step_avg:333.25ms
step:1398/1680 train_time:465882ms step_avg:333.25ms
step:1399/1680 train_time:466208ms step_avg:333.24ms
step:1400/1680 train_time:466537ms step_avg:333.24ms
step:1401/1680 train_time:466875ms step_avg:333.24ms
step:1402/1680 train_time:467210ms step_avg:333.25ms
step:1403/1680 train_time:467540ms step_avg:333.24ms
step:1404/1680 train_time:467885ms step_avg:333.25ms
step:1405/1680 train_time:468213ms step_avg:333.25ms
step:1406/1680 train_time:468537ms step_avg:333.24ms
step:1407/1680 train_time:468869ms step_avg:333.24ms
step:1408/1680 train_time:469203ms step_avg:333.24ms
step:1409/1680 train_time:469535ms step_avg:333.24ms
step:1410/1680 train_time:469868ms step_avg:333.24ms
step:1411/1680 train_time:470202ms step_avg:333.24ms
step:1412/1680 train_time:470536ms step_avg:333.24ms
step:1413/1680 train_time:470866ms step_avg:333.24ms
step:1414/1680 train_time:471200ms step_avg:333.24ms
step:1415/1680 train_time:471530ms step_avg:333.24ms
step:1416/1680 train_time:471864ms step_avg:333.24ms
step:1417/1680 train_time:472195ms step_avg:333.24ms
step:1418/1680 train_time:472524ms step_avg:333.23ms
step:1419/1680 train_time:472855ms step_avg:333.23ms
step:1420/1680 train_time:473188ms step_avg:333.23ms
step:1421/1680 train_time:473519ms step_avg:333.23ms
step:1422/1680 train_time:473849ms step_avg:333.23ms
step:1423/1680 train_time:474187ms step_avg:333.23ms
step:1424/1680 train_time:474523ms step_avg:333.23ms
step:1425/1680 train_time:474856ms step_avg:333.23ms
step:1426/1680 train_time:475192ms step_avg:333.23ms
step:1427/1680 train_time:475522ms step_avg:333.23ms
step:1428/1680 train_time:475859ms step_avg:333.23ms
step:1429/1680 train_time:476193ms step_avg:333.24ms
step:1430/1680 train_time:476526ms step_avg:333.24ms
step:1431/1680 train_time:476862ms step_avg:333.24ms
step:1432/1680 train_time:477197ms step_avg:333.24ms
step:1433/1680 train_time:477526ms step_avg:333.24ms
step:1434/1680 train_time:477860ms step_avg:333.24ms
step:1435/1680 train_time:478192ms step_avg:333.24ms
step:1436/1680 train_time:478525ms step_avg:333.23ms
step:1437/1680 train_time:478855ms step_avg:333.23ms
step:1438/1680 train_time:479189ms step_avg:333.23ms
step:1439/1680 train_time:479522ms step_avg:333.23ms
step:1440/1680 train_time:479855ms step_avg:333.23ms
step:1441/1680 train_time:480185ms step_avg:333.23ms
step:1442/1680 train_time:480516ms step_avg:333.23ms
step:1443/1680 train_time:480847ms step_avg:333.23ms
step:1444/1680 train_time:481183ms step_avg:333.23ms
step:1445/1680 train_time:481515ms step_avg:333.23ms
step:1446/1680 train_time:481851ms step_avg:333.23ms
step:1447/1680 train_time:482184ms step_avg:333.23ms
step:1448/1680 train_time:482514ms step_avg:333.23ms
step:1449/1680 train_time:482845ms step_avg:333.23ms
step:1450/1680 train_time:483175ms step_avg:333.22ms
step:1451/1680 train_time:483508ms step_avg:333.22ms
step:1452/1680 train_time:483841ms step_avg:333.22ms
step:1453/1680 train_time:484175ms step_avg:333.22ms
step:1454/1680 train_time:484507ms step_avg:333.22ms
step:1455/1680 train_time:484838ms step_avg:333.22ms
step:1456/1680 train_time:485170ms step_avg:333.22ms
step:1457/1680 train_time:485505ms step_avg:333.22ms
step:1458/1680 train_time:485834ms step_avg:333.22ms
step:1459/1680 train_time:486168ms step_avg:333.22ms
step:1460/1680 train_time:486503ms step_avg:333.22ms
step:1461/1680 train_time:486855ms step_avg:333.23ms
step:1462/1680 train_time:487164ms step_avg:333.22ms
step:1463/1680 train_time:487507ms step_avg:333.22ms
step:1464/1680 train_time:487831ms step_avg:333.22ms
step:1465/1680 train_time:488163ms step_avg:333.22ms
step:1466/1680 train_time:488497ms step_avg:333.22ms
step:1467/1680 train_time:488832ms step_avg:333.22ms
step:1468/1680 train_time:489168ms step_avg:333.22ms
step:1469/1680 train_time:489506ms step_avg:333.22ms
step:1470/1680 train_time:489846ms step_avg:333.23ms
step:1471/1680 train_time:490175ms step_avg:333.23ms
step:1472/1680 train_time:490513ms step_avg:333.23ms
step:1473/1680 train_time:490841ms step_avg:333.23ms
step:1474/1680 train_time:491174ms step_avg:333.23ms
step:1475/1680 train_time:491509ms step_avg:333.23ms
step:1476/1680 train_time:491846ms step_avg:333.23ms
step:1477/1680 train_time:492180ms step_avg:333.23ms
step:1478/1680 train_time:492514ms step_avg:333.23ms
step:1479/1680 train_time:492850ms step_avg:333.23ms
step:1480/1680 train_time:493181ms step_avg:333.23ms
step:1481/1680 train_time:493511ms step_avg:333.23ms
step:1482/1680 train_time:493843ms step_avg:333.23ms
step:1483/1680 train_time:494181ms step_avg:333.23ms
step:1484/1680 train_time:494511ms step_avg:333.23ms
step:1485/1680 train_time:494847ms step_avg:333.23ms
step:1486/1680 train_time:495177ms step_avg:333.23ms
step:1487/1680 train_time:495514ms step_avg:333.23ms
step:1488/1680 train_time:495848ms step_avg:333.23ms
step:1489/1680 train_time:496206ms step_avg:333.25ms
step:1490/1680 train_time:496536ms step_avg:333.25ms
step:1491/1680 train_time:496871ms step_avg:333.25ms
step:1492/1680 train_time:497186ms step_avg:333.23ms
step:1493/1680 train_time:497524ms step_avg:333.24ms
step:1494/1680 train_time:497855ms step_avg:333.24ms
step:1495/1680 train_time:498192ms step_avg:333.24ms
step:1496/1680 train_time:498526ms step_avg:333.24ms
step:1497/1680 train_time:498860ms step_avg:333.24ms
step:1498/1680 train_time:499195ms step_avg:333.24ms
step:1499/1680 train_time:499528ms step_avg:333.24ms
step:1500/1680 train_time:499859ms step_avg:333.24ms
step:1500/1680 val_loss:3.3115 train_time:500077ms step_avg:333.38ms
step:1501/1680 train_time:500291ms step_avg:333.31ms
step:1502/1680 train_time:500613ms step_avg:333.30ms
step:1503/1680 train_time:500943ms step_avg:333.30ms
step:1504/1680 train_time:501283ms step_avg:333.30ms
step:1505/1680 train_time:501619ms step_avg:333.30ms
step:1506/1680 train_time:501951ms step_avg:333.30ms
step:1507/1680 train_time:502287ms step_avg:333.30ms
step:1508/1680 train_time:502619ms step_avg:333.30ms
step:1509/1680 train_time:502958ms step_avg:333.31ms
step:1510/1680 train_time:503288ms step_avg:333.30ms
step:1511/1680 train_time:503625ms step_avg:333.31ms
step:1512/1680 train_time:503958ms step_avg:333.31ms
step:1513/1680 train_time:504288ms step_avg:333.30ms
step:1514/1680 train_time:504624ms step_avg:333.31ms
step:1515/1680 train_time:504956ms step_avg:333.30ms
step:1516/1680 train_time:505285ms step_avg:333.30ms
step:1517/1680 train_time:505619ms step_avg:333.30ms
step:1518/1680 train_time:505949ms step_avg:333.30ms
step:1519/1680 train_time:506281ms step_avg:333.30ms
step:1520/1680 train_time:506620ms step_avg:333.30ms
step:1521/1680 train_time:506956ms step_avg:333.30ms
step:1522/1680 train_time:507287ms step_avg:333.30ms
step:1523/1680 train_time:507624ms step_avg:333.31ms
step:1524/1680 train_time:507958ms step_avg:333.31ms
step:1525/1680 train_time:508298ms step_avg:333.31ms
step:1526/1680 train_time:508630ms step_avg:333.31ms
step:1527/1680 train_time:508964ms step_avg:333.31ms
step:1528/1680 train_time:509309ms step_avg:333.32ms
step:1529/1680 train_time:509634ms step_avg:333.31ms
step:1530/1680 train_time:509967ms step_avg:333.31ms
step:1531/1680 train_time:510306ms step_avg:333.32ms
step:1532/1680 train_time:510643ms step_avg:333.32ms
step:1533/1680 train_time:510970ms step_avg:333.31ms
step:1534/1680 train_time:511302ms step_avg:333.31ms
step:1535/1680 train_time:511632ms step_avg:333.31ms
step:1536/1680 train_time:511967ms step_avg:333.31ms
step:1537/1680 train_time:512301ms step_avg:333.31ms
step:1538/1680 train_time:512634ms step_avg:333.31ms
step:1539/1680 train_time:512968ms step_avg:333.31ms
step:1540/1680 train_time:513313ms step_avg:333.32ms
step:1541/1680 train_time:513640ms step_avg:333.32ms
step:1542/1680 train_time:513983ms step_avg:333.32ms
step:1543/1680 train_time:514318ms step_avg:333.32ms
step:1544/1680 train_time:514654ms step_avg:333.32ms
step:1545/1680 train_time:514983ms step_avg:333.32ms
step:1546/1680 train_time:515321ms step_avg:333.33ms
step:1547/1680 train_time:515650ms step_avg:333.32ms
step:1548/1680 train_time:515985ms step_avg:333.32ms
step:1549/1680 train_time:516324ms step_avg:333.33ms
step:1550/1680 train_time:516656ms step_avg:333.33ms
step:1551/1680 train_time:516994ms step_avg:333.33ms
step:1552/1680 train_time:517319ms step_avg:333.32ms
step:1553/1680 train_time:517650ms step_avg:333.32ms
step:1554/1680 train_time:517984ms step_avg:333.32ms
step:1555/1680 train_time:518320ms step_avg:333.32ms
step:1556/1680 train_time:518654ms step_avg:333.33ms
step:1557/1680 train_time:518989ms step_avg:333.33ms
step:1558/1680 train_time:519326ms step_avg:333.33ms
step:1559/1680 train_time:519659ms step_avg:333.33ms
step:1560/1680 train_time:519992ms step_avg:333.33ms
step:1561/1680 train_time:520321ms step_avg:333.33ms
step:1562/1680 train_time:520658ms step_avg:333.33ms
step:1563/1680 train_time:520992ms step_avg:333.33ms
step:1564/1680 train_time:521326ms step_avg:333.33ms
step:1565/1680 train_time:521660ms step_avg:333.33ms
step:1566/1680 train_time:521996ms step_avg:333.33ms
step:1567/1680 train_time:522328ms step_avg:333.33ms
step:1568/1680 train_time:522661ms step_avg:333.33ms
step:1569/1680 train_time:522998ms step_avg:333.33ms
step:1570/1680 train_time:523337ms step_avg:333.34ms
step:1571/1680 train_time:523670ms step_avg:333.34ms
step:1572/1680 train_time:524007ms step_avg:333.34ms
step:1573/1680 train_time:524336ms step_avg:333.33ms
step:1574/1680 train_time:524676ms step_avg:333.34ms
step:1575/1680 train_time:525005ms step_avg:333.34ms
step:1576/1680 train_time:525346ms step_avg:333.34ms
step:1577/1680 train_time:525677ms step_avg:333.34ms
step:1578/1680 train_time:526013ms step_avg:333.34ms
step:1579/1680 train_time:526347ms step_avg:333.34ms
step:1580/1680 train_time:526680ms step_avg:333.34ms
step:1581/1680 train_time:527016ms step_avg:333.34ms
step:1582/1680 train_time:527350ms step_avg:333.34ms
step:1583/1680 train_time:527681ms step_avg:333.34ms
step:1584/1680 train_time:528015ms step_avg:333.34ms
step:1585/1680 train_time:528354ms step_avg:333.35ms
step:1586/1680 train_time:528690ms step_avg:333.35ms
step:1587/1680 train_time:529023ms step_avg:333.35ms
step:1588/1680 train_time:529358ms step_avg:333.35ms
step:1589/1680 train_time:529689ms step_avg:333.35ms
step:1590/1680 train_time:530025ms step_avg:333.35ms
step:1591/1680 train_time:530359ms step_avg:333.35ms
step:1592/1680 train_time:530692ms step_avg:333.35ms
step:1593/1680 train_time:531022ms step_avg:333.35ms
step:1594/1680 train_time:531362ms step_avg:333.35ms
step:1595/1680 train_time:531696ms step_avg:333.35ms
step:1596/1680 train_time:532026ms step_avg:333.35ms
step:1597/1680 train_time:532364ms step_avg:333.35ms
step:1598/1680 train_time:532694ms step_avg:333.35ms
step:1599/1680 train_time:533029ms step_avg:333.35ms
step:1600/1680 train_time:533365ms step_avg:333.35ms
step:1601/1680 train_time:533697ms step_avg:333.35ms
step:1602/1680 train_time:534029ms step_avg:333.35ms
step:1603/1680 train_time:534361ms step_avg:333.35ms
step:1604/1680 train_time:534701ms step_avg:333.35ms
step:1605/1680 train_time:535038ms step_avg:333.36ms
step:1606/1680 train_time:535371ms step_avg:333.36ms
step:1607/1680 train_time:535707ms step_avg:333.36ms
step:1608/1680 train_time:536040ms step_avg:333.36ms
step:1609/1680 train_time:536373ms step_avg:333.36ms
step:1610/1680 train_time:536710ms step_avg:333.36ms
step:1611/1680 train_time:537050ms step_avg:333.36ms
step:1612/1680 train_time:537379ms step_avg:333.36ms
step:1613/1680 train_time:537717ms step_avg:333.36ms
step:1614/1680 train_time:538050ms step_avg:333.36ms
step:1615/1680 train_time:538385ms step_avg:333.37ms
step:1616/1680 train_time:538721ms step_avg:333.37ms
step:1617/1680 train_time:539049ms step_avg:333.36ms
step:1618/1680 train_time:539384ms step_avg:333.36ms
step:1619/1680 train_time:539718ms step_avg:333.36ms
step:1620/1680 train_time:540055ms step_avg:333.37ms
step:1621/1680 train_time:540391ms step_avg:333.37ms
step:1622/1680 train_time:540724ms step_avg:333.37ms
step:1623/1680 train_time:541058ms step_avg:333.37ms
step:1624/1680 train_time:541389ms step_avg:333.37ms
step:1625/1680 train_time:541729ms step_avg:333.37ms
step:1625/1680 val_loss:3.2881 train_time:541947ms step_avg:333.51ms
step:1626/1680 train_time:542147ms step_avg:333.42ms
step:1627/1680 train_time:542484ms step_avg:333.43ms
step:1628/1680 train_time:542822ms step_avg:333.43ms
step:1629/1680 train_time:543151ms step_avg:333.43ms
step:1630/1680 train_time:543488ms step_avg:333.43ms
step:1631/1680 train_time:543820ms step_avg:333.43ms
step:1632/1680 train_time:544152ms step_avg:333.43ms
step:1633/1680 train_time:544485ms step_avg:333.43ms
step:1634/1680 train_time:544814ms step_avg:333.42ms
step:1635/1680 train_time:545143ms step_avg:333.42ms
step:1636/1680 train_time:545476ms step_avg:333.42ms
step:1637/1680 train_time:545815ms step_avg:333.42ms
step:1638/1680 train_time:546151ms step_avg:333.43ms
step:1639/1680 train_time:546490ms step_avg:333.43ms
step:1640/1680 train_time:546827ms step_avg:333.43ms
step:1641/1680 train_time:547157ms step_avg:333.43ms
step:1642/1680 train_time:547496ms step_avg:333.43ms
step:1643/1680 train_time:547828ms step_avg:333.43ms
step:1644/1680 train_time:548164ms step_avg:333.43ms
step:1645/1680 train_time:548500ms step_avg:333.43ms
step:1646/1680 train_time:548825ms step_avg:333.43ms
step:1647/1680 train_time:549161ms step_avg:333.43ms
step:1648/1680 train_time:549491ms step_avg:333.43ms
step:1649/1680 train_time:549822ms step_avg:333.43ms
step:1650/1680 train_time:550153ms step_avg:333.43ms
step:1651/1680 train_time:550490ms step_avg:333.43ms
step:1652/1680 train_time:550822ms step_avg:333.43ms
step:1653/1680 train_time:551160ms step_avg:333.43ms
step:1654/1680 train_time:551493ms step_avg:333.43ms
step:1655/1680 train_time:551831ms step_avg:333.43ms
step:1656/1680 train_time:552166ms step_avg:333.43ms
step:1657/1680 train_time:552501ms step_avg:333.43ms
step:1658/1680 train_time:552836ms step_avg:333.44ms
step:1659/1680 train_time:553166ms step_avg:333.43ms
step:1660/1680 train_time:553500ms step_avg:333.43ms
step:1661/1680 train_time:553830ms step_avg:333.43ms
step:1662/1680 train_time:554175ms step_avg:333.44ms
step:1663/1680 train_time:554500ms step_avg:333.43ms
step:1664/1680 train_time:554836ms step_avg:333.44ms
step:1665/1680 train_time:555176ms step_avg:333.44ms
step:1666/1680 train_time:555526ms step_avg:333.45ms
step:1667/1680 train_time:555857ms step_avg:333.45ms
step:1668/1680 train_time:556195ms step_avg:333.45ms
step:1669/1680 train_time:556531ms step_avg:333.45ms
step:1670/1680 train_time:556864ms step_avg:333.45ms
step:1671/1680 train_time:557196ms step_avg:333.45ms
step:1672/1680 train_time:557530ms step_avg:333.45ms
step:1673/1680 train_time:557847ms step_avg:333.44ms
step:1674/1680 train_time:558183ms step_avg:333.44ms
step:1675/1680 train_time:558516ms step_avg:333.44ms
step:1676/1680 train_time:558863ms step_avg:333.45ms
step:1677/1680 train_time:559196ms step_avg:333.45ms
step:1678/1680 train_time:559536ms step_avg:333.45ms
step:1679/1680 train_time:559874ms step_avg:333.46ms
step:1680/1680 train_time:560201ms step_avg:333.45ms
step:1680/1680 val_loss:3.2775 train_time:560410ms step_avg:333.58ms
peak memory allocated: 41905 MiB reserved: 56164 MiB
total training time: 560.41s (560410ms)
Final val_loss: 3.2775
=== Done (exit=0, status=COMPLETED) ===
