=== Environment ===
PYTHON=/root/miniconda3/envs/llm_test/bin/python
Python 3.10.19
SEED=0
NPROC=16
DATA_PATH=/models/modded-nanogpt_record50_cautious_wd
Wed May 27 07:04:58 UTC 2026
=== Starting Training ===
W0527 15:05:10.333000 272 site-packages/torch/distributed/run.py:766] 
W0527 15:05:10.333000 272 site-packages/torch/distributed/run.py:766] *****************************************
W0527 15:05:10.333000 272 site-packages/torch/distributed/run.py:766] Setting OMP_NUM_THREADS environment variable for each process to be 1 in default, to avoid your system being overloaded, please further tune the variable for optimal performance in your application as needed. 
W0527 15:05:10.333000 272 site-packages/torch/distributed/run.py:766] *****************************************
/root/miniconda3/envs/llm_test/lib/python3.10/site-packages/torch/autograd/__init__.py:221: UserWarning: Cannot create tensor with interal format while allow_internel_format=False, tensor will be created with base format. (Triggered internally at build/CMakeFiles/torch_npu.dir/compiler_depend.ts:338.)
  torch.ones_like(out, memory_format=torch.preserve_format)
/root/miniconda3/envs/llm_test/lib/python3.10/site-packages/torch/autograd/__init__.py:221: UserWarning: Cannot create tensor with interal format while allow_internel_format=False, tensor will be created with base format. (Triggered internally at build/CMakeFiles/torch_npu.dir/compiler_depend.ts:338.)
  torch.ones_like(out, memory_format=torch.preserve_format)
/root/miniconda3/envs/llm_test/lib/python3.10/site-packages/torch/distributed/distributed_c10d.py:4631: UserWarning: No device id is provided via `init_process_group` or `barrier `. Using the current device set by the user. 
  warnings.warn(  # warn only once
/root/miniconda3/envs/llm_test/lib/python3.10/site-packages/torch/distributed/distributed_c10d.py:4631: UserWarning: No device id is provided via `init_process_group` or `barrier `. Using the current device set by the user. 
  warnings.warn(  # warn only once
/root/miniconda3/envs/llm_test/lib/python3.10/site-packages/torch/autograd/__init__.py:221: UserWarning: Cannot create tensor with interal format while allow_internel_format=False, tensor will be created with base format. (Triggered internally at build/CMakeFiles/torch_npu.dir/compiler_depend.ts:338.)
  torch.ones_like(out, memory_format=torch.preserve_format)
/root/miniconda3/envs/llm_test/lib/python3.10/site-packages/torch/autograd/__init__.py:221: UserWarning: Cannot create tensor with interal format while allow_internel_format=False, tensor will be created with base format. (Triggered internally at build/CMakeFiles/torch_npu.dir/compiler_depend.ts:338.)
  torch.ones_like(out, memory_format=torch.preserve_format)
/root/miniconda3/envs/llm_test/lib/python3.10/site-packages/torch/autograd/__init__.py:221: UserWarning: Cannot create tensor with interal format while allow_internel_format=False, tensor will be created with base format. (Triggered internally at build/CMakeFiles/torch_npu.dir/compiler_depend.ts:338.)
  torch.ones_like(out, memory_format=torch.preserve_format)
/root/miniconda3/envs/llm_test/lib/python3.10/site-packages/torch/distributed/distributed_c10d.py:4631: UserWarning: No device id is provided via `init_process_group` or `barrier `. Using the current device set by the user. 
  warnings.warn(  # warn only once
/root/miniconda3/envs/llm_test/lib/python3.10/site-packages/torch/distributed/distributed_c10d.py:4631: UserWarning: No device id is provided via `init_process_group` or `barrier `. Using the current device set by the user. 
  warnings.warn(  # warn only once
/root/miniconda3/envs/llm_test/lib/python3.10/site-packages/torch/distributed/distributed_c10d.py:4631: UserWarning: No device id is provided via `init_process_group` or `barrier `. Using the current device set by the user. 
  warnings.warn(  # warn only once
/root/miniconda3/envs/llm_test/lib/python3.10/site-packages/torch/autograd/__init__.py:221: UserWarning: Cannot create tensor with interal format while allow_internel_format=False, tensor will be created with base format. (Triggered internally at build/CMakeFiles/torch_npu.dir/compiler_depend.ts:338.)
  torch.ones_like(out, memory_format=torch.preserve_format)
/root/miniconda3/envs/llm_test/lib/python3.10/site-packages/torch/autograd/__init__.py:221: UserWarning: Cannot create tensor with interal format while allow_internel_format=False, tensor will be created with base format. (Triggered internally at build/CMakeFiles/torch_npu.dir/compiler_depend.ts:338.)
  torch.ones_like(out, memory_format=torch.preserve_format)
/root/miniconda3/envs/llm_test/lib/python3.10/site-packages/torch/autograd/__init__.py:221: UserWarning: Cannot create tensor with interal format while allow_internel_format=False, tensor will be created with base format. (Triggered internally at build/CMakeFiles/torch_npu.dir/compiler_depend.ts:338.)
  torch.ones_like(out, memory_format=torch.preserve_format)
/root/miniconda3/envs/llm_test/lib/python3.10/site-packages/torch/autograd/__init__.py:221: UserWarning: Cannot create tensor with interal format while allow_internel_format=False, tensor will be created with base format. (Triggered internally at build/CMakeFiles/torch_npu.dir/compiler_depend.ts:338.)
  torch.ones_like(out, memory_format=torch.preserve_format)
/root/miniconda3/envs/llm_test/lib/python3.10/site-packages/torch/autograd/__init__.py:221: UserWarning: Cannot create tensor with interal format while allow_internel_format=False, tensor will be created with base format. (Triggered internally at build/CMakeFiles/torch_npu.dir/compiler_depend.ts:338.)
  torch.ones_like(out, memory_format=torch.preserve_format)
/root/miniconda3/envs/llm_test/lib/python3.10/site-packages/torch/autograd/__init__.py:221: UserWarning: Cannot create tensor with interal format while allow_internel_format=False, tensor will be created with base format. (Triggered internally at build/CMakeFiles/torch_npu.dir/compiler_depend.ts:338.)
  torch.ones_like(out, memory_format=torch.preserve_format)
/root/miniconda3/envs/llm_test/lib/python3.10/site-packages/torch/autograd/__init__.py:221: UserWarning: Cannot create tensor with interal format while allow_internel_format=False, tensor will be created with base format. (Triggered internally at build/CMakeFiles/torch_npu.dir/compiler_depend.ts:338.)
  torch.ones_like(out, memory_format=torch.preserve_format)
/root/miniconda3/envs/llm_test/lib/python3.10/site-packages/torch/autograd/__init__.py:221: UserWarning: Cannot create tensor with interal format while allow_internel_format=False, tensor will be created with base format. (Triggered internally at build/CMakeFiles/torch_npu.dir/compiler_depend.ts:338.)
  torch.ones_like(out, memory_format=torch.preserve_format)
/root/miniconda3/envs/llm_test/lib/python3.10/site-packages/torch/autograd/__init__.py:221: UserWarning: Cannot create tensor with interal format while allow_internel_format=False, tensor will be created with base format. (Triggered internally at build/CMakeFiles/torch_npu.dir/compiler_depend.ts:338.)
  torch.ones_like(out, memory_format=torch.preserve_format)
/root/miniconda3/envs/llm_test/lib/python3.10/site-packages/torch/distributed/distributed_c10d.py:4631: UserWarning: No device id is provided via `init_process_group` or `barrier `. Using the current device set by the user. 
  warnings.warn(  # warn only once
/root/miniconda3/envs/llm_test/lib/python3.10/site-packages/torch/autograd/__init__.py:221: UserWarning: Cannot create tensor with interal format while allow_internel_format=False, tensor will be created with base format. (Triggered internally at build/CMakeFiles/torch_npu.dir/compiler_depend.ts:338.)
  torch.ones_like(out, memory_format=torch.preserve_format)
/root/miniconda3/envs/llm_test/lib/python3.10/site-packages/torch/autograd/__init__.py:221: UserWarning: Cannot create tensor with interal format while allow_internel_format=False, tensor will be created with base format. (Triggered internally at build/CMakeFiles/torch_npu.dir/compiler_depend.ts:338.)
  torch.ones_like(out, memory_format=torch.preserve_format)
/root/miniconda3/envs/llm_test/lib/python3.10/site-packages/torch/distributed/distributed_c10d.py:4631: UserWarning: No device id is provided via `init_process_group` or `barrier `. Using the current device set by the user. 
  warnings.warn(  # warn only once
/root/miniconda3/envs/llm_test/lib/python3.10/site-packages/torch/distributed/distributed_c10d.py:4631: UserWarning: No device id is provided via `init_process_group` or `barrier `. Using the current device set by the user. 
  warnings.warn(  # warn only once
/root/miniconda3/envs/llm_test/lib/python3.10/site-packages/torch/distributed/distributed_c10d.py:4631: UserWarning: No device id is provided via `init_process_group` or `barrier `. Using the current device set by the user. 
  warnings.warn(  # warn only once
/root/miniconda3/envs/llm_test/lib/python3.10/site-packages/torch/distributed/distributed_c10d.py:4631: UserWarning: No device id is provided via `init_process_group` or `barrier `. Using the current device set by the user. 
  warnings.warn(  # warn only once
/root/miniconda3/envs/llm_test/lib/python3.10/site-packages/torch/distributed/distributed_c10d.py:4631: UserWarning: No device id is provided via `init_process_group` or `barrier `. Using the current device set by the user. 
  warnings.warn(  # warn only once
/root/miniconda3/envs/llm_test/lib/python3.10/site-packages/torch/distributed/distributed_c10d.py:4631: UserWarning: No device id is provided via `init_process_group` or `barrier `. Using the current device set by the user. 
  warnings.warn(  # warn only once
/root/miniconda3/envs/llm_test/lib/python3.10/site-packages/torch/distributed/distributed_c10d.py:4631: UserWarning: No device id is provided via `init_process_group` or `barrier `. Using the current device set by the user. 
  warnings.warn(  # warn only once
/root/miniconda3/envs/llm_test/lib/python3.10/site-packages/torch/distributed/distributed_c10d.py:4631: UserWarning: No device id is provided via `init_process_group` or `barrier `. Using the current device set by the user. 
  warnings.warn(  # warn only once
/root/miniconda3/envs/llm_test/lib/python3.10/site-packages/torch/distributed/distributed_c10d.py:4631: UserWarning: No device id is provided via `init_process_group` or `barrier `. Using the current device set by the user. 
  warnings.warn(  # warn only once
/root/miniconda3/envs/llm_test/lib/python3.10/site-packages/torch/distributed/distributed_c10d.py:4631: UserWarning: No device id is provided via `init_process_group` or `barrier `. Using the current device set by the user. 
  warnings.warn(  # warn only once
logs/329ff0a8-53a4-4e4c-a250-ed29bf8927e3
/root/miniconda3/envs/llm_test/lib/python3.10/site-packages/torch_npu/utils/storage.py:89: UserWarning: TypedStorage is deprecated. It will be removed in the future and UntypedStorage will be the only storage class. This should only matter to you if you are using storages directly.  To access UntypedStorage directly, use tensor.untyped_storage() instead of tensor.storage()
  if self.device.type != 'cpu':
step:0/1680 val_loss:10.8125 train_time:0ms step_avg:0.12ms
step:1/1680 train_time:1115ms step_avg:1114.60ms
step:2/1680 train_time:1236ms step_avg:617.84ms
step:3/1680 train_time:1566ms step_avg:522.00ms
step:4/1680 train_time:1897ms step_avg:474.16ms
step:5/1680 train_time:2231ms step_avg:446.10ms
step:6/1680 train_time:2564ms step_avg:427.33ms
step:7/1680 train_time:2898ms step_avg:413.99ms
step:8/1680 train_time:3228ms step_avg:403.46ms
step:9/1680 train_time:3563ms step_avg:395.83ms
step:10/1680 train_time:3896ms step_avg:389.58ms
step:11/1680 train_time:4225ms step_avg:384.11ms
step:12/1680 train_time:4561ms step_avg:380.10ms
step:13/1680 train_time:4894ms step_avg:376.48ms
step:14/1680 train_time:5230ms step_avg:373.57ms
step:15/1680 train_time:5562ms step_avg:370.77ms
step:16/1680 train_time:5896ms step_avg:368.50ms
step:17/1680 train_time:6224ms step_avg:366.15ms
step:18/1680 train_time:6557ms step_avg:364.28ms
step:19/1680 train_time:6886ms step_avg:362.45ms
step:20/1680 train_time:7222ms step_avg:361.08ms
step:21/1680 train_time:7551ms step_avg:359.56ms
step:22/1680 train_time:7888ms step_avg:358.53ms
step:23/1680 train_time:8216ms step_avg:357.22ms
step:24/1680 train_time:8549ms step_avg:356.22ms
step:25/1680 train_time:8883ms step_avg:355.31ms
step:26/1680 train_time:9210ms step_avg:354.22ms
step:27/1680 train_time:9540ms step_avg:353.35ms
step:28/1680 train_time:9871ms step_avg:352.53ms
step:29/1680 train_time:10203ms step_avg:351.82ms
step:30/1680 train_time:10534ms step_avg:351.12ms
step:31/1680 train_time:10867ms step_avg:350.53ms
step:32/1680 train_time:11198ms step_avg:349.94ms
step:33/1680 train_time:11530ms step_avg:349.40ms
step:34/1680 train_time:11865ms step_avg:348.96ms
step:35/1680 train_time:12197ms step_avg:348.49ms
step:36/1680 train_time:12528ms step_avg:348.01ms
step:37/1680 train_time:12863ms step_avg:347.64ms
step:38/1680 train_time:13196ms step_avg:347.25ms
step:39/1680 train_time:13529ms step_avg:346.91ms
step:40/1680 train_time:13864ms step_avg:346.59ms
step:41/1680 train_time:14194ms step_avg:346.19ms
step:42/1680 train_time:14525ms step_avg:345.83ms
step:43/1680 train_time:14859ms step_avg:345.55ms
step:44/1680 train_time:15191ms step_avg:345.25ms
step:45/1680 train_time:15527ms step_avg:345.04ms
step:46/1680 train_time:15858ms step_avg:344.74ms
step:47/1680 train_time:16190ms step_avg:344.46ms
step:48/1680 train_time:16519ms step_avg:344.14ms
step:49/1680 train_time:16853ms step_avg:343.94ms
step:50/1680 train_time:17186ms step_avg:343.73ms
step:51/1680 train_time:17520ms step_avg:343.53ms
step:52/1680 train_time:17853ms step_avg:343.33ms
step:53/1680 train_time:18185ms step_avg:343.12ms
step:54/1680 train_time:18518ms step_avg:342.92ms
step:55/1680 train_time:18850ms step_avg:342.73ms
step:56/1680 train_time:19179ms step_avg:342.47ms
step:57/1680 train_time:19513ms step_avg:342.33ms
step:58/1680 train_time:19846ms step_avg:342.18ms
step:59/1680 train_time:20180ms step_avg:342.03ms
step:60/1680 train_time:20511ms step_avg:341.85ms
step:61/1680 train_time:20841ms step_avg:341.66ms
step:62/1680 train_time:21175ms step_avg:341.54ms
step:63/1680 train_time:21513ms step_avg:341.47ms
step:64/1680 train_time:21841ms step_avg:341.26ms
step:65/1680 train_time:22173ms step_avg:341.13ms
step:66/1680 train_time:22502ms step_avg:340.94ms
step:67/1680 train_time:22836ms step_avg:340.83ms
step:68/1680 train_time:23166ms step_avg:340.68ms
step:69/1680 train_time:23503ms step_avg:340.62ms
step:70/1680 train_time:23834ms step_avg:340.49ms
step:71/1680 train_time:24170ms step_avg:340.42ms
step:72/1680 train_time:24500ms step_avg:340.28ms
step:73/1680 train_time:24834ms step_avg:340.20ms
step:74/1680 train_time:25166ms step_avg:340.09ms
step:75/1680 train_time:25501ms step_avg:340.01ms
step:76/1680 train_time:25830ms step_avg:339.87ms
step:77/1680 train_time:26165ms step_avg:339.81ms
step:78/1680 train_time:26499ms step_avg:339.73ms
step:79/1680 train_time:26832ms step_avg:339.64ms
step:80/1680 train_time:27173ms step_avg:339.66ms
step:81/1680 train_time:27504ms step_avg:339.55ms
step:82/1680 train_time:27840ms step_avg:339.51ms
step:83/1680 train_time:28179ms step_avg:339.50ms
step:84/1680 train_time:28509ms step_avg:339.39ms
step:85/1680 train_time:28842ms step_avg:339.31ms
step:86/1680 train_time:29178ms step_avg:339.28ms
step:87/1680 train_time:29510ms step_avg:339.20ms
step:88/1680 train_time:29840ms step_avg:339.09ms
step:89/1680 train_time:30172ms step_avg:339.01ms
step:90/1680 train_time:30505ms step_avg:338.94ms
step:91/1680 train_time:30840ms step_avg:338.90ms
step:92/1680 train_time:31169ms step_avg:338.80ms
step:93/1680 train_time:31512ms step_avg:338.83ms
step:94/1680 train_time:31836ms step_avg:338.68ms
step:95/1680 train_time:32167ms step_avg:338.60ms
step:96/1680 train_time:32502ms step_avg:338.56ms
step:97/1680 train_time:32832ms step_avg:338.47ms
step:98/1680 train_time:33167ms step_avg:338.44ms
step:99/1680 train_time:33499ms step_avg:338.38ms
step:100/1680 train_time:33832ms step_avg:338.32ms
step:101/1680 train_time:34166ms step_avg:338.28ms
step:102/1680 train_time:34497ms step_avg:338.20ms
step:103/1680 train_time:34829ms step_avg:338.15ms
step:104/1680 train_time:35160ms step_avg:338.08ms
step:105/1680 train_time:35491ms step_avg:338.01ms
step:106/1680 train_time:35825ms step_avg:337.97ms
step:107/1680 train_time:36164ms step_avg:337.98ms
step:108/1680 train_time:36494ms step_avg:337.91ms
step:109/1680 train_time:36826ms step_avg:337.85ms
step:110/1680 train_time:37153ms step_avg:337.76ms
step:111/1680 train_time:37482ms step_avg:337.68ms
step:112/1680 train_time:37817ms step_avg:337.65ms
step:113/1680 train_time:38155ms step_avg:337.66ms
step:114/1680 train_time:38487ms step_avg:337.60ms
step:115/1680 train_time:38817ms step_avg:337.54ms
step:116/1680 train_time:39164ms step_avg:337.62ms
step:117/1680 train_time:39504ms step_avg:337.64ms
step:118/1680 train_time:39845ms step_avg:337.67ms
step:119/1680 train_time:40149ms step_avg:337.39ms
step:120/1680 train_time:40482ms step_avg:337.35ms
step:121/1680 train_time:40815ms step_avg:337.32ms
step:122/1680 train_time:41148ms step_avg:337.28ms
step:123/1680 train_time:41483ms step_avg:337.26ms
step:124/1680 train_time:41811ms step_avg:337.19ms
step:125/1680 train_time:42141ms step_avg:337.13ms
step:125/1680 val_loss:4.3277 train_time:42361ms step_avg:338.89ms
step:126/1680 train_time:42557ms step_avg:337.75ms
step:127/1680 train_time:42873ms step_avg:337.58ms
step:128/1680 train_time:43205ms step_avg:337.54ms
step:129/1680 train_time:43545ms step_avg:337.56ms
step:130/1680 train_time:43875ms step_avg:337.50ms
step:131/1680 train_time:44206ms step_avg:337.45ms
step:132/1680 train_time:44537ms step_avg:337.40ms
step:133/1680 train_time:44869ms step_avg:337.36ms
step:134/1680 train_time:45204ms step_avg:337.34ms
step:135/1680 train_time:45533ms step_avg:337.28ms
step:136/1680 train_time:45864ms step_avg:337.24ms
step:137/1680 train_time:46196ms step_avg:337.20ms
step:138/1680 train_time:46525ms step_avg:337.14ms
step:139/1680 train_time:46860ms step_avg:337.12ms
step:140/1680 train_time:47190ms step_avg:337.07ms
step:141/1680 train_time:47527ms step_avg:337.07ms
step:142/1680 train_time:47859ms step_avg:337.03ms
step:143/1680 train_time:48192ms step_avg:337.01ms
step:144/1680 train_time:48534ms step_avg:337.04ms
step:145/1680 train_time:48865ms step_avg:337.00ms
step:146/1680 train_time:49196ms step_avg:336.96ms
step:147/1680 train_time:49526ms step_avg:336.91ms
step:148/1680 train_time:49858ms step_avg:336.88ms
step:149/1680 train_time:50192ms step_avg:336.86ms
step:150/1680 train_time:50522ms step_avg:336.81ms
step:151/1680 train_time:50855ms step_avg:336.79ms
step:152/1680 train_time:51186ms step_avg:336.75ms
step:153/1680 train_time:51517ms step_avg:336.71ms
step:154/1680 train_time:51852ms step_avg:336.70ms
step:155/1680 train_time:52181ms step_avg:336.65ms
step:156/1680 train_time:52514ms step_avg:336.63ms
step:157/1680 train_time:52849ms step_avg:336.62ms
step:158/1680 train_time:53182ms step_avg:336.60ms
step:159/1680 train_time:53515ms step_avg:336.57ms
step:160/1680 train_time:53846ms step_avg:336.54ms
step:161/1680 train_time:54177ms step_avg:336.50ms
step:162/1680 train_time:54513ms step_avg:336.50ms
step:163/1680 train_time:54846ms step_avg:336.48ms
step:164/1680 train_time:55176ms step_avg:336.44ms
step:165/1680 train_time:55509ms step_avg:336.42ms
step:166/1680 train_time:55839ms step_avg:336.38ms
step:167/1680 train_time:56169ms step_avg:336.34ms
step:168/1680 train_time:56513ms step_avg:336.39ms
step:169/1680 train_time:56840ms step_avg:336.33ms
step:170/1680 train_time:57173ms step_avg:336.31ms
step:171/1680 train_time:57516ms step_avg:336.35ms
step:172/1680 train_time:57854ms step_avg:336.36ms
step:173/1680 train_time:58185ms step_avg:336.33ms
step:174/1680 train_time:58513ms step_avg:336.28ms
step:175/1680 train_time:58834ms step_avg:336.20ms
step:176/1680 train_time:59169ms step_avg:336.19ms
step:177/1680 train_time:59505ms step_avg:336.19ms
step:178/1680 train_time:59845ms step_avg:336.21ms
step:179/1680 train_time:60165ms step_avg:336.12ms
step:180/1680 train_time:60493ms step_avg:336.07ms
step:181/1680 train_time:60826ms step_avg:336.06ms
step:182/1680 train_time:61158ms step_avg:336.03ms
step:183/1680 train_time:61489ms step_avg:336.00ms
step:184/1680 train_time:61821ms step_avg:335.98ms
step:185/1680 train_time:62155ms step_avg:335.97ms
step:186/1680 train_time:62486ms step_avg:335.95ms
step:187/1680 train_time:62819ms step_avg:335.93ms
step:188/1680 train_time:63153ms step_avg:335.92ms
step:189/1680 train_time:63482ms step_avg:335.88ms
step:190/1680 train_time:63814ms step_avg:335.87ms
step:191/1680 train_time:64149ms step_avg:335.86ms
step:192/1680 train_time:64480ms step_avg:335.84ms
step:193/1680 train_time:64812ms step_avg:335.81ms
step:194/1680 train_time:65146ms step_avg:335.81ms
step:195/1680 train_time:65475ms step_avg:335.77ms
step:196/1680 train_time:65808ms step_avg:335.76ms
step:197/1680 train_time:66141ms step_avg:335.74ms
step:198/1680 train_time:66475ms step_avg:335.73ms
step:199/1680 train_time:66807ms step_avg:335.72ms
step:200/1680 train_time:67139ms step_avg:335.69ms
step:201/1680 train_time:67468ms step_avg:335.66ms
step:202/1680 train_time:67802ms step_avg:335.65ms
step:203/1680 train_time:68132ms step_avg:335.63ms
step:204/1680 train_time:68467ms step_avg:335.62ms
step:205/1680 train_time:68797ms step_avg:335.59ms
step:206/1680 train_time:69132ms step_avg:335.59ms
step:207/1680 train_time:69474ms step_avg:335.62ms
step:208/1680 train_time:69799ms step_avg:335.57ms
step:209/1680 train_time:70129ms step_avg:335.55ms
step:210/1680 train_time:70462ms step_avg:335.53ms
step:211/1680 train_time:70797ms step_avg:335.53ms
step:212/1680 train_time:71134ms step_avg:335.54ms
step:213/1680 train_time:71467ms step_avg:335.52ms
step:214/1680 train_time:71794ms step_avg:335.48ms
step:215/1680 train_time:72124ms step_avg:335.46ms
step:216/1680 train_time:72453ms step_avg:335.43ms
step:217/1680 train_time:72784ms step_avg:335.41ms
step:218/1680 train_time:73115ms step_avg:335.39ms
step:219/1680 train_time:73448ms step_avg:335.38ms
step:220/1680 train_time:73780ms step_avg:335.36ms
step:221/1680 train_time:74110ms step_avg:335.34ms
step:222/1680 train_time:74449ms step_avg:335.36ms
step:223/1680 train_time:74775ms step_avg:335.32ms
step:224/1680 train_time:75109ms step_avg:335.31ms
step:225/1680 train_time:75442ms step_avg:335.30ms
step:226/1680 train_time:75774ms step_avg:335.28ms
step:227/1680 train_time:76103ms step_avg:335.26ms
step:228/1680 train_time:76436ms step_avg:335.25ms
step:229/1680 train_time:76774ms step_avg:335.26ms
step:230/1680 train_time:77102ms step_avg:335.23ms
step:231/1680 train_time:77443ms step_avg:335.25ms
step:232/1680 train_time:77769ms step_avg:335.21ms
step:233/1680 train_time:78102ms step_avg:335.20ms
step:234/1680 train_time:78434ms step_avg:335.19ms
step:235/1680 train_time:78767ms step_avg:335.18ms
step:236/1680 train_time:79098ms step_avg:335.16ms
step:237/1680 train_time:79450ms step_avg:335.23ms
step:238/1680 train_time:79768ms step_avg:335.16ms
step:239/1680 train_time:80093ms step_avg:335.12ms
step:240/1680 train_time:80427ms step_avg:335.11ms
step:241/1680 train_time:80769ms step_avg:335.14ms
step:242/1680 train_time:81093ms step_avg:335.10ms
step:243/1680 train_time:81424ms step_avg:335.08ms
step:244/1680 train_time:81761ms step_avg:335.09ms
step:245/1680 train_time:82096ms step_avg:335.09ms
step:246/1680 train_time:82426ms step_avg:335.07ms
step:247/1680 train_time:82757ms step_avg:335.05ms
step:248/1680 train_time:83084ms step_avg:335.02ms
step:249/1680 train_time:83416ms step_avg:335.00ms
step:250/1680 train_time:83747ms step_avg:334.99ms
step:250/1680 val_loss:3.9783 train_time:83970ms step_avg:335.88ms
step:251/1680 train_time:84171ms step_avg:335.34ms
step:252/1680 train_time:84488ms step_avg:335.27ms
step:253/1680 train_time:84823ms step_avg:335.27ms
step:254/1680 train_time:85162ms step_avg:335.28ms
step:255/1680 train_time:85492ms step_avg:335.26ms
step:256/1680 train_time:85823ms step_avg:335.24ms
step:257/1680 train_time:86158ms step_avg:335.25ms
step:258/1680 train_time:86499ms step_avg:335.27ms
step:259/1680 train_time:86829ms step_avg:335.25ms
step:260/1680 train_time:87163ms step_avg:335.24ms
step:261/1680 train_time:87499ms step_avg:335.24ms
step:262/1680 train_time:87829ms step_avg:335.22ms
step:263/1680 train_time:88162ms step_avg:335.22ms
step:264/1680 train_time:88492ms step_avg:335.20ms
step:265/1680 train_time:88827ms step_avg:335.19ms
step:266/1680 train_time:89159ms step_avg:335.18ms
step:267/1680 train_time:89487ms step_avg:335.16ms
step:268/1680 train_time:89815ms step_avg:335.13ms
step:269/1680 train_time:90152ms step_avg:335.14ms
step:270/1680 train_time:90484ms step_avg:335.13ms
step:271/1680 train_time:90816ms step_avg:335.12ms
step:272/1680 train_time:91145ms step_avg:335.09ms
step:273/1680 train_time:91480ms step_avg:335.09ms
step:274/1680 train_time:91811ms step_avg:335.08ms
step:275/1680 train_time:92146ms step_avg:335.07ms
step:276/1680 train_time:92473ms step_avg:335.05ms
step:277/1680 train_time:92807ms step_avg:335.04ms
step:278/1680 train_time:93136ms step_avg:335.02ms
step:279/1680 train_time:93467ms step_avg:335.01ms
step:280/1680 train_time:93801ms step_avg:335.00ms
step:281/1680 train_time:94131ms step_avg:334.99ms
step:282/1680 train_time:94466ms step_avg:334.99ms
step:283/1680 train_time:94797ms step_avg:334.97ms
step:284/1680 train_time:95127ms step_avg:334.95ms
step:285/1680 train_time:95463ms step_avg:334.96ms
step:286/1680 train_time:95794ms step_avg:334.94ms
step:287/1680 train_time:96123ms step_avg:334.92ms
step:288/1680 train_time:96466ms step_avg:334.95ms
step:289/1680 train_time:96793ms step_avg:334.92ms
step:290/1680 train_time:97134ms step_avg:334.95ms
step:291/1680 train_time:97461ms step_avg:334.92ms
step:292/1680 train_time:97792ms step_avg:334.90ms
step:293/1680 train_time:98139ms step_avg:334.95ms
step:294/1680 train_time:98459ms step_avg:334.89ms
step:295/1680 train_time:98789ms step_avg:334.88ms
step:296/1680 train_time:99123ms step_avg:334.88ms
step:297/1680 train_time:99457ms step_avg:334.87ms
step:298/1680 train_time:99786ms step_avg:334.85ms
step:299/1680 train_time:100115ms step_avg:334.83ms
step:300/1680 train_time:100455ms step_avg:334.85ms
step:301/1680 train_time:100777ms step_avg:334.81ms
step:302/1680 train_time:101111ms step_avg:334.80ms
step:303/1680 train_time:101443ms step_avg:334.80ms
step:304/1680 train_time:101774ms step_avg:334.78ms
step:305/1680 train_time:102111ms step_avg:334.79ms
step:306/1680 train_time:102441ms step_avg:334.77ms
step:307/1680 train_time:102769ms step_avg:334.75ms
step:308/1680 train_time:103101ms step_avg:334.74ms
step:309/1680 train_time:103433ms step_avg:334.74ms
step:310/1680 train_time:103766ms step_avg:334.73ms
step:311/1680 train_time:104099ms step_avg:334.72ms
step:312/1680 train_time:104432ms step_avg:334.72ms
step:313/1680 train_time:104762ms step_avg:334.70ms
step:314/1680 train_time:105100ms step_avg:334.71ms
step:315/1680 train_time:105429ms step_avg:334.70ms
step:316/1680 train_time:105763ms step_avg:334.69ms
step:317/1680 train_time:106096ms step_avg:334.69ms
step:318/1680 train_time:106430ms step_avg:334.69ms
step:319/1680 train_time:106760ms step_avg:334.67ms
step:320/1680 train_time:107101ms step_avg:334.69ms
step:321/1680 train_time:107428ms step_avg:334.67ms
step:322/1680 train_time:107764ms step_avg:334.67ms
step:323/1680 train_time:108100ms step_avg:334.67ms
step:324/1680 train_time:108425ms step_avg:334.65ms
step:325/1680 train_time:108756ms step_avg:334.63ms
step:326/1680 train_time:109086ms step_avg:334.62ms
step:327/1680 train_time:109421ms step_avg:334.62ms
step:328/1680 train_time:109750ms step_avg:334.60ms
step:329/1680 train_time:110080ms step_avg:334.59ms
step:330/1680 train_time:110412ms step_avg:334.58ms
step:331/1680 train_time:110741ms step_avg:334.56ms
step:332/1680 train_time:111073ms step_avg:334.56ms
step:333/1680 train_time:111406ms step_avg:334.55ms
step:334/1680 train_time:111739ms step_avg:334.55ms
step:335/1680 train_time:112070ms step_avg:334.54ms
step:336/1680 train_time:112404ms step_avg:334.53ms
step:337/1680 train_time:112730ms step_avg:334.51ms
step:338/1680 train_time:113063ms step_avg:334.51ms
step:339/1680 train_time:113399ms step_avg:334.51ms
step:340/1680 train_time:113745ms step_avg:334.54ms
step:341/1680 train_time:114079ms step_avg:334.54ms
step:342/1680 train_time:114392ms step_avg:334.48ms
step:343/1680 train_time:114721ms step_avg:334.46ms
step:344/1680 train_time:115078ms step_avg:334.53ms
step:345/1680 train_time:115393ms step_avg:334.47ms
step:346/1680 train_time:115732ms step_avg:334.48ms
step:347/1680 train_time:116057ms step_avg:334.46ms
step:348/1680 train_time:116385ms step_avg:334.44ms
step:349/1680 train_time:116720ms step_avg:334.44ms
step:350/1680 train_time:117059ms step_avg:334.46ms
step:351/1680 train_time:117389ms step_avg:334.44ms
step:352/1680 train_time:117719ms step_avg:334.43ms
step:353/1680 train_time:118057ms step_avg:334.44ms
step:354/1680 train_time:118387ms step_avg:334.43ms
step:355/1680 train_time:118713ms step_avg:334.40ms
step:356/1680 train_time:119049ms step_avg:334.41ms
step:357/1680 train_time:119374ms step_avg:334.38ms
step:358/1680 train_time:119706ms step_avg:334.38ms
step:359/1680 train_time:120044ms step_avg:334.38ms
step:360/1680 train_time:120370ms step_avg:334.36ms
step:361/1680 train_time:120702ms step_avg:334.35ms
step:362/1680 train_time:121041ms step_avg:334.37ms
step:363/1680 train_time:121372ms step_avg:334.36ms
step:364/1680 train_time:121700ms step_avg:334.34ms
step:365/1680 train_time:122038ms step_avg:334.35ms
step:366/1680 train_time:122367ms step_avg:334.34ms
step:367/1680 train_time:122700ms step_avg:334.33ms
step:368/1680 train_time:123033ms step_avg:334.33ms
step:369/1680 train_time:123365ms step_avg:334.32ms
step:370/1680 train_time:123695ms step_avg:334.31ms
step:371/1680 train_time:124027ms step_avg:334.30ms
step:372/1680 train_time:124362ms step_avg:334.31ms
step:373/1680 train_time:124692ms step_avg:334.30ms
step:374/1680 train_time:125029ms step_avg:334.30ms
step:375/1680 train_time:125361ms step_avg:334.30ms
step:375/1680 val_loss:3.8205 train_time:125583ms step_avg:334.89ms
step:376/1680 train_time:125785ms step_avg:334.53ms
step:377/1680 train_time:126109ms step_avg:334.51ms
step:378/1680 train_time:126438ms step_avg:334.49ms
step:379/1680 train_time:126777ms step_avg:334.50ms
step:380/1680 train_time:127110ms step_avg:334.50ms
step:381/1680 train_time:127444ms step_avg:334.50ms
step:382/1680 train_time:127777ms step_avg:334.49ms
step:383/1680 train_time:128108ms step_avg:334.49ms
step:384/1680 train_time:128438ms step_avg:334.47ms
step:385/1680 train_time:128768ms step_avg:334.46ms
step:386/1680 train_time:129107ms step_avg:334.47ms
step:387/1680 train_time:129444ms step_avg:334.48ms
step:388/1680 train_time:129785ms step_avg:334.50ms
step:389/1680 train_time:130115ms step_avg:334.48ms
step:390/1680 train_time:130450ms step_avg:334.49ms
step:391/1680 train_time:130780ms step_avg:334.48ms
step:392/1680 train_time:131115ms step_avg:334.48ms
step:393/1680 train_time:131450ms step_avg:334.48ms
step:394/1680 train_time:131777ms step_avg:334.46ms
step:395/1680 train_time:132107ms step_avg:334.45ms
step:396/1680 train_time:132442ms step_avg:334.45ms
step:397/1680 train_time:132777ms step_avg:334.45ms
step:398/1680 train_time:133108ms step_avg:334.44ms
step:399/1680 train_time:133443ms step_avg:334.44ms
step:400/1680 train_time:133772ms step_avg:334.43ms
step:401/1680 train_time:134104ms step_avg:334.42ms
step:402/1680 train_time:134447ms step_avg:334.45ms
step:403/1680 train_time:134770ms step_avg:334.42ms
step:404/1680 train_time:135101ms step_avg:334.41ms
step:405/1680 train_time:135433ms step_avg:334.40ms
step:406/1680 train_time:135772ms step_avg:334.41ms
step:407/1680 train_time:136102ms step_avg:334.40ms
step:408/1680 train_time:136430ms step_avg:334.39ms
step:409/1680 train_time:136760ms step_avg:334.38ms
step:410/1680 train_time:137094ms step_avg:334.38ms
step:411/1680 train_time:137436ms step_avg:334.39ms
step:412/1680 train_time:137776ms step_avg:334.41ms
step:413/1680 train_time:138103ms step_avg:334.39ms
step:414/1680 train_time:138437ms step_avg:334.39ms
step:415/1680 train_time:138777ms step_avg:334.40ms
step:416/1680 train_time:139096ms step_avg:334.36ms
step:417/1680 train_time:139424ms step_avg:334.35ms
step:418/1680 train_time:139764ms step_avg:334.36ms
step:419/1680 train_time:140097ms step_avg:334.36ms
step:420/1680 train_time:140423ms step_avg:334.34ms
step:421/1680 train_time:140766ms step_avg:334.36ms
step:422/1680 train_time:141097ms step_avg:334.35ms
step:423/1680 train_time:141424ms step_avg:334.34ms
step:424/1680 train_time:141760ms step_avg:334.34ms
step:425/1680 train_time:142097ms step_avg:334.34ms
step:426/1680 train_time:142424ms step_avg:334.33ms
step:427/1680 train_time:142762ms step_avg:334.34ms
step:428/1680 train_time:143093ms step_avg:334.33ms
step:429/1680 train_time:143417ms step_avg:334.31ms
step:430/1680 train_time:143756ms step_avg:334.32ms
step:431/1680 train_time:144083ms step_avg:334.30ms
step:432/1680 train_time:144419ms step_avg:334.30ms
step:433/1680 train_time:144754ms step_avg:334.31ms
step:434/1680 train_time:145085ms step_avg:334.30ms
step:435/1680 train_time:145419ms step_avg:334.30ms
step:436/1680 train_time:145745ms step_avg:334.28ms
step:437/1680 train_time:146080ms step_avg:334.28ms
step:438/1680 train_time:146410ms step_avg:334.27ms
step:439/1680 train_time:146756ms step_avg:334.30ms
step:440/1680 train_time:147078ms step_avg:334.27ms
step:441/1680 train_time:147405ms step_avg:334.25ms
step:442/1680 train_time:147734ms step_avg:334.24ms
step:443/1680 train_time:148074ms step_avg:334.25ms
step:444/1680 train_time:148406ms step_avg:334.25ms
step:445/1680 train_time:148738ms step_avg:334.24ms
step:446/1680 train_time:149072ms step_avg:334.24ms
step:447/1680 train_time:149402ms step_avg:334.23ms
step:448/1680 train_time:149738ms step_avg:334.24ms
step:449/1680 train_time:150077ms step_avg:334.25ms
step:450/1680 train_time:150404ms step_avg:334.23ms
step:451/1680 train_time:150734ms step_avg:334.22ms
step:452/1680 train_time:151073ms step_avg:334.23ms
step:453/1680 train_time:151398ms step_avg:334.21ms
step:454/1680 train_time:151730ms step_avg:334.21ms
step:455/1680 train_time:152070ms step_avg:334.22ms
step:456/1680 train_time:152387ms step_avg:334.18ms
step:457/1680 train_time:152738ms step_avg:334.22ms
step:458/1680 train_time:153057ms step_avg:334.19ms
step:459/1680 train_time:153384ms step_avg:334.17ms
step:460/1680 train_time:153716ms step_avg:334.16ms
step:461/1680 train_time:154051ms step_avg:334.17ms
step:462/1680 train_time:154378ms step_avg:334.15ms
step:463/1680 train_time:154712ms step_avg:334.15ms
step:464/1680 train_time:155047ms step_avg:334.15ms
step:465/1680 train_time:155372ms step_avg:334.13ms
step:466/1680 train_time:155700ms step_avg:334.12ms
step:467/1680 train_time:156032ms step_avg:334.12ms
step:468/1680 train_time:156359ms step_avg:334.10ms
step:469/1680 train_time:156694ms step_avg:334.10ms
step:470/1680 train_time:157026ms step_avg:334.10ms
step:471/1680 train_time:157361ms step_avg:334.10ms
step:472/1680 train_time:157696ms step_avg:334.10ms
step:473/1680 train_time:158029ms step_avg:334.10ms
step:474/1680 train_time:158359ms step_avg:334.09ms
step:475/1680 train_time:158689ms step_avg:334.08ms
step:476/1680 train_time:159023ms step_avg:334.08ms
step:477/1680 train_time:159354ms step_avg:334.08ms
step:478/1680 train_time:159687ms step_avg:334.07ms
step:479/1680 train_time:160016ms step_avg:334.06ms
step:480/1680 train_time:160348ms step_avg:334.06ms
step:481/1680 train_time:160682ms step_avg:334.06ms
step:482/1680 train_time:161015ms step_avg:334.06ms
step:483/1680 train_time:161346ms step_avg:334.05ms
step:484/1680 train_time:161677ms step_avg:334.04ms
step:485/1680 train_time:162011ms step_avg:334.04ms
step:486/1680 train_time:162343ms step_avg:334.04ms
step:487/1680 train_time:162676ms step_avg:334.04ms
step:488/1680 train_time:163007ms step_avg:334.03ms
step:489/1680 train_time:163338ms step_avg:334.02ms
step:490/1680 train_time:163667ms step_avg:334.01ms
step:491/1680 train_time:164004ms step_avg:334.02ms
step:492/1680 train_time:164348ms step_avg:334.04ms
step:493/1680 train_time:164676ms step_avg:334.03ms
step:494/1680 train_time:165005ms step_avg:334.02ms
step:495/1680 train_time:165340ms step_avg:334.02ms
step:496/1680 train_time:165670ms step_avg:334.01ms
step:497/1680 train_time:166004ms step_avg:334.01ms
step:498/1680 train_time:166339ms step_avg:334.01ms
step:499/1680 train_time:166670ms step_avg:334.01ms
step:500/1680 train_time:167007ms step_avg:334.01ms
step:500/1680 val_loss:3.7162 train_time:167219ms step_avg:334.44ms
step:501/1680 train_time:167440ms step_avg:334.21ms
step:502/1680 train_time:167755ms step_avg:334.17ms
step:503/1680 train_time:168088ms step_avg:334.17ms
step:504/1680 train_time:168419ms step_avg:334.16ms
step:505/1680 train_time:168750ms step_avg:334.16ms
step:506/1680 train_time:169082ms step_avg:334.15ms
step:507/1680 train_time:169414ms step_avg:334.15ms
step:508/1680 train_time:169747ms step_avg:334.15ms
step:509/1680 train_time:170077ms step_avg:334.14ms
step:510/1680 train_time:170416ms step_avg:334.15ms
step:511/1680 train_time:170744ms step_avg:334.14ms
step:512/1680 train_time:171082ms step_avg:334.14ms
step:513/1680 train_time:171417ms step_avg:334.15ms
step:514/1680 train_time:171745ms step_avg:334.13ms
step:515/1680 train_time:172077ms step_avg:334.13ms
step:516/1680 train_time:172402ms step_avg:334.11ms
step:517/1680 train_time:172731ms step_avg:334.10ms
step:518/1680 train_time:173060ms step_avg:334.09ms
step:519/1680 train_time:173390ms step_avg:334.08ms
step:520/1680 train_time:173722ms step_avg:334.08ms
step:521/1680 train_time:174052ms step_avg:334.07ms
step:522/1680 train_time:174385ms step_avg:334.07ms
step:523/1680 train_time:174718ms step_avg:334.07ms
step:524/1680 train_time:175052ms step_avg:334.07ms
step:525/1680 train_time:175381ms step_avg:334.06ms
step:526/1680 train_time:175713ms step_avg:334.06ms
step:527/1680 train_time:176040ms step_avg:334.04ms
step:528/1680 train_time:176373ms step_avg:334.04ms
step:529/1680 train_time:176708ms step_avg:334.04ms
step:530/1680 train_time:177043ms step_avg:334.04ms
step:531/1680 train_time:177376ms step_avg:334.04ms
step:532/1680 train_time:177711ms step_avg:334.04ms
step:533/1680 train_time:178040ms step_avg:334.03ms
step:534/1680 train_time:178374ms step_avg:334.03ms
step:535/1680 train_time:178706ms step_avg:334.03ms
step:536/1680 train_time:179037ms step_avg:334.02ms
step:537/1680 train_time:179371ms step_avg:334.02ms
step:538/1680 train_time:179705ms step_avg:334.02ms
step:539/1680 train_time:180037ms step_avg:334.02ms
step:540/1680 train_time:180367ms step_avg:334.01ms
step:541/1680 train_time:180696ms step_avg:334.00ms
step:542/1680 train_time:181031ms step_avg:334.01ms
step:543/1680 train_time:181367ms step_avg:334.01ms
step:544/1680 train_time:181696ms step_avg:334.00ms
step:545/1680 train_time:182030ms step_avg:334.00ms
step:546/1680 train_time:182364ms step_avg:334.00ms
step:547/1680 train_time:182697ms step_avg:334.00ms
step:548/1680 train_time:183028ms step_avg:333.99ms
step:549/1680 train_time:183362ms step_avg:333.99ms
step:550/1680 train_time:183700ms step_avg:334.00ms
step:551/1680 train_time:184033ms step_avg:334.00ms
step:552/1680 train_time:184370ms step_avg:334.00ms
step:553/1680 train_time:184693ms step_avg:333.98ms
step:554/1680 train_time:185026ms step_avg:333.98ms
step:555/1680 train_time:185357ms step_avg:333.98ms
step:556/1680 train_time:185688ms step_avg:333.97ms
step:557/1680 train_time:186019ms step_avg:333.97ms
step:558/1680 train_time:186351ms step_avg:333.96ms
step:559/1680 train_time:186685ms step_avg:333.96ms
step:560/1680 train_time:187024ms step_avg:333.97ms
step:561/1680 train_time:187360ms step_avg:333.97ms
step:562/1680 train_time:187695ms step_avg:333.98ms
step:563/1680 train_time:188029ms step_avg:333.98ms
step:564/1680 train_time:188363ms step_avg:333.98ms
step:565/1680 train_time:188701ms step_avg:333.98ms
step:566/1680 train_time:189030ms step_avg:333.98ms
step:567/1680 train_time:189359ms step_avg:333.97ms
step:568/1680 train_time:189689ms step_avg:333.96ms
step:569/1680 train_time:190021ms step_avg:333.96ms
step:570/1680 train_time:190355ms step_avg:333.96ms
step:571/1680 train_time:190689ms step_avg:333.96ms
step:572/1680 train_time:191023ms step_avg:333.96ms
step:573/1680 train_time:191353ms step_avg:333.95ms
step:574/1680 train_time:191682ms step_avg:333.94ms
step:575/1680 train_time:192017ms step_avg:333.94ms
step:576/1680 train_time:192349ms step_avg:333.94ms
step:577/1680 train_time:192681ms step_avg:333.94ms
step:578/1680 train_time:193012ms step_avg:333.93ms
step:579/1680 train_time:193346ms step_avg:333.93ms
step:580/1680 train_time:193683ms step_avg:333.94ms
step:581/1680 train_time:194015ms step_avg:333.93ms
step:582/1680 train_time:194344ms step_avg:333.92ms
step:583/1680 train_time:194679ms step_avg:333.93ms
step:584/1680 train_time:195011ms step_avg:333.92ms
step:585/1680 train_time:195343ms step_avg:333.92ms
step:586/1680 train_time:195675ms step_avg:333.92ms
step:587/1680 train_time:196009ms step_avg:333.92ms
step:588/1680 train_time:196337ms step_avg:333.91ms
step:589/1680 train_time:196665ms step_avg:333.90ms
step:590/1680 train_time:196996ms step_avg:333.89ms
step:591/1680 train_time:197330ms step_avg:333.89ms
step:592/1680 train_time:197661ms step_avg:333.89ms
step:593/1680 train_time:198009ms step_avg:333.91ms
step:594/1680 train_time:198329ms step_avg:333.89ms
step:595/1680 train_time:198667ms step_avg:333.89ms
step:596/1680 train_time:198999ms step_avg:333.89ms
step:597/1680 train_time:199339ms step_avg:333.90ms
step:598/1680 train_time:199664ms step_avg:333.89ms
step:599/1680 train_time:199990ms step_avg:333.87ms
step:600/1680 train_time:200313ms step_avg:333.85ms
step:601/1680 train_time:200645ms step_avg:333.85ms
step:602/1680 train_time:200984ms step_avg:333.86ms
step:603/1680 train_time:201315ms step_avg:333.86ms
step:604/1680 train_time:201652ms step_avg:333.86ms
step:605/1680 train_time:201983ms step_avg:333.86ms
step:606/1680 train_time:202316ms step_avg:333.85ms
step:607/1680 train_time:202649ms step_avg:333.85ms
step:608/1680 train_time:202984ms step_avg:333.86ms
step:609/1680 train_time:203316ms step_avg:333.85ms
step:610/1680 train_time:203644ms step_avg:333.84ms
step:611/1680 train_time:203976ms step_avg:333.84ms
step:612/1680 train_time:204311ms step_avg:333.84ms
step:613/1680 train_time:204643ms step_avg:333.84ms
step:614/1680 train_time:204976ms step_avg:333.84ms
step:615/1680 train_time:205312ms step_avg:333.84ms
step:616/1680 train_time:205641ms step_avg:333.83ms
step:617/1680 train_time:205974ms step_avg:333.83ms
step:618/1680 train_time:206305ms step_avg:333.83ms
step:619/1680 train_time:206637ms step_avg:333.82ms
step:620/1680 train_time:206967ms step_avg:333.82ms
step:621/1680 train_time:207301ms step_avg:333.82ms
step:622/1680 train_time:207630ms step_avg:333.81ms
step:623/1680 train_time:207957ms step_avg:333.80ms
step:624/1680 train_time:208290ms step_avg:333.80ms
step:625/1680 train_time:208626ms step_avg:333.80ms
step:625/1680 val_loss:3.6133 train_time:208849ms step_avg:334.16ms
step:626/1680 train_time:209068ms step_avg:333.97ms
step:627/1680 train_time:209382ms step_avg:333.94ms
step:628/1680 train_time:209709ms step_avg:333.93ms
step:629/1680 train_time:210038ms step_avg:333.92ms
step:630/1680 train_time:210375ms step_avg:333.93ms
step:631/1680 train_time:210708ms step_avg:333.93ms
step:632/1680 train_time:211046ms step_avg:333.93ms
step:633/1680 train_time:211380ms step_avg:333.93ms
step:634/1680 train_time:211710ms step_avg:333.93ms
step:635/1680 train_time:212041ms step_avg:333.92ms
step:636/1680 train_time:212375ms step_avg:333.92ms
step:637/1680 train_time:212705ms step_avg:333.92ms
step:638/1680 train_time:213037ms step_avg:333.91ms
step:639/1680 train_time:213369ms step_avg:333.91ms
step:640/1680 train_time:213702ms step_avg:333.91ms
step:641/1680 train_time:214034ms step_avg:333.91ms
step:642/1680 train_time:214365ms step_avg:333.90ms
step:643/1680 train_time:214696ms step_avg:333.90ms
step:644/1680 train_time:215029ms step_avg:333.90ms
step:645/1680 train_time:215365ms step_avg:333.90ms
step:646/1680 train_time:215691ms step_avg:333.89ms
step:647/1680 train_time:216025ms step_avg:333.89ms
step:648/1680 train_time:216355ms step_avg:333.88ms
step:649/1680 train_time:216690ms step_avg:333.88ms
step:650/1680 train_time:217022ms step_avg:333.88ms
step:651/1680 train_time:217353ms step_avg:333.88ms
step:652/1680 train_time:217683ms step_avg:333.87ms
step:653/1680 train_time:218020ms step_avg:333.88ms
step:654/1680 train_time:218353ms step_avg:333.87ms
step:655/1680 train_time:218685ms step_avg:333.87ms
step:656/1680 train_time:219015ms step_avg:333.86ms
step:657/1680 train_time:219348ms step_avg:333.86ms
step:658/1680 train_time:219676ms step_avg:333.85ms
step:659/1680 train_time:220011ms step_avg:333.86ms
step:660/1680 train_time:220345ms step_avg:333.86ms
step:661/1680 train_time:220677ms step_avg:333.85ms
step:662/1680 train_time:221006ms step_avg:333.85ms
step:663/1680 train_time:221341ms step_avg:333.85ms
step:664/1680 train_time:221670ms step_avg:333.84ms
step:665/1680 train_time:222005ms step_avg:333.84ms
step:666/1680 train_time:222338ms step_avg:333.84ms
step:667/1680 train_time:222666ms step_avg:333.83ms
step:668/1680 train_time:223000ms step_avg:333.83ms
step:669/1680 train_time:223332ms step_avg:333.83ms
step:670/1680 train_time:223662ms step_avg:333.82ms
step:671/1680 train_time:223998ms step_avg:333.83ms
step:672/1680 train_time:224341ms step_avg:333.84ms
step:673/1680 train_time:224672ms step_avg:333.84ms
step:674/1680 train_time:225005ms step_avg:333.84ms
step:675/1680 train_time:225336ms step_avg:333.83ms
step:676/1680 train_time:225668ms step_avg:333.83ms
step:677/1680 train_time:226002ms step_avg:333.83ms
step:678/1680 train_time:226336ms step_avg:333.83ms
step:679/1680 train_time:226665ms step_avg:333.82ms
step:680/1680 train_time:226996ms step_avg:333.82ms
step:681/1680 train_time:227333ms step_avg:333.82ms
step:682/1680 train_time:227658ms step_avg:333.81ms
step:683/1680 train_time:227994ms step_avg:333.81ms
step:684/1680 train_time:228328ms step_avg:333.81ms
step:685/1680 train_time:228661ms step_avg:333.81ms
step:686/1680 train_time:228994ms step_avg:333.81ms
step:687/1680 train_time:229333ms step_avg:333.82ms
step:688/1680 train_time:229664ms step_avg:333.81ms
step:689/1680 train_time:229995ms step_avg:333.81ms
step:690/1680 train_time:230329ms step_avg:333.81ms
step:691/1680 train_time:230661ms step_avg:333.81ms
step:692/1680 train_time:230996ms step_avg:333.81ms
step:693/1680 train_time:231329ms step_avg:333.81ms
step:694/1680 train_time:231662ms step_avg:333.81ms
step:695/1680 train_time:231992ms step_avg:333.80ms
step:696/1680 train_time:232328ms step_avg:333.80ms
step:697/1680 train_time:232661ms step_avg:333.80ms
step:698/1680 train_time:232988ms step_avg:333.79ms
step:699/1680 train_time:233320ms step_avg:333.79ms
step:700/1680 train_time:233655ms step_avg:333.79ms
step:701/1680 train_time:233988ms step_avg:333.79ms
step:702/1680 train_time:234319ms step_avg:333.79ms
step:703/1680 train_time:234653ms step_avg:333.79ms
step:704/1680 train_time:234987ms step_avg:333.79ms
step:705/1680 train_time:235316ms step_avg:333.78ms
step:706/1680 train_time:235647ms step_avg:333.78ms
step:707/1680 train_time:235981ms step_avg:333.78ms
step:708/1680 train_time:236315ms step_avg:333.78ms
step:709/1680 train_time:236653ms step_avg:333.78ms
step:710/1680 train_time:236980ms step_avg:333.78ms
step:711/1680 train_time:237308ms step_avg:333.77ms
step:712/1680 train_time:237639ms step_avg:333.76ms
step:713/1680 train_time:237977ms step_avg:333.77ms
step:714/1680 train_time:238307ms step_avg:333.76ms
step:715/1680 train_time:238638ms step_avg:333.76ms
step:716/1680 train_time:238971ms step_avg:333.76ms
step:717/1680 train_time:239304ms step_avg:333.76ms
step:718/1680 train_time:239637ms step_avg:333.76ms
step:719/1680 train_time:239970ms step_avg:333.76ms
step:720/1680 train_time:240298ms step_avg:333.75ms
step:721/1680 train_time:240629ms step_avg:333.74ms
step:722/1680 train_time:240963ms step_avg:333.74ms
step:723/1680 train_time:241292ms step_avg:333.74ms
step:724/1680 train_time:241629ms step_avg:333.74ms
step:725/1680 train_time:241959ms step_avg:333.74ms
step:726/1680 train_time:242294ms step_avg:333.74ms
step:727/1680 train_time:242626ms step_avg:333.74ms
step:728/1680 train_time:242960ms step_avg:333.74ms
step:729/1680 train_time:243290ms step_avg:333.73ms
step:730/1680 train_time:243634ms step_avg:333.75ms
step:731/1680 train_time:243965ms step_avg:333.74ms
step:732/1680 train_time:244297ms step_avg:333.74ms
step:733/1680 train_time:244626ms step_avg:333.73ms
step:734/1680 train_time:244953ms step_avg:333.72ms
step:735/1680 train_time:245285ms step_avg:333.72ms
step:736/1680 train_time:245625ms step_avg:333.73ms
step:737/1680 train_time:245956ms step_avg:333.73ms
step:738/1680 train_time:246288ms step_avg:333.72ms
step:739/1680 train_time:246622ms step_avg:333.72ms
step:740/1680 train_time:246950ms step_avg:333.72ms
step:741/1680 train_time:247283ms step_avg:333.72ms
step:742/1680 train_time:247616ms step_avg:333.71ms
step:743/1680 train_time:247946ms step_avg:333.71ms
step:744/1680 train_time:248283ms step_avg:333.71ms
step:745/1680 train_time:248616ms step_avg:333.71ms
step:746/1680 train_time:248950ms step_avg:333.71ms
step:747/1680 train_time:249285ms step_avg:333.72ms
step:748/1680 train_time:249621ms step_avg:333.72ms
step:749/1680 train_time:249952ms step_avg:333.71ms
step:750/1680 train_time:250284ms step_avg:333.71ms
step:750/1680 val_loss:3.5609 train_time:250505ms step_avg:334.01ms
step:751/1680 train_time:250722ms step_avg:333.85ms
step:752/1680 train_time:251027ms step_avg:333.81ms
step:753/1680 train_time:251369ms step_avg:333.82ms
step:754/1680 train_time:251697ms step_avg:333.82ms
step:755/1680 train_time:252030ms step_avg:333.81ms
step:756/1680 train_time:252347ms step_avg:333.79ms
step:757/1680 train_time:252681ms step_avg:333.79ms
step:758/1680 train_time:253016ms step_avg:333.79ms
step:759/1680 train_time:253343ms step_avg:333.78ms
step:760/1680 train_time:253697ms step_avg:333.81ms
step:761/1680 train_time:254029ms step_avg:333.81ms
step:762/1680 train_time:254364ms step_avg:333.81ms
step:763/1680 train_time:254683ms step_avg:333.79ms
step:764/1680 train_time:255013ms step_avg:333.79ms
step:765/1680 train_time:255347ms step_avg:333.79ms
step:766/1680 train_time:255682ms step_avg:333.79ms
step:767/1680 train_time:256016ms step_avg:333.79ms
step:768/1680 train_time:256347ms step_avg:333.79ms
step:769/1680 train_time:256682ms step_avg:333.79ms
step:770/1680 train_time:257014ms step_avg:333.78ms
step:771/1680 train_time:257344ms step_avg:333.78ms
step:772/1680 train_time:257683ms step_avg:333.79ms
step:773/1680 train_time:258016ms step_avg:333.78ms
step:774/1680 train_time:258351ms step_avg:333.79ms
step:775/1680 train_time:258684ms step_avg:333.79ms
step:776/1680 train_time:259017ms step_avg:333.78ms
step:777/1680 train_time:259348ms step_avg:333.78ms
step:778/1680 train_time:259684ms step_avg:333.78ms
step:779/1680 train_time:260021ms step_avg:333.79ms
step:780/1680 train_time:260353ms step_avg:333.79ms
step:781/1680 train_time:260682ms step_avg:333.78ms
step:782/1680 train_time:261019ms step_avg:333.78ms
step:783/1680 train_time:261352ms step_avg:333.78ms
step:784/1680 train_time:261683ms step_avg:333.78ms
step:785/1680 train_time:262011ms step_avg:333.77ms
step:786/1680 train_time:262345ms step_avg:333.77ms
step:787/1680 train_time:262678ms step_avg:333.77ms
step:788/1680 train_time:263012ms step_avg:333.77ms
step:789/1680 train_time:263345ms step_avg:333.77ms
step:790/1680 train_time:263679ms step_avg:333.77ms
step:791/1680 train_time:264006ms step_avg:333.76ms
step:792/1680 train_time:264335ms step_avg:333.76ms
step:793/1680 train_time:264663ms step_avg:333.75ms
step:794/1680 train_time:265002ms step_avg:333.76ms
step:795/1680 train_time:265354ms step_avg:333.78ms
step:796/1680 train_time:265669ms step_avg:333.76ms
step:797/1680 train_time:266001ms step_avg:333.75ms
step:798/1680 train_time:266335ms step_avg:333.75ms
step:799/1680 train_time:266665ms step_avg:333.75ms
step:800/1680 train_time:266995ms step_avg:333.74ms
step:801/1680 train_time:267327ms step_avg:333.74ms
step:802/1680 train_time:267658ms step_avg:333.74ms
step:803/1680 train_time:267994ms step_avg:333.74ms
step:804/1680 train_time:268325ms step_avg:333.74ms
step:805/1680 train_time:268656ms step_avg:333.73ms
step:806/1680 train_time:268985ms step_avg:333.73ms
step:807/1680 train_time:269321ms step_avg:333.73ms
step:808/1680 train_time:269652ms step_avg:333.73ms
step:809/1680 train_time:269985ms step_avg:333.73ms
step:810/1680 train_time:270317ms step_avg:333.72ms
step:811/1680 train_time:270650ms step_avg:333.72ms
step:812/1680 train_time:270983ms step_avg:333.72ms
step:813/1680 train_time:271316ms step_avg:333.72ms
step:814/1680 train_time:271648ms step_avg:333.72ms
step:815/1680 train_time:271977ms step_avg:333.71ms
step:816/1680 train_time:272306ms step_avg:333.71ms
step:817/1680 train_time:272639ms step_avg:333.71ms
step:818/1680 train_time:272969ms step_avg:333.70ms
step:819/1680 train_time:273298ms step_avg:333.70ms
step:820/1680 train_time:273637ms step_avg:333.70ms
step:821/1680 train_time:273963ms step_avg:333.69ms
step:822/1680 train_time:274292ms step_avg:333.69ms
step:823/1680 train_time:274627ms step_avg:333.69ms
step:824/1680 train_time:274965ms step_avg:333.70ms
step:825/1680 train_time:275301ms step_avg:333.70ms
step:826/1680 train_time:275625ms step_avg:333.69ms
step:827/1680 train_time:275956ms step_avg:333.68ms
step:828/1680 train_time:276286ms step_avg:333.68ms
step:829/1680 train_time:276625ms step_avg:333.69ms
step:830/1680 train_time:276962ms step_avg:333.69ms
step:831/1680 train_time:277292ms step_avg:333.68ms
step:832/1680 train_time:277627ms step_avg:333.69ms
step:833/1680 train_time:277957ms step_avg:333.68ms
step:834/1680 train_time:278288ms step_avg:333.68ms
step:835/1680 train_time:278618ms step_avg:333.67ms
step:836/1680 train_time:278959ms step_avg:333.68ms
step:837/1680 train_time:279290ms step_avg:333.68ms
step:838/1680 train_time:279622ms step_avg:333.68ms
step:839/1680 train_time:279956ms step_avg:333.68ms
step:840/1680 train_time:280283ms step_avg:333.67ms
step:841/1680 train_time:280619ms step_avg:333.67ms
step:842/1680 train_time:280952ms step_avg:333.67ms
step:843/1680 train_time:281284ms step_avg:333.67ms
step:844/1680 train_time:281618ms step_avg:333.67ms
step:845/1680 train_time:281948ms step_avg:333.67ms
step:846/1680 train_time:282284ms step_avg:333.67ms
step:847/1680 train_time:282611ms step_avg:333.66ms
step:848/1680 train_time:282946ms step_avg:333.66ms
step:849/1680 train_time:283284ms step_avg:333.67ms
step:850/1680 train_time:283619ms step_avg:333.67ms
step:851/1680 train_time:283948ms step_avg:333.66ms
step:852/1680 train_time:284283ms step_avg:333.67ms
step:853/1680 train_time:284614ms step_avg:333.66ms
step:854/1680 train_time:284948ms step_avg:333.66ms
step:855/1680 train_time:285279ms step_avg:333.66ms
step:856/1680 train_time:285606ms step_avg:333.65ms
step:857/1680 train_time:285939ms step_avg:333.65ms
step:858/1680 train_time:286293ms step_avg:333.67ms
step:859/1680 train_time:286627ms step_avg:333.67ms
step:860/1680 train_time:286959ms step_avg:333.67ms
step:861/1680 train_time:287273ms step_avg:333.65ms
step:862/1680 train_time:287607ms step_avg:333.65ms
step:863/1680 train_time:287938ms step_avg:333.65ms
step:864/1680 train_time:288289ms step_avg:333.67ms
step:865/1680 train_time:288605ms step_avg:333.65ms
step:866/1680 train_time:288937ms step_avg:333.65ms
step:867/1680 train_time:289269ms step_avg:333.64ms
step:868/1680 train_time:289599ms step_avg:333.64ms
step:869/1680 train_time:289931ms step_avg:333.64ms
step:870/1680 train_time:290265ms step_avg:333.64ms
step:871/1680 train_time:290593ms step_avg:333.63ms
step:872/1680 train_time:290921ms step_avg:333.63ms
step:873/1680 train_time:291253ms step_avg:333.62ms
step:874/1680 train_time:291581ms step_avg:333.62ms
step:875/1680 train_time:291915ms step_avg:333.62ms
step:875/1680 val_loss:3.5154 train_time:292135ms step_avg:333.87ms
step:876/1680 train_time:292341ms step_avg:333.72ms
step:877/1680 train_time:292661ms step_avg:333.71ms
step:878/1680 train_time:293007ms step_avg:333.72ms
step:879/1680 train_time:293330ms step_avg:333.71ms
step:880/1680 train_time:293669ms step_avg:333.71ms
step:881/1680 train_time:293993ms step_avg:333.70ms
step:882/1680 train_time:294329ms step_avg:333.71ms
step:883/1680 train_time:294660ms step_avg:333.70ms
step:884/1680 train_time:294988ms step_avg:333.70ms
step:885/1680 train_time:295340ms step_avg:333.72ms
step:886/1680 train_time:295674ms step_avg:333.72ms
step:887/1680 train_time:296001ms step_avg:333.71ms
step:888/1680 train_time:296340ms step_avg:333.72ms
step:889/1680 train_time:296667ms step_avg:333.71ms
step:890/1680 train_time:296999ms step_avg:333.71ms
step:891/1680 train_time:297329ms step_avg:333.70ms
step:892/1680 train_time:297663ms step_avg:333.70ms
step:893/1680 train_time:297979ms step_avg:333.68ms
step:894/1680 train_time:298313ms step_avg:333.68ms
step:895/1680 train_time:298649ms step_avg:333.69ms
step:896/1680 train_time:298981ms step_avg:333.68ms
step:897/1680 train_time:299318ms step_avg:333.69ms
step:898/1680 train_time:299647ms step_avg:333.68ms
step:899/1680 train_time:299981ms step_avg:333.68ms
step:900/1680 train_time:300311ms step_avg:333.68ms
step:901/1680 train_time:300639ms step_avg:333.67ms
step:902/1680 train_time:300967ms step_avg:333.67ms
step:903/1680 train_time:301300ms step_avg:333.67ms
step:904/1680 train_time:301633ms step_avg:333.66ms
step:905/1680 train_time:301962ms step_avg:333.66ms
step:906/1680 train_time:302296ms step_avg:333.66ms
step:907/1680 train_time:302626ms step_avg:333.66ms
step:908/1680 train_time:302958ms step_avg:333.65ms
step:909/1680 train_time:303290ms step_avg:333.65ms
step:910/1680 train_time:303622ms step_avg:333.65ms
step:911/1680 train_time:303949ms step_avg:333.64ms
step:912/1680 train_time:304285ms step_avg:333.65ms
step:913/1680 train_time:304614ms step_avg:333.64ms
step:914/1680 train_time:304948ms step_avg:333.64ms
step:915/1680 train_time:305299ms step_avg:333.66ms
step:916/1680 train_time:305627ms step_avg:333.65ms
step:917/1680 train_time:305948ms step_avg:333.64ms
step:918/1680 train_time:306277ms step_avg:333.64ms
step:919/1680 train_time:306607ms step_avg:333.63ms
step:920/1680 train_time:306937ms step_avg:333.63ms
step:921/1680 train_time:307271ms step_avg:333.63ms
step:922/1680 train_time:307602ms step_avg:333.63ms
step:923/1680 train_time:307933ms step_avg:333.62ms
step:924/1680 train_time:308266ms step_avg:333.62ms
step:925/1680 train_time:308594ms step_avg:333.62ms
step:926/1680 train_time:308928ms step_avg:333.62ms
step:927/1680 train_time:309261ms step_avg:333.62ms
step:928/1680 train_time:309588ms step_avg:333.61ms
step:929/1680 train_time:309917ms step_avg:333.60ms
step:930/1680 train_time:310247ms step_avg:333.60ms
step:931/1680 train_time:310581ms step_avg:333.60ms
step:932/1680 train_time:310912ms step_avg:333.60ms
step:933/1680 train_time:311241ms step_avg:333.59ms
step:934/1680 train_time:311578ms step_avg:333.60ms
step:935/1680 train_time:311908ms step_avg:333.59ms
step:936/1680 train_time:312242ms step_avg:333.59ms
step:937/1680 train_time:312577ms step_avg:333.59ms
step:938/1680 train_time:312913ms step_avg:333.60ms
step:939/1680 train_time:313242ms step_avg:333.59ms
step:940/1680 train_time:313571ms step_avg:333.59ms
step:941/1680 train_time:313904ms step_avg:333.59ms
step:942/1680 train_time:314234ms step_avg:333.58ms
step:943/1680 train_time:314566ms step_avg:333.58ms
step:944/1680 train_time:314899ms step_avg:333.58ms
step:945/1680 train_time:315228ms step_avg:333.57ms
step:946/1680 train_time:315560ms step_avg:333.57ms
step:947/1680 train_time:315892ms step_avg:333.57ms
step:948/1680 train_time:316220ms step_avg:333.57ms
step:949/1680 train_time:316553ms step_avg:333.56ms
step:950/1680 train_time:316886ms step_avg:333.56ms
step:951/1680 train_time:317214ms step_avg:333.56ms
step:952/1680 train_time:317549ms step_avg:333.56ms
step:953/1680 train_time:317879ms step_avg:333.56ms
step:954/1680 train_time:318212ms step_avg:333.56ms
step:955/1680 train_time:318544ms step_avg:333.55ms
step:956/1680 train_time:318880ms step_avg:333.56ms
step:957/1680 train_time:319212ms step_avg:333.55ms
step:958/1680 train_time:319547ms step_avg:333.56ms
step:959/1680 train_time:319877ms step_avg:333.55ms
step:960/1680 train_time:320206ms step_avg:333.55ms
step:961/1680 train_time:320556ms step_avg:333.56ms
step:962/1680 train_time:320870ms step_avg:333.54ms
step:963/1680 train_time:321212ms step_avg:333.55ms
step:964/1680 train_time:321544ms step_avg:333.55ms
step:965/1680 train_time:321872ms step_avg:333.55ms
step:966/1680 train_time:322206ms step_avg:333.55ms
step:967/1680 train_time:322535ms step_avg:333.54ms
step:968/1680 train_time:322868ms step_avg:333.54ms
step:969/1680 train_time:323196ms step_avg:333.54ms
step:970/1680 train_time:323529ms step_avg:333.54ms
step:971/1680 train_time:323862ms step_avg:333.53ms
step:972/1680 train_time:324191ms step_avg:333.53ms
step:973/1680 train_time:324531ms step_avg:333.54ms
step:974/1680 train_time:324863ms step_avg:333.54ms
step:975/1680 train_time:325197ms step_avg:333.53ms
step:976/1680 train_time:325528ms step_avg:333.53ms
step:977/1680 train_time:325861ms step_avg:333.53ms
step:978/1680 train_time:326194ms step_avg:333.53ms
step:979/1680 train_time:326524ms step_avg:333.53ms
step:980/1680 train_time:326851ms step_avg:333.52ms
step:981/1680 train_time:327185ms step_avg:333.52ms
step:982/1680 train_time:327519ms step_avg:333.52ms
step:983/1680 train_time:327854ms step_avg:333.52ms
step:984/1680 train_time:328187ms step_avg:333.52ms
step:985/1680 train_time:328518ms step_avg:333.52ms
step:986/1680 train_time:328853ms step_avg:333.52ms
step:987/1680 train_time:329181ms step_avg:333.52ms
step:988/1680 train_time:329513ms step_avg:333.52ms
step:989/1680 train_time:329846ms step_avg:333.51ms
step:990/1680 train_time:330179ms step_avg:333.51ms
step:991/1680 train_time:330509ms step_avg:333.51ms
step:992/1680 train_time:330844ms step_avg:333.51ms
step:993/1680 train_time:331175ms step_avg:333.51ms
step:994/1680 train_time:331505ms step_avg:333.51ms
step:995/1680 train_time:331834ms step_avg:333.50ms
step:996/1680 train_time:332166ms step_avg:333.50ms
step:997/1680 train_time:332505ms step_avg:333.51ms
step:998/1680 train_time:332835ms step_avg:333.50ms
step:999/1680 train_time:333169ms step_avg:333.50ms
step:1000/1680 train_time:333512ms step_avg:333.51ms
step:1000/1680 val_loss:3.4643 train_time:333719ms step_avg:333.72ms
step:1001/1680 train_time:333927ms step_avg:333.59ms
step:1002/1680 train_time:334238ms step_avg:333.57ms
step:1003/1680 train_time:334568ms step_avg:333.57ms
step:1004/1680 train_time:334902ms step_avg:333.57ms
step:1005/1680 train_time:335234ms step_avg:333.57ms
step:1006/1680 train_time:335567ms step_avg:333.57ms
step:1007/1680 train_time:335901ms step_avg:333.57ms
step:1008/1680 train_time:336234ms step_avg:333.57ms
step:1009/1680 train_time:336564ms step_avg:333.56ms
step:1010/1680 train_time:336894ms step_avg:333.56ms
step:1011/1680 train_time:337228ms step_avg:333.56ms
step:1012/1680 train_time:337561ms step_avg:333.56ms
step:1013/1680 train_time:337889ms step_avg:333.55ms
step:1014/1680 train_time:338220ms step_avg:333.55ms
step:1015/1680 train_time:338552ms step_avg:333.55ms
step:1016/1680 train_time:338889ms step_avg:333.55ms
step:1017/1680 train_time:339216ms step_avg:333.55ms
step:1018/1680 train_time:339555ms step_avg:333.55ms
step:1019/1680 train_time:339886ms step_avg:333.55ms
step:1020/1680 train_time:340217ms step_avg:333.55ms
step:1021/1680 train_time:340547ms step_avg:333.54ms
step:1022/1680 train_time:340883ms step_avg:333.54ms
step:1023/1680 train_time:341215ms step_avg:333.54ms
step:1024/1680 train_time:341548ms step_avg:333.54ms
step:1025/1680 train_time:341880ms step_avg:333.54ms
step:1026/1680 train_time:342215ms step_avg:333.54ms
step:1027/1680 train_time:342544ms step_avg:333.54ms
step:1028/1680 train_time:342869ms step_avg:333.53ms
step:1029/1680 train_time:343206ms step_avg:333.53ms
step:1030/1680 train_time:343539ms step_avg:333.53ms
step:1031/1680 train_time:343871ms step_avg:333.53ms
step:1032/1680 train_time:344203ms step_avg:333.53ms
step:1033/1680 train_time:344533ms step_avg:333.53ms
step:1034/1680 train_time:344869ms step_avg:333.53ms
step:1035/1680 train_time:345200ms step_avg:333.53ms
step:1036/1680 train_time:345531ms step_avg:333.52ms
step:1037/1680 train_time:345870ms step_avg:333.53ms
step:1038/1680 train_time:346198ms step_avg:333.52ms
step:1039/1680 train_time:346528ms step_avg:333.52ms
step:1040/1680 train_time:346861ms step_avg:333.52ms
step:1041/1680 train_time:347196ms step_avg:333.52ms
step:1042/1680 train_time:347535ms step_avg:333.53ms
step:1043/1680 train_time:347869ms step_avg:333.53ms
step:1044/1680 train_time:348194ms step_avg:333.52ms
step:1045/1680 train_time:348531ms step_avg:333.52ms
step:1046/1680 train_time:348868ms step_avg:333.53ms
step:1047/1680 train_time:349198ms step_avg:333.52ms
step:1048/1680 train_time:349531ms step_avg:333.52ms
step:1049/1680 train_time:349862ms step_avg:333.52ms
step:1050/1680 train_time:350202ms step_avg:333.53ms
step:1051/1680 train_time:350539ms step_avg:333.53ms
step:1052/1680 train_time:350871ms step_avg:333.53ms
step:1053/1680 train_time:351205ms step_avg:333.53ms
step:1054/1680 train_time:351536ms step_avg:333.53ms
step:1055/1680 train_time:351869ms step_avg:333.52ms
step:1056/1680 train_time:352204ms step_avg:333.53ms
step:1057/1680 train_time:352535ms step_avg:333.52ms
step:1058/1680 train_time:352862ms step_avg:333.52ms
step:1059/1680 train_time:353195ms step_avg:333.52ms
step:1060/1680 train_time:353524ms step_avg:333.51ms
step:1061/1680 train_time:353857ms step_avg:333.51ms
step:1062/1680 train_time:354186ms step_avg:333.51ms
step:1063/1680 train_time:354522ms step_avg:333.51ms
step:1064/1680 train_time:354849ms step_avg:333.50ms
step:1065/1680 train_time:355183ms step_avg:333.51ms
step:1066/1680 train_time:355513ms step_avg:333.50ms
step:1067/1680 train_time:355860ms step_avg:333.51ms
step:1068/1680 train_time:356178ms step_avg:333.50ms
step:1069/1680 train_time:356510ms step_avg:333.50ms
step:1070/1680 train_time:356842ms step_avg:333.50ms
step:1071/1680 train_time:357175ms step_avg:333.50ms
step:1072/1680 train_time:357506ms step_avg:333.49ms
step:1073/1680 train_time:357838ms step_avg:333.49ms
step:1074/1680 train_time:358166ms step_avg:333.49ms
step:1075/1680 train_time:358498ms step_avg:333.49ms
step:1076/1680 train_time:358831ms step_avg:333.49ms
step:1077/1680 train_time:359162ms step_avg:333.48ms
step:1078/1680 train_time:359495ms step_avg:333.48ms
step:1079/1680 train_time:359826ms step_avg:333.48ms
step:1080/1680 train_time:360163ms step_avg:333.48ms
step:1081/1680 train_time:360494ms step_avg:333.48ms
step:1082/1680 train_time:360828ms step_avg:333.48ms
step:1083/1680 train_time:361162ms step_avg:333.48ms
step:1084/1680 train_time:361494ms step_avg:333.48ms
step:1085/1680 train_time:361819ms step_avg:333.47ms
step:1086/1680 train_time:362151ms step_avg:333.47ms
step:1087/1680 train_time:362483ms step_avg:333.47ms
step:1088/1680 train_time:362813ms step_avg:333.47ms
step:1089/1680 train_time:363146ms step_avg:333.47ms
step:1090/1680 train_time:363476ms step_avg:333.46ms
step:1091/1680 train_time:363815ms step_avg:333.47ms
step:1092/1680 train_time:364145ms step_avg:333.47ms
step:1093/1680 train_time:364480ms step_avg:333.47ms
step:1094/1680 train_time:364818ms step_avg:333.47ms
step:1095/1680 train_time:365150ms step_avg:333.47ms
step:1096/1680 train_time:365487ms step_avg:333.47ms
step:1097/1680 train_time:365815ms step_avg:333.47ms
step:1098/1680 train_time:366153ms step_avg:333.47ms
step:1099/1680 train_time:366484ms step_avg:333.47ms
step:1100/1680 train_time:366815ms step_avg:333.47ms
step:1101/1680 train_time:367145ms step_avg:333.46ms
step:1102/1680 train_time:367478ms step_avg:333.46ms
step:1103/1680 train_time:367809ms step_avg:333.46ms
step:1104/1680 train_time:368145ms step_avg:333.46ms
step:1105/1680 train_time:368477ms step_avg:333.46ms
step:1106/1680 train_time:368810ms step_avg:333.46ms
step:1107/1680 train_time:369146ms step_avg:333.46ms
step:1108/1680 train_time:369473ms step_avg:333.46ms
step:1109/1680 train_time:369806ms step_avg:333.46ms
step:1110/1680 train_time:370140ms step_avg:333.46ms
step:1111/1680 train_time:370471ms step_avg:333.46ms
step:1112/1680 train_time:370804ms step_avg:333.46ms
step:1113/1680 train_time:371136ms step_avg:333.46ms
step:1114/1680 train_time:371469ms step_avg:333.46ms
step:1115/1680 train_time:371799ms step_avg:333.45ms
step:1116/1680 train_time:372132ms step_avg:333.45ms
step:1117/1680 train_time:372463ms step_avg:333.45ms
step:1118/1680 train_time:372798ms step_avg:333.45ms
step:1119/1680 train_time:373132ms step_avg:333.45ms
step:1120/1680 train_time:373467ms step_avg:333.45ms
step:1121/1680 train_time:373801ms step_avg:333.45ms
step:1122/1680 train_time:374131ms step_avg:333.45ms
step:1123/1680 train_time:374463ms step_avg:333.45ms
step:1124/1680 train_time:374794ms step_avg:333.45ms
step:1125/1680 train_time:375124ms step_avg:333.44ms
step:1125/1680 val_loss:3.4107 train_time:375344ms step_avg:333.64ms
step:1126/1680 train_time:375540ms step_avg:333.52ms
step:1127/1680 train_time:375868ms step_avg:333.51ms
step:1128/1680 train_time:376199ms step_avg:333.51ms
step:1129/1680 train_time:376528ms step_avg:333.51ms
step:1130/1680 train_time:376860ms step_avg:333.50ms
step:1131/1680 train_time:377197ms step_avg:333.51ms
step:1132/1680 train_time:377527ms step_avg:333.50ms
step:1133/1680 train_time:377860ms step_avg:333.50ms
step:1134/1680 train_time:378191ms step_avg:333.50ms
step:1135/1680 train_time:378524ms step_avg:333.50ms
step:1136/1680 train_time:378858ms step_avg:333.50ms
step:1137/1680 train_time:379189ms step_avg:333.50ms
step:1138/1680 train_time:379523ms step_avg:333.50ms
step:1139/1680 train_time:379854ms step_avg:333.50ms
step:1140/1680 train_time:380184ms step_avg:333.50ms
step:1141/1680 train_time:380528ms step_avg:333.50ms
step:1142/1680 train_time:380870ms step_avg:333.51ms
step:1143/1680 train_time:381196ms step_avg:333.51ms
step:1144/1680 train_time:381528ms step_avg:333.50ms
step:1145/1680 train_time:381868ms step_avg:333.51ms
step:1146/1680 train_time:382203ms step_avg:333.51ms
step:1147/1680 train_time:382533ms step_avg:333.51ms
step:1148/1680 train_time:382865ms step_avg:333.51ms
step:1149/1680 train_time:383199ms step_avg:333.51ms
step:1150/1680 train_time:383530ms step_avg:333.50ms
step:1151/1680 train_time:383860ms step_avg:333.50ms
step:1152/1680 train_time:384187ms step_avg:333.50ms
step:1153/1680 train_time:384516ms step_avg:333.49ms
step:1154/1680 train_time:384850ms step_avg:333.49ms
step:1155/1680 train_time:385182ms step_avg:333.49ms
step:1156/1680 train_time:385521ms step_avg:333.50ms
step:1157/1680 train_time:385853ms step_avg:333.49ms
step:1158/1680 train_time:386190ms step_avg:333.50ms
step:1159/1680 train_time:386516ms step_avg:333.49ms
step:1160/1680 train_time:386864ms step_avg:333.50ms
step:1161/1680 train_time:387196ms step_avg:333.50ms
step:1162/1680 train_time:387530ms step_avg:333.50ms
step:1163/1680 train_time:387863ms step_avg:333.50ms
step:1164/1680 train_time:388191ms step_avg:333.50ms
step:1165/1680 train_time:388533ms step_avg:333.50ms
step:1166/1680 train_time:388855ms step_avg:333.49ms
step:1167/1680 train_time:389189ms step_avg:333.50ms
step:1168/1680 train_time:389517ms step_avg:333.49ms
step:1169/1680 train_time:389849ms step_avg:333.49ms
step:1170/1680 train_time:390178ms step_avg:333.49ms
step:1171/1680 train_time:390508ms step_avg:333.48ms
step:1172/1680 train_time:390843ms step_avg:333.48ms
step:1173/1680 train_time:391173ms step_avg:333.48ms
step:1174/1680 train_time:391504ms step_avg:333.48ms
step:1175/1680 train_time:391840ms step_avg:333.48ms
step:1176/1680 train_time:392176ms step_avg:333.48ms
step:1177/1680 train_time:392505ms step_avg:333.48ms
step:1178/1680 train_time:392841ms step_avg:333.48ms
step:1179/1680 train_time:393176ms step_avg:333.48ms
step:1180/1680 train_time:393512ms step_avg:333.48ms
step:1181/1680 train_time:393843ms step_avg:333.48ms
step:1182/1680 train_time:394170ms step_avg:333.48ms
step:1183/1680 train_time:394503ms step_avg:333.48ms
step:1184/1680 train_time:394833ms step_avg:333.47ms
step:1185/1680 train_time:395167ms step_avg:333.47ms
step:1186/1680 train_time:395497ms step_avg:333.47ms
step:1187/1680 train_time:395829ms step_avg:333.47ms
step:1188/1680 train_time:396165ms step_avg:333.47ms
step:1189/1680 train_time:396498ms step_avg:333.47ms
step:1190/1680 train_time:396830ms step_avg:333.47ms
step:1191/1680 train_time:397165ms step_avg:333.47ms
step:1192/1680 train_time:397492ms step_avg:333.47ms
step:1193/1680 train_time:397828ms step_avg:333.47ms
step:1194/1680 train_time:398166ms step_avg:333.47ms
step:1195/1680 train_time:398493ms step_avg:333.47ms
step:1196/1680 train_time:398825ms step_avg:333.47ms
step:1197/1680 train_time:399157ms step_avg:333.46ms
step:1198/1680 train_time:399489ms step_avg:333.46ms
step:1199/1680 train_time:399821ms step_avg:333.46ms
step:1200/1680 train_time:400152ms step_avg:333.46ms
step:1201/1680 train_time:400483ms step_avg:333.46ms
step:1202/1680 train_time:400818ms step_avg:333.46ms
step:1203/1680 train_time:401149ms step_avg:333.46ms
step:1204/1680 train_time:401481ms step_avg:333.46ms
step:1205/1680 train_time:401812ms step_avg:333.45ms
step:1206/1680 train_time:402146ms step_avg:333.45ms
step:1207/1680 train_time:402478ms step_avg:333.45ms
step:1208/1680 train_time:402816ms step_avg:333.46ms
step:1209/1680 train_time:403149ms step_avg:333.46ms
step:1210/1680 train_time:403475ms step_avg:333.45ms
step:1211/1680 train_time:403811ms step_avg:333.45ms
step:1212/1680 train_time:404142ms step_avg:333.45ms
step:1213/1680 train_time:404473ms step_avg:333.45ms
step:1214/1680 train_time:404807ms step_avg:333.45ms
step:1215/1680 train_time:405136ms step_avg:333.45ms
step:1216/1680 train_time:405458ms step_avg:333.44ms
step:1217/1680 train_time:405788ms step_avg:333.43ms
step:1218/1680 train_time:406123ms step_avg:333.43ms
step:1219/1680 train_time:406453ms step_avg:333.43ms
step:1220/1680 train_time:406790ms step_avg:333.43ms
step:1221/1680 train_time:407123ms step_avg:333.43ms
step:1222/1680 train_time:407454ms step_avg:333.43ms
step:1223/1680 train_time:407789ms step_avg:333.43ms
step:1224/1680 train_time:408125ms step_avg:333.44ms
step:1225/1680 train_time:408454ms step_avg:333.43ms
step:1226/1680 train_time:408794ms step_avg:333.44ms
step:1227/1680 train_time:409122ms step_avg:333.43ms
step:1228/1680 train_time:409450ms step_avg:333.43ms
step:1229/1680 train_time:409782ms step_avg:333.43ms
step:1230/1680 train_time:410113ms step_avg:333.42ms
step:1231/1680 train_time:410441ms step_avg:333.42ms
step:1232/1680 train_time:410773ms step_avg:333.42ms
step:1233/1680 train_time:411104ms step_avg:333.42ms
step:1234/1680 train_time:411439ms step_avg:333.42ms
step:1235/1680 train_time:411770ms step_avg:333.42ms
step:1236/1680 train_time:412105ms step_avg:333.42ms
step:1237/1680 train_time:412436ms step_avg:333.42ms
step:1238/1680 train_time:412767ms step_avg:333.41ms
step:1239/1680 train_time:413097ms step_avg:333.41ms
step:1240/1680 train_time:413431ms step_avg:333.41ms
step:1241/1680 train_time:413765ms step_avg:333.41ms
step:1242/1680 train_time:414100ms step_avg:333.41ms
step:1243/1680 train_time:414432ms step_avg:333.41ms
step:1244/1680 train_time:414766ms step_avg:333.41ms
step:1245/1680 train_time:415101ms step_avg:333.41ms
step:1246/1680 train_time:415431ms step_avg:333.41ms
step:1247/1680 train_time:415762ms step_avg:333.41ms
step:1248/1680 train_time:416092ms step_avg:333.41ms
step:1249/1680 train_time:416425ms step_avg:333.41ms
step:1250/1680 train_time:416758ms step_avg:333.41ms
step:1250/1680 val_loss:3.3725 train_time:416983ms step_avg:333.59ms
step:1251/1680 train_time:417191ms step_avg:333.49ms
step:1252/1680 train_time:417504ms step_avg:333.47ms
step:1253/1680 train_time:417843ms step_avg:333.47ms
step:1254/1680 train_time:418178ms step_avg:333.48ms
step:1255/1680 train_time:418510ms step_avg:333.47ms
step:1256/1680 train_time:418842ms step_avg:333.47ms
step:1257/1680 train_time:419177ms step_avg:333.47ms
step:1258/1680 train_time:419510ms step_avg:333.47ms
step:1259/1680 train_time:419843ms step_avg:333.47ms
step:1260/1680 train_time:420184ms step_avg:333.48ms
step:1261/1680 train_time:420519ms step_avg:333.48ms
step:1262/1680 train_time:420846ms step_avg:333.48ms
step:1263/1680 train_time:421173ms step_avg:333.47ms
step:1264/1680 train_time:421498ms step_avg:333.46ms
step:1265/1680 train_time:421830ms step_avg:333.46ms
step:1266/1680 train_time:422164ms step_avg:333.46ms
step:1267/1680 train_time:422498ms step_avg:333.46ms
step:1268/1680 train_time:422835ms step_avg:333.47ms
step:1269/1680 train_time:423167ms step_avg:333.46ms
step:1270/1680 train_time:423502ms step_avg:333.47ms
step:1271/1680 train_time:423836ms step_avg:333.47ms
step:1272/1680 train_time:424164ms step_avg:333.46ms
step:1273/1680 train_time:424497ms step_avg:333.46ms
step:1274/1680 train_time:424829ms step_avg:333.46ms
step:1275/1680 train_time:425159ms step_avg:333.46ms
step:1276/1680 train_time:425489ms step_avg:333.46ms
step:1277/1680 train_time:425831ms step_avg:333.46ms
step:1278/1680 train_time:426166ms step_avg:333.46ms
step:1279/1680 train_time:426486ms step_avg:333.45ms
step:1280/1680 train_time:426822ms step_avg:333.45ms
step:1281/1680 train_time:427151ms step_avg:333.45ms
step:1282/1680 train_time:427487ms step_avg:333.45ms
step:1283/1680 train_time:427820ms step_avg:333.45ms
step:1284/1680 train_time:428152ms step_avg:333.45ms
step:1285/1680 train_time:428486ms step_avg:333.45ms
step:1286/1680 train_time:428821ms step_avg:333.45ms
step:1287/1680 train_time:429151ms step_avg:333.45ms
step:1288/1680 train_time:429491ms step_avg:333.46ms
step:1289/1680 train_time:429818ms step_avg:333.45ms
step:1290/1680 train_time:430148ms step_avg:333.45ms
step:1291/1680 train_time:430483ms step_avg:333.45ms
step:1292/1680 train_time:430818ms step_avg:333.45ms
step:1293/1680 train_time:431147ms step_avg:333.45ms
step:1294/1680 train_time:431479ms step_avg:333.45ms
step:1295/1680 train_time:431817ms step_avg:333.45ms
step:1296/1680 train_time:432142ms step_avg:333.44ms
step:1297/1680 train_time:432474ms step_avg:333.44ms
step:1298/1680 train_time:432804ms step_avg:333.44ms
step:1299/1680 train_time:433138ms step_avg:333.44ms
step:1300/1680 train_time:433470ms step_avg:333.44ms
step:1301/1680 train_time:433801ms step_avg:333.44ms
step:1302/1680 train_time:434131ms step_avg:333.43ms
step:1303/1680 train_time:434467ms step_avg:333.44ms
step:1304/1680 train_time:434802ms step_avg:333.44ms
step:1305/1680 train_time:435131ms step_avg:333.43ms
step:1306/1680 train_time:435459ms step_avg:333.43ms
step:1307/1680 train_time:435793ms step_avg:333.43ms
step:1308/1680 train_time:436127ms step_avg:333.43ms
step:1309/1680 train_time:436457ms step_avg:333.43ms
step:1310/1680 train_time:436789ms step_avg:333.43ms
step:1311/1680 train_time:437119ms step_avg:333.42ms
step:1312/1680 train_time:437450ms step_avg:333.42ms
step:1313/1680 train_time:437785ms step_avg:333.42ms
step:1314/1680 train_time:438122ms step_avg:333.43ms
step:1315/1680 train_time:438456ms step_avg:333.43ms
step:1316/1680 train_time:438786ms step_avg:333.42ms
step:1317/1680 train_time:439121ms step_avg:333.43ms
step:1318/1680 train_time:439450ms step_avg:333.42ms
step:1319/1680 train_time:439782ms step_avg:333.42ms
step:1320/1680 train_time:440116ms step_avg:333.42ms
step:1321/1680 train_time:440450ms step_avg:333.42ms
step:1322/1680 train_time:440785ms step_avg:333.42ms
step:1323/1680 train_time:441119ms step_avg:333.42ms
step:1324/1680 train_time:441451ms step_avg:333.42ms
step:1325/1680 train_time:441782ms step_avg:333.42ms
step:1326/1680 train_time:442117ms step_avg:333.42ms
step:1327/1680 train_time:442449ms step_avg:333.42ms
step:1328/1680 train_time:442785ms step_avg:333.42ms
step:1329/1680 train_time:443116ms step_avg:333.42ms
step:1330/1680 train_time:443447ms step_avg:333.42ms
step:1331/1680 train_time:443777ms step_avg:333.42ms
step:1332/1680 train_time:444109ms step_avg:333.42ms
step:1333/1680 train_time:444442ms step_avg:333.41ms
step:1334/1680 train_time:444775ms step_avg:333.41ms
step:1335/1680 train_time:445109ms step_avg:333.41ms
step:1336/1680 train_time:445456ms step_avg:333.43ms
step:1337/1680 train_time:445774ms step_avg:333.41ms
step:1338/1680 train_time:446108ms step_avg:333.41ms
step:1339/1680 train_time:446443ms step_avg:333.41ms
step:1340/1680 train_time:446775ms step_avg:333.41ms
step:1341/1680 train_time:447117ms step_avg:333.42ms
step:1342/1680 train_time:447453ms step_avg:333.42ms
step:1343/1680 train_time:447785ms step_avg:333.42ms
step:1344/1680 train_time:448123ms step_avg:333.42ms
step:1345/1680 train_time:448445ms step_avg:333.42ms
step:1346/1680 train_time:448777ms step_avg:333.42ms
step:1347/1680 train_time:449110ms step_avg:333.41ms
step:1348/1680 train_time:449442ms step_avg:333.41ms
step:1349/1680 train_time:449776ms step_avg:333.41ms
step:1350/1680 train_time:450108ms step_avg:333.41ms
step:1351/1680 train_time:450441ms step_avg:333.41ms
step:1352/1680 train_time:450773ms step_avg:333.41ms
step:1353/1680 train_time:451107ms step_avg:333.41ms
step:1354/1680 train_time:451440ms step_avg:333.41ms
step:1355/1680 train_time:451771ms step_avg:333.41ms
step:1356/1680 train_time:452108ms step_avg:333.41ms
step:1357/1680 train_time:452442ms step_avg:333.41ms
step:1358/1680 train_time:452773ms step_avg:333.41ms
step:1359/1680 train_time:453105ms step_avg:333.41ms
step:1360/1680 train_time:453440ms step_avg:333.41ms
step:1361/1680 train_time:453776ms step_avg:333.41ms
step:1362/1680 train_time:454106ms step_avg:333.41ms
step:1363/1680 train_time:454441ms step_avg:333.41ms
step:1364/1680 train_time:454772ms step_avg:333.41ms
step:1365/1680 train_time:455105ms step_avg:333.41ms
step:1366/1680 train_time:455441ms step_avg:333.41ms
step:1367/1680 train_time:455777ms step_avg:333.41ms
step:1368/1680 train_time:456110ms step_avg:333.41ms
step:1369/1680 train_time:456440ms step_avg:333.41ms
step:1370/1680 train_time:456772ms step_avg:333.41ms
step:1371/1680 train_time:457106ms step_avg:333.41ms
step:1372/1680 train_time:457437ms step_avg:333.41ms
step:1373/1680 train_time:457767ms step_avg:333.41ms
step:1374/1680 train_time:458102ms step_avg:333.41ms
step:1375/1680 train_time:458436ms step_avg:333.41ms
step:1375/1680 val_loss:3.3379 train_time:458656ms step_avg:333.57ms
step:1376/1680 train_time:458863ms step_avg:333.48ms
step:1377/1680 train_time:459188ms step_avg:333.47ms
step:1378/1680 train_time:459523ms step_avg:333.47ms
step:1379/1680 train_time:459853ms step_avg:333.47ms
step:1380/1680 train_time:460188ms step_avg:333.47ms
step:1381/1680 train_time:460526ms step_avg:333.47ms
step:1382/1680 train_time:460858ms step_avg:333.47ms
step:1383/1680 train_time:461191ms step_avg:333.47ms
step:1384/1680 train_time:461523ms step_avg:333.47ms
step:1385/1680 train_time:461855ms step_avg:333.47ms
step:1386/1680 train_time:462188ms step_avg:333.47ms
step:1387/1680 train_time:462519ms step_avg:333.47ms
step:1388/1680 train_time:462851ms step_avg:333.47ms
step:1389/1680 train_time:463184ms step_avg:333.47ms
step:1390/1680 train_time:463518ms step_avg:333.47ms
step:1391/1680 train_time:463852ms step_avg:333.47ms
step:1392/1680 train_time:464184ms step_avg:333.47ms
step:1393/1680 train_time:464519ms step_avg:333.47ms
step:1394/1680 train_time:464851ms step_avg:333.47ms
step:1395/1680 train_time:465184ms step_avg:333.47ms
step:1396/1680 train_time:465515ms step_avg:333.46ms
step:1397/1680 train_time:465851ms step_avg:333.46ms
step:1398/1680 train_time:466182ms step_avg:333.46ms
step:1399/1680 train_time:466512ms step_avg:333.46ms
step:1400/1680 train_time:466844ms step_avg:333.46ms
step:1401/1680 train_time:467183ms step_avg:333.46ms
step:1402/1680 train_time:467516ms step_avg:333.46ms
step:1403/1680 train_time:467844ms step_avg:333.46ms
step:1404/1680 train_time:468181ms step_avg:333.46ms
step:1405/1680 train_time:468512ms step_avg:333.46ms
step:1406/1680 train_time:468841ms step_avg:333.46ms
step:1407/1680 train_time:469176ms step_avg:333.46ms
step:1408/1680 train_time:469510ms step_avg:333.46ms
step:1409/1680 train_time:469842ms step_avg:333.46ms
step:1410/1680 train_time:470172ms step_avg:333.46ms
step:1411/1680 train_time:470506ms step_avg:333.46ms
step:1412/1680 train_time:470841ms step_avg:333.46ms
step:1413/1680 train_time:471171ms step_avg:333.45ms
step:1414/1680 train_time:471505ms step_avg:333.45ms
step:1415/1680 train_time:471833ms step_avg:333.45ms
step:1416/1680 train_time:472172ms step_avg:333.45ms
step:1417/1680 train_time:472505ms step_avg:333.45ms
step:1418/1680 train_time:472836ms step_avg:333.45ms
step:1419/1680 train_time:473171ms step_avg:333.45ms
step:1420/1680 train_time:473505ms step_avg:333.45ms
step:1421/1680 train_time:473833ms step_avg:333.45ms
step:1422/1680 train_time:474162ms step_avg:333.45ms
step:1423/1680 train_time:474499ms step_avg:333.45ms
step:1424/1680 train_time:474836ms step_avg:333.45ms
step:1425/1680 train_time:475169ms step_avg:333.45ms
step:1426/1680 train_time:475506ms step_avg:333.45ms
step:1427/1680 train_time:475837ms step_avg:333.45ms
step:1428/1680 train_time:476174ms step_avg:333.45ms
step:1429/1680 train_time:476506ms step_avg:333.45ms
step:1430/1680 train_time:476840ms step_avg:333.45ms
step:1431/1680 train_time:477176ms step_avg:333.46ms
step:1432/1680 train_time:477507ms step_avg:333.45ms
step:1433/1680 train_time:477838ms step_avg:333.45ms
step:1434/1680 train_time:478185ms step_avg:333.46ms
step:1435/1680 train_time:478520ms step_avg:333.46ms
step:1436/1680 train_time:478855ms step_avg:333.46ms
step:1437/1680 train_time:479172ms step_avg:333.45ms
step:1438/1680 train_time:479504ms step_avg:333.45ms
step:1439/1680 train_time:479836ms step_avg:333.45ms
step:1440/1680 train_time:480169ms step_avg:333.45ms
step:1441/1680 train_time:480500ms step_avg:333.45ms
step:1442/1680 train_time:480837ms step_avg:333.45ms
step:1443/1680 train_time:481167ms step_avg:333.45ms
step:1444/1680 train_time:481500ms step_avg:333.45ms
step:1445/1680 train_time:481837ms step_avg:333.45ms
step:1446/1680 train_time:482164ms step_avg:333.45ms
step:1447/1680 train_time:482496ms step_avg:333.45ms
step:1448/1680 train_time:482831ms step_avg:333.45ms
step:1449/1680 train_time:483170ms step_avg:333.45ms
step:1450/1680 train_time:483504ms step_avg:333.45ms
step:1451/1680 train_time:483835ms step_avg:333.45ms
step:1452/1680 train_time:484171ms step_avg:333.45ms
step:1453/1680 train_time:484505ms step_avg:333.45ms
step:1454/1680 train_time:484836ms step_avg:333.45ms
step:1455/1680 train_time:485168ms step_avg:333.45ms
step:1456/1680 train_time:485508ms step_avg:333.45ms
step:1457/1680 train_time:485842ms step_avg:333.45ms
step:1458/1680 train_time:486171ms step_avg:333.45ms
step:1459/1680 train_time:486508ms step_avg:333.45ms
step:1460/1680 train_time:486848ms step_avg:333.46ms
step:1461/1680 train_time:487182ms step_avg:333.46ms
step:1462/1680 train_time:487507ms step_avg:333.45ms
step:1463/1680 train_time:487842ms step_avg:333.45ms
step:1464/1680 train_time:488173ms step_avg:333.45ms
step:1465/1680 train_time:488511ms step_avg:333.45ms
step:1466/1680 train_time:488847ms step_avg:333.46ms
step:1467/1680 train_time:489186ms step_avg:333.46ms
step:1468/1680 train_time:489519ms step_avg:333.46ms
step:1469/1680 train_time:489863ms step_avg:333.47ms
step:1470/1680 train_time:490234ms step_avg:333.49ms
step:1471/1680 train_time:490525ms step_avg:333.46ms
step:1472/1680 train_time:490857ms step_avg:333.46ms
step:1473/1680 train_time:491190ms step_avg:333.46ms
step:1474/1680 train_time:491525ms step_avg:333.46ms
step:1475/1680 train_time:491861ms step_avg:333.46ms
step:1476/1680 train_time:492193ms step_avg:333.46ms
step:1477/1680 train_time:492524ms step_avg:333.46ms
step:1478/1680 train_time:492860ms step_avg:333.46ms
step:1479/1680 train_time:493197ms step_avg:333.47ms
step:1480/1680 train_time:493530ms step_avg:333.47ms
step:1481/1680 train_time:493865ms step_avg:333.47ms
step:1482/1680 train_time:494199ms step_avg:333.47ms
step:1483/1680 train_time:494534ms step_avg:333.47ms
step:1484/1680 train_time:494867ms step_avg:333.47ms
step:1485/1680 train_time:495208ms step_avg:333.47ms
step:1486/1680 train_time:495540ms step_avg:333.47ms
step:1487/1680 train_time:495879ms step_avg:333.48ms
step:1488/1680 train_time:496213ms step_avg:333.48ms
step:1489/1680 train_time:496551ms step_avg:333.48ms
step:1490/1680 train_time:496881ms step_avg:333.48ms
step:1491/1680 train_time:497212ms step_avg:333.48ms
step:1492/1680 train_time:497550ms step_avg:333.48ms
step:1493/1680 train_time:497898ms step_avg:333.49ms
step:1494/1680 train_time:498216ms step_avg:333.48ms
step:1495/1680 train_time:498552ms step_avg:333.48ms
step:1496/1680 train_time:498885ms step_avg:333.48ms
step:1497/1680 train_time:499216ms step_avg:333.48ms
step:1498/1680 train_time:499552ms step_avg:333.48ms
step:1499/1680 train_time:499887ms step_avg:333.48ms
step:1500/1680 train_time:500217ms step_avg:333.48ms
step:1500/1680 val_loss:3.3080 train_time:500438ms step_avg:333.63ms
step:1501/1680 train_time:500650ms step_avg:333.54ms
step:1502/1680 train_time:500959ms step_avg:333.53ms
step:1503/1680 train_time:501292ms step_avg:333.53ms
step:1504/1680 train_time:501630ms step_avg:333.53ms
step:1505/1680 train_time:501967ms step_avg:333.53ms
step:1506/1680 train_time:502303ms step_avg:333.53ms
step:1507/1680 train_time:502638ms step_avg:333.54ms
step:1508/1680 train_time:502969ms step_avg:333.53ms
step:1509/1680 train_time:503305ms step_avg:333.54ms
step:1510/1680 train_time:503640ms step_avg:333.54ms
step:1511/1680 train_time:503976ms step_avg:333.54ms
step:1512/1680 train_time:504309ms step_avg:333.54ms
step:1513/1680 train_time:504646ms step_avg:333.54ms
step:1514/1680 train_time:504974ms step_avg:333.54ms
step:1515/1680 train_time:505305ms step_avg:333.53ms
step:1516/1680 train_time:505642ms step_avg:333.54ms
step:1517/1680 train_time:505975ms step_avg:333.54ms
step:1518/1680 train_time:506310ms step_avg:333.54ms
step:1519/1680 train_time:506641ms step_avg:333.54ms
step:1520/1680 train_time:506983ms step_avg:333.54ms
step:1521/1680 train_time:507322ms step_avg:333.55ms
step:1522/1680 train_time:507652ms step_avg:333.54ms
step:1523/1680 train_time:507983ms step_avg:333.54ms
step:1524/1680 train_time:508317ms step_avg:333.54ms
step:1525/1680 train_time:508657ms step_avg:333.55ms
step:1526/1680 train_time:508987ms step_avg:333.54ms
step:1527/1680 train_time:509322ms step_avg:333.54ms
step:1528/1680 train_time:509656ms step_avg:333.54ms
step:1529/1680 train_time:509990ms step_avg:333.55ms
step:1530/1680 train_time:510323ms step_avg:333.54ms
step:1531/1680 train_time:510660ms step_avg:333.55ms
step:1532/1680 train_time:510992ms step_avg:333.55ms
step:1533/1680 train_time:511327ms step_avg:333.55ms
step:1534/1680 train_time:511660ms step_avg:333.55ms
step:1535/1680 train_time:511988ms step_avg:333.54ms
step:1536/1680 train_time:512322ms step_avg:333.54ms
step:1537/1680 train_time:512661ms step_avg:333.55ms
step:1538/1680 train_time:512995ms step_avg:333.55ms
step:1539/1680 train_time:513325ms step_avg:333.54ms
step:1540/1680 train_time:513661ms step_avg:333.55ms
step:1541/1680 train_time:513994ms step_avg:333.55ms
step:1542/1680 train_time:514332ms step_avg:333.55ms
step:1543/1680 train_time:514680ms step_avg:333.56ms
step:1544/1680 train_time:515002ms step_avg:333.55ms
step:1545/1680 train_time:515339ms step_avg:333.55ms
step:1546/1680 train_time:515668ms step_avg:333.55ms
step:1547/1680 train_time:516004ms step_avg:333.55ms
step:1548/1680 train_time:516337ms step_avg:333.55ms
step:1549/1680 train_time:516672ms step_avg:333.55ms
step:1550/1680 train_time:517004ms step_avg:333.55ms
step:1551/1680 train_time:517340ms step_avg:333.55ms
step:1552/1680 train_time:517676ms step_avg:333.55ms
step:1553/1680 train_time:518007ms step_avg:333.55ms
step:1554/1680 train_time:518344ms step_avg:333.55ms
step:1555/1680 train_time:518674ms step_avg:333.55ms
step:1556/1680 train_time:519009ms step_avg:333.55ms
step:1557/1680 train_time:519346ms step_avg:333.56ms
step:1558/1680 train_time:519684ms step_avg:333.56ms
step:1559/1680 train_time:520016ms step_avg:333.56ms
step:1560/1680 train_time:520351ms step_avg:333.56ms
step:1561/1680 train_time:520681ms step_avg:333.56ms
step:1562/1680 train_time:521027ms step_avg:333.56ms
step:1563/1680 train_time:521358ms step_avg:333.56ms
step:1564/1680 train_time:521696ms step_avg:333.57ms
step:1565/1680 train_time:522027ms step_avg:333.56ms
step:1566/1680 train_time:522364ms step_avg:333.57ms
step:1567/1680 train_time:522692ms step_avg:333.56ms
step:1568/1680 train_time:523026ms step_avg:333.56ms
step:1569/1680 train_time:523355ms step_avg:333.56ms
step:1570/1680 train_time:523694ms step_avg:333.56ms
step:1571/1680 train_time:524026ms step_avg:333.56ms
step:1572/1680 train_time:524363ms step_avg:333.56ms
step:1573/1680 train_time:524696ms step_avg:333.56ms
step:1574/1680 train_time:525029ms step_avg:333.56ms
step:1575/1680 train_time:525365ms step_avg:333.57ms
step:1576/1680 train_time:525704ms step_avg:333.57ms
step:1577/1680 train_time:526036ms step_avg:333.57ms
step:1578/1680 train_time:526371ms step_avg:333.57ms
step:1579/1680 train_time:526703ms step_avg:333.57ms
step:1580/1680 train_time:527039ms step_avg:333.57ms
step:1581/1680 train_time:527373ms step_avg:333.57ms
step:1582/1680 train_time:527705ms step_avg:333.57ms
step:1583/1680 train_time:528045ms step_avg:333.57ms
step:1584/1680 train_time:528375ms step_avg:333.57ms
step:1585/1680 train_time:528712ms step_avg:333.57ms
step:1586/1680 train_time:529047ms step_avg:333.57ms
step:1587/1680 train_time:529381ms step_avg:333.57ms
step:1588/1680 train_time:529714ms step_avg:333.57ms
step:1589/1680 train_time:530048ms step_avg:333.57ms
step:1590/1680 train_time:530379ms step_avg:333.57ms
step:1591/1680 train_time:530715ms step_avg:333.57ms
step:1592/1680 train_time:531049ms step_avg:333.57ms
step:1593/1680 train_time:531380ms step_avg:333.57ms
step:1594/1680 train_time:531722ms step_avg:333.58ms
step:1595/1680 train_time:532058ms step_avg:333.58ms
step:1596/1680 train_time:532389ms step_avg:333.58ms
step:1597/1680 train_time:532728ms step_avg:333.58ms
step:1598/1680 train_time:533055ms step_avg:333.58ms
step:1599/1680 train_time:533390ms step_avg:333.58ms
step:1600/1680 train_time:533726ms step_avg:333.58ms
step:1601/1680 train_time:534063ms step_avg:333.58ms
step:1602/1680 train_time:534391ms step_avg:333.58ms
step:1603/1680 train_time:534724ms step_avg:333.58ms
step:1604/1680 train_time:535068ms step_avg:333.58ms
step:1605/1680 train_time:535407ms step_avg:333.59ms
step:1606/1680 train_time:535737ms step_avg:333.58ms
step:1607/1680 train_time:536072ms step_avg:333.59ms
step:1608/1680 train_time:536403ms step_avg:333.58ms
step:1609/1680 train_time:536739ms step_avg:333.59ms
step:1610/1680 train_time:537075ms step_avg:333.59ms
step:1611/1680 train_time:537415ms step_avg:333.59ms
step:1612/1680 train_time:537746ms step_avg:333.59ms
step:1613/1680 train_time:538082ms step_avg:333.59ms
step:1614/1680 train_time:538416ms step_avg:333.59ms
step:1615/1680 train_time:538751ms step_avg:333.59ms
step:1616/1680 train_time:539088ms step_avg:333.59ms
step:1617/1680 train_time:539418ms step_avg:333.59ms
step:1618/1680 train_time:539750ms step_avg:333.59ms
step:1619/1680 train_time:540087ms step_avg:333.59ms
step:1620/1680 train_time:540425ms step_avg:333.60ms
step:1621/1680 train_time:540762ms step_avg:333.60ms
step:1622/1680 train_time:541098ms step_avg:333.60ms
step:1623/1680 train_time:541431ms step_avg:333.60ms
step:1624/1680 train_time:541765ms step_avg:333.60ms
step:1625/1680 train_time:542102ms step_avg:333.60ms
step:1625/1680 val_loss:3.2832 train_time:542321ms step_avg:333.74ms
step:1626/1680 train_time:542539ms step_avg:333.67ms
step:1627/1680 train_time:542859ms step_avg:333.66ms
step:1628/1680 train_time:543186ms step_avg:333.65ms
step:1629/1680 train_time:543515ms step_avg:333.65ms
step:1630/1680 train_time:543848ms step_avg:333.65ms
step:1631/1680 train_time:544183ms step_avg:333.65ms
step:1632/1680 train_time:544515ms step_avg:333.65ms
step:1633/1680 train_time:544847ms step_avg:333.65ms
step:1634/1680 train_time:545180ms step_avg:333.65ms
step:1635/1680 train_time:545514ms step_avg:333.65ms
step:1636/1680 train_time:545847ms step_avg:333.65ms
step:1637/1680 train_time:546182ms step_avg:333.65ms
step:1638/1680 train_time:546516ms step_avg:333.65ms
step:1639/1680 train_time:546853ms step_avg:333.65ms
step:1640/1680 train_time:547197ms step_avg:333.66ms
step:1641/1680 train_time:547522ms step_avg:333.65ms
step:1642/1680 train_time:547856ms step_avg:333.65ms
step:1643/1680 train_time:548192ms step_avg:333.65ms
step:1644/1680 train_time:548528ms step_avg:333.65ms
step:1645/1680 train_time:548876ms step_avg:333.66ms
step:1646/1680 train_time:549206ms step_avg:333.66ms
step:1647/1680 train_time:549523ms step_avg:333.65ms
step:1648/1680 train_time:549856ms step_avg:333.65ms
step:1649/1680 train_time:550191ms step_avg:333.65ms
step:1650/1680 train_time:550526ms step_avg:333.65ms
step:1651/1680 train_time:550864ms step_avg:333.65ms
step:1652/1680 train_time:551200ms step_avg:333.66ms
step:1653/1680 train_time:551538ms step_avg:333.66ms
step:1654/1680 train_time:551872ms step_avg:333.66ms
step:1655/1680 train_time:552208ms step_avg:333.66ms
step:1656/1680 train_time:552538ms step_avg:333.66ms
step:1657/1680 train_time:552875ms step_avg:333.66ms
step:1658/1680 train_time:553206ms step_avg:333.66ms
step:1659/1680 train_time:553540ms step_avg:333.66ms
step:1660/1680 train_time:553874ms step_avg:333.66ms
step:1661/1680 train_time:554208ms step_avg:333.66ms
step:1662/1680 train_time:554544ms step_avg:333.66ms
step:1663/1680 train_time:554873ms step_avg:333.66ms
step:1664/1680 train_time:555214ms step_avg:333.66ms
step:1665/1680 train_time:555550ms step_avg:333.66ms
step:1666/1680 train_time:555884ms step_avg:333.66ms
step:1667/1680 train_time:556214ms step_avg:333.66ms
step:1668/1680 train_time:556559ms step_avg:333.67ms
step:1669/1680 train_time:556893ms step_avg:333.67ms
step:1670/1680 train_time:557225ms step_avg:333.67ms
step:1671/1680 train_time:557560ms step_avg:333.67ms
step:1672/1680 train_time:557895ms step_avg:333.67ms
step:1673/1680 train_time:558229ms step_avg:333.67ms
step:1674/1680 train_time:558567ms step_avg:333.67ms
step:1675/1680 train_time:558898ms step_avg:333.67ms
step:1676/1680 train_time:559235ms step_avg:333.67ms
step:1677/1680 train_time:559567ms step_avg:333.67ms
step:1678/1680 train_time:559913ms step_avg:333.68ms
step:1679/1680 train_time:560252ms step_avg:333.68ms
step:1680/1680 train_time:560590ms step_avg:333.68ms
step:1680/1680 val_loss:3.2730 train_time:560793ms step_avg:333.81ms
peak memory allocated: 41905 MiB reserved: 56384 MiB
total training time: 560.79s (560793ms)
Final val_loss: 3.273
=== Done (exit=0, status=COMPLETED) ===
