=== Environment ===
PYTHON=/root/miniconda3/envs/llm_test/bin/python
Python 3.10.19
SEED=2
NPROC=16
DATA_PATH=/models/modded-nanogpt_record50_cautious_wd
Wed May 27 07:06:54 UTC 2026
=== Starting Training ===
W0527 15:07:06.255000 272 site-packages/torch/distributed/run.py:766] 
W0527 15:07:06.255000 272 site-packages/torch/distributed/run.py:766] *****************************************
W0527 15:07:06.255000 272 site-packages/torch/distributed/run.py:766] Setting OMP_NUM_THREADS environment variable for each process to be 1 in default, to avoid your system being overloaded, please further tune the variable for optimal performance in your application as needed. 
W0527 15:07:06.255000 272 site-packages/torch/distributed/run.py:766] *****************************************
/root/miniconda3/envs/llm_test/lib/python3.10/site-packages/torch/autograd/__init__.py:221: UserWarning: Cannot create tensor with interal format while allow_internel_format=False, tensor will be created with base format. (Triggered internally at build/CMakeFiles/torch_npu.dir/compiler_depend.ts:338.)
  torch.ones_like(out, memory_format=torch.preserve_format)
/root/miniconda3/envs/llm_test/lib/python3.10/site-packages/torch/autograd/__init__.py:221: UserWarning: Cannot create tensor with interal format while allow_internel_format=False, tensor will be created with base format. (Triggered internally at build/CMakeFiles/torch_npu.dir/compiler_depend.ts:338.)
  torch.ones_like(out, memory_format=torch.preserve_format)
/root/miniconda3/envs/llm_test/lib/python3.10/site-packages/torch/autograd/__init__.py:221: UserWarning: Cannot create tensor with interal format while allow_internel_format=False, tensor will be created with base format. (Triggered internally at build/CMakeFiles/torch_npu.dir/compiler_depend.ts:338.)
  torch.ones_like(out, memory_format=torch.preserve_format)
/root/miniconda3/envs/llm_test/lib/python3.10/site-packages/torch/distributed/distributed_c10d.py:4631: UserWarning: No device id is provided via `init_process_group` or `barrier `. Using the current device set by the user. 
  warnings.warn(  # warn only once
/root/miniconda3/envs/llm_test/lib/python3.10/site-packages/torch/autograd/__init__.py:221: UserWarning: Cannot create tensor with interal format while allow_internel_format=False, tensor will be created with base format. (Triggered internally at build/CMakeFiles/torch_npu.dir/compiler_depend.ts:338.)
  torch.ones_like(out, memory_format=torch.preserve_format)
/root/miniconda3/envs/llm_test/lib/python3.10/site-packages/torch/distributed/distributed_c10d.py:4631: UserWarning: No device id is provided via `init_process_group` or `barrier `. Using the current device set by the user. 
  warnings.warn(  # warn only once
/root/miniconda3/envs/llm_test/lib/python3.10/site-packages/torch/distributed/distributed_c10d.py:4631: UserWarning: No device id is provided via `init_process_group` or `barrier `. Using the current device set by the user. 
  warnings.warn(  # warn only once
/root/miniconda3/envs/llm_test/lib/python3.10/site-packages/torch/distributed/distributed_c10d.py:4631: UserWarning: No device id is provided via `init_process_group` or `barrier `. Using the current device set by the user. 
  warnings.warn(  # warn only once
/root/miniconda3/envs/llm_test/lib/python3.10/site-packages/torch/autograd/__init__.py:221: UserWarning: Cannot create tensor with interal format while allow_internel_format=False, tensor will be created with base format. (Triggered internally at build/CMakeFiles/torch_npu.dir/compiler_depend.ts:338.)
  torch.ones_like(out, memory_format=torch.preserve_format)
/root/miniconda3/envs/llm_test/lib/python3.10/site-packages/torch/autograd/__init__.py:221: UserWarning: Cannot create tensor with interal format while allow_internel_format=False, tensor will be created with base format. (Triggered internally at build/CMakeFiles/torch_npu.dir/compiler_depend.ts:338.)
  torch.ones_like(out, memory_format=torch.preserve_format)
/root/miniconda3/envs/llm_test/lib/python3.10/site-packages/torch/autograd/__init__.py:221: UserWarning: Cannot create tensor with interal format while allow_internel_format=False, tensor will be created with base format. (Triggered internally at build/CMakeFiles/torch_npu.dir/compiler_depend.ts:338.)
  torch.ones_like(out, memory_format=torch.preserve_format)
/root/miniconda3/envs/llm_test/lib/python3.10/site-packages/torch/autograd/__init__.py:221: UserWarning: Cannot create tensor with interal format while allow_internel_format=False, tensor will be created with base format. (Triggered internally at build/CMakeFiles/torch_npu.dir/compiler_depend.ts:338.)
  torch.ones_like(out, memory_format=torch.preserve_format)
/root/miniconda3/envs/llm_test/lib/python3.10/site-packages/torch/autograd/__init__.py:221: UserWarning: Cannot create tensor with interal format while allow_internel_format=False, tensor will be created with base format. (Triggered internally at build/CMakeFiles/torch_npu.dir/compiler_depend.ts:338.)
  torch.ones_like(out, memory_format=torch.preserve_format)
/root/miniconda3/envs/llm_test/lib/python3.10/site-packages/torch/autograd/__init__.py:221: UserWarning: Cannot create tensor with interal format while allow_internel_format=False, tensor will be created with base format. (Triggered internally at build/CMakeFiles/torch_npu.dir/compiler_depend.ts:338.)
  torch.ones_like(out, memory_format=torch.preserve_format)
/root/miniconda3/envs/llm_test/lib/python3.10/site-packages/torch/autograd/__init__.py:221: UserWarning: Cannot create tensor with interal format while allow_internel_format=False, tensor will be created with base format. (Triggered internally at build/CMakeFiles/torch_npu.dir/compiler_depend.ts:338.)
  torch.ones_like(out, memory_format=torch.preserve_format)
/root/miniconda3/envs/llm_test/lib/python3.10/site-packages/torch/autograd/__init__.py:221: UserWarning: Cannot create tensor with interal format while allow_internel_format=False, tensor will be created with base format. (Triggered internally at build/CMakeFiles/torch_npu.dir/compiler_depend.ts:338.)
  torch.ones_like(out, memory_format=torch.preserve_format)
/root/miniconda3/envs/llm_test/lib/python3.10/site-packages/torch/autograd/__init__.py:221: UserWarning: Cannot create tensor with interal format while allow_internel_format=False, tensor will be created with base format. (Triggered internally at build/CMakeFiles/torch_npu.dir/compiler_depend.ts:338.)
  torch.ones_like(out, memory_format=torch.preserve_format)
/root/miniconda3/envs/llm_test/lib/python3.10/site-packages/torch/autograd/__init__.py:221: UserWarning: Cannot create tensor with interal format while allow_internel_format=False, tensor will be created with base format. (Triggered internally at build/CMakeFiles/torch_npu.dir/compiler_depend.ts:338.)
  torch.ones_like(out, memory_format=torch.preserve_format)
/root/miniconda3/envs/llm_test/lib/python3.10/site-packages/torch/autograd/__init__.py:221: UserWarning: Cannot create tensor with interal format while allow_internel_format=False, tensor will be created with base format. (Triggered internally at build/CMakeFiles/torch_npu.dir/compiler_depend.ts:338.)
  torch.ones_like(out, memory_format=torch.preserve_format)
/root/miniconda3/envs/llm_test/lib/python3.10/site-packages/torch/autograd/__init__.py:221: UserWarning: Cannot create tensor with interal format while allow_internel_format=False, tensor will be created with base format. (Triggered internally at build/CMakeFiles/torch_npu.dir/compiler_depend.ts:338.)
  torch.ones_like(out, memory_format=torch.preserve_format)
/root/miniconda3/envs/llm_test/lib/python3.10/site-packages/torch/distributed/distributed_c10d.py:4631: UserWarning: No device id is provided via `init_process_group` or `barrier `. Using the current device set by the user. 
  warnings.warn(  # warn only once
/root/miniconda3/envs/llm_test/lib/python3.10/site-packages/torch/distributed/distributed_c10d.py:4631: UserWarning: No device id is provided via `init_process_group` or `barrier `. Using the current device set by the user. 
  warnings.warn(  # warn only once
/root/miniconda3/envs/llm_test/lib/python3.10/site-packages/torch/distributed/distributed_c10d.py:4631: UserWarning: No device id is provided via `init_process_group` or `barrier `. Using the current device set by the user. 
  warnings.warn(  # warn only once
/root/miniconda3/envs/llm_test/lib/python3.10/site-packages/torch/distributed/distributed_c10d.py:4631: UserWarning: No device id is provided via `init_process_group` or `barrier `. Using the current device set by the user. 
  warnings.warn(  # warn only once
/root/miniconda3/envs/llm_test/lib/python3.10/site-packages/torch/distributed/distributed_c10d.py:4631: UserWarning: No device id is provided via `init_process_group` or `barrier `. Using the current device set by the user. 
  warnings.warn(  # warn only once
/root/miniconda3/envs/llm_test/lib/python3.10/site-packages/torch/distributed/distributed_c10d.py:4631: UserWarning: No device id is provided via `init_process_group` or `barrier `. Using the current device set by the user. 
  warnings.warn(  # warn only once
/root/miniconda3/envs/llm_test/lib/python3.10/site-packages/torch/distributed/distributed_c10d.py:4631: UserWarning: No device id is provided via `init_process_group` or `barrier `. Using the current device set by the user. 
  warnings.warn(  # warn only once
/root/miniconda3/envs/llm_test/lib/python3.10/site-packages/torch/distributed/distributed_c10d.py:4631: UserWarning: No device id is provided via `init_process_group` or `barrier `. Using the current device set by the user. 
  warnings.warn(  # warn only once
/root/miniconda3/envs/llm_test/lib/python3.10/site-packages/torch/distributed/distributed_c10d.py:4631: UserWarning: No device id is provided via `init_process_group` or `barrier `. Using the current device set by the user. 
  warnings.warn(  # warn only once
/root/miniconda3/envs/llm_test/lib/python3.10/site-packages/torch/distributed/distributed_c10d.py:4631: UserWarning: No device id is provided via `init_process_group` or `barrier `. Using the current device set by the user. 
  warnings.warn(  # warn only once
/root/miniconda3/envs/llm_test/lib/python3.10/site-packages/torch/distributed/distributed_c10d.py:4631: UserWarning: No device id is provided via `init_process_group` or `barrier `. Using the current device set by the user. 
  warnings.warn(  # warn only once
/root/miniconda3/envs/llm_test/lib/python3.10/site-packages/torch/distributed/distributed_c10d.py:4631: UserWarning: No device id is provided via `init_process_group` or `barrier `. Using the current device set by the user. 
  warnings.warn(  # warn only once
logs/e879282a-61e9-43b3-88f6-423f4a432fb4
/root/miniconda3/envs/llm_test/lib/python3.10/site-packages/torch_npu/utils/storage.py:89: UserWarning: TypedStorage is deprecated. It will be removed in the future and UntypedStorage will be the only storage class. This should only matter to you if you are using storages directly.  To access UntypedStorage directly, use tensor.untyped_storage() instead of tensor.storage()
  if self.device.type != 'cpu':
step:0/1680 val_loss:10.8125 train_time:0ms step_avg:0.08ms
step:1/1680 train_time:1091ms step_avg:1090.65ms
step:2/1680 train_time:1219ms step_avg:609.51ms
step:3/1680 train_time:1548ms step_avg:515.90ms
step:4/1680 train_time:1880ms step_avg:470.02ms
step:5/1680 train_time:2211ms step_avg:442.24ms
step:6/1680 train_time:2545ms step_avg:424.15ms
step:7/1680 train_time:2870ms step_avg:409.98ms
step:8/1680 train_time:3204ms step_avg:400.48ms
step:9/1680 train_time:3547ms step_avg:394.14ms
step:10/1680 train_time:3877ms step_avg:387.72ms
step:11/1680 train_time:4209ms step_avg:382.62ms
step:12/1680 train_time:4547ms step_avg:378.94ms
step:13/1680 train_time:4878ms step_avg:375.24ms
step:14/1680 train_time:5207ms step_avg:371.95ms
step:15/1680 train_time:5543ms step_avg:369.56ms
step:16/1680 train_time:5880ms step_avg:367.53ms
step:17/1680 train_time:6213ms step_avg:365.45ms
step:18/1680 train_time:6540ms step_avg:363.34ms
step:19/1680 train_time:6871ms step_avg:361.65ms
step:20/1680 train_time:7204ms step_avg:360.18ms
step:21/1680 train_time:7538ms step_avg:358.94ms
step:22/1680 train_time:7868ms step_avg:357.61ms
step:23/1680 train_time:8213ms step_avg:357.09ms
step:24/1680 train_time:8543ms step_avg:355.97ms
step:25/1680 train_time:8877ms step_avg:355.06ms
step:26/1680 train_time:9209ms step_avg:354.19ms
step:27/1680 train_time:9541ms step_avg:353.38ms
step:28/1680 train_time:9864ms step_avg:352.28ms
step:29/1680 train_time:10197ms step_avg:351.62ms
step:30/1680 train_time:10525ms step_avg:350.84ms
step:31/1680 train_time:10861ms step_avg:350.35ms
step:32/1680 train_time:11197ms step_avg:349.91ms
step:33/1680 train_time:11520ms step_avg:349.10ms
step:34/1680 train_time:11858ms step_avg:348.76ms
step:35/1680 train_time:12188ms step_avg:348.22ms
step:36/1680 train_time:12514ms step_avg:347.60ms
step:37/1680 train_time:12848ms step_avg:347.25ms
step:38/1680 train_time:13176ms step_avg:346.73ms
step:39/1680 train_time:13508ms step_avg:346.36ms
step:40/1680 train_time:13842ms step_avg:346.04ms
step:41/1680 train_time:14171ms step_avg:345.64ms
step:42/1680 train_time:14509ms step_avg:345.44ms
step:43/1680 train_time:14844ms step_avg:345.22ms
step:44/1680 train_time:15179ms step_avg:344.97ms
step:45/1680 train_time:15503ms step_avg:344.51ms
step:46/1680 train_time:15858ms step_avg:344.75ms
step:47/1680 train_time:16182ms step_avg:344.31ms
step:48/1680 train_time:16504ms step_avg:343.83ms
step:49/1680 train_time:16840ms step_avg:343.66ms
step:50/1680 train_time:17170ms step_avg:343.39ms
step:51/1680 train_time:17504ms step_avg:343.22ms
step:52/1680 train_time:17836ms step_avg:342.99ms
step:53/1680 train_time:18170ms step_avg:342.83ms
step:54/1680 train_time:18496ms step_avg:342.52ms
step:55/1680 train_time:18831ms step_avg:342.39ms
step:56/1680 train_time:19160ms step_avg:342.15ms
step:57/1680 train_time:19494ms step_avg:342.00ms
step:58/1680 train_time:19825ms step_avg:341.82ms
step:59/1680 train_time:20160ms step_avg:341.69ms
step:60/1680 train_time:20491ms step_avg:341.52ms
step:61/1680 train_time:20824ms step_avg:341.38ms
step:62/1680 train_time:21158ms step_avg:341.27ms
step:63/1680 train_time:21494ms step_avg:341.17ms
step:64/1680 train_time:21822ms step_avg:340.96ms
step:65/1680 train_time:22157ms step_avg:340.88ms
step:66/1680 train_time:22482ms step_avg:340.64ms
step:67/1680 train_time:22810ms step_avg:340.45ms
step:68/1680 train_time:23143ms step_avg:340.33ms
step:69/1680 train_time:23493ms step_avg:340.47ms
step:70/1680 train_time:23814ms step_avg:340.20ms
step:71/1680 train_time:24146ms step_avg:340.08ms
step:72/1680 train_time:24478ms step_avg:339.97ms
step:73/1680 train_time:24809ms step_avg:339.85ms
step:74/1680 train_time:25142ms step_avg:339.75ms
step:75/1680 train_time:25478ms step_avg:339.71ms
step:76/1680 train_time:25811ms step_avg:339.61ms
step:77/1680 train_time:26144ms step_avg:339.53ms
step:78/1680 train_time:26477ms step_avg:339.45ms
step:79/1680 train_time:26816ms step_avg:339.45ms
step:80/1680 train_time:27146ms step_avg:339.32ms
step:81/1680 train_time:27477ms step_avg:339.22ms
step:82/1680 train_time:27813ms step_avg:339.18ms
step:83/1680 train_time:28145ms step_avg:339.10ms
step:84/1680 train_time:28479ms step_avg:339.03ms
step:85/1680 train_time:28809ms step_avg:338.93ms
step:86/1680 train_time:29150ms step_avg:338.96ms
step:87/1680 train_time:29482ms step_avg:338.87ms
step:88/1680 train_time:29814ms step_avg:338.80ms
step:89/1680 train_time:30148ms step_avg:338.75ms
step:90/1680 train_time:30479ms step_avg:338.65ms
step:91/1680 train_time:30813ms step_avg:338.60ms
step:92/1680 train_time:31142ms step_avg:338.50ms
step:93/1680 train_time:31477ms step_avg:338.46ms
step:94/1680 train_time:31808ms step_avg:338.38ms
step:95/1680 train_time:32141ms step_avg:338.33ms
step:96/1680 train_time:32477ms step_avg:338.31ms
step:97/1680 train_time:32811ms step_avg:338.26ms
step:98/1680 train_time:33141ms step_avg:338.18ms
step:99/1680 train_time:33473ms step_avg:338.11ms
step:100/1680 train_time:33803ms step_avg:338.03ms
step:101/1680 train_time:34139ms step_avg:338.01ms
step:102/1680 train_time:34469ms step_avg:337.93ms
step:103/1680 train_time:34802ms step_avg:337.88ms
step:104/1680 train_time:35151ms step_avg:337.99ms
step:105/1680 train_time:35481ms step_avg:337.91ms
step:106/1680 train_time:35797ms step_avg:337.71ms
step:107/1680 train_time:36132ms step_avg:337.68ms
step:108/1680 train_time:36461ms step_avg:337.60ms
step:109/1680 train_time:36792ms step_avg:337.54ms
step:110/1680 train_time:37122ms step_avg:337.47ms
step:111/1680 train_time:37458ms step_avg:337.46ms
step:112/1680 train_time:37792ms step_avg:337.43ms
step:113/1680 train_time:38129ms step_avg:337.42ms
step:114/1680 train_time:38458ms step_avg:337.35ms
step:115/1680 train_time:38792ms step_avg:337.33ms
step:116/1680 train_time:39122ms step_avg:337.26ms
step:117/1680 train_time:39457ms step_avg:337.24ms
step:118/1680 train_time:39791ms step_avg:337.21ms
step:119/1680 train_time:40123ms step_avg:337.17ms
step:120/1680 train_time:40453ms step_avg:337.11ms
step:121/1680 train_time:40786ms step_avg:337.07ms
step:122/1680 train_time:41118ms step_avg:337.03ms
step:123/1680 train_time:41451ms step_avg:337.00ms
step:124/1680 train_time:41779ms step_avg:336.93ms
step:125/1680 train_time:42111ms step_avg:336.89ms
step:125/1680 val_loss:4.3055 train_time:42331ms step_avg:338.65ms
step:126/1680 train_time:42526ms step_avg:337.51ms
step:127/1680 train_time:42866ms step_avg:337.52ms
step:128/1680 train_time:43194ms step_avg:337.45ms
step:129/1680 train_time:43542ms step_avg:337.54ms
step:130/1680 train_time:43861ms step_avg:337.39ms
step:131/1680 train_time:44195ms step_avg:337.36ms
step:132/1680 train_time:44525ms step_avg:337.31ms
step:133/1680 train_time:44857ms step_avg:337.27ms
step:134/1680 train_time:45188ms step_avg:337.22ms
step:135/1680 train_time:45520ms step_avg:337.19ms
step:136/1680 train_time:45849ms step_avg:337.12ms
step:137/1680 train_time:46183ms step_avg:337.10ms
step:138/1680 train_time:46512ms step_avg:337.04ms
step:139/1680 train_time:46845ms step_avg:337.01ms
step:140/1680 train_time:47175ms step_avg:336.97ms
step:141/1680 train_time:47522ms step_avg:337.03ms
step:142/1680 train_time:47854ms step_avg:337.00ms
step:143/1680 train_time:48176ms step_avg:336.89ms
step:144/1680 train_time:48506ms step_avg:336.85ms
step:145/1680 train_time:48835ms step_avg:336.79ms
step:146/1680 train_time:49176ms step_avg:336.82ms
step:147/1680 train_time:49506ms step_avg:336.77ms
step:148/1680 train_time:49836ms step_avg:336.73ms
step:149/1680 train_time:50172ms step_avg:336.72ms
step:150/1680 train_time:50500ms step_avg:336.66ms
step:151/1680 train_time:50830ms step_avg:336.62ms
step:152/1680 train_time:51163ms step_avg:336.60ms
step:153/1680 train_time:51493ms step_avg:336.55ms
step:154/1680 train_time:51845ms step_avg:336.66ms
step:155/1680 train_time:52156ms step_avg:336.49ms
step:156/1680 train_time:52490ms step_avg:336.48ms
step:157/1680 train_time:52824ms step_avg:336.46ms
step:158/1680 train_time:53157ms step_avg:336.44ms
step:159/1680 train_time:53489ms step_avg:336.41ms
step:160/1680 train_time:53820ms step_avg:336.38ms
step:161/1680 train_time:54153ms step_avg:336.35ms
step:162/1680 train_time:54484ms step_avg:336.32ms
step:163/1680 train_time:54821ms step_avg:336.33ms
step:164/1680 train_time:55152ms step_avg:336.29ms
step:165/1680 train_time:55486ms step_avg:336.28ms
step:166/1680 train_time:55817ms step_avg:336.24ms
step:167/1680 train_time:56146ms step_avg:336.21ms
step:168/1680 train_time:56486ms step_avg:336.22ms
step:169/1680 train_time:56818ms step_avg:336.20ms
step:170/1680 train_time:57155ms step_avg:336.21ms
step:171/1680 train_time:57482ms step_avg:336.15ms
step:172/1680 train_time:57834ms step_avg:336.25ms
step:173/1680 train_time:58149ms step_avg:336.12ms
step:174/1680 train_time:58481ms step_avg:336.10ms
step:175/1680 train_time:58811ms step_avg:336.06ms
step:176/1680 train_time:59146ms step_avg:336.06ms
step:177/1680 train_time:59479ms step_avg:336.04ms
step:178/1680 train_time:59812ms step_avg:336.02ms
step:179/1680 train_time:60139ms step_avg:335.97ms
step:180/1680 train_time:60470ms step_avg:335.94ms
step:181/1680 train_time:60802ms step_avg:335.92ms
step:182/1680 train_time:61138ms step_avg:335.93ms
step:183/1680 train_time:61465ms step_avg:335.87ms
step:184/1680 train_time:61801ms step_avg:335.88ms
step:185/1680 train_time:62136ms step_avg:335.87ms
step:186/1680 train_time:62464ms step_avg:335.83ms
step:187/1680 train_time:62795ms step_avg:335.80ms
step:188/1680 train_time:63129ms step_avg:335.79ms
step:189/1680 train_time:63460ms step_avg:335.77ms
step:190/1680 train_time:63794ms step_avg:335.76ms
step:191/1680 train_time:64120ms step_avg:335.71ms
step:192/1680 train_time:64453ms step_avg:335.69ms
step:193/1680 train_time:64781ms step_avg:335.65ms
step:194/1680 train_time:65117ms step_avg:335.65ms
step:195/1680 train_time:65447ms step_avg:335.63ms
step:196/1680 train_time:65780ms step_avg:335.61ms
step:197/1680 train_time:66113ms step_avg:335.60ms
step:198/1680 train_time:66448ms step_avg:335.60ms
step:199/1680 train_time:66780ms step_avg:335.58ms
step:200/1680 train_time:67113ms step_avg:335.56ms
step:201/1680 train_time:67442ms step_avg:335.53ms
step:202/1680 train_time:67775ms step_avg:335.52ms
step:203/1680 train_time:68104ms step_avg:335.49ms
step:204/1680 train_time:68439ms step_avg:335.48ms
step:205/1680 train_time:68769ms step_avg:335.46ms
step:206/1680 train_time:69105ms step_avg:335.46ms
step:207/1680 train_time:69437ms step_avg:335.45ms
step:208/1680 train_time:69771ms step_avg:335.44ms
step:209/1680 train_time:70101ms step_avg:335.41ms
step:210/1680 train_time:70437ms step_avg:335.42ms
step:211/1680 train_time:70770ms step_avg:335.40ms
step:212/1680 train_time:71105ms step_avg:335.40ms
step:213/1680 train_time:71458ms step_avg:335.48ms
step:214/1680 train_time:71770ms step_avg:335.37ms
step:215/1680 train_time:72102ms step_avg:335.36ms
step:216/1680 train_time:72433ms step_avg:335.34ms
step:217/1680 train_time:72764ms step_avg:335.32ms
step:218/1680 train_time:73095ms step_avg:335.30ms
step:219/1680 train_time:73431ms step_avg:335.30ms
step:220/1680 train_time:73760ms step_avg:335.27ms
step:221/1680 train_time:74116ms step_avg:335.37ms
step:222/1680 train_time:74482ms step_avg:335.50ms
step:223/1680 train_time:74818ms step_avg:335.51ms
step:224/1680 train_time:75141ms step_avg:335.45ms
step:225/1680 train_time:75478ms step_avg:335.46ms
step:226/1680 train_time:75810ms step_avg:335.44ms
step:227/1680 train_time:76142ms step_avg:335.43ms
step:228/1680 train_time:76476ms step_avg:335.42ms
step:229/1680 train_time:76810ms step_avg:335.42ms
step:230/1680 train_time:77157ms step_avg:335.47ms
step:231/1680 train_time:77491ms step_avg:335.46ms
step:232/1680 train_time:77802ms step_avg:335.35ms
step:233/1680 train_time:78136ms step_avg:335.35ms
step:234/1680 train_time:78479ms step_avg:335.38ms
step:235/1680 train_time:78800ms step_avg:335.32ms
step:236/1680 train_time:79130ms step_avg:335.30ms
step:237/1680 train_time:79460ms step_avg:335.27ms
step:238/1680 train_time:79791ms step_avg:335.26ms
step:239/1680 train_time:80123ms step_avg:335.24ms
step:240/1680 train_time:80452ms step_avg:335.22ms
step:241/1680 train_time:80784ms step_avg:335.20ms
step:242/1680 train_time:81113ms step_avg:335.18ms
step:243/1680 train_time:81442ms step_avg:335.15ms
step:244/1680 train_time:81776ms step_avg:335.15ms
step:245/1680 train_time:82114ms step_avg:335.16ms
step:246/1680 train_time:82442ms step_avg:335.13ms
step:247/1680 train_time:82774ms step_avg:335.12ms
step:248/1680 train_time:83105ms step_avg:335.10ms
step:249/1680 train_time:83441ms step_avg:335.10ms
step:250/1680 train_time:83771ms step_avg:335.08ms
step:250/1680 val_loss:3.9744 train_time:83994ms step_avg:335.98ms
step:251/1680 train_time:84189ms step_avg:335.41ms
step:252/1680 train_time:84513ms step_avg:335.37ms
step:253/1680 train_time:84851ms step_avg:335.38ms
step:254/1680 train_time:85186ms step_avg:335.38ms
step:255/1680 train_time:85515ms step_avg:335.35ms
step:256/1680 train_time:85848ms step_avg:335.34ms
step:257/1680 train_time:86182ms step_avg:335.34ms
step:258/1680 train_time:86517ms step_avg:335.34ms
step:259/1680 train_time:86848ms step_avg:335.32ms
step:260/1680 train_time:87185ms step_avg:335.33ms
step:261/1680 train_time:87522ms step_avg:335.33ms
step:262/1680 train_time:87848ms step_avg:335.30ms
step:263/1680 train_time:88181ms step_avg:335.29ms
step:264/1680 train_time:88510ms step_avg:335.27ms
step:265/1680 train_time:88843ms step_avg:335.26ms
step:266/1680 train_time:89174ms step_avg:335.24ms
step:267/1680 train_time:89503ms step_avg:335.22ms
step:268/1680 train_time:89833ms step_avg:335.20ms
step:269/1680 train_time:90166ms step_avg:335.19ms
step:270/1680 train_time:90497ms step_avg:335.18ms
step:271/1680 train_time:90832ms step_avg:335.17ms
step:272/1680 train_time:91156ms step_avg:335.13ms
step:273/1680 train_time:91492ms step_avg:335.14ms
step:274/1680 train_time:91823ms step_avg:335.12ms
step:275/1680 train_time:92159ms step_avg:335.12ms
step:276/1680 train_time:92486ms step_avg:335.10ms
step:277/1680 train_time:92821ms step_avg:335.10ms
step:278/1680 train_time:93153ms step_avg:335.08ms
step:279/1680 train_time:93481ms step_avg:335.06ms
step:280/1680 train_time:93819ms step_avg:335.07ms
step:281/1680 train_time:94147ms step_avg:335.04ms
step:282/1680 train_time:94484ms step_avg:335.05ms
step:283/1680 train_time:94812ms step_avg:335.03ms
step:284/1680 train_time:95142ms step_avg:335.01ms
step:285/1680 train_time:95474ms step_avg:335.00ms
step:286/1680 train_time:95808ms step_avg:334.99ms
step:287/1680 train_time:96139ms step_avg:334.98ms
step:288/1680 train_time:96491ms step_avg:335.04ms
step:289/1680 train_time:96803ms step_avg:334.96ms
step:290/1680 train_time:97140ms step_avg:334.97ms
step:291/1680 train_time:97470ms step_avg:334.95ms
step:292/1680 train_time:97806ms step_avg:334.95ms
step:293/1680 train_time:98132ms step_avg:334.92ms
step:294/1680 train_time:98469ms step_avg:334.93ms
step:295/1680 train_time:98817ms step_avg:334.97ms
step:296/1680 train_time:99148ms step_avg:334.96ms
step:297/1680 train_time:99467ms step_avg:334.91ms
step:298/1680 train_time:99796ms step_avg:334.89ms
step:299/1680 train_time:100126ms step_avg:334.87ms
step:300/1680 train_time:100461ms step_avg:334.87ms
step:301/1680 train_time:100790ms step_avg:334.85ms
step:302/1680 train_time:101124ms step_avg:334.85ms
step:303/1680 train_time:101457ms step_avg:334.84ms
step:304/1680 train_time:101786ms step_avg:334.82ms
step:305/1680 train_time:102120ms step_avg:334.82ms
step:306/1680 train_time:102449ms step_avg:334.80ms
step:307/1680 train_time:102779ms step_avg:334.79ms
step:308/1680 train_time:103111ms step_avg:334.78ms
step:309/1680 train_time:103447ms step_avg:334.78ms
step:310/1680 train_time:103776ms step_avg:334.76ms
step:311/1680 train_time:104110ms step_avg:334.76ms
step:312/1680 train_time:104442ms step_avg:334.75ms
step:313/1680 train_time:104770ms step_avg:334.73ms
step:314/1680 train_time:105107ms step_avg:334.73ms
step:315/1680 train_time:105435ms step_avg:334.71ms
step:316/1680 train_time:105772ms step_avg:334.72ms
step:317/1680 train_time:106104ms step_avg:334.71ms
step:318/1680 train_time:106440ms step_avg:334.72ms
step:319/1680 train_time:106769ms step_avg:334.70ms
step:320/1680 train_time:107102ms step_avg:334.69ms
step:321/1680 train_time:107437ms step_avg:334.70ms
step:322/1680 train_time:107772ms step_avg:334.70ms
step:323/1680 train_time:108103ms step_avg:334.68ms
step:324/1680 train_time:108429ms step_avg:334.66ms
step:325/1680 train_time:108759ms step_avg:334.64ms
step:326/1680 train_time:109090ms step_avg:334.63ms
step:327/1680 train_time:109422ms step_avg:334.62ms
step:328/1680 train_time:109750ms step_avg:334.60ms
step:329/1680 train_time:110083ms step_avg:334.60ms
step:330/1680 train_time:110415ms step_avg:334.59ms
step:331/1680 train_time:110744ms step_avg:334.57ms
step:332/1680 train_time:111074ms step_avg:334.56ms
step:333/1680 train_time:111408ms step_avg:334.56ms
step:334/1680 train_time:111757ms step_avg:334.60ms
step:335/1680 train_time:112071ms step_avg:334.54ms
step:336/1680 train_time:112402ms step_avg:334.53ms
step:337/1680 train_time:112730ms step_avg:334.51ms
step:338/1680 train_time:113060ms step_avg:334.50ms
step:339/1680 train_time:113402ms step_avg:334.52ms
step:340/1680 train_time:113728ms step_avg:334.50ms
step:341/1680 train_time:114059ms step_avg:334.48ms
step:342/1680 train_time:114390ms step_avg:334.47ms
step:343/1680 train_time:114736ms step_avg:334.51ms
step:344/1680 train_time:115062ms step_avg:334.48ms
step:345/1680 train_time:115395ms step_avg:334.48ms
step:346/1680 train_time:115730ms step_avg:334.48ms
step:347/1680 train_time:116079ms step_avg:334.52ms
step:348/1680 train_time:116409ms step_avg:334.51ms
step:349/1680 train_time:116741ms step_avg:334.50ms
step:350/1680 train_time:117075ms step_avg:334.50ms
step:351/1680 train_time:117407ms step_avg:334.49ms
step:352/1680 train_time:117736ms step_avg:334.48ms
step:353/1680 train_time:118067ms step_avg:334.47ms
step:354/1680 train_time:118381ms step_avg:334.41ms
step:355/1680 train_time:118730ms step_avg:334.45ms
step:356/1680 train_time:119061ms step_avg:334.44ms
step:357/1680 train_time:119391ms step_avg:334.43ms
step:358/1680 train_time:119704ms step_avg:334.37ms
step:359/1680 train_time:120035ms step_avg:334.36ms
step:360/1680 train_time:120366ms step_avg:334.35ms
step:361/1680 train_time:120696ms step_avg:334.34ms
step:362/1680 train_time:121032ms step_avg:334.34ms
step:363/1680 train_time:121364ms step_avg:334.33ms
step:364/1680 train_time:121698ms step_avg:334.34ms
step:365/1680 train_time:122031ms step_avg:334.33ms
step:366/1680 train_time:122365ms step_avg:334.33ms
step:367/1680 train_time:122696ms step_avg:334.32ms
step:368/1680 train_time:123030ms step_avg:334.32ms
step:369/1680 train_time:123366ms step_avg:334.33ms
step:370/1680 train_time:123697ms step_avg:334.32ms
step:371/1680 train_time:124028ms step_avg:334.31ms
step:372/1680 train_time:124364ms step_avg:334.31ms
step:373/1680 train_time:124692ms step_avg:334.29ms
step:374/1680 train_time:125028ms step_avg:334.30ms
step:375/1680 train_time:125360ms step_avg:334.29ms
step:375/1680 val_loss:3.8211 train_time:125585ms step_avg:334.89ms
step:376/1680 train_time:125778ms step_avg:334.52ms
step:377/1680 train_time:126097ms step_avg:334.48ms
step:378/1680 train_time:126428ms step_avg:334.47ms
step:379/1680 train_time:126768ms step_avg:334.48ms
step:380/1680 train_time:127096ms step_avg:334.46ms
step:381/1680 train_time:127426ms step_avg:334.45ms
step:382/1680 train_time:127755ms step_avg:334.44ms
step:383/1680 train_time:128093ms step_avg:334.45ms
step:384/1680 train_time:128432ms step_avg:334.46ms
step:385/1680 train_time:128751ms step_avg:334.42ms
step:386/1680 train_time:129089ms step_avg:334.43ms
step:387/1680 train_time:129420ms step_avg:334.42ms
step:388/1680 train_time:129761ms step_avg:334.43ms
step:389/1680 train_time:130085ms step_avg:334.41ms
step:390/1680 train_time:130418ms step_avg:334.40ms
step:391/1680 train_time:130749ms step_avg:334.40ms
step:392/1680 train_time:131080ms step_avg:334.39ms
step:393/1680 train_time:131414ms step_avg:334.39ms
step:394/1680 train_time:131744ms step_avg:334.37ms
step:395/1680 train_time:132077ms step_avg:334.37ms
step:396/1680 train_time:132406ms step_avg:334.36ms
step:397/1680 train_time:132740ms step_avg:334.36ms
step:398/1680 train_time:133075ms step_avg:334.36ms
step:399/1680 train_time:133405ms step_avg:334.35ms
step:400/1680 train_time:133749ms step_avg:334.37ms
step:401/1680 train_time:134071ms step_avg:334.34ms
step:402/1680 train_time:134405ms step_avg:334.34ms
step:403/1680 train_time:134736ms step_avg:334.33ms
step:404/1680 train_time:135068ms step_avg:334.33ms
step:405/1680 train_time:135402ms step_avg:334.33ms
step:406/1680 train_time:135736ms step_avg:334.32ms
step:407/1680 train_time:136067ms step_avg:334.32ms
step:408/1680 train_time:136404ms step_avg:334.32ms
step:409/1680 train_time:136734ms step_avg:334.31ms
step:410/1680 train_time:137064ms step_avg:334.30ms
step:411/1680 train_time:137399ms step_avg:334.30ms
step:412/1680 train_time:137729ms step_avg:334.29ms
step:413/1680 train_time:138060ms step_avg:334.28ms
step:414/1680 train_time:138393ms step_avg:334.28ms
step:415/1680 train_time:138724ms step_avg:334.27ms
step:416/1680 train_time:139056ms step_avg:334.27ms
step:417/1680 train_time:139390ms step_avg:334.27ms
step:418/1680 train_time:139722ms step_avg:334.26ms
step:419/1680 train_time:140051ms step_avg:334.25ms
step:420/1680 train_time:140382ms step_avg:334.24ms
step:421/1680 train_time:140719ms step_avg:334.25ms
step:422/1680 train_time:141068ms step_avg:334.28ms
step:423/1680 train_time:141400ms step_avg:334.28ms
step:424/1680 train_time:141715ms step_avg:334.23ms
step:425/1680 train_time:142048ms step_avg:334.23ms
step:426/1680 train_time:142381ms step_avg:334.23ms
step:427/1680 train_time:142713ms step_avg:334.22ms
step:428/1680 train_time:143043ms step_avg:334.21ms
step:429/1680 train_time:143371ms step_avg:334.20ms
step:430/1680 train_time:143705ms step_avg:334.20ms
step:431/1680 train_time:144037ms step_avg:334.19ms
step:432/1680 train_time:144366ms step_avg:334.18ms
step:433/1680 train_time:144698ms step_avg:334.18ms
step:434/1680 train_time:145033ms step_avg:334.18ms
step:435/1680 train_time:145367ms step_avg:334.18ms
step:436/1680 train_time:145695ms step_avg:334.16ms
step:437/1680 train_time:146029ms step_avg:334.16ms
step:438/1680 train_time:146359ms step_avg:334.15ms
step:439/1680 train_time:146691ms step_avg:334.15ms
step:440/1680 train_time:147026ms step_avg:334.15ms
step:441/1680 train_time:147361ms step_avg:334.15ms
step:442/1680 train_time:147690ms step_avg:334.14ms
step:443/1680 train_time:148028ms step_avg:334.15ms
step:444/1680 train_time:148361ms step_avg:334.15ms
step:445/1680 train_time:148691ms step_avg:334.14ms
step:446/1680 train_time:149022ms step_avg:334.13ms
step:447/1680 train_time:149352ms step_avg:334.12ms
step:448/1680 train_time:149684ms step_avg:334.12ms
step:449/1680 train_time:150020ms step_avg:334.12ms
step:450/1680 train_time:150348ms step_avg:334.11ms
step:451/1680 train_time:150699ms step_avg:334.14ms
step:452/1680 train_time:151011ms step_avg:334.09ms
step:453/1680 train_time:151342ms step_avg:334.09ms
step:454/1680 train_time:151673ms step_avg:334.08ms
step:455/1680 train_time:152003ms step_avg:334.07ms
step:456/1680 train_time:152333ms step_avg:334.06ms
step:457/1680 train_time:152665ms step_avg:334.06ms
step:458/1680 train_time:152995ms step_avg:334.05ms
step:459/1680 train_time:153325ms step_avg:334.04ms
step:460/1680 train_time:153656ms step_avg:334.03ms
step:461/1680 train_time:153988ms step_avg:334.03ms
step:462/1680 train_time:154315ms step_avg:334.02ms
step:463/1680 train_time:154653ms step_avg:334.02ms
step:464/1680 train_time:154985ms step_avg:334.02ms
step:465/1680 train_time:155313ms step_avg:334.01ms
step:466/1680 train_time:155644ms step_avg:334.00ms
step:467/1680 train_time:155979ms step_avg:334.00ms
step:468/1680 train_time:156309ms step_avg:333.99ms
step:469/1680 train_time:156641ms step_avg:333.99ms
step:470/1680 train_time:156972ms step_avg:333.98ms
step:471/1680 train_time:157305ms step_avg:333.98ms
step:472/1680 train_time:157634ms step_avg:333.97ms
step:473/1680 train_time:157968ms step_avg:333.97ms
step:474/1680 train_time:158298ms step_avg:333.96ms
step:475/1680 train_time:158628ms step_avg:333.95ms
step:476/1680 train_time:158962ms step_avg:333.95ms
step:477/1680 train_time:159294ms step_avg:333.95ms
step:478/1680 train_time:159624ms step_avg:333.94ms
step:479/1680 train_time:159955ms step_avg:333.94ms
step:480/1680 train_time:160286ms step_avg:333.93ms
step:481/1680 train_time:160622ms step_avg:333.93ms
step:482/1680 train_time:160955ms step_avg:333.93ms
step:483/1680 train_time:161287ms step_avg:333.93ms
step:484/1680 train_time:161619ms step_avg:333.92ms
step:485/1680 train_time:161956ms step_avg:333.93ms
step:486/1680 train_time:162285ms step_avg:333.92ms
step:487/1680 train_time:162617ms step_avg:333.92ms
step:488/1680 train_time:162952ms step_avg:333.92ms
step:489/1680 train_time:163282ms step_avg:333.91ms
step:490/1680 train_time:163610ms step_avg:333.90ms
step:491/1680 train_time:163944ms step_avg:333.90ms
step:492/1680 train_time:164275ms step_avg:333.89ms
step:493/1680 train_time:164605ms step_avg:333.89ms
step:494/1680 train_time:164936ms step_avg:333.88ms
step:495/1680 train_time:165278ms step_avg:333.89ms
step:496/1680 train_time:165605ms step_avg:333.88ms
step:497/1680 train_time:165944ms step_avg:333.89ms
step:498/1680 train_time:166277ms step_avg:333.89ms
step:499/1680 train_time:166607ms step_avg:333.88ms
step:500/1680 train_time:166943ms step_avg:333.89ms
step:500/1680 val_loss:3.7193 train_time:167157ms step_avg:334.31ms
step:501/1680 train_time:167350ms step_avg:334.03ms
step:502/1680 train_time:167690ms step_avg:334.04ms
step:503/1680 train_time:168022ms step_avg:334.04ms
step:504/1680 train_time:168354ms step_avg:334.04ms
step:505/1680 train_time:168688ms step_avg:334.03ms
step:506/1680 train_time:169020ms step_avg:334.03ms
step:507/1680 train_time:169347ms step_avg:334.02ms
step:508/1680 train_time:169678ms step_avg:334.01ms
step:509/1680 train_time:170008ms step_avg:334.00ms
step:510/1680 train_time:170343ms step_avg:334.01ms
step:511/1680 train_time:170677ms step_avg:334.01ms
step:512/1680 train_time:171009ms step_avg:334.00ms
step:513/1680 train_time:171344ms step_avg:334.00ms
step:514/1680 train_time:171677ms step_avg:334.00ms
step:515/1680 train_time:172009ms step_avg:334.00ms
step:516/1680 train_time:172339ms step_avg:333.99ms
step:517/1680 train_time:172671ms step_avg:333.99ms
step:518/1680 train_time:173003ms step_avg:333.98ms
step:519/1680 train_time:173375ms step_avg:334.06ms
step:520/1680 train_time:173738ms step_avg:334.11ms
step:521/1680 train_time:174073ms step_avg:334.11ms
step:522/1680 train_time:174400ms step_avg:334.10ms
step:523/1680 train_time:174731ms step_avg:334.09ms
step:524/1680 train_time:175066ms step_avg:334.10ms
step:525/1680 train_time:175401ms step_avg:334.10ms
step:526/1680 train_time:175730ms step_avg:334.09ms
step:527/1680 train_time:176061ms step_avg:334.08ms
step:528/1680 train_time:176399ms step_avg:334.09ms
step:529/1680 train_time:176732ms step_avg:334.09ms
step:530/1680 train_time:177066ms step_avg:334.09ms
step:531/1680 train_time:177402ms step_avg:334.09ms
step:532/1680 train_time:177736ms step_avg:334.09ms
step:533/1680 train_time:178061ms step_avg:334.07ms
step:534/1680 train_time:178401ms step_avg:334.08ms
step:535/1680 train_time:178734ms step_avg:334.08ms
step:536/1680 train_time:179065ms step_avg:334.08ms
step:537/1680 train_time:179391ms step_avg:334.06ms
step:538/1680 train_time:179724ms step_avg:334.06ms
step:539/1680 train_time:180060ms step_avg:334.06ms
step:540/1680 train_time:180389ms step_avg:334.05ms
step:541/1680 train_time:180719ms step_avg:334.05ms
step:542/1680 train_time:181052ms step_avg:334.04ms
step:543/1680 train_time:181388ms step_avg:334.05ms
step:544/1680 train_time:181714ms step_avg:334.03ms
step:545/1680 train_time:182049ms step_avg:334.04ms
step:546/1680 train_time:182379ms step_avg:334.03ms
step:547/1680 train_time:182713ms step_avg:334.03ms
step:548/1680 train_time:183046ms step_avg:334.03ms
step:549/1680 train_time:183378ms step_avg:334.02ms
step:550/1680 train_time:183715ms step_avg:334.03ms
step:551/1680 train_time:184045ms step_avg:334.02ms
step:552/1680 train_time:184378ms step_avg:334.02ms
step:553/1680 train_time:184710ms step_avg:334.01ms
step:554/1680 train_time:185044ms step_avg:334.01ms
step:555/1680 train_time:185375ms step_avg:334.01ms
step:556/1680 train_time:185707ms step_avg:334.01ms
step:557/1680 train_time:186046ms step_avg:334.01ms
step:558/1680 train_time:186376ms step_avg:334.01ms
step:559/1680 train_time:186709ms step_avg:334.01ms
step:560/1680 train_time:187046ms step_avg:334.01ms
step:561/1680 train_time:187381ms step_avg:334.01ms
step:562/1680 train_time:187714ms step_avg:334.01ms
step:563/1680 train_time:188049ms step_avg:334.01ms
step:564/1680 train_time:188380ms step_avg:334.01ms
step:565/1680 train_time:188717ms step_avg:334.01ms
step:566/1680 train_time:189051ms step_avg:334.01ms
step:567/1680 train_time:189381ms step_avg:334.01ms
step:568/1680 train_time:189709ms step_avg:334.00ms
step:569/1680 train_time:190044ms step_avg:334.00ms
step:570/1680 train_time:190379ms step_avg:334.00ms
step:571/1680 train_time:190712ms step_avg:334.00ms
step:572/1680 train_time:191048ms step_avg:334.00ms
step:573/1680 train_time:191376ms step_avg:333.99ms
step:574/1680 train_time:191705ms step_avg:333.98ms
step:575/1680 train_time:192040ms step_avg:333.98ms
step:576/1680 train_time:192371ms step_avg:333.98ms
step:577/1680 train_time:192707ms step_avg:333.98ms
step:578/1680 train_time:193037ms step_avg:333.97ms
step:579/1680 train_time:193369ms step_avg:333.97ms
step:580/1680 train_time:193700ms step_avg:333.97ms
step:581/1680 train_time:194035ms step_avg:333.97ms
step:582/1680 train_time:194364ms step_avg:333.96ms
step:583/1680 train_time:194701ms step_avg:333.96ms
step:584/1680 train_time:195034ms step_avg:333.96ms
step:585/1680 train_time:195365ms step_avg:333.96ms
step:586/1680 train_time:195702ms step_avg:333.96ms
step:587/1680 train_time:196034ms step_avg:333.96ms
step:588/1680 train_time:196366ms step_avg:333.96ms
step:589/1680 train_time:196709ms step_avg:333.97ms
step:590/1680 train_time:197030ms step_avg:333.95ms
step:591/1680 train_time:197364ms step_avg:333.95ms
step:592/1680 train_time:197693ms step_avg:333.94ms
step:593/1680 train_time:198027ms step_avg:333.94ms
step:594/1680 train_time:198358ms step_avg:333.94ms
step:595/1680 train_time:198690ms step_avg:333.93ms
step:596/1680 train_time:199020ms step_avg:333.93ms
step:597/1680 train_time:199353ms step_avg:333.92ms
step:598/1680 train_time:199691ms step_avg:333.93ms
step:599/1680 train_time:200025ms step_avg:333.93ms
step:600/1680 train_time:200352ms step_avg:333.92ms
step:601/1680 train_time:200686ms step_avg:333.92ms
step:602/1680 train_time:201025ms step_avg:333.93ms
step:603/1680 train_time:201357ms step_avg:333.92ms
step:604/1680 train_time:201696ms step_avg:333.93ms
step:605/1680 train_time:202022ms step_avg:333.92ms
step:606/1680 train_time:202354ms step_avg:333.92ms
step:607/1680 train_time:202687ms step_avg:333.92ms
step:608/1680 train_time:203023ms step_avg:333.92ms
step:609/1680 train_time:203356ms step_avg:333.92ms
step:610/1680 train_time:203682ms step_avg:333.91ms
step:611/1680 train_time:204018ms step_avg:333.91ms
step:612/1680 train_time:204348ms step_avg:333.90ms
step:613/1680 train_time:204679ms step_avg:333.90ms
step:614/1680 train_time:205013ms step_avg:333.90ms
step:615/1680 train_time:205347ms step_avg:333.90ms
step:616/1680 train_time:205677ms step_avg:333.89ms
step:617/1680 train_time:206009ms step_avg:333.89ms
step:618/1680 train_time:206339ms step_avg:333.88ms
step:619/1680 train_time:206672ms step_avg:333.88ms
step:620/1680 train_time:207003ms step_avg:333.88ms
step:621/1680 train_time:207334ms step_avg:333.87ms
step:622/1680 train_time:207662ms step_avg:333.86ms
step:623/1680 train_time:207990ms step_avg:333.85ms
step:624/1680 train_time:208323ms step_avg:333.85ms
step:625/1680 train_time:208658ms step_avg:333.85ms
step:625/1680 val_loss:3.6184 train_time:208885ms step_avg:334.22ms
step:626/1680 train_time:209110ms step_avg:334.04ms
step:627/1680 train_time:209418ms step_avg:334.00ms
step:628/1680 train_time:209747ms step_avg:333.99ms
step:629/1680 train_time:210076ms step_avg:333.98ms
step:630/1680 train_time:210414ms step_avg:333.99ms
step:631/1680 train_time:210749ms step_avg:333.99ms
step:632/1680 train_time:211101ms step_avg:334.02ms
step:633/1680 train_time:211415ms step_avg:333.99ms
step:634/1680 train_time:211744ms step_avg:333.98ms
step:635/1680 train_time:212079ms step_avg:333.98ms
step:636/1680 train_time:212414ms step_avg:333.98ms
step:637/1680 train_time:212743ms step_avg:333.98ms
step:638/1680 train_time:213076ms step_avg:333.98ms
step:639/1680 train_time:213410ms step_avg:333.97ms
step:640/1680 train_time:213754ms step_avg:333.99ms
step:641/1680 train_time:214090ms step_avg:333.99ms
step:642/1680 train_time:214416ms step_avg:333.98ms
step:643/1680 train_time:214750ms step_avg:333.98ms
step:644/1680 train_time:215077ms step_avg:333.97ms
step:645/1680 train_time:215412ms step_avg:333.97ms
step:646/1680 train_time:215737ms step_avg:333.96ms
step:647/1680 train_time:216071ms step_avg:333.96ms
step:648/1680 train_time:216406ms step_avg:333.96ms
step:649/1680 train_time:216739ms step_avg:333.96ms
step:650/1680 train_time:217074ms step_avg:333.96ms
step:651/1680 train_time:217397ms step_avg:333.94ms
step:652/1680 train_time:217728ms step_avg:333.94ms
step:653/1680 train_time:218066ms step_avg:333.94ms
step:654/1680 train_time:218398ms step_avg:333.94ms
step:655/1680 train_time:218727ms step_avg:333.94ms
step:656/1680 train_time:219057ms step_avg:333.93ms
step:657/1680 train_time:219392ms step_avg:333.93ms
step:658/1680 train_time:219727ms step_avg:333.93ms
step:659/1680 train_time:220054ms step_avg:333.92ms
step:660/1680 train_time:220389ms step_avg:333.92ms
step:661/1680 train_time:220720ms step_avg:333.92ms
step:662/1680 train_time:221051ms step_avg:333.91ms
step:663/1680 train_time:221383ms step_avg:333.91ms
step:664/1680 train_time:221715ms step_avg:333.91ms
step:665/1680 train_time:222048ms step_avg:333.91ms
step:666/1680 train_time:222381ms step_avg:333.91ms
step:667/1680 train_time:222716ms step_avg:333.91ms
step:668/1680 train_time:223047ms step_avg:333.90ms
step:669/1680 train_time:223377ms step_avg:333.90ms
step:670/1680 train_time:223709ms step_avg:333.89ms
step:671/1680 train_time:224042ms step_avg:333.89ms
step:672/1680 train_time:224400ms step_avg:333.93ms
step:673/1680 train_time:224731ms step_avg:333.92ms
step:674/1680 train_time:225064ms step_avg:333.92ms
step:675/1680 train_time:225401ms step_avg:333.93ms
step:676/1680 train_time:225729ms step_avg:333.92ms
step:677/1680 train_time:226065ms step_avg:333.92ms
step:678/1680 train_time:226399ms step_avg:333.92ms
step:679/1680 train_time:226728ms step_avg:333.91ms
step:680/1680 train_time:227058ms step_avg:333.91ms
step:681/1680 train_time:227393ms step_avg:333.91ms
step:682/1680 train_time:227722ms step_avg:333.90ms
step:683/1680 train_time:228059ms step_avg:333.91ms
step:684/1680 train_time:228392ms step_avg:333.91ms
step:685/1680 train_time:228725ms step_avg:333.91ms
step:686/1680 train_time:229064ms step_avg:333.91ms
step:687/1680 train_time:229397ms step_avg:333.91ms
step:688/1680 train_time:229729ms step_avg:333.91ms
step:689/1680 train_time:230060ms step_avg:333.90ms
step:690/1680 train_time:230397ms step_avg:333.91ms
step:691/1680 train_time:230730ms step_avg:333.91ms
step:692/1680 train_time:231063ms step_avg:333.91ms
step:693/1680 train_time:231400ms step_avg:333.91ms
step:694/1680 train_time:231736ms step_avg:333.91ms
step:695/1680 train_time:232061ms step_avg:333.90ms
step:696/1680 train_time:232401ms step_avg:333.91ms
step:697/1680 train_time:232729ms step_avg:333.90ms
step:698/1680 train_time:233060ms step_avg:333.90ms
step:699/1680 train_time:233377ms step_avg:333.87ms
step:700/1680 train_time:233708ms step_avg:333.87ms
step:701/1680 train_time:234039ms step_avg:333.86ms
step:702/1680 train_time:234377ms step_avg:333.87ms
step:703/1680 train_time:234706ms step_avg:333.86ms
step:704/1680 train_time:235040ms step_avg:333.86ms
step:705/1680 train_time:235369ms step_avg:333.86ms
step:706/1680 train_time:235697ms step_avg:333.85ms
step:707/1680 train_time:236032ms step_avg:333.85ms
step:708/1680 train_time:236367ms step_avg:333.85ms
step:709/1680 train_time:236701ms step_avg:333.85ms
step:710/1680 train_time:237029ms step_avg:333.84ms
step:711/1680 train_time:237361ms step_avg:333.84ms
step:712/1680 train_time:237694ms step_avg:333.84ms
step:713/1680 train_time:238024ms step_avg:333.83ms
step:714/1680 train_time:238355ms step_avg:333.83ms
step:715/1680 train_time:238686ms step_avg:333.83ms
step:716/1680 train_time:239018ms step_avg:333.82ms
step:717/1680 train_time:239354ms step_avg:333.83ms
step:718/1680 train_time:239688ms step_avg:333.83ms
step:719/1680 train_time:240021ms step_avg:333.83ms
step:720/1680 train_time:240354ms step_avg:333.82ms
step:721/1680 train_time:240709ms step_avg:333.85ms
step:722/1680 train_time:241150ms step_avg:334.00ms
step:723/1680 train_time:241478ms step_avg:333.99ms
step:724/1680 train_time:241811ms step_avg:333.99ms
step:725/1680 train_time:242140ms step_avg:333.99ms
step:726/1680 train_time:242475ms step_avg:333.99ms
step:727/1680 train_time:242809ms step_avg:333.99ms
step:728/1680 train_time:243140ms step_avg:333.98ms
step:729/1680 train_time:243467ms step_avg:333.97ms
step:730/1680 train_time:243809ms step_avg:333.99ms
step:731/1680 train_time:244138ms step_avg:333.98ms
step:732/1680 train_time:244469ms step_avg:333.97ms
step:733/1680 train_time:244799ms step_avg:333.97ms
step:734/1680 train_time:245132ms step_avg:333.97ms
step:735/1680 train_time:245461ms step_avg:333.96ms
step:736/1680 train_time:245798ms step_avg:333.97ms
step:737/1680 train_time:246129ms step_avg:333.96ms
step:738/1680 train_time:246461ms step_avg:333.96ms
step:739/1680 train_time:246796ms step_avg:333.96ms
step:740/1680 train_time:247123ms step_avg:333.95ms
step:741/1680 train_time:247456ms step_avg:333.95ms
step:742/1680 train_time:247788ms step_avg:333.95ms
step:743/1680 train_time:248117ms step_avg:333.94ms
step:744/1680 train_time:248454ms step_avg:333.94ms
step:745/1680 train_time:248787ms step_avg:333.94ms
step:746/1680 train_time:249121ms step_avg:333.94ms
step:747/1680 train_time:249457ms step_avg:333.95ms
step:748/1680 train_time:249788ms step_avg:333.94ms
step:749/1680 train_time:250121ms step_avg:333.94ms
step:750/1680 train_time:250455ms step_avg:333.94ms
step:750/1680 val_loss:3.5664 train_time:250677ms step_avg:334.24ms
step:751/1680 train_time:250874ms step_avg:334.05ms
step:752/1680 train_time:251195ms step_avg:334.04ms
step:753/1680 train_time:251527ms step_avg:334.03ms
step:754/1680 train_time:251862ms step_avg:334.03ms
step:755/1680 train_time:252193ms step_avg:334.03ms
step:756/1680 train_time:252524ms step_avg:334.03ms
step:757/1680 train_time:252856ms step_avg:334.02ms
step:758/1680 train_time:253191ms step_avg:334.02ms
step:759/1680 train_time:253528ms step_avg:334.03ms
step:760/1680 train_time:253857ms step_avg:334.02ms
step:761/1680 train_time:254190ms step_avg:334.02ms
step:762/1680 train_time:254525ms step_avg:334.02ms
step:763/1680 train_time:254859ms step_avg:334.02ms
step:764/1680 train_time:255196ms step_avg:334.03ms
step:765/1680 train_time:255528ms step_avg:334.02ms
step:766/1680 train_time:255856ms step_avg:334.02ms
step:767/1680 train_time:256190ms step_avg:334.02ms
step:768/1680 train_time:256524ms step_avg:334.02ms
step:769/1680 train_time:256856ms step_avg:334.01ms
step:770/1680 train_time:257188ms step_avg:334.01ms
step:771/1680 train_time:257517ms step_avg:334.00ms
step:772/1680 train_time:257857ms step_avg:334.01ms
step:773/1680 train_time:258187ms step_avg:334.01ms
step:774/1680 train_time:258525ms step_avg:334.01ms
step:775/1680 train_time:258857ms step_avg:334.01ms
step:776/1680 train_time:259191ms step_avg:334.01ms
step:777/1680 train_time:259522ms step_avg:334.01ms
step:778/1680 train_time:259857ms step_avg:334.01ms
step:779/1680 train_time:260192ms step_avg:334.01ms
step:780/1680 train_time:260527ms step_avg:334.01ms
step:781/1680 train_time:260858ms step_avg:334.01ms
step:782/1680 train_time:261189ms step_avg:334.00ms
step:783/1680 train_time:261523ms step_avg:334.00ms
step:784/1680 train_time:261855ms step_avg:334.00ms
step:785/1680 train_time:262184ms step_avg:333.99ms
step:786/1680 train_time:262517ms step_avg:333.99ms
step:787/1680 train_time:262849ms step_avg:333.99ms
step:788/1680 train_time:263180ms step_avg:333.98ms
step:789/1680 train_time:263515ms step_avg:333.99ms
step:790/1680 train_time:263848ms step_avg:333.98ms
step:791/1680 train_time:264176ms step_avg:333.98ms
step:792/1680 train_time:264508ms step_avg:333.97ms
step:793/1680 train_time:264838ms step_avg:333.97ms
step:794/1680 train_time:265174ms step_avg:333.97ms
step:795/1680 train_time:265504ms step_avg:333.97ms
step:796/1680 train_time:265835ms step_avg:333.96ms
step:797/1680 train_time:266165ms step_avg:333.96ms
step:798/1680 train_time:266499ms step_avg:333.96ms
step:799/1680 train_time:266840ms step_avg:333.97ms
step:800/1680 train_time:267163ms step_avg:333.95ms
step:801/1680 train_time:267491ms step_avg:333.95ms
step:802/1680 train_time:267836ms step_avg:333.96ms
step:803/1680 train_time:268159ms step_avg:333.95ms
step:804/1680 train_time:268487ms step_avg:333.94ms
step:805/1680 train_time:268818ms step_avg:333.94ms
step:806/1680 train_time:269148ms step_avg:333.93ms
step:807/1680 train_time:269483ms step_avg:333.93ms
step:808/1680 train_time:269813ms step_avg:333.93ms
step:809/1680 train_time:270159ms step_avg:333.94ms
step:810/1680 train_time:270475ms step_avg:333.92ms
step:811/1680 train_time:270808ms step_avg:333.92ms
step:812/1680 train_time:271139ms step_avg:333.92ms
step:813/1680 train_time:271473ms step_avg:333.91ms
step:814/1680 train_time:271801ms step_avg:333.91ms
step:815/1680 train_time:272133ms step_avg:333.91ms
step:816/1680 train_time:272462ms step_avg:333.90ms
step:817/1680 train_time:272796ms step_avg:333.90ms
step:818/1680 train_time:273127ms step_avg:333.90ms
step:819/1680 train_time:273461ms step_avg:333.90ms
step:820/1680 train_time:273787ms step_avg:333.89ms
step:821/1680 train_time:274129ms step_avg:333.90ms
step:822/1680 train_time:274459ms step_avg:333.89ms
step:823/1680 train_time:274780ms step_avg:333.88ms
step:824/1680 train_time:275110ms step_avg:333.87ms
step:825/1680 train_time:275446ms step_avg:333.87ms
step:826/1680 train_time:275776ms step_avg:333.87ms
step:827/1680 train_time:276110ms step_avg:333.87ms
step:828/1680 train_time:276441ms step_avg:333.87ms
step:829/1680 train_time:276776ms step_avg:333.87ms
step:830/1680 train_time:277111ms step_avg:333.87ms
step:831/1680 train_time:277444ms step_avg:333.87ms
step:832/1680 train_time:277777ms step_avg:333.87ms
step:833/1680 train_time:278105ms step_avg:333.86ms
step:834/1680 train_time:278435ms step_avg:333.85ms
step:835/1680 train_time:278764ms step_avg:333.85ms
step:836/1680 train_time:279095ms step_avg:333.85ms
step:837/1680 train_time:279432ms step_avg:333.85ms
step:838/1680 train_time:279764ms step_avg:333.85ms
step:839/1680 train_time:280097ms step_avg:333.85ms
step:840/1680 train_time:280428ms step_avg:333.84ms
step:841/1680 train_time:280762ms step_avg:333.84ms
step:842/1680 train_time:281098ms step_avg:333.85ms
step:843/1680 train_time:281422ms step_avg:333.83ms
step:844/1680 train_time:281752ms step_avg:333.83ms
step:845/1680 train_time:282085ms step_avg:333.83ms
step:846/1680 train_time:282420ms step_avg:333.83ms
step:847/1680 train_time:282747ms step_avg:333.82ms
step:848/1680 train_time:283081ms step_avg:333.82ms
step:849/1680 train_time:283418ms step_avg:333.83ms
step:850/1680 train_time:283757ms step_avg:333.83ms
step:851/1680 train_time:284085ms step_avg:333.82ms
step:852/1680 train_time:284418ms step_avg:333.82ms
step:853/1680 train_time:284751ms step_avg:333.82ms
step:854/1680 train_time:285082ms step_avg:333.82ms
step:855/1680 train_time:285416ms step_avg:333.82ms
step:856/1680 train_time:285741ms step_avg:333.81ms
step:857/1680 train_time:286075ms step_avg:333.81ms
step:858/1680 train_time:286411ms step_avg:333.81ms
step:859/1680 train_time:286746ms step_avg:333.81ms
step:860/1680 train_time:287077ms step_avg:333.81ms
step:861/1680 train_time:287425ms step_avg:333.83ms
step:862/1680 train_time:287758ms step_avg:333.83ms
step:863/1680 train_time:288073ms step_avg:333.80ms
step:864/1680 train_time:288405ms step_avg:333.80ms
step:865/1680 train_time:288737ms step_avg:333.80ms
step:866/1680 train_time:289065ms step_avg:333.79ms
step:867/1680 train_time:289399ms step_avg:333.79ms
step:868/1680 train_time:289729ms step_avg:333.79ms
step:869/1680 train_time:290066ms step_avg:333.79ms
step:870/1680 train_time:290400ms step_avg:333.79ms
step:871/1680 train_time:290729ms step_avg:333.79ms
step:872/1680 train_time:291053ms step_avg:333.78ms
step:873/1680 train_time:291384ms step_avg:333.77ms
step:874/1680 train_time:291712ms step_avg:333.77ms
step:875/1680 train_time:292045ms step_avg:333.77ms
step:875/1680 val_loss:3.5201 train_time:292266ms step_avg:334.02ms
step:876/1680 train_time:292461ms step_avg:333.86ms
step:877/1680 train_time:292782ms step_avg:333.84ms
step:878/1680 train_time:293114ms step_avg:333.84ms
step:879/1680 train_time:293447ms step_avg:333.84ms
step:880/1680 train_time:293780ms step_avg:333.84ms
step:881/1680 train_time:294110ms step_avg:333.84ms
step:882/1680 train_time:294441ms step_avg:333.83ms
step:883/1680 train_time:294773ms step_avg:333.83ms
step:884/1680 train_time:295106ms step_avg:333.83ms
step:885/1680 train_time:295434ms step_avg:333.82ms
step:886/1680 train_time:295767ms step_avg:333.82ms
step:887/1680 train_time:296097ms step_avg:333.82ms
step:888/1680 train_time:296429ms step_avg:333.82ms
step:889/1680 train_time:296761ms step_avg:333.81ms
step:890/1680 train_time:297092ms step_avg:333.81ms
step:891/1680 train_time:297422ms step_avg:333.81ms
step:892/1680 train_time:297753ms step_avg:333.80ms
step:893/1680 train_time:298085ms step_avg:333.80ms
step:894/1680 train_time:298422ms step_avg:333.81ms
step:895/1680 train_time:298756ms step_avg:333.81ms
step:896/1680 train_time:299087ms step_avg:333.80ms
step:897/1680 train_time:299421ms step_avg:333.80ms
step:898/1680 train_time:299756ms step_avg:333.80ms
step:899/1680 train_time:300087ms step_avg:333.80ms
step:900/1680 train_time:300417ms step_avg:333.80ms
step:901/1680 train_time:300750ms step_avg:333.80ms
step:902/1680 train_time:301090ms step_avg:333.80ms
step:903/1680 train_time:301416ms step_avg:333.79ms
step:904/1680 train_time:301749ms step_avg:333.79ms
step:905/1680 train_time:302080ms step_avg:333.79ms
step:906/1680 train_time:302412ms step_avg:333.79ms
step:907/1680 train_time:302746ms step_avg:333.79ms
step:908/1680 train_time:303080ms step_avg:333.79ms
step:909/1680 train_time:303410ms step_avg:333.78ms
step:910/1680 train_time:303743ms step_avg:333.78ms
step:911/1680 train_time:304076ms step_avg:333.78ms
step:912/1680 train_time:304411ms step_avg:333.78ms
step:913/1680 train_time:304737ms step_avg:333.78ms
step:914/1680 train_time:305067ms step_avg:333.77ms
step:915/1680 train_time:305400ms step_avg:333.77ms
step:916/1680 train_time:305729ms step_avg:333.77ms
step:917/1680 train_time:306069ms step_avg:333.77ms
step:918/1680 train_time:306398ms step_avg:333.77ms
step:919/1680 train_time:306726ms step_avg:333.76ms
step:920/1680 train_time:307058ms step_avg:333.76ms
step:921/1680 train_time:307392ms step_avg:333.76ms
step:922/1680 train_time:307722ms step_avg:333.75ms
step:923/1680 train_time:308053ms step_avg:333.75ms
step:924/1680 train_time:308383ms step_avg:333.75ms
step:925/1680 train_time:308715ms step_avg:333.75ms
step:926/1680 train_time:309046ms step_avg:333.74ms
step:927/1680 train_time:309376ms step_avg:333.74ms
step:928/1680 train_time:309707ms step_avg:333.74ms
step:929/1680 train_time:310038ms step_avg:333.73ms
step:930/1680 train_time:310369ms step_avg:333.73ms
step:931/1680 train_time:310701ms step_avg:333.73ms
step:932/1680 train_time:311029ms step_avg:333.72ms
step:933/1680 train_time:311362ms step_avg:333.72ms
step:934/1680 train_time:311693ms step_avg:333.72ms
step:935/1680 train_time:312028ms step_avg:333.72ms
step:936/1680 train_time:312361ms step_avg:333.72ms
step:937/1680 train_time:312697ms step_avg:333.72ms
step:938/1680 train_time:313036ms step_avg:333.73ms
step:939/1680 train_time:313367ms step_avg:333.72ms
step:940/1680 train_time:313695ms step_avg:333.72ms
step:941/1680 train_time:314027ms step_avg:333.72ms
step:942/1680 train_time:314357ms step_avg:333.71ms
step:943/1680 train_time:314688ms step_avg:333.71ms
step:944/1680 train_time:315022ms step_avg:333.71ms
step:945/1680 train_time:315348ms step_avg:333.70ms
step:946/1680 train_time:315681ms step_avg:333.70ms
step:947/1680 train_time:316011ms step_avg:333.70ms
step:948/1680 train_time:316344ms step_avg:333.70ms
step:949/1680 train_time:316675ms step_avg:333.69ms
step:950/1680 train_time:317005ms step_avg:333.69ms
step:951/1680 train_time:317337ms step_avg:333.69ms
step:952/1680 train_time:317670ms step_avg:333.69ms
step:953/1680 train_time:317999ms step_avg:333.68ms
step:954/1680 train_time:318337ms step_avg:333.69ms
step:955/1680 train_time:318664ms step_avg:333.68ms
step:956/1680 train_time:318997ms step_avg:333.68ms
step:957/1680 train_time:319332ms step_avg:333.68ms
step:958/1680 train_time:319665ms step_avg:333.68ms
step:959/1680 train_time:319996ms step_avg:333.68ms
step:960/1680 train_time:320329ms step_avg:333.68ms
step:961/1680 train_time:320663ms step_avg:333.68ms
step:962/1680 train_time:320989ms step_avg:333.67ms
step:963/1680 train_time:321324ms step_avg:333.67ms
step:964/1680 train_time:321661ms step_avg:333.67ms
step:965/1680 train_time:321990ms step_avg:333.67ms
step:966/1680 train_time:322328ms step_avg:333.67ms
step:967/1680 train_time:322654ms step_avg:333.66ms
step:968/1680 train_time:322986ms step_avg:333.66ms
step:969/1680 train_time:323317ms step_avg:333.66ms
step:970/1680 train_time:323650ms step_avg:333.66ms
step:971/1680 train_time:323990ms step_avg:333.67ms
step:972/1680 train_time:324328ms step_avg:333.67ms
step:973/1680 train_time:324652ms step_avg:333.66ms
step:974/1680 train_time:324983ms step_avg:333.66ms
step:975/1680 train_time:325318ms step_avg:333.66ms
step:976/1680 train_time:325648ms step_avg:333.66ms
step:977/1680 train_time:325981ms step_avg:333.66ms
step:978/1680 train_time:326314ms step_avg:333.65ms
step:979/1680 train_time:326645ms step_avg:333.65ms
step:980/1680 train_time:326971ms step_avg:333.64ms
step:981/1680 train_time:327306ms step_avg:333.65ms
step:982/1680 train_time:327645ms step_avg:333.65ms
step:983/1680 train_time:327978ms step_avg:333.65ms
step:984/1680 train_time:328310ms step_avg:333.65ms
step:985/1680 train_time:328643ms step_avg:333.65ms
step:986/1680 train_time:328976ms step_avg:333.65ms
step:987/1680 train_time:329304ms step_avg:333.64ms
step:988/1680 train_time:329637ms step_avg:333.64ms
step:989/1680 train_time:329968ms step_avg:333.64ms
step:990/1680 train_time:330298ms step_avg:333.63ms
step:991/1680 train_time:330628ms step_avg:333.63ms
step:992/1680 train_time:330976ms step_avg:333.64ms
step:993/1680 train_time:331301ms step_avg:333.64ms
step:994/1680 train_time:331632ms step_avg:333.63ms
step:995/1680 train_time:331962ms step_avg:333.63ms
step:996/1680 train_time:332296ms step_avg:333.63ms
step:997/1680 train_time:332631ms step_avg:333.63ms
step:998/1680 train_time:332960ms step_avg:333.63ms
step:999/1680 train_time:333293ms step_avg:333.63ms
step:1000/1680 train_time:333623ms step_avg:333.62ms
step:1000/1680 val_loss:3.4701 train_time:333843ms step_avg:333.84ms
step:1001/1680 train_time:334039ms step_avg:333.71ms
step:1002/1680 train_time:334355ms step_avg:333.69ms
step:1003/1680 train_time:334685ms step_avg:333.68ms
step:1004/1680 train_time:335017ms step_avg:333.68ms
step:1005/1680 train_time:335354ms step_avg:333.69ms
step:1006/1680 train_time:335681ms step_avg:333.68ms
step:1007/1680 train_time:336015ms step_avg:333.68ms
step:1008/1680 train_time:336348ms step_avg:333.68ms
step:1009/1680 train_time:336683ms step_avg:333.68ms
step:1010/1680 train_time:337024ms step_avg:333.69ms
step:1011/1680 train_time:337356ms step_avg:333.69ms
step:1012/1680 train_time:337691ms step_avg:333.69ms
step:1013/1680 train_time:338019ms step_avg:333.68ms
step:1014/1680 train_time:338348ms step_avg:333.68ms
step:1015/1680 train_time:338679ms step_avg:333.67ms
step:1016/1680 train_time:339014ms step_avg:333.67ms
step:1017/1680 train_time:339342ms step_avg:333.67ms
step:1018/1680 train_time:339681ms step_avg:333.67ms
step:1019/1680 train_time:340013ms step_avg:333.67ms
step:1020/1680 train_time:340341ms step_avg:333.67ms
step:1021/1680 train_time:340671ms step_avg:333.66ms
step:1022/1680 train_time:341006ms step_avg:333.67ms
step:1023/1680 train_time:341344ms step_avg:333.67ms
step:1024/1680 train_time:341671ms step_avg:333.66ms
step:1025/1680 train_time:342005ms step_avg:333.66ms
step:1026/1680 train_time:342339ms step_avg:333.66ms
step:1027/1680 train_time:342669ms step_avg:333.66ms
step:1028/1680 train_time:342999ms step_avg:333.66ms
step:1029/1680 train_time:343334ms step_avg:333.66ms
step:1030/1680 train_time:343665ms step_avg:333.66ms
step:1031/1680 train_time:343997ms step_avg:333.65ms
step:1032/1680 train_time:344330ms step_avg:333.65ms
step:1033/1680 train_time:344661ms step_avg:333.65ms
step:1034/1680 train_time:344994ms step_avg:333.65ms
step:1035/1680 train_time:345324ms step_avg:333.65ms
step:1036/1680 train_time:345659ms step_avg:333.65ms
step:1037/1680 train_time:345995ms step_avg:333.65ms
step:1038/1680 train_time:346324ms step_avg:333.65ms
step:1039/1680 train_time:346679ms step_avg:333.67ms
step:1040/1680 train_time:346991ms step_avg:333.64ms
step:1041/1680 train_time:347321ms step_avg:333.64ms
step:1042/1680 train_time:347659ms step_avg:333.65ms
step:1043/1680 train_time:347988ms step_avg:333.64ms
step:1044/1680 train_time:348321ms step_avg:333.64ms
step:1045/1680 train_time:348656ms step_avg:333.64ms
step:1046/1680 train_time:348994ms step_avg:333.65ms
step:1047/1680 train_time:349324ms step_avg:333.64ms
step:1048/1680 train_time:349655ms step_avg:333.64ms
step:1049/1680 train_time:349989ms step_avg:333.64ms
step:1050/1680 train_time:350326ms step_avg:333.64ms
step:1051/1680 train_time:350659ms step_avg:333.64ms
step:1052/1680 train_time:350992ms step_avg:333.64ms
step:1053/1680 train_time:351325ms step_avg:333.64ms
step:1054/1680 train_time:351656ms step_avg:333.64ms
step:1055/1680 train_time:351993ms step_avg:333.64ms
step:1056/1680 train_time:352326ms step_avg:333.64ms
step:1057/1680 train_time:352658ms step_avg:333.64ms
step:1058/1680 train_time:352993ms step_avg:333.64ms
step:1059/1680 train_time:353326ms step_avg:333.64ms
step:1060/1680 train_time:353658ms step_avg:333.64ms
step:1061/1680 train_time:353990ms step_avg:333.64ms
step:1062/1680 train_time:354321ms step_avg:333.64ms
step:1063/1680 train_time:354654ms step_avg:333.64ms
step:1064/1680 train_time:354984ms step_avg:333.63ms
step:1065/1680 train_time:355319ms step_avg:333.63ms
step:1066/1680 train_time:355648ms step_avg:333.63ms
step:1067/1680 train_time:355979ms step_avg:333.63ms
step:1068/1680 train_time:356329ms step_avg:333.64ms
step:1069/1680 train_time:356643ms step_avg:333.62ms
step:1070/1680 train_time:356975ms step_avg:333.62ms
step:1071/1680 train_time:357319ms step_avg:333.63ms
step:1072/1680 train_time:357639ms step_avg:333.62ms
step:1073/1680 train_time:357974ms step_avg:333.62ms
step:1074/1680 train_time:358304ms step_avg:333.62ms
step:1075/1680 train_time:358633ms step_avg:333.61ms
step:1076/1680 train_time:358966ms step_avg:333.61ms
step:1077/1680 train_time:359301ms step_avg:333.61ms
step:1078/1680 train_time:359632ms step_avg:333.61ms
step:1079/1680 train_time:359961ms step_avg:333.61ms
step:1080/1680 train_time:360294ms step_avg:333.61ms
step:1081/1680 train_time:360627ms step_avg:333.60ms
step:1082/1680 train_time:360962ms step_avg:333.61ms
step:1083/1680 train_time:361305ms step_avg:333.61ms
step:1084/1680 train_time:361623ms step_avg:333.60ms
step:1085/1680 train_time:361950ms step_avg:333.59ms
step:1086/1680 train_time:362284ms step_avg:333.59ms
step:1087/1680 train_time:362615ms step_avg:333.59ms
step:1088/1680 train_time:362947ms step_avg:333.59ms
step:1089/1680 train_time:363281ms step_avg:333.59ms
step:1090/1680 train_time:363611ms step_avg:333.59ms
step:1091/1680 train_time:363948ms step_avg:333.59ms
step:1092/1680 train_time:364278ms step_avg:333.59ms
step:1093/1680 train_time:364612ms step_avg:333.59ms
step:1094/1680 train_time:364950ms step_avg:333.59ms
step:1095/1680 train_time:365279ms step_avg:333.59ms
step:1096/1680 train_time:365617ms step_avg:333.59ms
step:1097/1680 train_time:365946ms step_avg:333.59ms
step:1098/1680 train_time:366283ms step_avg:333.59ms
step:1099/1680 train_time:366614ms step_avg:333.59ms
step:1100/1680 train_time:366947ms step_avg:333.59ms
step:1101/1680 train_time:367279ms step_avg:333.59ms
step:1102/1680 train_time:367609ms step_avg:333.58ms
step:1103/1680 train_time:367940ms step_avg:333.58ms
step:1104/1680 train_time:368270ms step_avg:333.58ms
step:1105/1680 train_time:368603ms step_avg:333.58ms
step:1106/1680 train_time:368932ms step_avg:333.57ms
step:1107/1680 train_time:369270ms step_avg:333.58ms
step:1108/1680 train_time:369598ms step_avg:333.57ms
step:1109/1680 train_time:369930ms step_avg:333.57ms
step:1110/1680 train_time:370260ms step_avg:333.57ms
step:1111/1680 train_time:370593ms step_avg:333.57ms
step:1112/1680 train_time:370923ms step_avg:333.56ms
step:1113/1680 train_time:371254ms step_avg:333.56ms
step:1114/1680 train_time:371587ms step_avg:333.56ms
step:1115/1680 train_time:371916ms step_avg:333.56ms
step:1116/1680 train_time:372248ms step_avg:333.56ms
step:1117/1680 train_time:372580ms step_avg:333.55ms
step:1118/1680 train_time:372915ms step_avg:333.56ms
step:1119/1680 train_time:373249ms step_avg:333.56ms
step:1120/1680 train_time:373583ms step_avg:333.56ms
step:1121/1680 train_time:373914ms step_avg:333.55ms
step:1122/1680 train_time:374240ms step_avg:333.55ms
step:1123/1680 train_time:374587ms step_avg:333.56ms
step:1124/1680 train_time:374904ms step_avg:333.54ms
step:1125/1680 train_time:375243ms step_avg:333.55ms
step:1125/1680 val_loss:3.4180 train_time:375459ms step_avg:333.74ms
step:1126/1680 train_time:375658ms step_avg:333.62ms
step:1127/1680 train_time:375989ms step_avg:333.62ms
step:1128/1680 train_time:376328ms step_avg:333.62ms
step:1129/1680 train_time:376659ms step_avg:333.62ms
step:1130/1680 train_time:376994ms step_avg:333.62ms
step:1131/1680 train_time:377328ms step_avg:333.62ms
step:1132/1680 train_time:377658ms step_avg:333.62ms
step:1133/1680 train_time:377990ms step_avg:333.62ms
step:1134/1680 train_time:378321ms step_avg:333.62ms
step:1135/1680 train_time:378652ms step_avg:333.61ms
step:1136/1680 train_time:378987ms step_avg:333.62ms
step:1137/1680 train_time:379320ms step_avg:333.62ms
step:1138/1680 train_time:379652ms step_avg:333.61ms
step:1139/1680 train_time:379982ms step_avg:333.61ms
step:1140/1680 train_time:380313ms step_avg:333.61ms
step:1141/1680 train_time:380649ms step_avg:333.61ms
step:1142/1680 train_time:380982ms step_avg:333.61ms
step:1143/1680 train_time:381313ms step_avg:333.61ms
step:1144/1680 train_time:381642ms step_avg:333.60ms
step:1145/1680 train_time:381975ms step_avg:333.60ms
step:1146/1680 train_time:382312ms step_avg:333.61ms
step:1147/1680 train_time:382641ms step_avg:333.60ms
step:1148/1680 train_time:383035ms step_avg:333.65ms
step:1149/1680 train_time:383404ms step_avg:333.69ms
step:1150/1680 train_time:383735ms step_avg:333.68ms
step:1151/1680 train_time:384070ms step_avg:333.68ms
step:1152/1680 train_time:384401ms step_avg:333.68ms
step:1153/1680 train_time:384738ms step_avg:333.68ms
step:1154/1680 train_time:385063ms step_avg:333.68ms
step:1155/1680 train_time:385402ms step_avg:333.68ms
step:1156/1680 train_time:385734ms step_avg:333.68ms
step:1157/1680 train_time:386060ms step_avg:333.67ms
step:1158/1680 train_time:386390ms step_avg:333.67ms
step:1159/1680 train_time:386730ms step_avg:333.68ms
step:1160/1680 train_time:387057ms step_avg:333.67ms
step:1161/1680 train_time:387390ms step_avg:333.67ms
step:1162/1680 train_time:387726ms step_avg:333.67ms
step:1163/1680 train_time:388063ms step_avg:333.67ms
step:1164/1680 train_time:388395ms step_avg:333.67ms
step:1165/1680 train_time:388729ms step_avg:333.67ms
step:1166/1680 train_time:389057ms step_avg:333.67ms
step:1167/1680 train_time:389390ms step_avg:333.67ms
step:1168/1680 train_time:389719ms step_avg:333.66ms
step:1169/1680 train_time:390051ms step_avg:333.66ms
step:1170/1680 train_time:390381ms step_avg:333.66ms
step:1171/1680 train_time:390709ms step_avg:333.65ms
step:1172/1680 train_time:391044ms step_avg:333.66ms
step:1173/1680 train_time:391374ms step_avg:333.65ms
step:1174/1680 train_time:391705ms step_avg:333.65ms
step:1175/1680 train_time:392040ms step_avg:333.65ms
step:1176/1680 train_time:392369ms step_avg:333.65ms
step:1177/1680 train_time:392704ms step_avg:333.65ms
step:1178/1680 train_time:393036ms step_avg:333.65ms
step:1179/1680 train_time:393371ms step_avg:333.65ms
step:1180/1680 train_time:393707ms step_avg:333.65ms
step:1181/1680 train_time:394044ms step_avg:333.65ms
step:1182/1680 train_time:394372ms step_avg:333.65ms
step:1183/1680 train_time:394699ms step_avg:333.64ms
step:1184/1680 train_time:395030ms step_avg:333.64ms
step:1185/1680 train_time:395365ms step_avg:333.64ms
step:1186/1680 train_time:395694ms step_avg:333.64ms
step:1187/1680 train_time:396019ms step_avg:333.63ms
step:1188/1680 train_time:396351ms step_avg:333.63ms
step:1189/1680 train_time:396684ms step_avg:333.63ms
step:1190/1680 train_time:397015ms step_avg:333.63ms
step:1191/1680 train_time:397349ms step_avg:333.63ms
step:1192/1680 train_time:397680ms step_avg:333.62ms
step:1193/1680 train_time:398014ms step_avg:333.62ms
step:1194/1680 train_time:398344ms step_avg:333.62ms
step:1195/1680 train_time:398675ms step_avg:333.62ms
step:1196/1680 train_time:399008ms step_avg:333.62ms
step:1197/1680 train_time:399341ms step_avg:333.62ms
step:1198/1680 train_time:399672ms step_avg:333.62ms
step:1199/1680 train_time:400004ms step_avg:333.61ms
step:1200/1680 train_time:400335ms step_avg:333.61ms
step:1201/1680 train_time:400673ms step_avg:333.62ms
step:1202/1680 train_time:401013ms step_avg:333.62ms
step:1203/1680 train_time:401342ms step_avg:333.62ms
step:1204/1680 train_time:401673ms step_avg:333.62ms
step:1205/1680 train_time:402003ms step_avg:333.61ms
step:1206/1680 train_time:402332ms step_avg:333.61ms
step:1207/1680 train_time:402668ms step_avg:333.61ms
step:1208/1680 train_time:402994ms step_avg:333.60ms
step:1209/1680 train_time:403326ms step_avg:333.60ms
step:1210/1680 train_time:403658ms step_avg:333.60ms
step:1211/1680 train_time:403990ms step_avg:333.60ms
step:1212/1680 train_time:404324ms step_avg:333.60ms
step:1213/1680 train_time:404658ms step_avg:333.60ms
step:1214/1680 train_time:404985ms step_avg:333.60ms
step:1215/1680 train_time:405314ms step_avg:333.59ms
step:1216/1680 train_time:405643ms step_avg:333.59ms
step:1217/1680 train_time:405974ms step_avg:333.59ms
step:1218/1680 train_time:406305ms step_avg:333.58ms
step:1219/1680 train_time:406638ms step_avg:333.58ms
step:1220/1680 train_time:406976ms step_avg:333.59ms
step:1221/1680 train_time:407309ms step_avg:333.59ms
step:1222/1680 train_time:407643ms step_avg:333.59ms
step:1223/1680 train_time:407973ms step_avg:333.58ms
step:1224/1680 train_time:408302ms step_avg:333.58ms
step:1225/1680 train_time:408633ms step_avg:333.58ms
step:1226/1680 train_time:408965ms step_avg:333.58ms
step:1227/1680 train_time:409300ms step_avg:333.58ms
step:1228/1680 train_time:409631ms step_avg:333.58ms
step:1229/1680 train_time:409964ms step_avg:333.57ms
step:1230/1680 train_time:410294ms step_avg:333.57ms
step:1231/1680 train_time:410621ms step_avg:333.57ms
step:1232/1680 train_time:410953ms step_avg:333.57ms
step:1233/1680 train_time:411284ms step_avg:333.56ms
step:1234/1680 train_time:411618ms step_avg:333.56ms
step:1235/1680 train_time:411948ms step_avg:333.56ms
step:1236/1680 train_time:412282ms step_avg:333.56ms
step:1237/1680 train_time:412613ms step_avg:333.56ms
step:1238/1680 train_time:412945ms step_avg:333.56ms
step:1239/1680 train_time:413276ms step_avg:333.56ms
step:1240/1680 train_time:413608ms step_avg:333.55ms
step:1241/1680 train_time:413938ms step_avg:333.55ms
step:1242/1680 train_time:414272ms step_avg:333.55ms
step:1243/1680 train_time:414603ms step_avg:333.55ms
step:1244/1680 train_time:414938ms step_avg:333.55ms
step:1245/1680 train_time:415270ms step_avg:333.55ms
step:1246/1680 train_time:415601ms step_avg:333.55ms
step:1247/1680 train_time:415932ms step_avg:333.55ms
step:1248/1680 train_time:416261ms step_avg:333.54ms
step:1249/1680 train_time:416596ms step_avg:333.54ms
step:1250/1680 train_time:416929ms step_avg:333.54ms
step:1250/1680 val_loss:3.3781 train_time:417156ms step_avg:333.72ms
step:1251/1680 train_time:417352ms step_avg:333.61ms
step:1252/1680 train_time:417678ms step_avg:333.61ms
step:1253/1680 train_time:418016ms step_avg:333.61ms
step:1254/1680 train_time:418349ms step_avg:333.61ms
step:1255/1680 train_time:418682ms step_avg:333.61ms
step:1256/1680 train_time:419014ms step_avg:333.61ms
step:1257/1680 train_time:419350ms step_avg:333.61ms
step:1258/1680 train_time:419680ms step_avg:333.61ms
step:1259/1680 train_time:420015ms step_avg:333.61ms
step:1260/1680 train_time:420348ms step_avg:333.61ms
step:1261/1680 train_time:420682ms step_avg:333.61ms
step:1262/1680 train_time:421014ms step_avg:333.61ms
step:1263/1680 train_time:421350ms step_avg:333.61ms
step:1264/1680 train_time:421680ms step_avg:333.61ms
step:1265/1680 train_time:422012ms step_avg:333.61ms
step:1266/1680 train_time:422345ms step_avg:333.61ms
step:1267/1680 train_time:422678ms step_avg:333.61ms
step:1268/1680 train_time:423015ms step_avg:333.61ms
step:1269/1680 train_time:423347ms step_avg:333.61ms
step:1270/1680 train_time:423682ms step_avg:333.61ms
step:1271/1680 train_time:424017ms step_avg:333.61ms
step:1272/1680 train_time:424348ms step_avg:333.61ms
step:1273/1680 train_time:424679ms step_avg:333.61ms
step:1274/1680 train_time:425010ms step_avg:333.60ms
step:1275/1680 train_time:425342ms step_avg:333.60ms
step:1276/1680 train_time:425671ms step_avg:333.60ms
step:1277/1680 train_time:426002ms step_avg:333.60ms
step:1278/1680 train_time:426333ms step_avg:333.59ms
step:1279/1680 train_time:426662ms step_avg:333.59ms
step:1280/1680 train_time:426994ms step_avg:333.59ms
step:1281/1680 train_time:427325ms step_avg:333.59ms
step:1282/1680 train_time:427665ms step_avg:333.59ms
step:1283/1680 train_time:427991ms step_avg:333.59ms
step:1284/1680 train_time:428328ms step_avg:333.59ms
step:1285/1680 train_time:428662ms step_avg:333.59ms
step:1286/1680 train_time:428994ms step_avg:333.59ms
step:1287/1680 train_time:429325ms step_avg:333.59ms
step:1288/1680 train_time:429659ms step_avg:333.59ms
step:1289/1680 train_time:429990ms step_avg:333.58ms
step:1290/1680 train_time:430325ms step_avg:333.59ms
step:1291/1680 train_time:430657ms step_avg:333.58ms
step:1292/1680 train_time:430995ms step_avg:333.59ms
step:1293/1680 train_time:431330ms step_avg:333.59ms
step:1294/1680 train_time:431662ms step_avg:333.59ms
step:1295/1680 train_time:431991ms step_avg:333.58ms
step:1296/1680 train_time:432323ms step_avg:333.58ms
step:1297/1680 train_time:432658ms step_avg:333.58ms
step:1298/1680 train_time:432989ms step_avg:333.58ms
step:1299/1680 train_time:433323ms step_avg:333.58ms
step:1300/1680 train_time:433657ms step_avg:333.58ms
step:1301/1680 train_time:433989ms step_avg:333.58ms
step:1302/1680 train_time:434323ms step_avg:333.58ms
step:1303/1680 train_time:434657ms step_avg:333.58ms
step:1304/1680 train_time:434991ms step_avg:333.58ms
step:1305/1680 train_time:435321ms step_avg:333.58ms
step:1306/1680 train_time:435649ms step_avg:333.58ms
step:1307/1680 train_time:436019ms step_avg:333.60ms
step:1308/1680 train_time:436370ms step_avg:333.62ms
step:1309/1680 train_time:436696ms step_avg:333.61ms
step:1310/1680 train_time:437031ms step_avg:333.61ms
step:1311/1680 train_time:437381ms step_avg:333.62ms
step:1312/1680 train_time:437713ms step_avg:333.62ms
step:1313/1680 train_time:438044ms step_avg:333.62ms
step:1314/1680 train_time:438381ms step_avg:333.62ms
step:1315/1680 train_time:438717ms step_avg:333.62ms
step:1316/1680 train_time:439045ms step_avg:333.62ms
step:1317/1680 train_time:439377ms step_avg:333.62ms
step:1318/1680 train_time:439708ms step_avg:333.62ms
step:1319/1680 train_time:440036ms step_avg:333.61ms
step:1320/1680 train_time:440371ms step_avg:333.61ms
step:1321/1680 train_time:440705ms step_avg:333.61ms
step:1322/1680 train_time:441020ms step_avg:333.60ms
step:1323/1680 train_time:441353ms step_avg:333.60ms
step:1324/1680 train_time:441686ms step_avg:333.60ms
step:1325/1680 train_time:442017ms step_avg:333.60ms
step:1326/1680 train_time:442348ms step_avg:333.60ms
step:1327/1680 train_time:442683ms step_avg:333.60ms
step:1328/1680 train_time:443026ms step_avg:333.60ms
step:1329/1680 train_time:443345ms step_avg:333.59ms
step:1330/1680 train_time:443674ms step_avg:333.59ms
step:1331/1680 train_time:444005ms step_avg:333.59ms
step:1332/1680 train_time:444352ms step_avg:333.60ms
step:1333/1680 train_time:444671ms step_avg:333.59ms
step:1334/1680 train_time:445004ms step_avg:333.59ms
step:1335/1680 train_time:445336ms step_avg:333.59ms
step:1336/1680 train_time:445669ms step_avg:333.58ms
step:1337/1680 train_time:445998ms step_avg:333.58ms
step:1338/1680 train_time:446332ms step_avg:333.58ms
step:1339/1680 train_time:446666ms step_avg:333.58ms
step:1340/1680 train_time:447001ms step_avg:333.58ms
step:1341/1680 train_time:447338ms step_avg:333.59ms
step:1342/1680 train_time:447681ms step_avg:333.59ms
step:1343/1680 train_time:448010ms step_avg:333.59ms
step:1344/1680 train_time:448348ms step_avg:333.59ms
step:1345/1680 train_time:448679ms step_avg:333.59ms
step:1346/1680 train_time:449014ms step_avg:333.59ms
step:1347/1680 train_time:449346ms step_avg:333.59ms
step:1348/1680 train_time:449679ms step_avg:333.59ms
step:1349/1680 train_time:450008ms step_avg:333.59ms
step:1350/1680 train_time:450340ms step_avg:333.59ms
step:1351/1680 train_time:450673ms step_avg:333.58ms
step:1352/1680 train_time:451001ms step_avg:333.58ms
step:1353/1680 train_time:451337ms step_avg:333.58ms
step:1354/1680 train_time:451671ms step_avg:333.58ms
step:1355/1680 train_time:452000ms step_avg:333.58ms
step:1356/1680 train_time:452333ms step_avg:333.58ms
step:1357/1680 train_time:452669ms step_avg:333.58ms
step:1358/1680 train_time:452998ms step_avg:333.58ms
step:1359/1680 train_time:453332ms step_avg:333.58ms
step:1360/1680 train_time:453668ms step_avg:333.58ms
step:1361/1680 train_time:454001ms step_avg:333.58ms
step:1362/1680 train_time:454331ms step_avg:333.58ms
step:1363/1680 train_time:454662ms step_avg:333.57ms
step:1364/1680 train_time:454998ms step_avg:333.58ms
step:1365/1680 train_time:455334ms step_avg:333.58ms
step:1366/1680 train_time:455666ms step_avg:333.58ms
step:1367/1680 train_time:455999ms step_avg:333.58ms
step:1368/1680 train_time:456332ms step_avg:333.58ms
step:1369/1680 train_time:456665ms step_avg:333.58ms
step:1370/1680 train_time:456995ms step_avg:333.57ms
step:1371/1680 train_time:457325ms step_avg:333.57ms
step:1372/1680 train_time:457658ms step_avg:333.57ms
step:1373/1680 train_time:457987ms step_avg:333.57ms
step:1374/1680 train_time:458318ms step_avg:333.56ms
step:1375/1680 train_time:458652ms step_avg:333.57ms
step:1375/1680 val_loss:3.3432 train_time:458873ms step_avg:333.73ms
step:1376/1680 train_time:459096ms step_avg:333.65ms
step:1377/1680 train_time:459425ms step_avg:333.64ms
step:1378/1680 train_time:459757ms step_avg:333.64ms
step:1379/1680 train_time:460087ms step_avg:333.64ms
step:1380/1680 train_time:460425ms step_avg:333.64ms
step:1381/1680 train_time:460763ms step_avg:333.64ms
step:1382/1680 train_time:461093ms step_avg:333.64ms
step:1383/1680 train_time:461426ms step_avg:333.64ms
step:1384/1680 train_time:461758ms step_avg:333.64ms
step:1385/1680 train_time:462090ms step_avg:333.64ms
step:1386/1680 train_time:462425ms step_avg:333.64ms
step:1387/1680 train_time:462755ms step_avg:333.64ms
step:1388/1680 train_time:463086ms step_avg:333.64ms
step:1389/1680 train_time:463417ms step_avg:333.63ms
step:1390/1680 train_time:463751ms step_avg:333.63ms
step:1391/1680 train_time:464082ms step_avg:333.63ms
step:1392/1680 train_time:464416ms step_avg:333.63ms
step:1393/1680 train_time:464748ms step_avg:333.63ms
step:1394/1680 train_time:465081ms step_avg:333.63ms
step:1395/1680 train_time:465416ms step_avg:333.63ms
step:1396/1680 train_time:465745ms step_avg:333.63ms
step:1397/1680 train_time:466077ms step_avg:333.63ms
step:1398/1680 train_time:466407ms step_avg:333.62ms
step:1399/1680 train_time:466736ms step_avg:333.62ms
step:1400/1680 train_time:467068ms step_avg:333.62ms
step:1401/1680 train_time:467404ms step_avg:333.62ms
step:1402/1680 train_time:467752ms step_avg:333.63ms
step:1403/1680 train_time:468083ms step_avg:333.63ms
step:1404/1680 train_time:468420ms step_avg:333.63ms
step:1405/1680 train_time:468755ms step_avg:333.63ms
step:1406/1680 train_time:469076ms step_avg:333.62ms
step:1407/1680 train_time:469411ms step_avg:333.63ms
step:1408/1680 train_time:469743ms step_avg:333.62ms
step:1409/1680 train_time:470076ms step_avg:333.62ms
step:1410/1680 train_time:470403ms step_avg:333.62ms
step:1411/1680 train_time:470738ms step_avg:333.62ms
step:1412/1680 train_time:471071ms step_avg:333.62ms
step:1413/1680 train_time:471401ms step_avg:333.62ms
step:1414/1680 train_time:471734ms step_avg:333.62ms
step:1415/1680 train_time:472071ms step_avg:333.62ms
step:1416/1680 train_time:472401ms step_avg:333.62ms
step:1417/1680 train_time:472734ms step_avg:333.62ms
step:1418/1680 train_time:473064ms step_avg:333.61ms
step:1419/1680 train_time:473398ms step_avg:333.61ms
step:1420/1680 train_time:473732ms step_avg:333.61ms
step:1421/1680 train_time:474061ms step_avg:333.61ms
step:1422/1680 train_time:474388ms step_avg:333.61ms
step:1423/1680 train_time:474728ms step_avg:333.61ms
step:1424/1680 train_time:475060ms step_avg:333.61ms
step:1425/1680 train_time:475394ms step_avg:333.61ms
step:1426/1680 train_time:475731ms step_avg:333.61ms
step:1427/1680 train_time:476060ms step_avg:333.61ms
step:1428/1680 train_time:476397ms step_avg:333.61ms
step:1429/1680 train_time:476733ms step_avg:333.61ms
step:1430/1680 train_time:477067ms step_avg:333.61ms
step:1431/1680 train_time:477401ms step_avg:333.61ms
step:1432/1680 train_time:477733ms step_avg:333.61ms
step:1433/1680 train_time:478066ms step_avg:333.61ms
step:1434/1680 train_time:478400ms step_avg:333.61ms
step:1435/1680 train_time:478729ms step_avg:333.61ms
step:1436/1680 train_time:479062ms step_avg:333.61ms
step:1437/1680 train_time:479392ms step_avg:333.61ms
step:1438/1680 train_time:479725ms step_avg:333.61ms
step:1439/1680 train_time:480054ms step_avg:333.60ms
step:1440/1680 train_time:480389ms step_avg:333.60ms
step:1441/1680 train_time:480720ms step_avg:333.60ms
step:1442/1680 train_time:481049ms step_avg:333.60ms
step:1443/1680 train_time:481383ms step_avg:333.60ms
step:1444/1680 train_time:481717ms step_avg:333.60ms
step:1445/1680 train_time:482048ms step_avg:333.60ms
step:1446/1680 train_time:482405ms step_avg:333.61ms
step:1447/1680 train_time:482746ms step_avg:333.62ms
step:1448/1680 train_time:483076ms step_avg:333.62ms
step:1449/1680 train_time:483409ms step_avg:333.62ms
step:1450/1680 train_time:483740ms step_avg:333.61ms
step:1451/1680 train_time:484074ms step_avg:333.61ms
step:1452/1680 train_time:484405ms step_avg:333.61ms
step:1453/1680 train_time:484741ms step_avg:333.61ms
step:1454/1680 train_time:485072ms step_avg:333.61ms
step:1455/1680 train_time:485405ms step_avg:333.61ms
step:1456/1680 train_time:485737ms step_avg:333.61ms
step:1457/1680 train_time:486073ms step_avg:333.61ms
step:1458/1680 train_time:486404ms step_avg:333.61ms
step:1459/1680 train_time:486740ms step_avg:333.61ms
step:1460/1680 train_time:487072ms step_avg:333.61ms
step:1461/1680 train_time:487404ms step_avg:333.61ms
step:1462/1680 train_time:487735ms step_avg:333.61ms
step:1463/1680 train_time:488068ms step_avg:333.61ms
step:1464/1680 train_time:488402ms step_avg:333.61ms
step:1465/1680 train_time:488733ms step_avg:333.61ms
step:1466/1680 train_time:489066ms step_avg:333.61ms
step:1467/1680 train_time:489403ms step_avg:333.61ms
step:1468/1680 train_time:489736ms step_avg:333.61ms
step:1469/1680 train_time:490075ms step_avg:333.61ms
step:1470/1680 train_time:490411ms step_avg:333.61ms
step:1471/1680 train_time:490744ms step_avg:333.61ms
step:1472/1680 train_time:491091ms step_avg:333.62ms
step:1473/1680 train_time:491409ms step_avg:333.61ms
step:1474/1680 train_time:491743ms step_avg:333.61ms
step:1475/1680 train_time:492078ms step_avg:333.61ms
step:1476/1680 train_time:492408ms step_avg:333.61ms
step:1477/1680 train_time:492744ms step_avg:333.61ms
step:1478/1680 train_time:493079ms step_avg:333.61ms
step:1479/1680 train_time:493414ms step_avg:333.61ms
step:1480/1680 train_time:493745ms step_avg:333.61ms
step:1481/1680 train_time:494079ms step_avg:333.61ms
step:1482/1680 train_time:494413ms step_avg:333.61ms
step:1483/1680 train_time:494748ms step_avg:333.61ms
step:1484/1680 train_time:495076ms step_avg:333.61ms
step:1485/1680 train_time:495427ms step_avg:333.62ms
step:1486/1680 train_time:495745ms step_avg:333.61ms
step:1487/1680 train_time:496081ms step_avg:333.61ms
step:1488/1680 train_time:496421ms step_avg:333.62ms
step:1489/1680 train_time:496757ms step_avg:333.62ms
step:1490/1680 train_time:497084ms step_avg:333.61ms
step:1491/1680 train_time:497416ms step_avg:333.61ms
step:1492/1680 train_time:497756ms step_avg:333.62ms
step:1493/1680 train_time:498093ms step_avg:333.62ms
step:1494/1680 train_time:498421ms step_avg:333.62ms
step:1495/1680 train_time:498760ms step_avg:333.62ms
step:1496/1680 train_time:499101ms step_avg:333.62ms
step:1497/1680 train_time:499430ms step_avg:333.62ms
step:1498/1680 train_time:499764ms step_avg:333.62ms
step:1499/1680 train_time:500098ms step_avg:333.62ms
step:1500/1680 train_time:500430ms step_avg:333.62ms
step:1500/1680 val_loss:3.3125 train_time:500650ms step_avg:333.77ms
step:1501/1680 train_time:500859ms step_avg:333.68ms
step:1502/1680 train_time:501170ms step_avg:333.67ms
step:1503/1680 train_time:501504ms step_avg:333.67ms
step:1504/1680 train_time:501844ms step_avg:333.67ms
step:1505/1680 train_time:502181ms step_avg:333.67ms
step:1506/1680 train_time:502522ms step_avg:333.68ms
step:1507/1680 train_time:502859ms step_avg:333.68ms
step:1508/1680 train_time:503187ms step_avg:333.68ms
step:1509/1680 train_time:503515ms step_avg:333.67ms
step:1510/1680 train_time:503846ms step_avg:333.67ms
step:1511/1680 train_time:504184ms step_avg:333.68ms
step:1512/1680 train_time:504518ms step_avg:333.68ms
step:1513/1680 train_time:504848ms step_avg:333.67ms
step:1514/1680 train_time:505180ms step_avg:333.67ms
step:1515/1680 train_time:505537ms step_avg:333.69ms
step:1516/1680 train_time:505846ms step_avg:333.67ms
step:1517/1680 train_time:506179ms step_avg:333.67ms
step:1518/1680 train_time:506512ms step_avg:333.67ms
step:1519/1680 train_time:506855ms step_avg:333.68ms
step:1520/1680 train_time:507194ms step_avg:333.68ms
step:1521/1680 train_time:507524ms step_avg:333.68ms
step:1522/1680 train_time:507861ms step_avg:333.68ms
step:1523/1680 train_time:508191ms step_avg:333.68ms
step:1524/1680 train_time:508522ms step_avg:333.68ms
step:1525/1680 train_time:508868ms step_avg:333.68ms
step:1526/1680 train_time:509200ms step_avg:333.68ms
step:1527/1680 train_time:509529ms step_avg:333.68ms
step:1528/1680 train_time:509868ms step_avg:333.68ms
step:1529/1680 train_time:510203ms step_avg:333.68ms
step:1530/1680 train_time:510530ms step_avg:333.68ms
step:1531/1680 train_time:510873ms step_avg:333.69ms
step:1532/1680 train_time:511204ms step_avg:333.68ms
step:1533/1680 train_time:511533ms step_avg:333.68ms
step:1534/1680 train_time:511873ms step_avg:333.68ms
step:1535/1680 train_time:512192ms step_avg:333.68ms
step:1536/1680 train_time:512528ms step_avg:333.68ms
step:1537/1680 train_time:512859ms step_avg:333.68ms
step:1538/1680 train_time:513198ms step_avg:333.68ms
step:1539/1680 train_time:513545ms step_avg:333.69ms
step:1540/1680 train_time:513875ms step_avg:333.69ms
step:1541/1680 train_time:514206ms step_avg:333.68ms
step:1542/1680 train_time:514539ms step_avg:333.68ms
step:1543/1680 train_time:514876ms step_avg:333.68ms
step:1544/1680 train_time:515207ms step_avg:333.68ms
step:1545/1680 train_time:515554ms step_avg:333.69ms
step:1546/1680 train_time:515876ms step_avg:333.68ms
step:1547/1680 train_time:516205ms step_avg:333.68ms
step:1548/1680 train_time:516540ms step_avg:333.68ms
step:1549/1680 train_time:516878ms step_avg:333.68ms
step:1550/1680 train_time:517214ms step_avg:333.69ms
step:1551/1680 train_time:517548ms step_avg:333.69ms
step:1552/1680 train_time:517884ms step_avg:333.69ms
step:1553/1680 train_time:518218ms step_avg:333.69ms
step:1554/1680 train_time:518553ms step_avg:333.69ms
step:1555/1680 train_time:518881ms step_avg:333.69ms
step:1556/1680 train_time:519215ms step_avg:333.69ms
step:1557/1680 train_time:519549ms step_avg:333.69ms
step:1558/1680 train_time:519886ms step_avg:333.69ms
step:1559/1680 train_time:520219ms step_avg:333.69ms
step:1560/1680 train_time:520553ms step_avg:333.69ms
step:1561/1680 train_time:520883ms step_avg:333.69ms
step:1562/1680 train_time:521218ms step_avg:333.69ms
step:1563/1680 train_time:521552ms step_avg:333.69ms
step:1564/1680 train_time:521886ms step_avg:333.69ms
step:1565/1680 train_time:522230ms step_avg:333.69ms
step:1566/1680 train_time:522566ms step_avg:333.70ms
step:1567/1680 train_time:522900ms step_avg:333.70ms
step:1568/1680 train_time:523221ms step_avg:333.69ms
step:1569/1680 train_time:523552ms step_avg:333.69ms
step:1570/1680 train_time:523887ms step_avg:333.69ms
step:1571/1680 train_time:524221ms step_avg:333.69ms
step:1572/1680 train_time:524556ms step_avg:333.69ms
step:1573/1680 train_time:524890ms step_avg:333.69ms
step:1574/1680 train_time:525223ms step_avg:333.69ms
step:1575/1680 train_time:525563ms step_avg:333.69ms
step:1576/1680 train_time:525898ms step_avg:333.69ms
step:1577/1680 train_time:526228ms step_avg:333.69ms
step:1578/1680 train_time:526561ms step_avg:333.69ms
step:1579/1680 train_time:526953ms step_avg:333.73ms
step:1580/1680 train_time:527330ms step_avg:333.75ms
step:1581/1680 train_time:527666ms step_avg:333.75ms
step:1582/1680 train_time:528000ms step_avg:333.75ms
step:1583/1680 train_time:528334ms step_avg:333.75ms
step:1584/1680 train_time:528669ms step_avg:333.76ms
step:1585/1680 train_time:529008ms step_avg:333.76ms
step:1586/1680 train_time:529344ms step_avg:333.76ms
step:1587/1680 train_time:529676ms step_avg:333.76ms
step:1588/1680 train_time:530011ms step_avg:333.76ms
step:1589/1680 train_time:530349ms step_avg:333.76ms
step:1590/1680 train_time:530680ms step_avg:333.76ms
step:1591/1680 train_time:531017ms step_avg:333.76ms
step:1592/1680 train_time:531341ms step_avg:333.76ms
step:1593/1680 train_time:531677ms step_avg:333.76ms
step:1594/1680 train_time:532017ms step_avg:333.76ms
step:1595/1680 train_time:532351ms step_avg:333.76ms
step:1596/1680 train_time:532683ms step_avg:333.76ms
step:1597/1680 train_time:533028ms step_avg:333.77ms
step:1598/1680 train_time:533359ms step_avg:333.77ms
step:1599/1680 train_time:533685ms step_avg:333.76ms
step:1600/1680 train_time:534015ms step_avg:333.76ms
step:1601/1680 train_time:534350ms step_avg:333.76ms
step:1602/1680 train_time:534677ms step_avg:333.76ms
step:1603/1680 train_time:535014ms step_avg:333.76ms
step:1604/1680 train_time:535355ms step_avg:333.76ms
step:1605/1680 train_time:535691ms step_avg:333.76ms
step:1606/1680 train_time:536022ms step_avg:333.76ms
step:1607/1680 train_time:536356ms step_avg:333.76ms
step:1608/1680 train_time:536687ms step_avg:333.76ms
step:1609/1680 train_time:537025ms step_avg:333.76ms
step:1610/1680 train_time:537356ms step_avg:333.76ms
step:1611/1680 train_time:537696ms step_avg:333.77ms
step:1612/1680 train_time:538027ms step_avg:333.76ms
step:1613/1680 train_time:538363ms step_avg:333.77ms
step:1614/1680 train_time:538698ms step_avg:333.77ms
step:1615/1680 train_time:539032ms step_avg:333.77ms
step:1616/1680 train_time:539367ms step_avg:333.77ms
step:1617/1680 train_time:539696ms step_avg:333.76ms
step:1618/1680 train_time:540030ms step_avg:333.76ms
step:1619/1680 train_time:540364ms step_avg:333.76ms
step:1620/1680 train_time:540703ms step_avg:333.77ms
step:1621/1680 train_time:541038ms step_avg:333.77ms
step:1622/1680 train_time:541372ms step_avg:333.77ms
step:1623/1680 train_time:541703ms step_avg:333.77ms
step:1624/1680 train_time:542041ms step_avg:333.77ms
step:1625/1680 train_time:542376ms step_avg:333.77ms
step:1625/1680 val_loss:3.2893 train_time:542600ms step_avg:333.91ms
step:1626/1680 train_time:542808ms step_avg:333.83ms
step:1627/1680 train_time:543170ms step_avg:333.85ms
step:1628/1680 train_time:543506ms step_avg:333.85ms
step:1629/1680 train_time:543838ms step_avg:333.85ms
step:1630/1680 train_time:544175ms step_avg:333.85ms
step:1631/1680 train_time:544509ms step_avg:333.85ms
step:1632/1680 train_time:544845ms step_avg:333.85ms
step:1633/1680 train_time:545177ms step_avg:333.85ms
step:1634/1680 train_time:545510ms step_avg:333.85ms
step:1635/1680 train_time:545840ms step_avg:333.85ms
step:1636/1680 train_time:546174ms step_avg:333.85ms
step:1637/1680 train_time:546511ms step_avg:333.85ms
step:1638/1680 train_time:546844ms step_avg:333.85ms
step:1639/1680 train_time:547178ms step_avg:333.85ms
step:1640/1680 train_time:547513ms step_avg:333.85ms
step:1641/1680 train_time:547846ms step_avg:333.85ms
step:1642/1680 train_time:548181ms step_avg:333.85ms
step:1643/1680 train_time:548514ms step_avg:333.85ms
step:1644/1680 train_time:548867ms step_avg:333.86ms
step:1645/1680 train_time:549185ms step_avg:333.85ms
step:1646/1680 train_time:549514ms step_avg:333.85ms
step:1647/1680 train_time:549844ms step_avg:333.85ms
step:1648/1680 train_time:550182ms step_avg:333.85ms
step:1649/1680 train_time:550512ms step_avg:333.85ms
step:1650/1680 train_time:550845ms step_avg:333.85ms
step:1651/1680 train_time:551182ms step_avg:333.85ms
step:1652/1680 train_time:551519ms step_avg:333.85ms
step:1653/1680 train_time:551854ms step_avg:333.85ms
step:1654/1680 train_time:552190ms step_avg:333.85ms
step:1655/1680 train_time:552524ms step_avg:333.85ms
step:1656/1680 train_time:552856ms step_avg:333.85ms
step:1657/1680 train_time:553191ms step_avg:333.85ms
step:1658/1680 train_time:553526ms step_avg:333.85ms
step:1659/1680 train_time:553858ms step_avg:333.85ms
step:1660/1680 train_time:554190ms step_avg:333.85ms
step:1661/1680 train_time:554525ms step_avg:333.85ms
step:1662/1680 train_time:554857ms step_avg:333.85ms
step:1663/1680 train_time:555191ms step_avg:333.85ms
step:1664/1680 train_time:555528ms step_avg:333.85ms
step:1665/1680 train_time:555865ms step_avg:333.85ms
step:1666/1680 train_time:556200ms step_avg:333.85ms
step:1667/1680 train_time:556531ms step_avg:333.85ms
step:1668/1680 train_time:556868ms step_avg:333.85ms
step:1669/1680 train_time:557204ms step_avg:333.86ms
step:1670/1680 train_time:557538ms step_avg:333.86ms
step:1671/1680 train_time:557869ms step_avg:333.85ms
step:1672/1680 train_time:558204ms step_avg:333.85ms
step:1673/1680 train_time:558538ms step_avg:333.85ms
step:1674/1680 train_time:558871ms step_avg:333.85ms
step:1675/1680 train_time:559208ms step_avg:333.86ms
step:1676/1680 train_time:559541ms step_avg:333.86ms
step:1677/1680 train_time:559873ms step_avg:333.85ms
step:1678/1680 train_time:560212ms step_avg:333.86ms
step:1679/1680 train_time:560548ms step_avg:333.86ms
step:1680/1680 train_time:560881ms step_avg:333.86ms
step:1680/1680 val_loss:3.2793 train_time:561102ms step_avg:333.99ms
peak memory allocated: 41905 MiB reserved: 56164 MiB
total training time: 561.10s (561102ms)
Final val_loss: 3.2793
=== Done (exit=0, status=COMPLETED) ===
