[training-job-1779886461-b18ef5-trainer-0] step:2021/2315 train_time:507602ms step_avg:251.16ms
[training-job-1779886461-b18ef5-trainer-0] step:2022/2315 train_time:507848ms step_avg:251.16ms
[training-job-1779886461-b18ef5-trainer-0] step:2023/2315 train_time:508106ms step_avg:251.16ms
[training-job-1779886461-b18ef5-trainer-0] step:2024/2315 train_time:508356ms step_avg:251.16ms
[training-job-1779886461-b18ef5-trainer-0] step:2025/2315 train_time:508613ms step_avg:251.17ms
[training-job-1779886461-b18ef5-trainer-0] step:2026/2315 train_time:508860ms step_avg:251.16ms
[training-job-1779886461-b18ef5-trainer-0] step:2027/2315 train_time:509111ms step_avg:251.16ms
[training-job-1779886461-b18ef5-trainer-0] step:2028/2315 train_time:509357ms step_avg:251.16ms
[training-job-1779886461-b18ef5-trainer-0] step:2029/2315 train_time:509622ms step_avg:251.17ms
[training-job-1779886461-b18ef5-trainer-0] step:2030/2315 train_time:509871ms step_avg:251.17ms
[training-job-1779886461-b18ef5-trainer-0] step:2031/2315 train_time:510119ms step_avg:251.17ms
[training-job-1779886461-b18ef5-trainer-0] step:2032/2315 train_time:510365ms step_avg:251.16ms
[training-job-1779886461-b18ef5-trainer-0] step:2033/2315 train_time:510623ms step_avg:251.17ms
[training-job-1779886461-b18ef5-trainer-0] step:2034/2315 train_time:510871ms step_avg:251.17ms
[training-job-1779886461-b18ef5-trainer-0] step:2035/2315 train_time:511128ms step_avg:251.17ms
[training-job-1779886461-b18ef5-trainer-0] step:2036/2315 train_time:511373ms step_avg:251.17ms
[training-job-1779886461-b18ef5-trainer-0] step:2037/2315 train_time:511631ms step_avg:251.17ms
[training-job-1779886461-b18ef5-trainer-0] step:2038/2315 train_time:511875ms step_avg:251.17ms
[training-job-1779886461-b18ef5-trainer-0] step:2039/2315 train_time:512129ms step_avg:251.17ms
[training-job-1779886461-b18ef5-trainer-0] step:2040/2315 train_time:512376ms step_avg:251.16ms
[training-job-1779886461-b18ef5-trainer-0] step:2041/2315 train_time:512636ms step_avg:251.17ms
[training-job-1779886461-b18ef5-trainer-0] step:2042/2315 train_time:512884ms step_avg:251.17ms
[training-job-1779886461-b18ef5-trainer-0] step:2043/2315 train_time:513141ms step_avg:251.17ms
[training-job-1779886461-b18ef5-trainer-0] step:2044/2315 train_time:513389ms step_avg:251.17ms
[training-job-1779886461-b18ef5-trainer-0] step:2045/2315 train_time:513647ms step_avg:251.17ms
[training-job-1779886461-b18ef5-trainer-0] step:2046/2315 train_time:513893ms step_avg:251.17ms
[training-job-1779886461-b18ef5-trainer-0] step:2047/2315 train_time:514150ms step_avg:251.17ms
[training-job-1779886461-b18ef5-trainer-0] step:2048/2315 train_time:514395ms step_avg:251.17ms
[training-job-1779886461-b18ef5-trainer-0] step:2049/2315 train_time:514654ms step_avg:251.17ms
[training-job-1779886461-b18ef5-trainer-0] step:2050/2315 train_time:514903ms step_avg:251.17ms
[training-job-1779886461-b18ef5-trainer-0] step:2051/2315 train_time:515160ms step_avg:251.17ms
[training-job-1779886461-b18ef5-trainer-0] step:2052/2315 train_time:515406ms step_avg:251.17ms
[training-job-1779886461-b18ef5-trainer-0] step:2053/2315 train_time:515660ms step_avg:251.17ms
[training-job-1779886461-b18ef5-trainer-0] step:2054/2315 train_time:515906ms step_avg:251.17ms
[training-job-1779886461-b18ef5-trainer-0] step:2055/2315 train_time:516163ms step_avg:251.17ms
[training-job-1779886461-b18ef5-trainer-0] step:2056/2315 train_time:516410ms step_avg:251.17ms
[training-job-1779886461-b18ef5-trainer-0] step:2057/2315 train_time:516668ms step_avg:251.18ms
[training-job-1779886461-b18ef5-trainer-0] step:2058/2315 train_time:516915ms step_avg:251.17ms
[training-job-1779886461-b18ef5-trainer-0] step:2059/2315 train_time:517171ms step_avg:251.18ms
[training-job-1779886461-b18ef5-trainer-0] step:2060/2315 train_time:517426ms step_avg:251.18ms
[training-job-1779886461-b18ef5-trainer-0] step:2061/2315 train_time:517681ms step_avg:251.18ms
[training-job-1779886461-b18ef5-trainer-0] step:2062/2315 train_time:517926ms step_avg:251.18ms
[training-job-1779886461-b18ef5-trainer-0] step:2063/2315 train_time:518182ms step_avg:251.18ms
[training-job-1779886461-b18ef5-trainer-0] step:2064/2315 train_time:518431ms step_avg:251.18ms
[training-job-1779886461-b18ef5-trainer-0] step:2065/2315 train_time:518687ms step_avg:251.18ms
[training-job-1779886461-b18ef5-trainer-0] step:2066/2315 train_time:518933ms step_avg:251.18ms
[training-job-1779886461-b18ef5-trainer-0] step:2067/2315 train_time:519194ms step_avg:251.18ms
[training-job-1779886461-b18ef5-trainer-0] step:2068/2315 train_time:519444ms step_avg:251.18ms
[training-job-1779886461-b18ef5-trainer-0] step:2069/2315 train_time:519700ms step_avg:251.18ms
[training-job-1779886461-b18ef5-trainer-0] step:2070/2315 train_time:519945ms step_avg:251.18ms
[training-job-1779886461-b18ef5-trainer-0] step:2071/2315 train_time:520199ms step_avg:251.18ms
[training-job-1779886461-b18ef5-trainer-0] step:2072/2315 train_time:520445ms step_avg:251.18ms
[training-job-1779886461-b18ef5-trainer-0] step:2073/2315 train_time:520701ms step_avg:251.18ms
[training-job-1779886461-b18ef5-trainer-0] step:2074/2315 train_time:520947ms step_avg:251.18ms
[training-job-1779886461-b18ef5-trainer-0] step:2075/2315 train_time:521202ms step_avg:251.18ms
[training-job-1779886461-b18ef5-trainer-0] step:2076/2315 train_time:521449ms step_avg:251.18ms
[training-job-1779886461-b18ef5-trainer-0] step:2077/2315 train_time:521703ms step_avg:251.18ms
[training-job-1779886461-b18ef5-trainer-0] step:2078/2315 train_time:521952ms step_avg:251.18ms
[training-job-1779886461-b18ef5-trainer-0] step:2079/2315 train_time:522212ms step_avg:251.18ms
[training-job-1779886461-b18ef5-trainer-0] step:2080/2315 train_time:522457ms step_avg:251.18ms
[training-job-1779886461-b18ef5-trainer-0] step:2081/2315 train_time:522716ms step_avg:251.19ms
[training-job-1779886461-b18ef5-trainer-0] step:2082/2315 train_time:522965ms step_avg:251.18ms
[training-job-1779886461-b18ef5-trainer-0] step:2083/2315 train_time:523223ms step_avg:251.19ms
[training-job-1779886461-b18ef5-trainer-0] step:2084/2315 train_time:523469ms step_avg:251.18ms
[training-job-1779886461-b18ef5-trainer-0] step:2085/2315 train_time:523726ms step_avg:251.19ms
[training-job-1779886461-b18ef5-trainer-0] step:2086/2315 train_time:523971ms step_avg:251.18ms
[training-job-1779886461-b18ef5-trainer-0] step:2087/2315 train_time:524228ms step_avg:251.19ms
[training-job-1779886461-b18ef5-trainer-0] step:2088/2315 train_time:524474ms step_avg:251.18ms
[training-job-1779886461-b18ef5-trainer-0] step:2089/2315 train_time:524731ms step_avg:251.19ms
[training-job-1779886461-b18ef5-trainer-0] step:2090/2315 train_time:524978ms step_avg:251.19ms
[training-job-1779886461-b18ef5-trainer-0] step:2091/2315 train_time:525236ms step_avg:251.19ms
[training-job-1779886461-b18ef5-trainer-0] step:2092/2315 train_time:525484ms step_avg:251.19ms
[training-job-1779886461-b18ef5-trainer-0] step:2093/2315 train_time:525740ms step_avg:251.19ms
[training-job-1779886461-b18ef5-trainer-0] step:2094/2315 train_time:525986ms step_avg:251.19ms
[training-job-1779886461-b18ef5-trainer-0] step:2095/2315 train_time:526244ms step_avg:251.19ms
[training-job-1779886461-b18ef5-trainer-0] step:2096/2315 train_time:526491ms step_avg:251.19ms
[training-job-1779886461-b18ef5-trainer-0] step:2097/2315 train_time:526747ms step_avg:251.19ms
[training-job-1779886461-b18ef5-trainer-0] step:2098/2315 train_time:526993ms step_avg:251.19ms
[training-job-1779886461-b18ef5-trainer-0] step:2099/2315 train_time:527253ms step_avg:251.19ms
[training-job-1779886461-b18ef5-trainer-0] step:2100/2315 train_time:527499ms step_avg:251.19ms
[training-job-1779886461-b18ef5-trainer-0] step:2101/2315 train_time:527756ms step_avg:251.19ms
[training-job-1779886461-b18ef5-trainer-0] step:2102/2315 train_time:528005ms step_avg:251.19ms
[training-job-1779886461-b18ef5-trainer-0] step:2103/2315 train_time:528259ms step_avg:251.19ms
[training-job-1779886461-b18ef5-trainer-0] step:2104/2315 train_time:528506ms step_avg:251.19ms
[training-job-1779886461-b18ef5-trainer-0] step:2105/2315 train_time:528762ms step_avg:251.19ms
[training-job-1779886461-b18ef5-trainer-0] step:2106/2315 train_time:529009ms step_avg:251.19ms
[training-job-1779886461-b18ef5-trainer-0] step:2107/2315 train_time:529266ms step_avg:251.19ms
[training-job-1779886461-b18ef5-trainer-0] step:2108/2315 train_time:529512ms step_avg:251.19ms
[training-job-1779886461-b18ef5-trainer-0] step:2109/2315 train_time:529770ms step_avg:251.19ms
[training-job-1779886461-b18ef5-trainer-0] step:2110/2315 train_time:530020ms step_avg:251.19ms
[training-job-1779886461-b18ef5-trainer-0] step:2111/2315 train_time:530279ms step_avg:251.20ms
[training-job-1779886461-b18ef5-trainer-0] step:2112/2315 train_time:530526ms step_avg:251.20ms
[training-job-1779886461-b18ef5-trainer-0] step:2113/2315 train_time:530781ms step_avg:251.20ms
[training-job-1779886461-b18ef5-trainer-0] step:2114/2315 train_time:531026ms step_avg:251.19ms
[training-job-1779886461-b18ef5-trainer-0] step:2115/2315 train_time:531285ms step_avg:251.20ms
[training-job-1779886461-b18ef5-trainer-0] step:2116/2315 train_time:531551ms step_avg:251.21ms
[training-job-1779886461-b18ef5-trainer-0] step:2117/2315 train_time:531805ms step_avg:251.21ms
[training-job-1779886461-b18ef5-trainer-0] step:2118/2315 train_time:532035ms step_avg:251.20ms
[training-job-1779886461-b18ef5-trainer-0] step:2119/2315 train_time:532293ms step_avg:251.20ms
[training-job-1779886461-b18ef5-trainer-0] step:2120/2315 train_time:532540ms step_avg:251.20ms
[training-job-1779886461-b18ef5-trainer-0] step:2121/2315 train_time:532797ms step_avg:251.20ms
[training-job-1779886461-b18ef5-trainer-0] step:2122/2315 train_time:533045ms step_avg:251.20ms
[training-job-1779886461-b18ef5-trainer-0] step:2123/2315 train_time:533298ms step_avg:251.20ms
[training-job-1779886461-b18ef5-trainer-0] step:2124/2315 train_time:533545ms step_avg:251.20ms
[training-job-1779886461-b18ef5-trainer-0] step:2125/2315 train_time:533808ms step_avg:251.20ms
[training-job-1779886461-b18ef5-trainer-0] step:2126/2315 train_time:534051ms step_avg:251.20ms
[training-job-1779886461-b18ef5-trainer-0] step:2127/2315 train_time:534310ms step_avg:251.20ms
[training-job-1779886461-b18ef5-trainer-0] step:2128/2315 train_time:534555ms step_avg:251.20ms
[training-job-1779886461-b18ef5-trainer-0] step:2129/2315 train_time:534813ms step_avg:251.20ms
[training-job-1779886461-b18ef5-trainer-0] step:2130/2315 train_time:535060ms step_avg:251.20ms
[training-job-1779886461-b18ef5-trainer-0] step:2131/2315 train_time:535317ms step_avg:251.20ms
[training-job-1779886461-b18ef5-trainer-0] step:2132/2315 train_time:535569ms step_avg:251.20ms
[training-job-1779886461-b18ef5-trainer-0] step:2133/2315 train_time:535825ms step_avg:251.21ms
[training-job-1779886461-b18ef5-trainer-0] step:2134/2315 train_time:536074ms step_avg:251.21ms
[training-job-1779886461-b18ef5-trainer-0] step:2135/2315 train_time:536329ms step_avg:251.21ms
[training-job-1779886461-b18ef5-trainer-0] step:2136/2315 train_time:536573ms step_avg:251.20ms
[training-job-1779886461-b18ef5-trainer-0] step:2137/2315 train_time:536827ms step_avg:251.21ms
[training-job-1779886461-b18ef5-trainer-0] step:2138/2315 train_time:537076ms step_avg:251.20ms
[training-job-1779886461-b18ef5-trainer-0] step:2139/2315 train_time:537333ms step_avg:251.21ms
[training-job-1779886461-b18ef5-trainer-0] step:2140/2315 train_time:537577ms step_avg:251.20ms
[training-job-1779886461-b18ef5-trainer-0] step:2141/2315 train_time:537836ms step_avg:251.21ms
[training-job-1779886461-b18ef5-trainer-0] step:2142/2315 train_time:538080ms step_avg:251.20ms
[training-job-1779886461-b18ef5-trainer-0] step:2143/2315 train_time:538337ms step_avg:251.21ms
[training-job-1779886461-b18ef5-trainer-0] step:2144/2315 train_time:538581ms step_avg:251.20ms
[training-job-1779886461-b18ef5-trainer-0] step:2145/2315 train_time:538839ms step_avg:251.21ms
[training-job-1779886461-b18ef5-trainer-0] step:2146/2315 train_time:539083ms step_avg:251.20ms
[training-job-1779886461-b18ef5-trainer-0] step:2147/2315 train_time:539343ms step_avg:251.21ms
[training-job-1779886461-b18ef5-trainer-0] step:2148/2315 train_time:539590ms step_avg:251.21ms
[training-job-1779886461-b18ef5-trainer-0] step:2149/2315 train_time:539849ms step_avg:251.21ms
[training-job-1779886461-b18ef5-trainer-0] step:2150/2315 train_time:540095ms step_avg:251.21ms
[training-job-1779886461-b18ef5-trainer-0] step:2151/2315 train_time:540354ms step_avg:251.21ms
[training-job-1779886461-b18ef5-trainer-0] step:2152/2315 train_time:540599ms step_avg:251.21ms
[training-job-1779886461-b18ef5-trainer-0] step:2153/2315 train_time:540854ms step_avg:251.21ms
[training-job-1779886461-b18ef5-trainer-0] step:2154/2315 train_time:541102ms step_avg:251.21ms
[training-job-1779886461-b18ef5-trainer-0] step:2155/2315 train_time:541357ms step_avg:251.21ms
[training-job-1779886461-b18ef5-trainer-0] step:2156/2315 train_time:541605ms step_avg:251.21ms
[training-job-1779886461-b18ef5-trainer-0] step:2157/2315 train_time:541868ms step_avg:251.21ms
[training-job-1779886461-b18ef5-trainer-0] step:2158/2315 train_time:542114ms step_avg:251.21ms
[training-job-1779886461-b18ef5-trainer-0] step:2159/2315 train_time:542373ms step_avg:251.21ms
[training-job-1779886461-b18ef5-trainer-0] step:2160/2315 train_time:542619ms step_avg:251.21ms
[training-job-1779886461-b18ef5-trainer-0] step:2161/2315 train_time:542878ms step_avg:251.22ms
[training-job-1779886461-b18ef5-trainer-0] step:2162/2315 train_time:543123ms step_avg:251.21ms
[training-job-1779886461-b18ef5-trainer-0] step:2163/2315 train_time:543384ms step_avg:251.22ms
[training-job-1779886461-b18ef5-trainer-0] step:2164/2315 train_time:543631ms step_avg:251.22ms
[training-job-1779886461-b18ef5-trainer-0] step:2165/2315 train_time:543884ms step_avg:251.22ms
[training-job-1779886461-b18ef5-trainer-0] step:2166/2315 train_time:544129ms step_avg:251.21ms
[training-job-1779886461-b18ef5-trainer-0] step:2167/2315 train_time:544385ms step_avg:251.22ms
[training-job-1779886461-b18ef5-trainer-0] step:2168/2315 train_time:544634ms step_avg:251.21ms
[training-job-1779886461-b18ef5-trainer-0] step:2169/2315 train_time:544891ms step_avg:251.22ms
[training-job-1779886461-b18ef5-trainer-0] step:2170/2315 train_time:545156ms step_avg:251.22ms
[training-job-1779886461-b18ef5-trainer-0] step:2171/2315 train_time:545394ms step_avg:251.22ms
[training-job-1779886461-b18ef5-trainer-0] step:2172/2315 train_time:545638ms step_avg:251.21ms
[training-job-1779886461-b18ef5-trainer-0] step:2173/2315 train_time:545895ms step_avg:251.22ms
[training-job-1779886461-b18ef5-trainer-0] step:2174/2315 train_time:546142ms step_avg:251.22ms
[training-job-1779886461-b18ef5-trainer-0] step:2175/2315 train_time:546400ms step_avg:251.22ms
[training-job-1779886461-b18ef5-trainer-0] step:2176/2315 train_time:546651ms step_avg:251.22ms
[training-job-1779886461-b18ef5-trainer-0] step:2177/2315 train_time:546908ms step_avg:251.22ms
[training-job-1779886461-b18ef5-trainer-0] step:2178/2315 train_time:547154ms step_avg:251.22ms
[training-job-1779886461-b18ef5-trainer-0] step:2179/2315 train_time:547412ms step_avg:251.22ms
[training-job-1779886461-b18ef5-trainer-0] step:2180/2315 train_time:547659ms step_avg:251.22ms
[training-job-1779886461-b18ef5-trainer-0] step:2181/2315 train_time:547918ms step_avg:251.22ms
[training-job-1779886461-b18ef5-trainer-0] step:2182/2315 train_time:548164ms step_avg:251.22ms
[training-job-1779886461-b18ef5-trainer-0] step:2183/2315 train_time:548420ms step_avg:251.22ms
[training-job-1779886461-b18ef5-trainer-0] step:2184/2315 train_time:548666ms step_avg:251.22ms
[training-job-1779886461-b18ef5-trainer-0] step:2185/2315 train_time:548926ms step_avg:251.22ms
[training-job-1779886461-b18ef5-trainer-0] step:2186/2315 train_time:549175ms step_avg:251.22ms
[training-job-1779886461-b18ef5-trainer-0] step:2187/2315 train_time:549426ms step_avg:251.22ms
[training-job-1779886461-b18ef5-trainer-0] step:2188/2315 train_time:549670ms step_avg:251.22ms
[training-job-1779886461-b18ef5-trainer-0] step:2189/2315 train_time:549924ms step_avg:251.22ms
[training-job-1779886461-b18ef5-trainer-0] step:2190/2315 train_time:550171ms step_avg:251.22ms
[training-job-1779886461-b18ef5-trainer-0] step:2191/2315 train_time:550430ms step_avg:251.22ms
[training-job-1779886461-b18ef5-trainer-0] step:2192/2315 train_time:550680ms step_avg:251.22ms
[training-job-1779886461-b18ef5-trainer-0] step:2193/2315 train_time:550938ms step_avg:251.23ms
[training-job-1779886461-b18ef5-trainer-0] step:2194/2315 train_time:551187ms step_avg:251.22ms
[training-job-1779886461-b18ef5-trainer-0] step:2195/2315 train_time:551443ms step_avg:251.23ms
[training-job-1779886461-b18ef5-trainer-0] step:2196/2315 train_time:551691ms step_avg:251.23ms
[training-job-1779886461-b18ef5-trainer-0] step:2197/2315 train_time:551946ms step_avg:251.23ms
[training-job-1779886461-b18ef5-trainer-0] step:2198/2315 train_time:552196ms step_avg:251.23ms
[training-job-1779886461-b18ef5-trainer-0] step:2199/2315 train_time:552457ms step_avg:251.23ms
[training-job-1779886461-b18ef5-trainer-0] step:2200/2315 train_time:552698ms step_avg:251.23ms
[training-job-1779886461-b18ef5-trainer-0] step:2201/2315 train_time:552956ms step_avg:251.23ms
[training-job-1779886461-b18ef5-trainer-0] step:2202/2315 train_time:553203ms step_avg:251.23ms
[training-job-1779886461-b18ef5-trainer-0] step:2203/2315 train_time:553456ms step_avg:251.23ms
[training-job-1779886461-b18ef5-trainer-0] step:2204/2315 train_time:553706ms step_avg:251.23ms
[training-job-1779886461-b18ef5-trainer-0] step:2205/2315 train_time:553961ms step_avg:251.23ms
[training-job-1779886461-b18ef5-trainer-0] step:2206/2315 train_time:554209ms step_avg:251.23ms
[training-job-1779886461-b18ef5-trainer-0] step:2207/2315 train_time:554466ms step_avg:251.23ms
[training-job-1779886461-b18ef5-trainer-0] step:2208/2315 train_time:554710ms step_avg:251.23ms
[training-job-1779886461-b18ef5-trainer-0] step:2209/2315 train_time:554965ms step_avg:251.23ms
[training-job-1779886461-b18ef5-trainer-0] step:2210/2315 train_time:555213ms step_avg:251.23ms
[training-job-1779886461-b18ef5-trainer-0] step:2211/2315 train_time:555468ms step_avg:251.23ms
[training-job-1779886461-b18ef5-trainer-0] step:2212/2315 train_time:555717ms step_avg:251.23ms
[training-job-1779886461-b18ef5-trainer-0] step:2213/2315 train_time:555973ms step_avg:251.23ms
[training-job-1779886461-b18ef5-trainer-0] step:2214/2315 train_time:556216ms step_avg:251.23ms
[training-job-1779886461-b18ef5-trainer-0] step:2215/2315 train_time:556473ms step_avg:251.23ms
[training-job-1779886461-b18ef5-trainer-0] step:2216/2315 train_time:556718ms step_avg:251.23ms
[training-job-1779886461-b18ef5-trainer-0] step:2217/2315 train_time:556976ms step_avg:251.23ms
[training-job-1779886461-b18ef5-trainer-0] step:2218/2315 train_time:557225ms step_avg:251.23ms
[training-job-1779886461-b18ef5-trainer-0] step:2219/2315 train_time:557483ms step_avg:251.23ms
[training-job-1779886461-b18ef5-trainer-0] step:2220/2315 train_time:557733ms step_avg:251.23ms
[training-job-1779886461-b18ef5-trainer-0] step:2221/2315 train_time:558005ms step_avg:251.24ms
[training-job-1779886461-b18ef5-trainer-0] step:2222/2315 train_time:558237ms step_avg:251.23ms
[training-job-1779886461-b18ef5-trainer-0] step:2223/2315 train_time:558491ms step_avg:251.23ms
[training-job-1779886461-b18ef5-trainer-0] step:2224/2315 train_time:558738ms step_avg:251.23ms
[training-job-1779886461-b18ef5-trainer-0] step:2225/2315 train_time:558996ms step_avg:251.23ms
[training-job-1779886461-b18ef5-trainer-0] step:2226/2315 train_time:559245ms step_avg:251.23ms
[training-job-1779886461-b18ef5-trainer-0] step:2227/2315 train_time:559502ms step_avg:251.24ms
[training-job-1779886461-b18ef5-trainer-0] step:2228/2315 train_time:559749ms step_avg:251.23ms
[training-job-1779886461-b18ef5-trainer-0] step:2229/2315 train_time:560005ms step_avg:251.24ms
[training-job-1779886461-b18ef5-trainer-0] step:2230/2315 train_time:560251ms step_avg:251.23ms
[training-job-1779886461-b18ef5-trainer-0] step:2231/2315 train_time:560510ms step_avg:251.24ms
[training-job-1779886461-b18ef5-trainer-0] step:2232/2315 train_time:560755ms step_avg:251.23ms
[training-job-1779886461-b18ef5-trainer-0] step:2233/2315 train_time:561013ms step_avg:251.24ms
[training-job-1779886461-b18ef5-trainer-0] step:2234/2315 train_time:561257ms step_avg:251.23ms
[training-job-1779886461-b18ef5-trainer-0] step:2235/2315 train_time:561513ms step_avg:251.24ms
[training-job-1779886461-b18ef5-trainer-0] step:2236/2315 train_time:561761ms step_avg:251.23ms
[training-job-1779886461-b18ef5-trainer-0] step:2237/2315 train_time:562016ms step_avg:251.24ms
[training-job-1779886461-b18ef5-trainer-0] step:2238/2315 train_time:562266ms step_avg:251.24ms
[training-job-1779886461-b18ef5-trainer-0] step:2239/2315 train_time:562521ms step_avg:251.24ms
[training-job-1779886461-b18ef5-trainer-0] step:2240/2315 train_time:562772ms step_avg:251.24ms
[training-job-1779886461-b18ef5-trainer-0] step:2241/2315 train_time:563027ms step_avg:251.24ms
[training-job-1779886461-b18ef5-trainer-0] step:2242/2315 train_time:563275ms step_avg:251.24ms
[training-job-1779886461-b18ef5-trainer-0] step:2243/2315 train_time:563532ms step_avg:251.24ms
[training-job-1779886461-b18ef5-trainer-0] step:2244/2315 train_time:563778ms step_avg:251.24ms
[training-job-1779886461-b18ef5-trainer-0] step:2245/2315 train_time:564035ms step_avg:251.24ms
[training-job-1779886461-b18ef5-trainer-0] step:2246/2315 train_time:564283ms step_avg:251.24ms
[training-job-1779886461-b18ef5-trainer-0] step:2247/2315 train_time:564539ms step_avg:251.24ms
[training-job-1779886461-b18ef5-trainer-0] step:2248/2315 train_time:564786ms step_avg:251.24ms
[training-job-1779886461-b18ef5-trainer-0] step:2249/2315 train_time:565043ms step_avg:251.24ms
[training-job-1779886461-b18ef5-trainer-0] step:2250/2315 train_time:565290ms step_avg:251.24ms
[training-job-1779886461-b18ef5-trainer-0] step:2250/2315 val_loss:3.2896 train_time:565471ms step_avg:251.32ms
[training-job-1779886461-b18ef5-trainer-0] step:2251/2315 train_time:565653ms step_avg:251.29ms
[training-job-1779886461-b18ef5-trainer-0] step:2252/2315 train_time:565872ms step_avg:251.28ms
[training-job-1779886461-b18ef5-trainer-0] step:2253/2315 train_time:566127ms step_avg:251.28ms
[training-job-1779886461-b18ef5-trainer-0] step:2254/2315 train_time:566374ms step_avg:251.27ms
[training-job-1779886461-b18ef5-trainer-0] step:2255/2315 train_time:566627ms step_avg:251.28ms
[training-job-1779886461-b18ef5-trainer-0] step:2256/2315 train_time:566872ms step_avg:251.27ms
[training-job-1779886461-b18ef5-trainer-0] step:2257/2315 train_time:567127ms step_avg:251.27ms
[training-job-1779886461-b18ef5-trainer-0] step:2258/2315 train_time:567374ms step_avg:251.27ms
[training-job-1779886461-b18ef5-trainer-0] step:2259/2315 train_time:567630ms step_avg:251.28ms
[training-job-1779886461-b18ef5-trainer-0] step:2260/2315 train_time:567877ms step_avg:251.27ms
[training-job-1779886461-b18ef5-trainer-0] step:2261/2315 train_time:568132ms step_avg:251.27ms
[training-job-1779886461-b18ef5-trainer-0] step:2262/2315 train_time:568377ms step_avg:251.27ms
[training-job-1779886461-b18ef5-trainer-0] step:2263/2315 train_time:568634ms step_avg:251.27ms
[training-job-1779886461-b18ef5-trainer-0] step:2264/2315 train_time:568884ms step_avg:251.27ms
[training-job-1779886461-b18ef5-trainer-0] step:2265/2315 train_time:569142ms step_avg:251.28ms
[training-job-1779886461-b18ef5-trainer-0] step:2266/2315 train_time:569389ms step_avg:251.28ms
[training-job-1779886461-b18ef5-trainer-0] step:2267/2315 train_time:569650ms step_avg:251.28ms
[training-job-1779886461-b18ef5-trainer-0] step:2268/2315 train_time:569899ms step_avg:251.28ms
[training-job-1779886461-b18ef5-trainer-0] step:2269/2315 train_time:570152ms step_avg:251.28ms
[training-job-1779886461-b18ef5-trainer-0] step:2270/2315 train_time:570400ms step_avg:251.28ms
[training-job-1779886461-b18ef5-trainer-0] step:2271/2315 train_time:570657ms step_avg:251.28ms
[training-job-1779886461-b18ef5-trainer-0] step:2272/2315 train_time:570905ms step_avg:251.28ms
[training-job-1779886461-b18ef5-trainer-0] step:2273/2315 train_time:571164ms step_avg:251.28ms
[training-job-1779886461-b18ef5-trainer-0] step:2274/2315 train_time:571410ms step_avg:251.28ms
[training-job-1779886461-b18ef5-trainer-0] step:2275/2315 train_time:571666ms step_avg:251.28ms
[training-job-1779886461-b18ef5-trainer-0] step:2276/2315 train_time:571912ms step_avg:251.28ms
[training-job-1779886461-b18ef5-trainer-0] step:2277/2315 train_time:572167ms step_avg:251.28ms
[training-job-1779886461-b18ef5-trainer-0] step:2278/2315 train_time:572415ms step_avg:251.28ms
[training-job-1779886461-b18ef5-trainer-0] step:2279/2315 train_time:572672ms step_avg:251.28ms
[training-job-1779886461-b18ef5-trainer-0] step:2280/2315 train_time:572916ms step_avg:251.28ms
[training-job-1779886461-b18ef5-trainer-0] step:2281/2315 train_time:573170ms step_avg:251.28ms
[training-job-1779886461-b18ef5-trainer-0] step:2282/2315 train_time:573417ms step_avg:251.28ms
[training-job-1779886461-b18ef5-trainer-0] step:2283/2315 train_time:573674ms step_avg:251.28ms
[training-job-1779886461-b18ef5-trainer-0] step:2284/2315 train_time:573923ms step_avg:251.28ms
[training-job-1779886461-b18ef5-trainer-0] step:2285/2315 train_time:574180ms step_avg:251.28ms
[training-job-1779886461-b18ef5-trainer-0] step:2286/2315 train_time:574427ms step_avg:251.28ms
[training-job-1779886461-b18ef5-trainer-0] step:2287/2315 train_time:574684ms step_avg:251.28ms
[training-job-1779886461-b18ef5-trainer-0] step:2288/2315 train_time:574932ms step_avg:251.28ms
[training-job-1779886461-b18ef5-trainer-0] step:2289/2315 train_time:575186ms step_avg:251.28ms
[training-job-1779886461-b18ef5-trainer-0] step:2290/2315 train_time:575434ms step_avg:251.28ms
[training-job-1779886461-b18ef5-trainer-0] step:2291/2315 train_time:575692ms step_avg:251.28ms
[training-job-1779886461-b18ef5-trainer-0] step:2292/2315 train_time:575939ms step_avg:251.28ms
[training-job-1779886461-b18ef5-trainer-0] step:2293/2315 train_time:576199ms step_avg:251.29ms
[training-job-1779886461-b18ef5-trainer-0] step:2294/2315 train_time:576445ms step_avg:251.28ms
[training-job-1779886461-b18ef5-trainer-0] step:2295/2315 train_time:576704ms step_avg:251.29ms
[training-job-1779886461-b18ef5-trainer-0] step:2296/2315 train_time:576948ms step_avg:251.28ms
[training-job-1779886461-b18ef5-trainer-0] step:2297/2315 train_time:577204ms step_avg:251.29ms
[training-job-1779886461-b18ef5-trainer-0] step:2298/2315 train_time:577455ms step_avg:251.29ms
[training-job-1779886461-b18ef5-trainer-0] step:2299/2315 train_time:577711ms step_avg:251.29ms
[training-job-1779886461-b18ef5-trainer-0] step:2300/2315 train_time:577958ms step_avg:251.29ms
[training-job-1779886461-b18ef5-trainer-0] step:2301/2315 train_time:578216ms step_avg:251.29ms
[training-job-1779886461-b18ef5-trainer-0] step:2302/2315 train_time:578462ms step_avg:251.29ms
[training-job-1779886461-b18ef5-trainer-0] step:2303/2315 train_time:578720ms step_avg:251.29ms
[training-job-1779886461-b18ef5-trainer-0] step:2304/2315 train_time:578964ms step_avg:251.29ms
[training-job-1779886461-b18ef5-trainer-0] step:2305/2315 train_time:579220ms step_avg:251.29ms
[training-job-1779886461-b18ef5-trainer-0] step:2306/2315 train_time:579465ms step_avg:251.29ms
[training-job-1779886461-b18ef5-trainer-0] step:2307/2315 train_time:579725ms step_avg:251.29ms
[training-job-1779886461-b18ef5-trainer-0] step:2308/2315 train_time:579972ms step_avg:251.29ms
[training-job-1779886461-b18ef5-trainer-0] step:2309/2315 train_time:580229ms step_avg:251.29ms
[training-job-1779886461-b18ef5-trainer-0] step:2310/2315 train_time:580477ms step_avg:251.29ms
[training-job-1779886461-b18ef5-trainer-0] step:2311/2315 train_time:580735ms step_avg:251.29ms
[training-job-1779886461-b18ef5-trainer-0] step:2312/2315 train_time:580982ms step_avg:251.29ms
[training-job-1779886461-b18ef5-trainer-0] step:2313/2315 train_time:581238ms step_avg:251.29ms
[training-job-1779886461-b18ef5-trainer-0] step:2314/2315 train_time:581485ms step_avg:251.29ms
[training-job-1779886461-b18ef5-trainer-0] step:2315/2315 train_time:581740ms step_avg:251.29ms
[training-job-1779886461-b18ef5-trainer-0] step:2315/2315 val_loss:3.2774 train_time:581909ms step_avg:251.36ms
[training-job-1779886461-b18ef5-trainer-0] peak memory allocated: 20518 MiB reserved: 22434 MiB
[training-job-1779886461-b18ef5-trainer-0] total training time: 581.91s (581909ms)
[training-job-1779886461-b18ef5-trainer-0] === Done. Exit code: 0 ===
