[training-job-1779886460-0b5ffa-trainer-0] step:2021/2315 train_time:507254ms step_avg:250.99ms
[training-job-1779886460-0b5ffa-trainer-0] step:2022/2315 train_time:507502ms step_avg:250.99ms
[training-job-1779886460-0b5ffa-trainer-0] step:2023/2315 train_time:507760ms step_avg:250.99ms
[training-job-1779886460-0b5ffa-trainer-0] step:2024/2315 train_time:508006ms step_avg:250.99ms
[training-job-1779886460-0b5ffa-trainer-0] step:2025/2315 train_time:508263ms step_avg:250.99ms
[training-job-1779886460-0b5ffa-trainer-0] step:2026/2315 train_time:508510ms step_avg:250.99ms
[training-job-1779886460-0b5ffa-trainer-0] step:2027/2315 train_time:508765ms step_avg:250.99ms
[training-job-1779886460-0b5ffa-trainer-0] step:2028/2315 train_time:509011ms step_avg:250.99ms
[training-job-1779886460-0b5ffa-trainer-0] step:2029/2315 train_time:509266ms step_avg:250.99ms
[training-job-1779886460-0b5ffa-trainer-0] step:2030/2315 train_time:509514ms step_avg:250.99ms
[training-job-1779886460-0b5ffa-trainer-0] step:2031/2315 train_time:509770ms step_avg:250.99ms
[training-job-1779886460-0b5ffa-trainer-0] step:2032/2315 train_time:510022ms step_avg:251.00ms
[training-job-1779886460-0b5ffa-trainer-0] step:2033/2315 train_time:510274ms step_avg:251.00ms
[training-job-1779886460-0b5ffa-trainer-0] step:2034/2315 train_time:510523ms step_avg:250.99ms
[training-job-1779886460-0b5ffa-trainer-0] step:2035/2315 train_time:510780ms step_avg:251.00ms
[training-job-1779886460-0b5ffa-trainer-0] step:2036/2315 train_time:511024ms step_avg:250.99ms
[training-job-1779886460-0b5ffa-trainer-0] step:2037/2315 train_time:511280ms step_avg:251.00ms
[training-job-1779886460-0b5ffa-trainer-0] step:2038/2315 train_time:511525ms step_avg:250.99ms
[training-job-1779886460-0b5ffa-trainer-0] step:2039/2315 train_time:511782ms step_avg:251.00ms
[training-job-1779886460-0b5ffa-trainer-0] step:2040/2315 train_time:512024ms step_avg:250.99ms
[training-job-1779886460-0b5ffa-trainer-0] step:2041/2315 train_time:512285ms step_avg:251.00ms
[training-job-1779886460-0b5ffa-trainer-0] step:2042/2315 train_time:512530ms step_avg:250.99ms
[training-job-1779886460-0b5ffa-trainer-0] step:2043/2315 train_time:512790ms step_avg:251.00ms
[training-job-1779886460-0b5ffa-trainer-0] step:2044/2315 train_time:513035ms step_avg:251.00ms
[training-job-1779886460-0b5ffa-trainer-0] step:2045/2315 train_time:513290ms step_avg:251.00ms
[training-job-1779886460-0b5ffa-trainer-0] step:2046/2315 train_time:513541ms step_avg:251.00ms
[training-job-1779886460-0b5ffa-trainer-0] step:2047/2315 train_time:513796ms step_avg:251.00ms
[training-job-1779886460-0b5ffa-trainer-0] step:2048/2315 train_time:514064ms step_avg:251.01ms
[training-job-1779886460-0b5ffa-trainer-0] step:2049/2315 train_time:514306ms step_avg:251.00ms
[training-job-1779886460-0b5ffa-trainer-0] step:2050/2315 train_time:514555ms step_avg:251.00ms
[training-job-1779886460-0b5ffa-trainer-0] step:2051/2315 train_time:514813ms step_avg:251.01ms
[training-job-1779886460-0b5ffa-trainer-0] step:2052/2315 train_time:515059ms step_avg:251.00ms
[training-job-1779886460-0b5ffa-trainer-0] step:2053/2315 train_time:515315ms step_avg:251.01ms
[training-job-1779886460-0b5ffa-trainer-0] step:2054/2315 train_time:515560ms step_avg:251.00ms
[training-job-1779886460-0b5ffa-trainer-0] step:2055/2315 train_time:515818ms step_avg:251.01ms
[training-job-1779886460-0b5ffa-trainer-0] step:2056/2315 train_time:516065ms step_avg:251.00ms
[training-job-1779886460-0b5ffa-trainer-0] step:2057/2315 train_time:516322ms step_avg:251.01ms
[training-job-1779886460-0b5ffa-trainer-0] step:2058/2315 train_time:516568ms step_avg:251.00ms
[training-job-1779886460-0b5ffa-trainer-0] step:2059/2315 train_time:516825ms step_avg:251.01ms
[training-job-1779886460-0b5ffa-trainer-0] step:2060/2315 train_time:517068ms step_avg:251.00ms
[training-job-1779886460-0b5ffa-trainer-0] step:2061/2315 train_time:517322ms step_avg:251.01ms
[training-job-1779886460-0b5ffa-trainer-0] step:2062/2315 train_time:517569ms step_avg:251.00ms
[training-job-1779886460-0b5ffa-trainer-0] step:2063/2315 train_time:517826ms step_avg:251.01ms
[training-job-1779886460-0b5ffa-trainer-0] step:2064/2315 train_time:518077ms step_avg:251.01ms
[training-job-1779886460-0b5ffa-trainer-0] step:2065/2315 train_time:518334ms step_avg:251.01ms
[training-job-1779886460-0b5ffa-trainer-0] step:2066/2315 train_time:518580ms step_avg:251.01ms
[training-job-1779886460-0b5ffa-trainer-0] step:2067/2315 train_time:518840ms step_avg:251.01ms
[training-job-1779886460-0b5ffa-trainer-0] step:2068/2315 train_time:519089ms step_avg:251.01ms
[training-job-1779886460-0b5ffa-trainer-0] step:2069/2315 train_time:519348ms step_avg:251.01ms
[training-job-1779886460-0b5ffa-trainer-0] step:2070/2315 train_time:519594ms step_avg:251.01ms
[training-job-1779886460-0b5ffa-trainer-0] step:2071/2315 train_time:519848ms step_avg:251.01ms
[training-job-1779886460-0b5ffa-trainer-0] step:2072/2315 train_time:520093ms step_avg:251.01ms
[training-job-1779886460-0b5ffa-trainer-0] step:2073/2315 train_time:520349ms step_avg:251.01ms
[training-job-1779886460-0b5ffa-trainer-0] step:2074/2315 train_time:520596ms step_avg:251.01ms
[training-job-1779886460-0b5ffa-trainer-0] step:2075/2315 train_time:520851ms step_avg:251.01ms
[training-job-1779886460-0b5ffa-trainer-0] step:2076/2315 train_time:521098ms step_avg:251.01ms
[training-job-1779886460-0b5ffa-trainer-0] step:2077/2315 train_time:521354ms step_avg:251.01ms
[training-job-1779886460-0b5ffa-trainer-0] step:2078/2315 train_time:521603ms step_avg:251.01ms
[training-job-1779886460-0b5ffa-trainer-0] step:2079/2315 train_time:521860ms step_avg:251.02ms
[training-job-1779886460-0b5ffa-trainer-0] step:2080/2315 train_time:522120ms step_avg:251.02ms
[training-job-1779886460-0b5ffa-trainer-0] step:2081/2315 train_time:522380ms step_avg:251.02ms
[training-job-1779886460-0b5ffa-trainer-0] step:2082/2315 train_time:522628ms step_avg:251.02ms
[training-job-1779886460-0b5ffa-trainer-0] step:2083/2315 train_time:522870ms step_avg:251.02ms
[training-job-1779886460-0b5ffa-trainer-0] step:2084/2315 train_time:523119ms step_avg:251.02ms
[training-job-1779886460-0b5ffa-trainer-0] step:2085/2315 train_time:523372ms step_avg:251.02ms
[training-job-1779886460-0b5ffa-trainer-0] step:2086/2315 train_time:523617ms step_avg:251.02ms
[training-job-1779886460-0b5ffa-trainer-0] step:2087/2315 train_time:523874ms step_avg:251.02ms
[training-job-1779886460-0b5ffa-trainer-0] step:2088/2315 train_time:524120ms step_avg:251.02ms
[training-job-1779886460-0b5ffa-trainer-0] step:2089/2315 train_time:524376ms step_avg:251.02ms
[training-job-1779886460-0b5ffa-trainer-0] step:2090/2315 train_time:524623ms step_avg:251.02ms
[training-job-1779886460-0b5ffa-trainer-0] step:2091/2315 train_time:524881ms step_avg:251.02ms
[training-job-1779886460-0b5ffa-trainer-0] step:2092/2315 train_time:525128ms step_avg:251.02ms
[training-job-1779886460-0b5ffa-trainer-0] step:2093/2315 train_time:525385ms step_avg:251.02ms
[training-job-1779886460-0b5ffa-trainer-0] step:2094/2315 train_time:525633ms step_avg:251.02ms
[training-job-1779886460-0b5ffa-trainer-0] step:2095/2315 train_time:525889ms step_avg:251.02ms
[training-job-1779886460-0b5ffa-trainer-0] step:2096/2315 train_time:526134ms step_avg:251.02ms
[training-job-1779886460-0b5ffa-trainer-0] step:2097/2315 train_time:526390ms step_avg:251.02ms
[training-job-1779886460-0b5ffa-trainer-0] step:2098/2315 train_time:526636ms step_avg:251.02ms
[training-job-1779886460-0b5ffa-trainer-0] step:2099/2315 train_time:526896ms step_avg:251.02ms
[training-job-1779886460-0b5ffa-trainer-0] step:2100/2315 train_time:527141ms step_avg:251.02ms
[training-job-1779886460-0b5ffa-trainer-0] step:2101/2315 train_time:527398ms step_avg:251.02ms
[training-job-1779886460-0b5ffa-trainer-0] step:2102/2315 train_time:527646ms step_avg:251.02ms
[training-job-1779886460-0b5ffa-trainer-0] step:2103/2315 train_time:527900ms step_avg:251.02ms
[training-job-1779886460-0b5ffa-trainer-0] step:2104/2315 train_time:528147ms step_avg:251.02ms
[training-job-1779886460-0b5ffa-trainer-0] step:2105/2315 train_time:528400ms step_avg:251.02ms
[training-job-1779886460-0b5ffa-trainer-0] step:2106/2315 train_time:528646ms step_avg:251.02ms
[training-job-1779886460-0b5ffa-trainer-0] step:2107/2315 train_time:528919ms step_avg:251.03ms
[training-job-1779886460-0b5ffa-trainer-0] step:2108/2315 train_time:529164ms step_avg:251.03ms
[training-job-1779886460-0b5ffa-trainer-0] step:2109/2315 train_time:529406ms step_avg:251.02ms
[training-job-1779886460-0b5ffa-trainer-0] step:2110/2315 train_time:529658ms step_avg:251.02ms
[training-job-1779886460-0b5ffa-trainer-0] step:2111/2315 train_time:529926ms step_avg:251.03ms
[training-job-1779886460-0b5ffa-trainer-0] step:2112/2315 train_time:530160ms step_avg:251.02ms
[training-job-1779886460-0b5ffa-trainer-0] step:2113/2315 train_time:530412ms step_avg:251.02ms
[training-job-1779886460-0b5ffa-trainer-0] step:2114/2315 train_time:530656ms step_avg:251.02ms
[training-job-1779886460-0b5ffa-trainer-0] step:2115/2315 train_time:530915ms step_avg:251.02ms
[training-job-1779886460-0b5ffa-trainer-0] step:2116/2315 train_time:531160ms step_avg:251.02ms
[training-job-1779886460-0b5ffa-trainer-0] step:2117/2315 train_time:531418ms step_avg:251.02ms
[training-job-1779886460-0b5ffa-trainer-0] step:2118/2315 train_time:531667ms step_avg:251.02ms
[training-job-1779886460-0b5ffa-trainer-0] step:2119/2315 train_time:531926ms step_avg:251.03ms
[training-job-1779886460-0b5ffa-trainer-0] step:2120/2315 train_time:532173ms step_avg:251.03ms
[training-job-1779886460-0b5ffa-trainer-0] step:2121/2315 train_time:532430ms step_avg:251.03ms
[training-job-1779886460-0b5ffa-trainer-0] step:2122/2315 train_time:532677ms step_avg:251.03ms
[training-job-1779886460-0b5ffa-trainer-0] step:2123/2315 train_time:532932ms step_avg:251.03ms
[training-job-1779886460-0b5ffa-trainer-0] step:2124/2315 train_time:533179ms step_avg:251.03ms
[training-job-1779886460-0b5ffa-trainer-0] step:2125/2315 train_time:533438ms step_avg:251.03ms
[training-job-1779886460-0b5ffa-trainer-0] step:2126/2315 train_time:533686ms step_avg:251.03ms
[training-job-1779886460-0b5ffa-trainer-0] step:2127/2315 train_time:533945ms step_avg:251.03ms
[training-job-1779886460-0b5ffa-trainer-0] step:2128/2315 train_time:534195ms step_avg:251.03ms
[training-job-1779886460-0b5ffa-trainer-0] step:2129/2315 train_time:534450ms step_avg:251.03ms
[training-job-1779886460-0b5ffa-trainer-0] step:2130/2315 train_time:534697ms step_avg:251.03ms
[training-job-1779886460-0b5ffa-trainer-0] step:2131/2315 train_time:534953ms step_avg:251.03ms
[training-job-1779886460-0b5ffa-trainer-0] step:2132/2315 train_time:535200ms step_avg:251.03ms
[training-job-1779886460-0b5ffa-trainer-0] step:2133/2315 train_time:535457ms step_avg:251.03ms
[training-job-1779886460-0b5ffa-trainer-0] step:2134/2315 train_time:535707ms step_avg:251.03ms
[training-job-1779886460-0b5ffa-trainer-0] step:2135/2315 train_time:535961ms step_avg:251.04ms
[training-job-1779886460-0b5ffa-trainer-0] step:2136/2315 train_time:536207ms step_avg:251.03ms
[training-job-1779886460-0b5ffa-trainer-0] step:2137/2315 train_time:536462ms step_avg:251.03ms
[training-job-1779886460-0b5ffa-trainer-0] step:2138/2315 train_time:536709ms step_avg:251.03ms
[training-job-1779886460-0b5ffa-trainer-0] step:2139/2315 train_time:536969ms step_avg:251.04ms
[training-job-1779886460-0b5ffa-trainer-0] step:2140/2315 train_time:537217ms step_avg:251.04ms
[training-job-1779886460-0b5ffa-trainer-0] step:2141/2315 train_time:537475ms step_avg:251.04ms
[training-job-1779886460-0b5ffa-trainer-0] step:2142/2315 train_time:537721ms step_avg:251.04ms
[training-job-1779886460-0b5ffa-trainer-0] step:2143/2315 train_time:537978ms step_avg:251.04ms
[training-job-1779886460-0b5ffa-trainer-0] step:2144/2315 train_time:538224ms step_avg:251.04ms
[training-job-1779886460-0b5ffa-trainer-0] step:2145/2315 train_time:538480ms step_avg:251.04ms
[training-job-1779886460-0b5ffa-trainer-0] step:2146/2315 train_time:538729ms step_avg:251.04ms
[training-job-1779886460-0b5ffa-trainer-0] step:2147/2315 train_time:538989ms step_avg:251.04ms
[training-job-1779886460-0b5ffa-trainer-0] step:2148/2315 train_time:539236ms step_avg:251.04ms
[training-job-1779886460-0b5ffa-trainer-0] step:2149/2315 train_time:539494ms step_avg:251.04ms
[training-job-1779886460-0b5ffa-trainer-0] step:2150/2315 train_time:539741ms step_avg:251.04ms
[training-job-1779886460-0b5ffa-trainer-0] step:2151/2315 train_time:540000ms step_avg:251.05ms
[training-job-1779886460-0b5ffa-trainer-0] step:2152/2315 train_time:540245ms step_avg:251.04ms
[training-job-1779886460-0b5ffa-trainer-0] step:2153/2315 train_time:540514ms step_avg:251.05ms
[training-job-1779886460-0b5ffa-trainer-0] step:2154/2315 train_time:540749ms step_avg:251.04ms
[training-job-1779886460-0b5ffa-trainer-0] step:2155/2315 train_time:541004ms step_avg:251.05ms
[training-job-1779886460-0b5ffa-trainer-0] step:2156/2315 train_time:541253ms step_avg:251.05ms
[training-job-1779886460-0b5ffa-trainer-0] step:2157/2315 train_time:541514ms step_avg:251.05ms
[training-job-1779886460-0b5ffa-trainer-0] step:2158/2315 train_time:541761ms step_avg:251.05ms
[training-job-1779886460-0b5ffa-trainer-0] step:2159/2315 train_time:542022ms step_avg:251.05ms
[training-job-1779886460-0b5ffa-trainer-0] step:2160/2315 train_time:542282ms step_avg:251.06ms
[training-job-1779886460-0b5ffa-trainer-0] step:2161/2315 train_time:542527ms step_avg:251.05ms
[training-job-1779886460-0b5ffa-trainer-0] step:2162/2315 train_time:542771ms step_avg:251.05ms
[training-job-1779886460-0b5ffa-trainer-0] step:2163/2315 train_time:543031ms step_avg:251.05ms
[training-job-1779886460-0b5ffa-trainer-0] step:2164/2315 train_time:543275ms step_avg:251.05ms
[training-job-1779886460-0b5ffa-trainer-0] step:2165/2315 train_time:543532ms step_avg:251.05ms
[training-job-1779886460-0b5ffa-trainer-0] step:2166/2315 train_time:543780ms step_avg:251.05ms
[training-job-1779886460-0b5ffa-trainer-0] step:2167/2315 train_time:544033ms step_avg:251.05ms
[training-job-1779886460-0b5ffa-trainer-0] step:2168/2315 train_time:544280ms step_avg:251.05ms
[training-job-1779886460-0b5ffa-trainer-0] step:2169/2315 train_time:544540ms step_avg:251.06ms
[training-job-1779886460-0b5ffa-trainer-0] step:2170/2315 train_time:544787ms step_avg:251.05ms
[training-job-1779886460-0b5ffa-trainer-0] step:2171/2315 train_time:545044ms step_avg:251.06ms
[training-job-1779886460-0b5ffa-trainer-0] step:2172/2315 train_time:545289ms step_avg:251.05ms
[training-job-1779886460-0b5ffa-trainer-0] step:2173/2315 train_time:545545ms step_avg:251.06ms
[training-job-1779886460-0b5ffa-trainer-0] step:2174/2315 train_time:545790ms step_avg:251.05ms
[training-job-1779886460-0b5ffa-trainer-0] step:2175/2315 train_time:546046ms step_avg:251.06ms
[training-job-1779886460-0b5ffa-trainer-0] step:2176/2315 train_time:546299ms step_avg:251.06ms
[training-job-1779886460-0b5ffa-trainer-0] step:2177/2315 train_time:546556ms step_avg:251.06ms
[training-job-1779886460-0b5ffa-trainer-0] step:2178/2315 train_time:546803ms step_avg:251.06ms
[training-job-1779886460-0b5ffa-trainer-0] step:2179/2315 train_time:547062ms step_avg:251.06ms
[training-job-1779886460-0b5ffa-trainer-0] step:2180/2315 train_time:547307ms step_avg:251.06ms
[training-job-1779886460-0b5ffa-trainer-0] step:2181/2315 train_time:547574ms step_avg:251.07ms
[training-job-1779886460-0b5ffa-trainer-0] step:2182/2315 train_time:547820ms step_avg:251.06ms
[training-job-1779886460-0b5ffa-trainer-0] step:2183/2315 train_time:548079ms step_avg:251.07ms
[training-job-1779886460-0b5ffa-trainer-0] step:2184/2315 train_time:548325ms step_avg:251.06ms
[training-job-1779886460-0b5ffa-trainer-0] step:2185/2315 train_time:548583ms step_avg:251.07ms
[training-job-1779886460-0b5ffa-trainer-0] step:2186/2315 train_time:548831ms step_avg:251.07ms
[training-job-1779886460-0b5ffa-trainer-0] step:2187/2315 train_time:549084ms step_avg:251.07ms
[training-job-1779886460-0b5ffa-trainer-0] step:2188/2315 train_time:549324ms step_avg:251.06ms
[training-job-1779886460-0b5ffa-trainer-0] step:2189/2315 train_time:549586ms step_avg:251.07ms
[training-job-1779886460-0b5ffa-trainer-0] step:2190/2315 train_time:549832ms step_avg:251.06ms
[training-job-1779886460-0b5ffa-trainer-0] step:2191/2315 train_time:550092ms step_avg:251.07ms
[training-job-1779886460-0b5ffa-trainer-0] step:2192/2315 train_time:550341ms step_avg:251.07ms
[training-job-1779886460-0b5ffa-trainer-0] step:2193/2315 train_time:550589ms step_avg:251.07ms
[training-job-1779886460-0b5ffa-trainer-0] step:2194/2315 train_time:550834ms step_avg:251.06ms
[training-job-1779886460-0b5ffa-trainer-0] step:2195/2315 train_time:551092ms step_avg:251.07ms
[training-job-1779886460-0b5ffa-trainer-0] step:2196/2315 train_time:551340ms step_avg:251.07ms
[training-job-1779886460-0b5ffa-trainer-0] step:2197/2315 train_time:551593ms step_avg:251.07ms
[training-job-1779886460-0b5ffa-trainer-0] step:2198/2315 train_time:551843ms step_avg:251.07ms
[training-job-1779886460-0b5ffa-trainer-0] step:2199/2315 train_time:552099ms step_avg:251.07ms
[training-job-1779886460-0b5ffa-trainer-0] step:2200/2315 train_time:552346ms step_avg:251.07ms
[training-job-1779886460-0b5ffa-trainer-0] step:2201/2315 train_time:552603ms step_avg:251.07ms
[training-job-1779886460-0b5ffa-trainer-0] step:2202/2315 train_time:552852ms step_avg:251.07ms
[training-job-1779886460-0b5ffa-trainer-0] step:2203/2315 train_time:553106ms step_avg:251.07ms
[training-job-1779886460-0b5ffa-trainer-0] step:2204/2315 train_time:553359ms step_avg:251.07ms
[training-job-1779886460-0b5ffa-trainer-0] step:2205/2315 train_time:553612ms step_avg:251.07ms
[training-job-1779886460-0b5ffa-trainer-0] step:2206/2315 train_time:553859ms step_avg:251.07ms
[training-job-1779886460-0b5ffa-trainer-0] step:2207/2315 train_time:554116ms step_avg:251.07ms
[training-job-1779886460-0b5ffa-trainer-0] step:2208/2315 train_time:554359ms step_avg:251.07ms
[training-job-1779886460-0b5ffa-trainer-0] step:2209/2315 train_time:554615ms step_avg:251.07ms
[training-job-1779886460-0b5ffa-trainer-0] step:2210/2315 train_time:554863ms step_avg:251.07ms
[training-job-1779886460-0b5ffa-trainer-0] step:2211/2315 train_time:555120ms step_avg:251.07ms
[training-job-1779886460-0b5ffa-trainer-0] step:2212/2315 train_time:555367ms step_avg:251.07ms
[training-job-1779886460-0b5ffa-trainer-0] step:2213/2315 train_time:555624ms step_avg:251.07ms
[training-job-1779886460-0b5ffa-trainer-0] step:2214/2315 train_time:555870ms step_avg:251.07ms
[training-job-1779886460-0b5ffa-trainer-0] step:2215/2315 train_time:556125ms step_avg:251.07ms
[training-job-1779886460-0b5ffa-trainer-0] step:2216/2315 train_time:556372ms step_avg:251.07ms
[training-job-1779886460-0b5ffa-trainer-0] step:2217/2315 train_time:556628ms step_avg:251.07ms
[training-job-1779886460-0b5ffa-trainer-0] step:2218/2315 train_time:556877ms step_avg:251.07ms
[training-job-1779886460-0b5ffa-trainer-0] step:2219/2315 train_time:557134ms step_avg:251.07ms
[training-job-1779886460-0b5ffa-trainer-0] step:2220/2315 train_time:557383ms step_avg:251.07ms
[training-job-1779886460-0b5ffa-trainer-0] step:2221/2315 train_time:557640ms step_avg:251.08ms
[training-job-1779886460-0b5ffa-trainer-0] step:2222/2315 train_time:557887ms step_avg:251.07ms
[training-job-1779886460-0b5ffa-trainer-0] step:2223/2315 train_time:558142ms step_avg:251.08ms
[training-job-1779886460-0b5ffa-trainer-0] step:2224/2315 train_time:558389ms step_avg:251.07ms
[training-job-1779886460-0b5ffa-trainer-0] step:2225/2315 train_time:558645ms step_avg:251.08ms
[training-job-1779886460-0b5ffa-trainer-0] step:2226/2315 train_time:558894ms step_avg:251.08ms
[training-job-1779886460-0b5ffa-trainer-0] step:2227/2315 train_time:559152ms step_avg:251.08ms
[training-job-1779886460-0b5ffa-trainer-0] step:2228/2315 train_time:559398ms step_avg:251.08ms
[training-job-1779886460-0b5ffa-trainer-0] step:2229/2315 train_time:559655ms step_avg:251.08ms
[training-job-1779886460-0b5ffa-trainer-0] step:2230/2315 train_time:559901ms step_avg:251.08ms
[training-job-1779886460-0b5ffa-trainer-0] step:2231/2315 train_time:560159ms step_avg:251.08ms
[training-job-1779886460-0b5ffa-trainer-0] step:2232/2315 train_time:560407ms step_avg:251.08ms
[training-job-1779886460-0b5ffa-trainer-0] step:2233/2315 train_time:560664ms step_avg:251.08ms
[training-job-1779886460-0b5ffa-trainer-0] step:2234/2315 train_time:560909ms step_avg:251.08ms
[training-job-1779886460-0b5ffa-trainer-0] step:2235/2315 train_time:561166ms step_avg:251.08ms
[training-job-1779886460-0b5ffa-trainer-0] step:2236/2315 train_time:561412ms step_avg:251.08ms
[training-job-1779886460-0b5ffa-trainer-0] step:2237/2315 train_time:561671ms step_avg:251.08ms
[training-job-1779886460-0b5ffa-trainer-0] step:2238/2315 train_time:561924ms step_avg:251.08ms
[training-job-1779886460-0b5ffa-trainer-0] step:2239/2315 train_time:562176ms step_avg:251.08ms
[training-job-1779886460-0b5ffa-trainer-0] step:2240/2315 train_time:562425ms step_avg:251.08ms
[training-job-1779886460-0b5ffa-trainer-0] step:2241/2315 train_time:562680ms step_avg:251.08ms
[training-job-1779886460-0b5ffa-trainer-0] step:2242/2315 train_time:562931ms step_avg:251.08ms
[training-job-1779886460-0b5ffa-trainer-0] step:2243/2315 train_time:563188ms step_avg:251.09ms
[training-job-1779886460-0b5ffa-trainer-0] step:2244/2315 train_time:563434ms step_avg:251.08ms
[training-job-1779886460-0b5ffa-trainer-0] step:2245/2315 train_time:563690ms step_avg:251.09ms
[training-job-1779886460-0b5ffa-trainer-0] step:2246/2315 train_time:563937ms step_avg:251.08ms
[training-job-1779886460-0b5ffa-trainer-0] step:2247/2315 train_time:564192ms step_avg:251.09ms
[training-job-1779886460-0b5ffa-trainer-0] step:2248/2315 train_time:564439ms step_avg:251.09ms
[training-job-1779886460-0b5ffa-trainer-0] step:2249/2315 train_time:564696ms step_avg:251.09ms
[training-job-1779886460-0b5ffa-trainer-0] step:2250/2315 train_time:564944ms step_avg:251.09ms
[training-job-1779886460-0b5ffa-trainer-0] step:2250/2315 val_loss:3.2862 train_time:565125ms step_avg:251.17ms
[training-job-1779886460-0b5ffa-trainer-0] step:2251/2315 train_time:565309ms step_avg:251.14ms
[training-job-1779886460-0b5ffa-trainer-0] step:2252/2315 train_time:565547ms step_avg:251.13ms
[training-job-1779886460-0b5ffa-trainer-0] step:2253/2315 train_time:565802ms step_avg:251.13ms
[training-job-1779886460-0b5ffa-trainer-0] step:2254/2315 train_time:566049ms step_avg:251.13ms
[training-job-1779886460-0b5ffa-trainer-0] step:2255/2315 train_time:566302ms step_avg:251.13ms
[training-job-1779886460-0b5ffa-trainer-0] step:2256/2315 train_time:566548ms step_avg:251.13ms
[training-job-1779886460-0b5ffa-trainer-0] step:2257/2315 train_time:566806ms step_avg:251.13ms
[training-job-1779886460-0b5ffa-trainer-0] step:2258/2315 train_time:567054ms step_avg:251.13ms
[training-job-1779886460-0b5ffa-trainer-0] step:2259/2315 train_time:567309ms step_avg:251.13ms
[training-job-1779886460-0b5ffa-trainer-0] step:2260/2315 train_time:567556ms step_avg:251.13ms
[training-job-1779886460-0b5ffa-trainer-0] step:2261/2315 train_time:567811ms step_avg:251.13ms
[training-job-1779886460-0b5ffa-trainer-0] step:2262/2315 train_time:568060ms step_avg:251.13ms
[training-job-1779886460-0b5ffa-trainer-0] step:2263/2315 train_time:568315ms step_avg:251.13ms
[training-job-1779886460-0b5ffa-trainer-0] step:2264/2315 train_time:568563ms step_avg:251.13ms
[training-job-1779886460-0b5ffa-trainer-0] step:2265/2315 train_time:568821ms step_avg:251.13ms
[training-job-1779886460-0b5ffa-trainer-0] step:2266/2315 train_time:569067ms step_avg:251.13ms
[training-job-1779886460-0b5ffa-trainer-0] step:2267/2315 train_time:569327ms step_avg:251.14ms
[training-job-1779886460-0b5ffa-trainer-0] step:2268/2315 train_time:569587ms step_avg:251.14ms
[training-job-1779886460-0b5ffa-trainer-0] step:2269/2315 train_time:569843ms step_avg:251.14ms
[training-job-1779886460-0b5ffa-trainer-0] step:2270/2315 train_time:570089ms step_avg:251.14ms
[training-job-1779886460-0b5ffa-trainer-0] step:2271/2315 train_time:570331ms step_avg:251.14ms
[training-job-1779886460-0b5ffa-trainer-0] step:2272/2315 train_time:570578ms step_avg:251.13ms
[training-job-1779886460-0b5ffa-trainer-0] step:2273/2315 train_time:570834ms step_avg:251.14ms
[training-job-1779886460-0b5ffa-trainer-0] step:2274/2315 train_time:571082ms step_avg:251.14ms
[training-job-1779886460-0b5ffa-trainer-0] step:2275/2315 train_time:571337ms step_avg:251.14ms
[training-job-1779886460-0b5ffa-trainer-0] step:2276/2315 train_time:571583ms step_avg:251.13ms
[training-job-1779886460-0b5ffa-trainer-0] step:2277/2315 train_time:571839ms step_avg:251.14ms
[training-job-1779886460-0b5ffa-trainer-0] step:2278/2315 train_time:572085ms step_avg:251.13ms
[training-job-1779886460-0b5ffa-trainer-0] step:2279/2315 train_time:572345ms step_avg:251.14ms
[training-job-1779886460-0b5ffa-trainer-0] step:2280/2315 train_time:572601ms step_avg:251.14ms
[training-job-1779886460-0b5ffa-trainer-0] step:2281/2315 train_time:572857ms step_avg:251.14ms
[training-job-1779886460-0b5ffa-trainer-0] step:2282/2315 train_time:573103ms step_avg:251.14ms
[training-job-1779886460-0b5ffa-trainer-0] step:2283/2315 train_time:573358ms step_avg:251.14ms
[training-job-1779886460-0b5ffa-trainer-0] step:2284/2315 train_time:573593ms step_avg:251.14ms
[training-job-1779886460-0b5ffa-trainer-0] step:2285/2315 train_time:573853ms step_avg:251.14ms
[training-job-1779886460-0b5ffa-trainer-0] step:2286/2315 train_time:574100ms step_avg:251.14ms
[training-job-1779886460-0b5ffa-trainer-0] step:2287/2315 train_time:574356ms step_avg:251.14ms
[training-job-1779886460-0b5ffa-trainer-0] step:2288/2315 train_time:574604ms step_avg:251.14ms
[training-job-1779886460-0b5ffa-trainer-0] step:2289/2315 train_time:574857ms step_avg:251.14ms
[training-job-1779886460-0b5ffa-trainer-0] step:2290/2315 train_time:575104ms step_avg:251.14ms
[training-job-1779886460-0b5ffa-trainer-0] step:2291/2315 train_time:575363ms step_avg:251.14ms
[training-job-1779886460-0b5ffa-trainer-0] step:2292/2315 train_time:575612ms step_avg:251.14ms
[training-job-1779886460-0b5ffa-trainer-0] step:2293/2315 train_time:575871ms step_avg:251.14ms
[training-job-1779886460-0b5ffa-trainer-0] step:2294/2315 train_time:576131ms step_avg:251.15ms
[training-job-1779886460-0b5ffa-trainer-0] step:2295/2315 train_time:576372ms step_avg:251.14ms
[training-job-1779886460-0b5ffa-trainer-0] step:2296/2315 train_time:576619ms step_avg:251.14ms
[training-job-1779886460-0b5ffa-trainer-0] step:2297/2315 train_time:576880ms step_avg:251.14ms
[training-job-1779886460-0b5ffa-trainer-0] step:2298/2315 train_time:577129ms step_avg:251.14ms
[training-job-1779886460-0b5ffa-trainer-0] step:2299/2315 train_time:577385ms step_avg:251.15ms
[training-job-1779886460-0b5ffa-trainer-0] step:2300/2315 train_time:577630ms step_avg:251.14ms
[training-job-1779886460-0b5ffa-trainer-0] step:2301/2315 train_time:577888ms step_avg:251.15ms
[training-job-1779886460-0b5ffa-trainer-0] step:2302/2315 train_time:578134ms step_avg:251.14ms
[training-job-1779886460-0b5ffa-trainer-0] step:2303/2315 train_time:578392ms step_avg:251.15ms
[training-job-1779886460-0b5ffa-trainer-0] step:2304/2315 train_time:578638ms step_avg:251.14ms
[training-job-1779886460-0b5ffa-trainer-0] step:2305/2315 train_time:578892ms step_avg:251.15ms
[training-job-1779886460-0b5ffa-trainer-0] step:2306/2315 train_time:579141ms step_avg:251.15ms
[training-job-1779886460-0b5ffa-trainer-0] step:2307/2315 train_time:579399ms step_avg:251.15ms
[training-job-1779886460-0b5ffa-trainer-0] step:2308/2315 train_time:579644ms step_avg:251.15ms
[training-job-1779886460-0b5ffa-trainer-0] step:2309/2315 train_time:579902ms step_avg:251.15ms
[training-job-1779886460-0b5ffa-trainer-0] step:2310/2315 train_time:580150ms step_avg:251.15ms
[training-job-1779886460-0b5ffa-trainer-0] step:2311/2315 train_time:580400ms step_avg:251.15ms
[training-job-1779886460-0b5ffa-trainer-0] step:2312/2315 train_time:580654ms step_avg:251.15ms
[training-job-1779886460-0b5ffa-trainer-0] step:2313/2315 train_time:580919ms step_avg:251.15ms
[training-job-1779886460-0b5ffa-trainer-0] step:2314/2315 train_time:581167ms step_avg:251.15ms
[training-job-1779886460-0b5ffa-trainer-0] step:2315/2315 train_time:581408ms step_avg:251.15ms
[training-job-1779886460-0b5ffa-trainer-0] step:2315/2315 val_loss:3.2739 train_time:581577ms step_avg:251.22ms
[training-job-1779886460-0b5ffa-trainer-0] peak memory allocated: 20518 MiB reserved: 22434 MiB
[training-job-1779886460-0b5ffa-trainer-0] total training time: 581.58s (581577ms)
[training-job-1779886460-0b5ffa-trainer-0] === Done. Exit code: 0 ===
