[training-job-1779887276-496ab1-trainer-0] step:2021/2315 train_time:506501ms step_avg:250.62ms
[training-job-1779887276-496ab1-trainer-0] step:2022/2315 train_time:506747ms step_avg:250.62ms
[training-job-1779887276-496ab1-trainer-0] step:2023/2315 train_time:507002ms step_avg:250.62ms
[training-job-1779887276-496ab1-trainer-0] step:2024/2315 train_time:507251ms step_avg:250.62ms
[training-job-1779887276-496ab1-trainer-0] step:2025/2315 train_time:507508ms step_avg:250.62ms
[training-job-1779887276-496ab1-trainer-0] step:2026/2315 train_time:507752ms step_avg:250.62ms
[training-job-1779887276-496ab1-trainer-0] step:2027/2315 train_time:508009ms step_avg:250.62ms
[training-job-1779887276-496ab1-trainer-0] step:2028/2315 train_time:508258ms step_avg:250.62ms
[training-job-1779887276-496ab1-trainer-0] step:2029/2315 train_time:508507ms step_avg:250.62ms
[training-job-1779887276-496ab1-trainer-0] step:2030/2315 train_time:508759ms step_avg:250.62ms
[training-job-1779887276-496ab1-trainer-0] step:2031/2315 train_time:509013ms step_avg:250.62ms
[training-job-1779887276-496ab1-trainer-0] step:2032/2315 train_time:509260ms step_avg:250.62ms
[training-job-1779887276-496ab1-trainer-0] step:2033/2315 train_time:509522ms step_avg:250.63ms
[training-job-1779887276-496ab1-trainer-0] step:2034/2315 train_time:509779ms step_avg:250.63ms
[training-job-1779887276-496ab1-trainer-0] step:2035/2315 train_time:510036ms step_avg:250.63ms
[training-job-1779887276-496ab1-trainer-0] step:2036/2315 train_time:510282ms step_avg:250.63ms
[training-job-1779887276-496ab1-trainer-0] step:2037/2315 train_time:510537ms step_avg:250.63ms
[training-job-1779887276-496ab1-trainer-0] step:2038/2315 train_time:510786ms step_avg:250.63ms
[training-job-1779887276-496ab1-trainer-0] step:2039/2315 train_time:511041ms step_avg:250.63ms
[training-job-1779887276-496ab1-trainer-0] step:2040/2315 train_time:511289ms step_avg:250.63ms
[training-job-1779887276-496ab1-trainer-0] step:2041/2315 train_time:511546ms step_avg:250.63ms
[training-job-1779887276-496ab1-trainer-0] step:2042/2315 train_time:511793ms step_avg:250.63ms
[training-job-1779887276-496ab1-trainer-0] step:2043/2315 train_time:512045ms step_avg:250.63ms
[training-job-1779887276-496ab1-trainer-0] step:2044/2315 train_time:512296ms step_avg:250.63ms
[training-job-1779887276-496ab1-trainer-0] step:2045/2315 train_time:512553ms step_avg:250.64ms
[training-job-1779887276-496ab1-trainer-0] step:2046/2315 train_time:512801ms step_avg:250.64ms
[training-job-1779887276-496ab1-trainer-0] step:2047/2315 train_time:513058ms step_avg:250.64ms
[training-job-1779887276-496ab1-trainer-0] step:2048/2315 train_time:513305ms step_avg:250.64ms
[training-job-1779887276-496ab1-trainer-0] step:2049/2315 train_time:513564ms step_avg:250.64ms
[training-job-1779887276-496ab1-trainer-0] step:2050/2315 train_time:513814ms step_avg:250.64ms
[training-job-1779887276-496ab1-trainer-0] step:2051/2315 train_time:514068ms step_avg:250.64ms
[training-job-1779887276-496ab1-trainer-0] step:2052/2315 train_time:514311ms step_avg:250.64ms
[training-job-1779887276-496ab1-trainer-0] step:2053/2315 train_time:514568ms step_avg:250.64ms
[training-job-1779887276-496ab1-trainer-0] step:2054/2315 train_time:514815ms step_avg:250.64ms
[training-job-1779887276-496ab1-trainer-0] step:2055/2315 train_time:515072ms step_avg:250.64ms
[training-job-1779887276-496ab1-trainer-0] step:2056/2315 train_time:515319ms step_avg:250.64ms
[training-job-1779887276-496ab1-trainer-0] step:2057/2315 train_time:515573ms step_avg:250.64ms
[training-job-1779887276-496ab1-trainer-0] step:2058/2315 train_time:515824ms step_avg:250.64ms
[training-job-1779887276-496ab1-trainer-0] step:2059/2315 train_time:516082ms step_avg:250.65ms
[training-job-1779887276-496ab1-trainer-0] step:2060/2315 train_time:516325ms step_avg:250.64ms
[training-job-1779887276-496ab1-trainer-0] step:2061/2315 train_time:516578ms step_avg:250.64ms
[training-job-1779887276-496ab1-trainer-0] step:2062/2315 train_time:516839ms step_avg:250.65ms
[training-job-1779887276-496ab1-trainer-0] step:2063/2315 train_time:517095ms step_avg:250.65ms
[training-job-1779887276-496ab1-trainer-0] step:2064/2315 train_time:517345ms step_avg:250.65ms
[training-job-1779887276-496ab1-trainer-0] step:2065/2315 train_time:517600ms step_avg:250.65ms
[training-job-1779887276-496ab1-trainer-0] step:2066/2315 train_time:517835ms step_avg:250.65ms
[training-job-1779887276-496ab1-trainer-0] step:2067/2315 train_time:518095ms step_avg:250.65ms
[training-job-1779887276-496ab1-trainer-0] step:2068/2315 train_time:518345ms step_avg:250.65ms
[training-job-1779887276-496ab1-trainer-0] step:2069/2315 train_time:518611ms step_avg:250.66ms
[training-job-1779887276-496ab1-trainer-0] step:2070/2315 train_time:518858ms step_avg:250.66ms
[training-job-1779887276-496ab1-trainer-0] step:2071/2315 train_time:519099ms step_avg:250.65ms
[training-job-1779887276-496ab1-trainer-0] step:2072/2315 train_time:519344ms step_avg:250.65ms
[training-job-1779887276-496ab1-trainer-0] step:2073/2315 train_time:519600ms step_avg:250.65ms
[training-job-1779887276-496ab1-trainer-0] step:2074/2315 train_time:519858ms step_avg:250.65ms
[training-job-1779887276-496ab1-trainer-0] step:2075/2315 train_time:520112ms step_avg:250.66ms
[training-job-1779887276-496ab1-trainer-0] step:2076/2315 train_time:520352ms step_avg:250.65ms
[training-job-1779887276-496ab1-trainer-0] step:2077/2315 train_time:520608ms step_avg:250.65ms
[training-job-1779887276-496ab1-trainer-0] step:2078/2315 train_time:520855ms step_avg:250.65ms
[training-job-1779887276-496ab1-trainer-0] step:2079/2315 train_time:521113ms step_avg:250.66ms
[training-job-1779887276-496ab1-trainer-0] step:2080/2315 train_time:521361ms step_avg:250.65ms
[training-job-1779887276-496ab1-trainer-0] step:2081/2315 train_time:521615ms step_avg:250.66ms
[training-job-1779887276-496ab1-trainer-0] step:2082/2315 train_time:521866ms step_avg:250.66ms
[training-job-1779887276-496ab1-trainer-0] step:2083/2315 train_time:522121ms step_avg:250.66ms
[training-job-1779887276-496ab1-trainer-0] step:2084/2315 train_time:522369ms step_avg:250.66ms
[training-job-1779887276-496ab1-trainer-0] step:2085/2315 train_time:522622ms step_avg:250.66ms
[training-job-1779887276-496ab1-trainer-0] step:2086/2315 train_time:522879ms step_avg:250.66ms
[training-job-1779887276-496ab1-trainer-0] step:2087/2315 train_time:523120ms step_avg:250.66ms
[training-job-1779887276-496ab1-trainer-0] step:2088/2315 train_time:523365ms step_avg:250.65ms
[training-job-1779887276-496ab1-trainer-0] step:2089/2315 train_time:523621ms step_avg:250.66ms
[training-job-1779887276-496ab1-trainer-0] step:2090/2315 train_time:523868ms step_avg:250.65ms
[training-job-1779887276-496ab1-trainer-0] step:2091/2315 train_time:524127ms step_avg:250.66ms
[training-job-1779887276-496ab1-trainer-0] step:2092/2315 train_time:524373ms step_avg:250.66ms
[training-job-1779887276-496ab1-trainer-0] step:2093/2315 train_time:524627ms step_avg:250.66ms
[training-job-1779887276-496ab1-trainer-0] step:2094/2315 train_time:524874ms step_avg:250.66ms
[training-job-1779887276-496ab1-trainer-0] step:2095/2315 train_time:525130ms step_avg:250.66ms
[training-job-1779887276-496ab1-trainer-0] step:2096/2315 train_time:525376ms step_avg:250.66ms
[training-job-1779887276-496ab1-trainer-0] step:2097/2315 train_time:525633ms step_avg:250.66ms
[training-job-1779887276-496ab1-trainer-0] step:2098/2315 train_time:525880ms step_avg:250.66ms
[training-job-1779887276-496ab1-trainer-0] step:2099/2315 train_time:526139ms step_avg:250.66ms
[training-job-1779887276-496ab1-trainer-0] step:2100/2315 train_time:526384ms step_avg:250.66ms
[training-job-1779887276-496ab1-trainer-0] step:2101/2315 train_time:526642ms step_avg:250.66ms
[training-job-1779887276-496ab1-trainer-0] step:2102/2315 train_time:526888ms step_avg:250.66ms
[training-job-1779887276-496ab1-trainer-0] step:2103/2315 train_time:527142ms step_avg:250.66ms
[training-job-1779887276-496ab1-trainer-0] step:2104/2315 train_time:527389ms step_avg:250.66ms
[training-job-1779887276-496ab1-trainer-0] step:2105/2315 train_time:527642ms step_avg:250.66ms
[training-job-1779887276-496ab1-trainer-0] step:2106/2315 train_time:527890ms step_avg:250.66ms
[training-job-1779887276-496ab1-trainer-0] step:2107/2315 train_time:528142ms step_avg:250.66ms
[training-job-1779887276-496ab1-trainer-0] step:2108/2315 train_time:528390ms step_avg:250.66ms
[training-job-1779887276-496ab1-trainer-0] step:2109/2315 train_time:528648ms step_avg:250.66ms
[training-job-1779887276-496ab1-trainer-0] step:2110/2315 train_time:528897ms step_avg:250.66ms
[training-job-1779887276-496ab1-trainer-0] step:2111/2315 train_time:529155ms step_avg:250.67ms
[training-job-1779887276-496ab1-trainer-0] step:2112/2315 train_time:529403ms step_avg:250.66ms
[training-job-1779887276-496ab1-trainer-0] step:2113/2315 train_time:529657ms step_avg:250.67ms
[training-job-1779887276-496ab1-trainer-0] step:2114/2315 train_time:529904ms step_avg:250.66ms
[training-job-1779887276-496ab1-trainer-0] step:2115/2315 train_time:530164ms step_avg:250.67ms
[training-job-1779887276-496ab1-trainer-0] step:2116/2315 train_time:530409ms step_avg:250.67ms
[training-job-1779887276-496ab1-trainer-0] step:2117/2315 train_time:530669ms step_avg:250.67ms
[training-job-1779887276-496ab1-trainer-0] step:2118/2315 train_time:530916ms step_avg:250.67ms
[training-job-1779887276-496ab1-trainer-0] step:2119/2315 train_time:531176ms step_avg:250.67ms
[training-job-1779887276-496ab1-trainer-0] step:2120/2315 train_time:531424ms step_avg:250.67ms
[training-job-1779887276-496ab1-trainer-0] step:2121/2315 train_time:531681ms step_avg:250.67ms
[training-job-1779887276-496ab1-trainer-0] step:2122/2315 train_time:531927ms step_avg:250.67ms
[training-job-1779887276-496ab1-trainer-0] step:2123/2315 train_time:532177ms step_avg:250.67ms
[training-job-1779887276-496ab1-trainer-0] step:2124/2315 train_time:532424ms step_avg:250.67ms
[training-job-1779887276-496ab1-trainer-0] step:2125/2315 train_time:532682ms step_avg:250.67ms
[training-job-1779887276-496ab1-trainer-0] step:2126/2315 train_time:532930ms step_avg:250.67ms
[training-job-1779887276-496ab1-trainer-0] step:2127/2315 train_time:533186ms step_avg:250.68ms
[training-job-1779887276-496ab1-trainer-0] step:2128/2315 train_time:533431ms step_avg:250.67ms
[training-job-1779887276-496ab1-trainer-0] step:2129/2315 train_time:533689ms step_avg:250.68ms
[training-job-1779887276-496ab1-trainer-0] step:2130/2315 train_time:533934ms step_avg:250.67ms
[training-job-1779887276-496ab1-trainer-0] step:2131/2315 train_time:534191ms step_avg:250.68ms
[training-job-1779887276-496ab1-trainer-0] step:2132/2315 train_time:534436ms step_avg:250.67ms
[training-job-1779887276-496ab1-trainer-0] step:2133/2315 train_time:534694ms step_avg:250.68ms
[training-job-1779887276-496ab1-trainer-0] step:2134/2315 train_time:534942ms step_avg:250.68ms
[training-job-1779887276-496ab1-trainer-0] step:2135/2315 train_time:535195ms step_avg:250.68ms
[training-job-1779887276-496ab1-trainer-0] step:2136/2315 train_time:535442ms step_avg:250.67ms
[training-job-1779887276-496ab1-trainer-0] step:2137/2315 train_time:535696ms step_avg:250.68ms
[training-job-1779887276-496ab1-trainer-0] step:2138/2315 train_time:535943ms step_avg:250.68ms
[training-job-1779887276-496ab1-trainer-0] step:2139/2315 train_time:536201ms step_avg:250.68ms
[training-job-1779887276-496ab1-trainer-0] step:2140/2315 train_time:536446ms step_avg:250.68ms
[training-job-1779887276-496ab1-trainer-0] step:2141/2315 train_time:536703ms step_avg:250.68ms
[training-job-1779887276-496ab1-trainer-0] step:2142/2315 train_time:536947ms step_avg:250.68ms
[training-job-1779887276-496ab1-trainer-0] step:2143/2315 train_time:537204ms step_avg:250.68ms
[training-job-1779887276-496ab1-trainer-0] step:2144/2315 train_time:537451ms step_avg:250.68ms
[training-job-1779887276-496ab1-trainer-0] step:2145/2315 train_time:537707ms step_avg:250.68ms
[training-job-1779887276-496ab1-trainer-0] step:2146/2315 train_time:537953ms step_avg:250.68ms
[training-job-1779887276-496ab1-trainer-0] step:2147/2315 train_time:538210ms step_avg:250.68ms
[training-job-1779887276-496ab1-trainer-0] step:2148/2315 train_time:538456ms step_avg:250.68ms
[training-job-1779887276-496ab1-trainer-0] step:2149/2315 train_time:538717ms step_avg:250.68ms
[training-job-1779887276-496ab1-trainer-0] step:2150/2315 train_time:538969ms step_avg:250.68ms
[training-job-1779887276-496ab1-trainer-0] step:2151/2315 train_time:539222ms step_avg:250.68ms
[training-job-1779887276-496ab1-trainer-0] step:2152/2315 train_time:539466ms step_avg:250.68ms
[training-job-1779887276-496ab1-trainer-0] step:2153/2315 train_time:539721ms step_avg:250.68ms
[training-job-1779887276-496ab1-trainer-0] step:2154/2315 train_time:539966ms step_avg:250.68ms
[training-job-1779887276-496ab1-trainer-0] step:2155/2315 train_time:540222ms step_avg:250.68ms
[training-job-1779887276-496ab1-trainer-0] step:2156/2315 train_time:540469ms step_avg:250.68ms
[training-job-1779887276-496ab1-trainer-0] step:2157/2315 train_time:540733ms step_avg:250.69ms
[training-job-1779887276-496ab1-trainer-0] step:2158/2315 train_time:540984ms step_avg:250.69ms
[training-job-1779887276-496ab1-trainer-0] step:2159/2315 train_time:541241ms step_avg:250.69ms
[training-job-1779887276-496ab1-trainer-0] step:2160/2315 train_time:541499ms step_avg:250.69ms
[training-job-1779887276-496ab1-trainer-0] step:2161/2315 train_time:541758ms step_avg:250.70ms
[training-job-1779887276-496ab1-trainer-0] step:2162/2315 train_time:541990ms step_avg:250.69ms
[training-job-1779887276-496ab1-trainer-0] step:2163/2315 train_time:542244ms step_avg:250.69ms
[training-job-1779887276-496ab1-trainer-0] step:2164/2315 train_time:542489ms step_avg:250.69ms
[training-job-1779887276-496ab1-trainer-0] step:2165/2315 train_time:542747ms step_avg:250.69ms
[training-job-1779887276-496ab1-trainer-0] step:2166/2315 train_time:543009ms step_avg:250.70ms
[training-job-1779887276-496ab1-trainer-0] step:2167/2315 train_time:543264ms step_avg:250.70ms
[training-job-1779887276-496ab1-trainer-0] step:2168/2315 train_time:543496ms step_avg:250.69ms
[training-job-1779887276-496ab1-trainer-0] step:2169/2315 train_time:543766ms step_avg:250.70ms
[training-job-1779887276-496ab1-trainer-0] step:2170/2315 train_time:543999ms step_avg:250.69ms
[training-job-1779887276-496ab1-trainer-0] step:2171/2315 train_time:544254ms step_avg:250.69ms
[training-job-1779887276-496ab1-trainer-0] step:2172/2315 train_time:544500ms step_avg:250.69ms
[training-job-1779887276-496ab1-trainer-0] step:2173/2315 train_time:544755ms step_avg:250.69ms
[training-job-1779887276-496ab1-trainer-0] step:2174/2315 train_time:545001ms step_avg:250.69ms
[training-job-1779887276-496ab1-trainer-0] step:2175/2315 train_time:545273ms step_avg:250.70ms
[training-job-1779887276-496ab1-trainer-0] step:2176/2315 train_time:545526ms step_avg:250.70ms
[training-job-1779887276-496ab1-trainer-0] step:2177/2315 train_time:545768ms step_avg:250.70ms
[training-job-1779887276-496ab1-trainer-0] step:2178/2315 train_time:546030ms step_avg:250.70ms
[training-job-1779887276-496ab1-trainer-0] step:2179/2315 train_time:546288ms step_avg:250.71ms
[training-job-1779887276-496ab1-trainer-0] step:2180/2315 train_time:546537ms step_avg:250.70ms
[training-job-1779887276-496ab1-trainer-0] step:2181/2315 train_time:546795ms step_avg:250.71ms
[training-job-1779887276-496ab1-trainer-0] step:2182/2315 train_time:547039ms step_avg:250.71ms
[training-job-1779887276-496ab1-trainer-0] step:2183/2315 train_time:547296ms step_avg:250.71ms
[training-job-1779887276-496ab1-trainer-0] step:2184/2315 train_time:547544ms step_avg:250.71ms
[training-job-1779887276-496ab1-trainer-0] step:2185/2315 train_time:547802ms step_avg:250.71ms
[training-job-1779887276-496ab1-trainer-0] step:2186/2315 train_time:548051ms step_avg:250.71ms
[training-job-1779887276-496ab1-trainer-0] step:2187/2315 train_time:548304ms step_avg:250.71ms
[training-job-1779887276-496ab1-trainer-0] step:2188/2315 train_time:548546ms step_avg:250.71ms
[training-job-1779887276-496ab1-trainer-0] step:2189/2315 train_time:548800ms step_avg:250.71ms
[training-job-1779887276-496ab1-trainer-0] step:2190/2315 train_time:549046ms step_avg:250.71ms
[training-job-1779887276-496ab1-trainer-0] step:2191/2315 train_time:549307ms step_avg:250.71ms
[training-job-1779887276-496ab1-trainer-0] step:2192/2315 train_time:549555ms step_avg:250.71ms
[training-job-1779887276-496ab1-trainer-0] step:2193/2315 train_time:549814ms step_avg:250.71ms
[training-job-1779887276-496ab1-trainer-0] step:2194/2315 train_time:550060ms step_avg:250.71ms
[training-job-1779887276-496ab1-trainer-0] step:2195/2315 train_time:550315ms step_avg:250.71ms
[training-job-1779887276-496ab1-trainer-0] step:2196/2315 train_time:550562ms step_avg:250.71ms
[training-job-1779887276-496ab1-trainer-0] step:2197/2315 train_time:550816ms step_avg:250.71ms
[training-job-1779887276-496ab1-trainer-0] step:2198/2315 train_time:551067ms step_avg:250.71ms
[training-job-1779887276-496ab1-trainer-0] step:2199/2315 train_time:551324ms step_avg:250.72ms
[training-job-1779887276-496ab1-trainer-0] step:2200/2315 train_time:551569ms step_avg:250.71ms
[training-job-1779887276-496ab1-trainer-0] step:2201/2315 train_time:551826ms step_avg:250.72ms
[training-job-1779887276-496ab1-trainer-0] step:2202/2315 train_time:552073ms step_avg:250.71ms
[training-job-1779887276-496ab1-trainer-0] step:2203/2315 train_time:552326ms step_avg:250.72ms
[training-job-1779887276-496ab1-trainer-0] step:2204/2315 train_time:552576ms step_avg:250.71ms
[training-job-1779887276-496ab1-trainer-0] step:2205/2315 train_time:552831ms step_avg:250.72ms
[training-job-1779887276-496ab1-trainer-0] step:2206/2315 train_time:553076ms step_avg:250.71ms
[training-job-1779887276-496ab1-trainer-0] step:2207/2315 train_time:553332ms step_avg:250.72ms
[training-job-1779887276-496ab1-trainer-0] step:2208/2315 train_time:553577ms step_avg:250.71ms
[training-job-1779887276-496ab1-trainer-0] step:2209/2315 train_time:553832ms step_avg:250.72ms
[training-job-1779887276-496ab1-trainer-0] step:2210/2315 train_time:554079ms step_avg:250.71ms
[training-job-1779887276-496ab1-trainer-0] step:2211/2315 train_time:554336ms step_avg:250.72ms
[training-job-1779887276-496ab1-trainer-0] step:2212/2315 train_time:554584ms step_avg:250.72ms
[training-job-1779887276-496ab1-trainer-0] step:2213/2315 train_time:554841ms step_avg:250.72ms
[training-job-1779887276-496ab1-trainer-0] step:2214/2315 train_time:555085ms step_avg:250.72ms
[training-job-1779887276-496ab1-trainer-0] step:2215/2315 train_time:555340ms step_avg:250.72ms
[training-job-1779887276-496ab1-trainer-0] step:2216/2315 train_time:555586ms step_avg:250.72ms
[training-job-1779887276-496ab1-trainer-0] step:2217/2315 train_time:555844ms step_avg:250.72ms
[training-job-1779887276-496ab1-trainer-0] step:2218/2315 train_time:556093ms step_avg:250.72ms
[training-job-1779887276-496ab1-trainer-0] step:2219/2315 train_time:556334ms step_avg:250.71ms
[training-job-1779887276-496ab1-trainer-0] step:2220/2315 train_time:556586ms step_avg:250.71ms
[training-job-1779887276-496ab1-trainer-0] step:2221/2315 train_time:556842ms step_avg:250.72ms
[training-job-1779887276-496ab1-trainer-0] step:2222/2315 train_time:557090ms step_avg:250.72ms
[training-job-1779887276-496ab1-trainer-0] step:2223/2315 train_time:557345ms step_avg:250.72ms
[training-job-1779887276-496ab1-trainer-0] step:2224/2315 train_time:557593ms step_avg:250.72ms
[training-job-1779887276-496ab1-trainer-0] step:2225/2315 train_time:557850ms step_avg:250.72ms
[training-job-1779887276-496ab1-trainer-0] step:2226/2315 train_time:558099ms step_avg:250.72ms
[training-job-1779887276-496ab1-trainer-0] step:2227/2315 train_time:558359ms step_avg:250.72ms
[training-job-1779887276-496ab1-trainer-0] step:2228/2315 train_time:558607ms step_avg:250.72ms
[training-job-1779887276-496ab1-trainer-0] step:2229/2315 train_time:558862ms step_avg:250.72ms
[training-job-1779887276-496ab1-trainer-0] step:2230/2315 train_time:559109ms step_avg:250.72ms
[training-job-1779887276-496ab1-trainer-0] step:2231/2315 train_time:559368ms step_avg:250.73ms
[training-job-1779887276-496ab1-trainer-0] step:2232/2315 train_time:559614ms step_avg:250.72ms
[training-job-1779887276-496ab1-trainer-0] step:2233/2315 train_time:559872ms step_avg:250.73ms
[training-job-1779887276-496ab1-trainer-0] step:2234/2315 train_time:560116ms step_avg:250.72ms
[training-job-1779887276-496ab1-trainer-0] step:2235/2315 train_time:560373ms step_avg:250.73ms
[training-job-1779887276-496ab1-trainer-0] step:2236/2315 train_time:560619ms step_avg:250.72ms
[training-job-1779887276-496ab1-trainer-0] step:2237/2315 train_time:560875ms step_avg:250.73ms
[training-job-1779887276-496ab1-trainer-0] step:2238/2315 train_time:561132ms step_avg:250.73ms
[training-job-1779887276-496ab1-trainer-0] step:2239/2315 train_time:561385ms step_avg:250.73ms
[training-job-1779887276-496ab1-trainer-0] step:2240/2315 train_time:561633ms step_avg:250.73ms
[training-job-1779887276-496ab1-trainer-0] step:2241/2315 train_time:561889ms step_avg:250.73ms
[training-job-1779887276-496ab1-trainer-0] step:2242/2315 train_time:562138ms step_avg:250.73ms
[training-job-1779887276-496ab1-trainer-0] step:2243/2315 train_time:562394ms step_avg:250.73ms
[training-job-1779887276-496ab1-trainer-0] step:2244/2315 train_time:562641ms step_avg:250.73ms
[training-job-1779887276-496ab1-trainer-0] step:2245/2315 train_time:562898ms step_avg:250.73ms
[training-job-1779887276-496ab1-trainer-0] step:2246/2315 train_time:563146ms step_avg:250.73ms
[training-job-1779887276-496ab1-trainer-0] step:2247/2315 train_time:563401ms step_avg:250.73ms
[training-job-1779887276-496ab1-trainer-0] step:2248/2315 train_time:563648ms step_avg:250.73ms
[training-job-1779887276-496ab1-trainer-0] step:2249/2315 train_time:563905ms step_avg:250.74ms
[training-job-1779887276-496ab1-trainer-0] step:2250/2315 train_time:564152ms step_avg:250.73ms
[training-job-1779887276-496ab1-trainer-0] step:2250/2315 val_loss:3.2885 train_time:564333ms step_avg:250.81ms
[training-job-1779887276-496ab1-trainer-0] step:2251/2315 train_time:564520ms step_avg:250.79ms
[training-job-1779887276-496ab1-trainer-0] step:2252/2315 train_time:564741ms step_avg:250.77ms
[training-job-1779887276-496ab1-trainer-0] step:2253/2315 train_time:564996ms step_avg:250.77ms
[training-job-1779887276-496ab1-trainer-0] step:2254/2315 train_time:565244ms step_avg:250.77ms
[training-job-1779887276-496ab1-trainer-0] step:2255/2315 train_time:565496ms step_avg:250.77ms
[training-job-1779887276-496ab1-trainer-0] step:2256/2315 train_time:565744ms step_avg:250.77ms
[training-job-1779887276-496ab1-trainer-0] step:2257/2315 train_time:565997ms step_avg:250.77ms
[training-job-1779887276-496ab1-trainer-0] step:2258/2315 train_time:566245ms step_avg:250.77ms
[training-job-1779887276-496ab1-trainer-0] step:2259/2315 train_time:566497ms step_avg:250.77ms
[training-job-1779887276-496ab1-trainer-0] step:2260/2315 train_time:566745ms step_avg:250.77ms
[training-job-1779887276-496ab1-trainer-0] step:2261/2315 train_time:567000ms step_avg:250.77ms
[training-job-1779887276-496ab1-trainer-0] step:2262/2315 train_time:567247ms step_avg:250.77ms
[training-job-1779887276-496ab1-trainer-0] step:2263/2315 train_time:567502ms step_avg:250.77ms
[training-job-1779887276-496ab1-trainer-0] step:2264/2315 train_time:567749ms step_avg:250.77ms
[training-job-1779887276-496ab1-trainer-0] step:2265/2315 train_time:568007ms step_avg:250.78ms
[training-job-1779887276-496ab1-trainer-0] step:2266/2315 train_time:568253ms step_avg:250.77ms
[training-job-1779887276-496ab1-trainer-0] step:2267/2315 train_time:568514ms step_avg:250.78ms
[training-job-1779887276-496ab1-trainer-0] step:2268/2315 train_time:568759ms step_avg:250.78ms
[training-job-1779887276-496ab1-trainer-0] step:2269/2315 train_time:569014ms step_avg:250.78ms
[training-job-1779887276-496ab1-trainer-0] step:2270/2315 train_time:569262ms step_avg:250.78ms
[training-job-1779887276-496ab1-trainer-0] step:2271/2315 train_time:569518ms step_avg:250.78ms
[training-job-1779887276-496ab1-trainer-0] step:2272/2315 train_time:569765ms step_avg:250.78ms
[training-job-1779887276-496ab1-trainer-0] step:2273/2315 train_time:570021ms step_avg:250.78ms
[training-job-1779887276-496ab1-trainer-0] step:2274/2315 train_time:570269ms step_avg:250.78ms
[training-job-1779887276-496ab1-trainer-0] step:2275/2315 train_time:570522ms step_avg:250.78ms
[training-job-1779887276-496ab1-trainer-0] step:2276/2315 train_time:570768ms step_avg:250.78ms
[training-job-1779887276-496ab1-trainer-0] step:2277/2315 train_time:571024ms step_avg:250.78ms
[training-job-1779887276-496ab1-trainer-0] step:2278/2315 train_time:571271ms step_avg:250.78ms
[training-job-1779887276-496ab1-trainer-0] step:2279/2315 train_time:571526ms step_avg:250.78ms
[training-job-1779887276-496ab1-trainer-0] step:2280/2315 train_time:571772ms step_avg:250.78ms
[training-job-1779887276-496ab1-trainer-0] step:2281/2315 train_time:572026ms step_avg:250.78ms
[training-job-1779887276-496ab1-trainer-0] step:2282/2315 train_time:572273ms step_avg:250.78ms
[training-job-1779887276-496ab1-trainer-0] step:2283/2315 train_time:572530ms step_avg:250.78ms
[training-job-1779887276-496ab1-trainer-0] step:2284/2315 train_time:572780ms step_avg:250.78ms
[training-job-1779887276-496ab1-trainer-0] step:2285/2315 train_time:573036ms step_avg:250.78ms
[training-job-1779887276-496ab1-trainer-0] step:2286/2315 train_time:573282ms step_avg:250.78ms
[training-job-1779887276-496ab1-trainer-0] step:2287/2315 train_time:573539ms step_avg:250.78ms
[training-job-1779887276-496ab1-trainer-0] step:2288/2315 train_time:573786ms step_avg:250.78ms
[training-job-1779887276-496ab1-trainer-0] step:2289/2315 train_time:574039ms step_avg:250.78ms
[training-job-1779887276-496ab1-trainer-0] step:2290/2315 train_time:574285ms step_avg:250.78ms
[training-job-1779887276-496ab1-trainer-0] step:2291/2315 train_time:574545ms step_avg:250.78ms
[training-job-1779887276-496ab1-trainer-0] step:2292/2315 train_time:574791ms step_avg:250.78ms
[training-job-1779887276-496ab1-trainer-0] step:2293/2315 train_time:575053ms step_avg:250.79ms
[training-job-1779887276-496ab1-trainer-0] step:2294/2315 train_time:575301ms step_avg:250.79ms
[training-job-1779887276-496ab1-trainer-0] step:2295/2315 train_time:575573ms step_avg:250.79ms
[training-job-1779887276-496ab1-trainer-0] step:2296/2315 train_time:575816ms step_avg:250.79ms
[training-job-1779887276-496ab1-trainer-0] step:2297/2315 train_time:576065ms step_avg:250.79ms
[training-job-1779887276-496ab1-trainer-0] step:2298/2315 train_time:576310ms step_avg:250.79ms
[training-job-1779887276-496ab1-trainer-0] step:2299/2315 train_time:576566ms step_avg:250.79ms
[training-job-1779887276-496ab1-trainer-0] step:2300/2315 train_time:576813ms step_avg:250.79ms
[training-job-1779887276-496ab1-trainer-0] step:2301/2315 train_time:577070ms step_avg:250.79ms
[training-job-1779887276-496ab1-trainer-0] step:2302/2315 train_time:577316ms step_avg:250.79ms
[training-job-1779887276-496ab1-trainer-0] step:2303/2315 train_time:577574ms step_avg:250.79ms
[training-job-1779887276-496ab1-trainer-0] step:2304/2315 train_time:577820ms step_avg:250.79ms
[training-job-1779887276-496ab1-trainer-0] step:2305/2315 train_time:578078ms step_avg:250.79ms
[training-job-1779887276-496ab1-trainer-0] step:2306/2315 train_time:578319ms step_avg:250.79ms
[training-job-1779887276-496ab1-trainer-0] step:2307/2315 train_time:578585ms step_avg:250.80ms
[training-job-1779887276-496ab1-trainer-0] step:2308/2315 train_time:578824ms step_avg:250.79ms
[training-job-1779887276-496ab1-trainer-0] step:2309/2315 train_time:579078ms step_avg:250.79ms
[training-job-1779887276-496ab1-trainer-0] step:2310/2315 train_time:579330ms step_avg:250.79ms
[training-job-1779887276-496ab1-trainer-0] step:2311/2315 train_time:579585ms step_avg:250.79ms
[training-job-1779887276-496ab1-trainer-0] step:2312/2315 train_time:579833ms step_avg:250.79ms
[training-job-1779887276-496ab1-trainer-0] step:2313/2315 train_time:580093ms step_avg:250.80ms
[training-job-1779887276-496ab1-trainer-0] step:2314/2315 train_time:580343ms step_avg:250.80ms
[training-job-1779887276-496ab1-trainer-0] step:2315/2315 train_time:580609ms step_avg:250.80ms
[training-job-1779887276-496ab1-trainer-0] step:2315/2315 val_loss:3.2762 train_time:580773ms step_avg:250.87ms
[training-job-1779887276-496ab1-trainer-0] peak memory allocated: 20518 MiB reserved: 22434 MiB
[training-job-1779887276-496ab1-trainer-0] total training time: 580.77s (580773ms)
[training-job-1779887276-496ab1-trainer-0] === Done. Exit code: 0 ===
