[training-job-1779886461-cd67ec-trainer-0] step:2021/2315 train_time:507424ms step_avg:251.08ms
[training-job-1779886461-cd67ec-trainer-0] step:2022/2315 train_time:507668ms step_avg:251.07ms
[training-job-1779886461-cd67ec-trainer-0] step:2023/2315 train_time:507925ms step_avg:251.07ms
[training-job-1779886461-cd67ec-trainer-0] step:2024/2315 train_time:508173ms step_avg:251.07ms
[training-job-1779886461-cd67ec-trainer-0] step:2025/2315 train_time:508429ms step_avg:251.08ms
[training-job-1779886461-cd67ec-trainer-0] step:2026/2315 train_time:508676ms step_avg:251.07ms
[training-job-1779886461-cd67ec-trainer-0] step:2027/2315 train_time:508932ms step_avg:251.08ms
[training-job-1779886461-cd67ec-trainer-0] step:2028/2315 train_time:509179ms step_avg:251.07ms
[training-job-1779886461-cd67ec-trainer-0] step:2029/2315 train_time:509433ms step_avg:251.08ms
[training-job-1779886461-cd67ec-trainer-0] step:2030/2315 train_time:509680ms step_avg:251.07ms
[training-job-1779886461-cd67ec-trainer-0] step:2031/2315 train_time:509936ms step_avg:251.08ms
[training-job-1779886461-cd67ec-trainer-0] step:2032/2315 train_time:510183ms step_avg:251.07ms
[training-job-1779886461-cd67ec-trainer-0] step:2033/2315 train_time:510442ms step_avg:251.08ms
[training-job-1779886461-cd67ec-trainer-0] step:2034/2315 train_time:510690ms step_avg:251.08ms
[training-job-1779886461-cd67ec-trainer-0] step:2035/2315 train_time:510951ms step_avg:251.08ms
[training-job-1779886461-cd67ec-trainer-0] step:2036/2315 train_time:511195ms step_avg:251.08ms
[training-job-1779886461-cd67ec-trainer-0] step:2037/2315 train_time:511455ms step_avg:251.08ms
[training-job-1779886461-cd67ec-trainer-0] step:2038/2315 train_time:511706ms step_avg:251.08ms
[training-job-1779886461-cd67ec-trainer-0] step:2039/2315 train_time:511957ms step_avg:251.08ms
[training-job-1779886461-cd67ec-trainer-0] step:2040/2315 train_time:512206ms step_avg:251.08ms
[training-job-1779886461-cd67ec-trainer-0] step:2041/2315 train_time:512461ms step_avg:251.08ms
[training-job-1779886461-cd67ec-trainer-0] step:2042/2315 train_time:512708ms step_avg:251.08ms
[training-job-1779886461-cd67ec-trainer-0] step:2043/2315 train_time:512969ms step_avg:251.09ms
[training-job-1779886461-cd67ec-trainer-0] step:2044/2315 train_time:513212ms step_avg:251.08ms
[training-job-1779886461-cd67ec-trainer-0] step:2045/2315 train_time:513467ms step_avg:251.08ms
[training-job-1779886461-cd67ec-trainer-0] step:2046/2315 train_time:513716ms step_avg:251.08ms
[training-job-1779886461-cd67ec-trainer-0] step:2047/2315 train_time:513973ms step_avg:251.09ms
[training-job-1779886461-cd67ec-trainer-0] step:2048/2315 train_time:514217ms step_avg:251.08ms
[training-job-1779886461-cd67ec-trainer-0] step:2049/2315 train_time:514480ms step_avg:251.09ms
[training-job-1779886461-cd67ec-trainer-0] step:2050/2315 train_time:514725ms step_avg:251.09ms
[training-job-1779886461-cd67ec-trainer-0] step:2051/2315 train_time:514980ms step_avg:251.09ms
[training-job-1779886461-cd67ec-trainer-0] step:2052/2315 train_time:515225ms step_avg:251.08ms
[training-job-1779886461-cd67ec-trainer-0] step:2053/2315 train_time:515482ms step_avg:251.09ms
[training-job-1779886461-cd67ec-trainer-0] step:2054/2315 train_time:515728ms step_avg:251.08ms
[training-job-1779886461-cd67ec-trainer-0] step:2055/2315 train_time:515986ms step_avg:251.09ms
[training-job-1779886461-cd67ec-trainer-0] step:2056/2315 train_time:516232ms step_avg:251.09ms
[training-job-1779886461-cd67ec-trainer-0] step:2057/2315 train_time:516488ms step_avg:251.09ms
[training-job-1779886461-cd67ec-trainer-0] step:2058/2315 train_time:516735ms step_avg:251.09ms
[training-job-1779886461-cd67ec-trainer-0] step:2059/2315 train_time:516993ms step_avg:251.09ms
[training-job-1779886461-cd67ec-trainer-0] step:2060/2315 train_time:517237ms step_avg:251.09ms
[training-job-1779886461-cd67ec-trainer-0] step:2061/2315 train_time:517490ms step_avg:251.09ms
[training-job-1779886461-cd67ec-trainer-0] step:2062/2315 train_time:517740ms step_avg:251.09ms
[training-job-1779886461-cd67ec-trainer-0] step:2063/2315 train_time:517996ms step_avg:251.09ms
[training-job-1779886461-cd67ec-trainer-0] step:2064/2315 train_time:518244ms step_avg:251.09ms
[training-job-1779886461-cd67ec-trainer-0] step:2065/2315 train_time:518500ms step_avg:251.09ms
[training-job-1779886461-cd67ec-trainer-0] step:2066/2315 train_time:518747ms step_avg:251.09ms
[training-job-1779886461-cd67ec-trainer-0] step:2067/2315 train_time:519009ms step_avg:251.09ms
[training-job-1779886461-cd67ec-trainer-0] step:2068/2315 train_time:519257ms step_avg:251.09ms
[training-job-1779886461-cd67ec-trainer-0] step:2069/2315 train_time:519515ms step_avg:251.09ms
[training-job-1779886461-cd67ec-trainer-0] step:2070/2315 train_time:519759ms step_avg:251.09ms
[training-job-1779886461-cd67ec-trainer-0] step:2071/2315 train_time:520012ms step_avg:251.09ms
[training-job-1779886461-cd67ec-trainer-0] step:2072/2315 train_time:520261ms step_avg:251.09ms
[training-job-1779886461-cd67ec-trainer-0] step:2073/2315 train_time:520516ms step_avg:251.09ms
[training-job-1779886461-cd67ec-trainer-0] step:2074/2315 train_time:520764ms step_avg:251.09ms
[training-job-1779886461-cd67ec-trainer-0] step:2075/2315 train_time:521018ms step_avg:251.09ms
[training-job-1779886461-cd67ec-trainer-0] step:2076/2315 train_time:521265ms step_avg:251.09ms
[training-job-1779886461-cd67ec-trainer-0] step:2077/2315 train_time:521521ms step_avg:251.09ms
[training-job-1779886461-cd67ec-trainer-0] step:2078/2315 train_time:521770ms step_avg:251.09ms
[training-job-1779886461-cd67ec-trainer-0] step:2079/2315 train_time:522027ms step_avg:251.10ms
[training-job-1779886461-cd67ec-trainer-0] step:2080/2315 train_time:522274ms step_avg:251.09ms
[training-job-1779886461-cd67ec-trainer-0] step:2081/2315 train_time:522534ms step_avg:251.10ms
[training-job-1779886461-cd67ec-trainer-0] step:2082/2315 train_time:522784ms step_avg:251.10ms
[training-job-1779886461-cd67ec-trainer-0] step:2083/2315 train_time:523042ms step_avg:251.10ms
[training-job-1779886461-cd67ec-trainer-0] step:2084/2315 train_time:523288ms step_avg:251.10ms
[training-job-1779886461-cd67ec-trainer-0] step:2085/2315 train_time:523543ms step_avg:251.10ms
[training-job-1779886461-cd67ec-trainer-0] step:2086/2315 train_time:523791ms step_avg:251.10ms
[training-job-1779886461-cd67ec-trainer-0] step:2087/2315 train_time:524050ms step_avg:251.10ms
[training-job-1779886461-cd67ec-trainer-0] step:2088/2315 train_time:524295ms step_avg:251.10ms
[training-job-1779886461-cd67ec-trainer-0] step:2089/2315 train_time:524551ms step_avg:251.10ms
[training-job-1779886461-cd67ec-trainer-0] step:2090/2315 train_time:524799ms step_avg:251.10ms
[training-job-1779886461-cd67ec-trainer-0] step:2091/2315 train_time:525057ms step_avg:251.10ms
[training-job-1779886461-cd67ec-trainer-0] step:2092/2315 train_time:525306ms step_avg:251.10ms
[training-job-1779886461-cd67ec-trainer-0] step:2093/2315 train_time:525563ms step_avg:251.10ms
[training-job-1779886461-cd67ec-trainer-0] step:2094/2315 train_time:525809ms step_avg:251.10ms
[training-job-1779886461-cd67ec-trainer-0] step:2095/2315 train_time:526065ms step_avg:251.11ms
[training-job-1779886461-cd67ec-trainer-0] step:2096/2315 train_time:526311ms step_avg:251.10ms
[training-job-1779886461-cd67ec-trainer-0] step:2097/2315 train_time:526568ms step_avg:251.11ms
[training-job-1779886461-cd67ec-trainer-0] step:2098/2315 train_time:526815ms step_avg:251.10ms
[training-job-1779886461-cd67ec-trainer-0] step:2099/2315 train_time:527076ms step_avg:251.11ms
[training-job-1779886461-cd67ec-trainer-0] step:2100/2315 train_time:527324ms step_avg:251.11ms
[training-job-1779886461-cd67ec-trainer-0] step:2101/2315 train_time:527580ms step_avg:251.11ms
[training-job-1779886461-cd67ec-trainer-0] step:2102/2315 train_time:527828ms step_avg:251.11ms
[training-job-1779886461-cd67ec-trainer-0] step:2103/2315 train_time:528082ms step_avg:251.11ms
[training-job-1779886461-cd67ec-trainer-0] step:2104/2315 train_time:528329ms step_avg:251.11ms
[training-job-1779886461-cd67ec-trainer-0] step:2105/2315 train_time:528584ms step_avg:251.11ms
[training-job-1779886461-cd67ec-trainer-0] step:2106/2315 train_time:528832ms step_avg:251.11ms
[training-job-1779886461-cd67ec-trainer-0] step:2107/2315 train_time:529086ms step_avg:251.11ms
[training-job-1779886461-cd67ec-trainer-0] step:2108/2315 train_time:529333ms step_avg:251.11ms
[training-job-1779886461-cd67ec-trainer-0] step:2109/2315 train_time:529590ms step_avg:251.11ms
[training-job-1779886461-cd67ec-trainer-0] step:2110/2315 train_time:529840ms step_avg:251.11ms
[training-job-1779886461-cd67ec-trainer-0] step:2111/2315 train_time:530096ms step_avg:251.11ms
[training-job-1779886461-cd67ec-trainer-0] step:2112/2315 train_time:530344ms step_avg:251.11ms
[training-job-1779886461-cd67ec-trainer-0] step:2113/2315 train_time:530602ms step_avg:251.11ms
[training-job-1779886461-cd67ec-trainer-0] step:2114/2315 train_time:530847ms step_avg:251.11ms
[training-job-1779886461-cd67ec-trainer-0] step:2115/2315 train_time:531105ms step_avg:251.11ms
[training-job-1779886461-cd67ec-trainer-0] step:2116/2315 train_time:531352ms step_avg:251.11ms
[training-job-1779886461-cd67ec-trainer-0] step:2117/2315 train_time:531609ms step_avg:251.11ms
[training-job-1779886461-cd67ec-trainer-0] step:2118/2315 train_time:531855ms step_avg:251.11ms
[training-job-1779886461-cd67ec-trainer-0] step:2119/2315 train_time:532116ms step_avg:251.12ms
[training-job-1779886461-cd67ec-trainer-0] step:2120/2315 train_time:532364ms step_avg:251.12ms
[training-job-1779886461-cd67ec-trainer-0] step:2121/2315 train_time:532632ms step_avg:251.12ms
[training-job-1779886461-cd67ec-trainer-0] step:2122/2315 train_time:532885ms step_avg:251.12ms
[training-job-1779886461-cd67ec-trainer-0] step:2123/2315 train_time:533132ms step_avg:251.12ms
[training-job-1779886461-cd67ec-trainer-0] step:2124/2315 train_time:533380ms step_avg:251.12ms
[training-job-1779886461-cd67ec-trainer-0] step:2125/2315 train_time:533639ms step_avg:251.12ms
[training-job-1779886461-cd67ec-trainer-0] step:2126/2315 train_time:533886ms step_avg:251.12ms
[training-job-1779886461-cd67ec-trainer-0] step:2127/2315 train_time:534143ms step_avg:251.13ms
[training-job-1779886461-cd67ec-trainer-0] step:2128/2315 train_time:534392ms step_avg:251.12ms
[training-job-1779886461-cd67ec-trainer-0] step:2129/2315 train_time:534649ms step_avg:251.13ms
[training-job-1779886461-cd67ec-trainer-0] step:2130/2315 train_time:534896ms step_avg:251.13ms
[training-job-1779886461-cd67ec-trainer-0] step:2131/2315 train_time:535153ms step_avg:251.13ms
[training-job-1779886461-cd67ec-trainer-0] step:2132/2315 train_time:535399ms step_avg:251.13ms
[training-job-1779886461-cd67ec-trainer-0] step:2133/2315 train_time:535658ms step_avg:251.13ms
[training-job-1779886461-cd67ec-trainer-0] step:2134/2315 train_time:535907ms step_avg:251.13ms
[training-job-1779886461-cd67ec-trainer-0] step:2135/2315 train_time:536160ms step_avg:251.13ms
[training-job-1779886461-cd67ec-trainer-0] step:2136/2315 train_time:536406ms step_avg:251.13ms
[training-job-1779886461-cd67ec-trainer-0] step:2137/2315 train_time:536659ms step_avg:251.13ms
[training-job-1779886461-cd67ec-trainer-0] step:2138/2315 train_time:536907ms step_avg:251.13ms
[training-job-1779886461-cd67ec-trainer-0] step:2139/2315 train_time:537167ms step_avg:251.13ms
[training-job-1779886461-cd67ec-trainer-0] step:2140/2315 train_time:537413ms step_avg:251.13ms
[training-job-1779886461-cd67ec-trainer-0] step:2141/2315 train_time:537670ms step_avg:251.13ms
[training-job-1779886461-cd67ec-trainer-0] step:2142/2315 train_time:537917ms step_avg:251.13ms
[training-job-1779886461-cd67ec-trainer-0] step:2143/2315 train_time:538174ms step_avg:251.13ms
[training-job-1779886461-cd67ec-trainer-0] step:2144/2315 train_time:538421ms step_avg:251.13ms
[training-job-1779886461-cd67ec-trainer-0] step:2145/2315 train_time:538677ms step_avg:251.13ms
[training-job-1779886461-cd67ec-trainer-0] step:2146/2315 train_time:538925ms step_avg:251.13ms
[training-job-1779886461-cd67ec-trainer-0] step:2147/2315 train_time:539182ms step_avg:251.13ms
[training-job-1779886461-cd67ec-trainer-0] step:2148/2315 train_time:539430ms step_avg:251.13ms
[training-job-1779886461-cd67ec-trainer-0] step:2149/2315 train_time:539689ms step_avg:251.13ms
[training-job-1779886461-cd67ec-trainer-0] step:2150/2315 train_time:539935ms step_avg:251.13ms
[training-job-1779886461-cd67ec-trainer-0] step:2151/2315 train_time:540195ms step_avg:251.14ms
[training-job-1779886461-cd67ec-trainer-0] step:2152/2315 train_time:540440ms step_avg:251.13ms
[training-job-1779886461-cd67ec-trainer-0] step:2153/2315 train_time:540697ms step_avg:251.14ms
[training-job-1779886461-cd67ec-trainer-0] step:2154/2315 train_time:540944ms step_avg:251.13ms
[training-job-1779886461-cd67ec-trainer-0] step:2155/2315 train_time:541199ms step_avg:251.14ms
[training-job-1779886461-cd67ec-trainer-0] step:2156/2315 train_time:541450ms step_avg:251.14ms
[training-job-1779886461-cd67ec-trainer-0] step:2157/2315 train_time:541709ms step_avg:251.14ms
[training-job-1779886461-cd67ec-trainer-0] step:2158/2315 train_time:541957ms step_avg:251.14ms
[training-job-1779886461-cd67ec-trainer-0] step:2159/2315 train_time:542214ms step_avg:251.14ms
[training-job-1779886461-cd67ec-trainer-0] step:2160/2315 train_time:542460ms step_avg:251.14ms
[training-job-1779886461-cd67ec-trainer-0] step:2161/2315 train_time:542720ms step_avg:251.14ms
[training-job-1779886461-cd67ec-trainer-0] step:2162/2315 train_time:542965ms step_avg:251.14ms
[training-job-1779886461-cd67ec-trainer-0] step:2163/2315 train_time:543220ms step_avg:251.14ms
[training-job-1779886461-cd67ec-trainer-0] step:2164/2315 train_time:543467ms step_avg:251.14ms
[training-job-1779886461-cd67ec-trainer-0] step:2165/2315 train_time:543725ms step_avg:251.14ms
[training-job-1779886461-cd67ec-trainer-0] step:2166/2315 train_time:543972ms step_avg:251.14ms
[training-job-1779886461-cd67ec-trainer-0] step:2167/2315 train_time:544227ms step_avg:251.14ms
[training-job-1779886461-cd67ec-trainer-0] step:2168/2315 train_time:544475ms step_avg:251.14ms
[training-job-1779886461-cd67ec-trainer-0] step:2169/2315 train_time:544734ms step_avg:251.15ms
[training-job-1779886461-cd67ec-trainer-0] step:2170/2315 train_time:544981ms step_avg:251.14ms
[training-job-1779886461-cd67ec-trainer-0] step:2171/2315 train_time:545239ms step_avg:251.15ms
[training-job-1779886461-cd67ec-trainer-0] step:2172/2315 train_time:545485ms step_avg:251.14ms
[training-job-1779886461-cd67ec-trainer-0] step:2173/2315 train_time:545740ms step_avg:251.15ms
[training-job-1779886461-cd67ec-trainer-0] step:2174/2315 train_time:545988ms step_avg:251.14ms
[training-job-1779886461-cd67ec-trainer-0] step:2175/2315 train_time:546250ms step_avg:251.15ms
[training-job-1779886461-cd67ec-trainer-0] step:2176/2315 train_time:546496ms step_avg:251.15ms
[training-job-1779886461-cd67ec-trainer-0] step:2177/2315 train_time:546753ms step_avg:251.15ms
[training-job-1779886461-cd67ec-trainer-0] step:2178/2315 train_time:547002ms step_avg:251.15ms
[training-job-1779886461-cd67ec-trainer-0] step:2179/2315 train_time:547259ms step_avg:251.15ms
[training-job-1779886461-cd67ec-trainer-0] step:2180/2315 train_time:547507ms step_avg:251.15ms
[training-job-1779886461-cd67ec-trainer-0] step:2181/2315 train_time:547767ms step_avg:251.15ms
[training-job-1779886461-cd67ec-trainer-0] step:2182/2315 train_time:548013ms step_avg:251.15ms
[training-job-1779886461-cd67ec-trainer-0] step:2183/2315 train_time:548270ms step_avg:251.15ms
[training-job-1779886461-cd67ec-trainer-0] step:2184/2315 train_time:548519ms step_avg:251.15ms
[training-job-1779886461-cd67ec-trainer-0] step:2185/2315 train_time:548774ms step_avg:251.16ms
[training-job-1779886461-cd67ec-trainer-0] step:2186/2315 train_time:549026ms step_avg:251.16ms
[training-job-1779886461-cd67ec-trainer-0] step:2187/2315 train_time:549275ms step_avg:251.15ms
[training-job-1779886461-cd67ec-trainer-0] step:2188/2315 train_time:549521ms step_avg:251.15ms
[training-job-1779886461-cd67ec-trainer-0] step:2189/2315 train_time:549775ms step_avg:251.15ms
[training-job-1779886461-cd67ec-trainer-0] step:2190/2315 train_time:550021ms step_avg:251.15ms
[training-job-1779886461-cd67ec-trainer-0] step:2191/2315 train_time:550279ms step_avg:251.15ms
[training-job-1779886461-cd67ec-trainer-0] step:2192/2315 train_time:550531ms step_avg:251.15ms
[training-job-1779886461-cd67ec-trainer-0] step:2193/2315 train_time:550787ms step_avg:251.16ms
[training-job-1779886461-cd67ec-trainer-0] step:2194/2315 train_time:551036ms step_avg:251.16ms
[training-job-1779886461-cd67ec-trainer-0] step:2195/2315 train_time:551289ms step_avg:251.16ms
[training-job-1779886461-cd67ec-trainer-0] step:2196/2315 train_time:551538ms step_avg:251.16ms
[training-job-1779886461-cd67ec-trainer-0] step:2197/2315 train_time:551795ms step_avg:251.16ms
[training-job-1779886461-cd67ec-trainer-0] step:2198/2315 train_time:552042ms step_avg:251.16ms
[training-job-1779886461-cd67ec-trainer-0] step:2199/2315 train_time:552297ms step_avg:251.16ms
[training-job-1779886461-cd67ec-trainer-0] step:2200/2315 train_time:552546ms step_avg:251.16ms
[training-job-1779886461-cd67ec-trainer-0] step:2201/2315 train_time:552798ms step_avg:251.16ms
[training-job-1779886461-cd67ec-trainer-0] step:2202/2315 train_time:553049ms step_avg:251.16ms
[training-job-1779886461-cd67ec-trainer-0] step:2203/2315 train_time:553301ms step_avg:251.16ms
[training-job-1779886461-cd67ec-trainer-0] step:2204/2315 train_time:553552ms step_avg:251.16ms
[training-job-1779886461-cd67ec-trainer-0] step:2205/2315 train_time:553807ms step_avg:251.16ms
[training-job-1779886461-cd67ec-trainer-0] step:2206/2315 train_time:554053ms step_avg:251.16ms
[training-job-1779886461-cd67ec-trainer-0] step:2207/2315 train_time:554307ms step_avg:251.16ms
[training-job-1779886461-cd67ec-trainer-0] step:2208/2315 train_time:554553ms step_avg:251.16ms
[training-job-1779886461-cd67ec-trainer-0] step:2209/2315 train_time:554808ms step_avg:251.16ms
[training-job-1779886461-cd67ec-trainer-0] step:2210/2315 train_time:555056ms step_avg:251.16ms
[training-job-1779886461-cd67ec-trainer-0] step:2211/2315 train_time:555311ms step_avg:251.16ms
[training-job-1779886461-cd67ec-trainer-0] step:2212/2315 train_time:555559ms step_avg:251.16ms
[training-job-1779886461-cd67ec-trainer-0] step:2213/2315 train_time:555816ms step_avg:251.16ms
[training-job-1779886461-cd67ec-trainer-0] step:2214/2315 train_time:556060ms step_avg:251.16ms
[training-job-1779886461-cd67ec-trainer-0] step:2215/2315 train_time:556314ms step_avg:251.16ms
[training-job-1779886461-cd67ec-trainer-0] step:2216/2315 train_time:556562ms step_avg:251.16ms
[training-job-1779886461-cd67ec-trainer-0] step:2217/2315 train_time:556820ms step_avg:251.16ms
[training-job-1779886461-cd67ec-trainer-0] step:2218/2315 train_time:557068ms step_avg:251.16ms
[training-job-1779886461-cd67ec-trainer-0] step:2219/2315 train_time:557324ms step_avg:251.16ms
[training-job-1779886461-cd67ec-trainer-0] step:2220/2315 train_time:557575ms step_avg:251.16ms
[training-job-1779886461-cd67ec-trainer-0] step:2221/2315 train_time:557830ms step_avg:251.16ms
[training-job-1779886461-cd67ec-trainer-0] step:2222/2315 train_time:558078ms step_avg:251.16ms
[training-job-1779886461-cd67ec-trainer-0] step:2223/2315 train_time:558332ms step_avg:251.16ms
[training-job-1779886461-cd67ec-trainer-0] step:2224/2315 train_time:558580ms step_avg:251.16ms
[training-job-1779886461-cd67ec-trainer-0] step:2225/2315 train_time:558837ms step_avg:251.16ms
[training-job-1779886461-cd67ec-trainer-0] step:2226/2315 train_time:559103ms step_avg:251.17ms
[training-job-1779886461-cd67ec-trainer-0] step:2227/2315 train_time:559346ms step_avg:251.17ms
[training-job-1779886461-cd67ec-trainer-0] step:2228/2315 train_time:559593ms step_avg:251.16ms
[training-job-1779886461-cd67ec-trainer-0] step:2229/2315 train_time:559848ms step_avg:251.17ms
[training-job-1779886461-cd67ec-trainer-0] step:2230/2315 train_time:560094ms step_avg:251.16ms
[training-job-1779886461-cd67ec-trainer-0] step:2231/2315 train_time:560353ms step_avg:251.17ms
[training-job-1779886461-cd67ec-trainer-0] step:2232/2315 train_time:560598ms step_avg:251.16ms
[training-job-1779886461-cd67ec-trainer-0] step:2233/2315 train_time:560856ms step_avg:251.17ms
[training-job-1779886461-cd67ec-trainer-0] step:2234/2315 train_time:561102ms step_avg:251.16ms
[training-job-1779886461-cd67ec-trainer-0] step:2235/2315 train_time:561357ms step_avg:251.17ms
[training-job-1779886461-cd67ec-trainer-0] step:2236/2315 train_time:561605ms step_avg:251.16ms
[training-job-1779886461-cd67ec-trainer-0] step:2237/2315 train_time:561861ms step_avg:251.17ms
[training-job-1779886461-cd67ec-trainer-0] step:2238/2315 train_time:562111ms step_avg:251.17ms
[training-job-1779886461-cd67ec-trainer-0] step:2239/2315 train_time:562367ms step_avg:251.17ms
[training-job-1779886461-cd67ec-trainer-0] step:2240/2315 train_time:562617ms step_avg:251.17ms
[training-job-1779886461-cd67ec-trainer-0] step:2241/2315 train_time:562873ms step_avg:251.17ms
[training-job-1779886461-cd67ec-trainer-0] step:2242/2315 train_time:563120ms step_avg:251.17ms
[training-job-1779886461-cd67ec-trainer-0] step:2243/2315 train_time:563375ms step_avg:251.17ms
[training-job-1779886461-cd67ec-trainer-0] step:2244/2315 train_time:563624ms step_avg:251.17ms
[training-job-1779886461-cd67ec-trainer-0] step:2245/2315 train_time:563882ms step_avg:251.17ms
[training-job-1779886461-cd67ec-trainer-0] step:2246/2315 train_time:564131ms step_avg:251.17ms
[training-job-1779886461-cd67ec-trainer-0] step:2247/2315 train_time:564386ms step_avg:251.17ms
[training-job-1779886461-cd67ec-trainer-0] step:2248/2315 train_time:564633ms step_avg:251.17ms
[training-job-1779886461-cd67ec-trainer-0] step:2249/2315 train_time:564891ms step_avg:251.17ms
[training-job-1779886461-cd67ec-trainer-0] step:2250/2315 train_time:565139ms step_avg:251.17ms
[training-job-1779886461-cd67ec-trainer-0] step:2250/2315 val_loss:3.2901 train_time:565318ms step_avg:251.25ms
[training-job-1779886461-cd67ec-trainer-0] step:2251/2315 train_time:565499ms step_avg:251.22ms
[training-job-1779886461-cd67ec-trainer-0] step:2252/2315 train_time:565733ms step_avg:251.21ms
[training-job-1779886461-cd67ec-trainer-0] step:2253/2315 train_time:565987ms step_avg:251.22ms
[training-job-1779886461-cd67ec-trainer-0] step:2254/2315 train_time:566236ms step_avg:251.21ms
[training-job-1779886461-cd67ec-trainer-0] step:2255/2315 train_time:566490ms step_avg:251.21ms
[training-job-1779886461-cd67ec-trainer-0] step:2256/2315 train_time:566735ms step_avg:251.21ms
[training-job-1779886461-cd67ec-trainer-0] step:2257/2315 train_time:566990ms step_avg:251.21ms
[training-job-1779886461-cd67ec-trainer-0] step:2258/2315 train_time:567238ms step_avg:251.21ms
[training-job-1779886461-cd67ec-trainer-0] step:2259/2315 train_time:567492ms step_avg:251.21ms
[training-job-1779886461-cd67ec-trainer-0] step:2260/2315 train_time:567739ms step_avg:251.21ms
[training-job-1779886461-cd67ec-trainer-0] step:2261/2315 train_time:567994ms step_avg:251.21ms
[training-job-1779886461-cd67ec-trainer-0] step:2262/2315 train_time:568240ms step_avg:251.21ms
[training-job-1779886461-cd67ec-trainer-0] step:2263/2315 train_time:568496ms step_avg:251.21ms
[training-job-1779886461-cd67ec-trainer-0] step:2264/2315 train_time:568743ms step_avg:251.21ms
[training-job-1779886461-cd67ec-trainer-0] step:2265/2315 train_time:569001ms step_avg:251.21ms
[training-job-1779886461-cd67ec-trainer-0] step:2266/2315 train_time:569247ms step_avg:251.21ms
[training-job-1779886461-cd67ec-trainer-0] step:2267/2315 train_time:569508ms step_avg:251.22ms
[training-job-1779886461-cd67ec-trainer-0] step:2268/2315 train_time:569753ms step_avg:251.21ms
[training-job-1779886461-cd67ec-trainer-0] step:2269/2315 train_time:570013ms step_avg:251.22ms
[training-job-1779886461-cd67ec-trainer-0] step:2270/2315 train_time:570258ms step_avg:251.21ms
[training-job-1779886461-cd67ec-trainer-0] step:2271/2315 train_time:570514ms step_avg:251.22ms
[training-job-1779886461-cd67ec-trainer-0] step:2272/2315 train_time:570764ms step_avg:251.22ms
[training-job-1779886461-cd67ec-trainer-0] step:2273/2315 train_time:571021ms step_avg:251.22ms
[training-job-1779886461-cd67ec-trainer-0] step:2274/2315 train_time:571268ms step_avg:251.22ms
[training-job-1779886461-cd67ec-trainer-0] step:2275/2315 train_time:571524ms step_avg:251.22ms
[training-job-1779886461-cd67ec-trainer-0] step:2276/2315 train_time:571770ms step_avg:251.22ms
[training-job-1779886461-cd67ec-trainer-0] step:2277/2315 train_time:572026ms step_avg:251.22ms
[training-job-1779886461-cd67ec-trainer-0] step:2278/2315 train_time:572273ms step_avg:251.22ms
[training-job-1779886461-cd67ec-trainer-0] step:2279/2315 train_time:572531ms step_avg:251.22ms
[training-job-1779886461-cd67ec-trainer-0] step:2280/2315 train_time:572777ms step_avg:251.22ms
[training-job-1779886461-cd67ec-trainer-0] step:2281/2315 train_time:573032ms step_avg:251.22ms
[training-job-1779886461-cd67ec-trainer-0] step:2282/2315 train_time:573277ms step_avg:251.22ms
[training-job-1779886461-cd67ec-trainer-0] step:2283/2315 train_time:573537ms step_avg:251.22ms
[training-job-1779886461-cd67ec-trainer-0] step:2284/2315 train_time:573786ms step_avg:251.22ms
[training-job-1779886461-cd67ec-trainer-0] step:2285/2315 train_time:574042ms step_avg:251.22ms
[training-job-1779886461-cd67ec-trainer-0] step:2286/2315 train_time:574288ms step_avg:251.22ms
[training-job-1779886461-cd67ec-trainer-0] step:2287/2315 train_time:574546ms step_avg:251.22ms
[training-job-1779886461-cd67ec-trainer-0] step:2288/2315 train_time:574793ms step_avg:251.22ms
[training-job-1779886461-cd67ec-trainer-0] step:2289/2315 train_time:575048ms step_avg:251.22ms
[training-job-1779886461-cd67ec-trainer-0] step:2290/2315 train_time:575297ms step_avg:251.22ms
[training-job-1779886461-cd67ec-trainer-0] step:2291/2315 train_time:575555ms step_avg:251.22ms
[training-job-1779886461-cd67ec-trainer-0] step:2292/2315 train_time:575801ms step_avg:251.22ms
[training-job-1779886461-cd67ec-trainer-0] step:2293/2315 train_time:576066ms step_avg:251.23ms
[training-job-1779886461-cd67ec-trainer-0] step:2294/2315 train_time:576313ms step_avg:251.23ms
[training-job-1779886461-cd67ec-trainer-0] step:2295/2315 train_time:576565ms step_avg:251.23ms
[training-job-1779886461-cd67ec-trainer-0] step:2296/2315 train_time:576810ms step_avg:251.22ms
[training-job-1779886461-cd67ec-trainer-0] step:2297/2315 train_time:577067ms step_avg:251.23ms
[training-job-1779886461-cd67ec-trainer-0] step:2298/2315 train_time:577314ms step_avg:251.22ms
[training-job-1779886461-cd67ec-trainer-0] step:2299/2315 train_time:577571ms step_avg:251.23ms
[training-job-1779886461-cd67ec-trainer-0] step:2300/2315 train_time:577813ms step_avg:251.22ms
[training-job-1779886461-cd67ec-trainer-0] step:2301/2315 train_time:578071ms step_avg:251.23ms
[training-job-1779886461-cd67ec-trainer-0] step:2302/2315 train_time:578319ms step_avg:251.22ms
[training-job-1779886461-cd67ec-trainer-0] step:2303/2315 train_time:578577ms step_avg:251.23ms
[training-job-1779886461-cd67ec-trainer-0] step:2304/2315 train_time:578824ms step_avg:251.23ms
[training-job-1779886461-cd67ec-trainer-0] step:2305/2315 train_time:579082ms step_avg:251.23ms
[training-job-1779886461-cd67ec-trainer-0] step:2306/2315 train_time:579327ms step_avg:251.23ms
[training-job-1779886461-cd67ec-trainer-0] step:2307/2315 train_time:579584ms step_avg:251.23ms
[training-job-1779886461-cd67ec-trainer-0] step:2308/2315 train_time:579831ms step_avg:251.23ms
[training-job-1779886461-cd67ec-trainer-0] step:2309/2315 train_time:580092ms step_avg:251.23ms
[training-job-1779886461-cd67ec-trainer-0] step:2310/2315 train_time:580347ms step_avg:251.23ms
[training-job-1779886461-cd67ec-trainer-0] step:2311/2315 train_time:580601ms step_avg:251.23ms
[training-job-1779886461-cd67ec-trainer-0] step:2312/2315 train_time:580851ms step_avg:251.23ms
[training-job-1779886461-cd67ec-trainer-0] step:2313/2315 train_time:581107ms step_avg:251.24ms
[training-job-1779886461-cd67ec-trainer-0] step:2314/2315 train_time:581348ms step_avg:251.23ms
[training-job-1779886461-cd67ec-trainer-0] step:2315/2315 train_time:581611ms step_avg:251.24ms
[training-job-1779886461-cd67ec-trainer-0] step:2315/2315 val_loss:3.2777 train_time:581773ms step_avg:251.31ms
[training-job-1779886461-cd67ec-trainer-0] peak memory allocated: 20518 MiB reserved: 22434 MiB
[training-job-1779886461-cd67ec-trainer-0] total training time: 581.77s (581773ms)
[training-job-1779886461-cd67ec-trainer-0] === Done. Exit code: 0 ===
