[training-job-1779886461-08570c-trainer-0] step:2021/2315 train_time:508501ms step_avg:251.61ms
[training-job-1779886461-08570c-trainer-0] step:2022/2315 train_time:508764ms step_avg:251.61ms
[training-job-1779886461-08570c-trainer-0] step:2023/2315 train_time:509005ms step_avg:251.61ms
[training-job-1779886461-08570c-trainer-0] step:2024/2315 train_time:509255ms step_avg:251.61ms
[training-job-1779886461-08570c-trainer-0] step:2025/2315 train_time:509512ms step_avg:251.61ms
[training-job-1779886461-08570c-trainer-0] step:2026/2315 train_time:509764ms step_avg:251.61ms
[training-job-1779886461-08570c-trainer-0] step:2027/2315 train_time:510020ms step_avg:251.61ms
[training-job-1779886461-08570c-trainer-0] step:2028/2315 train_time:510272ms step_avg:251.61ms
[training-job-1779886461-08570c-trainer-0] step:2029/2315 train_time:510528ms step_avg:251.62ms
[training-job-1779886461-08570c-trainer-0] step:2030/2315 train_time:510770ms step_avg:251.61ms
[training-job-1779886461-08570c-trainer-0] step:2031/2315 train_time:511031ms step_avg:251.62ms
[training-job-1779886461-08570c-trainer-0] step:2032/2315 train_time:511280ms step_avg:251.61ms
[training-job-1779886461-08570c-trainer-0] step:2033/2315 train_time:511537ms step_avg:251.62ms
[training-job-1779886461-08570c-trainer-0] step:2034/2315 train_time:511787ms step_avg:251.62ms
[training-job-1779886461-08570c-trainer-0] step:2035/2315 train_time:512046ms step_avg:251.62ms
[training-job-1779886461-08570c-trainer-0] step:2036/2315 train_time:512292ms step_avg:251.62ms
[training-job-1779886461-08570c-trainer-0] step:2037/2315 train_time:512548ms step_avg:251.62ms
[training-job-1779886461-08570c-trainer-0] step:2038/2315 train_time:512798ms step_avg:251.62ms
[training-job-1779886461-08570c-trainer-0] step:2039/2315 train_time:513053ms step_avg:251.62ms
[training-job-1779886461-08570c-trainer-0] step:2040/2315 train_time:513296ms step_avg:251.62ms
[training-job-1779886461-08570c-trainer-0] step:2041/2315 train_time:513557ms step_avg:251.62ms
[training-job-1779886461-08570c-trainer-0] step:2042/2315 train_time:513807ms step_avg:251.62ms
[training-job-1779886461-08570c-trainer-0] step:2043/2315 train_time:514063ms step_avg:251.62ms
[training-job-1779886461-08570c-trainer-0] step:2044/2315 train_time:514305ms step_avg:251.62ms
[training-job-1779886461-08570c-trainer-0] step:2045/2315 train_time:514564ms step_avg:251.62ms
[training-job-1779886461-08570c-trainer-0] step:2046/2315 train_time:514815ms step_avg:251.62ms
[training-job-1779886461-08570c-trainer-0] step:2047/2315 train_time:515074ms step_avg:251.62ms
[training-job-1779886461-08570c-trainer-0] step:2048/2315 train_time:515317ms step_avg:251.62ms
[training-job-1779886461-08570c-trainer-0] step:2049/2315 train_time:515578ms step_avg:251.62ms
[training-job-1779886461-08570c-trainer-0] step:2050/2315 train_time:515828ms step_avg:251.62ms
[training-job-1779886461-08570c-trainer-0] step:2051/2315 train_time:516084ms step_avg:251.63ms
[training-job-1779886461-08570c-trainer-0] step:2052/2315 train_time:516333ms step_avg:251.62ms
[training-job-1779886461-08570c-trainer-0] step:2053/2315 train_time:516587ms step_avg:251.63ms
[training-job-1779886461-08570c-trainer-0] step:2054/2315 train_time:516836ms step_avg:251.62ms
[training-job-1779886461-08570c-trainer-0] step:2055/2315 train_time:517095ms step_avg:251.63ms
[training-job-1779886461-08570c-trainer-0] step:2056/2315 train_time:517342ms step_avg:251.63ms
[training-job-1779886461-08570c-trainer-0] step:2057/2315 train_time:517600ms step_avg:251.63ms
[training-job-1779886461-08570c-trainer-0] step:2058/2315 train_time:517847ms step_avg:251.63ms
[training-job-1779886461-08570c-trainer-0] step:2059/2315 train_time:518102ms step_avg:251.63ms
[training-job-1779886461-08570c-trainer-0] step:2060/2315 train_time:518351ms step_avg:251.63ms
[training-job-1779886461-08570c-trainer-0] step:2061/2315 train_time:518607ms step_avg:251.63ms
[training-job-1779886461-08570c-trainer-0] step:2062/2315 train_time:518855ms step_avg:251.63ms
[training-job-1779886461-08570c-trainer-0] step:2063/2315 train_time:519112ms step_avg:251.63ms
[training-job-1779886461-08570c-trainer-0] step:2064/2315 train_time:519361ms step_avg:251.63ms
[training-job-1779886461-08570c-trainer-0] step:2065/2315 train_time:519619ms step_avg:251.63ms
[training-job-1779886461-08570c-trainer-0] step:2066/2315 train_time:519865ms step_avg:251.63ms
[training-job-1779886461-08570c-trainer-0] step:2067/2315 train_time:520126ms step_avg:251.63ms
[training-job-1779886461-08570c-trainer-0] step:2068/2315 train_time:520377ms step_avg:251.63ms
[training-job-1779886461-08570c-trainer-0] step:2069/2315 train_time:520637ms step_avg:251.64ms
[training-job-1779886461-08570c-trainer-0] step:2070/2315 train_time:520882ms step_avg:251.63ms
[training-job-1779886461-08570c-trainer-0] step:2071/2315 train_time:521136ms step_avg:251.64ms
[training-job-1779886461-08570c-trainer-0] step:2072/2315 train_time:521386ms step_avg:251.63ms
[training-job-1779886461-08570c-trainer-0] step:2073/2315 train_time:521641ms step_avg:251.64ms
[training-job-1779886461-08570c-trainer-0] step:2074/2315 train_time:521886ms step_avg:251.63ms
[training-job-1779886461-08570c-trainer-0] step:2075/2315 train_time:522142ms step_avg:251.63ms
[training-job-1779886461-08570c-trainer-0] step:2076/2315 train_time:522390ms step_avg:251.63ms
[training-job-1779886461-08570c-trainer-0] step:2077/2315 train_time:522643ms step_avg:251.63ms
[training-job-1779886461-08570c-trainer-0] step:2078/2315 train_time:522892ms step_avg:251.63ms
[training-job-1779886461-08570c-trainer-0] step:2079/2315 train_time:523152ms step_avg:251.64ms
[training-job-1779886461-08570c-trainer-0] step:2080/2315 train_time:523398ms step_avg:251.63ms
[training-job-1779886461-08570c-trainer-0] step:2081/2315 train_time:523655ms step_avg:251.64ms
[training-job-1779886461-08570c-trainer-0] step:2082/2315 train_time:523908ms step_avg:251.64ms
[training-job-1779886461-08570c-trainer-0] step:2083/2315 train_time:524167ms step_avg:251.64ms
[training-job-1779886461-08570c-trainer-0] step:2084/2315 train_time:524412ms step_avg:251.64ms
[training-job-1779886461-08570c-trainer-0] step:2085/2315 train_time:524669ms step_avg:251.64ms
[training-job-1779886461-08570c-trainer-0] step:2086/2315 train_time:524919ms step_avg:251.64ms
[training-job-1779886461-08570c-trainer-0] step:2087/2315 train_time:525176ms step_avg:251.64ms
[training-job-1779886461-08570c-trainer-0] step:2088/2315 train_time:525429ms step_avg:251.64ms
[training-job-1779886461-08570c-trainer-0] step:2089/2315 train_time:525686ms step_avg:251.64ms
[training-job-1779886461-08570c-trainer-0] step:2090/2315 train_time:525933ms step_avg:251.64ms
[training-job-1779886461-08570c-trainer-0] step:2091/2315 train_time:526191ms step_avg:251.65ms
[training-job-1779886461-08570c-trainer-0] step:2092/2315 train_time:526438ms step_avg:251.64ms
[training-job-1779886461-08570c-trainer-0] step:2093/2315 train_time:526693ms step_avg:251.65ms
[training-job-1779886461-08570c-trainer-0] step:2094/2315 train_time:526941ms step_avg:251.64ms
[training-job-1779886461-08570c-trainer-0] step:2095/2315 train_time:527198ms step_avg:251.65ms
[training-job-1779886461-08570c-trainer-0] step:2096/2315 train_time:527444ms step_avg:251.64ms
[training-job-1779886461-08570c-trainer-0] step:2097/2315 train_time:527700ms step_avg:251.65ms
[training-job-1779886461-08570c-trainer-0] step:2098/2315 train_time:527946ms step_avg:251.64ms
[training-job-1779886461-08570c-trainer-0] step:2099/2315 train_time:528205ms step_avg:251.65ms
[training-job-1779886461-08570c-trainer-0] step:2100/2315 train_time:528452ms step_avg:251.64ms
[training-job-1779886461-08570c-trainer-0] step:2101/2315 train_time:528710ms step_avg:251.65ms
[training-job-1779886461-08570c-trainer-0] step:2102/2315 train_time:528956ms step_avg:251.64ms
[training-job-1779886461-08570c-trainer-0] step:2103/2315 train_time:529209ms step_avg:251.64ms
[training-job-1779886461-08570c-trainer-0] step:2104/2315 train_time:529473ms step_avg:251.65ms
[training-job-1779886461-08570c-trainer-0] step:2105/2315 train_time:529713ms step_avg:251.64ms
[training-job-1779886461-08570c-trainer-0] step:2106/2315 train_time:529965ms step_avg:251.65ms
[training-job-1779886461-08570c-trainer-0] step:2107/2315 train_time:530236ms step_avg:251.65ms
[training-job-1779886461-08570c-trainer-0] step:2108/2315 train_time:530483ms step_avg:251.65ms
[training-job-1779886461-08570c-trainer-0] step:2109/2315 train_time:530740ms step_avg:251.65ms
[training-job-1779886461-08570c-trainer-0] step:2110/2315 train_time:530990ms step_avg:251.65ms
[training-job-1779886461-08570c-trainer-0] step:2111/2315 train_time:531238ms step_avg:251.65ms
[training-job-1779886461-08570c-trainer-0] step:2112/2315 train_time:531482ms step_avg:251.65ms
[training-job-1779886461-08570c-trainer-0] step:2113/2315 train_time:531735ms step_avg:251.65ms
[training-job-1779886461-08570c-trainer-0] step:2114/2315 train_time:531979ms step_avg:251.65ms
[training-job-1779886461-08570c-trainer-0] step:2115/2315 train_time:532238ms step_avg:251.65ms
[training-job-1779886461-08570c-trainer-0] step:2116/2315 train_time:532483ms step_avg:251.65ms
[training-job-1779886461-08570c-trainer-0] step:2117/2315 train_time:532740ms step_avg:251.65ms
[training-job-1779886461-08570c-trainer-0] step:2118/2315 train_time:532991ms step_avg:251.65ms
[training-job-1779886461-08570c-trainer-0] step:2119/2315 train_time:533248ms step_avg:251.65ms
[training-job-1779886461-08570c-trainer-0] step:2120/2315 train_time:533495ms step_avg:251.65ms
[training-job-1779886461-08570c-trainer-0] step:2121/2315 train_time:533753ms step_avg:251.65ms
[training-job-1779886461-08570c-trainer-0] step:2122/2315 train_time:534002ms step_avg:251.65ms
[training-job-1779886461-08570c-trainer-0] step:2123/2315 train_time:534258ms step_avg:251.65ms
[training-job-1779886461-08570c-trainer-0] step:2124/2315 train_time:534507ms step_avg:251.65ms
[training-job-1779886461-08570c-trainer-0] step:2125/2315 train_time:534766ms step_avg:251.65ms
[training-job-1779886461-08570c-trainer-0] step:2126/2315 train_time:535016ms step_avg:251.65ms
[training-job-1779886461-08570c-trainer-0] step:2127/2315 train_time:535279ms step_avg:251.66ms
[training-job-1779886461-08570c-trainer-0] step:2128/2315 train_time:535523ms step_avg:251.66ms
[training-job-1779886461-08570c-trainer-0] step:2129/2315 train_time:535782ms step_avg:251.66ms
[training-job-1779886461-08570c-trainer-0] step:2130/2315 train_time:536029ms step_avg:251.66ms
[training-job-1779886461-08570c-trainer-0] step:2131/2315 train_time:536288ms step_avg:251.66ms
[training-job-1779886461-08570c-trainer-0] step:2132/2315 train_time:536536ms step_avg:251.66ms
[training-job-1779886461-08570c-trainer-0] step:2133/2315 train_time:536791ms step_avg:251.66ms
[training-job-1779886461-08570c-trainer-0] step:2134/2315 train_time:537039ms step_avg:251.66ms
[training-job-1779886461-08570c-trainer-0] step:2135/2315 train_time:537294ms step_avg:251.66ms
[training-job-1779886461-08570c-trainer-0] step:2136/2315 train_time:537540ms step_avg:251.66ms
[training-job-1779886461-08570c-trainer-0] step:2137/2315 train_time:537796ms step_avg:251.66ms
[training-job-1779886461-08570c-trainer-0] step:2138/2315 train_time:538047ms step_avg:251.66ms
[training-job-1779886461-08570c-trainer-0] step:2139/2315 train_time:538305ms step_avg:251.66ms
[training-job-1779886461-08570c-trainer-0] step:2140/2315 train_time:538551ms step_avg:251.66ms
[training-job-1779886461-08570c-trainer-0] step:2141/2315 train_time:538810ms step_avg:251.66ms
[training-job-1779886461-08570c-trainer-0] step:2142/2315 train_time:539072ms step_avg:251.67ms
[training-job-1779886461-08570c-trainer-0] step:2143/2315 train_time:539313ms step_avg:251.66ms
[training-job-1779886461-08570c-trainer-0] step:2144/2315 train_time:539560ms step_avg:251.66ms
[training-job-1779886461-08570c-trainer-0] step:2145/2315 train_time:539819ms step_avg:251.66ms
[training-job-1779886461-08570c-trainer-0] step:2146/2315 train_time:540068ms step_avg:251.66ms
[training-job-1779886461-08570c-trainer-0] step:2147/2315 train_time:540328ms step_avg:251.67ms
[training-job-1779886461-08570c-trainer-0] step:2148/2315 train_time:540577ms step_avg:251.67ms
[training-job-1779886461-08570c-trainer-0] step:2149/2315 train_time:540834ms step_avg:251.67ms
[training-job-1779886461-08570c-trainer-0] step:2150/2315 train_time:541080ms step_avg:251.66ms
[training-job-1779886461-08570c-trainer-0] step:2151/2315 train_time:541338ms step_avg:251.67ms
[training-job-1779886461-08570c-trainer-0] step:2152/2315 train_time:541583ms step_avg:251.66ms
[training-job-1779886461-08570c-trainer-0] step:2153/2315 train_time:541839ms step_avg:251.67ms
[training-job-1779886461-08570c-trainer-0] step:2154/2315 train_time:542084ms step_avg:251.66ms
[training-job-1779886461-08570c-trainer-0] step:2155/2315 train_time:542342ms step_avg:251.67ms
[training-job-1779886461-08570c-trainer-0] step:2156/2315 train_time:542590ms step_avg:251.66ms
[training-job-1779886461-08570c-trainer-0] step:2157/2315 train_time:542853ms step_avg:251.67ms
[training-job-1779886461-08570c-trainer-0] step:2158/2315 train_time:543099ms step_avg:251.67ms
[training-job-1779886461-08570c-trainer-0] step:2159/2315 train_time:543358ms step_avg:251.67ms
[training-job-1779886461-08570c-trainer-0] step:2160/2315 train_time:543604ms step_avg:251.67ms
[training-job-1779886461-08570c-trainer-0] step:2161/2315 train_time:543865ms step_avg:251.67ms
[training-job-1779886461-08570c-trainer-0] step:2162/2315 train_time:544110ms step_avg:251.67ms
[training-job-1779886461-08570c-trainer-0] step:2163/2315 train_time:544370ms step_avg:251.67ms
[training-job-1779886461-08570c-trainer-0] step:2164/2315 train_time:544617ms step_avg:251.67ms
[training-job-1779886461-08570c-trainer-0] step:2165/2315 train_time:544873ms step_avg:251.67ms
[training-job-1779886461-08570c-trainer-0] step:2166/2315 train_time:545122ms step_avg:251.67ms
[training-job-1779886461-08570c-trainer-0] step:2167/2315 train_time:545378ms step_avg:251.67ms
[training-job-1779886461-08570c-trainer-0] step:2168/2315 train_time:545629ms step_avg:251.67ms
[training-job-1779886461-08570c-trainer-0] step:2169/2315 train_time:545886ms step_avg:251.68ms
[training-job-1779886461-08570c-trainer-0] step:2170/2315 train_time:546138ms step_avg:251.68ms
[training-job-1779886461-08570c-trainer-0] step:2171/2315 train_time:546393ms step_avg:251.68ms
[training-job-1779886461-08570c-trainer-0] step:2172/2315 train_time:546651ms step_avg:251.68ms
[training-job-1779886461-08570c-trainer-0] step:2173/2315 train_time:546896ms step_avg:251.68ms
[training-job-1779886461-08570c-trainer-0] step:2174/2315 train_time:547143ms step_avg:251.68ms
[training-job-1779886461-08570c-trainer-0] step:2175/2315 train_time:547401ms step_avg:251.68ms
[training-job-1779886461-08570c-trainer-0] step:2176/2315 train_time:547657ms step_avg:251.68ms
[training-job-1779886461-08570c-trainer-0] step:2177/2315 train_time:547913ms step_avg:251.68ms
[training-job-1779886461-08570c-trainer-0] step:2178/2315 train_time:548159ms step_avg:251.68ms
[training-job-1779886461-08570c-trainer-0] step:2179/2315 train_time:548418ms step_avg:251.68ms
[training-job-1779886461-08570c-trainer-0] step:2180/2315 train_time:548672ms step_avg:251.68ms
[training-job-1779886461-08570c-trainer-0] step:2181/2315 train_time:548927ms step_avg:251.69ms
[training-job-1779886461-08570c-trainer-0] step:2182/2315 train_time:549173ms step_avg:251.68ms
[training-job-1779886461-08570c-trainer-0] step:2183/2315 train_time:549433ms step_avg:251.69ms
[training-job-1779886461-08570c-trainer-0] step:2184/2315 train_time:549690ms step_avg:251.69ms
[training-job-1779886461-08570c-trainer-0] step:2185/2315 train_time:549948ms step_avg:251.69ms
[training-job-1779886461-08570c-trainer-0] step:2186/2315 train_time:550203ms step_avg:251.69ms
[training-job-1779886461-08570c-trainer-0] step:2187/2315 train_time:550448ms step_avg:251.69ms
[training-job-1779886461-08570c-trainer-0] step:2188/2315 train_time:550691ms step_avg:251.69ms
[training-job-1779886461-08570c-trainer-0] step:2189/2315 train_time:550946ms step_avg:251.69ms
[training-job-1779886461-08570c-trainer-0] step:2190/2315 train_time:551191ms step_avg:251.69ms
[training-job-1779886461-08570c-trainer-0] step:2191/2315 train_time:551452ms step_avg:251.69ms
[training-job-1779886461-08570c-trainer-0] step:2192/2315 train_time:551700ms step_avg:251.69ms
[training-job-1779886461-08570c-trainer-0] step:2193/2315 train_time:551959ms step_avg:251.69ms
[training-job-1779886461-08570c-trainer-0] step:2194/2315 train_time:552207ms step_avg:251.69ms
[training-job-1779886461-08570c-trainer-0] step:2195/2315 train_time:552462ms step_avg:251.69ms
[training-job-1779886461-08570c-trainer-0] step:2196/2315 train_time:552712ms step_avg:251.69ms
[training-job-1779886461-08570c-trainer-0] step:2197/2315 train_time:552974ms step_avg:251.70ms
[training-job-1779886461-08570c-trainer-0] step:2198/2315 train_time:553222ms step_avg:251.69ms
[training-job-1779886461-08570c-trainer-0] step:2199/2315 train_time:553480ms step_avg:251.70ms
[training-job-1779886461-08570c-trainer-0] step:2200/2315 train_time:553728ms step_avg:251.69ms
[training-job-1779886461-08570c-trainer-0] step:2201/2315 train_time:553984ms step_avg:251.70ms
[training-job-1779886461-08570c-trainer-0] step:2202/2315 train_time:554233ms step_avg:251.70ms
[training-job-1779886461-08570c-trainer-0] step:2203/2315 train_time:554487ms step_avg:251.70ms
[training-job-1779886461-08570c-trainer-0] step:2204/2315 train_time:554735ms step_avg:251.69ms
[training-job-1779886461-08570c-trainer-0] step:2205/2315 train_time:554987ms step_avg:251.69ms
[training-job-1779886461-08570c-trainer-0] step:2206/2315 train_time:555236ms step_avg:251.69ms
[training-job-1779886461-08570c-trainer-0] step:2207/2315 train_time:555490ms step_avg:251.69ms
[training-job-1779886461-08570c-trainer-0] step:2208/2315 train_time:555736ms step_avg:251.69ms
[training-job-1779886461-08570c-trainer-0] step:2209/2315 train_time:555992ms step_avg:251.69ms
[training-job-1779886461-08570c-trainer-0] step:2210/2315 train_time:556242ms step_avg:251.69ms
[training-job-1779886461-08570c-trainer-0] step:2211/2315 train_time:556497ms step_avg:251.69ms
[training-job-1779886461-08570c-trainer-0] step:2212/2315 train_time:556745ms step_avg:251.69ms
[training-job-1779886461-08570c-trainer-0] step:2213/2315 train_time:557002ms step_avg:251.70ms
[training-job-1779886461-08570c-trainer-0] step:2214/2315 train_time:557247ms step_avg:251.69ms
[training-job-1779886461-08570c-trainer-0] step:2215/2315 train_time:557503ms step_avg:251.69ms
[training-job-1779886461-08570c-trainer-0] step:2216/2315 train_time:557752ms step_avg:251.69ms
[training-job-1779886461-08570c-trainer-0] step:2217/2315 train_time:558011ms step_avg:251.70ms
[training-job-1779886461-08570c-trainer-0] step:2218/2315 train_time:558257ms step_avg:251.69ms
[training-job-1779886461-08570c-trainer-0] step:2219/2315 train_time:558515ms step_avg:251.70ms
[training-job-1779886461-08570c-trainer-0] step:2220/2315 train_time:558767ms step_avg:251.70ms
[training-job-1779886461-08570c-trainer-0] step:2221/2315 train_time:559025ms step_avg:251.70ms
[training-job-1779886461-08570c-trainer-0] step:2222/2315 train_time:559277ms step_avg:251.70ms
[training-job-1779886461-08570c-trainer-0] step:2223/2315 train_time:559531ms step_avg:251.70ms
[training-job-1779886461-08570c-trainer-0] step:2224/2315 train_time:559778ms step_avg:251.70ms
[training-job-1779886461-08570c-trainer-0] step:2225/2315 train_time:560040ms step_avg:251.70ms
[training-job-1779886461-08570c-trainer-0] step:2226/2315 train_time:560291ms step_avg:251.70ms
[training-job-1779886461-08570c-trainer-0] step:2227/2315 train_time:560548ms step_avg:251.71ms
[training-job-1779886461-08570c-trainer-0] step:2228/2315 train_time:560795ms step_avg:251.70ms
[training-job-1779886461-08570c-trainer-0] step:2229/2315 train_time:561051ms step_avg:251.71ms
[training-job-1779886461-08570c-trainer-0] step:2230/2315 train_time:561297ms step_avg:251.70ms
[training-job-1779886461-08570c-trainer-0] step:2231/2315 train_time:561555ms step_avg:251.71ms
[training-job-1779886461-08570c-trainer-0] step:2232/2315 train_time:561802ms step_avg:251.70ms
[training-job-1779886461-08570c-trainer-0] step:2233/2315 train_time:562061ms step_avg:251.71ms
[training-job-1779886461-08570c-trainer-0] step:2234/2315 train_time:562311ms step_avg:251.71ms
[training-job-1779886461-08570c-trainer-0] step:2235/2315 train_time:562568ms step_avg:251.71ms
[training-job-1779886461-08570c-trainer-0] step:2236/2315 train_time:562814ms step_avg:251.71ms
[training-job-1779886461-08570c-trainer-0] step:2237/2315 train_time:563071ms step_avg:251.71ms
[training-job-1779886461-08570c-trainer-0] step:2238/2315 train_time:563322ms step_avg:251.71ms
[training-job-1779886461-08570c-trainer-0] step:2239/2315 train_time:563585ms step_avg:251.71ms
[training-job-1779886461-08570c-trainer-0] step:2240/2315 train_time:563833ms step_avg:251.71ms
[training-job-1779886461-08570c-trainer-0] step:2241/2315 train_time:564089ms step_avg:251.71ms
[training-job-1779886461-08570c-trainer-0] step:2242/2315 train_time:564339ms step_avg:251.71ms
[training-job-1779886461-08570c-trainer-0] step:2243/2315 train_time:564598ms step_avg:251.72ms
[training-job-1779886461-08570c-trainer-0] step:2244/2315 train_time:564847ms step_avg:251.71ms
[training-job-1779886461-08570c-trainer-0] step:2245/2315 train_time:565105ms step_avg:251.72ms
[training-job-1779886461-08570c-trainer-0] step:2246/2315 train_time:565352ms step_avg:251.71ms
[training-job-1779886461-08570c-trainer-0] step:2247/2315 train_time:565608ms step_avg:251.72ms
[training-job-1779886461-08570c-trainer-0] step:2248/2315 train_time:565858ms step_avg:251.72ms
[training-job-1779886461-08570c-trainer-0] step:2249/2315 train_time:566118ms step_avg:251.72ms
[training-job-1779886461-08570c-trainer-0] step:2250/2315 train_time:566367ms step_avg:251.72ms
[training-job-1779886461-08570c-trainer-0] step:2250/2315 val_loss:3.2890 train_time:566545ms step_avg:251.80ms
[training-job-1779886461-08570c-trainer-0] step:2251/2315 train_time:566748ms step_avg:251.78ms
[training-job-1779886461-08570c-trainer-0] step:2252/2315 train_time:566982ms step_avg:251.77ms
[training-job-1779886461-08570c-trainer-0] step:2253/2315 train_time:567235ms step_avg:251.77ms
[training-job-1779886461-08570c-trainer-0] step:2254/2315 train_time:567488ms step_avg:251.77ms
[training-job-1779886461-08570c-trainer-0] step:2255/2315 train_time:567736ms step_avg:251.77ms
[training-job-1779886461-08570c-trainer-0] step:2256/2315 train_time:567987ms step_avg:251.77ms
[training-job-1779886461-08570c-trainer-0] step:2257/2315 train_time:568243ms step_avg:251.77ms
[training-job-1779886461-08570c-trainer-0] step:2258/2315 train_time:568489ms step_avg:251.77ms
[training-job-1779886461-08570c-trainer-0] step:2259/2315 train_time:568746ms step_avg:251.77ms
[training-job-1779886461-08570c-trainer-0] step:2260/2315 train_time:568991ms step_avg:251.77ms
[training-job-1779886461-08570c-trainer-0] step:2261/2315 train_time:569247ms step_avg:251.77ms
[training-job-1779886461-08570c-trainer-0] step:2262/2315 train_time:569495ms step_avg:251.77ms
[training-job-1779886461-08570c-trainer-0] step:2263/2315 train_time:569751ms step_avg:251.77ms
[training-job-1779886461-08570c-trainer-0] step:2264/2315 train_time:570001ms step_avg:251.77ms
[training-job-1779886461-08570c-trainer-0] step:2265/2315 train_time:570260ms step_avg:251.77ms
[training-job-1779886461-08570c-trainer-0] step:2266/2315 train_time:570513ms step_avg:251.77ms
[training-job-1779886461-08570c-trainer-0] step:2267/2315 train_time:570769ms step_avg:251.77ms
[training-job-1779886461-08570c-trainer-0] step:2268/2315 train_time:571013ms step_avg:251.77ms
[training-job-1779886461-08570c-trainer-0] step:2269/2315 train_time:571268ms step_avg:251.77ms
[training-job-1779886461-08570c-trainer-0] step:2270/2315 train_time:571514ms step_avg:251.77ms
[training-job-1779886461-08570c-trainer-0] step:2271/2315 train_time:571774ms step_avg:251.77ms
[training-job-1779886461-08570c-trainer-0] step:2272/2315 train_time:572020ms step_avg:251.77ms
[training-job-1779886461-08570c-trainer-0] step:2273/2315 train_time:572276ms step_avg:251.77ms
[training-job-1779886461-08570c-trainer-0] step:2274/2315 train_time:572524ms step_avg:251.77ms
[training-job-1779886461-08570c-trainer-0] step:2275/2315 train_time:572779ms step_avg:251.77ms
[training-job-1779886461-08570c-trainer-0] step:2276/2315 train_time:573027ms step_avg:251.77ms
[training-job-1779886461-08570c-trainer-0] step:2277/2315 train_time:573282ms step_avg:251.77ms
[training-job-1779886461-08570c-trainer-0] step:2278/2315 train_time:573530ms step_avg:251.77ms
[training-job-1779886461-08570c-trainer-0] step:2279/2315 train_time:573787ms step_avg:251.77ms
[training-job-1779886461-08570c-trainer-0] step:2280/2315 train_time:574032ms step_avg:251.77ms
[training-job-1779886461-08570c-trainer-0] step:2281/2315 train_time:574288ms step_avg:251.77ms
[training-job-1779886461-08570c-trainer-0] step:2282/2315 train_time:574536ms step_avg:251.77ms
[training-job-1779886461-08570c-trainer-0] step:2283/2315 train_time:574793ms step_avg:251.77ms
[training-job-1779886461-08570c-trainer-0] step:2284/2315 train_time:575042ms step_avg:251.77ms
[training-job-1779886461-08570c-trainer-0] step:2285/2315 train_time:575304ms step_avg:251.77ms
[training-job-1779886461-08570c-trainer-0] step:2286/2315 train_time:575548ms step_avg:251.77ms
[training-job-1779886461-08570c-trainer-0] step:2287/2315 train_time:575806ms step_avg:251.77ms
[training-job-1779886461-08570c-trainer-0] step:2288/2315 train_time:576053ms step_avg:251.77ms
[training-job-1779886461-08570c-trainer-0] step:2289/2315 train_time:576308ms step_avg:251.77ms
[training-job-1779886461-08570c-trainer-0] step:2290/2315 train_time:576555ms step_avg:251.77ms
[training-job-1779886461-08570c-trainer-0] step:2291/2315 train_time:576816ms step_avg:251.77ms
[training-job-1779886461-08570c-trainer-0] step:2292/2315 train_time:577063ms step_avg:251.77ms
[training-job-1779886461-08570c-trainer-0] step:2293/2315 train_time:577324ms step_avg:251.78ms
[training-job-1779886461-08570c-trainer-0] step:2294/2315 train_time:577573ms step_avg:251.78ms
[training-job-1779886461-08570c-trainer-0] step:2295/2315 train_time:577830ms step_avg:251.78ms
[training-job-1779886461-08570c-trainer-0] step:2296/2315 train_time:578075ms step_avg:251.77ms
[training-job-1779886461-08570c-trainer-0] step:2297/2315 train_time:578336ms step_avg:251.78ms
[training-job-1779886461-08570c-trainer-0] step:2298/2315 train_time:578584ms step_avg:251.78ms
[training-job-1779886461-08570c-trainer-0] step:2299/2315 train_time:578839ms step_avg:251.78ms
[training-job-1779886461-08570c-trainer-0] step:2300/2315 train_time:579088ms step_avg:251.78ms
[training-job-1779886461-08570c-trainer-0] step:2301/2315 train_time:579346ms step_avg:251.78ms
[training-job-1779886461-08570c-trainer-0] step:2302/2315 train_time:579596ms step_avg:251.78ms
[training-job-1779886461-08570c-trainer-0] step:2303/2315 train_time:579855ms step_avg:251.78ms
[training-job-1779886461-08570c-trainer-0] step:2304/2315 train_time:580104ms step_avg:251.78ms
[training-job-1779886461-08570c-trainer-0] step:2305/2315 train_time:580360ms step_avg:251.78ms
[training-job-1779886461-08570c-trainer-0] step:2306/2315 train_time:580604ms step_avg:251.78ms
[training-job-1779886461-08570c-trainer-0] step:2307/2315 train_time:580861ms step_avg:251.78ms
[training-job-1779886461-08570c-trainer-0] step:2308/2315 train_time:581107ms step_avg:251.78ms
[training-job-1779886461-08570c-trainer-0] step:2309/2315 train_time:581365ms step_avg:251.78ms
[training-job-1779886461-08570c-trainer-0] step:2310/2315 train_time:581614ms step_avg:251.78ms
[training-job-1779886461-08570c-trainer-0] step:2311/2315 train_time:581872ms step_avg:251.78ms
[training-job-1779886461-08570c-trainer-0] step:2312/2315 train_time:582120ms step_avg:251.78ms
[training-job-1779886461-08570c-trainer-0] step:2313/2315 train_time:582377ms step_avg:251.78ms
[training-job-1779886461-08570c-trainer-0] step:2314/2315 train_time:582622ms step_avg:251.78ms
[training-job-1779886461-08570c-trainer-0] step:2315/2315 train_time:582876ms step_avg:251.78ms
[training-job-1779886461-08570c-trainer-0] step:2315/2315 val_loss:3.2761 train_time:583047ms step_avg:251.86ms
[training-job-1779886461-08570c-trainer-0] peak memory allocated: 20518 MiB reserved: 22434 MiB
[training-job-1779886461-08570c-trainer-0] total training time: 583.05s (583047ms)
[training-job-1779886461-08570c-trainer-0] === Done. Exit code: 0 ===
