[training-job-1779887276-390f26-trainer-0] step:2021/2315 train_time:506533ms step_avg:250.64ms
[training-job-1779887276-390f26-trainer-0] step:2022/2315 train_time:506780ms step_avg:250.63ms
[training-job-1779887276-390f26-trainer-0] step:2023/2315 train_time:507039ms step_avg:250.64ms
[training-job-1779887276-390f26-trainer-0] step:2024/2315 train_time:507289ms step_avg:250.64ms
[training-job-1779887276-390f26-trainer-0] step:2025/2315 train_time:507535ms step_avg:250.63ms
[training-job-1779887276-390f26-trainer-0] step:2026/2315 train_time:507784ms step_avg:250.63ms
[training-job-1779887276-390f26-trainer-0] step:2027/2315 train_time:508039ms step_avg:250.64ms
[training-job-1779887276-390f26-trainer-0] step:2028/2315 train_time:508287ms step_avg:250.63ms
[training-job-1779887276-390f26-trainer-0] step:2029/2315 train_time:508535ms step_avg:250.63ms
[training-job-1779887276-390f26-trainer-0] step:2030/2315 train_time:508786ms step_avg:250.63ms
[training-job-1779887276-390f26-trainer-0] step:2031/2315 train_time:509043ms step_avg:250.64ms
[training-job-1779887276-390f26-trainer-0] step:2032/2315 train_time:509288ms step_avg:250.63ms
[training-job-1779887276-390f26-trainer-0] step:2033/2315 train_time:509544ms step_avg:250.64ms
[training-job-1779887276-390f26-trainer-0] step:2034/2315 train_time:509793ms step_avg:250.64ms
[training-job-1779887276-390f26-trainer-0] step:2035/2315 train_time:510050ms step_avg:250.64ms
[training-job-1779887276-390f26-trainer-0] step:2036/2315 train_time:510294ms step_avg:250.64ms
[training-job-1779887276-390f26-trainer-0] step:2037/2315 train_time:510549ms step_avg:250.64ms
[training-job-1779887276-390f26-trainer-0] step:2038/2315 train_time:510798ms step_avg:250.64ms
[training-job-1779887276-390f26-trainer-0] step:2039/2315 train_time:511055ms step_avg:250.64ms
[training-job-1779887276-390f26-trainer-0] step:2040/2315 train_time:511298ms step_avg:250.64ms
[training-job-1779887276-390f26-trainer-0] step:2041/2315 train_time:511554ms step_avg:250.64ms
[training-job-1779887276-390f26-trainer-0] step:2042/2315 train_time:511801ms step_avg:250.64ms
[training-job-1779887276-390f26-trainer-0] step:2043/2315 train_time:512059ms step_avg:250.64ms
[training-job-1779887276-390f26-trainer-0] step:2044/2315 train_time:512305ms step_avg:250.64ms
[training-job-1779887276-390f26-trainer-0] step:2045/2315 train_time:512561ms step_avg:250.64ms
[training-job-1779887276-390f26-trainer-0] step:2046/2315 train_time:512811ms step_avg:250.64ms
[training-job-1779887276-390f26-trainer-0] step:2047/2315 train_time:513066ms step_avg:250.64ms
[training-job-1779887276-390f26-trainer-0] step:2048/2315 train_time:513311ms step_avg:250.64ms
[training-job-1779887276-390f26-trainer-0] step:2049/2315 train_time:513572ms step_avg:250.65ms
[training-job-1779887276-390f26-trainer-0] step:2050/2315 train_time:513822ms step_avg:250.64ms
[training-job-1779887276-390f26-trainer-0] step:2051/2315 train_time:514076ms step_avg:250.65ms
[training-job-1779887276-390f26-trainer-0] step:2052/2315 train_time:514323ms step_avg:250.64ms
[training-job-1779887276-390f26-trainer-0] step:2053/2315 train_time:514578ms step_avg:250.65ms
[training-job-1779887276-390f26-trainer-0] step:2054/2315 train_time:514824ms step_avg:250.64ms
[training-job-1779887276-390f26-trainer-0] step:2055/2315 train_time:515083ms step_avg:250.65ms
[training-job-1779887276-390f26-trainer-0] step:2056/2315 train_time:515329ms step_avg:250.65ms
[training-job-1779887276-390f26-trainer-0] step:2057/2315 train_time:515591ms step_avg:250.65ms
[training-job-1779887276-390f26-trainer-0] step:2058/2315 train_time:515839ms step_avg:250.65ms
[training-job-1779887276-390f26-trainer-0] step:2059/2315 train_time:516093ms step_avg:250.65ms
[training-job-1779887276-390f26-trainer-0] step:2060/2315 train_time:516336ms step_avg:250.65ms
[training-job-1779887276-390f26-trainer-0] step:2061/2315 train_time:516591ms step_avg:250.65ms
[training-job-1779887276-390f26-trainer-0] step:2062/2315 train_time:516838ms step_avg:250.65ms
[training-job-1779887276-390f26-trainer-0] step:2063/2315 train_time:517090ms step_avg:250.65ms
[training-job-1779887276-390f26-trainer-0] step:2064/2315 train_time:517341ms step_avg:250.65ms
[training-job-1779887276-390f26-trainer-0] step:2065/2315 train_time:517597ms step_avg:250.65ms
[training-job-1779887276-390f26-trainer-0] step:2066/2315 train_time:517844ms step_avg:250.65ms
[training-job-1779887276-390f26-trainer-0] step:2067/2315 train_time:518104ms step_avg:250.66ms
[training-job-1779887276-390f26-trainer-0] step:2068/2315 train_time:518355ms step_avg:250.66ms
[training-job-1779887276-390f26-trainer-0] step:2069/2315 train_time:518613ms step_avg:250.66ms
[training-job-1779887276-390f26-trainer-0] step:2070/2315 train_time:518858ms step_avg:250.66ms
[training-job-1779887276-390f26-trainer-0] step:2071/2315 train_time:519110ms step_avg:250.66ms
[training-job-1779887276-390f26-trainer-0] step:2072/2315 train_time:519358ms step_avg:250.66ms
[training-job-1779887276-390f26-trainer-0] step:2073/2315 train_time:519611ms step_avg:250.66ms
[training-job-1779887276-390f26-trainer-0] step:2074/2315 train_time:519858ms step_avg:250.66ms
[training-job-1779887276-390f26-trainer-0] step:2075/2315 train_time:520114ms step_avg:250.66ms
[training-job-1779887276-390f26-trainer-0] step:2076/2315 train_time:520362ms step_avg:250.66ms
[training-job-1779887276-390f26-trainer-0] step:2077/2315 train_time:520613ms step_avg:250.66ms
[training-job-1779887276-390f26-trainer-0] step:2078/2315 train_time:520862ms step_avg:250.66ms
[training-job-1779887276-390f26-trainer-0] step:2079/2315 train_time:521119ms step_avg:250.66ms
[training-job-1779887276-390f26-trainer-0] step:2080/2315 train_time:521365ms step_avg:250.66ms
[training-job-1779887276-390f26-trainer-0] step:2081/2315 train_time:521624ms step_avg:250.66ms
[training-job-1779887276-390f26-trainer-0] step:2082/2315 train_time:521871ms step_avg:250.66ms
[training-job-1779887276-390f26-trainer-0] step:2083/2315 train_time:522128ms step_avg:250.66ms
[training-job-1779887276-390f26-trainer-0] step:2084/2315 train_time:522376ms step_avg:250.66ms
[training-job-1779887276-390f26-trainer-0] step:2085/2315 train_time:522633ms step_avg:250.66ms
[training-job-1779887276-390f26-trainer-0] step:2086/2315 train_time:522879ms step_avg:250.66ms
[training-job-1779887276-390f26-trainer-0] step:2087/2315 train_time:523135ms step_avg:250.66ms
[training-job-1779887276-390f26-trainer-0] step:2088/2315 train_time:523382ms step_avg:250.66ms
[training-job-1779887276-390f26-trainer-0] step:2089/2315 train_time:523639ms step_avg:250.66ms
[training-job-1779887276-390f26-trainer-0] step:2090/2315 train_time:523889ms step_avg:250.66ms
[training-job-1779887276-390f26-trainer-0] step:2091/2315 train_time:524149ms step_avg:250.67ms
[training-job-1779887276-390f26-trainer-0] step:2092/2315 train_time:524396ms step_avg:250.67ms
[training-job-1779887276-390f26-trainer-0] step:2093/2315 train_time:524650ms step_avg:250.67ms
[training-job-1779887276-390f26-trainer-0] step:2094/2315 train_time:524898ms step_avg:250.67ms
[training-job-1779887276-390f26-trainer-0] step:2095/2315 train_time:525155ms step_avg:250.67ms
[training-job-1779887276-390f26-trainer-0] step:2096/2315 train_time:525400ms step_avg:250.67ms
[training-job-1779887276-390f26-trainer-0] step:2097/2315 train_time:525655ms step_avg:250.67ms
[training-job-1779887276-390f26-trainer-0] step:2098/2315 train_time:525902ms step_avg:250.67ms
[training-job-1779887276-390f26-trainer-0] step:2099/2315 train_time:526159ms step_avg:250.67ms
[training-job-1779887276-390f26-trainer-0] step:2100/2315 train_time:526403ms step_avg:250.67ms
[training-job-1779887276-390f26-trainer-0] step:2101/2315 train_time:526662ms step_avg:250.67ms
[training-job-1779887276-390f26-trainer-0] step:2102/2315 train_time:526908ms step_avg:250.67ms
[training-job-1779887276-390f26-trainer-0] step:2103/2315 train_time:527163ms step_avg:250.67ms
[training-job-1779887276-390f26-trainer-0] step:2104/2315 train_time:527412ms step_avg:250.67ms
[training-job-1779887276-390f26-trainer-0] step:2105/2315 train_time:527665ms step_avg:250.67ms
[training-job-1779887276-390f26-trainer-0] step:2106/2315 train_time:527914ms step_avg:250.67ms
[training-job-1779887276-390f26-trainer-0] step:2107/2315 train_time:528170ms step_avg:250.67ms
[training-job-1779887276-390f26-trainer-0] step:2108/2315 train_time:528416ms step_avg:250.67ms
[training-job-1779887276-390f26-trainer-0] step:2109/2315 train_time:528675ms step_avg:250.68ms
[training-job-1779887276-390f26-trainer-0] step:2110/2315 train_time:528924ms step_avg:250.67ms
[training-job-1779887276-390f26-trainer-0] step:2111/2315 train_time:529181ms step_avg:250.68ms
[training-job-1779887276-390f26-trainer-0] step:2112/2315 train_time:529426ms step_avg:250.68ms
[training-job-1779887276-390f26-trainer-0] step:2113/2315 train_time:529681ms step_avg:250.68ms
[training-job-1779887276-390f26-trainer-0] step:2114/2315 train_time:529925ms step_avg:250.67ms
[training-job-1779887276-390f26-trainer-0] step:2115/2315 train_time:530186ms step_avg:250.68ms
[training-job-1779887276-390f26-trainer-0] step:2116/2315 train_time:530431ms step_avg:250.68ms
[training-job-1779887276-390f26-trainer-0] step:2117/2315 train_time:530686ms step_avg:250.68ms
[training-job-1779887276-390f26-trainer-0] step:2118/2315 train_time:530937ms step_avg:250.68ms
[training-job-1779887276-390f26-trainer-0] step:2119/2315 train_time:531194ms step_avg:250.68ms
[training-job-1779887276-390f26-trainer-0] step:2120/2315 train_time:531442ms step_avg:250.68ms
[training-job-1779887276-390f26-trainer-0] step:2121/2315 train_time:531700ms step_avg:250.68ms
[training-job-1779887276-390f26-trainer-0] step:2122/2315 train_time:531946ms step_avg:250.68ms
[training-job-1779887276-390f26-trainer-0] step:2123/2315 train_time:532201ms step_avg:250.68ms
[training-job-1779887276-390f26-trainer-0] step:2124/2315 train_time:532450ms step_avg:250.68ms
[training-job-1779887276-390f26-trainer-0] step:2125/2315 train_time:532708ms step_avg:250.69ms
[training-job-1779887276-390f26-trainer-0] step:2126/2315 train_time:532955ms step_avg:250.68ms
[training-job-1779887276-390f26-trainer-0] step:2127/2315 train_time:533216ms step_avg:250.69ms
[training-job-1779887276-390f26-trainer-0] step:2128/2315 train_time:533461ms step_avg:250.69ms
[training-job-1779887276-390f26-trainer-0] step:2129/2315 train_time:533718ms step_avg:250.69ms
[training-job-1779887276-390f26-trainer-0] step:2130/2315 train_time:533966ms step_avg:250.69ms
[training-job-1779887276-390f26-trainer-0] step:2131/2315 train_time:534223ms step_avg:250.69ms
[training-job-1779887276-390f26-trainer-0] step:2132/2315 train_time:534468ms step_avg:250.69ms
[training-job-1779887276-390f26-trainer-0] step:2133/2315 train_time:534723ms step_avg:250.69ms
[training-job-1779887276-390f26-trainer-0] step:2134/2315 train_time:534973ms step_avg:250.69ms
[training-job-1779887276-390f26-trainer-0] step:2135/2315 train_time:535228ms step_avg:250.69ms
[training-job-1779887276-390f26-trainer-0] step:2136/2315 train_time:535475ms step_avg:250.69ms
[training-job-1779887276-390f26-trainer-0] step:2137/2315 train_time:535731ms step_avg:250.69ms
[training-job-1779887276-390f26-trainer-0] step:2138/2315 train_time:535978ms step_avg:250.69ms
[training-job-1779887276-390f26-trainer-0] step:2139/2315 train_time:536234ms step_avg:250.69ms
[training-job-1779887276-390f26-trainer-0] step:2140/2315 train_time:536480ms step_avg:250.69ms
[training-job-1779887276-390f26-trainer-0] step:2141/2315 train_time:536737ms step_avg:250.69ms
[training-job-1779887276-390f26-trainer-0] step:2142/2315 train_time:536982ms step_avg:250.69ms
[training-job-1779887276-390f26-trainer-0] step:2143/2315 train_time:537240ms step_avg:250.70ms
[training-job-1779887276-390f26-trainer-0] step:2144/2315 train_time:537485ms step_avg:250.69ms
[training-job-1779887276-390f26-trainer-0] step:2145/2315 train_time:537745ms step_avg:250.70ms
[training-job-1779887276-390f26-trainer-0] step:2146/2315 train_time:537990ms step_avg:250.69ms
[training-job-1779887276-390f26-trainer-0] step:2147/2315 train_time:538248ms step_avg:250.70ms
[training-job-1779887276-390f26-trainer-0] step:2148/2315 train_time:538498ms step_avg:250.70ms
[training-job-1779887276-390f26-trainer-0] step:2149/2315 train_time:538755ms step_avg:250.70ms
[training-job-1779887276-390f26-trainer-0] step:2150/2315 train_time:539002ms step_avg:250.70ms
[training-job-1779887276-390f26-trainer-0] step:2151/2315 train_time:539262ms step_avg:250.70ms
[training-job-1779887276-390f26-trainer-0] step:2152/2315 train_time:539507ms step_avg:250.70ms
[training-job-1779887276-390f26-trainer-0] step:2153/2315 train_time:539764ms step_avg:250.70ms
[training-job-1779887276-390f26-trainer-0] step:2154/2315 train_time:540010ms step_avg:250.70ms
[training-job-1779887276-390f26-trainer-0] step:2155/2315 train_time:540263ms step_avg:250.70ms
[training-job-1779887276-390f26-trainer-0] step:2156/2315 train_time:540512ms step_avg:250.70ms
[training-job-1779887276-390f26-trainer-0] step:2157/2315 train_time:540771ms step_avg:250.70ms
[training-job-1779887276-390f26-trainer-0] step:2158/2315 train_time:541019ms step_avg:250.70ms
[training-job-1779887276-390f26-trainer-0] step:2159/2315 train_time:541276ms step_avg:250.71ms
[training-job-1779887276-390f26-trainer-0] step:2160/2315 train_time:541522ms step_avg:250.70ms
[training-job-1779887276-390f26-trainer-0] step:2161/2315 train_time:541781ms step_avg:250.71ms
[training-job-1779887276-390f26-trainer-0] step:2162/2315 train_time:542026ms step_avg:250.71ms
[training-job-1779887276-390f26-trainer-0] step:2163/2315 train_time:542282ms step_avg:250.71ms
[training-job-1779887276-390f26-trainer-0] step:2164/2315 train_time:542528ms step_avg:250.71ms
[training-job-1779887276-390f26-trainer-0] step:2165/2315 train_time:542787ms step_avg:250.71ms
[training-job-1779887276-390f26-trainer-0] step:2166/2315 train_time:543035ms step_avg:250.71ms
[training-job-1779887276-390f26-trainer-0] step:2167/2315 train_time:543290ms step_avg:250.71ms
[training-job-1779887276-390f26-trainer-0] step:2168/2315 train_time:543541ms step_avg:250.71ms
[training-job-1779887276-390f26-trainer-0] step:2169/2315 train_time:543795ms step_avg:250.71ms
[training-job-1779887276-390f26-trainer-0] step:2170/2315 train_time:544044ms step_avg:250.71ms
[training-job-1779887276-390f26-trainer-0] step:2171/2315 train_time:544300ms step_avg:250.71ms
[training-job-1779887276-390f26-trainer-0] step:2172/2315 train_time:544545ms step_avg:250.71ms
[training-job-1779887276-390f26-trainer-0] step:2173/2315 train_time:544800ms step_avg:250.71ms
[training-job-1779887276-390f26-trainer-0] step:2174/2315 train_time:545048ms step_avg:250.71ms
[training-job-1779887276-390f26-trainer-0] step:2175/2315 train_time:545306ms step_avg:250.72ms
[training-job-1779887276-390f26-trainer-0] step:2176/2315 train_time:545557ms step_avg:250.72ms
[training-job-1779887276-390f26-trainer-0] step:2177/2315 train_time:545813ms step_avg:250.72ms
[training-job-1779887276-390f26-trainer-0] step:2178/2315 train_time:546058ms step_avg:250.72ms
[training-job-1779887276-390f26-trainer-0] step:2179/2315 train_time:546316ms step_avg:250.72ms
[training-job-1779887276-390f26-trainer-0] step:2180/2315 train_time:546564ms step_avg:250.72ms
[training-job-1779887276-390f26-trainer-0] step:2181/2315 train_time:546822ms step_avg:250.72ms
[training-job-1779887276-390f26-trainer-0] step:2182/2315 train_time:547068ms step_avg:250.72ms
[training-job-1779887276-390f26-trainer-0] step:2183/2315 train_time:547326ms step_avg:250.72ms
[training-job-1779887276-390f26-trainer-0] step:2184/2315 train_time:547572ms step_avg:250.72ms
[training-job-1779887276-390f26-trainer-0] step:2185/2315 train_time:547827ms step_avg:250.72ms
[training-job-1779887276-390f26-trainer-0] step:2186/2315 train_time:548077ms step_avg:250.72ms
[training-job-1779887276-390f26-trainer-0] step:2187/2315 train_time:548329ms step_avg:250.72ms
[training-job-1779887276-390f26-trainer-0] step:2188/2315 train_time:548575ms step_avg:250.72ms
[training-job-1779887276-390f26-trainer-0] step:2189/2315 train_time:548829ms step_avg:250.72ms
[training-job-1779887276-390f26-trainer-0] step:2190/2315 train_time:549073ms step_avg:250.72ms
[training-job-1779887276-390f26-trainer-0] step:2191/2315 train_time:549334ms step_avg:250.72ms
[training-job-1779887276-390f26-trainer-0] step:2192/2315 train_time:549586ms step_avg:250.72ms
[training-job-1779887276-390f26-trainer-0] step:2193/2315 train_time:549840ms step_avg:250.73ms
[training-job-1779887276-390f26-trainer-0] step:2194/2315 train_time:550086ms step_avg:250.72ms
[training-job-1779887276-390f26-trainer-0] step:2195/2315 train_time:550342ms step_avg:250.73ms
[training-job-1779887276-390f26-trainer-0] step:2196/2315 train_time:550592ms step_avg:250.73ms
[training-job-1779887276-390f26-trainer-0] step:2197/2315 train_time:550847ms step_avg:250.73ms
[training-job-1779887276-390f26-trainer-0] step:2198/2315 train_time:551096ms step_avg:250.73ms
[training-job-1779887276-390f26-trainer-0] step:2199/2315 train_time:551353ms step_avg:250.73ms
[training-job-1779887276-390f26-trainer-0] step:2200/2315 train_time:551601ms step_avg:250.73ms
[training-job-1779887276-390f26-trainer-0] step:2201/2315 train_time:551853ms step_avg:250.73ms
[training-job-1779887276-390f26-trainer-0] step:2202/2315 train_time:552101ms step_avg:250.73ms
[training-job-1779887276-390f26-trainer-0] step:2203/2315 train_time:552353ms step_avg:250.73ms
[training-job-1779887276-390f26-trainer-0] step:2204/2315 train_time:552603ms step_avg:250.73ms
[training-job-1779887276-390f26-trainer-0] step:2205/2315 train_time:552859ms step_avg:250.73ms
[training-job-1779887276-390f26-trainer-0] step:2206/2315 train_time:553105ms step_avg:250.73ms
[training-job-1779887276-390f26-trainer-0] step:2207/2315 train_time:553363ms step_avg:250.73ms
[training-job-1779887276-390f26-trainer-0] step:2208/2315 train_time:553609ms step_avg:250.73ms
[training-job-1779887276-390f26-trainer-0] step:2209/2315 train_time:553862ms step_avg:250.73ms
[training-job-1779887276-390f26-trainer-0] step:2210/2315 train_time:554113ms step_avg:250.73ms
[training-job-1779887276-390f26-trainer-0] step:2211/2315 train_time:554368ms step_avg:250.73ms
[training-job-1779887276-390f26-trainer-0] step:2212/2315 train_time:554613ms step_avg:250.73ms
[training-job-1779887276-390f26-trainer-0] step:2213/2315 train_time:554871ms step_avg:250.73ms
[training-job-1779887276-390f26-trainer-0] step:2214/2315 train_time:555115ms step_avg:250.73ms
[training-job-1779887276-390f26-trainer-0] step:2215/2315 train_time:555370ms step_avg:250.73ms
[training-job-1779887276-390f26-trainer-0] step:2216/2315 train_time:555617ms step_avg:250.73ms
[training-job-1779887276-390f26-trainer-0] step:2217/2315 train_time:555875ms step_avg:250.73ms
[training-job-1779887276-390f26-trainer-0] step:2218/2315 train_time:556125ms step_avg:250.73ms
[training-job-1779887276-390f26-trainer-0] step:2219/2315 train_time:556382ms step_avg:250.74ms
[training-job-1779887276-390f26-trainer-0] step:2220/2315 train_time:556634ms step_avg:250.74ms
[training-job-1779887276-390f26-trainer-0] step:2221/2315 train_time:556891ms step_avg:250.74ms
[training-job-1779887276-390f26-trainer-0] step:2222/2315 train_time:557138ms step_avg:250.74ms
[training-job-1779887276-390f26-trainer-0] step:2223/2315 train_time:557392ms step_avg:250.74ms
[training-job-1779887276-390f26-trainer-0] step:2224/2315 train_time:557639ms step_avg:250.74ms
[training-job-1779887276-390f26-trainer-0] step:2225/2315 train_time:557897ms step_avg:250.74ms
[training-job-1779887276-390f26-trainer-0] step:2226/2315 train_time:558146ms step_avg:250.74ms
[training-job-1779887276-390f26-trainer-0] step:2227/2315 train_time:558402ms step_avg:250.74ms
[training-job-1779887276-390f26-trainer-0] step:2228/2315 train_time:558649ms step_avg:250.74ms
[training-job-1779887276-390f26-trainer-0] step:2229/2315 train_time:558906ms step_avg:250.74ms
[training-job-1779887276-390f26-trainer-0] step:2230/2315 train_time:559151ms step_avg:250.74ms
[training-job-1779887276-390f26-trainer-0] step:2231/2315 train_time:559411ms step_avg:250.74ms
[training-job-1779887276-390f26-trainer-0] step:2232/2315 train_time:559657ms step_avg:250.74ms
[training-job-1779887276-390f26-trainer-0] step:2233/2315 train_time:559915ms step_avg:250.75ms
[training-job-1779887276-390f26-trainer-0] step:2234/2315 train_time:560160ms step_avg:250.74ms
[training-job-1779887276-390f26-trainer-0] step:2235/2315 train_time:560417ms step_avg:250.75ms
[training-job-1779887276-390f26-trainer-0] step:2236/2315 train_time:560665ms step_avg:250.74ms
[training-job-1779887276-390f26-trainer-0] step:2237/2315 train_time:560921ms step_avg:250.75ms
[training-job-1779887276-390f26-trainer-0] step:2238/2315 train_time:561173ms step_avg:250.75ms
[training-job-1779887276-390f26-trainer-0] step:2239/2315 train_time:561429ms step_avg:250.75ms
[training-job-1779887276-390f26-trainer-0] step:2240/2315 train_time:561677ms step_avg:250.75ms
[training-job-1779887276-390f26-trainer-0] step:2241/2315 train_time:561933ms step_avg:250.75ms
[training-job-1779887276-390f26-trainer-0] step:2242/2315 train_time:562182ms step_avg:250.75ms
[training-job-1779887276-390f26-trainer-0] step:2243/2315 train_time:562438ms step_avg:250.75ms
[training-job-1779887276-390f26-trainer-0] step:2244/2315 train_time:562685ms step_avg:250.75ms
[training-job-1779887276-390f26-trainer-0] step:2245/2315 train_time:562942ms step_avg:250.75ms
[training-job-1779887276-390f26-trainer-0] step:2246/2315 train_time:563189ms step_avg:250.75ms
[training-job-1779887276-390f26-trainer-0] step:2247/2315 train_time:563444ms step_avg:250.75ms
[training-job-1779887276-390f26-trainer-0] step:2248/2315 train_time:563692ms step_avg:250.75ms
[training-job-1779887276-390f26-trainer-0] step:2249/2315 train_time:563948ms step_avg:250.75ms
[training-job-1779887276-390f26-trainer-0] step:2250/2315 train_time:564196ms step_avg:250.75ms
[training-job-1779887276-390f26-trainer-0] step:2250/2315 val_loss:3.2891 train_time:564373ms step_avg:250.83ms
[training-job-1779887276-390f26-trainer-0] step:2251/2315 train_time:564558ms step_avg:250.80ms
[training-job-1779887276-390f26-trainer-0] step:2252/2315 train_time:564794ms step_avg:250.80ms
[training-job-1779887276-390f26-trainer-0] step:2253/2315 train_time:565048ms step_avg:250.80ms
[training-job-1779887276-390f26-trainer-0] step:2254/2315 train_time:565311ms step_avg:250.80ms
[training-job-1779887276-390f26-trainer-0] step:2255/2315 train_time:565548ms step_avg:250.80ms
[training-job-1779887276-390f26-trainer-0] step:2256/2315 train_time:565792ms step_avg:250.79ms
[training-job-1779887276-390f26-trainer-0] step:2257/2315 train_time:566049ms step_avg:250.80ms
[training-job-1779887276-390f26-trainer-0] step:2258/2315 train_time:566294ms step_avg:250.79ms
[training-job-1779887276-390f26-trainer-0] step:2259/2315 train_time:566552ms step_avg:250.80ms
[training-job-1779887276-390f26-trainer-0] step:2260/2315 train_time:566801ms step_avg:250.80ms
[training-job-1779887276-390f26-trainer-0] step:2261/2315 train_time:567056ms step_avg:250.80ms
[training-job-1779887276-390f26-trainer-0] step:2262/2315 train_time:567317ms step_avg:250.80ms
[training-job-1779887276-390f26-trainer-0] step:2263/2315 train_time:567559ms step_avg:250.80ms
[training-job-1779887276-390f26-trainer-0] step:2264/2315 train_time:567812ms step_avg:250.80ms
[training-job-1779887276-390f26-trainer-0] step:2265/2315 train_time:568068ms step_avg:250.80ms
[training-job-1779887276-390f26-trainer-0] step:2266/2315 train_time:568313ms step_avg:250.80ms
[training-job-1779887276-390f26-trainer-0] step:2267/2315 train_time:568575ms step_avg:250.80ms
[training-job-1779887276-390f26-trainer-0] step:2268/2315 train_time:568826ms step_avg:250.81ms
[training-job-1779887276-390f26-trainer-0] step:2269/2315 train_time:569080ms step_avg:250.81ms
[training-job-1779887276-390f26-trainer-0] step:2270/2315 train_time:569328ms step_avg:250.81ms
[training-job-1779887276-390f26-trainer-0] step:2271/2315 train_time:569581ms step_avg:250.81ms
[training-job-1779887276-390f26-trainer-0] step:2272/2315 train_time:569829ms step_avg:250.81ms
[training-job-1779887276-390f26-trainer-0] step:2273/2315 train_time:570088ms step_avg:250.81ms
[training-job-1779887276-390f26-trainer-0] step:2274/2315 train_time:570335ms step_avg:250.81ms
[training-job-1779887276-390f26-trainer-0] step:2275/2315 train_time:570590ms step_avg:250.81ms
[training-job-1779887276-390f26-trainer-0] step:2276/2315 train_time:570838ms step_avg:250.81ms
[training-job-1779887276-390f26-trainer-0] step:2277/2315 train_time:571092ms step_avg:250.81ms
[training-job-1779887276-390f26-trainer-0] step:2278/2315 train_time:571340ms step_avg:250.81ms
[training-job-1779887276-390f26-trainer-0] step:2279/2315 train_time:571595ms step_avg:250.81ms
[training-job-1779887276-390f26-trainer-0] step:2280/2315 train_time:571839ms step_avg:250.81ms
[training-job-1779887276-390f26-trainer-0] step:2281/2315 train_time:572096ms step_avg:250.81ms
[training-job-1779887276-390f26-trainer-0] step:2282/2315 train_time:572348ms step_avg:250.81ms
[training-job-1779887276-390f26-trainer-0] step:2283/2315 train_time:572606ms step_avg:250.81ms
[training-job-1779887276-390f26-trainer-0] step:2284/2315 train_time:572854ms step_avg:250.81ms
[training-job-1779887276-390f26-trainer-0] step:2285/2315 train_time:573107ms step_avg:250.81ms
[training-job-1779887276-390f26-trainer-0] step:2286/2315 train_time:573352ms step_avg:250.81ms
[training-job-1779887276-390f26-trainer-0] step:2287/2315 train_time:573608ms step_avg:250.81ms
[training-job-1779887276-390f26-trainer-0] step:2288/2315 train_time:573855ms step_avg:250.81ms
[training-job-1779887276-390f26-trainer-0] step:2289/2315 train_time:574109ms step_avg:250.81ms
[training-job-1779887276-390f26-trainer-0] step:2290/2315 train_time:574360ms step_avg:250.81ms
[training-job-1779887276-390f26-trainer-0] step:2291/2315 train_time:574619ms step_avg:250.82ms
[training-job-1779887276-390f26-trainer-0] step:2292/2315 train_time:574860ms step_avg:250.81ms
[training-job-1779887276-390f26-trainer-0] step:2293/2315 train_time:575121ms step_avg:250.82ms
[training-job-1779887276-390f26-trainer-0] step:2294/2315 train_time:575368ms step_avg:250.81ms
[training-job-1779887276-390f26-trainer-0] step:2295/2315 train_time:575626ms step_avg:250.82ms
[training-job-1779887276-390f26-trainer-0] step:2296/2315 train_time:575871ms step_avg:250.81ms
[training-job-1779887276-390f26-trainer-0] step:2297/2315 train_time:576128ms step_avg:250.82ms
[training-job-1779887276-390f26-trainer-0] step:2298/2315 train_time:576375ms step_avg:250.82ms
[training-job-1779887276-390f26-trainer-0] step:2299/2315 train_time:576632ms step_avg:250.82ms
[training-job-1779887276-390f26-trainer-0] step:2300/2315 train_time:576879ms step_avg:250.82ms
[training-job-1779887276-390f26-trainer-0] step:2301/2315 train_time:577135ms step_avg:250.82ms
[training-job-1779887276-390f26-trainer-0] step:2302/2315 train_time:577381ms step_avg:250.82ms
[training-job-1779887276-390f26-trainer-0] step:2303/2315 train_time:577638ms step_avg:250.82ms
[training-job-1779887276-390f26-trainer-0] step:2304/2315 train_time:577885ms step_avg:250.82ms
[training-job-1779887276-390f26-trainer-0] step:2305/2315 train_time:578140ms step_avg:250.82ms
[training-job-1779887276-390f26-trainer-0] step:2306/2315 train_time:578385ms step_avg:250.82ms
[training-job-1779887276-390f26-trainer-0] step:2307/2315 train_time:578642ms step_avg:250.82ms
[training-job-1779887276-390f26-trainer-0] step:2308/2315 train_time:578889ms step_avg:250.82ms
[training-job-1779887276-390f26-trainer-0] step:2309/2315 train_time:579147ms step_avg:250.82ms
[training-job-1779887276-390f26-trainer-0] step:2310/2315 train_time:579396ms step_avg:250.82ms
[training-job-1779887276-390f26-trainer-0] step:2311/2315 train_time:579651ms step_avg:250.82ms
[training-job-1779887276-390f26-trainer-0] step:2312/2315 train_time:579908ms step_avg:250.83ms
[training-job-1779887276-390f26-trainer-0] step:2313/2315 train_time:580166ms step_avg:250.83ms
[training-job-1779887276-390f26-trainer-0] step:2314/2315 train_time:580413ms step_avg:250.83ms
[training-job-1779887276-390f26-trainer-0] step:2315/2315 train_time:580655ms step_avg:250.82ms
[training-job-1779887276-390f26-trainer-0] step:2315/2315 val_loss:3.2764 train_time:580826ms step_avg:250.90ms
[training-job-1779887276-390f26-trainer-0] peak memory allocated: 20518 MiB reserved: 22434 MiB
[training-job-1779887276-390f26-trainer-0] total training time: 580.83s (580826ms)
[training-job-1779887276-390f26-trainer-0] === Done. Exit code: 0 ===
