=== Environment ===
SEED=101
NPROC=16
PYTHON=/root/miniconda3/envs/llm_test/bin/python
DATA_PATH=/models/modded-nanogpt_record50_cautious_wd
TRAIN_SCRIPT=/models/modded-nanogpt_record50_cautious_wd/npu_bench/record_033_async_data_attn_final_window/agent_outputs/default_agent/npu_port/train_gpt.py
Python 3.10.19
===================
W0527 17:51:54.509000 272 site-packages/torch/distributed/run.py:766] 
W0527 17:51:54.509000 272 site-packages/torch/distributed/run.py:766] *****************************************
W0527 17:51:54.509000 272 site-packages/torch/distributed/run.py:766] Setting OMP_NUM_THREADS environment variable for each process to be 1 in default, to avoid your system being overloaded, please further tune the variable for optimal performance in your application as needed. 
W0527 17:51:54.509000 272 site-packages/torch/distributed/run.py:766] *****************************************
/root/miniconda3/envs/llm_test/lib/python3.10/site-packages/torch/autograd/__init__.py:221: UserWarning: Cannot create tensor with interal format while allow_internel_format=False, tensor will be created with base format. (Triggered internally at build/CMakeFiles/torch_npu.dir/compiler_depend.ts:338.)
  torch.ones_like(out, memory_format=torch.preserve_format)
/root/miniconda3/envs/llm_test/lib/python3.10/site-packages/torch/distributed/distributed_c10d.py:4631: UserWarning: No device id is provided via `init_process_group` or `barrier `. Using the current device set by the user. 
  warnings.warn(  # warn only once
/root/miniconda3/envs/llm_test/lib/python3.10/site-packages/torch/autograd/__init__.py:221: UserWarning: Cannot create tensor with interal format while allow_internel_format=False, tensor will be created with base format. (Triggered internally at build/CMakeFiles/torch_npu.dir/compiler_depend.ts:338.)
  torch.ones_like(out, memory_format=torch.preserve_format)
/root/miniconda3/envs/llm_test/lib/python3.10/site-packages/torch/autograd/__init__.py:221: UserWarning: Cannot create tensor with interal format while allow_internel_format=False, tensor will be created with base format. (Triggered internally at build/CMakeFiles/torch_npu.dir/compiler_depend.ts:338.)
  torch.ones_like(out, memory_format=torch.preserve_format)
/root/miniconda3/envs/llm_test/lib/python3.10/site-packages/torch/autograd/__init__.py:221: UserWarning: Cannot create tensor with interal format while allow_internel_format=False, tensor will be created with base format. (Triggered internally at build/CMakeFiles/torch_npu.dir/compiler_depend.ts:338.)
  torch.ones_like(out, memory_format=torch.preserve_format)
/root/miniconda3/envs/llm_test/lib/python3.10/site-packages/torch/autograd/__init__.py:221: UserWarning: Cannot create tensor with interal format while allow_internel_format=False, tensor will be created with base format. (Triggered internally at build/CMakeFiles/torch_npu.dir/compiler_depend.ts:338.)
  torch.ones_like(out, memory_format=torch.preserve_format)
/root/miniconda3/envs/llm_test/lib/python3.10/site-packages/torch/autograd/__init__.py:221: UserWarning: Cannot create tensor with interal format while allow_internel_format=False, tensor will be created with base format. (Triggered internally at build/CMakeFiles/torch_npu.dir/compiler_depend.ts:338.)
  torch.ones_like(out, memory_format=torch.preserve_format)
/root/miniconda3/envs/llm_test/lib/python3.10/site-packages/torch/autograd/__init__.py:221: UserWarning: Cannot create tensor with interal format while allow_internel_format=False, tensor will be created with base format. (Triggered internally at build/CMakeFiles/torch_npu.dir/compiler_depend.ts:338.)
  torch.ones_like(out, memory_format=torch.preserve_format)
/root/miniconda3/envs/llm_test/lib/python3.10/site-packages/torch/distributed/distributed_c10d.py:4631: UserWarning: No device id is provided via `init_process_group` or `barrier `. Using the current device set by the user. 
  warnings.warn(  # warn only once
/root/miniconda3/envs/llm_test/lib/python3.10/site-packages/torch/distributed/distributed_c10d.py:4631: UserWarning: No device id is provided via `init_process_group` or `barrier `. Using the current device set by the user. 
  warnings.warn(  # warn only once
/root/miniconda3/envs/llm_test/lib/python3.10/site-packages/torch/distributed/distributed_c10d.py:4631: UserWarning: No device id is provided via `init_process_group` or `barrier `. Using the current device set by the user. 
  warnings.warn(  # warn only once
/root/miniconda3/envs/llm_test/lib/python3.10/site-packages/torch/distributed/distributed_c10d.py:4631: UserWarning: No device id is provided via `init_process_group` or `barrier `. Using the current device set by the user. 
  warnings.warn(  # warn only once
/root/miniconda3/envs/llm_test/lib/python3.10/site-packages/torch/distributed/distributed_c10d.py:4631: UserWarning: No device id is provided via `init_process_group` or `barrier `. Using the current device set by the user. 
  warnings.warn(  # warn only once
/root/miniconda3/envs/llm_test/lib/python3.10/site-packages/torch/distributed/distributed_c10d.py:4631: UserWarning: No device id is provided via `init_process_group` or `barrier `. Using the current device set by the user. 
  warnings.warn(  # warn only once
/root/miniconda3/envs/llm_test/lib/python3.10/site-packages/torch/autograd/__init__.py:221: UserWarning: Cannot create tensor with interal format while allow_internel_format=False, tensor will be created with base format. (Triggered internally at build/CMakeFiles/torch_npu.dir/compiler_depend.ts:338.)
  torch.ones_like(out, memory_format=torch.preserve_format)
/root/miniconda3/envs/llm_test/lib/python3.10/site-packages/torch/autograd/__init__.py:221: UserWarning: Cannot create tensor with interal format while allow_internel_format=False, tensor will be created with base format. (Triggered internally at build/CMakeFiles/torch_npu.dir/compiler_depend.ts:338.)
  torch.ones_like(out, memory_format=torch.preserve_format)
/root/miniconda3/envs/llm_test/lib/python3.10/site-packages/torch/autograd/__init__.py:221: UserWarning: Cannot create tensor with interal format while allow_internel_format=False, tensor will be created with base format. (Triggered internally at build/CMakeFiles/torch_npu.dir/compiler_depend.ts:338.)
  torch.ones_like(out, memory_format=torch.preserve_format)
/root/miniconda3/envs/llm_test/lib/python3.10/site-packages/torch/autograd/__init__.py:221: UserWarning: Cannot create tensor with interal format while allow_internel_format=False, tensor will be created with base format. (Triggered internally at build/CMakeFiles/torch_npu.dir/compiler_depend.ts:338.)
  torch.ones_like(out, memory_format=torch.preserve_format)
/root/miniconda3/envs/llm_test/lib/python3.10/site-packages/torch/autograd/__init__.py:221: UserWarning: Cannot create tensor with interal format while allow_internel_format=False, tensor will be created with base format. (Triggered internally at build/CMakeFiles/torch_npu.dir/compiler_depend.ts:338.)
  torch.ones_like(out, memory_format=torch.preserve_format)
/root/miniconda3/envs/llm_test/lib/python3.10/site-packages/torch/autograd/__init__.py:221: UserWarning: Cannot create tensor with interal format while allow_internel_format=False, tensor will be created with base format. (Triggered internally at build/CMakeFiles/torch_npu.dir/compiler_depend.ts:338.)
  torch.ones_like(out, memory_format=torch.preserve_format)
/root/miniconda3/envs/llm_test/lib/python3.10/site-packages/torch/autograd/__init__.py:221: UserWarning: Cannot create tensor with interal format while allow_internel_format=False, tensor will be created with base format. (Triggered internally at build/CMakeFiles/torch_npu.dir/compiler_depend.ts:338.)
  torch.ones_like(out, memory_format=torch.preserve_format)
/root/miniconda3/envs/llm_test/lib/python3.10/site-packages/torch/autograd/__init__.py:221: UserWarning: Cannot create tensor with interal format while allow_internel_format=False, tensor will be created with base format. (Triggered internally at build/CMakeFiles/torch_npu.dir/compiler_depend.ts:338.)
  torch.ones_like(out, memory_format=torch.preserve_format)
/root/miniconda3/envs/llm_test/lib/python3.10/site-packages/torch/autograd/__init__.py:221: UserWarning: Cannot create tensor with interal format while allow_internel_format=False, tensor will be created with base format. (Triggered internally at build/CMakeFiles/torch_npu.dir/compiler_depend.ts:338.)
  torch.ones_like(out, memory_format=torch.preserve_format)
/root/miniconda3/envs/llm_test/lib/python3.10/site-packages/torch/distributed/distributed_c10d.py:4631: UserWarning: No device id is provided via `init_process_group` or `barrier `. Using the current device set by the user. 
  warnings.warn(  # warn only once
/root/miniconda3/envs/llm_test/lib/python3.10/site-packages/torch/distributed/distributed_c10d.py:4631: UserWarning: No device id is provided via `init_process_group` or `barrier `. Using the current device set by the user. 
  warnings.warn(  # warn only once
/root/miniconda3/envs/llm_test/lib/python3.10/site-packages/torch/distributed/distributed_c10d.py:4631: UserWarning: No device id is provided via `init_process_group` or `barrier `. Using the current device set by the user. 
  warnings.warn(  # warn only once
/root/miniconda3/envs/llm_test/lib/python3.10/site-packages/torch/distributed/distributed_c10d.py:4631: UserWarning: No device id is provided via `init_process_group` or `barrier `. Using the current device set by the user. 
  warnings.warn(  # warn only once
/root/miniconda3/envs/llm_test/lib/python3.10/site-packages/torch/distributed/distributed_c10d.py:4631: UserWarning: No device id is provided via `init_process_group` or `barrier `. Using the current device set by the user. 
  warnings.warn(  # warn only once
/root/miniconda3/envs/llm_test/lib/python3.10/site-packages/torch/distributed/distributed_c10d.py:4631: UserWarning: No device id is provided via `init_process_group` or `barrier `. Using the current device set by the user. 
  warnings.warn(  # warn only once
/root/miniconda3/envs/llm_test/lib/python3.10/site-packages/torch/distributed/distributed_c10d.py:4631: UserWarning: No device id is provided via `init_process_group` or `barrier `. Using the current device set by the user. 
  warnings.warn(  # warn only once
/root/miniconda3/envs/llm_test/lib/python3.10/site-packages/torch/distributed/distributed_c10d.py:4631: UserWarning: No device id is provided via `init_process_group` or `barrier `. Using the current device set by the user. 
  warnings.warn(  # warn only once
/root/miniconda3/envs/llm_test/lib/python3.10/site-packages/torch/distributed/distributed_c10d.py:4631: UserWarning: No device id is provided via `init_process_group` or `barrier `. Using the current device set by the user. 
  warnings.warn(  # warn only once
logs/4bee9b69-bac0-417d-a0ff-d253d42eba4a
/root/miniconda3/envs/llm_test/lib/python3.10/site-packages/torch_npu/utils/storage.py:89: UserWarning: TypedStorage is deprecated. It will be removed in the future and UntypedStorage will be the only storage class. This should only matter to you if you are using storages directly.  To access UntypedStorage directly, use tensor.untyped_storage() instead of tensor.storage()
  if self.device.type != 'cpu':
step:0/1660 val_loss:10.8258 train_time:0ms step_avg:0.07ms
step:1/1660 train_time:1209ms step_avg:1209.07ms
step:2/1660 train_time:1317ms step_avg:658.71ms
step:3/1660 train_time:1708ms step_avg:569.29ms
step:4/1660 train_time:2098ms step_avg:524.40ms
step:5/1660 train_time:2489ms step_avg:497.82ms
step:6/1660 train_time:2880ms step_avg:480.03ms
step:7/1660 train_time:3270ms step_avg:467.10ms
step:8/1660 train_time:3678ms step_avg:459.69ms
step:9/1660 train_time:4055ms step_avg:450.57ms
step:10/1660 train_time:4448ms step_avg:444.84ms
step:11/1660 train_time:4836ms step_avg:439.62ms
step:12/1660 train_time:5249ms step_avg:437.42ms
step:13/1660 train_time:5644ms step_avg:434.13ms
step:14/1660 train_time:6040ms step_avg:431.46ms
step:15/1660 train_time:6412ms step_avg:427.48ms
step:16/1660 train_time:6809ms step_avg:425.57ms
step:17/1660 train_time:7202ms step_avg:423.65ms
step:18/1660 train_time:7592ms step_avg:421.77ms
step:19/1660 train_time:7987ms step_avg:420.38ms
step:20/1660 train_time:8383ms step_avg:419.13ms
step:21/1660 train_time:8774ms step_avg:417.79ms
step:22/1660 train_time:9166ms step_avg:416.66ms
step:23/1660 train_time:9560ms step_avg:415.65ms
step:24/1660 train_time:9952ms step_avg:414.68ms
step:25/1660 train_time:10341ms step_avg:413.64ms
step:26/1660 train_time:10737ms step_avg:412.94ms
step:27/1660 train_time:11134ms step_avg:412.37ms
step:28/1660 train_time:11525ms step_avg:411.61ms
step:29/1660 train_time:11917ms step_avg:410.93ms
step:30/1660 train_time:12308ms step_avg:410.26ms
step:31/1660 train_time:12703ms step_avg:409.77ms
step:32/1660 train_time:13094ms step_avg:409.20ms
step:33/1660 train_time:13484ms step_avg:408.61ms
step:34/1660 train_time:13881ms step_avg:408.25ms
step:35/1660 train_time:14273ms step_avg:407.79ms
step:36/1660 train_time:14662ms step_avg:407.28ms
step:37/1660 train_time:15055ms step_avg:406.89ms
step:38/1660 train_time:15444ms step_avg:406.42ms
step:39/1660 train_time:15839ms step_avg:406.12ms
step:40/1660 train_time:16229ms step_avg:405.73ms
step:41/1660 train_time:16623ms step_avg:405.44ms
step:42/1660 train_time:17014ms step_avg:405.09ms
step:43/1660 train_time:17407ms step_avg:404.82ms
step:44/1660 train_time:17801ms step_avg:404.56ms
step:45/1660 train_time:18199ms step_avg:404.41ms
step:46/1660 train_time:18590ms step_avg:404.13ms
step:47/1660 train_time:18984ms step_avg:403.92ms
step:48/1660 train_time:19369ms step_avg:403.52ms
step:49/1660 train_time:19768ms step_avg:403.43ms
step:50/1660 train_time:20161ms step_avg:403.23ms
step:51/1660 train_time:20555ms step_avg:403.04ms
step:52/1660 train_time:20947ms step_avg:402.84ms
step:53/1660 train_time:21339ms step_avg:402.62ms
step:54/1660 train_time:21731ms step_avg:402.42ms
step:55/1660 train_time:22124ms step_avg:402.25ms
step:56/1660 train_time:22514ms step_avg:402.04ms
step:57/1660 train_time:22910ms step_avg:401.92ms
step:58/1660 train_time:23303ms step_avg:401.78ms
step:59/1660 train_time:23697ms step_avg:401.65ms
step:60/1660 train_time:24088ms step_avg:401.47ms
step:61/1660 train_time:24482ms step_avg:401.34ms
step:62/1660 train_time:24877ms step_avg:401.24ms
step:63/1660 train_time:25272ms step_avg:401.15ms
step:64/1660 train_time:25666ms step_avg:401.02ms
step:65/1660 train_time:26059ms step_avg:400.91ms
step:66/1660 train_time:26448ms step_avg:400.72ms
step:67/1660 train_time:26836ms step_avg:400.54ms
step:68/1660 train_time:27227ms step_avg:400.40ms
step:69/1660 train_time:27626ms step_avg:400.37ms
step:70/1660 train_time:28021ms step_avg:400.29ms
step:71/1660 train_time:28414ms step_avg:400.19ms
step:72/1660 train_time:28804ms step_avg:400.05ms
step:73/1660 train_time:29197ms step_avg:399.96ms
step:74/1660 train_time:29590ms step_avg:399.87ms
step:75/1660 train_time:29986ms step_avg:399.81ms
step:76/1660 train_time:30379ms step_avg:399.72ms
step:77/1660 train_time:30771ms step_avg:399.63ms
step:78/1660 train_time:31161ms step_avg:399.50ms
step:79/1660 train_time:31556ms step_avg:399.44ms
step:80/1660 train_time:31952ms step_avg:399.40ms
step:81/1660 train_time:32341ms step_avg:399.28ms
step:82/1660 train_time:32735ms step_avg:399.20ms
step:83/1660 train_time:33128ms step_avg:399.13ms
step:84/1660 train_time:33523ms step_avg:399.08ms
step:85/1660 train_time:33915ms step_avg:399.00ms
step:86/1660 train_time:34316ms step_avg:399.02ms
step:87/1660 train_time:34709ms step_avg:398.96ms
step:88/1660 train_time:35101ms step_avg:398.87ms
step:89/1660 train_time:35491ms step_avg:398.77ms
step:90/1660 train_time:35884ms step_avg:398.71ms
step:91/1660 train_time:36281ms step_avg:398.69ms
step:92/1660 train_time:36671ms step_avg:398.60ms
step:93/1660 train_time:37063ms step_avg:398.52ms
step:94/1660 train_time:37460ms step_avg:398.51ms
step:95/1660 train_time:37849ms step_avg:398.42ms
step:96/1660 train_time:38240ms step_avg:398.33ms
step:97/1660 train_time:38631ms step_avg:398.26ms
step:98/1660 train_time:39028ms step_avg:398.25ms
step:99/1660 train_time:39422ms step_avg:398.20ms
step:100/1660 train_time:39813ms step_avg:398.13ms
step:101/1660 train_time:40209ms step_avg:398.11ms
step:102/1660 train_time:40597ms step_avg:398.01ms
step:103/1660 train_time:40989ms step_avg:397.95ms
step:104/1660 train_time:41382ms step_avg:397.90ms
step:105/1660 train_time:41774ms step_avg:397.85ms
step:106/1660 train_time:42167ms step_avg:397.80ms
step:107/1660 train_time:42563ms step_avg:397.78ms
step:108/1660 train_time:42953ms step_avg:397.71ms
step:109/1660 train_time:43345ms step_avg:397.66ms
step:110/1660 train_time:43734ms step_avg:397.58ms
step:111/1660 train_time:44132ms step_avg:397.58ms
step:112/1660 train_time:44525ms step_avg:397.55ms
step:113/1660 train_time:44922ms step_avg:397.54ms
step:114/1660 train_time:45312ms step_avg:397.47ms
step:115/1660 train_time:45704ms step_avg:397.42ms
step:116/1660 train_time:46092ms step_avg:397.34ms
step:117/1660 train_time:46491ms step_avg:397.36ms
step:118/1660 train_time:46884ms step_avg:397.32ms
step:119/1660 train_time:47275ms step_avg:397.27ms
step:120/1660 train_time:47670ms step_avg:397.25ms
step:121/1660 train_time:48065ms step_avg:397.23ms
step:122/1660 train_time:48457ms step_avg:397.19ms
step:123/1660 train_time:48855ms step_avg:397.20ms
step:124/1660 train_time:49243ms step_avg:397.12ms
step:125/1660 train_time:49631ms step_avg:397.05ms
step:125/1660 val_loss:4.2993 train_time:49927ms step_avg:399.42ms
step:126/1660 train_time:50188ms step_avg:398.31ms
step:127/1660 train_time:50705ms step_avg:399.25ms
step:128/1660 train_time:51083ms step_avg:399.09ms
step:129/1660 train_time:51476ms step_avg:399.04ms
step:130/1660 train_time:51872ms step_avg:399.02ms
step:131/1660 train_time:52261ms step_avg:398.94ms
step:132/1660 train_time:52652ms step_avg:398.88ms
step:133/1660 train_time:53046ms step_avg:398.84ms
step:134/1660 train_time:53438ms step_avg:398.79ms
step:135/1660 train_time:53829ms step_avg:398.74ms
step:136/1660 train_time:54218ms step_avg:398.66ms
step:137/1660 train_time:54612ms step_avg:398.63ms
step:138/1660 train_time:55002ms step_avg:398.57ms
step:139/1660 train_time:55398ms step_avg:398.55ms
step:140/1660 train_time:55789ms step_avg:398.49ms
step:141/1660 train_time:56183ms step_avg:398.46ms
step:142/1660 train_time:56576ms step_avg:398.43ms
step:143/1660 train_time:56970ms step_avg:398.39ms
step:144/1660 train_time:57363ms step_avg:398.36ms
step:145/1660 train_time:57755ms step_avg:398.31ms
step:146/1660 train_time:58150ms step_avg:398.29ms
step:147/1660 train_time:58541ms step_avg:398.23ms
step:148/1660 train_time:58929ms step_avg:398.17ms
step:149/1660 train_time:59324ms step_avg:398.15ms
step:150/1660 train_time:59719ms step_avg:398.13ms
step:151/1660 train_time:60109ms step_avg:398.08ms
step:152/1660 train_time:60501ms step_avg:398.04ms
step:153/1660 train_time:60891ms step_avg:397.98ms
step:154/1660 train_time:61285ms step_avg:397.95ms
step:155/1660 train_time:61674ms step_avg:397.90ms
step:156/1660 train_time:62070ms step_avg:397.88ms
step:157/1660 train_time:62466ms step_avg:397.87ms
step:158/1660 train_time:62858ms step_avg:397.83ms
step:159/1660 train_time:63253ms step_avg:397.82ms
step:160/1660 train_time:63645ms step_avg:397.78ms
step:161/1660 train_time:64036ms step_avg:397.74ms
step:162/1660 train_time:64424ms step_avg:397.68ms
step:163/1660 train_time:64820ms step_avg:397.67ms
step:164/1660 train_time:65210ms step_avg:397.62ms
step:165/1660 train_time:65604ms step_avg:397.60ms
step:166/1660 train_time:65997ms step_avg:397.57ms
step:167/1660 train_time:66387ms step_avg:397.53ms
step:168/1660 train_time:66785ms step_avg:397.53ms
step:169/1660 train_time:67177ms step_avg:397.50ms
step:170/1660 train_time:67572ms step_avg:397.48ms
step:171/1660 train_time:67960ms step_avg:397.43ms
step:172/1660 train_time:68354ms step_avg:397.40ms
step:173/1660 train_time:68749ms step_avg:397.39ms
step:174/1660 train_time:69143ms step_avg:397.37ms
step:175/1660 train_time:69533ms step_avg:397.33ms
step:176/1660 train_time:69924ms step_avg:397.29ms
step:177/1660 train_time:70317ms step_avg:397.27ms
step:178/1660 train_time:70713ms step_avg:397.26ms
step:179/1660 train_time:71097ms step_avg:397.19ms
step:180/1660 train_time:71488ms step_avg:397.15ms
step:181/1660 train_time:71878ms step_avg:397.12ms
step:182/1660 train_time:72272ms step_avg:397.10ms
step:183/1660 train_time:72662ms step_avg:397.06ms
step:184/1660 train_time:73056ms step_avg:397.04ms
step:185/1660 train_time:73451ms step_avg:397.03ms
step:186/1660 train_time:73841ms step_avg:397.00ms
step:187/1660 train_time:74232ms step_avg:396.96ms
step:188/1660 train_time:74625ms step_avg:396.94ms
step:189/1660 train_time:75015ms step_avg:396.90ms
step:190/1660 train_time:75405ms step_avg:396.87ms
step:191/1660 train_time:75799ms step_avg:396.85ms
step:192/1660 train_time:76192ms step_avg:396.83ms
step:193/1660 train_time:76581ms step_avg:396.79ms
step:194/1660 train_time:76977ms step_avg:396.79ms
step:195/1660 train_time:77366ms step_avg:396.75ms
step:196/1660 train_time:77760ms step_avg:396.74ms
step:197/1660 train_time:78157ms step_avg:396.74ms
step:198/1660 train_time:78552ms step_avg:396.73ms
step:199/1660 train_time:78943ms step_avg:396.70ms
step:200/1660 train_time:79333ms step_avg:396.66ms
step:201/1660 train_time:79722ms step_avg:396.63ms
step:202/1660 train_time:80115ms step_avg:396.61ms
step:203/1660 train_time:80507ms step_avg:396.59ms
step:204/1660 train_time:80903ms step_avg:396.58ms
step:205/1660 train_time:81292ms step_avg:396.55ms
step:206/1660 train_time:81688ms step_avg:396.55ms
step:207/1660 train_time:82103ms step_avg:396.63ms
step:208/1660 train_time:82475ms step_avg:396.52ms
step:209/1660 train_time:82865ms step_avg:396.48ms
step:210/1660 train_time:83259ms step_avg:396.47ms
step:211/1660 train_time:83652ms step_avg:396.46ms
step:212/1660 train_time:84050ms step_avg:396.46ms
step:213/1660 train_time:84443ms step_avg:396.45ms
step:214/1660 train_time:84834ms step_avg:396.42ms
step:215/1660 train_time:85226ms step_avg:396.40ms
step:216/1660 train_time:85617ms step_avg:396.38ms
step:217/1660 train_time:86010ms step_avg:396.36ms
step:218/1660 train_time:86401ms step_avg:396.33ms
step:219/1660 train_time:86795ms step_avg:396.32ms
step:220/1660 train_time:87189ms step_avg:396.31ms
step:221/1660 train_time:87578ms step_avg:396.28ms
step:222/1660 train_time:87971ms step_avg:396.26ms
step:223/1660 train_time:88359ms step_avg:396.23ms
step:224/1660 train_time:88750ms step_avg:396.21ms
step:225/1660 train_time:89144ms step_avg:396.20ms
step:226/1660 train_time:89536ms step_avg:396.18ms
step:227/1660 train_time:89928ms step_avg:396.16ms
step:228/1660 train_time:90320ms step_avg:396.14ms
step:229/1660 train_time:90716ms step_avg:396.14ms
step:230/1660 train_time:91111ms step_avg:396.14ms
step:231/1660 train_time:91507ms step_avg:396.13ms
step:232/1660 train_time:91894ms step_avg:396.10ms
step:233/1660 train_time:92289ms step_avg:396.09ms
step:234/1660 train_time:92679ms step_avg:396.06ms
step:235/1660 train_time:93070ms step_avg:396.04ms
step:236/1660 train_time:93459ms step_avg:396.01ms
step:237/1660 train_time:93850ms step_avg:395.99ms
step:238/1660 train_time:94243ms step_avg:395.98ms
step:239/1660 train_time:94633ms step_avg:395.95ms
step:240/1660 train_time:95023ms step_avg:395.93ms
step:241/1660 train_time:95416ms step_avg:395.92ms
step:242/1660 train_time:95803ms step_avg:395.88ms
step:243/1660 train_time:96198ms step_avg:395.87ms
step:244/1660 train_time:96588ms step_avg:395.85ms
step:245/1660 train_time:96986ms step_avg:395.86ms
step:246/1660 train_time:97376ms step_avg:395.84ms
step:247/1660 train_time:97769ms step_avg:395.83ms
step:248/1660 train_time:98161ms step_avg:395.81ms
step:249/1660 train_time:98577ms step_avg:395.89ms
step:250/1660 train_time:98949ms step_avg:395.80ms
step:250/1660 val_loss:3.9626 train_time:99246ms step_avg:396.99ms
step:251/1660 train_time:99536ms step_avg:396.56ms
step:252/1660 train_time:99870ms step_avg:396.31ms
step:253/1660 train_time:100267ms step_avg:396.31ms
step:254/1660 train_time:100665ms step_avg:396.32ms
step:255/1660 train_time:101054ms step_avg:396.29ms
step:256/1660 train_time:101446ms step_avg:396.28ms
step:257/1660 train_time:101842ms step_avg:396.27ms
step:258/1660 train_time:102233ms step_avg:396.25ms
step:259/1660 train_time:102625ms step_avg:396.24ms
step:260/1660 train_time:103022ms step_avg:396.24ms
step:261/1660 train_time:103419ms step_avg:396.24ms
step:262/1660 train_time:103813ms step_avg:396.23ms
step:263/1660 train_time:104200ms step_avg:396.20ms
step:264/1660 train_time:104588ms step_avg:396.17ms
step:265/1660 train_time:104979ms step_avg:396.15ms
step:266/1660 train_time:105371ms step_avg:396.13ms
step:267/1660 train_time:105763ms step_avg:396.11ms
step:268/1660 train_time:106150ms step_avg:396.08ms
step:269/1660 train_time:106545ms step_avg:396.08ms
step:270/1660 train_time:106939ms step_avg:396.07ms
step:271/1660 train_time:107330ms step_avg:396.05ms
step:272/1660 train_time:107718ms step_avg:396.02ms
step:273/1660 train_time:108113ms step_avg:396.02ms
step:274/1660 train_time:108504ms step_avg:396.00ms
step:275/1660 train_time:108897ms step_avg:395.99ms
step:276/1660 train_time:109287ms step_avg:395.97ms
step:277/1660 train_time:109685ms step_avg:395.97ms
step:278/1660 train_time:110067ms step_avg:395.93ms
step:279/1660 train_time:110461ms step_avg:395.92ms
step:280/1660 train_time:110855ms step_avg:395.91ms
step:281/1660 train_time:111245ms step_avg:395.89ms
step:282/1660 train_time:111643ms step_avg:395.90ms
step:283/1660 train_time:112030ms step_avg:395.87ms
step:284/1660 train_time:112419ms step_avg:395.84ms
step:285/1660 train_time:112813ms step_avg:395.83ms
step:286/1660 train_time:113206ms step_avg:395.83ms
step:287/1660 train_time:113594ms step_avg:395.80ms
step:288/1660 train_time:113992ms step_avg:395.80ms
step:289/1660 train_time:114382ms step_avg:395.79ms
step:290/1660 train_time:114778ms step_avg:395.79ms
step:291/1660 train_time:115170ms step_avg:395.77ms
step:292/1660 train_time:115561ms step_avg:395.76ms
step:293/1660 train_time:115951ms step_avg:395.74ms
step:294/1660 train_time:116348ms step_avg:395.74ms
step:295/1660 train_time:116740ms step_avg:395.73ms
step:296/1660 train_time:117130ms step_avg:395.71ms
step:297/1660 train_time:117524ms step_avg:395.70ms
step:298/1660 train_time:117912ms step_avg:395.68ms
step:299/1660 train_time:118307ms step_avg:395.67ms
step:300/1660 train_time:118698ms step_avg:395.66ms
step:301/1660 train_time:119089ms step_avg:395.64ms
step:302/1660 train_time:119481ms step_avg:395.63ms
step:303/1660 train_time:119877ms step_avg:395.63ms
step:304/1660 train_time:120270ms step_avg:395.62ms
step:305/1660 train_time:120661ms step_avg:395.61ms
step:306/1660 train_time:121048ms step_avg:395.58ms
step:307/1660 train_time:121437ms step_avg:395.56ms
step:308/1660 train_time:121826ms step_avg:395.54ms
step:309/1660 train_time:122220ms step_avg:395.53ms
step:310/1660 train_time:122613ms step_avg:395.52ms
step:311/1660 train_time:123010ms step_avg:395.53ms
step:312/1660 train_time:123408ms step_avg:395.54ms
step:313/1660 train_time:123795ms step_avg:395.51ms
step:314/1660 train_time:124188ms step_avg:395.50ms
step:315/1660 train_time:124582ms step_avg:395.50ms
step:316/1660 train_time:124976ms step_avg:395.49ms
step:317/1660 train_time:125368ms step_avg:395.48ms
step:318/1660 train_time:125764ms step_avg:395.48ms
step:319/1660 train_time:126154ms step_avg:395.47ms
step:320/1660 train_time:126545ms step_avg:395.45ms
step:321/1660 train_time:126939ms step_avg:395.45ms
step:322/1660 train_time:127332ms step_avg:395.44ms
step:323/1660 train_time:127725ms step_avg:395.43ms
step:324/1660 train_time:128114ms step_avg:395.41ms
step:325/1660 train_time:128506ms step_avg:395.40ms
step:326/1660 train_time:128896ms step_avg:395.39ms
step:327/1660 train_time:129288ms step_avg:395.38ms
step:328/1660 train_time:129676ms step_avg:395.36ms
step:329/1660 train_time:130068ms step_avg:395.34ms
step:330/1660 train_time:130462ms step_avg:395.34ms
step:331/1660 train_time:130853ms step_avg:395.33ms
step:332/1660 train_time:131242ms step_avg:395.31ms
step:333/1660 train_time:131635ms step_avg:395.30ms
step:334/1660 train_time:132029ms step_avg:395.29ms
step:335/1660 train_time:132419ms step_avg:395.28ms
step:336/1660 train_time:132810ms step_avg:395.27ms
step:337/1660 train_time:133197ms step_avg:395.24ms
step:338/1660 train_time:133589ms step_avg:395.23ms
step:339/1660 train_time:133982ms step_avg:395.23ms
step:340/1660 train_time:134371ms step_avg:395.21ms
step:341/1660 train_time:134763ms step_avg:395.20ms
step:342/1660 train_time:135154ms step_avg:395.19ms
step:343/1660 train_time:135548ms step_avg:395.18ms
step:344/1660 train_time:135946ms step_avg:395.19ms
step:345/1660 train_time:136338ms step_avg:395.18ms
step:346/1660 train_time:136731ms step_avg:395.18ms
step:347/1660 train_time:137126ms step_avg:395.18ms
step:348/1660 train_time:137515ms step_avg:395.16ms
step:349/1660 train_time:137912ms step_avg:395.16ms
step:350/1660 train_time:138302ms step_avg:395.15ms
step:351/1660 train_time:138698ms step_avg:395.15ms
step:352/1660 train_time:139089ms step_avg:395.14ms
step:353/1660 train_time:139479ms step_avg:395.12ms
step:354/1660 train_time:139869ms step_avg:395.11ms
step:355/1660 train_time:140268ms step_avg:395.12ms
step:356/1660 train_time:140660ms step_avg:395.11ms
step:357/1660 train_time:141065ms step_avg:395.14ms
step:358/1660 train_time:141439ms step_avg:395.08ms
step:359/1660 train_time:141835ms step_avg:395.08ms
step:360/1660 train_time:142225ms step_avg:395.07ms
step:361/1660 train_time:142620ms step_avg:395.07ms
step:362/1660 train_time:143014ms step_avg:395.07ms
step:363/1660 train_time:143414ms step_avg:395.08ms
step:364/1660 train_time:143796ms step_avg:395.04ms
step:365/1660 train_time:144188ms step_avg:395.04ms
step:366/1660 train_time:144597ms step_avg:395.07ms
step:367/1660 train_time:144977ms step_avg:395.03ms
step:368/1660 train_time:145370ms step_avg:395.03ms
step:369/1660 train_time:145764ms step_avg:395.02ms
step:370/1660 train_time:146154ms step_avg:395.01ms
step:371/1660 train_time:146546ms step_avg:395.00ms
step:372/1660 train_time:146943ms step_avg:395.01ms
step:373/1660 train_time:147333ms step_avg:394.99ms
step:374/1660 train_time:147727ms step_avg:394.99ms
step:375/1660 train_time:148119ms step_avg:394.98ms
step:375/1660 val_loss:3.8111 train_time:148414ms step_avg:395.77ms
step:376/1660 train_time:148712ms step_avg:395.51ms
step:377/1660 train_time:149034ms step_avg:395.32ms
step:378/1660 train_time:149425ms step_avg:395.30ms
step:379/1660 train_time:149825ms step_avg:395.32ms
step:380/1660 train_time:150214ms step_avg:395.30ms
step:381/1660 train_time:150610ms step_avg:395.30ms
step:382/1660 train_time:150999ms step_avg:395.28ms
step:383/1660 train_time:151396ms step_avg:395.29ms
step:384/1660 train_time:151787ms step_avg:395.28ms
step:385/1660 train_time:152173ms step_avg:395.25ms
step:386/1660 train_time:152574ms step_avg:395.27ms
step:387/1660 train_time:152966ms step_avg:395.26ms
step:388/1660 train_time:153359ms step_avg:395.26ms
step:389/1660 train_time:153754ms step_avg:395.26ms
step:390/1660 train_time:154144ms step_avg:395.24ms
step:391/1660 train_time:154536ms step_avg:395.23ms
step:392/1660 train_time:154929ms step_avg:395.23ms
step:393/1660 train_time:155322ms step_avg:395.22ms
step:394/1660 train_time:155717ms step_avg:395.22ms
step:395/1660 train_time:156107ms step_avg:395.21ms
step:396/1660 train_time:156504ms step_avg:395.21ms
step:397/1660 train_time:156894ms step_avg:395.20ms
step:398/1660 train_time:157286ms step_avg:395.19ms
step:399/1660 train_time:157694ms step_avg:395.22ms
step:400/1660 train_time:158069ms step_avg:395.17ms
step:401/1660 train_time:158461ms step_avg:395.16ms
step:402/1660 train_time:158855ms step_avg:395.16ms
step:403/1660 train_time:159248ms step_avg:395.16ms
step:404/1660 train_time:159637ms step_avg:395.14ms
step:405/1660 train_time:160030ms step_avg:395.13ms
step:406/1660 train_time:160423ms step_avg:395.13ms
step:407/1660 train_time:160814ms step_avg:395.12ms
step:408/1660 train_time:161209ms step_avg:395.12ms
step:409/1660 train_time:161599ms step_avg:395.11ms
step:410/1660 train_time:161990ms step_avg:395.10ms
step:411/1660 train_time:162387ms step_avg:395.10ms
step:412/1660 train_time:162777ms step_avg:395.09ms
step:413/1660 train_time:163165ms step_avg:395.07ms
step:414/1660 train_time:163561ms step_avg:395.08ms
step:415/1660 train_time:163953ms step_avg:395.07ms
step:416/1660 train_time:164343ms step_avg:395.06ms
step:417/1660 train_time:164738ms step_avg:395.06ms
step:418/1660 train_time:165126ms step_avg:395.04ms
step:419/1660 train_time:165518ms step_avg:395.03ms
step:420/1660 train_time:165907ms step_avg:395.02ms
step:421/1660 train_time:166302ms step_avg:395.02ms
step:422/1660 train_time:166697ms step_avg:395.02ms
step:423/1660 train_time:167090ms step_avg:395.01ms
step:424/1660 train_time:167480ms step_avg:395.00ms
step:425/1660 train_time:167875ms step_avg:395.00ms
step:426/1660 train_time:168269ms step_avg:395.00ms
step:427/1660 train_time:168665ms step_avg:395.00ms
step:428/1660 train_time:169054ms step_avg:394.99ms
step:429/1660 train_time:169444ms step_avg:394.97ms
step:430/1660 train_time:169838ms step_avg:394.97ms
step:431/1660 train_time:170229ms step_avg:394.96ms
step:432/1660 train_time:170617ms step_avg:394.95ms
step:433/1660 train_time:171010ms step_avg:394.94ms
step:434/1660 train_time:171424ms step_avg:394.99ms
step:435/1660 train_time:171818ms step_avg:394.99ms
step:436/1660 train_time:172195ms step_avg:394.94ms
step:437/1660 train_time:172589ms step_avg:394.94ms
step:438/1660 train_time:172978ms step_avg:394.93ms
step:439/1660 train_time:173373ms step_avg:394.93ms
step:440/1660 train_time:173764ms step_avg:394.92ms
step:441/1660 train_time:174156ms step_avg:394.91ms
step:442/1660 train_time:174547ms step_avg:394.90ms
step:443/1660 train_time:174942ms step_avg:394.90ms
step:444/1660 train_time:175330ms step_avg:394.89ms
step:445/1660 train_time:175724ms step_avg:394.88ms
step:446/1660 train_time:176113ms step_avg:394.87ms
step:447/1660 train_time:176504ms step_avg:394.86ms
step:448/1660 train_time:176898ms step_avg:394.86ms
step:449/1660 train_time:177295ms step_avg:394.87ms
step:450/1660 train_time:177689ms step_avg:394.86ms
step:451/1660 train_time:178078ms step_avg:394.85ms
step:452/1660 train_time:178471ms step_avg:394.85ms
step:453/1660 train_time:178868ms step_avg:394.85ms
step:454/1660 train_time:179261ms step_avg:394.85ms
step:455/1660 train_time:179650ms step_avg:394.84ms
step:456/1660 train_time:180037ms step_avg:394.82ms
step:457/1660 train_time:180437ms step_avg:394.83ms
step:458/1660 train_time:180816ms step_avg:394.79ms
step:459/1660 train_time:181219ms step_avg:394.81ms
step:460/1660 train_time:181605ms step_avg:394.79ms
step:461/1660 train_time:182002ms step_avg:394.80ms
step:462/1660 train_time:182388ms step_avg:394.78ms
step:463/1660 train_time:182787ms step_avg:394.79ms
step:464/1660 train_time:183184ms step_avg:394.79ms
step:465/1660 train_time:183574ms step_avg:394.78ms
step:466/1660 train_time:183957ms step_avg:394.76ms
step:467/1660 train_time:184375ms step_avg:394.81ms
step:468/1660 train_time:184743ms step_avg:394.75ms
step:469/1660 train_time:185134ms step_avg:394.74ms
step:470/1660 train_time:185524ms step_avg:394.73ms
step:471/1660 train_time:185917ms step_avg:394.73ms
step:472/1660 train_time:186310ms step_avg:394.72ms
step:473/1660 train_time:186702ms step_avg:394.72ms
step:474/1660 train_time:187093ms step_avg:394.71ms
step:475/1660 train_time:187484ms step_avg:394.70ms
step:476/1660 train_time:187896ms step_avg:394.74ms
step:477/1660 train_time:188273ms step_avg:394.70ms
step:478/1660 train_time:188666ms step_avg:394.70ms
step:479/1660 train_time:189052ms step_avg:394.68ms
step:480/1660 train_time:189449ms step_avg:394.68ms
step:481/1660 train_time:189846ms step_avg:394.69ms
step:482/1660 train_time:190237ms step_avg:394.68ms
step:483/1660 train_time:190631ms step_avg:394.68ms
step:484/1660 train_time:191021ms step_avg:394.67ms
step:485/1660 train_time:191417ms step_avg:394.67ms
step:486/1660 train_time:191808ms step_avg:394.67ms
step:487/1660 train_time:192204ms step_avg:394.67ms
step:488/1660 train_time:192597ms step_avg:394.67ms
step:489/1660 train_time:192994ms step_avg:394.67ms
step:490/1660 train_time:193383ms step_avg:394.66ms
step:491/1660 train_time:193786ms step_avg:394.68ms
step:492/1660 train_time:194162ms step_avg:394.64ms
step:493/1660 train_time:194557ms step_avg:394.64ms
step:494/1660 train_time:194948ms step_avg:394.63ms
step:495/1660 train_time:195346ms step_avg:394.64ms
step:496/1660 train_time:195735ms step_avg:394.63ms
step:497/1660 train_time:196132ms step_avg:394.63ms
step:498/1660 train_time:196525ms step_avg:394.63ms
step:499/1660 train_time:196911ms step_avg:394.61ms
step:500/1660 train_time:197308ms step_avg:394.62ms
step:500/1660 val_loss:3.7095 train_time:197600ms step_avg:395.20ms
step:501/1660 train_time:197902ms step_avg:395.01ms
step:502/1660 train_time:198247ms step_avg:394.91ms
step:503/1660 train_time:198641ms step_avg:394.91ms
step:504/1660 train_time:199035ms step_avg:394.91ms
step:505/1660 train_time:199429ms step_avg:394.91ms
step:506/1660 train_time:199820ms step_avg:394.90ms
step:507/1660 train_time:200209ms step_avg:394.89ms
step:508/1660 train_time:200603ms step_avg:394.89ms
step:509/1660 train_time:200991ms step_avg:394.88ms
step:510/1660 train_time:201385ms step_avg:394.87ms
step:511/1660 train_time:201779ms step_avg:394.87ms
step:512/1660 train_time:202172ms step_avg:394.87ms
step:513/1660 train_time:202568ms step_avg:394.87ms
step:514/1660 train_time:202962ms step_avg:394.87ms
step:515/1660 train_time:203358ms step_avg:394.87ms
step:516/1660 train_time:203744ms step_avg:394.85ms
step:517/1660 train_time:204133ms step_avg:394.84ms
step:518/1660 train_time:204523ms step_avg:394.83ms
step:519/1660 train_time:204913ms step_avg:394.82ms
step:520/1660 train_time:205309ms step_avg:394.83ms
step:521/1660 train_time:205699ms step_avg:394.82ms
step:522/1660 train_time:206097ms step_avg:394.82ms
step:523/1660 train_time:206485ms step_avg:394.81ms
step:524/1660 train_time:206878ms step_avg:394.81ms
step:525/1660 train_time:207267ms step_avg:394.79ms
step:526/1660 train_time:207661ms step_avg:394.79ms
step:527/1660 train_time:208050ms step_avg:394.78ms
step:528/1660 train_time:208442ms step_avg:394.78ms
step:529/1660 train_time:208840ms step_avg:394.78ms
step:530/1660 train_time:209239ms step_avg:394.79ms
step:531/1660 train_time:209627ms step_avg:394.78ms
step:532/1660 train_time:210025ms step_avg:394.78ms
step:533/1660 train_time:210413ms step_avg:394.77ms
step:534/1660 train_time:210814ms step_avg:394.78ms
step:535/1660 train_time:211198ms step_avg:394.76ms
step:536/1660 train_time:211592ms step_avg:394.76ms
step:537/1660 train_time:211985ms step_avg:394.76ms
step:538/1660 train_time:212379ms step_avg:394.76ms
step:539/1660 train_time:212775ms step_avg:394.76ms
step:540/1660 train_time:213167ms step_avg:394.75ms
step:541/1660 train_time:213557ms step_avg:394.75ms
step:542/1660 train_time:213954ms step_avg:394.75ms
step:543/1660 train_time:214348ms step_avg:394.75ms
step:544/1660 train_time:214736ms step_avg:394.73ms
step:545/1660 train_time:215130ms step_avg:394.73ms
step:546/1660 train_time:215524ms step_avg:394.73ms
step:547/1660 train_time:215916ms step_avg:394.73ms
step:548/1660 train_time:216310ms step_avg:394.73ms
step:549/1660 train_time:216703ms step_avg:394.72ms
step:550/1660 train_time:217099ms step_avg:394.73ms
step:551/1660 train_time:217490ms step_avg:394.72ms
step:552/1660 train_time:217882ms step_avg:394.71ms
step:553/1660 train_time:218278ms step_avg:394.72ms
step:554/1660 train_time:218670ms step_avg:394.71ms
step:555/1660 train_time:219064ms step_avg:394.71ms
step:556/1660 train_time:219458ms step_avg:394.71ms
step:557/1660 train_time:219849ms step_avg:394.70ms
step:558/1660 train_time:220240ms step_avg:394.70ms
step:559/1660 train_time:220634ms step_avg:394.69ms
step:560/1660 train_time:221031ms step_avg:394.70ms
step:561/1660 train_time:221427ms step_avg:394.70ms
step:562/1660 train_time:221822ms step_avg:394.70ms
step:563/1660 train_time:222218ms step_avg:394.70ms
step:564/1660 train_time:222612ms step_avg:394.70ms
step:565/1660 train_time:223006ms step_avg:394.70ms
step:566/1660 train_time:223397ms step_avg:394.69ms
step:567/1660 train_time:223795ms step_avg:394.70ms
step:568/1660 train_time:224185ms step_avg:394.69ms
step:569/1660 train_time:224579ms step_avg:394.69ms
step:570/1660 train_time:224965ms step_avg:394.68ms
step:571/1660 train_time:225361ms step_avg:394.68ms
step:572/1660 train_time:225754ms step_avg:394.67ms
step:573/1660 train_time:226142ms step_avg:394.66ms
step:574/1660 train_time:226531ms step_avg:394.65ms
step:575/1660 train_time:226927ms step_avg:394.66ms
step:576/1660 train_time:227320ms step_avg:394.65ms
step:577/1660 train_time:227714ms step_avg:394.65ms
step:578/1660 train_time:228110ms step_avg:394.65ms
step:579/1660 train_time:228503ms step_avg:394.65ms
step:580/1660 train_time:228891ms step_avg:394.64ms
step:581/1660 train_time:229283ms step_avg:394.64ms
step:582/1660 train_time:229672ms step_avg:394.63ms
step:583/1660 train_time:230067ms step_avg:394.63ms
step:584/1660 train_time:230461ms step_avg:394.63ms
step:585/1660 train_time:230849ms step_avg:394.61ms
step:586/1660 train_time:231240ms step_avg:394.61ms
step:587/1660 train_time:231637ms step_avg:394.61ms
step:588/1660 train_time:232026ms step_avg:394.60ms
step:589/1660 train_time:232422ms step_avg:394.60ms
step:590/1660 train_time:232806ms step_avg:394.59ms
step:591/1660 train_time:233201ms step_avg:394.59ms
step:592/1660 train_time:233590ms step_avg:394.58ms
step:593/1660 train_time:233985ms step_avg:394.58ms
step:594/1660 train_time:234375ms step_avg:394.57ms
step:595/1660 train_time:234764ms step_avg:394.56ms
step:596/1660 train_time:235162ms step_avg:394.57ms
step:597/1660 train_time:235550ms step_avg:394.56ms
step:598/1660 train_time:235941ms step_avg:394.55ms
step:599/1660 train_time:236331ms step_avg:394.54ms
step:600/1660 train_time:236721ms step_avg:394.54ms
step:601/1660 train_time:237115ms step_avg:394.53ms
step:602/1660 train_time:237513ms step_avg:394.54ms
step:603/1660 train_time:237906ms step_avg:394.54ms
step:604/1660 train_time:238300ms step_avg:394.54ms
step:605/1660 train_time:238687ms step_avg:394.52ms
step:606/1660 train_time:239081ms step_avg:394.52ms
step:607/1660 train_time:239475ms step_avg:394.52ms
step:608/1660 train_time:239871ms step_avg:394.53ms
step:609/1660 train_time:240263ms step_avg:394.52ms
step:610/1660 train_time:240652ms step_avg:394.51ms
step:611/1660 train_time:241044ms step_avg:394.51ms
step:612/1660 train_time:241434ms step_avg:394.50ms
step:613/1660 train_time:241831ms step_avg:394.50ms
step:614/1660 train_time:242221ms step_avg:394.50ms
step:615/1660 train_time:242628ms step_avg:394.52ms
step:616/1660 train_time:243016ms step_avg:394.51ms
step:617/1660 train_time:243407ms step_avg:394.50ms
step:618/1660 train_time:243798ms step_avg:394.49ms
step:619/1660 train_time:244177ms step_avg:394.47ms
step:620/1660 train_time:244572ms step_avg:394.47ms
step:621/1660 train_time:244964ms step_avg:394.47ms
step:622/1660 train_time:245353ms step_avg:394.46ms
step:623/1660 train_time:245743ms step_avg:394.45ms
step:624/1660 train_time:246134ms step_avg:394.44ms
step:625/1660 train_time:246529ms step_avg:394.45ms
step:625/1660 val_loss:3.6098 train_time:246828ms step_avg:394.93ms
step:626/1660 train_time:247117ms step_avg:394.76ms
step:627/1660 train_time:247455ms step_avg:394.66ms
step:628/1660 train_time:247845ms step_avg:394.66ms
step:629/1660 train_time:248240ms step_avg:394.66ms
step:630/1660 train_time:248642ms step_avg:394.67ms
step:631/1660 train_time:249036ms step_avg:394.67ms
step:632/1660 train_time:249426ms step_avg:394.66ms
step:633/1660 train_time:249817ms step_avg:394.66ms
step:634/1660 train_time:250209ms step_avg:394.65ms
step:635/1660 train_time:250602ms step_avg:394.65ms
step:636/1660 train_time:250996ms step_avg:394.65ms
step:637/1660 train_time:251387ms step_avg:394.64ms
step:638/1660 train_time:251780ms step_avg:394.64ms
step:639/1660 train_time:252172ms step_avg:394.64ms
step:640/1660 train_time:252568ms step_avg:394.64ms
step:641/1660 train_time:252961ms step_avg:394.64ms
step:642/1660 train_time:253351ms step_avg:394.63ms
step:643/1660 train_time:253763ms step_avg:394.65ms
step:644/1660 train_time:254154ms step_avg:394.65ms
step:645/1660 train_time:254547ms step_avg:394.65ms
step:646/1660 train_time:254934ms step_avg:394.63ms
step:647/1660 train_time:255309ms step_avg:394.60ms
step:648/1660 train_time:255702ms step_avg:394.60ms
step:649/1660 train_time:256097ms step_avg:394.60ms
step:650/1660 train_time:256486ms step_avg:394.59ms
step:651/1660 train_time:256881ms step_avg:394.59ms
step:652/1660 train_time:257272ms step_avg:394.59ms
step:653/1660 train_time:257667ms step_avg:394.59ms
step:654/1660 train_time:258057ms step_avg:394.58ms
step:655/1660 train_time:258449ms step_avg:394.58ms
step:656/1660 train_time:258841ms step_avg:394.57ms
step:657/1660 train_time:259233ms step_avg:394.57ms
step:658/1660 train_time:259622ms step_avg:394.56ms
step:659/1660 train_time:260015ms step_avg:394.56ms
step:660/1660 train_time:260409ms step_avg:394.56ms
step:661/1660 train_time:260800ms step_avg:394.55ms
step:662/1660 train_time:261192ms step_avg:394.55ms
step:663/1660 train_time:261587ms step_avg:394.55ms
step:664/1660 train_time:261977ms step_avg:394.54ms
step:665/1660 train_time:262369ms step_avg:394.54ms
step:666/1660 train_time:262759ms step_avg:394.53ms
step:667/1660 train_time:263150ms step_avg:394.53ms
step:668/1660 train_time:263540ms step_avg:394.52ms
step:669/1660 train_time:263933ms step_avg:394.52ms
step:670/1660 train_time:264324ms step_avg:394.51ms
step:671/1660 train_time:264718ms step_avg:394.51ms
step:672/1660 train_time:265118ms step_avg:394.52ms
step:673/1660 train_time:265512ms step_avg:394.52ms
step:674/1660 train_time:265907ms step_avg:394.52ms
step:675/1660 train_time:266298ms step_avg:394.52ms
step:676/1660 train_time:266692ms step_avg:394.51ms
step:677/1660 train_time:267087ms step_avg:394.52ms
step:678/1660 train_time:267480ms step_avg:394.51ms
step:679/1660 train_time:267871ms step_avg:394.51ms
step:680/1660 train_time:268263ms step_avg:394.50ms
step:681/1660 train_time:268658ms step_avg:394.51ms
step:682/1660 train_time:269050ms step_avg:394.50ms
step:683/1660 train_time:269443ms step_avg:394.50ms
step:684/1660 train_time:269836ms step_avg:394.50ms
step:685/1660 train_time:270230ms step_avg:394.50ms
step:686/1660 train_time:270623ms step_avg:394.49ms
step:687/1660 train_time:271021ms step_avg:394.50ms
step:688/1660 train_time:271414ms step_avg:394.50ms
step:689/1660 train_time:271806ms step_avg:394.49ms
step:690/1660 train_time:272205ms step_avg:394.50ms
step:691/1660 train_time:272592ms step_avg:394.49ms
step:692/1660 train_time:273005ms step_avg:394.52ms
step:693/1660 train_time:273397ms step_avg:394.51ms
step:694/1660 train_time:273772ms step_avg:394.48ms
step:695/1660 train_time:274162ms step_avg:394.48ms
step:696/1660 train_time:274559ms step_avg:394.48ms
step:697/1660 train_time:274951ms step_avg:394.48ms
step:698/1660 train_time:275341ms step_avg:394.47ms
step:699/1660 train_time:275734ms step_avg:394.47ms
step:700/1660 train_time:276127ms step_avg:394.47ms
step:701/1660 train_time:276519ms step_avg:394.46ms
step:702/1660 train_time:276927ms step_avg:394.48ms
step:703/1660 train_time:277316ms step_avg:394.48ms
step:704/1660 train_time:277698ms step_avg:394.46ms
step:705/1660 train_time:278088ms step_avg:394.45ms
step:706/1660 train_time:278472ms step_avg:394.44ms
step:707/1660 train_time:278870ms step_avg:394.44ms
step:708/1660 train_time:279262ms step_avg:394.44ms
step:709/1660 train_time:279656ms step_avg:394.44ms
step:710/1660 train_time:280046ms step_avg:394.43ms
step:711/1660 train_time:280436ms step_avg:394.42ms
step:712/1660 train_time:280827ms step_avg:394.42ms
step:713/1660 train_time:281220ms step_avg:394.42ms
step:714/1660 train_time:281609ms step_avg:394.41ms
step:715/1660 train_time:282001ms step_avg:394.41ms
step:716/1660 train_time:282394ms step_avg:394.41ms
step:717/1660 train_time:282788ms step_avg:394.40ms
step:718/1660 train_time:283182ms step_avg:394.40ms
step:719/1660 train_time:283576ms step_avg:394.40ms
step:720/1660 train_time:283966ms step_avg:394.40ms
step:721/1660 train_time:284358ms step_avg:394.39ms
step:722/1660 train_time:284751ms step_avg:394.39ms
step:723/1660 train_time:285142ms step_avg:394.39ms
step:724/1660 train_time:285537ms step_avg:394.39ms
step:725/1660 train_time:285929ms step_avg:394.38ms
step:726/1660 train_time:286327ms step_avg:394.39ms
step:727/1660 train_time:286719ms step_avg:394.39ms
step:728/1660 train_time:287113ms step_avg:394.39ms
step:729/1660 train_time:287500ms step_avg:394.38ms
step:730/1660 train_time:287903ms step_avg:394.39ms
step:731/1660 train_time:288292ms step_avg:394.38ms
step:732/1660 train_time:288691ms step_avg:394.39ms
step:733/1660 train_time:289080ms step_avg:394.38ms
step:734/1660 train_time:289467ms step_avg:394.37ms
step:735/1660 train_time:289858ms step_avg:394.36ms
step:736/1660 train_time:290258ms step_avg:394.37ms
step:737/1660 train_time:290649ms step_avg:394.37ms
step:738/1660 train_time:291040ms step_avg:394.36ms
step:739/1660 train_time:291435ms step_avg:394.36ms
step:740/1660 train_time:291829ms step_avg:394.36ms
step:741/1660 train_time:292222ms step_avg:394.36ms
step:742/1660 train_time:292617ms step_avg:394.36ms
step:743/1660 train_time:293001ms step_avg:394.35ms
step:744/1660 train_time:293397ms step_avg:394.35ms
step:745/1660 train_time:293792ms step_avg:394.35ms
step:746/1660 train_time:294189ms step_avg:394.36ms
step:747/1660 train_time:294583ms step_avg:394.36ms
step:748/1660 train_time:294973ms step_avg:394.35ms
step:749/1660 train_time:295369ms step_avg:394.35ms
step:750/1660 train_time:295760ms step_avg:394.35ms
step:750/1660 val_loss:3.5579 train_time:296051ms step_avg:394.74ms
step:751/1660 train_time:296338ms step_avg:394.59ms
step:752/1660 train_time:296668ms step_avg:394.51ms
step:753/1660 train_time:297059ms step_avg:394.50ms
step:754/1660 train_time:297449ms step_avg:394.49ms
step:755/1660 train_time:297839ms step_avg:394.49ms
step:756/1660 train_time:298232ms step_avg:394.49ms
step:757/1660 train_time:298623ms step_avg:394.48ms
step:758/1660 train_time:299017ms step_avg:394.48ms
step:759/1660 train_time:299411ms step_avg:394.48ms
step:760/1660 train_time:299805ms step_avg:394.48ms
step:761/1660 train_time:300197ms step_avg:394.48ms
step:762/1660 train_time:300593ms step_avg:394.48ms
step:763/1660 train_time:300987ms step_avg:394.48ms
step:764/1660 train_time:301382ms step_avg:394.48ms
step:765/1660 train_time:301775ms step_avg:394.48ms
step:766/1660 train_time:302171ms step_avg:394.48ms
step:767/1660 train_time:302565ms step_avg:394.48ms
step:768/1660 train_time:302960ms step_avg:394.48ms
step:769/1660 train_time:303350ms step_avg:394.47ms
step:770/1660 train_time:303741ms step_avg:394.47ms
step:771/1660 train_time:304132ms step_avg:394.46ms
step:772/1660 train_time:304528ms step_avg:394.47ms
step:773/1660 train_time:304928ms step_avg:394.47ms
step:774/1660 train_time:305326ms step_avg:394.48ms
step:775/1660 train_time:305715ms step_avg:394.47ms
step:776/1660 train_time:306113ms step_avg:394.48ms
step:777/1660 train_time:306501ms step_avg:394.47ms
step:778/1660 train_time:306895ms step_avg:394.47ms
step:779/1660 train_time:307295ms step_avg:394.47ms
step:780/1660 train_time:307691ms step_avg:394.48ms
step:781/1660 train_time:308076ms step_avg:394.46ms
step:782/1660 train_time:308474ms step_avg:394.47ms
step:783/1660 train_time:308860ms step_avg:394.46ms
step:784/1660 train_time:309254ms step_avg:394.46ms
step:785/1660 train_time:309644ms step_avg:394.45ms
step:786/1660 train_time:310034ms step_avg:394.45ms
step:787/1660 train_time:310430ms step_avg:394.45ms
step:788/1660 train_time:310820ms step_avg:394.44ms
step:789/1660 train_time:311217ms step_avg:394.45ms
step:790/1660 train_time:311608ms step_avg:394.44ms
step:791/1660 train_time:311999ms step_avg:394.44ms
step:792/1660 train_time:312387ms step_avg:394.43ms
step:793/1660 train_time:312774ms step_avg:394.42ms
step:794/1660 train_time:313169ms step_avg:394.42ms
step:795/1660 train_time:313560ms step_avg:394.42ms
step:796/1660 train_time:313953ms step_avg:394.41ms
step:797/1660 train_time:314344ms step_avg:394.41ms
step:798/1660 train_time:314738ms step_avg:394.41ms
step:799/1660 train_time:315130ms step_avg:394.41ms
step:800/1660 train_time:315519ms step_avg:394.40ms
step:801/1660 train_time:315910ms step_avg:394.39ms
step:802/1660 train_time:316304ms step_avg:394.39ms
step:803/1660 train_time:316700ms step_avg:394.40ms
step:804/1660 train_time:317087ms step_avg:394.39ms
step:805/1660 train_time:317482ms step_avg:394.39ms
step:806/1660 train_time:317874ms step_avg:394.38ms
step:807/1660 train_time:318272ms step_avg:394.39ms
step:808/1660 train_time:318663ms step_avg:394.38ms
step:809/1660 train_time:319052ms step_avg:394.38ms
step:810/1660 train_time:319443ms step_avg:394.37ms
step:811/1660 train_time:319839ms step_avg:394.38ms
step:812/1660 train_time:320227ms step_avg:394.37ms
step:813/1660 train_time:320622ms step_avg:394.37ms
step:814/1660 train_time:321010ms step_avg:394.36ms
step:815/1660 train_time:321402ms step_avg:394.36ms
step:816/1660 train_time:321793ms step_avg:394.35ms
step:817/1660 train_time:322187ms step_avg:394.35ms
step:818/1660 train_time:322576ms step_avg:394.35ms
step:819/1660 train_time:322976ms step_avg:394.35ms
step:820/1660 train_time:323356ms step_avg:394.34ms
step:821/1660 train_time:323746ms step_avg:394.33ms
step:822/1660 train_time:324137ms step_avg:394.33ms
step:823/1660 train_time:324530ms step_avg:394.33ms
step:824/1660 train_time:324918ms step_avg:394.32ms
step:825/1660 train_time:325315ms step_avg:394.32ms
step:826/1660 train_time:325705ms step_avg:394.32ms
step:827/1660 train_time:326099ms step_avg:394.32ms
step:828/1660 train_time:326494ms step_avg:394.32ms
step:829/1660 train_time:326891ms step_avg:394.32ms
step:830/1660 train_time:327281ms step_avg:394.31ms
step:831/1660 train_time:327672ms step_avg:394.31ms
step:832/1660 train_time:328065ms step_avg:394.31ms
step:833/1660 train_time:328456ms step_avg:394.30ms
step:834/1660 train_time:328848ms step_avg:394.30ms
step:835/1660 train_time:329242ms step_avg:394.30ms
step:836/1660 train_time:329629ms step_avg:394.29ms
step:837/1660 train_time:330027ms step_avg:394.30ms
step:838/1660 train_time:330422ms step_avg:394.30ms
step:839/1660 train_time:330815ms step_avg:394.30ms
step:840/1660 train_time:331201ms step_avg:394.29ms
step:841/1660 train_time:331599ms step_avg:394.29ms
step:842/1660 train_time:331989ms step_avg:394.29ms
step:843/1660 train_time:332380ms step_avg:394.28ms
step:844/1660 train_time:332773ms step_avg:394.28ms
step:845/1660 train_time:333183ms step_avg:394.30ms
step:846/1660 train_time:333560ms step_avg:394.28ms
step:847/1660 train_time:333953ms step_avg:394.28ms
step:848/1660 train_time:334346ms step_avg:394.28ms
step:849/1660 train_time:334744ms step_avg:394.28ms
step:850/1660 train_time:335139ms step_avg:394.28ms
step:851/1660 train_time:335535ms step_avg:394.28ms
step:852/1660 train_time:335929ms step_avg:394.28ms
step:853/1660 train_time:336320ms step_avg:394.28ms
step:854/1660 train_time:336716ms step_avg:394.28ms
step:855/1660 train_time:337106ms step_avg:394.28ms
step:856/1660 train_time:337494ms step_avg:394.27ms
step:857/1660 train_time:337891ms step_avg:394.27ms
step:858/1660 train_time:338288ms step_avg:394.27ms
step:859/1660 train_time:338683ms step_avg:394.28ms
step:860/1660 train_time:339076ms step_avg:394.27ms
step:861/1660 train_time:339471ms step_avg:394.27ms
step:862/1660 train_time:339864ms step_avg:394.27ms
step:863/1660 train_time:340260ms step_avg:394.28ms
step:864/1660 train_time:340653ms step_avg:394.27ms
step:865/1660 train_time:341048ms step_avg:394.28ms
step:866/1660 train_time:341439ms step_avg:394.27ms
step:867/1660 train_time:341832ms step_avg:394.27ms
step:868/1660 train_time:342222ms step_avg:394.27ms
step:869/1660 train_time:342614ms step_avg:394.26ms
step:870/1660 train_time:343008ms step_avg:394.26ms
step:871/1660 train_time:343402ms step_avg:394.26ms
step:872/1660 train_time:343788ms step_avg:394.25ms
step:873/1660 train_time:344179ms step_avg:394.25ms
step:874/1660 train_time:344568ms step_avg:394.24ms
step:875/1660 train_time:344963ms step_avg:394.24ms
step:875/1660 val_loss:3.5128 train_time:345258ms step_avg:394.58ms
step:876/1660 train_time:345525ms step_avg:394.43ms
step:877/1660 train_time:345873ms step_avg:394.38ms
step:878/1660 train_time:346265ms step_avg:394.38ms
step:879/1660 train_time:346659ms step_avg:394.38ms
step:880/1660 train_time:347052ms step_avg:394.38ms
step:881/1660 train_time:347442ms step_avg:394.37ms
step:882/1660 train_time:347832ms step_avg:394.37ms
step:883/1660 train_time:348221ms step_avg:394.36ms
step:884/1660 train_time:348616ms step_avg:394.36ms
step:885/1660 train_time:349003ms step_avg:394.35ms
step:886/1660 train_time:349393ms step_avg:394.35ms
step:887/1660 train_time:349786ms step_avg:394.35ms
step:888/1660 train_time:350179ms step_avg:394.35ms
step:889/1660 train_time:350570ms step_avg:394.34ms
step:890/1660 train_time:350960ms step_avg:394.34ms
step:891/1660 train_time:351352ms step_avg:394.33ms
step:892/1660 train_time:351744ms step_avg:394.33ms
step:893/1660 train_time:352134ms step_avg:394.33ms
step:894/1660 train_time:352532ms step_avg:394.33ms
step:895/1660 train_time:352930ms step_avg:394.34ms
step:896/1660 train_time:353322ms step_avg:394.33ms
step:897/1660 train_time:353717ms step_avg:394.33ms
step:898/1660 train_time:354112ms step_avg:394.33ms
step:899/1660 train_time:354505ms step_avg:394.33ms
step:900/1660 train_time:354896ms step_avg:394.33ms
step:901/1660 train_time:355286ms step_avg:394.32ms
step:902/1660 train_time:355680ms step_avg:394.32ms
step:903/1660 train_time:356074ms step_avg:394.32ms
step:904/1660 train_time:356465ms step_avg:394.32ms
step:905/1660 train_time:356856ms step_avg:394.32ms
step:906/1660 train_time:357252ms step_avg:394.32ms
step:907/1660 train_time:357647ms step_avg:394.32ms
step:908/1660 train_time:358040ms step_avg:394.32ms
step:909/1660 train_time:358432ms step_avg:394.31ms
step:910/1660 train_time:358844ms step_avg:394.33ms
step:911/1660 train_time:359234ms step_avg:394.33ms
step:912/1660 train_time:359616ms step_avg:394.32ms
step:913/1660 train_time:360007ms step_avg:394.31ms
step:914/1660 train_time:360400ms step_avg:394.31ms
step:915/1660 train_time:360798ms step_avg:394.32ms
step:916/1660 train_time:361191ms step_avg:394.31ms
step:917/1660 train_time:361589ms step_avg:394.32ms
step:918/1660 train_time:361981ms step_avg:394.31ms
step:919/1660 train_time:362372ms step_avg:394.31ms
step:920/1660 train_time:362764ms step_avg:394.31ms
step:921/1660 train_time:363160ms step_avg:394.31ms
step:922/1660 train_time:363551ms step_avg:394.31ms
step:923/1660 train_time:363944ms step_avg:394.31ms
step:924/1660 train_time:364333ms step_avg:394.30ms
step:925/1660 train_time:364727ms step_avg:394.30ms
step:926/1660 train_time:365118ms step_avg:394.30ms
step:927/1660 train_time:365508ms step_avg:394.29ms
step:928/1660 train_time:365899ms step_avg:394.29ms
step:929/1660 train_time:366289ms step_avg:394.28ms
step:930/1660 train_time:366682ms step_avg:394.28ms
step:931/1660 train_time:367075ms step_avg:394.28ms
step:932/1660 train_time:367460ms step_avg:394.27ms
step:933/1660 train_time:367859ms step_avg:394.28ms
step:934/1660 train_time:368252ms step_avg:394.27ms
step:935/1660 train_time:368645ms step_avg:394.27ms
step:936/1660 train_time:369042ms step_avg:394.28ms
step:937/1660 train_time:369437ms step_avg:394.28ms
step:938/1660 train_time:369833ms step_avg:394.28ms
step:939/1660 train_time:370219ms step_avg:394.27ms
step:940/1660 train_time:370610ms step_avg:394.27ms
step:941/1660 train_time:371003ms step_avg:394.26ms
step:942/1660 train_time:371393ms step_avg:394.26ms
step:943/1660 train_time:371784ms step_avg:394.26ms
step:944/1660 train_time:372178ms step_avg:394.26ms
step:945/1660 train_time:372568ms step_avg:394.25ms
step:946/1660 train_time:372962ms step_avg:394.25ms
step:947/1660 train_time:373353ms step_avg:394.25ms
step:948/1660 train_time:373746ms step_avg:394.25ms
step:949/1660 train_time:374151ms step_avg:394.26ms
step:950/1660 train_time:374530ms step_avg:394.24ms
step:951/1660 train_time:374925ms step_avg:394.24ms
step:952/1660 train_time:375314ms step_avg:394.24ms
step:953/1660 train_time:375714ms step_avg:394.24ms
step:954/1660 train_time:376105ms step_avg:394.24ms
step:955/1660 train_time:376497ms step_avg:394.24ms
step:956/1660 train_time:376890ms step_avg:394.24ms
step:957/1660 train_time:377288ms step_avg:394.24ms
step:958/1660 train_time:377682ms step_avg:394.24ms
step:959/1660 train_time:378071ms step_avg:394.23ms
step:960/1660 train_time:378462ms step_avg:394.23ms
step:961/1660 train_time:378856ms step_avg:394.23ms
step:962/1660 train_time:379245ms step_avg:394.23ms
step:963/1660 train_time:379640ms step_avg:394.23ms
step:964/1660 train_time:380035ms step_avg:394.23ms
step:965/1660 train_time:380430ms step_avg:394.23ms
step:966/1660 train_time:380825ms step_avg:394.23ms
step:967/1660 train_time:381215ms step_avg:394.22ms
step:968/1660 train_time:381604ms step_avg:394.22ms
step:969/1660 train_time:381994ms step_avg:394.21ms
step:970/1660 train_time:382384ms step_avg:394.21ms
step:971/1660 train_time:382778ms step_avg:394.21ms
step:972/1660 train_time:383170ms step_avg:394.21ms
step:973/1660 train_time:383565ms step_avg:394.21ms
step:974/1660 train_time:383957ms step_avg:394.21ms
step:975/1660 train_time:384350ms step_avg:394.21ms
step:976/1660 train_time:384742ms step_avg:394.20ms
step:977/1660 train_time:385134ms step_avg:394.20ms
step:978/1660 train_time:385529ms step_avg:394.20ms
step:979/1660 train_time:385919ms step_avg:394.20ms
step:980/1660 train_time:386310ms step_avg:394.19ms
step:981/1660 train_time:386704ms step_avg:394.19ms
step:982/1660 train_time:387099ms step_avg:394.19ms
step:983/1660 train_time:387495ms step_avg:394.20ms
step:984/1660 train_time:387886ms step_avg:394.19ms
step:985/1660 train_time:388279ms step_avg:394.19ms
step:986/1660 train_time:388674ms step_avg:394.19ms
step:987/1660 train_time:389065ms step_avg:394.19ms
step:988/1660 train_time:389458ms step_avg:394.19ms
step:989/1660 train_time:389849ms step_avg:394.18ms
step:990/1660 train_time:390239ms step_avg:394.18ms
step:991/1660 train_time:390631ms step_avg:394.18ms
step:992/1660 train_time:391026ms step_avg:394.18ms
step:993/1660 train_time:391417ms step_avg:394.18ms
step:994/1660 train_time:391809ms step_avg:394.17ms
step:995/1660 train_time:392199ms step_avg:394.17ms
step:996/1660 train_time:392592ms step_avg:394.17ms
step:997/1660 train_time:392987ms step_avg:394.17ms
step:998/1660 train_time:393377ms step_avg:394.16ms
step:999/1660 train_time:393771ms step_avg:394.17ms
step:1000/1660 train_time:394161ms step_avg:394.16ms
step:1000/1660 val_loss:3.4627 train_time:394453ms step_avg:394.45ms
step:1001/1660 train_time:394722ms step_avg:394.33ms
step:1002/1660 train_time:395071ms step_avg:394.28ms
step:1003/1660 train_time:395460ms step_avg:394.28ms
step:1004/1660 train_time:395853ms step_avg:394.28ms
step:1005/1660 train_time:396246ms step_avg:394.28ms
step:1006/1660 train_time:396641ms step_avg:394.28ms
step:1007/1660 train_time:397030ms step_avg:394.27ms
step:1008/1660 train_time:397425ms step_avg:394.27ms
step:1009/1660 train_time:397817ms step_avg:394.27ms
step:1010/1660 train_time:398210ms step_avg:394.27ms
step:1011/1660 train_time:398599ms step_avg:394.26ms
step:1012/1660 train_time:398995ms step_avg:394.26ms
step:1013/1660 train_time:399384ms step_avg:394.26ms
step:1014/1660 train_time:399773ms step_avg:394.25ms
step:1015/1660 train_time:400165ms step_avg:394.25ms
step:1016/1660 train_time:400558ms step_avg:394.25ms
step:1017/1660 train_time:400947ms step_avg:394.25ms
step:1018/1660 train_time:401347ms step_avg:394.25ms
step:1019/1660 train_time:401741ms step_avg:394.25ms
step:1020/1660 train_time:402132ms step_avg:394.25ms
step:1021/1660 train_time:402520ms step_avg:394.24ms
step:1022/1660 train_time:402917ms step_avg:394.24ms
step:1023/1660 train_time:403318ms step_avg:394.25ms
step:1024/1660 train_time:403713ms step_avg:394.25ms
step:1025/1660 train_time:404106ms step_avg:394.25ms
step:1026/1660 train_time:404499ms step_avg:394.25ms
step:1027/1660 train_time:404889ms step_avg:394.24ms
step:1028/1660 train_time:405279ms step_avg:394.24ms
step:1029/1660 train_time:405675ms step_avg:394.24ms
step:1030/1660 train_time:406069ms step_avg:394.24ms
step:1031/1660 train_time:406460ms step_avg:394.24ms
step:1032/1660 train_time:406846ms step_avg:394.23ms
step:1033/1660 train_time:407235ms step_avg:394.23ms
step:1034/1660 train_time:407633ms step_avg:394.23ms
step:1035/1660 train_time:408030ms step_avg:394.23ms
step:1036/1660 train_time:408426ms step_avg:394.23ms
step:1037/1660 train_time:408822ms step_avg:394.24ms
step:1038/1660 train_time:409206ms step_avg:394.23ms
step:1039/1660 train_time:409595ms step_avg:394.22ms
step:1040/1660 train_time:409985ms step_avg:394.22ms
step:1041/1660 train_time:410378ms step_avg:394.22ms
step:1042/1660 train_time:410776ms step_avg:394.22ms
step:1043/1660 train_time:411166ms step_avg:394.22ms
step:1044/1660 train_time:411579ms step_avg:394.23ms
step:1045/1660 train_time:411957ms step_avg:394.22ms
step:1046/1660 train_time:412352ms step_avg:394.22ms
step:1047/1660 train_time:412745ms step_avg:394.22ms
step:1048/1660 train_time:413137ms step_avg:394.21ms
step:1049/1660 train_time:413531ms step_avg:394.21ms
step:1050/1660 train_time:413941ms step_avg:394.23ms
step:1051/1660 train_time:414316ms step_avg:394.21ms
step:1052/1660 train_time:414726ms step_avg:394.23ms
step:1053/1660 train_time:415101ms step_avg:394.21ms
step:1054/1660 train_time:415496ms step_avg:394.21ms
step:1055/1660 train_time:415891ms step_avg:394.21ms
step:1056/1660 train_time:416286ms step_avg:394.21ms
step:1057/1660 train_time:416677ms step_avg:394.21ms
step:1058/1660 train_time:417067ms step_avg:394.20ms
step:1059/1660 train_time:417458ms step_avg:394.20ms
step:1060/1660 train_time:417850ms step_avg:394.20ms
step:1061/1660 train_time:418244ms step_avg:394.20ms
step:1062/1660 train_time:418636ms step_avg:394.20ms
step:1063/1660 train_time:419029ms step_avg:394.19ms
step:1064/1660 train_time:419430ms step_avg:394.20ms
step:1065/1660 train_time:419815ms step_avg:394.19ms
step:1066/1660 train_time:420205ms step_avg:394.19ms
step:1067/1660 train_time:420598ms step_avg:394.19ms
step:1068/1660 train_time:421002ms step_avg:394.20ms
step:1069/1660 train_time:421383ms step_avg:394.18ms
step:1070/1660 train_time:421774ms step_avg:394.18ms
step:1071/1660 train_time:422167ms step_avg:394.18ms
step:1072/1660 train_time:422558ms step_avg:394.18ms
step:1073/1660 train_time:422953ms step_avg:394.18ms
step:1074/1660 train_time:423340ms step_avg:394.17ms
step:1075/1660 train_time:423732ms step_avg:394.17ms
step:1076/1660 train_time:424124ms step_avg:394.17ms
step:1077/1660 train_time:424514ms step_avg:394.16ms
step:1078/1660 train_time:424907ms step_avg:394.16ms
step:1079/1660 train_time:425299ms step_avg:394.16ms
step:1080/1660 train_time:425696ms step_avg:394.16ms
step:1081/1660 train_time:426088ms step_avg:394.16ms
step:1082/1660 train_time:426485ms step_avg:394.16ms
step:1083/1660 train_time:426879ms step_avg:394.16ms
step:1084/1660 train_time:427267ms step_avg:394.16ms
step:1085/1660 train_time:427655ms step_avg:394.15ms
step:1086/1660 train_time:428049ms step_avg:394.15ms
step:1087/1660 train_time:428439ms step_avg:394.15ms
step:1088/1660 train_time:428834ms step_avg:394.15ms
step:1089/1660 train_time:429228ms step_avg:394.15ms
step:1090/1660 train_time:429618ms step_avg:394.15ms
step:1091/1660 train_time:430012ms step_avg:394.15ms
step:1092/1660 train_time:430406ms step_avg:394.14ms
step:1093/1660 train_time:430803ms step_avg:394.15ms
step:1094/1660 train_time:431197ms step_avg:394.15ms
step:1095/1660 train_time:431588ms step_avg:394.14ms
step:1096/1660 train_time:431985ms step_avg:394.15ms
step:1097/1660 train_time:432375ms step_avg:394.14ms
step:1098/1660 train_time:432771ms step_avg:394.14ms
step:1099/1660 train_time:433161ms step_avg:394.14ms
step:1100/1660 train_time:433556ms step_avg:394.14ms
step:1101/1660 train_time:433944ms step_avg:394.14ms
step:1102/1660 train_time:434337ms step_avg:394.14ms
step:1103/1660 train_time:434731ms step_avg:394.13ms
step:1104/1660 train_time:435124ms step_avg:394.13ms
step:1105/1660 train_time:435517ms step_avg:394.13ms
step:1106/1660 train_time:435907ms step_avg:394.13ms
step:1107/1660 train_time:436304ms step_avg:394.13ms
step:1108/1660 train_time:436693ms step_avg:394.13ms
step:1109/1660 train_time:437087ms step_avg:394.13ms
step:1110/1660 train_time:437479ms step_avg:394.13ms
step:1111/1660 train_time:437868ms step_avg:394.12ms
step:1112/1660 train_time:438262ms step_avg:394.12ms
step:1113/1660 train_time:438655ms step_avg:394.12ms
step:1114/1660 train_time:439049ms step_avg:394.12ms
step:1115/1660 train_time:439440ms step_avg:394.12ms
step:1116/1660 train_time:439831ms step_avg:394.11ms
step:1117/1660 train_time:440223ms step_avg:394.11ms
step:1118/1660 train_time:440617ms step_avg:394.11ms
step:1119/1660 train_time:441011ms step_avg:394.11ms
step:1120/1660 train_time:441407ms step_avg:394.11ms
step:1121/1660 train_time:441798ms step_avg:394.11ms
step:1122/1660 train_time:442189ms step_avg:394.11ms
step:1123/1660 train_time:442584ms step_avg:394.11ms
step:1124/1660 train_time:442970ms step_avg:394.10ms
step:1125/1660 train_time:443363ms step_avg:394.10ms
step:1125/1660 val_loss:3.4104 train_time:443659ms step_avg:394.36ms
step:1126/1660 train_time:443920ms step_avg:394.24ms
step:1127/1660 train_time:444265ms step_avg:394.20ms
step:1128/1660 train_time:444658ms step_avg:394.20ms
step:1129/1660 train_time:445051ms step_avg:394.20ms
step:1130/1660 train_time:445443ms step_avg:394.20ms
step:1131/1660 train_time:445841ms step_avg:394.20ms
step:1132/1660 train_time:446231ms step_avg:394.20ms
step:1133/1660 train_time:446623ms step_avg:394.20ms
step:1134/1660 train_time:447017ms step_avg:394.19ms
step:1135/1660 train_time:447408ms step_avg:394.19ms
step:1136/1660 train_time:447800ms step_avg:394.19ms
step:1137/1660 train_time:448197ms step_avg:394.19ms
step:1138/1660 train_time:448585ms step_avg:394.19ms
step:1139/1660 train_time:448974ms step_avg:394.18ms
step:1140/1660 train_time:449366ms step_avg:394.18ms
step:1141/1660 train_time:449762ms step_avg:394.18ms
step:1142/1660 train_time:450154ms step_avg:394.18ms
step:1143/1660 train_time:450548ms step_avg:394.18ms
step:1144/1660 train_time:450938ms step_avg:394.18ms
step:1145/1660 train_time:451331ms step_avg:394.18ms
step:1146/1660 train_time:451729ms step_avg:394.18ms
step:1147/1660 train_time:452118ms step_avg:394.17ms
step:1148/1660 train_time:452516ms step_avg:394.18ms
step:1149/1660 train_time:452909ms step_avg:394.18ms
step:1150/1660 train_time:453304ms step_avg:394.18ms
step:1151/1660 train_time:453699ms step_avg:394.18ms
step:1152/1660 train_time:454091ms step_avg:394.18ms
step:1153/1660 train_time:454484ms step_avg:394.17ms
step:1154/1660 train_time:454876ms step_avg:394.17ms
step:1155/1660 train_time:455269ms step_avg:394.17ms
step:1156/1660 train_time:455660ms step_avg:394.17ms
step:1157/1660 train_time:456053ms step_avg:394.17ms
step:1158/1660 train_time:456445ms step_avg:394.17ms
step:1159/1660 train_time:456836ms step_avg:394.16ms
step:1160/1660 train_time:457231ms step_avg:394.16ms
step:1161/1660 train_time:457642ms step_avg:394.18ms
step:1162/1660 train_time:458038ms step_avg:394.18ms
step:1163/1660 train_time:458429ms step_avg:394.18ms
step:1164/1660 train_time:458803ms step_avg:394.16ms
step:1165/1660 train_time:459198ms step_avg:394.16ms
step:1166/1660 train_time:459603ms step_avg:394.17ms
step:1167/1660 train_time:459995ms step_avg:394.17ms
step:1168/1660 train_time:460384ms step_avg:394.16ms
step:1169/1660 train_time:460777ms step_avg:394.16ms
step:1170/1660 train_time:461164ms step_avg:394.16ms
step:1171/1660 train_time:461545ms step_avg:394.15ms
step:1172/1660 train_time:461941ms step_avg:394.15ms
step:1173/1660 train_time:462333ms step_avg:394.15ms
step:1174/1660 train_time:462739ms step_avg:394.16ms
step:1175/1660 train_time:463119ms step_avg:394.14ms
step:1176/1660 train_time:463509ms step_avg:394.14ms
step:1177/1660 train_time:463903ms step_avg:394.14ms
step:1178/1660 train_time:464300ms step_avg:394.14ms
step:1179/1660 train_time:464693ms step_avg:394.14ms
step:1180/1660 train_time:465091ms step_avg:394.14ms
step:1181/1660 train_time:465482ms step_avg:394.14ms
step:1182/1660 train_time:465869ms step_avg:394.14ms
step:1183/1660 train_time:466262ms step_avg:394.14ms
step:1184/1660 train_time:466651ms step_avg:394.13ms
step:1185/1660 train_time:467046ms step_avg:394.13ms
step:1186/1660 train_time:467436ms step_avg:394.13ms
step:1187/1660 train_time:467827ms step_avg:394.13ms
step:1188/1660 train_time:468220ms step_avg:394.12ms
step:1189/1660 train_time:468612ms step_avg:394.12ms
step:1190/1660 train_time:469002ms step_avg:394.12ms
step:1191/1660 train_time:469399ms step_avg:394.12ms
step:1192/1660 train_time:469788ms step_avg:394.12ms
step:1193/1660 train_time:470183ms step_avg:394.12ms
step:1194/1660 train_time:470577ms step_avg:394.12ms
step:1195/1660 train_time:470967ms step_avg:394.11ms
step:1196/1660 train_time:471360ms step_avg:394.11ms
step:1197/1660 train_time:471752ms step_avg:394.11ms
step:1198/1660 train_time:472145ms step_avg:394.11ms
step:1199/1660 train_time:472537ms step_avg:394.11ms
step:1200/1660 train_time:472926ms step_avg:394.11ms
step:1201/1660 train_time:473321ms step_avg:394.11ms
step:1202/1660 train_time:473727ms step_avg:394.12ms
step:1203/1660 train_time:474115ms step_avg:394.11ms
step:1204/1660 train_time:474508ms step_avg:394.11ms
step:1205/1660 train_time:474897ms step_avg:394.11ms
step:1206/1660 train_time:475284ms step_avg:394.10ms
step:1207/1660 train_time:475675ms step_avg:394.10ms
step:1208/1660 train_time:476068ms step_avg:394.10ms
step:1209/1660 train_time:476458ms step_avg:394.09ms
step:1210/1660 train_time:476848ms step_avg:394.09ms
step:1211/1660 train_time:477244ms step_avg:394.09ms
step:1212/1660 train_time:477642ms step_avg:394.09ms
step:1213/1660 train_time:478034ms step_avg:394.09ms
step:1214/1660 train_time:478422ms step_avg:394.09ms
step:1215/1660 train_time:478810ms step_avg:394.08ms
step:1216/1660 train_time:479198ms step_avg:394.08ms
step:1217/1660 train_time:479588ms step_avg:394.07ms
step:1218/1660 train_time:479979ms step_avg:394.07ms
step:1219/1660 train_time:480383ms step_avg:394.08ms
step:1220/1660 train_time:480777ms step_avg:394.08ms
step:1221/1660 train_time:481165ms step_avg:394.07ms
step:1222/1660 train_time:481559ms step_avg:394.07ms
step:1223/1660 train_time:481951ms step_avg:394.07ms
step:1224/1660 train_time:482340ms step_avg:394.07ms
step:1225/1660 train_time:482733ms step_avg:394.07ms
step:1226/1660 train_time:483124ms step_avg:394.07ms
step:1227/1660 train_time:483516ms step_avg:394.06ms
step:1228/1660 train_time:483907ms step_avg:394.06ms
step:1229/1660 train_time:484300ms step_avg:394.06ms
step:1230/1660 train_time:484692ms step_avg:394.06ms
step:1231/1660 train_time:485078ms step_avg:394.05ms
step:1232/1660 train_time:485471ms step_avg:394.05ms
step:1233/1660 train_time:485862ms step_avg:394.05ms
step:1234/1660 train_time:486257ms step_avg:394.05ms
step:1235/1660 train_time:486645ms step_avg:394.04ms
step:1236/1660 train_time:487040ms step_avg:394.05ms
step:1237/1660 train_time:487432ms step_avg:394.04ms
step:1238/1660 train_time:487823ms step_avg:394.04ms
step:1239/1660 train_time:488215ms step_avg:394.04ms
step:1240/1660 train_time:488608ms step_avg:394.04ms
step:1241/1660 train_time:489000ms step_avg:394.04ms
step:1242/1660 train_time:489395ms step_avg:394.04ms
step:1243/1660 train_time:489788ms step_avg:394.04ms
step:1244/1660 train_time:490198ms step_avg:394.05ms
step:1245/1660 train_time:490592ms step_avg:394.05ms
step:1246/1660 train_time:490975ms step_avg:394.04ms
step:1247/1660 train_time:491359ms step_avg:394.03ms
step:1248/1660 train_time:491746ms step_avg:394.03ms
step:1249/1660 train_time:492140ms step_avg:394.03ms
step:1250/1660 train_time:492533ms step_avg:394.03ms
step:1250/1660 val_loss:3.3720 train_time:492831ms step_avg:394.26ms
step:1251/1660 train_time:493125ms step_avg:394.18ms
step:1252/1660 train_time:493487ms step_avg:394.16ms
step:1253/1660 train_time:493870ms step_avg:394.15ms
step:1254/1660 train_time:494261ms step_avg:394.15ms
step:1255/1660 train_time:494652ms step_avg:394.14ms
step:1256/1660 train_time:495044ms step_avg:394.14ms
step:1257/1660 train_time:495443ms step_avg:394.15ms
step:1258/1660 train_time:495830ms step_avg:394.14ms
step:1259/1660 train_time:496227ms step_avg:394.14ms
step:1260/1660 train_time:496619ms step_avg:394.14ms
step:1261/1660 train_time:497011ms step_avg:394.14ms
step:1262/1660 train_time:497403ms step_avg:394.14ms
step:1263/1660 train_time:497797ms step_avg:394.14ms
step:1264/1660 train_time:498188ms step_avg:394.14ms
step:1265/1660 train_time:498577ms step_avg:394.13ms
step:1266/1660 train_time:498972ms step_avg:394.13ms
step:1267/1660 train_time:499365ms step_avg:394.13ms
step:1268/1660 train_time:499770ms step_avg:394.14ms
step:1269/1660 train_time:500164ms step_avg:394.14ms
step:1270/1660 train_time:500558ms step_avg:394.14ms
step:1271/1660 train_time:500953ms step_avg:394.14ms
step:1272/1660 train_time:501343ms step_avg:394.14ms
step:1273/1660 train_time:501739ms step_avg:394.14ms
step:1274/1660 train_time:502132ms step_avg:394.14ms
step:1275/1660 train_time:502523ms step_avg:394.14ms
step:1276/1660 train_time:502912ms step_avg:394.13ms
step:1277/1660 train_time:503305ms step_avg:394.13ms
step:1278/1660 train_time:503695ms step_avg:394.13ms
step:1279/1660 train_time:504086ms step_avg:394.12ms
step:1280/1660 train_time:504479ms step_avg:394.12ms
step:1281/1660 train_time:504869ms step_avg:394.12ms
step:1282/1660 train_time:505265ms step_avg:394.12ms
step:1283/1660 train_time:505655ms step_avg:394.12ms
step:1284/1660 train_time:506048ms step_avg:394.12ms
step:1285/1660 train_time:506441ms step_avg:394.12ms
step:1286/1660 train_time:506834ms step_avg:394.12ms
step:1287/1660 train_time:507226ms step_avg:394.11ms
step:1288/1660 train_time:507624ms step_avg:394.12ms
step:1289/1660 train_time:508014ms step_avg:394.11ms
step:1290/1660 train_time:508417ms step_avg:394.12ms
step:1291/1660 train_time:508810ms step_avg:394.12ms
step:1292/1660 train_time:509203ms step_avg:394.12ms
step:1293/1660 train_time:509590ms step_avg:394.11ms
step:1294/1660 train_time:509981ms step_avg:394.11ms
step:1295/1660 train_time:510378ms step_avg:394.11ms
step:1296/1660 train_time:510771ms step_avg:394.11ms
step:1297/1660 train_time:511162ms step_avg:394.11ms
step:1298/1660 train_time:511571ms step_avg:394.12ms
step:1299/1660 train_time:511968ms step_avg:394.12ms
step:1300/1660 train_time:512359ms step_avg:394.12ms
step:1301/1660 train_time:512733ms step_avg:394.11ms
step:1302/1660 train_time:513131ms step_avg:394.11ms
step:1303/1660 train_time:513523ms step_avg:394.11ms
step:1304/1660 train_time:513920ms step_avg:394.11ms
step:1305/1660 train_time:514311ms step_avg:394.11ms
step:1306/1660 train_time:514702ms step_avg:394.11ms
step:1307/1660 train_time:515090ms step_avg:394.10ms
step:1308/1660 train_time:515489ms step_avg:394.10ms
step:1309/1660 train_time:515875ms step_avg:394.10ms
step:1310/1660 train_time:516267ms step_avg:394.10ms
step:1311/1660 train_time:516660ms step_avg:394.10ms
step:1312/1660 train_time:517054ms step_avg:394.10ms
step:1313/1660 train_time:517446ms step_avg:394.09ms
step:1314/1660 train_time:517843ms step_avg:394.10ms
step:1315/1660 train_time:518232ms step_avg:394.09ms
step:1316/1660 train_time:518622ms step_avg:394.09ms
step:1317/1660 train_time:519016ms step_avg:394.09ms
step:1318/1660 train_time:519405ms step_avg:394.09ms
step:1319/1660 train_time:519804ms step_avg:394.09ms
step:1320/1660 train_time:520196ms step_avg:394.09ms
step:1321/1660 train_time:520586ms step_avg:394.09ms
step:1322/1660 train_time:520977ms step_avg:394.08ms
step:1323/1660 train_time:521372ms step_avg:394.08ms
step:1324/1660 train_time:521765ms step_avg:394.08ms
step:1325/1660 train_time:522153ms step_avg:394.08ms
step:1326/1660 train_time:522547ms step_avg:394.08ms
step:1327/1660 train_time:522941ms step_avg:394.08ms
step:1328/1660 train_time:523345ms step_avg:394.09ms
step:1329/1660 train_time:523736ms step_avg:394.08ms
step:1330/1660 train_time:524126ms step_avg:394.08ms
step:1331/1660 train_time:524514ms step_avg:394.08ms
step:1332/1660 train_time:524906ms step_avg:394.07ms
step:1333/1660 train_time:525299ms step_avg:394.07ms
step:1334/1660 train_time:525698ms step_avg:394.08ms
step:1335/1660 train_time:526089ms step_avg:394.07ms
step:1336/1660 train_time:526481ms step_avg:394.07ms
step:1337/1660 train_time:526878ms step_avg:394.07ms
step:1338/1660 train_time:527272ms step_avg:394.07ms
step:1339/1660 train_time:527683ms step_avg:394.09ms
step:1340/1660 train_time:528062ms step_avg:394.08ms
step:1341/1660 train_time:528459ms step_avg:394.08ms
step:1342/1660 train_time:528855ms step_avg:394.08ms
step:1343/1660 train_time:529250ms step_avg:394.08ms
step:1344/1660 train_time:529652ms step_avg:394.09ms
step:1345/1660 train_time:530049ms step_avg:394.09ms
step:1346/1660 train_time:530454ms step_avg:394.10ms
step:1347/1660 train_time:530830ms step_avg:394.08ms
step:1348/1660 train_time:531221ms step_avg:394.08ms
step:1349/1660 train_time:531622ms step_avg:394.09ms
step:1350/1660 train_time:532024ms step_avg:394.09ms
step:1351/1660 train_time:532401ms step_avg:394.08ms
step:1352/1660 train_time:532794ms step_avg:394.08ms
step:1353/1660 train_time:533188ms step_avg:394.08ms
step:1354/1660 train_time:533583ms step_avg:394.08ms
step:1355/1660 train_time:533981ms step_avg:394.08ms
step:1356/1660 train_time:534366ms step_avg:394.08ms
step:1357/1660 train_time:534763ms step_avg:394.08ms
step:1358/1660 train_time:535156ms step_avg:394.08ms
step:1359/1660 train_time:535547ms step_avg:394.07ms
step:1360/1660 train_time:535945ms step_avg:394.08ms
step:1361/1660 train_time:536334ms step_avg:394.07ms
step:1362/1660 train_time:536724ms step_avg:394.07ms
step:1363/1660 train_time:537119ms step_avg:394.07ms
step:1364/1660 train_time:537527ms step_avg:394.08ms
step:1365/1660 train_time:537921ms step_avg:394.08ms
step:1366/1660 train_time:538300ms step_avg:394.07ms
step:1367/1660 train_time:538692ms step_avg:394.07ms
step:1368/1660 train_time:539086ms step_avg:394.07ms
step:1369/1660 train_time:539480ms step_avg:394.07ms
step:1370/1660 train_time:539878ms step_avg:394.07ms
step:1371/1660 train_time:540269ms step_avg:394.07ms
step:1372/1660 train_time:540666ms step_avg:394.07ms
step:1373/1660 train_time:541051ms step_avg:394.07ms
step:1374/1660 train_time:541447ms step_avg:394.07ms
step:1375/1660 train_time:541840ms step_avg:394.07ms
step:1375/1660 val_loss:3.3371 train_time:542134ms step_avg:394.28ms
step:1376/1660 train_time:542460ms step_avg:394.23ms
step:1377/1660 train_time:542772ms step_avg:394.17ms
step:1378/1660 train_time:543168ms step_avg:394.17ms
step:1379/1660 train_time:543559ms step_avg:394.17ms
step:1380/1660 train_time:543977ms step_avg:394.19ms
step:1381/1660 train_time:544359ms step_avg:394.18ms
step:1382/1660 train_time:544740ms step_avg:394.17ms
step:1383/1660 train_time:545131ms step_avg:394.17ms
step:1384/1660 train_time:545517ms step_avg:394.16ms
step:1385/1660 train_time:545912ms step_avg:394.16ms
step:1386/1660 train_time:546306ms step_avg:394.16ms
step:1387/1660 train_time:546702ms step_avg:394.16ms
step:1388/1660 train_time:547098ms step_avg:394.16ms
step:1389/1660 train_time:547490ms step_avg:394.16ms
step:1390/1660 train_time:547886ms step_avg:394.16ms
step:1391/1660 train_time:548277ms step_avg:394.16ms
step:1392/1660 train_time:548673ms step_avg:394.16ms
step:1393/1660 train_time:549064ms step_avg:394.16ms
step:1394/1660 train_time:549455ms step_avg:394.16ms
step:1395/1660 train_time:549853ms step_avg:394.16ms
step:1396/1660 train_time:550240ms step_avg:394.15ms
step:1397/1660 train_time:550637ms step_avg:394.16ms
step:1398/1660 train_time:551020ms step_avg:394.15ms
step:1399/1660 train_time:551419ms step_avg:394.15ms
step:1400/1660 train_time:551810ms step_avg:394.15ms
step:1401/1660 train_time:552209ms step_avg:394.15ms
step:1402/1660 train_time:552601ms step_avg:394.15ms
step:1403/1660 train_time:552992ms step_avg:394.15ms
step:1404/1660 train_time:553384ms step_avg:394.15ms
step:1405/1660 train_time:553780ms step_avg:394.15ms
step:1406/1660 train_time:554173ms step_avg:394.15ms
step:1407/1660 train_time:554572ms step_avg:394.15ms
step:1408/1660 train_time:554969ms step_avg:394.15ms
step:1409/1660 train_time:555360ms step_avg:394.15ms
step:1410/1660 train_time:555751ms step_avg:394.15ms
step:1411/1660 train_time:556142ms step_avg:394.15ms
step:1412/1660 train_time:556536ms step_avg:394.15ms
step:1413/1660 train_time:556923ms step_avg:394.14ms
step:1414/1660 train_time:557315ms step_avg:394.14ms
step:1415/1660 train_time:557703ms step_avg:394.14ms
step:1416/1660 train_time:558102ms step_avg:394.14ms
step:1417/1660 train_time:558488ms step_avg:394.13ms
step:1418/1660 train_time:558877ms step_avg:394.13ms
step:1419/1660 train_time:559270ms step_avg:394.13ms
step:1420/1660 train_time:559666ms step_avg:394.13ms
step:1421/1660 train_time:560056ms step_avg:394.13ms
step:1422/1660 train_time:560445ms step_avg:394.12ms
step:1423/1660 train_time:560848ms step_avg:394.13ms
step:1424/1660 train_time:561242ms step_avg:394.13ms
step:1425/1660 train_time:561636ms step_avg:394.13ms
step:1426/1660 train_time:562031ms step_avg:394.13ms
step:1427/1660 train_time:562420ms step_avg:394.13ms
step:1428/1660 train_time:562820ms step_avg:394.13ms
step:1429/1660 train_time:563213ms step_avg:394.13ms
step:1430/1660 train_time:563601ms step_avg:394.13ms
step:1431/1660 train_time:563999ms step_avg:394.13ms
step:1432/1660 train_time:564393ms step_avg:394.13ms
step:1433/1660 train_time:564788ms step_avg:394.13ms
step:1434/1660 train_time:565181ms step_avg:394.13ms
step:1435/1660 train_time:565573ms step_avg:394.13ms
step:1436/1660 train_time:565967ms step_avg:394.13ms
step:1437/1660 train_time:566359ms step_avg:394.13ms
step:1438/1660 train_time:566752ms step_avg:394.12ms
step:1439/1660 train_time:567145ms step_avg:394.12ms
step:1440/1660 train_time:567541ms step_avg:394.13ms
step:1441/1660 train_time:567933ms step_avg:394.12ms
step:1442/1660 train_time:568326ms step_avg:394.12ms
step:1443/1660 train_time:568716ms step_avg:394.12ms
step:1444/1660 train_time:569130ms step_avg:394.13ms
step:1445/1660 train_time:569522ms step_avg:394.13ms
step:1446/1660 train_time:569900ms step_avg:394.12ms
step:1447/1660 train_time:570294ms step_avg:394.12ms
step:1448/1660 train_time:570685ms step_avg:394.12ms
step:1449/1660 train_time:571079ms step_avg:394.12ms
step:1450/1660 train_time:571469ms step_avg:394.12ms
step:1451/1660 train_time:571866ms step_avg:394.12ms
step:1452/1660 train_time:572256ms step_avg:394.12ms
step:1453/1660 train_time:572651ms step_avg:394.12ms
step:1454/1660 train_time:573042ms step_avg:394.11ms
step:1455/1660 train_time:573430ms step_avg:394.11ms
step:1456/1660 train_time:573823ms step_avg:394.11ms
step:1457/1660 train_time:574218ms step_avg:394.11ms
step:1458/1660 train_time:574605ms step_avg:394.11ms
step:1459/1660 train_time:574999ms step_avg:394.10ms
step:1460/1660 train_time:575392ms step_avg:394.10ms
step:1461/1660 train_time:575782ms step_avg:394.10ms
step:1462/1660 train_time:576175ms step_avg:394.10ms
step:1463/1660 train_time:576569ms step_avg:394.10ms
step:1464/1660 train_time:576962ms step_avg:394.10ms
step:1465/1660 train_time:577354ms step_avg:394.10ms
step:1466/1660 train_time:577746ms step_avg:394.10ms
step:1467/1660 train_time:578141ms step_avg:394.10ms
step:1468/1660 train_time:578532ms step_avg:394.10ms
step:1469/1660 train_time:578929ms step_avg:394.10ms
step:1470/1660 train_time:579321ms step_avg:394.10ms
step:1471/1660 train_time:579716ms step_avg:394.10ms
step:1472/1660 train_time:580111ms step_avg:394.10ms
step:1473/1660 train_time:580505ms step_avg:394.10ms
step:1474/1660 train_time:580897ms step_avg:394.10ms
step:1475/1660 train_time:581294ms step_avg:394.10ms
step:1476/1660 train_time:581685ms step_avg:394.10ms
step:1477/1660 train_time:582077ms step_avg:394.09ms
step:1478/1660 train_time:582475ms step_avg:394.10ms
step:1479/1660 train_time:582871ms step_avg:394.10ms
step:1480/1660 train_time:583264ms step_avg:394.10ms
step:1481/1660 train_time:583656ms step_avg:394.10ms
step:1482/1660 train_time:584049ms step_avg:394.10ms
step:1483/1660 train_time:584447ms step_avg:394.10ms
step:1484/1660 train_time:584836ms step_avg:394.09ms
step:1485/1660 train_time:585229ms step_avg:394.09ms
step:1486/1660 train_time:585623ms step_avg:394.09ms
step:1487/1660 train_time:586018ms step_avg:394.09ms
step:1488/1660 train_time:586413ms step_avg:394.10ms
step:1489/1660 train_time:586813ms step_avg:394.10ms
step:1490/1660 train_time:587202ms step_avg:394.10ms
step:1491/1660 train_time:587614ms step_avg:394.11ms
step:1492/1660 train_time:588010ms step_avg:394.11ms
step:1493/1660 train_time:588410ms step_avg:394.11ms
step:1494/1660 train_time:588804ms step_avg:394.11ms
step:1495/1660 train_time:589204ms step_avg:394.12ms
step:1496/1660 train_time:589580ms step_avg:394.10ms
step:1497/1660 train_time:589972ms step_avg:394.10ms
step:1498/1660 train_time:590366ms step_avg:394.10ms
step:1499/1660 train_time:590774ms step_avg:394.11ms
step:1500/1660 train_time:591152ms step_avg:394.10ms
step:1500/1660 val_loss:3.3068 train_time:591451ms step_avg:394.30ms
step:1501/1660 train_time:591739ms step_avg:394.23ms
step:1502/1660 train_time:592136ms step_avg:394.23ms
step:1503/1660 train_time:592535ms step_avg:394.23ms
step:1504/1660 train_time:592935ms step_avg:394.24ms
step:1505/1660 train_time:593333ms step_avg:394.24ms
step:1506/1660 train_time:593727ms step_avg:394.24ms
step:1507/1660 train_time:594124ms step_avg:394.24ms
step:1508/1660 train_time:594514ms step_avg:394.24ms
step:1509/1660 train_time:594911ms step_avg:394.24ms
step:1510/1660 train_time:595306ms step_avg:394.24ms
step:1511/1660 train_time:595702ms step_avg:394.24ms
step:1512/1660 train_time:596095ms step_avg:394.24ms
step:1513/1660 train_time:596500ms step_avg:394.25ms
step:1514/1660 train_time:596890ms step_avg:394.25ms
step:1515/1660 train_time:597285ms step_avg:394.25ms
step:1516/1660 train_time:597683ms step_avg:394.25ms
step:1517/1660 train_time:598081ms step_avg:394.25ms
step:1518/1660 train_time:598471ms step_avg:394.25ms
step:1519/1660 train_time:598864ms step_avg:394.25ms
step:1520/1660 train_time:599266ms step_avg:394.25ms
step:1521/1660 train_time:599659ms step_avg:394.25ms
step:1522/1660 train_time:600053ms step_avg:394.25ms
step:1523/1660 train_time:600445ms step_avg:394.25ms
step:1524/1660 train_time:600848ms step_avg:394.26ms
step:1525/1660 train_time:601247ms step_avg:394.26ms
step:1526/1660 train_time:601637ms step_avg:394.26ms
step:1527/1660 train_time:602028ms step_avg:394.26ms
step:1528/1660 train_time:602419ms step_avg:394.25ms
step:1529/1660 train_time:602813ms step_avg:394.25ms
step:1530/1660 train_time:603210ms step_avg:394.26ms
step:1531/1660 train_time:603606ms step_avg:394.26ms
step:1532/1660 train_time:604001ms step_avg:394.26ms
step:1533/1660 train_time:604393ms step_avg:394.26ms
step:1534/1660 train_time:604787ms step_avg:394.25ms
step:1535/1660 train_time:605180ms step_avg:394.25ms
step:1536/1660 train_time:605574ms step_avg:394.25ms
step:1537/1660 train_time:605966ms step_avg:394.25ms
step:1538/1660 train_time:606362ms step_avg:394.25ms
step:1539/1660 train_time:606759ms step_avg:394.26ms
step:1540/1660 train_time:607156ms step_avg:394.26ms
step:1541/1660 train_time:607548ms step_avg:394.26ms
step:1542/1660 train_time:607944ms step_avg:394.26ms
step:1543/1660 train_time:608344ms step_avg:394.26ms
step:1544/1660 train_time:608737ms step_avg:394.26ms
step:1545/1660 train_time:609135ms step_avg:394.26ms
step:1546/1660 train_time:609528ms step_avg:394.26ms
step:1547/1660 train_time:609941ms step_avg:394.27ms
step:1548/1660 train_time:610316ms step_avg:394.26ms
step:1549/1660 train_time:610713ms step_avg:394.26ms
step:1550/1660 train_time:611112ms step_avg:394.27ms
step:1551/1660 train_time:611505ms step_avg:394.27ms
step:1552/1660 train_time:611901ms step_avg:394.27ms
step:1553/1660 train_time:612293ms step_avg:394.26ms
step:1554/1660 train_time:612693ms step_avg:394.27ms
step:1555/1660 train_time:613084ms step_avg:394.27ms
step:1556/1660 train_time:613479ms step_avg:394.27ms
step:1557/1660 train_time:613876ms step_avg:394.27ms
step:1558/1660 train_time:614273ms step_avg:394.27ms
step:1559/1660 train_time:614668ms step_avg:394.27ms
step:1560/1660 train_time:615062ms step_avg:394.27ms
step:1561/1660 train_time:615457ms step_avg:394.27ms
step:1562/1660 train_time:615850ms step_avg:394.27ms
step:1563/1660 train_time:616246ms step_avg:394.27ms
step:1564/1660 train_time:616642ms step_avg:394.27ms
step:1565/1660 train_time:617041ms step_avg:394.28ms
step:1566/1660 train_time:617434ms step_avg:394.27ms
step:1567/1660 train_time:617827ms step_avg:394.27ms
step:1568/1660 train_time:618227ms step_avg:394.28ms
step:1569/1660 train_time:618622ms step_avg:394.28ms
step:1570/1660 train_time:619024ms step_avg:394.28ms
step:1571/1660 train_time:619416ms step_avg:394.28ms
step:1572/1660 train_time:619817ms step_avg:394.29ms
step:1573/1660 train_time:620209ms step_avg:394.28ms
step:1574/1660 train_time:620610ms step_avg:394.29ms
step:1575/1660 train_time:621005ms step_avg:394.29ms
step:1576/1660 train_time:621403ms step_avg:394.29ms
step:1577/1660 train_time:621794ms step_avg:394.29ms
step:1578/1660 train_time:622192ms step_avg:394.29ms
step:1579/1660 train_time:622581ms step_avg:394.29ms
step:1580/1660 train_time:622975ms step_avg:394.29ms
step:1581/1660 train_time:623375ms step_avg:394.29ms
step:1582/1660 train_time:623766ms step_avg:394.29ms
step:1583/1660 train_time:624161ms step_avg:394.29ms
step:1584/1660 train_time:624558ms step_avg:394.29ms
step:1585/1660 train_time:624953ms step_avg:394.29ms
step:1586/1660 train_time:625350ms step_avg:394.29ms
step:1587/1660 train_time:625743ms step_avg:394.29ms
step:1588/1660 train_time:626152ms step_avg:394.30ms
step:1589/1660 train_time:626532ms step_avg:394.29ms
step:1590/1660 train_time:626930ms step_avg:394.30ms
step:1591/1660 train_time:627325ms step_avg:394.30ms
step:1592/1660 train_time:627725ms step_avg:394.30ms
step:1593/1660 train_time:628117ms step_avg:394.30ms
step:1594/1660 train_time:628519ms step_avg:394.30ms
step:1595/1660 train_time:628911ms step_avg:394.30ms
step:1596/1660 train_time:629308ms step_avg:394.30ms
step:1597/1660 train_time:629706ms step_avg:394.31ms
step:1598/1660 train_time:630091ms step_avg:394.30ms
step:1599/1660 train_time:630485ms step_avg:394.30ms
step:1600/1660 train_time:630881ms step_avg:394.30ms
step:1601/1660 train_time:631275ms step_avg:394.30ms
step:1602/1660 train_time:631668ms step_avg:394.30ms
step:1603/1660 train_time:632064ms step_avg:394.30ms
step:1604/1660 train_time:632466ms step_avg:394.31ms
step:1605/1660 train_time:632862ms step_avg:394.31ms
step:1606/1660 train_time:633260ms step_avg:394.31ms
step:1607/1660 train_time:633651ms step_avg:394.31ms
step:1608/1660 train_time:634042ms step_avg:394.30ms
step:1609/1660 train_time:634439ms step_avg:394.31ms
step:1610/1660 train_time:634832ms step_avg:394.31ms
step:1611/1660 train_time:635233ms step_avg:394.31ms
step:1612/1660 train_time:635628ms step_avg:394.31ms
step:1613/1660 train_time:636025ms step_avg:394.31ms
step:1614/1660 train_time:636420ms step_avg:394.31ms
step:1615/1660 train_time:636815ms step_avg:394.31ms
step:1616/1660 train_time:637212ms step_avg:394.31ms
step:1617/1660 train_time:637601ms step_avg:394.31ms
step:1618/1660 train_time:637993ms step_avg:394.31ms
step:1619/1660 train_time:638390ms step_avg:394.31ms
step:1620/1660 train_time:638786ms step_avg:394.31ms
step:1621/1660 train_time:639181ms step_avg:394.31ms
step:1622/1660 train_time:639580ms step_avg:394.32ms
step:1623/1660 train_time:639975ms step_avg:394.32ms
step:1624/1660 train_time:640369ms step_avg:394.32ms
step:1625/1660 train_time:640766ms step_avg:394.32ms
step:1625/1660 val_loss:3.2820 train_time:641061ms step_avg:394.50ms
step:1626/1660 train_time:641345ms step_avg:394.43ms
step:1627/1660 train_time:641687ms step_avg:394.40ms
step:1628/1660 train_time:642082ms step_avg:394.40ms
step:1629/1660 train_time:642481ms step_avg:394.40ms
step:1630/1660 train_time:642873ms step_avg:394.40ms
step:1631/1660 train_time:643273ms step_avg:394.40ms
step:1632/1660 train_time:643666ms step_avg:394.40ms
step:1633/1660 train_time:644061ms step_avg:394.40ms
step:1634/1660 train_time:644457ms step_avg:394.40ms
step:1635/1660 train_time:644838ms step_avg:394.40ms
step:1636/1660 train_time:645233ms step_avg:394.40ms
step:1637/1660 train_time:645629ms step_avg:394.40ms
step:1638/1660 train_time:646028ms step_avg:394.40ms
step:1639/1660 train_time:646424ms step_avg:394.40ms
step:1640/1660 train_time:646820ms step_avg:394.40ms
step:1641/1660 train_time:647213ms step_avg:394.40ms
step:1642/1660 train_time:647603ms step_avg:394.40ms
step:1643/1660 train_time:647997ms step_avg:394.40ms
step:1644/1660 train_time:648392ms step_avg:394.40ms
step:1645/1660 train_time:648787ms step_avg:394.40ms
step:1646/1660 train_time:649179ms step_avg:394.40ms
step:1647/1660 train_time:649581ms step_avg:394.40ms
step:1648/1660 train_time:649970ms step_avg:394.40ms
step:1649/1660 train_time:650369ms step_avg:394.40ms
step:1650/1660 train_time:650764ms step_avg:394.40ms
step:1651/1660 train_time:651155ms step_avg:394.40ms
step:1652/1660 train_time:651546ms step_avg:394.40ms
step:1653/1660 train_time:651945ms step_avg:394.40ms
step:1654/1660 train_time:652339ms step_avg:394.40ms
step:1655/1660 train_time:652742ms step_avg:394.41ms
step:1656/1660 train_time:653135ms step_avg:394.41ms
step:1657/1660 train_time:653530ms step_avg:394.41ms
step:1658/1660 train_time:653927ms step_avg:394.41ms
step:1659/1660 train_time:654328ms step_avg:394.41ms
step:1660/1660 train_time:654715ms step_avg:394.41ms
step:1660/1660 val_loss:3.2739 train_time:655008ms step_avg:394.58ms
peak memory allocated: 31703 MiB reserved: 34462 MiB
total training time: 655.01s (655008ms)
