=== Environment ===
SEED=102
NPROC=16
PYTHON=/root/miniconda3/envs/llm_test/bin/python
DATA_PATH=/models/modded-nanogpt_record50_cautious_wd
TRAIN_SCRIPT=/models/modded-nanogpt_record50_cautious_wd/npu_bench/record_033_async_data_attn_final_window/agent_outputs/default_agent/npu_port/train_gpt.py
Python 3.10.19
===================
W0527 17:51:56.298000 272 site-packages/torch/distributed/run.py:766] 
W0527 17:51:56.298000 272 site-packages/torch/distributed/run.py:766] *****************************************
W0527 17:51:56.298000 272 site-packages/torch/distributed/run.py:766] Setting OMP_NUM_THREADS environment variable for each process to be 1 in default, to avoid your system being overloaded, please further tune the variable for optimal performance in your application as needed. 
W0527 17:51:56.298000 272 site-packages/torch/distributed/run.py:766] *****************************************
/root/miniconda3/envs/llm_test/lib/python3.10/site-packages/torch/autograd/__init__.py:221: UserWarning: Cannot create tensor with interal format while allow_internel_format=False, tensor will be created with base format. (Triggered internally at build/CMakeFiles/torch_npu.dir/compiler_depend.ts:338.)
  torch.ones_like(out, memory_format=torch.preserve_format)
/root/miniconda3/envs/llm_test/lib/python3.10/site-packages/torch/autograd/__init__.py:221: UserWarning: Cannot create tensor with interal format while allow_internel_format=False, tensor will be created with base format. (Triggered internally at build/CMakeFiles/torch_npu.dir/compiler_depend.ts:338.)
  torch.ones_like(out, memory_format=torch.preserve_format)
/root/miniconda3/envs/llm_test/lib/python3.10/site-packages/torch/distributed/distributed_c10d.py:4631: UserWarning: No device id is provided via `init_process_group` or `barrier `. Using the current device set by the user. 
  warnings.warn(  # warn only once
/root/miniconda3/envs/llm_test/lib/python3.10/site-packages/torch/distributed/distributed_c10d.py:4631: UserWarning: No device id is provided via `init_process_group` or `barrier `. Using the current device set by the user. 
  warnings.warn(  # warn only once
/root/miniconda3/envs/llm_test/lib/python3.10/site-packages/torch/autograd/__init__.py:221: UserWarning: Cannot create tensor with interal format while allow_internel_format=False, tensor will be created with base format. (Triggered internally at build/CMakeFiles/torch_npu.dir/compiler_depend.ts:338.)
  torch.ones_like(out, memory_format=torch.preserve_format)
/root/miniconda3/envs/llm_test/lib/python3.10/site-packages/torch/autograd/__init__.py:221: UserWarning: Cannot create tensor with interal format while allow_internel_format=False, tensor will be created with base format. (Triggered internally at build/CMakeFiles/torch_npu.dir/compiler_depend.ts:338.)
  torch.ones_like(out, memory_format=torch.preserve_format)
/root/miniconda3/envs/llm_test/lib/python3.10/site-packages/torch/autograd/__init__.py:221: UserWarning: Cannot create tensor with interal format while allow_internel_format=False, tensor will be created with base format. (Triggered internally at build/CMakeFiles/torch_npu.dir/compiler_depend.ts:338.)
  torch.ones_like(out, memory_format=torch.preserve_format)
/root/miniconda3/envs/llm_test/lib/python3.10/site-packages/torch/autograd/__init__.py:221: UserWarning: Cannot create tensor with interal format while allow_internel_format=False, tensor will be created with base format. (Triggered internally at build/CMakeFiles/torch_npu.dir/compiler_depend.ts:338.)
  torch.ones_like(out, memory_format=torch.preserve_format)
/root/miniconda3/envs/llm_test/lib/python3.10/site-packages/torch/autograd/__init__.py:221: UserWarning: Cannot create tensor with interal format while allow_internel_format=False, tensor will be created with base format. (Triggered internally at build/CMakeFiles/torch_npu.dir/compiler_depend.ts:338.)
  torch.ones_like(out, memory_format=torch.preserve_format)
/root/miniconda3/envs/llm_test/lib/python3.10/site-packages/torch/autograd/__init__.py:221: UserWarning: Cannot create tensor with interal format while allow_internel_format=False, tensor will be created with base format. (Triggered internally at build/CMakeFiles/torch_npu.dir/compiler_depend.ts:338.)
  torch.ones_like(out, memory_format=torch.preserve_format)
/root/miniconda3/envs/llm_test/lib/python3.10/site-packages/torch/autograd/__init__.py:221: UserWarning: Cannot create tensor with interal format while allow_internel_format=False, tensor will be created with base format. (Triggered internally at build/CMakeFiles/torch_npu.dir/compiler_depend.ts:338.)
  torch.ones_like(out, memory_format=torch.preserve_format)
/root/miniconda3/envs/llm_test/lib/python3.10/site-packages/torch/autograd/__init__.py:221: UserWarning: Cannot create tensor with interal format while allow_internel_format=False, tensor will be created with base format. (Triggered internally at build/CMakeFiles/torch_npu.dir/compiler_depend.ts:338.)
  torch.ones_like(out, memory_format=torch.preserve_format)
/root/miniconda3/envs/llm_test/lib/python3.10/site-packages/torch/autograd/__init__.py:221: UserWarning: Cannot create tensor with interal format while allow_internel_format=False, tensor will be created with base format. (Triggered internally at build/CMakeFiles/torch_npu.dir/compiler_depend.ts:338.)
  torch.ones_like(out, memory_format=torch.preserve_format)
/root/miniconda3/envs/llm_test/lib/python3.10/site-packages/torch/autograd/__init__.py:221: UserWarning: Cannot create tensor with interal format while allow_internel_format=False, tensor will be created with base format. (Triggered internally at build/CMakeFiles/torch_npu.dir/compiler_depend.ts:338.)
  torch.ones_like(out, memory_format=torch.preserve_format)
/root/miniconda3/envs/llm_test/lib/python3.10/site-packages/torch/autograd/__init__.py:221: UserWarning: Cannot create tensor with interal format while allow_internel_format=False, tensor will be created with base format. (Triggered internally at build/CMakeFiles/torch_npu.dir/compiler_depend.ts:338.)
  torch.ones_like(out, memory_format=torch.preserve_format)
/root/miniconda3/envs/llm_test/lib/python3.10/site-packages/torch/autograd/__init__.py:221: UserWarning: Cannot create tensor with interal format while allow_internel_format=False, tensor will be created with base format. (Triggered internally at build/CMakeFiles/torch_npu.dir/compiler_depend.ts:338.)
  torch.ones_like(out, memory_format=torch.preserve_format)
/root/miniconda3/envs/llm_test/lib/python3.10/site-packages/torch/autograd/__init__.py:221: UserWarning: Cannot create tensor with interal format while allow_internel_format=False, tensor will be created with base format. (Triggered internally at build/CMakeFiles/torch_npu.dir/compiler_depend.ts:338.)
  torch.ones_like(out, memory_format=torch.preserve_format)
/root/miniconda3/envs/llm_test/lib/python3.10/site-packages/torch/autograd/__init__.py:221: UserWarning: Cannot create tensor with interal format while allow_internel_format=False, tensor will be created with base format. (Triggered internally at build/CMakeFiles/torch_npu.dir/compiler_depend.ts:338.)
  torch.ones_like(out, memory_format=torch.preserve_format)
/root/miniconda3/envs/llm_test/lib/python3.10/site-packages/torch/distributed/distributed_c10d.py:4631: UserWarning: No device id is provided via `init_process_group` or `barrier `. Using the current device set by the user. 
  warnings.warn(  # warn only once
/root/miniconda3/envs/llm_test/lib/python3.10/site-packages/torch/distributed/distributed_c10d.py:4631: UserWarning: No device id is provided via `init_process_group` or `barrier `. Using the current device set by the user. 
  warnings.warn(  # warn only once
/root/miniconda3/envs/llm_test/lib/python3.10/site-packages/torch/distributed/distributed_c10d.py:4631: UserWarning: No device id is provided via `init_process_group` or `barrier `. Using the current device set by the user. 
  warnings.warn(  # warn only once
/root/miniconda3/envs/llm_test/lib/python3.10/site-packages/torch/distributed/distributed_c10d.py:4631: UserWarning: No device id is provided via `init_process_group` or `barrier `. Using the current device set by the user. 
  warnings.warn(  # warn only once
/root/miniconda3/envs/llm_test/lib/python3.10/site-packages/torch/distributed/distributed_c10d.py:4631: UserWarning: No device id is provided via `init_process_group` or `barrier `. Using the current device set by the user. 
  warnings.warn(  # warn only once
/root/miniconda3/envs/llm_test/lib/python3.10/site-packages/torch/distributed/distributed_c10d.py:4631: UserWarning: No device id is provided via `init_process_group` or `barrier `. Using the current device set by the user. 
  warnings.warn(  # warn only once
/root/miniconda3/envs/llm_test/lib/python3.10/site-packages/torch/distributed/distributed_c10d.py:4631: UserWarning: No device id is provided via `init_process_group` or `barrier `. Using the current device set by the user. 
  warnings.warn(  # warn only once
/root/miniconda3/envs/llm_test/lib/python3.10/site-packages/torch/distributed/distributed_c10d.py:4631: UserWarning: No device id is provided via `init_process_group` or `barrier `. Using the current device set by the user. 
  warnings.warn(  # warn only once
/root/miniconda3/envs/llm_test/lib/python3.10/site-packages/torch/distributed/distributed_c10d.py:4631: UserWarning: No device id is provided via `init_process_group` or `barrier `. Using the current device set by the user. 
  warnings.warn(  # warn only once
/root/miniconda3/envs/llm_test/lib/python3.10/site-packages/torch/distributed/distributed_c10d.py:4631: UserWarning: No device id is provided via `init_process_group` or `barrier `. Using the current device set by the user. 
  warnings.warn(  # warn only once
/root/miniconda3/envs/llm_test/lib/python3.10/site-packages/torch/distributed/distributed_c10d.py:4631: UserWarning: No device id is provided via `init_process_group` or `barrier `. Using the current device set by the user. 
  warnings.warn(  # warn only once
/root/miniconda3/envs/llm_test/lib/python3.10/site-packages/torch/distributed/distributed_c10d.py:4631: UserWarning: No device id is provided via `init_process_group` or `barrier `. Using the current device set by the user. 
  warnings.warn(  # warn only once
/root/miniconda3/envs/llm_test/lib/python3.10/site-packages/torch/distributed/distributed_c10d.py:4631: UserWarning: No device id is provided via `init_process_group` or `barrier `. Using the current device set by the user. 
  warnings.warn(  # warn only once
/root/miniconda3/envs/llm_test/lib/python3.10/site-packages/torch/distributed/distributed_c10d.py:4631: UserWarning: No device id is provided via `init_process_group` or `barrier `. Using the current device set by the user. 
  warnings.warn(  # warn only once
logs/0427eb3e-297e-4f00-abb5-c87684a934b9
/root/miniconda3/envs/llm_test/lib/python3.10/site-packages/torch_npu/utils/storage.py:89: UserWarning: TypedStorage is deprecated. It will be removed in the future and UntypedStorage will be the only storage class. This should only matter to you if you are using storages directly.  To access UntypedStorage directly, use tensor.untyped_storage() instead of tensor.storage()
  if self.device.type != 'cpu':
step:0/1660 val_loss:10.8258 train_time:0ms step_avg:0.07ms
step:1/1660 train_time:1160ms step_avg:1160.36ms
step:2/1660 train_time:1265ms step_avg:632.58ms
step:3/1660 train_time:1654ms step_avg:551.40ms
step:4/1660 train_time:2044ms step_avg:510.99ms
step:5/1660 train_time:2439ms step_avg:487.87ms
step:6/1660 train_time:2832ms step_avg:472.02ms
step:7/1660 train_time:3225ms step_avg:460.69ms
step:8/1660 train_time:3623ms step_avg:452.92ms
step:9/1660 train_time:4012ms step_avg:445.79ms
step:10/1660 train_time:4406ms step_avg:440.55ms
step:11/1660 train_time:4795ms step_avg:435.93ms
step:12/1660 train_time:5189ms step_avg:432.42ms
step:13/1660 train_time:5581ms step_avg:429.32ms
step:14/1660 train_time:5974ms step_avg:426.73ms
step:15/1660 train_time:6368ms step_avg:424.51ms
step:16/1660 train_time:6764ms step_avg:422.74ms
step:17/1660 train_time:7156ms step_avg:420.95ms
step:18/1660 train_time:7544ms step_avg:419.11ms
step:19/1660 train_time:7938ms step_avg:417.76ms
step:20/1660 train_time:8332ms step_avg:416.59ms
step:21/1660 train_time:8723ms step_avg:415.36ms
step:22/1660 train_time:9117ms step_avg:414.39ms
step:23/1660 train_time:9508ms step_avg:413.39ms
step:24/1660 train_time:9899ms step_avg:412.46ms
step:25/1660 train_time:10289ms step_avg:411.57ms
step:26/1660 train_time:10683ms step_avg:410.87ms
step:27/1660 train_time:11080ms step_avg:410.38ms
step:28/1660 train_time:11471ms step_avg:409.68ms
step:29/1660 train_time:11862ms step_avg:409.05ms
step:30/1660 train_time:12256ms step_avg:408.53ms
step:31/1660 train_time:12648ms step_avg:407.99ms
step:32/1660 train_time:13038ms step_avg:407.44ms
step:33/1660 train_time:13430ms step_avg:406.98ms
step:34/1660 train_time:13826ms step_avg:406.66ms
step:35/1660 train_time:14219ms step_avg:406.25ms
step:36/1660 train_time:14609ms step_avg:405.79ms
step:37/1660 train_time:15000ms step_avg:405.41ms
step:38/1660 train_time:15389ms step_avg:404.98ms
step:39/1660 train_time:15784ms step_avg:404.71ms
step:40/1660 train_time:16176ms step_avg:404.40ms
step:41/1660 train_time:16567ms step_avg:404.06ms
step:42/1660 train_time:16961ms step_avg:403.82ms
step:43/1660 train_time:17353ms step_avg:403.57ms
step:44/1660 train_time:17748ms step_avg:403.37ms
step:45/1660 train_time:18141ms step_avg:403.12ms
step:46/1660 train_time:18533ms step_avg:402.88ms
step:47/1660 train_time:18924ms step_avg:402.63ms
step:48/1660 train_time:19314ms step_avg:402.38ms
step:49/1660 train_time:19708ms step_avg:402.21ms
step:50/1660 train_time:20103ms step_avg:402.06ms
step:51/1660 train_time:20497ms step_avg:401.90ms
step:52/1660 train_time:20891ms step_avg:401.76ms
step:53/1660 train_time:21281ms step_avg:401.53ms
step:54/1660 train_time:21673ms step_avg:401.35ms
step:55/1660 train_time:22067ms step_avg:401.23ms
step:56/1660 train_time:22456ms step_avg:401.00ms
step:57/1660 train_time:22851ms step_avg:400.90ms
step:58/1660 train_time:23245ms step_avg:400.77ms
step:59/1660 train_time:23643ms step_avg:400.73ms
step:60/1660 train_time:24029ms step_avg:400.49ms
step:61/1660 train_time:24420ms step_avg:400.33ms
step:62/1660 train_time:24816ms step_avg:400.26ms
step:63/1660 train_time:25214ms step_avg:400.22ms
step:64/1660 train_time:25601ms step_avg:400.01ms
step:65/1660 train_time:25993ms step_avg:399.89ms
step:66/1660 train_time:26382ms step_avg:399.72ms
step:67/1660 train_time:26772ms step_avg:399.58ms
step:68/1660 train_time:27162ms step_avg:399.43ms
step:69/1660 train_time:27555ms step_avg:399.35ms
step:70/1660 train_time:27952ms step_avg:399.31ms
step:71/1660 train_time:28345ms step_avg:399.22ms
step:72/1660 train_time:28735ms step_avg:399.10ms
step:73/1660 train_time:29128ms step_avg:399.02ms
step:74/1660 train_time:29521ms step_avg:398.93ms
step:75/1660 train_time:29919ms step_avg:398.92ms
step:76/1660 train_time:30310ms step_avg:398.82ms
step:77/1660 train_time:30706ms step_avg:398.78ms
step:78/1660 train_time:31098ms step_avg:398.70ms
step:79/1660 train_time:31493ms step_avg:398.64ms
step:80/1660 train_time:31888ms step_avg:398.60ms
step:81/1660 train_time:32278ms step_avg:398.49ms
step:82/1660 train_time:32675ms step_avg:398.48ms
step:83/1660 train_time:33067ms step_avg:398.40ms
step:84/1660 train_time:33461ms step_avg:398.35ms
step:85/1660 train_time:33852ms step_avg:398.26ms
step:86/1660 train_time:34252ms step_avg:398.28ms
step:87/1660 train_time:34643ms step_avg:398.19ms
step:88/1660 train_time:35036ms step_avg:398.14ms
step:89/1660 train_time:35428ms step_avg:398.07ms
step:90/1660 train_time:35818ms step_avg:397.98ms
step:91/1660 train_time:36216ms step_avg:397.98ms
step:92/1660 train_time:36605ms step_avg:397.88ms
step:93/1660 train_time:36997ms step_avg:397.82ms
step:94/1660 train_time:37391ms step_avg:397.78ms
step:95/1660 train_time:37782ms step_avg:397.71ms
step:96/1660 train_time:38175ms step_avg:397.65ms
step:97/1660 train_time:38567ms step_avg:397.60ms
step:98/1660 train_time:38962ms step_avg:397.57ms
step:99/1660 train_time:39357ms step_avg:397.54ms
step:100/1660 train_time:39748ms step_avg:397.48ms
step:101/1660 train_time:40144ms step_avg:397.47ms
step:102/1660 train_time:40533ms step_avg:397.39ms
step:103/1660 train_time:40925ms step_avg:397.33ms
step:104/1660 train_time:41317ms step_avg:397.28ms
step:105/1660 train_time:41707ms step_avg:397.21ms
step:106/1660 train_time:42102ms step_avg:397.19ms
step:107/1660 train_time:42496ms step_avg:397.16ms
step:108/1660 train_time:42890ms step_avg:397.13ms
step:109/1660 train_time:43277ms step_avg:397.04ms
step:110/1660 train_time:43666ms step_avg:396.97ms
step:111/1660 train_time:44064ms step_avg:396.97ms
step:112/1660 train_time:44456ms step_avg:396.92ms
step:113/1660 train_time:44851ms step_avg:396.91ms
step:114/1660 train_time:45241ms step_avg:396.85ms
step:115/1660 train_time:45634ms step_avg:396.81ms
step:116/1660 train_time:46024ms step_avg:396.76ms
step:117/1660 train_time:46424ms step_avg:396.79ms
step:118/1660 train_time:46821ms step_avg:396.78ms
step:119/1660 train_time:47215ms step_avg:396.77ms
step:120/1660 train_time:47607ms step_avg:396.72ms
step:121/1660 train_time:47999ms step_avg:396.69ms
step:122/1660 train_time:48391ms step_avg:396.65ms
step:123/1660 train_time:48785ms step_avg:396.63ms
step:124/1660 train_time:49176ms step_avg:396.58ms
step:125/1660 train_time:49567ms step_avg:396.53ms
step:125/1660 val_loss:4.3225 train_time:49862ms step_avg:398.90ms
step:126/1660 train_time:50120ms step_avg:397.78ms
step:127/1660 train_time:50462ms step_avg:397.34ms
step:128/1660 train_time:50852ms step_avg:397.28ms
step:129/1660 train_time:51247ms step_avg:397.27ms
step:130/1660 train_time:51642ms step_avg:397.25ms
step:131/1660 train_time:52036ms step_avg:397.22ms
step:132/1660 train_time:52427ms step_avg:397.18ms
step:133/1660 train_time:52818ms step_avg:397.13ms
step:134/1660 train_time:53209ms step_avg:397.08ms
step:135/1660 train_time:53600ms step_avg:397.04ms
step:136/1660 train_time:53991ms step_avg:396.99ms
step:137/1660 train_time:54383ms step_avg:396.96ms
step:138/1660 train_time:54773ms step_avg:396.91ms
step:139/1660 train_time:55170ms step_avg:396.91ms
step:140/1660 train_time:55561ms step_avg:396.87ms
step:141/1660 train_time:55956ms step_avg:396.85ms
step:142/1660 train_time:56348ms step_avg:396.81ms
step:143/1660 train_time:56740ms step_avg:396.78ms
step:144/1660 train_time:57133ms step_avg:396.75ms
step:145/1660 train_time:57522ms step_avg:396.70ms
step:146/1660 train_time:57918ms step_avg:396.70ms
step:147/1660 train_time:58308ms step_avg:396.65ms
step:148/1660 train_time:58700ms step_avg:396.62ms
step:149/1660 train_time:59094ms step_avg:396.61ms
step:150/1660 train_time:59485ms step_avg:396.57ms
step:151/1660 train_time:59877ms step_avg:396.54ms
step:152/1660 train_time:60270ms step_avg:396.51ms
step:153/1660 train_time:60658ms step_avg:396.46ms
step:154/1660 train_time:61052ms step_avg:396.44ms
step:155/1660 train_time:61444ms step_avg:396.41ms
step:156/1660 train_time:61836ms step_avg:396.39ms
step:157/1660 train_time:62232ms step_avg:396.38ms
step:158/1660 train_time:62626ms step_avg:396.37ms
step:159/1660 train_time:63018ms step_avg:396.34ms
step:160/1660 train_time:63409ms step_avg:396.31ms
step:161/1660 train_time:63800ms step_avg:396.27ms
step:162/1660 train_time:64191ms step_avg:396.24ms
step:163/1660 train_time:64586ms step_avg:396.24ms
step:164/1660 train_time:64976ms step_avg:396.20ms
step:165/1660 train_time:65370ms step_avg:396.18ms
step:166/1660 train_time:65763ms step_avg:396.16ms
step:167/1660 train_time:66151ms step_avg:396.12ms
step:168/1660 train_time:66552ms step_avg:396.14ms
step:169/1660 train_time:66943ms step_avg:396.11ms
step:170/1660 train_time:67337ms step_avg:396.10ms
step:171/1660 train_time:67726ms step_avg:396.06ms
step:172/1660 train_time:68119ms step_avg:396.04ms
step:173/1660 train_time:68514ms step_avg:396.04ms
step:174/1660 train_time:68907ms step_avg:396.01ms
step:175/1660 train_time:69296ms step_avg:395.98ms
step:176/1660 train_time:69692ms step_avg:395.98ms
step:177/1660 train_time:70084ms step_avg:395.96ms
step:178/1660 train_time:70477ms step_avg:395.94ms
step:179/1660 train_time:70867ms step_avg:395.91ms
step:180/1660 train_time:71256ms step_avg:395.86ms
step:181/1660 train_time:71649ms step_avg:395.85ms
step:182/1660 train_time:72041ms step_avg:395.83ms
step:183/1660 train_time:72432ms step_avg:395.80ms
step:184/1660 train_time:72825ms step_avg:395.79ms
step:185/1660 train_time:73219ms step_avg:395.78ms
step:186/1660 train_time:73611ms step_avg:395.76ms
step:187/1660 train_time:74002ms step_avg:395.73ms
step:188/1660 train_time:74396ms step_avg:395.72ms
step:189/1660 train_time:74787ms step_avg:395.70ms
step:190/1660 train_time:75181ms step_avg:395.69ms
step:191/1660 train_time:75573ms step_avg:395.67ms
step:192/1660 train_time:75965ms step_avg:395.65ms
step:193/1660 train_time:76357ms step_avg:395.63ms
step:194/1660 train_time:76752ms step_avg:395.63ms
step:195/1660 train_time:77145ms step_avg:395.61ms
step:196/1660 train_time:77539ms step_avg:395.61ms
step:197/1660 train_time:77932ms step_avg:395.59ms
step:198/1660 train_time:78328ms step_avg:395.60ms
step:199/1660 train_time:78720ms step_avg:395.58ms
step:200/1660 train_time:79112ms step_avg:395.56ms
step:201/1660 train_time:79500ms step_avg:395.52ms
step:202/1660 train_time:79894ms step_avg:395.52ms
step:203/1660 train_time:80286ms step_avg:395.50ms
step:204/1660 train_time:80683ms step_avg:395.51ms
step:205/1660 train_time:81073ms step_avg:395.48ms
step:206/1660 train_time:81471ms step_avg:395.49ms
step:207/1660 train_time:81862ms step_avg:395.47ms
step:208/1660 train_time:82256ms step_avg:395.46ms
step:209/1660 train_time:82646ms step_avg:395.44ms
step:210/1660 train_time:83040ms step_avg:395.43ms
step:211/1660 train_time:83434ms step_avg:395.42ms
step:212/1660 train_time:83830ms step_avg:395.42ms
step:213/1660 train_time:84225ms step_avg:395.42ms
step:214/1660 train_time:84615ms step_avg:395.40ms
step:215/1660 train_time:85005ms step_avg:395.37ms
step:216/1660 train_time:85394ms step_avg:395.34ms
step:217/1660 train_time:85785ms step_avg:395.32ms
step:218/1660 train_time:86181ms step_avg:395.32ms
step:219/1660 train_time:86573ms step_avg:395.31ms
step:220/1660 train_time:86963ms step_avg:395.29ms
step:221/1660 train_time:87353ms step_avg:395.26ms
step:222/1660 train_time:87750ms step_avg:395.27ms
step:223/1660 train_time:88138ms step_avg:395.24ms
step:224/1660 train_time:88532ms step_avg:395.23ms
step:225/1660 train_time:88924ms step_avg:395.22ms
step:226/1660 train_time:89316ms step_avg:395.21ms
step:227/1660 train_time:89710ms step_avg:395.20ms
step:228/1660 train_time:90103ms step_avg:395.19ms
step:229/1660 train_time:90499ms step_avg:395.19ms
step:230/1660 train_time:90891ms step_avg:395.18ms
step:231/1660 train_time:91288ms step_avg:395.19ms
step:232/1660 train_time:91676ms step_avg:395.16ms
step:233/1660 train_time:92070ms step_avg:395.15ms
step:234/1660 train_time:92461ms step_avg:395.13ms
step:235/1660 train_time:92854ms step_avg:395.12ms
step:236/1660 train_time:93246ms step_avg:395.11ms
step:237/1660 train_time:93636ms step_avg:395.09ms
step:238/1660 train_time:94027ms step_avg:395.07ms
step:239/1660 train_time:94419ms step_avg:395.06ms
step:240/1660 train_time:94808ms step_avg:395.03ms
step:241/1660 train_time:95202ms step_avg:395.03ms
step:242/1660 train_time:95592ms step_avg:395.01ms
step:243/1660 train_time:95983ms step_avg:394.99ms
step:244/1660 train_time:96374ms step_avg:394.98ms
step:245/1660 train_time:96772ms step_avg:394.99ms
step:246/1660 train_time:97161ms step_avg:394.96ms
step:247/1660 train_time:97554ms step_avg:394.96ms
step:248/1660 train_time:97948ms step_avg:394.95ms
step:249/1660 train_time:98345ms step_avg:394.96ms
step:250/1660 train_time:98739ms step_avg:394.96ms
step:250/1660 val_loss:3.9717 train_time:99037ms step_avg:396.15ms
step:251/1660 train_time:99294ms step_avg:395.59ms
step:252/1660 train_time:99648ms step_avg:395.43ms
step:253/1660 train_time:100041ms step_avg:395.42ms
step:254/1660 train_time:100441ms step_avg:395.44ms
step:255/1660 train_time:100831ms step_avg:395.41ms
step:256/1660 train_time:101221ms step_avg:395.40ms
step:257/1660 train_time:101616ms step_avg:395.39ms
step:258/1660 train_time:102013ms step_avg:395.40ms
step:259/1660 train_time:102405ms step_avg:395.39ms
step:260/1660 train_time:102801ms step_avg:395.39ms
step:261/1660 train_time:103198ms step_avg:395.39ms
step:262/1660 train_time:103587ms step_avg:395.37ms
step:263/1660 train_time:103981ms step_avg:395.36ms
step:264/1660 train_time:104369ms step_avg:395.34ms
step:265/1660 train_time:104759ms step_avg:395.32ms
step:266/1660 train_time:105151ms step_avg:395.30ms
step:267/1660 train_time:105541ms step_avg:395.28ms
step:268/1660 train_time:105930ms step_avg:395.26ms
step:269/1660 train_time:106327ms step_avg:395.27ms
step:270/1660 train_time:106718ms step_avg:395.25ms
step:271/1660 train_time:107110ms step_avg:395.24ms
step:272/1660 train_time:107499ms step_avg:395.22ms
step:273/1660 train_time:107895ms step_avg:395.22ms
step:274/1660 train_time:108287ms step_avg:395.21ms
step:275/1660 train_time:108680ms step_avg:395.20ms
step:276/1660 train_time:109070ms step_avg:395.18ms
step:277/1660 train_time:109462ms step_avg:395.17ms
step:278/1660 train_time:109852ms step_avg:395.15ms
step:279/1660 train_time:110244ms step_avg:395.14ms
step:280/1660 train_time:110639ms step_avg:395.14ms
step:281/1660 train_time:111031ms step_avg:395.13ms
step:282/1660 train_time:111429ms step_avg:395.14ms
step:283/1660 train_time:111819ms step_avg:395.12ms
step:284/1660 train_time:112210ms step_avg:395.11ms
step:285/1660 train_time:112605ms step_avg:395.11ms
step:286/1660 train_time:112998ms step_avg:395.10ms
step:287/1660 train_time:113385ms step_avg:395.07ms
step:288/1660 train_time:113784ms step_avg:395.08ms
step:289/1660 train_time:114176ms step_avg:395.07ms
step:290/1660 train_time:114573ms step_avg:395.08ms
step:291/1660 train_time:114963ms step_avg:395.06ms
step:292/1660 train_time:115356ms step_avg:395.06ms
step:293/1660 train_time:115746ms step_avg:395.04ms
step:294/1660 train_time:116145ms step_avg:395.05ms
step:295/1660 train_time:116536ms step_avg:395.04ms
step:296/1660 train_time:116929ms step_avg:395.03ms
step:297/1660 train_time:117322ms step_avg:395.02ms
step:298/1660 train_time:117712ms step_avg:395.01ms
step:299/1660 train_time:118101ms step_avg:394.99ms
step:300/1660 train_time:118494ms step_avg:394.98ms
step:301/1660 train_time:118885ms step_avg:394.97ms
step:302/1660 train_time:119278ms step_avg:394.96ms
step:303/1660 train_time:119673ms step_avg:394.96ms
step:304/1660 train_time:120065ms step_avg:394.95ms
step:305/1660 train_time:120459ms step_avg:394.95ms
step:306/1660 train_time:120850ms step_avg:394.93ms
step:307/1660 train_time:121237ms step_avg:394.91ms
step:308/1660 train_time:121629ms step_avg:394.90ms
step:309/1660 train_time:122021ms step_avg:394.89ms
step:310/1660 train_time:122415ms step_avg:394.89ms
step:311/1660 train_time:122809ms step_avg:394.88ms
step:312/1660 train_time:123203ms step_avg:394.88ms
step:313/1660 train_time:123595ms step_avg:394.87ms
step:314/1660 train_time:123992ms step_avg:394.88ms
step:315/1660 train_time:124384ms step_avg:394.87ms
step:316/1660 train_time:124780ms step_avg:394.87ms
step:317/1660 train_time:125171ms step_avg:394.86ms
step:318/1660 train_time:125567ms step_avg:394.87ms
step:319/1660 train_time:125957ms step_avg:394.85ms
step:320/1660 train_time:126349ms step_avg:394.84ms
step:321/1660 train_time:126742ms step_avg:394.84ms
step:322/1660 train_time:127136ms step_avg:394.83ms
step:323/1660 train_time:127533ms step_avg:394.84ms
step:324/1660 train_time:127921ms step_avg:394.82ms
step:325/1660 train_time:128309ms step_avg:394.80ms
step:326/1660 train_time:128700ms step_avg:394.79ms
step:327/1660 train_time:129093ms step_avg:394.78ms
step:328/1660 train_time:129482ms step_avg:394.76ms
step:329/1660 train_time:129878ms step_avg:394.76ms
step:330/1660 train_time:130270ms step_avg:394.76ms
step:331/1660 train_time:130660ms step_avg:394.74ms
step:332/1660 train_time:131049ms step_avg:394.73ms
step:333/1660 train_time:131447ms step_avg:394.74ms
step:334/1660 train_time:131837ms step_avg:394.72ms
step:335/1660 train_time:132228ms step_avg:394.71ms
step:336/1660 train_time:132620ms step_avg:394.70ms
step:337/1660 train_time:133009ms step_avg:394.69ms
step:338/1660 train_time:133399ms step_avg:394.67ms
step:339/1660 train_time:133797ms step_avg:394.68ms
step:340/1660 train_time:134188ms step_avg:394.67ms
step:341/1660 train_time:134578ms step_avg:394.66ms
step:342/1660 train_time:134969ms step_avg:394.65ms
step:343/1660 train_time:135363ms step_avg:394.65ms
step:344/1660 train_time:135762ms step_avg:394.66ms
step:345/1660 train_time:136154ms step_avg:394.65ms
step:346/1660 train_time:136548ms step_avg:394.65ms
step:347/1660 train_time:136941ms step_avg:394.64ms
step:348/1660 train_time:137333ms step_avg:394.64ms
step:349/1660 train_time:137726ms step_avg:394.63ms
step:350/1660 train_time:138119ms step_avg:394.62ms
step:351/1660 train_time:138523ms step_avg:394.65ms
step:352/1660 train_time:138917ms step_avg:394.65ms
step:353/1660 train_time:139293ms step_avg:394.60ms
step:354/1660 train_time:139686ms step_avg:394.59ms
step:355/1660 train_time:140079ms step_avg:394.59ms
step:356/1660 train_time:140472ms step_avg:394.58ms
step:357/1660 train_time:140860ms step_avg:394.57ms
step:358/1660 train_time:141252ms step_avg:394.56ms
step:359/1660 train_time:141646ms step_avg:394.56ms
step:360/1660 train_time:142038ms step_avg:394.55ms
step:361/1660 train_time:142429ms step_avg:394.54ms
step:362/1660 train_time:142823ms step_avg:394.54ms
step:363/1660 train_time:143213ms step_avg:394.53ms
step:364/1660 train_time:143608ms step_avg:394.53ms
step:365/1660 train_time:144000ms step_avg:394.52ms
step:366/1660 train_time:144390ms step_avg:394.51ms
step:367/1660 train_time:144787ms step_avg:394.51ms
step:368/1660 train_time:145181ms step_avg:394.51ms
step:369/1660 train_time:145591ms step_avg:394.56ms
step:370/1660 train_time:145963ms step_avg:394.49ms
step:371/1660 train_time:146354ms step_avg:394.48ms
step:372/1660 train_time:146752ms step_avg:394.49ms
step:373/1660 train_time:147140ms step_avg:394.48ms
step:374/1660 train_time:147536ms step_avg:394.48ms
step:375/1660 train_time:147926ms step_avg:394.47ms
step:375/1660 val_loss:3.8143 train_time:148226ms step_avg:395.27ms
step:376/1660 train_time:148483ms step_avg:394.90ms
step:377/1660 train_time:148835ms step_avg:394.79ms
step:378/1660 train_time:149225ms step_avg:394.78ms
step:379/1660 train_time:149621ms step_avg:394.78ms
step:380/1660 train_time:150014ms step_avg:394.77ms
step:381/1660 train_time:150407ms step_avg:394.77ms
step:382/1660 train_time:150798ms step_avg:394.76ms
step:383/1660 train_time:151194ms step_avg:394.76ms
step:384/1660 train_time:151584ms step_avg:394.75ms
step:385/1660 train_time:151975ms step_avg:394.74ms
step:386/1660 train_time:152373ms step_avg:394.75ms
step:387/1660 train_time:152770ms step_avg:394.75ms
step:388/1660 train_time:153162ms step_avg:394.75ms
step:389/1660 train_time:153557ms step_avg:394.75ms
step:390/1660 train_time:153953ms step_avg:394.75ms
step:391/1660 train_time:154344ms step_avg:394.74ms
step:392/1660 train_time:154737ms step_avg:394.74ms
step:393/1660 train_time:155128ms step_avg:394.73ms
step:394/1660 train_time:155521ms step_avg:394.72ms
step:395/1660 train_time:155918ms step_avg:394.73ms
step:396/1660 train_time:156309ms step_avg:394.72ms
step:397/1660 train_time:156698ms step_avg:394.70ms
step:398/1660 train_time:157094ms step_avg:394.71ms
step:399/1660 train_time:157485ms step_avg:394.70ms
step:400/1660 train_time:157879ms step_avg:394.70ms
step:401/1660 train_time:158270ms step_avg:394.69ms
step:402/1660 train_time:158666ms step_avg:394.69ms
step:403/1660 train_time:159060ms step_avg:394.69ms
step:404/1660 train_time:159451ms step_avg:394.68ms
step:405/1660 train_time:159844ms step_avg:394.68ms
step:406/1660 train_time:160234ms step_avg:394.67ms
step:407/1660 train_time:160625ms step_avg:394.65ms
step:408/1660 train_time:161020ms step_avg:394.66ms
step:409/1660 train_time:161413ms step_avg:394.65ms
step:410/1660 train_time:161801ms step_avg:394.64ms
step:411/1660 train_time:162198ms step_avg:394.64ms
step:412/1660 train_time:162590ms step_avg:394.64ms
step:413/1660 train_time:162980ms step_avg:394.62ms
step:414/1660 train_time:163374ms step_avg:394.62ms
step:415/1660 train_time:163766ms step_avg:394.62ms
step:416/1660 train_time:164157ms step_avg:394.61ms
step:417/1660 train_time:164551ms step_avg:394.61ms
step:418/1660 train_time:164940ms step_avg:394.59ms
step:419/1660 train_time:165331ms step_avg:394.58ms
step:420/1660 train_time:165725ms step_avg:394.58ms
step:421/1660 train_time:166120ms step_avg:394.58ms
step:422/1660 train_time:166514ms step_avg:394.58ms
step:423/1660 train_time:166922ms step_avg:394.62ms
step:424/1660 train_time:167315ms step_avg:394.61ms
step:425/1660 train_time:167692ms step_avg:394.57ms
step:426/1660 train_time:168085ms step_avg:394.57ms
step:427/1660 train_time:168479ms step_avg:394.56ms
step:428/1660 train_time:168871ms step_avg:394.56ms
step:429/1660 train_time:169264ms step_avg:394.55ms
step:430/1660 train_time:169659ms step_avg:394.55ms
step:431/1660 train_time:170060ms step_avg:394.57ms
step:432/1660 train_time:170438ms step_avg:394.53ms
step:433/1660 train_time:170831ms step_avg:394.53ms
step:434/1660 train_time:171226ms step_avg:394.53ms
step:435/1660 train_time:171624ms step_avg:394.54ms
step:436/1660 train_time:172019ms step_avg:394.54ms
step:437/1660 train_time:172413ms step_avg:394.54ms
step:438/1660 train_time:172803ms step_avg:394.53ms
step:439/1660 train_time:173196ms step_avg:394.52ms
step:440/1660 train_time:173590ms step_avg:394.52ms
step:441/1660 train_time:173984ms step_avg:394.52ms
step:442/1660 train_time:174370ms step_avg:394.50ms
step:443/1660 train_time:174772ms step_avg:394.52ms
step:444/1660 train_time:175162ms step_avg:394.51ms
step:445/1660 train_time:175556ms step_avg:394.51ms
step:446/1660 train_time:175950ms step_avg:394.51ms
step:447/1660 train_time:176332ms step_avg:394.48ms
step:448/1660 train_time:176724ms step_avg:394.47ms
step:449/1660 train_time:177119ms step_avg:394.47ms
step:450/1660 train_time:177510ms step_avg:394.47ms
step:451/1660 train_time:177904ms step_avg:394.47ms
step:452/1660 train_time:178297ms step_avg:394.46ms
step:453/1660 train_time:178690ms step_avg:394.46ms
step:454/1660 train_time:179082ms step_avg:394.45ms
step:455/1660 train_time:179472ms step_avg:394.44ms
step:456/1660 train_time:179863ms step_avg:394.44ms
step:457/1660 train_time:180256ms step_avg:394.43ms
step:458/1660 train_time:180644ms step_avg:394.42ms
step:459/1660 train_time:181036ms step_avg:394.41ms
step:460/1660 train_time:181429ms step_avg:394.41ms
step:461/1660 train_time:181817ms step_avg:394.40ms
step:462/1660 train_time:182209ms step_avg:394.39ms
step:463/1660 train_time:182606ms step_avg:394.40ms
step:464/1660 train_time:183000ms step_avg:394.40ms
step:465/1660 train_time:183390ms step_avg:394.39ms
step:466/1660 train_time:183778ms step_avg:394.37ms
step:467/1660 train_time:184175ms step_avg:394.38ms
step:468/1660 train_time:184566ms step_avg:394.37ms
step:469/1660 train_time:184958ms step_avg:394.37ms
step:470/1660 train_time:185349ms step_avg:394.36ms
step:471/1660 train_time:185741ms step_avg:394.35ms
step:472/1660 train_time:186139ms step_avg:394.36ms
step:473/1660 train_time:186533ms step_avg:394.36ms
step:474/1660 train_time:186917ms step_avg:394.34ms
step:475/1660 train_time:187309ms step_avg:394.33ms
step:476/1660 train_time:187704ms step_avg:394.34ms
step:477/1660 train_time:188096ms step_avg:394.33ms
step:478/1660 train_time:188489ms step_avg:394.33ms
step:479/1660 train_time:188878ms step_avg:394.32ms
step:480/1660 train_time:189272ms step_avg:394.32ms
step:481/1660 train_time:189666ms step_avg:394.32ms
step:482/1660 train_time:190059ms step_avg:394.31ms
step:483/1660 train_time:190453ms step_avg:394.31ms
step:484/1660 train_time:190851ms step_avg:394.32ms
step:485/1660 train_time:191242ms step_avg:394.31ms
step:486/1660 train_time:191633ms step_avg:394.31ms
step:487/1660 train_time:192027ms step_avg:394.31ms
step:488/1660 train_time:192419ms step_avg:394.30ms
step:489/1660 train_time:192810ms step_avg:394.29ms
step:490/1660 train_time:193199ms step_avg:394.28ms
step:491/1660 train_time:193596ms step_avg:394.29ms
step:492/1660 train_time:193991ms step_avg:394.29ms
step:493/1660 train_time:194384ms step_avg:394.29ms
step:494/1660 train_time:194774ms step_avg:394.28ms
step:495/1660 train_time:195169ms step_avg:394.28ms
step:496/1660 train_time:195559ms step_avg:394.27ms
step:497/1660 train_time:195954ms step_avg:394.27ms
step:498/1660 train_time:196346ms step_avg:394.27ms
step:499/1660 train_time:196737ms step_avg:394.26ms
step:500/1660 train_time:197133ms step_avg:394.27ms
step:500/1660 val_loss:3.7107 train_time:197429ms step_avg:394.86ms
step:501/1660 train_time:197692ms step_avg:394.59ms
step:502/1660 train_time:198027ms step_avg:394.48ms
step:503/1660 train_time:198419ms step_avg:394.47ms
step:504/1660 train_time:198812ms step_avg:394.47ms
step:505/1660 train_time:199204ms step_avg:394.46ms
step:506/1660 train_time:199595ms step_avg:394.46ms
step:507/1660 train_time:199984ms step_avg:394.45ms
step:508/1660 train_time:200376ms step_avg:394.44ms
step:509/1660 train_time:200764ms step_avg:394.43ms
step:510/1660 train_time:201157ms step_avg:394.43ms
step:511/1660 train_time:201553ms step_avg:394.43ms
step:512/1660 train_time:201946ms step_avg:394.43ms
step:513/1660 train_time:202340ms step_avg:394.43ms
step:514/1660 train_time:202734ms step_avg:394.42ms
step:515/1660 train_time:203124ms step_avg:394.42ms
step:516/1660 train_time:203517ms step_avg:394.41ms
step:517/1660 train_time:203906ms step_avg:394.40ms
step:518/1660 train_time:204297ms step_avg:394.39ms
step:519/1660 train_time:204686ms step_avg:394.39ms
step:520/1660 train_time:205079ms step_avg:394.38ms
step:521/1660 train_time:205474ms step_avg:394.38ms
step:522/1660 train_time:205860ms step_avg:394.37ms
step:523/1660 train_time:206250ms step_avg:394.36ms
step:524/1660 train_time:206646ms step_avg:394.36ms
step:525/1660 train_time:207034ms step_avg:394.35ms
step:526/1660 train_time:207432ms step_avg:394.36ms
step:527/1660 train_time:207819ms step_avg:394.34ms
step:528/1660 train_time:208212ms step_avg:394.34ms
step:529/1660 train_time:208609ms step_avg:394.35ms
step:530/1660 train_time:209002ms step_avg:394.34ms
step:531/1660 train_time:209395ms step_avg:394.34ms
step:532/1660 train_time:209788ms step_avg:394.34ms
step:533/1660 train_time:210178ms step_avg:394.33ms
step:534/1660 train_time:210573ms step_avg:394.33ms
step:535/1660 train_time:210967ms step_avg:394.33ms
step:536/1660 train_time:211358ms step_avg:394.33ms
step:537/1660 train_time:211751ms step_avg:394.32ms
step:538/1660 train_time:212144ms step_avg:394.32ms
step:539/1660 train_time:212540ms step_avg:394.32ms
step:540/1660 train_time:212931ms step_avg:394.32ms
step:541/1660 train_time:213319ms step_avg:394.31ms
step:542/1660 train_time:213712ms step_avg:394.30ms
step:543/1660 train_time:214106ms step_avg:394.30ms
step:544/1660 train_time:214495ms step_avg:394.29ms
step:545/1660 train_time:214892ms step_avg:394.30ms
step:546/1660 train_time:215286ms step_avg:394.30ms
step:547/1660 train_time:215678ms step_avg:394.29ms
step:548/1660 train_time:216071ms step_avg:394.29ms
step:549/1660 train_time:216464ms step_avg:394.29ms
step:550/1660 train_time:216860ms step_avg:394.29ms
step:551/1660 train_time:217251ms step_avg:394.29ms
step:552/1660 train_time:217642ms step_avg:394.28ms
step:553/1660 train_time:218035ms step_avg:394.28ms
step:554/1660 train_time:218430ms step_avg:394.28ms
step:555/1660 train_time:218822ms step_avg:394.27ms
step:556/1660 train_time:219216ms step_avg:394.27ms
step:557/1660 train_time:219605ms step_avg:394.26ms
step:558/1660 train_time:219997ms step_avg:394.26ms
step:559/1660 train_time:220392ms step_avg:394.26ms
step:560/1660 train_time:220788ms step_avg:394.26ms
step:561/1660 train_time:221182ms step_avg:394.26ms
step:562/1660 train_time:221575ms step_avg:394.26ms
step:563/1660 train_time:221971ms step_avg:394.26ms
step:564/1660 train_time:222365ms step_avg:394.27ms
step:565/1660 train_time:222764ms step_avg:394.27ms
step:566/1660 train_time:223153ms step_avg:394.26ms
step:567/1660 train_time:223541ms step_avg:394.25ms
step:568/1660 train_time:223949ms step_avg:394.28ms
step:569/1660 train_time:224341ms step_avg:394.27ms
step:570/1660 train_time:224734ms step_avg:394.27ms
step:571/1660 train_time:225111ms step_avg:394.24ms
step:572/1660 train_time:225506ms step_avg:394.24ms
step:573/1660 train_time:225900ms step_avg:394.24ms
step:574/1660 train_time:226285ms step_avg:394.23ms
step:575/1660 train_time:226683ms step_avg:394.23ms
step:576/1660 train_time:227073ms step_avg:394.22ms
step:577/1660 train_time:227468ms step_avg:394.23ms
step:578/1660 train_time:227858ms step_avg:394.22ms
step:579/1660 train_time:228250ms step_avg:394.21ms
step:580/1660 train_time:228648ms step_avg:394.22ms
step:581/1660 train_time:229037ms step_avg:394.21ms
step:582/1660 train_time:229425ms step_avg:394.20ms
step:583/1660 train_time:229822ms step_avg:394.21ms
step:584/1660 train_time:230215ms step_avg:394.20ms
step:585/1660 train_time:230605ms step_avg:394.20ms
step:586/1660 train_time:230999ms step_avg:394.20ms
step:587/1660 train_time:231392ms step_avg:394.19ms
step:588/1660 train_time:231785ms step_avg:394.19ms
step:589/1660 train_time:232174ms step_avg:394.18ms
step:590/1660 train_time:232566ms step_avg:394.18ms
step:591/1660 train_time:232961ms step_avg:394.18ms
step:592/1660 train_time:233352ms step_avg:394.18ms
step:593/1660 train_time:233747ms step_avg:394.18ms
step:594/1660 train_time:234141ms step_avg:394.18ms
step:595/1660 train_time:234527ms step_avg:394.16ms
step:596/1660 train_time:234924ms step_avg:394.17ms
step:597/1660 train_time:235316ms step_avg:394.16ms
step:598/1660 train_time:235705ms step_avg:394.16ms
step:599/1660 train_time:236096ms step_avg:394.15ms
step:600/1660 train_time:236488ms step_avg:394.15ms
step:601/1660 train_time:236881ms step_avg:394.15ms
step:602/1660 train_time:237281ms step_avg:394.15ms
step:603/1660 train_time:237672ms step_avg:394.15ms
step:604/1660 train_time:238067ms step_avg:394.15ms
step:605/1660 train_time:238456ms step_avg:394.14ms
step:606/1660 train_time:238850ms step_avg:394.14ms
step:607/1660 train_time:239244ms step_avg:394.14ms
step:608/1660 train_time:239638ms step_avg:394.14ms
step:609/1660 train_time:240027ms step_avg:394.13ms
step:610/1660 train_time:240418ms step_avg:394.13ms
step:611/1660 train_time:240814ms step_avg:394.13ms
step:612/1660 train_time:241203ms step_avg:394.12ms
step:613/1660 train_time:241594ms step_avg:394.12ms
step:614/1660 train_time:241987ms step_avg:394.12ms
step:615/1660 train_time:242381ms step_avg:394.12ms
step:616/1660 train_time:242770ms step_avg:394.11ms
step:617/1660 train_time:243162ms step_avg:394.10ms
step:618/1660 train_time:243553ms step_avg:394.10ms
step:619/1660 train_time:243944ms step_avg:394.09ms
step:620/1660 train_time:244333ms step_avg:394.09ms
step:621/1660 train_time:244726ms step_avg:394.08ms
step:622/1660 train_time:245116ms step_avg:394.08ms
step:623/1660 train_time:245505ms step_avg:394.07ms
step:624/1660 train_time:245897ms step_avg:394.07ms
step:625/1660 train_time:246292ms step_avg:394.07ms
step:625/1660 val_loss:3.6103 train_time:246593ms step_avg:394.55ms
step:626/1660 train_time:246858ms step_avg:394.34ms
step:627/1660 train_time:247194ms step_avg:394.25ms
step:628/1660 train_time:247585ms step_avg:394.24ms
step:629/1660 train_time:247977ms step_avg:394.24ms
step:630/1660 train_time:248376ms step_avg:394.25ms
step:631/1660 train_time:248769ms step_avg:394.25ms
step:632/1660 train_time:249166ms step_avg:394.25ms
step:633/1660 train_time:249556ms step_avg:394.24ms
step:634/1660 train_time:249949ms step_avg:394.24ms
step:635/1660 train_time:250344ms step_avg:394.24ms
step:636/1660 train_time:250743ms step_avg:394.25ms
step:637/1660 train_time:251134ms step_avg:394.25ms
step:638/1660 train_time:251525ms step_avg:394.24ms
step:639/1660 train_time:251915ms step_avg:394.23ms
step:640/1660 train_time:252313ms step_avg:394.24ms
step:641/1660 train_time:252705ms step_avg:394.23ms
step:642/1660 train_time:253095ms step_avg:394.23ms
step:643/1660 train_time:253487ms step_avg:394.23ms
step:644/1660 train_time:253881ms step_avg:394.22ms
step:645/1660 train_time:254277ms step_avg:394.23ms
step:646/1660 train_time:254664ms step_avg:394.22ms
step:647/1660 train_time:255057ms step_avg:394.22ms
step:648/1660 train_time:255450ms step_avg:394.21ms
step:649/1660 train_time:255843ms step_avg:394.21ms
step:650/1660 train_time:256235ms step_avg:394.21ms
step:651/1660 train_time:256627ms step_avg:394.20ms
step:652/1660 train_time:257018ms step_avg:394.20ms
step:653/1660 train_time:257415ms step_avg:394.20ms
step:654/1660 train_time:257806ms step_avg:394.20ms
step:655/1660 train_time:258197ms step_avg:394.19ms
step:656/1660 train_time:258587ms step_avg:394.19ms
step:657/1660 train_time:258980ms step_avg:394.19ms
step:658/1660 train_time:259369ms step_avg:394.18ms
step:659/1660 train_time:259764ms step_avg:394.18ms
step:660/1660 train_time:260159ms step_avg:394.18ms
step:661/1660 train_time:260549ms step_avg:394.17ms
step:662/1660 train_time:260939ms step_avg:394.17ms
step:663/1660 train_time:261333ms step_avg:394.17ms
step:664/1660 train_time:261722ms step_avg:394.16ms
step:665/1660 train_time:262116ms step_avg:394.16ms
step:666/1660 train_time:262507ms step_avg:394.15ms
step:667/1660 train_time:262899ms step_avg:394.15ms
step:668/1660 train_time:263288ms step_avg:394.14ms
step:669/1660 train_time:263681ms step_avg:394.14ms
step:670/1660 train_time:264073ms step_avg:394.14ms
step:671/1660 train_time:264470ms step_avg:394.14ms
step:672/1660 train_time:264870ms step_avg:394.15ms
step:673/1660 train_time:265263ms step_avg:394.15ms
step:674/1660 train_time:265664ms step_avg:394.16ms
step:675/1660 train_time:266053ms step_avg:394.15ms
step:676/1660 train_time:266444ms step_avg:394.15ms
step:677/1660 train_time:266838ms step_avg:394.15ms
step:678/1660 train_time:267229ms step_avg:394.14ms
step:679/1660 train_time:267622ms step_avg:394.14ms
step:680/1660 train_time:268010ms step_avg:394.13ms
step:681/1660 train_time:268405ms step_avg:394.13ms
step:682/1660 train_time:268798ms step_avg:394.13ms
step:683/1660 train_time:269192ms step_avg:394.13ms
step:684/1660 train_time:269586ms step_avg:394.13ms
step:685/1660 train_time:269982ms step_avg:394.13ms
step:686/1660 train_time:270376ms step_avg:394.13ms
step:687/1660 train_time:270772ms step_avg:394.14ms
step:688/1660 train_time:271165ms step_avg:394.13ms
step:689/1660 train_time:271557ms step_avg:394.13ms
step:690/1660 train_time:271952ms step_avg:394.13ms
step:691/1660 train_time:272344ms step_avg:394.13ms
step:692/1660 train_time:272740ms step_avg:394.13ms
step:693/1660 train_time:273135ms step_avg:394.13ms
step:694/1660 train_time:273526ms step_avg:394.13ms
step:695/1660 train_time:273916ms step_avg:394.12ms
step:696/1660 train_time:274311ms step_avg:394.13ms
step:697/1660 train_time:274703ms step_avg:394.12ms
step:698/1660 train_time:275095ms step_avg:394.12ms
step:699/1660 train_time:275487ms step_avg:394.12ms
step:700/1660 train_time:275878ms step_avg:394.11ms
step:701/1660 train_time:276269ms step_avg:394.11ms
step:702/1660 train_time:276661ms step_avg:394.10ms
step:703/1660 train_time:277054ms step_avg:394.10ms
step:704/1660 train_time:277446ms step_avg:394.10ms
step:705/1660 train_time:277836ms step_avg:394.09ms
step:706/1660 train_time:278226ms step_avg:394.09ms
step:707/1660 train_time:278620ms step_avg:394.09ms
step:708/1660 train_time:279014ms step_avg:394.09ms
step:709/1660 train_time:279412ms step_avg:394.09ms
step:710/1660 train_time:279802ms step_avg:394.09ms
step:711/1660 train_time:280192ms step_avg:394.08ms
step:712/1660 train_time:280583ms step_avg:394.08ms
step:713/1660 train_time:280978ms step_avg:394.08ms
step:714/1660 train_time:281368ms step_avg:394.07ms
step:715/1660 train_time:281760ms step_avg:394.07ms
step:716/1660 train_time:282153ms step_avg:394.07ms
step:717/1660 train_time:282547ms step_avg:394.07ms
step:718/1660 train_time:282940ms step_avg:394.07ms
step:719/1660 train_time:283331ms step_avg:394.06ms
step:720/1660 train_time:283723ms step_avg:394.06ms
step:721/1660 train_time:284114ms step_avg:394.05ms
step:722/1660 train_time:284505ms step_avg:394.05ms
step:723/1660 train_time:284898ms step_avg:394.05ms
step:724/1660 train_time:285295ms step_avg:394.05ms
step:725/1660 train_time:285686ms step_avg:394.05ms
step:726/1660 train_time:286083ms step_avg:394.05ms
step:727/1660 train_time:286474ms step_avg:394.05ms
step:728/1660 train_time:286868ms step_avg:394.05ms
step:729/1660 train_time:287255ms step_avg:394.04ms
step:730/1660 train_time:287656ms step_avg:394.05ms
step:731/1660 train_time:288047ms step_avg:394.04ms
step:732/1660 train_time:288439ms step_avg:394.04ms
step:733/1660 train_time:288831ms step_avg:394.04ms
step:734/1660 train_time:289223ms step_avg:394.04ms
step:735/1660 train_time:289613ms step_avg:394.03ms
step:736/1660 train_time:290011ms step_avg:394.04ms
step:737/1660 train_time:290402ms step_avg:394.03ms
step:738/1660 train_time:290795ms step_avg:394.03ms
step:739/1660 train_time:291191ms step_avg:394.03ms
step:740/1660 train_time:291579ms step_avg:394.03ms
step:741/1660 train_time:291972ms step_avg:394.02ms
step:742/1660 train_time:292365ms step_avg:394.02ms
step:743/1660 train_time:292755ms step_avg:394.02ms
step:744/1660 train_time:293151ms step_avg:394.02ms
step:745/1660 train_time:293547ms step_avg:394.02ms
step:746/1660 train_time:293942ms step_avg:394.02ms
step:747/1660 train_time:294339ms step_avg:394.03ms
step:748/1660 train_time:294729ms step_avg:394.02ms
step:749/1660 train_time:295124ms step_avg:394.02ms
step:750/1660 train_time:295516ms step_avg:394.02ms
step:750/1660 val_loss:3.5575 train_time:295812ms step_avg:394.42ms
step:751/1660 train_time:296080ms step_avg:394.25ms
step:752/1660 train_time:296417ms step_avg:394.17ms
step:753/1660 train_time:296811ms step_avg:394.17ms
step:754/1660 train_time:297207ms step_avg:394.17ms
step:755/1660 train_time:297599ms step_avg:394.17ms
step:756/1660 train_time:297994ms step_avg:394.17ms
step:757/1660 train_time:298385ms step_avg:394.17ms
step:758/1660 train_time:298776ms step_avg:394.16ms
step:759/1660 train_time:299171ms step_avg:394.16ms
step:760/1660 train_time:299566ms step_avg:394.17ms
step:761/1660 train_time:299958ms step_avg:394.16ms
step:762/1660 train_time:300354ms step_avg:394.17ms
step:763/1660 train_time:300750ms step_avg:394.17ms
step:764/1660 train_time:301141ms step_avg:394.16ms
step:765/1660 train_time:301537ms step_avg:394.17ms
step:766/1660 train_time:301931ms step_avg:394.17ms
step:767/1660 train_time:302328ms step_avg:394.17ms
step:768/1660 train_time:302724ms step_avg:394.17ms
step:769/1660 train_time:303111ms step_avg:394.16ms
step:770/1660 train_time:303502ms step_avg:394.16ms
step:771/1660 train_time:303891ms step_avg:394.15ms
step:772/1660 train_time:304288ms step_avg:394.16ms
step:773/1660 train_time:304680ms step_avg:394.15ms
step:774/1660 train_time:305077ms step_avg:394.16ms
step:775/1660 train_time:305469ms step_avg:394.15ms
step:776/1660 train_time:305863ms step_avg:394.15ms
step:777/1660 train_time:306254ms step_avg:394.15ms
step:778/1660 train_time:306649ms step_avg:394.15ms
step:779/1660 train_time:307045ms step_avg:394.15ms
step:780/1660 train_time:307436ms step_avg:394.15ms
step:781/1660 train_time:307827ms step_avg:394.14ms
step:782/1660 train_time:308220ms step_avg:394.14ms
step:783/1660 train_time:308614ms step_avg:394.14ms
step:784/1660 train_time:309006ms step_avg:394.14ms
step:785/1660 train_time:309395ms step_avg:394.13ms
step:786/1660 train_time:309788ms step_avg:394.13ms
step:787/1660 train_time:310183ms step_avg:394.13ms
step:788/1660 train_time:310572ms step_avg:394.13ms
step:789/1660 train_time:310967ms step_avg:394.13ms
step:790/1660 train_time:311359ms step_avg:394.13ms
step:791/1660 train_time:311749ms step_avg:394.12ms
step:792/1660 train_time:312140ms step_avg:394.12ms
step:793/1660 train_time:312531ms step_avg:394.11ms
step:794/1660 train_time:312929ms step_avg:394.12ms
step:795/1660 train_time:313320ms step_avg:394.11ms
step:796/1660 train_time:313711ms step_avg:394.11ms
step:797/1660 train_time:314104ms step_avg:394.11ms
step:798/1660 train_time:314499ms step_avg:394.11ms
step:799/1660 train_time:314892ms step_avg:394.11ms
step:800/1660 train_time:315281ms step_avg:394.10ms
step:801/1660 train_time:315671ms step_avg:394.10ms
step:802/1660 train_time:316065ms step_avg:394.10ms
step:803/1660 train_time:316460ms step_avg:394.10ms
step:804/1660 train_time:316849ms step_avg:394.09ms
step:805/1660 train_time:317242ms step_avg:394.09ms
step:806/1660 train_time:317634ms step_avg:394.09ms
step:807/1660 train_time:318027ms step_avg:394.09ms
step:808/1660 train_time:318419ms step_avg:394.08ms
step:809/1660 train_time:318807ms step_avg:394.08ms
step:810/1660 train_time:319200ms step_avg:394.07ms
step:811/1660 train_time:319595ms step_avg:394.07ms
step:812/1660 train_time:319985ms step_avg:394.07ms
step:813/1660 train_time:320378ms step_avg:394.07ms
step:814/1660 train_time:320769ms step_avg:394.07ms
step:815/1660 train_time:321160ms step_avg:394.06ms
step:816/1660 train_time:321548ms step_avg:394.05ms
step:817/1660 train_time:321941ms step_avg:394.05ms
step:818/1660 train_time:322333ms step_avg:394.05ms
step:819/1660 train_time:322722ms step_avg:394.04ms
step:820/1660 train_time:323114ms step_avg:394.04ms
step:821/1660 train_time:323505ms step_avg:394.04ms
step:822/1660 train_time:323894ms step_avg:394.03ms
step:823/1660 train_time:324288ms step_avg:394.03ms
step:824/1660 train_time:324678ms step_avg:394.03ms
step:825/1660 train_time:325074ms step_avg:394.03ms
step:826/1660 train_time:325463ms step_avg:394.02ms
step:827/1660 train_time:325856ms step_avg:394.02ms
step:828/1660 train_time:326247ms step_avg:394.02ms
step:829/1660 train_time:326643ms step_avg:394.02ms
step:830/1660 train_time:327035ms step_avg:394.02ms
step:831/1660 train_time:327428ms step_avg:394.02ms
step:832/1660 train_time:327821ms step_avg:394.02ms
step:833/1660 train_time:328212ms step_avg:394.01ms
step:834/1660 train_time:328606ms step_avg:394.01ms
step:835/1660 train_time:328995ms step_avg:394.01ms
step:836/1660 train_time:329388ms step_avg:394.00ms
step:837/1660 train_time:329785ms step_avg:394.01ms
step:838/1660 train_time:330179ms step_avg:394.01ms
step:839/1660 train_time:330572ms step_avg:394.01ms
step:840/1660 train_time:330959ms step_avg:394.00ms
step:841/1660 train_time:331358ms step_avg:394.00ms
step:842/1660 train_time:331746ms step_avg:394.00ms
step:843/1660 train_time:332136ms step_avg:393.99ms
step:844/1660 train_time:332528ms step_avg:393.99ms
step:845/1660 train_time:332922ms step_avg:393.99ms
step:846/1660 train_time:333316ms step_avg:393.99ms
step:847/1660 train_time:333705ms step_avg:393.98ms
step:848/1660 train_time:334105ms step_avg:393.99ms
step:849/1660 train_time:334504ms step_avg:394.00ms
step:850/1660 train_time:334896ms step_avg:393.99ms
step:851/1660 train_time:335287ms step_avg:393.99ms
step:852/1660 train_time:335687ms step_avg:394.00ms
step:853/1660 train_time:336080ms step_avg:394.00ms
step:854/1660 train_time:336472ms step_avg:394.00ms
step:855/1660 train_time:336866ms step_avg:393.99ms
step:856/1660 train_time:337256ms step_avg:393.99ms
step:857/1660 train_time:337651ms step_avg:393.99ms
step:858/1660 train_time:338046ms step_avg:393.99ms
step:859/1660 train_time:338443ms step_avg:394.00ms
step:860/1660 train_time:338835ms step_avg:393.99ms
step:861/1660 train_time:339229ms step_avg:393.99ms
step:862/1660 train_time:339623ms step_avg:393.99ms
step:863/1660 train_time:340015ms step_avg:393.99ms
step:864/1660 train_time:340409ms step_avg:393.99ms
step:865/1660 train_time:340804ms step_avg:393.99ms
step:866/1660 train_time:341192ms step_avg:393.99ms
step:867/1660 train_time:341587ms step_avg:393.99ms
step:868/1660 train_time:341975ms step_avg:393.98ms
step:869/1660 train_time:342365ms step_avg:393.98ms
step:870/1660 train_time:342761ms step_avg:393.98ms
step:871/1660 train_time:343148ms step_avg:393.97ms
step:872/1660 train_time:343537ms step_avg:393.96ms
step:873/1660 train_time:343929ms step_avg:393.96ms
step:874/1660 train_time:344315ms step_avg:393.95ms
step:875/1660 train_time:344709ms step_avg:393.95ms
step:875/1660 val_loss:3.5137 train_time:345005ms step_avg:394.29ms
step:876/1660 train_time:345264ms step_avg:394.14ms
step:877/1660 train_time:345637ms step_avg:394.11ms
step:878/1660 train_time:346021ms step_avg:394.10ms
step:879/1660 train_time:346416ms step_avg:394.10ms
step:880/1660 train_time:346809ms step_avg:394.10ms
step:881/1660 train_time:347201ms step_avg:394.10ms
step:882/1660 train_time:347592ms step_avg:394.09ms
step:883/1660 train_time:347981ms step_avg:394.09ms
step:884/1660 train_time:348377ms step_avg:394.09ms
step:885/1660 train_time:348766ms step_avg:394.09ms
step:886/1660 train_time:349155ms step_avg:394.08ms
step:887/1660 train_time:349548ms step_avg:394.08ms
step:888/1660 train_time:349941ms step_avg:394.08ms
step:889/1660 train_time:350334ms step_avg:394.08ms
step:890/1660 train_time:350724ms step_avg:394.07ms
step:891/1660 train_time:351117ms step_avg:394.07ms
step:892/1660 train_time:351508ms step_avg:394.07ms
step:893/1660 train_time:351903ms step_avg:394.07ms
step:894/1660 train_time:352299ms step_avg:394.07ms
step:895/1660 train_time:352691ms step_avg:394.07ms
step:896/1660 train_time:353082ms step_avg:394.07ms
step:897/1660 train_time:353481ms step_avg:394.07ms
step:898/1660 train_time:353873ms step_avg:394.07ms
step:899/1660 train_time:354265ms step_avg:394.07ms
step:900/1660 train_time:354658ms step_avg:394.06ms
step:901/1660 train_time:355046ms step_avg:394.06ms
step:902/1660 train_time:355442ms step_avg:394.06ms
step:903/1660 train_time:355874ms step_avg:394.10ms
step:904/1660 train_time:356228ms step_avg:394.06ms
step:905/1660 train_time:356621ms step_avg:394.06ms
step:906/1660 train_time:357017ms step_avg:394.06ms
step:907/1660 train_time:357413ms step_avg:394.06ms
step:908/1660 train_time:357807ms step_avg:394.06ms
step:909/1660 train_time:358196ms step_avg:394.05ms
step:910/1660 train_time:358590ms step_avg:394.06ms
step:911/1660 train_time:358980ms step_avg:394.05ms
step:912/1660 train_time:359377ms step_avg:394.05ms
step:913/1660 train_time:359767ms step_avg:394.05ms
step:914/1660 train_time:360158ms step_avg:394.05ms
step:915/1660 train_time:360554ms step_avg:394.05ms
step:916/1660 train_time:360943ms step_avg:394.04ms
step:917/1660 train_time:361335ms step_avg:394.04ms
step:918/1660 train_time:361726ms step_avg:394.04ms
step:919/1660 train_time:362115ms step_avg:394.03ms
step:920/1660 train_time:362505ms step_avg:394.03ms
step:921/1660 train_time:362899ms step_avg:394.03ms
step:922/1660 train_time:363291ms step_avg:394.02ms
step:923/1660 train_time:363681ms step_avg:394.02ms
step:924/1660 train_time:364072ms step_avg:394.02ms
step:925/1660 train_time:364465ms step_avg:394.02ms
step:926/1660 train_time:364857ms step_avg:394.01ms
step:927/1660 train_time:365246ms step_avg:394.01ms
step:928/1660 train_time:365637ms step_avg:394.01ms
step:929/1660 train_time:366026ms step_avg:394.00ms
step:930/1660 train_time:366418ms step_avg:394.00ms
step:931/1660 train_time:366810ms step_avg:394.00ms
step:932/1660 train_time:367198ms step_avg:393.99ms
step:933/1660 train_time:367593ms step_avg:393.99ms
step:934/1660 train_time:367988ms step_avg:393.99ms
step:935/1660 train_time:368381ms step_avg:393.99ms
step:936/1660 train_time:368775ms step_avg:393.99ms
step:937/1660 train_time:369171ms step_avg:393.99ms
step:938/1660 train_time:369566ms step_avg:393.99ms
step:939/1660 train_time:369956ms step_avg:393.99ms
step:940/1660 train_time:370346ms step_avg:393.99ms
step:941/1660 train_time:370739ms step_avg:393.98ms
step:942/1660 train_time:371130ms step_avg:393.98ms
step:943/1660 train_time:371520ms step_avg:393.98ms
step:944/1660 train_time:371914ms step_avg:393.98ms
step:945/1660 train_time:372302ms step_avg:393.97ms
step:946/1660 train_time:372695ms step_avg:393.97ms
step:947/1660 train_time:373087ms step_avg:393.97ms
step:948/1660 train_time:373481ms step_avg:393.97ms
step:949/1660 train_time:373871ms step_avg:393.96ms
step:950/1660 train_time:374262ms step_avg:393.96ms
step:951/1660 train_time:374655ms step_avg:393.96ms
step:952/1660 train_time:375046ms step_avg:393.96ms
step:953/1660 train_time:375438ms step_avg:393.95ms
step:954/1660 train_time:375837ms step_avg:393.96ms
step:955/1660 train_time:376227ms step_avg:393.96ms
step:956/1660 train_time:376621ms step_avg:393.95ms
step:957/1660 train_time:377016ms step_avg:393.96ms
step:958/1660 train_time:377408ms step_avg:393.95ms
step:959/1660 train_time:377798ms step_avg:393.95ms
step:960/1660 train_time:378190ms step_avg:393.95ms
step:961/1660 train_time:378586ms step_avg:393.95ms
step:962/1660 train_time:378979ms step_avg:393.95ms
step:963/1660 train_time:379373ms step_avg:393.95ms
step:964/1660 train_time:379769ms step_avg:393.95ms
step:965/1660 train_time:380159ms step_avg:393.95ms
step:966/1660 train_time:380554ms step_avg:393.95ms
step:967/1660 train_time:380944ms step_avg:393.94ms
step:968/1660 train_time:381337ms step_avg:393.94ms
step:969/1660 train_time:381726ms step_avg:393.94ms
step:970/1660 train_time:382120ms step_avg:393.94ms
step:971/1660 train_time:382513ms step_avg:393.94ms
step:972/1660 train_time:382904ms step_avg:393.93ms
step:973/1660 train_time:383298ms step_avg:393.93ms
step:974/1660 train_time:383692ms step_avg:393.93ms
step:975/1660 train_time:384084ms step_avg:393.93ms
step:976/1660 train_time:384476ms step_avg:393.93ms
step:977/1660 train_time:384869ms step_avg:393.93ms
step:978/1660 train_time:385260ms step_avg:393.93ms
step:979/1660 train_time:385651ms step_avg:393.92ms
step:980/1660 train_time:386042ms step_avg:393.92ms
step:981/1660 train_time:386436ms step_avg:393.92ms
step:982/1660 train_time:386829ms step_avg:393.92ms
step:983/1660 train_time:387225ms step_avg:393.92ms
step:984/1660 train_time:387617ms step_avg:393.92ms
step:985/1660 train_time:388011ms step_avg:393.92ms
step:986/1660 train_time:388404ms step_avg:393.92ms
step:987/1660 train_time:388794ms step_avg:393.91ms
step:988/1660 train_time:389184ms step_avg:393.91ms
step:989/1660 train_time:389575ms step_avg:393.91ms
step:990/1660 train_time:389967ms step_avg:393.91ms
step:991/1660 train_time:390356ms step_avg:393.90ms
step:992/1660 train_time:390750ms step_avg:393.90ms
step:993/1660 train_time:391141ms step_avg:393.90ms
step:994/1660 train_time:391534ms step_avg:393.90ms
step:995/1660 train_time:391924ms step_avg:393.89ms
step:996/1660 train_time:392318ms step_avg:393.89ms
step:997/1660 train_time:392714ms step_avg:393.90ms
step:998/1660 train_time:393104ms step_avg:393.89ms
step:999/1660 train_time:393498ms step_avg:393.89ms
step:1000/1660 train_time:393890ms step_avg:393.89ms
step:1000/1660 val_loss:3.4631 train_time:394185ms step_avg:394.18ms
step:1001/1660 train_time:394473ms step_avg:394.08ms
step:1002/1660 train_time:394811ms step_avg:394.02ms
step:1003/1660 train_time:395199ms step_avg:394.02ms
step:1004/1660 train_time:395595ms step_avg:394.02ms
step:1005/1660 train_time:395988ms step_avg:394.02ms
step:1006/1660 train_time:396381ms step_avg:394.02ms
step:1007/1660 train_time:396775ms step_avg:394.02ms
step:1008/1660 train_time:397167ms step_avg:394.01ms
step:1009/1660 train_time:397557ms step_avg:394.01ms
step:1010/1660 train_time:397948ms step_avg:394.01ms
step:1011/1660 train_time:398341ms step_avg:394.01ms
step:1012/1660 train_time:398735ms step_avg:394.01ms
step:1013/1660 train_time:399128ms step_avg:394.01ms
step:1014/1660 train_time:399518ms step_avg:394.00ms
step:1015/1660 train_time:399907ms step_avg:394.00ms
step:1016/1660 train_time:400305ms step_avg:394.00ms
step:1017/1660 train_time:400693ms step_avg:394.00ms
step:1018/1660 train_time:401091ms step_avg:394.00ms
step:1019/1660 train_time:401483ms step_avg:394.00ms
step:1020/1660 train_time:401877ms step_avg:394.00ms
step:1021/1660 train_time:402267ms step_avg:393.99ms
step:1022/1660 train_time:402660ms step_avg:393.99ms
step:1023/1660 train_time:403057ms step_avg:393.99ms
step:1024/1660 train_time:403450ms step_avg:393.99ms
step:1025/1660 train_time:403841ms step_avg:393.99ms
step:1026/1660 train_time:404235ms step_avg:393.99ms
step:1027/1660 train_time:404628ms step_avg:393.99ms
step:1028/1660 train_time:405016ms step_avg:393.98ms
step:1029/1660 train_time:405413ms step_avg:393.99ms
step:1030/1660 train_time:405806ms step_avg:393.99ms
step:1031/1660 train_time:406199ms step_avg:393.99ms
step:1032/1660 train_time:406591ms step_avg:393.98ms
step:1033/1660 train_time:406981ms step_avg:393.98ms
step:1034/1660 train_time:407378ms step_avg:393.98ms
step:1035/1660 train_time:407768ms step_avg:393.98ms
step:1036/1660 train_time:408161ms step_avg:393.98ms
step:1037/1660 train_time:408559ms step_avg:393.98ms
step:1038/1660 train_time:408950ms step_avg:393.98ms
step:1039/1660 train_time:409340ms step_avg:393.97ms
step:1040/1660 train_time:409729ms step_avg:393.97ms
step:1041/1660 train_time:410119ms step_avg:393.97ms
step:1042/1660 train_time:410518ms step_avg:393.97ms
step:1043/1660 train_time:410909ms step_avg:393.97ms
step:1044/1660 train_time:411300ms step_avg:393.97ms
step:1045/1660 train_time:411697ms step_avg:393.97ms
step:1046/1660 train_time:412094ms step_avg:393.97ms
step:1047/1660 train_time:412486ms step_avg:393.97ms
step:1048/1660 train_time:412876ms step_avg:393.97ms
step:1049/1660 train_time:413270ms step_avg:393.97ms
step:1050/1660 train_time:413664ms step_avg:393.97ms
step:1051/1660 train_time:414057ms step_avg:393.97ms
step:1052/1660 train_time:414453ms step_avg:393.97ms
step:1053/1660 train_time:414847ms step_avg:393.97ms
step:1054/1660 train_time:415238ms step_avg:393.96ms
step:1055/1660 train_time:415633ms step_avg:393.97ms
step:1056/1660 train_time:416030ms step_avg:393.97ms
step:1057/1660 train_time:416421ms step_avg:393.96ms
step:1058/1660 train_time:416810ms step_avg:393.96ms
step:1059/1660 train_time:417202ms step_avg:393.96ms
step:1060/1660 train_time:417592ms step_avg:393.95ms
step:1061/1660 train_time:417988ms step_avg:393.96ms
step:1062/1660 train_time:418381ms step_avg:393.96ms
step:1063/1660 train_time:418778ms step_avg:393.96ms
step:1064/1660 train_time:419167ms step_avg:393.95ms
step:1065/1660 train_time:419562ms step_avg:393.95ms
step:1066/1660 train_time:419953ms step_avg:393.95ms
step:1067/1660 train_time:420347ms step_avg:393.95ms
step:1068/1660 train_time:420740ms step_avg:393.95ms
step:1069/1660 train_time:421137ms step_avg:393.95ms
step:1070/1660 train_time:421532ms step_avg:393.95ms
step:1071/1660 train_time:421924ms step_avg:393.95ms
step:1072/1660 train_time:422316ms step_avg:393.95ms
step:1073/1660 train_time:422709ms step_avg:393.95ms
step:1074/1660 train_time:423097ms step_avg:393.95ms
step:1075/1660 train_time:423491ms step_avg:393.95ms
step:1076/1660 train_time:423883ms step_avg:393.94ms
step:1077/1660 train_time:424275ms step_avg:393.94ms
step:1078/1660 train_time:424669ms step_avg:393.94ms
step:1079/1660 train_time:425063ms step_avg:393.94ms
step:1080/1660 train_time:425458ms step_avg:393.94ms
step:1081/1660 train_time:425851ms step_avg:393.94ms
step:1082/1660 train_time:426249ms step_avg:393.95ms
step:1083/1660 train_time:426641ms step_avg:393.94ms
step:1084/1660 train_time:427032ms step_avg:393.94ms
step:1085/1660 train_time:427420ms step_avg:393.94ms
step:1086/1660 train_time:427813ms step_avg:393.93ms
step:1087/1660 train_time:428204ms step_avg:393.93ms
step:1088/1660 train_time:428592ms step_avg:393.93ms
step:1089/1660 train_time:428986ms step_avg:393.93ms
step:1090/1660 train_time:429377ms step_avg:393.92ms
step:1091/1660 train_time:429770ms step_avg:393.92ms
step:1092/1660 train_time:430164ms step_avg:393.92ms
step:1093/1660 train_time:430560ms step_avg:393.93ms
step:1094/1660 train_time:430957ms step_avg:393.93ms
step:1095/1660 train_time:431346ms step_avg:393.92ms
step:1096/1660 train_time:431742ms step_avg:393.93ms
step:1097/1660 train_time:432133ms step_avg:393.92ms
step:1098/1660 train_time:432530ms step_avg:393.93ms
step:1099/1660 train_time:432923ms step_avg:393.92ms
step:1100/1660 train_time:433316ms step_avg:393.92ms
step:1101/1660 train_time:433704ms step_avg:393.92ms
step:1102/1660 train_time:434096ms step_avg:393.92ms
step:1103/1660 train_time:434488ms step_avg:393.91ms
step:1104/1660 train_time:434881ms step_avg:393.91ms
step:1105/1660 train_time:435274ms step_avg:393.91ms
step:1106/1660 train_time:435665ms step_avg:393.91ms
step:1107/1660 train_time:436063ms step_avg:393.91ms
step:1108/1660 train_time:436449ms step_avg:393.91ms
step:1109/1660 train_time:436844ms step_avg:393.91ms
step:1110/1660 train_time:437236ms step_avg:393.91ms
step:1111/1660 train_time:437626ms step_avg:393.90ms
step:1112/1660 train_time:438019ms step_avg:393.90ms
step:1113/1660 train_time:438410ms step_avg:393.90ms
step:1114/1660 train_time:438803ms step_avg:393.90ms
step:1115/1660 train_time:439194ms step_avg:393.90ms
step:1116/1660 train_time:439584ms step_avg:393.89ms
step:1117/1660 train_time:439979ms step_avg:393.89ms
step:1118/1660 train_time:440374ms step_avg:393.89ms
step:1119/1660 train_time:440766ms step_avg:393.89ms
step:1120/1660 train_time:441163ms step_avg:393.90ms
step:1121/1660 train_time:441555ms step_avg:393.89ms
step:1122/1660 train_time:441944ms step_avg:393.89ms
step:1123/1660 train_time:442340ms step_avg:393.89ms
step:1124/1660 train_time:442729ms step_avg:393.89ms
step:1125/1660 train_time:443122ms step_avg:393.89ms
step:1125/1660 val_loss:3.4109 train_time:443418ms step_avg:394.15ms
step:1126/1660 train_time:443680ms step_avg:394.03ms
step:1127/1660 train_time:444021ms step_avg:393.98ms
step:1128/1660 train_time:444414ms step_avg:393.98ms
step:1129/1660 train_time:444807ms step_avg:393.98ms
step:1130/1660 train_time:445198ms step_avg:393.98ms
step:1131/1660 train_time:445595ms step_avg:393.98ms
step:1132/1660 train_time:445983ms step_avg:393.98ms
step:1133/1660 train_time:446377ms step_avg:393.98ms
step:1134/1660 train_time:446769ms step_avg:393.98ms
step:1135/1660 train_time:447160ms step_avg:393.97ms
step:1136/1660 train_time:447553ms step_avg:393.97ms
step:1137/1660 train_time:447945ms step_avg:393.97ms
step:1138/1660 train_time:448338ms step_avg:393.97ms
step:1139/1660 train_time:448729ms step_avg:393.97ms
step:1140/1660 train_time:449120ms step_avg:393.97ms
step:1141/1660 train_time:449516ms step_avg:393.97ms
step:1142/1660 train_time:449909ms step_avg:393.97ms
step:1143/1660 train_time:450301ms step_avg:393.96ms
step:1144/1660 train_time:450694ms step_avg:393.96ms
step:1145/1660 train_time:451086ms step_avg:393.96ms
step:1146/1660 train_time:451485ms step_avg:393.97ms
step:1147/1660 train_time:451875ms step_avg:393.96ms
step:1148/1660 train_time:452271ms step_avg:393.96ms
step:1149/1660 train_time:452665ms step_avg:393.96ms
step:1150/1660 train_time:453059ms step_avg:393.96ms
step:1151/1660 train_time:453454ms step_avg:393.97ms
step:1152/1660 train_time:453845ms step_avg:393.96ms
step:1153/1660 train_time:454233ms step_avg:393.96ms
step:1154/1660 train_time:454627ms step_avg:393.96ms
step:1155/1660 train_time:455018ms step_avg:393.96ms
step:1156/1660 train_time:455410ms step_avg:393.95ms
step:1157/1660 train_time:455802ms step_avg:393.95ms
step:1158/1660 train_time:456194ms step_avg:393.95ms
step:1159/1660 train_time:456586ms step_avg:393.95ms
step:1160/1660 train_time:456981ms step_avg:393.95ms
step:1161/1660 train_time:457373ms step_avg:393.95ms
step:1162/1660 train_time:457769ms step_avg:393.95ms
step:1163/1660 train_time:458158ms step_avg:393.95ms
step:1164/1660 train_time:458553ms step_avg:393.95ms
step:1165/1660 train_time:458949ms step_avg:393.95ms
step:1166/1660 train_time:459339ms step_avg:393.94ms
step:1167/1660 train_time:459733ms step_avg:393.94ms
step:1168/1660 train_time:460124ms step_avg:393.94ms
step:1169/1660 train_time:460516ms step_avg:393.94ms
step:1170/1660 train_time:460905ms step_avg:393.94ms
step:1171/1660 train_time:461296ms step_avg:393.93ms
step:1172/1660 train_time:461692ms step_avg:393.93ms
step:1173/1660 train_time:462081ms step_avg:393.93ms
step:1174/1660 train_time:462472ms step_avg:393.93ms
step:1175/1660 train_time:462870ms step_avg:393.93ms
step:1176/1660 train_time:463260ms step_avg:393.93ms
step:1177/1660 train_time:463654ms step_avg:393.93ms
step:1178/1660 train_time:464051ms step_avg:393.93ms
step:1179/1660 train_time:464445ms step_avg:393.93ms
step:1180/1660 train_time:464841ms step_avg:393.93ms
step:1181/1660 train_time:465234ms step_avg:393.93ms
step:1182/1660 train_time:465621ms step_avg:393.93ms
step:1183/1660 train_time:466014ms step_avg:393.93ms
step:1184/1660 train_time:466401ms step_avg:393.92ms
step:1185/1660 train_time:466795ms step_avg:393.92ms
step:1186/1660 train_time:467187ms step_avg:393.92ms
step:1187/1660 train_time:467577ms step_avg:393.91ms
step:1188/1660 train_time:467971ms step_avg:393.92ms
step:1189/1660 train_time:468365ms step_avg:393.91ms
step:1190/1660 train_time:468758ms step_avg:393.91ms
step:1191/1660 train_time:469153ms step_avg:393.91ms
step:1192/1660 train_time:469543ms step_avg:393.91ms
step:1193/1660 train_time:469940ms step_avg:393.91ms
step:1194/1660 train_time:470335ms step_avg:393.92ms
step:1195/1660 train_time:470726ms step_avg:393.91ms
step:1196/1660 train_time:471119ms step_avg:393.91ms
step:1197/1660 train_time:471511ms step_avg:393.91ms
step:1198/1660 train_time:471903ms step_avg:393.91ms
step:1199/1660 train_time:472297ms step_avg:393.91ms
step:1200/1660 train_time:472687ms step_avg:393.91ms
step:1201/1660 train_time:473082ms step_avg:393.91ms
step:1202/1660 train_time:473478ms step_avg:393.91ms
step:1203/1660 train_time:473867ms step_avg:393.90ms
step:1204/1660 train_time:474261ms step_avg:393.90ms
step:1205/1660 train_time:474651ms step_avg:393.90ms
step:1206/1660 train_time:475041ms step_avg:393.90ms
step:1207/1660 train_time:475431ms step_avg:393.89ms
step:1208/1660 train_time:475824ms step_avg:393.89ms
step:1209/1660 train_time:476217ms step_avg:393.89ms
step:1210/1660 train_time:476605ms step_avg:393.89ms
step:1211/1660 train_time:476999ms step_avg:393.89ms
step:1212/1660 train_time:477392ms step_avg:393.89ms
step:1213/1660 train_time:477786ms step_avg:393.89ms
step:1214/1660 train_time:478174ms step_avg:393.88ms
step:1215/1660 train_time:478563ms step_avg:393.88ms
step:1216/1660 train_time:478954ms step_avg:393.88ms
step:1217/1660 train_time:479342ms step_avg:393.87ms
step:1218/1660 train_time:479734ms step_avg:393.87ms
step:1219/1660 train_time:480128ms step_avg:393.87ms
step:1220/1660 train_time:480525ms step_avg:393.87ms
step:1221/1660 train_time:480915ms step_avg:393.87ms
step:1222/1660 train_time:481308ms step_avg:393.87ms
step:1223/1660 train_time:481703ms step_avg:393.87ms
step:1224/1660 train_time:482094ms step_avg:393.87ms
step:1225/1660 train_time:482486ms step_avg:393.87ms
step:1226/1660 train_time:482878ms step_avg:393.86ms
step:1227/1660 train_time:483272ms step_avg:393.86ms
step:1228/1660 train_time:483663ms step_avg:393.86ms
step:1229/1660 train_time:484055ms step_avg:393.86ms
step:1230/1660 train_time:484444ms step_avg:393.86ms
step:1231/1660 train_time:484832ms step_avg:393.85ms
step:1232/1660 train_time:485225ms step_avg:393.85ms
step:1233/1660 train_time:485617ms step_avg:393.85ms
step:1234/1660 train_time:486011ms step_avg:393.85ms
step:1235/1660 train_time:486405ms step_avg:393.85ms
step:1236/1660 train_time:486799ms step_avg:393.85ms
step:1237/1660 train_time:487189ms step_avg:393.85ms
step:1238/1660 train_time:487581ms step_avg:393.85ms
step:1239/1660 train_time:487973ms step_avg:393.84ms
step:1240/1660 train_time:488366ms step_avg:393.84ms
step:1241/1660 train_time:488757ms step_avg:393.84ms
step:1242/1660 train_time:489151ms step_avg:393.84ms
step:1243/1660 train_time:489543ms step_avg:393.84ms
step:1244/1660 train_time:489940ms step_avg:393.84ms
step:1245/1660 train_time:490331ms step_avg:393.84ms
step:1246/1660 train_time:490723ms step_avg:393.84ms
step:1247/1660 train_time:491113ms step_avg:393.84ms
step:1248/1660 train_time:491503ms step_avg:393.83ms
step:1249/1660 train_time:491897ms step_avg:393.83ms
step:1250/1660 train_time:492290ms step_avg:393.83ms
step:1250/1660 val_loss:3.3721 train_time:492591ms step_avg:394.07ms
step:1251/1660 train_time:492850ms step_avg:393.96ms
step:1252/1660 train_time:493199ms step_avg:393.93ms
step:1253/1660 train_time:493598ms step_avg:393.93ms
step:1254/1660 train_time:493990ms step_avg:393.93ms
step:1255/1660 train_time:494378ms step_avg:393.93ms
step:1256/1660 train_time:494769ms step_avg:393.92ms
step:1257/1660 train_time:495166ms step_avg:393.93ms
step:1258/1660 train_time:495556ms step_avg:393.92ms
step:1259/1660 train_time:495953ms step_avg:393.93ms
step:1260/1660 train_time:496347ms step_avg:393.93ms
step:1261/1660 train_time:496738ms step_avg:393.92ms
step:1262/1660 train_time:497132ms step_avg:393.92ms
step:1263/1660 train_time:497527ms step_avg:393.92ms
step:1264/1660 train_time:497918ms step_avg:393.92ms
step:1265/1660 train_time:498308ms step_avg:393.92ms
step:1266/1660 train_time:498704ms step_avg:393.92ms
step:1267/1660 train_time:499096ms step_avg:393.92ms
step:1268/1660 train_time:499494ms step_avg:393.92ms
step:1269/1660 train_time:499888ms step_avg:393.92ms
step:1270/1660 train_time:500282ms step_avg:393.92ms
step:1271/1660 train_time:500676ms step_avg:393.92ms
step:1272/1660 train_time:501066ms step_avg:393.92ms
step:1273/1660 train_time:501460ms step_avg:393.92ms
step:1274/1660 train_time:501852ms step_avg:393.92ms
step:1275/1660 train_time:502244ms step_avg:393.92ms
step:1276/1660 train_time:502634ms step_avg:393.91ms
step:1277/1660 train_time:503025ms step_avg:393.91ms
step:1278/1660 train_time:503416ms step_avg:393.91ms
step:1279/1660 train_time:503808ms step_avg:393.91ms
step:1280/1660 train_time:504201ms step_avg:393.91ms
step:1281/1660 train_time:504592ms step_avg:393.90ms
step:1282/1660 train_time:504988ms step_avg:393.91ms
step:1283/1660 train_time:505378ms step_avg:393.90ms
step:1284/1660 train_time:505771ms step_avg:393.90ms
step:1285/1660 train_time:506166ms step_avg:393.90ms
step:1286/1660 train_time:506560ms step_avg:393.90ms
step:1287/1660 train_time:506949ms step_avg:393.90ms
step:1288/1660 train_time:507346ms step_avg:393.90ms
step:1289/1660 train_time:507737ms step_avg:393.90ms
step:1290/1660 train_time:508133ms step_avg:393.90ms
step:1291/1660 train_time:508526ms step_avg:393.90ms
step:1292/1660 train_time:508920ms step_avg:393.90ms
step:1293/1660 train_time:509311ms step_avg:393.90ms
step:1294/1660 train_time:509699ms step_avg:393.89ms
step:1295/1660 train_time:510096ms step_avg:393.90ms
step:1296/1660 train_time:510485ms step_avg:393.89ms
step:1297/1660 train_time:510878ms step_avg:393.89ms
step:1298/1660 train_time:511268ms step_avg:393.89ms
step:1299/1660 train_time:511664ms step_avg:393.89ms
step:1300/1660 train_time:512057ms step_avg:393.89ms
step:1301/1660 train_time:512449ms step_avg:393.89ms
step:1302/1660 train_time:512840ms step_avg:393.89ms
step:1303/1660 train_time:513238ms step_avg:393.89ms
step:1304/1660 train_time:513634ms step_avg:393.89ms
step:1305/1660 train_time:514025ms step_avg:393.89ms
step:1306/1660 train_time:514414ms step_avg:393.89ms
step:1307/1660 train_time:514808ms step_avg:393.89ms
step:1308/1660 train_time:515204ms step_avg:393.89ms
step:1309/1660 train_time:515595ms step_avg:393.88ms
step:1310/1660 train_time:515989ms step_avg:393.88ms
step:1311/1660 train_time:516380ms step_avg:393.88ms
step:1312/1660 train_time:516776ms step_avg:393.88ms
step:1313/1660 train_time:517168ms step_avg:393.88ms
step:1314/1660 train_time:517564ms step_avg:393.88ms
step:1315/1660 train_time:517960ms step_avg:393.89ms
step:1316/1660 train_time:518350ms step_avg:393.88ms
step:1317/1660 train_time:518742ms step_avg:393.88ms
step:1318/1660 train_time:519131ms step_avg:393.88ms
step:1319/1660 train_time:519526ms step_avg:393.88ms
step:1320/1660 train_time:519919ms step_avg:393.88ms
step:1321/1660 train_time:520309ms step_avg:393.88ms
step:1322/1660 train_time:520704ms step_avg:393.88ms
step:1323/1660 train_time:521094ms step_avg:393.87ms
step:1324/1660 train_time:521489ms step_avg:393.87ms
step:1325/1660 train_time:521879ms step_avg:393.87ms
step:1326/1660 train_time:522275ms step_avg:393.87ms
step:1327/1660 train_time:522669ms step_avg:393.87ms
step:1328/1660 train_time:523062ms step_avg:393.87ms
step:1329/1660 train_time:523451ms step_avg:393.87ms
step:1330/1660 train_time:523838ms step_avg:393.86ms
step:1331/1660 train_time:524230ms step_avg:393.86ms
step:1332/1660 train_time:524627ms step_avg:393.86ms
step:1333/1660 train_time:525016ms step_avg:393.86ms
step:1334/1660 train_time:525406ms step_avg:393.86ms
step:1335/1660 train_time:525799ms step_avg:393.86ms
step:1336/1660 train_time:526193ms step_avg:393.86ms
step:1337/1660 train_time:526587ms step_avg:393.86ms
step:1338/1660 train_time:526981ms step_avg:393.86ms
step:1339/1660 train_time:527373ms step_avg:393.86ms
step:1340/1660 train_time:527766ms step_avg:393.86ms
step:1341/1660 train_time:528164ms step_avg:393.86ms
step:1342/1660 train_time:528559ms step_avg:393.86ms
step:1343/1660 train_time:528945ms step_avg:393.85ms
step:1344/1660 train_time:529345ms step_avg:393.86ms
step:1345/1660 train_time:529736ms step_avg:393.86ms
step:1346/1660 train_time:530128ms step_avg:393.85ms
step:1347/1660 train_time:530522ms step_avg:393.85ms
step:1348/1660 train_time:530916ms step_avg:393.85ms
step:1349/1660 train_time:531310ms step_avg:393.85ms
step:1350/1660 train_time:531704ms step_avg:393.85ms
step:1351/1660 train_time:532096ms step_avg:393.85ms
step:1352/1660 train_time:532486ms step_avg:393.85ms
step:1353/1660 train_time:532882ms step_avg:393.85ms
step:1354/1660 train_time:533275ms step_avg:393.85ms
step:1355/1660 train_time:533667ms step_avg:393.85ms
step:1356/1660 train_time:534059ms step_avg:393.85ms
step:1357/1660 train_time:534452ms step_avg:393.85ms
step:1358/1660 train_time:534844ms step_avg:393.85ms
step:1359/1660 train_time:535237ms step_avg:393.85ms
step:1360/1660 train_time:535634ms step_avg:393.85ms
step:1361/1660 train_time:536026ms step_avg:393.85ms
step:1362/1660 train_time:536416ms step_avg:393.84ms
step:1363/1660 train_time:536809ms step_avg:393.84ms
step:1364/1660 train_time:537200ms step_avg:393.84ms
step:1365/1660 train_time:537593ms step_avg:393.84ms
step:1366/1660 train_time:537991ms step_avg:393.84ms
step:1367/1660 train_time:538382ms step_avg:393.84ms
step:1368/1660 train_time:538775ms step_avg:393.84ms
step:1369/1660 train_time:539168ms step_avg:393.84ms
step:1370/1660 train_time:539561ms step_avg:393.84ms
step:1371/1660 train_time:539955ms step_avg:393.84ms
step:1372/1660 train_time:540348ms step_avg:393.84ms
step:1373/1660 train_time:540739ms step_avg:393.84ms
step:1374/1660 train_time:541131ms step_avg:393.84ms
step:1375/1660 train_time:541525ms step_avg:393.84ms
step:1375/1660 val_loss:3.3363 train_time:541823ms step_avg:394.05ms
step:1376/1660 train_time:542090ms step_avg:393.96ms
step:1377/1660 train_time:542429ms step_avg:393.92ms
step:1378/1660 train_time:542822ms step_avg:393.92ms
step:1379/1660 train_time:543218ms step_avg:393.92ms
step:1380/1660 train_time:543624ms step_avg:393.93ms
step:1381/1660 train_time:544023ms step_avg:393.93ms
step:1382/1660 train_time:544415ms step_avg:393.93ms
step:1383/1660 train_time:544809ms step_avg:393.93ms
step:1384/1660 train_time:545201ms step_avg:393.93ms
step:1385/1660 train_time:545594ms step_avg:393.93ms
step:1386/1660 train_time:545990ms step_avg:393.93ms
step:1387/1660 train_time:546389ms step_avg:393.94ms
step:1388/1660 train_time:546782ms step_avg:393.93ms
step:1389/1660 train_time:547174ms step_avg:393.93ms
step:1390/1660 train_time:547567ms step_avg:393.93ms
step:1391/1660 train_time:547958ms step_avg:393.93ms
step:1392/1660 train_time:548355ms step_avg:393.93ms
step:1393/1660 train_time:548746ms step_avg:393.93ms
step:1394/1660 train_time:549139ms step_avg:393.93ms
step:1395/1660 train_time:549535ms step_avg:393.93ms
step:1396/1660 train_time:549923ms step_avg:393.93ms
step:1397/1660 train_time:550318ms step_avg:393.93ms
step:1398/1660 train_time:550708ms step_avg:393.93ms
step:1399/1660 train_time:551101ms step_avg:393.93ms
step:1400/1660 train_time:551491ms step_avg:393.92ms
step:1401/1660 train_time:551890ms step_avg:393.93ms
step:1402/1660 train_time:552285ms step_avg:393.93ms
step:1403/1660 train_time:552675ms step_avg:393.92ms
step:1404/1660 train_time:553066ms step_avg:393.92ms
step:1405/1660 train_time:553458ms step_avg:393.92ms
step:1406/1660 train_time:553849ms step_avg:393.92ms
step:1407/1660 train_time:554244ms step_avg:393.92ms
step:1408/1660 train_time:554639ms step_avg:393.92ms
step:1409/1660 train_time:555029ms step_avg:393.92ms
step:1410/1660 train_time:555420ms step_avg:393.91ms
step:1411/1660 train_time:555816ms step_avg:393.92ms
step:1412/1660 train_time:556207ms step_avg:393.91ms
step:1413/1660 train_time:556596ms step_avg:393.91ms
step:1414/1660 train_time:556992ms step_avg:393.91ms
step:1415/1660 train_time:557380ms step_avg:393.91ms
step:1416/1660 train_time:557775ms step_avg:393.91ms
step:1417/1660 train_time:558165ms step_avg:393.91ms
step:1418/1660 train_time:558555ms step_avg:393.90ms
step:1419/1660 train_time:558947ms step_avg:393.90ms
step:1420/1660 train_time:559343ms step_avg:393.90ms
step:1421/1660 train_time:559734ms step_avg:393.90ms
step:1422/1660 train_time:560123ms step_avg:393.90ms
step:1423/1660 train_time:560522ms step_avg:393.90ms
step:1424/1660 train_time:560917ms step_avg:393.90ms
step:1425/1660 train_time:561311ms step_avg:393.90ms
step:1426/1660 train_time:561705ms step_avg:393.90ms
step:1427/1660 train_time:562093ms step_avg:393.90ms
step:1428/1660 train_time:562493ms step_avg:393.90ms
step:1429/1660 train_time:562890ms step_avg:393.90ms
step:1430/1660 train_time:563281ms step_avg:393.90ms
step:1431/1660 train_time:563679ms step_avg:393.91ms
step:1432/1660 train_time:564072ms step_avg:393.90ms
step:1433/1660 train_time:564463ms step_avg:393.90ms
step:1434/1660 train_time:564856ms step_avg:393.90ms
step:1435/1660 train_time:565249ms step_avg:393.90ms
step:1436/1660 train_time:565644ms step_avg:393.90ms
step:1437/1660 train_time:566033ms step_avg:393.90ms
step:1438/1660 train_time:566424ms step_avg:393.90ms
step:1439/1660 train_time:566821ms step_avg:393.90ms
step:1440/1660 train_time:567214ms step_avg:393.90ms
step:1441/1660 train_time:567604ms step_avg:393.90ms
step:1442/1660 train_time:567996ms step_avg:393.89ms
step:1443/1660 train_time:568387ms step_avg:393.89ms
step:1444/1660 train_time:568783ms step_avg:393.89ms
step:1445/1660 train_time:569174ms step_avg:393.89ms
step:1446/1660 train_time:569570ms step_avg:393.89ms
step:1447/1660 train_time:569962ms step_avg:393.89ms
step:1448/1660 train_time:570357ms step_avg:393.89ms
step:1449/1660 train_time:570748ms step_avg:393.89ms
step:1450/1660 train_time:571139ms step_avg:393.89ms
step:1451/1660 train_time:571533ms step_avg:393.89ms
step:1452/1660 train_time:571924ms step_avg:393.89ms
step:1453/1660 train_time:572320ms step_avg:393.89ms
step:1454/1660 train_time:572710ms step_avg:393.89ms
step:1455/1660 train_time:573101ms step_avg:393.88ms
step:1456/1660 train_time:573493ms step_avg:393.88ms
step:1457/1660 train_time:573890ms step_avg:393.88ms
step:1458/1660 train_time:574277ms step_avg:393.88ms
step:1459/1660 train_time:574670ms step_avg:393.88ms
step:1460/1660 train_time:575065ms step_avg:393.88ms
step:1461/1660 train_time:575456ms step_avg:393.88ms
step:1462/1660 train_time:575847ms step_avg:393.88ms
step:1463/1660 train_time:576238ms step_avg:393.87ms
step:1464/1660 train_time:576633ms step_avg:393.88ms
step:1465/1660 train_time:577024ms step_avg:393.87ms
step:1466/1660 train_time:577414ms step_avg:393.87ms
step:1467/1660 train_time:577809ms step_avg:393.87ms
step:1468/1660 train_time:578201ms step_avg:393.87ms
step:1469/1660 train_time:578596ms step_avg:393.87ms
step:1470/1660 train_time:578987ms step_avg:393.87ms
step:1471/1660 train_time:579378ms step_avg:393.87ms
step:1472/1660 train_time:579774ms step_avg:393.87ms
step:1473/1660 train_time:580167ms step_avg:393.87ms
step:1474/1660 train_time:580559ms step_avg:393.87ms
step:1475/1660 train_time:580954ms step_avg:393.87ms
step:1476/1660 train_time:581346ms step_avg:393.87ms
step:1477/1660 train_time:581738ms step_avg:393.86ms
step:1478/1660 train_time:582134ms step_avg:393.87ms
step:1479/1660 train_time:582531ms step_avg:393.87ms
step:1480/1660 train_time:582923ms step_avg:393.87ms
step:1481/1660 train_time:583314ms step_avg:393.86ms
step:1482/1660 train_time:583708ms step_avg:393.86ms
step:1483/1660 train_time:584104ms step_avg:393.87ms
step:1484/1660 train_time:584495ms step_avg:393.86ms
step:1485/1660 train_time:584885ms step_avg:393.86ms
step:1486/1660 train_time:585282ms step_avg:393.86ms
step:1487/1660 train_time:585676ms step_avg:393.86ms
step:1488/1660 train_time:586070ms step_avg:393.86ms
step:1489/1660 train_time:586467ms step_avg:393.87ms
step:1490/1660 train_time:586857ms step_avg:393.86ms
step:1491/1660 train_time:587253ms step_avg:393.87ms
step:1492/1660 train_time:587648ms step_avg:393.87ms
step:1493/1660 train_time:588049ms step_avg:393.87ms
step:1494/1660 train_time:588442ms step_avg:393.87ms
step:1495/1660 train_time:588839ms step_avg:393.87ms
step:1496/1660 train_time:589233ms step_avg:393.87ms
step:1497/1660 train_time:589626ms step_avg:393.87ms
step:1498/1660 train_time:590021ms step_avg:393.87ms
step:1499/1660 train_time:590416ms step_avg:393.87ms
step:1500/1660 train_time:590810ms step_avg:393.87ms
step:1500/1660 val_loss:3.3061 train_time:591105ms step_avg:394.07ms
step:1501/1660 train_time:591365ms step_avg:393.98ms
step:1502/1660 train_time:591780ms step_avg:393.99ms
step:1503/1660 train_time:592177ms step_avg:394.00ms
step:1504/1660 train_time:592578ms step_avg:394.00ms
step:1505/1660 train_time:592976ms step_avg:394.00ms
step:1506/1660 train_time:593371ms step_avg:394.00ms
step:1507/1660 train_time:593766ms step_avg:394.01ms
step:1508/1660 train_time:594157ms step_avg:394.00ms
step:1509/1660 train_time:594553ms step_avg:394.00ms
step:1510/1660 train_time:594950ms step_avg:394.01ms
step:1511/1660 train_time:595344ms step_avg:394.01ms
step:1512/1660 train_time:595736ms step_avg:394.01ms
step:1513/1660 train_time:596130ms step_avg:394.01ms
step:1514/1660 train_time:596523ms step_avg:394.00ms
step:1515/1660 train_time:596916ms step_avg:394.00ms
step:1516/1660 train_time:597312ms step_avg:394.01ms
step:1517/1660 train_time:597706ms step_avg:394.01ms
step:1518/1660 train_time:598098ms step_avg:394.00ms
step:1519/1660 train_time:598491ms step_avg:394.00ms
step:1520/1660 train_time:598894ms step_avg:394.01ms
step:1521/1660 train_time:599289ms step_avg:394.01ms
step:1522/1660 train_time:599681ms step_avg:394.01ms
step:1523/1660 train_time:600072ms step_avg:394.01ms
step:1524/1660 train_time:600470ms step_avg:394.01ms
step:1525/1660 train_time:600868ms step_avg:394.01ms
step:1526/1660 train_time:601261ms step_avg:394.01ms
step:1527/1660 train_time:601655ms step_avg:394.01ms
step:1528/1660 train_time:602049ms step_avg:394.01ms
step:1529/1660 train_time:602442ms step_avg:394.01ms
step:1530/1660 train_time:602839ms step_avg:394.01ms
step:1531/1660 train_time:603235ms step_avg:394.01ms
step:1532/1660 train_time:603630ms step_avg:394.01ms
step:1533/1660 train_time:604021ms step_avg:394.01ms
step:1534/1660 train_time:604413ms step_avg:394.01ms
step:1535/1660 train_time:604807ms step_avg:394.01ms
step:1536/1660 train_time:605202ms step_avg:394.01ms
step:1537/1660 train_time:605596ms step_avg:394.01ms
step:1538/1660 train_time:605989ms step_avg:394.01ms
step:1539/1660 train_time:606386ms step_avg:394.01ms
step:1540/1660 train_time:606783ms step_avg:394.01ms
step:1541/1660 train_time:607176ms step_avg:394.01ms
step:1542/1660 train_time:607573ms step_avg:394.02ms
step:1543/1660 train_time:607972ms step_avg:394.02ms
step:1544/1660 train_time:608364ms step_avg:394.02ms
step:1545/1660 train_time:608760ms step_avg:394.02ms
step:1546/1660 train_time:609151ms step_avg:394.02ms
step:1547/1660 train_time:609545ms step_avg:394.02ms
step:1548/1660 train_time:609941ms step_avg:394.02ms
step:1549/1660 train_time:610338ms step_avg:394.02ms
step:1550/1660 train_time:610732ms step_avg:394.02ms
step:1551/1660 train_time:611127ms step_avg:394.02ms
step:1552/1660 train_time:611524ms step_avg:394.02ms
step:1553/1660 train_time:611919ms step_avg:394.02ms
step:1554/1660 train_time:612315ms step_avg:394.03ms
step:1555/1660 train_time:612710ms step_avg:394.03ms
step:1556/1660 train_time:613105ms step_avg:394.03ms
step:1557/1660 train_time:613500ms step_avg:394.03ms
step:1558/1660 train_time:613897ms step_avg:394.03ms
step:1559/1660 train_time:614291ms step_avg:394.03ms
step:1560/1660 train_time:614685ms step_avg:394.03ms
step:1561/1660 train_time:615079ms step_avg:394.03ms
step:1562/1660 train_time:615474ms step_avg:394.03ms
step:1563/1660 train_time:615868ms step_avg:394.03ms
step:1564/1660 train_time:616265ms step_avg:394.03ms
step:1565/1660 train_time:616662ms step_avg:394.03ms
step:1566/1660 train_time:617058ms step_avg:394.03ms
step:1567/1660 train_time:617449ms step_avg:394.03ms
step:1568/1660 train_time:617841ms step_avg:394.03ms
step:1569/1660 train_time:618239ms step_avg:394.03ms
step:1570/1660 train_time:618634ms step_avg:394.03ms
step:1571/1660 train_time:619030ms step_avg:394.04ms
step:1572/1660 train_time:619426ms step_avg:394.04ms
step:1573/1660 train_time:619821ms step_avg:394.04ms
step:1574/1660 train_time:620215ms step_avg:394.04ms
step:1575/1660 train_time:620610ms step_avg:394.04ms
step:1576/1660 train_time:621010ms step_avg:394.04ms
step:1577/1660 train_time:621404ms step_avg:394.04ms
step:1578/1660 train_time:621798ms step_avg:394.04ms
step:1579/1660 train_time:622192ms step_avg:394.04ms
step:1580/1660 train_time:622590ms step_avg:394.04ms
step:1581/1660 train_time:622987ms step_avg:394.05ms
step:1582/1660 train_time:623381ms step_avg:394.05ms
step:1583/1660 train_time:623773ms step_avg:394.04ms
step:1584/1660 train_time:624167ms step_avg:394.04ms
step:1585/1660 train_time:624566ms step_avg:394.05ms
step:1586/1660 train_time:624963ms step_avg:394.05ms
step:1587/1660 train_time:625356ms step_avg:394.05ms
step:1588/1660 train_time:625753ms step_avg:394.05ms
step:1589/1660 train_time:626145ms step_avg:394.05ms
step:1590/1660 train_time:626538ms step_avg:394.05ms
step:1591/1660 train_time:626935ms step_avg:394.05ms
step:1592/1660 train_time:627327ms step_avg:394.05ms
step:1593/1660 train_time:627717ms step_avg:394.05ms
step:1594/1660 train_time:628116ms step_avg:394.05ms
step:1595/1660 train_time:628517ms step_avg:394.05ms
step:1596/1660 train_time:628904ms step_avg:394.05ms
step:1597/1660 train_time:629301ms step_avg:394.05ms
step:1598/1660 train_time:629693ms step_avg:394.05ms
step:1599/1660 train_time:630091ms step_avg:394.05ms
step:1600/1660 train_time:630487ms step_avg:394.05ms
step:1601/1660 train_time:630881ms step_avg:394.05ms
step:1602/1660 train_time:631272ms step_avg:394.05ms
step:1603/1660 train_time:631666ms step_avg:394.05ms
step:1604/1660 train_time:632068ms step_avg:394.06ms
step:1605/1660 train_time:632465ms step_avg:394.06ms
step:1606/1660 train_time:632860ms step_avg:394.06ms
step:1607/1660 train_time:633254ms step_avg:394.06ms
step:1608/1660 train_time:633646ms step_avg:394.06ms
step:1609/1660 train_time:634044ms step_avg:394.06ms
step:1610/1660 train_time:634437ms step_avg:394.06ms
step:1611/1660 train_time:634837ms step_avg:394.06ms
step:1612/1660 train_time:635233ms step_avg:394.06ms
step:1613/1660 train_time:635633ms step_avg:394.07ms
step:1614/1660 train_time:636027ms step_avg:394.07ms
step:1615/1660 train_time:636422ms step_avg:394.07ms
step:1616/1660 train_time:636818ms step_avg:394.07ms
step:1617/1660 train_time:637208ms step_avg:394.07ms
step:1618/1660 train_time:637601ms step_avg:394.07ms
step:1619/1660 train_time:637996ms step_avg:394.07ms
step:1620/1660 train_time:638394ms step_avg:394.07ms
step:1621/1660 train_time:638789ms step_avg:394.07ms
step:1622/1660 train_time:639185ms step_avg:394.07ms
step:1623/1660 train_time:639581ms step_avg:394.07ms
step:1624/1660 train_time:639974ms step_avg:394.07ms
step:1625/1660 train_time:640372ms step_avg:394.08ms
step:1625/1660 val_loss:3.2812 train_time:640667ms step_avg:394.26ms
step:1626/1660 train_time:640936ms step_avg:394.18ms
step:1627/1660 train_time:641276ms step_avg:394.15ms
step:1628/1660 train_time:641670ms step_avg:394.15ms
step:1629/1660 train_time:642066ms step_avg:394.15ms
step:1630/1660 train_time:642460ms step_avg:394.15ms
step:1631/1660 train_time:642855ms step_avg:394.15ms
step:1632/1660 train_time:643250ms step_avg:394.15ms
step:1633/1660 train_time:643640ms step_avg:394.15ms
step:1634/1660 train_time:644037ms step_avg:394.15ms
step:1635/1660 train_time:644428ms step_avg:394.15ms
step:1636/1660 train_time:644823ms step_avg:394.15ms
step:1637/1660 train_time:645221ms step_avg:394.15ms
step:1638/1660 train_time:645616ms step_avg:394.15ms
step:1639/1660 train_time:646011ms step_avg:394.15ms
step:1640/1660 train_time:646407ms step_avg:394.15ms
step:1641/1660 train_time:646801ms step_avg:394.15ms
step:1642/1660 train_time:647196ms step_avg:394.15ms
step:1643/1660 train_time:647590ms step_avg:394.15ms
step:1644/1660 train_time:647983ms step_avg:394.15ms
step:1645/1660 train_time:648379ms step_avg:394.15ms
step:1646/1660 train_time:648768ms step_avg:394.15ms
step:1647/1660 train_time:649162ms step_avg:394.15ms
step:1648/1660 train_time:649556ms step_avg:394.15ms
step:1649/1660 train_time:649952ms step_avg:394.15ms
step:1650/1660 train_time:650345ms step_avg:394.15ms
step:1651/1660 train_time:650740ms step_avg:394.15ms
step:1652/1660 train_time:651133ms step_avg:394.15ms
step:1653/1660 train_time:651533ms step_avg:394.15ms
step:1654/1660 train_time:651926ms step_avg:394.15ms
step:1655/1660 train_time:652325ms step_avg:394.15ms
step:1656/1660 train_time:652721ms step_avg:394.16ms
step:1657/1660 train_time:653121ms step_avg:394.16ms
step:1658/1660 train_time:653517ms step_avg:394.16ms
step:1659/1660 train_time:653911ms step_avg:394.16ms
step:1660/1660 train_time:654298ms step_avg:394.16ms
step:1660/1660 val_loss:3.2731 train_time:654597ms step_avg:394.34ms
peak memory allocated: 31703 MiB reserved: 34462 MiB
total training time: 654.60s (654597ms)
