=== Environment ===
SEED=100
NPROC=16
PYTHON=/root/miniconda3/envs/llm_test/bin/python
DATA_PATH=/models/modded-nanogpt_record50_cautious_wd
TRAIN_SCRIPT=/models/modded-nanogpt_record50_cautious_wd/npu_bench/record_033_async_data_attn_final_window/agent_outputs/default_agent/npu_port/train_gpt.py
Python 3.10.19
===================
W0527 17:51:50.845000 272 site-packages/torch/distributed/run.py:766] 
W0527 17:51:50.845000 272 site-packages/torch/distributed/run.py:766] *****************************************
W0527 17:51:50.845000 272 site-packages/torch/distributed/run.py:766] Setting OMP_NUM_THREADS environment variable for each process to be 1 in default, to avoid your system being overloaded, please further tune the variable for optimal performance in your application as needed. 
W0527 17:51:50.845000 272 site-packages/torch/distributed/run.py:766] *****************************************
/root/miniconda3/envs/llm_test/lib/python3.10/site-packages/torch/autograd/__init__.py:221: UserWarning: Cannot create tensor with interal format while allow_internel_format=False, tensor will be created with base format. (Triggered internally at build/CMakeFiles/torch_npu.dir/compiler_depend.ts:338.)
  torch.ones_like(out, memory_format=torch.preserve_format)
/root/miniconda3/envs/llm_test/lib/python3.10/site-packages/torch/autograd/__init__.py:221: UserWarning: Cannot create tensor with interal format while allow_internel_format=False, tensor will be created with base format. (Triggered internally at build/CMakeFiles/torch_npu.dir/compiler_depend.ts:338.)
  torch.ones_like(out, memory_format=torch.preserve_format)
/root/miniconda3/envs/llm_test/lib/python3.10/site-packages/torch/autograd/__init__.py:221: UserWarning: Cannot create tensor with interal format while allow_internel_format=False, tensor will be created with base format. (Triggered internally at build/CMakeFiles/torch_npu.dir/compiler_depend.ts:338.)
  torch.ones_like(out, memory_format=torch.preserve_format)
/root/miniconda3/envs/llm_test/lib/python3.10/site-packages/torch/autograd/__init__.py:221: UserWarning: Cannot create tensor with interal format while allow_internel_format=False, tensor will be created with base format. (Triggered internally at build/CMakeFiles/torch_npu.dir/compiler_depend.ts:338.)
  torch.ones_like(out, memory_format=torch.preserve_format)
/root/miniconda3/envs/llm_test/lib/python3.10/site-packages/torch/autograd/__init__.py:221: UserWarning: Cannot create tensor with interal format while allow_internel_format=False, tensor will be created with base format. (Triggered internally at build/CMakeFiles/torch_npu.dir/compiler_depend.ts:338.)
  torch.ones_like(out, memory_format=torch.preserve_format)
/root/miniconda3/envs/llm_test/lib/python3.10/site-packages/torch/autograd/__init__.py:221: UserWarning: Cannot create tensor with interal format while allow_internel_format=False, tensor will be created with base format. (Triggered internally at build/CMakeFiles/torch_npu.dir/compiler_depend.ts:338.)
  torch.ones_like(out, memory_format=torch.preserve_format)
/root/miniconda3/envs/llm_test/lib/python3.10/site-packages/torch/autograd/__init__.py:221: UserWarning: Cannot create tensor with interal format while allow_internel_format=False, tensor will be created with base format. (Triggered internally at build/CMakeFiles/torch_npu.dir/compiler_depend.ts:338.)
  torch.ones_like(out, memory_format=torch.preserve_format)
/root/miniconda3/envs/llm_test/lib/python3.10/site-packages/torch/autograd/__init__.py:221: UserWarning: Cannot create tensor with interal format while allow_internel_format=False, tensor will be created with base format. (Triggered internally at build/CMakeFiles/torch_npu.dir/compiler_depend.ts:338.)
  torch.ones_like(out, memory_format=torch.preserve_format)
/root/miniconda3/envs/llm_test/lib/python3.10/site-packages/torch/autograd/__init__.py:221: UserWarning: Cannot create tensor with interal format while allow_internel_format=False, tensor will be created with base format. (Triggered internally at build/CMakeFiles/torch_npu.dir/compiler_depend.ts:338.)
  torch.ones_like(out, memory_format=torch.preserve_format)
/root/miniconda3/envs/llm_test/lib/python3.10/site-packages/torch/distributed/distributed_c10d.py:4631: UserWarning: No device id is provided via `init_process_group` or `barrier `. Using the current device set by the user. 
  warnings.warn(  # warn only once
/root/miniconda3/envs/llm_test/lib/python3.10/site-packages/torch/autograd/__init__.py:221: UserWarning: Cannot create tensor with interal format while allow_internel_format=False, tensor will be created with base format. (Triggered internally at build/CMakeFiles/torch_npu.dir/compiler_depend.ts:338.)
  torch.ones_like(out, memory_format=torch.preserve_format)
/root/miniconda3/envs/llm_test/lib/python3.10/site-packages/torch/autograd/__init__.py:221: UserWarning: Cannot create tensor with interal format while allow_internel_format=False, tensor will be created with base format. (Triggered internally at build/CMakeFiles/torch_npu.dir/compiler_depend.ts:338.)
  torch.ones_like(out, memory_format=torch.preserve_format)
/root/miniconda3/envs/llm_test/lib/python3.10/site-packages/torch/autograd/__init__.py:221: UserWarning: Cannot create tensor with interal format while allow_internel_format=False, tensor will be created with base format. (Triggered internally at build/CMakeFiles/torch_npu.dir/compiler_depend.ts:338.)
  torch.ones_like(out, memory_format=torch.preserve_format)
/root/miniconda3/envs/llm_test/lib/python3.10/site-packages/torch/autograd/__init__.py:221: UserWarning: Cannot create tensor with interal format while allow_internel_format=False, tensor will be created with base format. (Triggered internally at build/CMakeFiles/torch_npu.dir/compiler_depend.ts:338.)
  torch.ones_like(out, memory_format=torch.preserve_format)
/root/miniconda3/envs/llm_test/lib/python3.10/site-packages/torch/autograd/__init__.py:221: UserWarning: Cannot create tensor with interal format while allow_internel_format=False, tensor will be created with base format. (Triggered internally at build/CMakeFiles/torch_npu.dir/compiler_depend.ts:338.)
  torch.ones_like(out, memory_format=torch.preserve_format)
/root/miniconda3/envs/llm_test/lib/python3.10/site-packages/torch/autograd/__init__.py:221: UserWarning: Cannot create tensor with interal format while allow_internel_format=False, tensor will be created with base format. (Triggered internally at build/CMakeFiles/torch_npu.dir/compiler_depend.ts:338.)
  torch.ones_like(out, memory_format=torch.preserve_format)
/root/miniconda3/envs/llm_test/lib/python3.10/site-packages/torch/autograd/__init__.py:221: UserWarning: Cannot create tensor with interal format while allow_internel_format=False, tensor will be created with base format. (Triggered internally at build/CMakeFiles/torch_npu.dir/compiler_depend.ts:338.)
  torch.ones_like(out, memory_format=torch.preserve_format)
/root/miniconda3/envs/llm_test/lib/python3.10/site-packages/torch/distributed/distributed_c10d.py:4631: UserWarning: No device id is provided via `init_process_group` or `barrier `. Using the current device set by the user. 
  warnings.warn(  # warn only once
/root/miniconda3/envs/llm_test/lib/python3.10/site-packages/torch/distributed/distributed_c10d.py:4631: UserWarning: No device id is provided via `init_process_group` or `barrier `. Using the current device set by the user. 
  warnings.warn(  # warn only once
/root/miniconda3/envs/llm_test/lib/python3.10/site-packages/torch/distributed/distributed_c10d.py:4631: UserWarning: No device id is provided via `init_process_group` or `barrier `. Using the current device set by the user. 
  warnings.warn(  # warn only once
/root/miniconda3/envs/llm_test/lib/python3.10/site-packages/torch/distributed/distributed_c10d.py:4631: UserWarning: No device id is provided via `init_process_group` or `barrier `. Using the current device set by the user. 
  warnings.warn(  # warn only once
/root/miniconda3/envs/llm_test/lib/python3.10/site-packages/torch/distributed/distributed_c10d.py:4631: UserWarning: No device id is provided via `init_process_group` or `barrier `. Using the current device set by the user. 
  warnings.warn(  # warn only once
/root/miniconda3/envs/llm_test/lib/python3.10/site-packages/torch/distributed/distributed_c10d.py:4631: UserWarning: No device id is provided via `init_process_group` or `barrier `. Using the current device set by the user. 
  warnings.warn(  # warn only once
/root/miniconda3/envs/llm_test/lib/python3.10/site-packages/torch/distributed/distributed_c10d.py:4631: UserWarning: No device id is provided via `init_process_group` or `barrier `. Using the current device set by the user. 
  warnings.warn(  # warn only once
/root/miniconda3/envs/llm_test/lib/python3.10/site-packages/torch/distributed/distributed_c10d.py:4631: UserWarning: No device id is provided via `init_process_group` or `barrier `. Using the current device set by the user. 
  warnings.warn(  # warn only once
/root/miniconda3/envs/llm_test/lib/python3.10/site-packages/torch/distributed/distributed_c10d.py:4631: UserWarning: No device id is provided via `init_process_group` or `barrier `. Using the current device set by the user. 
  warnings.warn(  # warn only once
/root/miniconda3/envs/llm_test/lib/python3.10/site-packages/torch/distributed/distributed_c10d.py:4631: UserWarning: No device id is provided via `init_process_group` or `barrier `. Using the current device set by the user. 
  warnings.warn(  # warn only once
/root/miniconda3/envs/llm_test/lib/python3.10/site-packages/torch/distributed/distributed_c10d.py:4631: UserWarning: No device id is provided via `init_process_group` or `barrier `. Using the current device set by the user. 
  warnings.warn(  # warn only once
/root/miniconda3/envs/llm_test/lib/python3.10/site-packages/torch/distributed/distributed_c10d.py:4631: UserWarning: No device id is provided via `init_process_group` or `barrier `. Using the current device set by the user. 
  warnings.warn(  # warn only once
/root/miniconda3/envs/llm_test/lib/python3.10/site-packages/torch/distributed/distributed_c10d.py:4631: UserWarning: No device id is provided via `init_process_group` or `barrier `. Using the current device set by the user. 
  warnings.warn(  # warn only once
/root/miniconda3/envs/llm_test/lib/python3.10/site-packages/torch/distributed/distributed_c10d.py:4631: UserWarning: No device id is provided via `init_process_group` or `barrier `. Using the current device set by the user. 
  warnings.warn(  # warn only once
/root/miniconda3/envs/llm_test/lib/python3.10/site-packages/torch/distributed/distributed_c10d.py:4631: UserWarning: No device id is provided via `init_process_group` or `barrier `. Using the current device set by the user. 
  warnings.warn(  # warn only once
logs/5877f634-8554-44bc-9a00-2d9373eb90bd
/root/miniconda3/envs/llm_test/lib/python3.10/site-packages/torch_npu/utils/storage.py:89: UserWarning: TypedStorage is deprecated. It will be removed in the future and UntypedStorage will be the only storage class. This should only matter to you if you are using storages directly.  To access UntypedStorage directly, use tensor.untyped_storage() instead of tensor.storage()
  if self.device.type != 'cpu':
step:0/1660 val_loss:10.8258 train_time:0ms step_avg:0.13ms
step:1/1660 train_time:1190ms step_avg:1190.11ms
step:2/1660 train_time:1303ms step_avg:651.27ms
step:3/1660 train_time:1688ms step_avg:562.75ms
step:4/1660 train_time:2090ms step_avg:522.59ms
step:5/1660 train_time:2490ms step_avg:497.91ms
step:6/1660 train_time:2880ms step_avg:480.02ms
step:7/1660 train_time:3270ms step_avg:467.17ms
step:8/1660 train_time:3661ms step_avg:457.56ms
step:9/1660 train_time:4058ms step_avg:450.93ms
step:10/1660 train_time:4451ms step_avg:445.12ms
step:11/1660 train_time:4836ms step_avg:439.62ms
step:12/1660 train_time:5234ms step_avg:436.20ms
step:13/1660 train_time:5629ms step_avg:433.02ms
step:14/1660 train_time:6023ms step_avg:430.25ms
step:15/1660 train_time:6413ms step_avg:427.52ms
step:16/1660 train_time:6806ms step_avg:425.36ms
step:17/1660 train_time:7200ms step_avg:423.53ms
step:18/1660 train_time:7587ms step_avg:421.50ms
step:19/1660 train_time:7979ms step_avg:419.96ms
step:20/1660 train_time:8375ms step_avg:418.75ms
step:21/1660 train_time:8764ms step_avg:417.32ms
step:22/1660 train_time:9155ms step_avg:416.15ms
step:23/1660 train_time:9553ms step_avg:415.35ms
step:24/1660 train_time:9944ms step_avg:414.35ms
step:25/1660 train_time:10337ms step_avg:413.49ms
step:26/1660 train_time:10759ms step_avg:413.80ms
step:27/1660 train_time:11127ms step_avg:412.11ms
step:28/1660 train_time:11517ms step_avg:411.34ms
step:29/1660 train_time:11910ms step_avg:410.69ms
step:30/1660 train_time:12302ms step_avg:410.05ms
step:31/1660 train_time:12706ms step_avg:409.89ms
step:32/1660 train_time:13086ms step_avg:408.93ms
step:33/1660 train_time:13479ms step_avg:408.44ms
step:34/1660 train_time:13890ms step_avg:408.53ms
step:35/1660 train_time:14266ms step_avg:407.59ms
step:36/1660 train_time:14656ms step_avg:407.12ms
step:37/1660 train_time:15048ms step_avg:406.70ms
step:38/1660 train_time:15438ms step_avg:406.27ms
step:39/1660 train_time:15832ms step_avg:405.96ms
step:40/1660 train_time:16224ms step_avg:405.61ms
step:41/1660 train_time:16616ms step_avg:405.28ms
step:42/1660 train_time:17009ms step_avg:404.97ms
step:43/1660 train_time:17398ms step_avg:404.60ms
step:44/1660 train_time:17789ms step_avg:404.30ms
step:45/1660 train_time:18183ms step_avg:404.07ms
step:46/1660 train_time:18576ms step_avg:403.83ms
step:47/1660 train_time:18969ms step_avg:403.59ms
step:48/1660 train_time:19365ms step_avg:403.44ms
step:49/1660 train_time:19768ms step_avg:403.42ms
step:50/1660 train_time:20155ms step_avg:403.09ms
step:51/1660 train_time:20547ms step_avg:402.89ms
step:52/1660 train_time:20940ms step_avg:402.70ms
step:53/1660 train_time:21334ms step_avg:402.53ms
step:54/1660 train_time:21724ms step_avg:402.29ms
step:55/1660 train_time:22120ms step_avg:402.17ms
step:56/1660 train_time:22509ms step_avg:401.95ms
step:57/1660 train_time:22906ms step_avg:401.87ms
step:58/1660 train_time:23299ms step_avg:401.71ms
step:59/1660 train_time:23691ms step_avg:401.55ms
step:60/1660 train_time:24083ms step_avg:401.39ms
step:61/1660 train_time:24475ms step_avg:401.22ms
step:62/1660 train_time:24868ms step_avg:401.09ms
step:63/1660 train_time:25266ms step_avg:401.05ms
step:64/1660 train_time:25655ms step_avg:400.86ms
step:65/1660 train_time:26048ms step_avg:400.74ms
step:66/1660 train_time:26437ms step_avg:400.56ms
step:67/1660 train_time:26827ms step_avg:400.40ms
step:68/1660 train_time:27222ms step_avg:400.32ms
step:69/1660 train_time:27633ms step_avg:400.47ms
step:70/1660 train_time:28030ms step_avg:400.43ms
step:71/1660 train_time:28406ms step_avg:400.09ms
step:72/1660 train_time:28797ms step_avg:399.96ms
step:73/1660 train_time:29190ms step_avg:399.87ms
step:74/1660 train_time:29583ms step_avg:399.77ms
step:75/1660 train_time:29980ms step_avg:399.73ms
step:76/1660 train_time:30371ms step_avg:399.62ms
step:77/1660 train_time:30768ms step_avg:399.58ms
step:78/1660 train_time:31157ms step_avg:399.44ms
step:79/1660 train_time:31551ms step_avg:399.37ms
step:80/1660 train_time:31948ms step_avg:399.35ms
step:81/1660 train_time:32338ms step_avg:399.24ms
step:82/1660 train_time:32734ms step_avg:399.20ms
step:83/1660 train_time:33125ms step_avg:399.10ms
step:84/1660 train_time:33521ms step_avg:399.06ms
step:85/1660 train_time:33913ms step_avg:398.98ms
step:86/1660 train_time:34312ms step_avg:398.98ms
step:87/1660 train_time:34709ms step_avg:398.96ms
step:88/1660 train_time:35098ms step_avg:398.85ms
step:89/1660 train_time:35494ms step_avg:398.81ms
step:90/1660 train_time:35882ms step_avg:398.69ms
step:91/1660 train_time:36281ms step_avg:398.70ms
step:92/1660 train_time:36668ms step_avg:398.57ms
step:93/1660 train_time:37063ms step_avg:398.53ms
step:94/1660 train_time:37454ms step_avg:398.44ms
step:95/1660 train_time:37845ms step_avg:398.37ms
step:96/1660 train_time:38237ms step_avg:398.30ms
step:97/1660 train_time:38629ms step_avg:398.24ms
step:98/1660 train_time:39023ms step_avg:398.19ms
step:99/1660 train_time:39417ms step_avg:398.15ms
step:100/1660 train_time:39808ms step_avg:398.08ms
step:101/1660 train_time:40204ms step_avg:398.06ms
step:102/1660 train_time:40594ms step_avg:397.98ms
step:103/1660 train_time:40986ms step_avg:397.92ms
step:104/1660 train_time:41376ms step_avg:397.85ms
step:105/1660 train_time:41767ms step_avg:397.78ms
step:106/1660 train_time:42161ms step_avg:397.74ms
step:107/1660 train_time:42555ms step_avg:397.71ms
step:108/1660 train_time:42944ms step_avg:397.63ms
step:109/1660 train_time:43336ms step_avg:397.58ms
step:110/1660 train_time:43726ms step_avg:397.51ms
step:111/1660 train_time:44124ms step_avg:397.52ms
step:112/1660 train_time:44513ms step_avg:397.44ms
step:113/1660 train_time:44911ms step_avg:397.44ms
step:114/1660 train_time:45302ms step_avg:397.39ms
step:115/1660 train_time:45694ms step_avg:397.34ms
step:116/1660 train_time:46084ms step_avg:397.27ms
step:117/1660 train_time:46481ms step_avg:397.27ms
step:118/1660 train_time:46873ms step_avg:397.23ms
step:119/1660 train_time:47264ms step_avg:397.18ms
step:120/1660 train_time:47657ms step_avg:397.14ms
step:121/1660 train_time:48051ms step_avg:397.11ms
step:122/1660 train_time:48443ms step_avg:397.07ms
step:123/1660 train_time:48837ms step_avg:397.04ms
step:124/1660 train_time:49225ms step_avg:396.98ms
step:125/1660 train_time:49618ms step_avg:396.94ms
step:125/1660 val_loss:4.3143 train_time:49912ms step_avg:399.30ms
step:126/1660 train_time:50202ms step_avg:398.43ms
step:127/1660 train_time:50537ms step_avg:397.93ms
step:128/1660 train_time:50927ms step_avg:397.87ms
step:129/1660 train_time:51315ms step_avg:397.79ms
step:130/1660 train_time:51709ms step_avg:397.76ms
step:131/1660 train_time:52102ms step_avg:397.73ms
step:132/1660 train_time:52494ms step_avg:397.68ms
step:133/1660 train_time:52885ms step_avg:397.63ms
step:134/1660 train_time:53276ms step_avg:397.58ms
step:135/1660 train_time:53666ms step_avg:397.53ms
step:136/1660 train_time:54057ms step_avg:397.48ms
step:137/1660 train_time:54455ms step_avg:397.48ms
step:138/1660 train_time:54841ms step_avg:397.40ms
step:139/1660 train_time:55238ms step_avg:397.40ms
step:140/1660 train_time:55631ms step_avg:397.36ms
step:141/1660 train_time:56023ms step_avg:397.32ms
step:142/1660 train_time:56412ms step_avg:397.27ms
step:143/1660 train_time:56806ms step_avg:397.24ms
step:144/1660 train_time:57198ms step_avg:397.21ms
step:145/1660 train_time:57589ms step_avg:397.17ms
step:146/1660 train_time:57984ms step_avg:397.15ms
step:147/1660 train_time:58372ms step_avg:397.09ms
step:148/1660 train_time:58763ms step_avg:397.05ms
step:149/1660 train_time:59159ms step_avg:397.04ms
step:150/1660 train_time:59550ms step_avg:397.00ms
step:151/1660 train_time:59945ms step_avg:396.98ms
step:152/1660 train_time:60334ms step_avg:396.93ms
step:153/1660 train_time:60723ms step_avg:396.88ms
step:154/1660 train_time:61116ms step_avg:396.86ms
step:155/1660 train_time:61503ms step_avg:396.80ms
step:156/1660 train_time:61898ms step_avg:396.78ms
step:157/1660 train_time:62294ms step_avg:396.78ms
step:158/1660 train_time:62686ms step_avg:396.74ms
step:159/1660 train_time:63080ms step_avg:396.73ms
step:160/1660 train_time:63472ms step_avg:396.70ms
step:161/1660 train_time:63863ms step_avg:396.67ms
step:162/1660 train_time:64255ms step_avg:396.63ms
step:163/1660 train_time:64649ms step_avg:396.62ms
step:164/1660 train_time:65041ms step_avg:396.59ms
step:165/1660 train_time:65441ms step_avg:396.61ms
step:166/1660 train_time:65830ms step_avg:396.56ms
step:167/1660 train_time:66219ms step_avg:396.52ms
step:168/1660 train_time:66624ms step_avg:396.57ms
step:169/1660 train_time:67013ms step_avg:396.53ms
step:170/1660 train_time:67407ms step_avg:396.51ms
step:171/1660 train_time:67796ms step_avg:396.47ms
step:172/1660 train_time:68190ms step_avg:396.45ms
step:173/1660 train_time:68585ms step_avg:396.44ms
step:174/1660 train_time:68978ms step_avg:396.42ms
step:175/1660 train_time:69367ms step_avg:396.38ms
step:176/1660 train_time:69763ms step_avg:396.38ms
step:177/1660 train_time:70163ms step_avg:396.40ms
step:178/1660 train_time:70550ms step_avg:396.35ms
step:179/1660 train_time:70941ms step_avg:396.32ms
step:180/1660 train_time:71331ms step_avg:396.28ms
step:181/1660 train_time:71722ms step_avg:396.25ms
step:182/1660 train_time:72114ms step_avg:396.23ms
step:183/1660 train_time:72505ms step_avg:396.20ms
step:184/1660 train_time:72899ms step_avg:396.19ms
step:185/1660 train_time:73292ms step_avg:396.17ms
step:186/1660 train_time:73685ms step_avg:396.16ms
step:187/1660 train_time:74074ms step_avg:396.12ms
step:188/1660 train_time:74469ms step_avg:396.11ms
step:189/1660 train_time:74860ms step_avg:396.08ms
step:190/1660 train_time:75251ms step_avg:396.06ms
step:191/1660 train_time:75644ms step_avg:396.04ms
step:192/1660 train_time:76038ms step_avg:396.03ms
step:193/1660 train_time:76429ms step_avg:396.00ms
step:194/1660 train_time:76824ms step_avg:396.00ms
step:195/1660 train_time:77215ms step_avg:395.98ms
step:196/1660 train_time:77610ms step_avg:395.97ms
step:197/1660 train_time:78003ms step_avg:395.96ms
step:198/1660 train_time:78397ms step_avg:395.95ms
step:199/1660 train_time:78790ms step_avg:395.93ms
step:200/1660 train_time:79180ms step_avg:395.90ms
step:201/1660 train_time:79570ms step_avg:395.87ms
step:202/1660 train_time:79968ms step_avg:395.88ms
step:203/1660 train_time:80355ms step_avg:395.84ms
step:204/1660 train_time:80767ms step_avg:395.92ms
step:205/1660 train_time:81138ms step_avg:395.79ms
step:206/1660 train_time:81536ms step_avg:395.81ms
step:207/1660 train_time:81928ms step_avg:395.79ms
step:208/1660 train_time:82323ms step_avg:395.78ms
step:209/1660 train_time:82715ms step_avg:395.77ms
step:210/1660 train_time:83107ms step_avg:395.75ms
step:211/1660 train_time:83497ms step_avg:395.72ms
step:212/1660 train_time:83894ms step_avg:395.73ms
step:213/1660 train_time:84288ms step_avg:395.72ms
step:214/1660 train_time:84679ms step_avg:395.70ms
step:215/1660 train_time:85070ms step_avg:395.67ms
step:216/1660 train_time:85460ms step_avg:395.65ms
step:217/1660 train_time:85851ms step_avg:395.63ms
step:218/1660 train_time:86246ms step_avg:395.62ms
step:219/1660 train_time:86640ms step_avg:395.62ms
step:220/1660 train_time:87031ms step_avg:395.59ms
step:221/1660 train_time:87422ms step_avg:395.57ms
step:222/1660 train_time:87816ms step_avg:395.57ms
step:223/1660 train_time:88205ms step_avg:395.54ms
step:224/1660 train_time:88596ms step_avg:395.52ms
step:225/1660 train_time:88991ms step_avg:395.51ms
step:226/1660 train_time:89384ms step_avg:395.50ms
step:227/1660 train_time:89780ms step_avg:395.51ms
step:228/1660 train_time:90173ms step_avg:395.50ms
step:229/1660 train_time:90571ms step_avg:395.50ms
step:230/1660 train_time:90959ms step_avg:395.47ms
step:231/1660 train_time:91355ms step_avg:395.48ms
step:232/1660 train_time:91743ms step_avg:395.44ms
step:233/1660 train_time:92137ms step_avg:395.44ms
step:234/1660 train_time:92528ms step_avg:395.42ms
step:235/1660 train_time:92924ms step_avg:395.42ms
step:236/1660 train_time:93313ms step_avg:395.39ms
step:237/1660 train_time:93700ms step_avg:395.36ms
step:238/1660 train_time:94093ms step_avg:395.35ms
step:239/1660 train_time:94489ms step_avg:395.35ms
step:240/1660 train_time:94877ms step_avg:395.32ms
step:241/1660 train_time:95271ms step_avg:395.31ms
step:242/1660 train_time:95659ms step_avg:395.29ms
step:243/1660 train_time:96068ms step_avg:395.34ms
step:244/1660 train_time:96457ms step_avg:395.31ms
step:245/1660 train_time:96837ms step_avg:395.25ms
step:246/1660 train_time:97229ms step_avg:395.24ms
step:247/1660 train_time:97622ms step_avg:395.23ms
step:248/1660 train_time:98015ms step_avg:395.22ms
step:249/1660 train_time:98431ms step_avg:395.30ms
step:250/1660 train_time:98807ms step_avg:395.23ms
step:250/1660 val_loss:3.9702 train_time:99101ms step_avg:396.41ms
step:251/1660 train_time:99369ms step_avg:395.89ms
step:252/1660 train_time:99707ms step_avg:395.66ms
step:253/1660 train_time:100099ms step_avg:395.65ms
step:254/1660 train_time:100498ms step_avg:395.66ms
step:255/1660 train_time:100889ms step_avg:395.64ms
step:256/1660 train_time:101283ms step_avg:395.64ms
step:257/1660 train_time:101674ms step_avg:395.62ms
step:258/1660 train_time:102070ms step_avg:395.62ms
step:259/1660 train_time:102464ms step_avg:395.61ms
step:260/1660 train_time:102857ms step_avg:395.60ms
step:261/1660 train_time:103254ms step_avg:395.61ms
step:262/1660 train_time:103641ms step_avg:395.58ms
step:263/1660 train_time:104032ms step_avg:395.56ms
step:264/1660 train_time:104421ms step_avg:395.54ms
step:265/1660 train_time:104812ms step_avg:395.52ms
step:266/1660 train_time:105205ms step_avg:395.51ms
step:267/1660 train_time:105592ms step_avg:395.48ms
step:268/1660 train_time:105983ms step_avg:395.46ms
step:269/1660 train_time:106378ms step_avg:395.46ms
step:270/1660 train_time:106767ms step_avg:395.43ms
step:271/1660 train_time:107159ms step_avg:395.42ms
step:272/1660 train_time:107545ms step_avg:395.39ms
step:273/1660 train_time:107942ms step_avg:395.39ms
step:274/1660 train_time:108334ms step_avg:395.38ms
step:275/1660 train_time:108725ms step_avg:395.37ms
step:276/1660 train_time:109115ms step_avg:395.35ms
step:277/1660 train_time:109508ms step_avg:395.34ms
step:278/1660 train_time:109898ms step_avg:395.32ms
step:279/1660 train_time:110290ms step_avg:395.31ms
step:280/1660 train_time:110686ms step_avg:395.31ms
step:281/1660 train_time:111075ms step_avg:395.29ms
step:282/1660 train_time:111472ms step_avg:395.29ms
step:283/1660 train_time:111860ms step_avg:395.27ms
step:284/1660 train_time:112256ms step_avg:395.27ms
step:285/1660 train_time:112648ms step_avg:395.26ms
step:286/1660 train_time:113041ms step_avg:395.25ms
step:287/1660 train_time:113426ms step_avg:395.21ms
step:288/1660 train_time:113825ms step_avg:395.22ms
step:289/1660 train_time:114216ms step_avg:395.21ms
step:290/1660 train_time:114613ms step_avg:395.22ms
step:291/1660 train_time:115004ms step_avg:395.20ms
step:292/1660 train_time:115398ms step_avg:395.20ms
step:293/1660 train_time:115786ms step_avg:395.17ms
step:294/1660 train_time:116183ms step_avg:395.18ms
step:295/1660 train_time:116575ms step_avg:395.17ms
step:296/1660 train_time:116966ms step_avg:395.15ms
step:297/1660 train_time:117360ms step_avg:395.15ms
step:298/1660 train_time:117749ms step_avg:395.13ms
step:299/1660 train_time:118141ms step_avg:395.12ms
step:300/1660 train_time:118534ms step_avg:395.11ms
step:301/1660 train_time:118923ms step_avg:395.09ms
step:302/1660 train_time:119316ms step_avg:395.09ms
step:303/1660 train_time:119710ms step_avg:395.08ms
step:304/1660 train_time:120099ms step_avg:395.06ms
step:305/1660 train_time:120493ms step_avg:395.06ms
step:306/1660 train_time:120884ms step_avg:395.05ms
step:307/1660 train_time:121274ms step_avg:395.03ms
step:308/1660 train_time:121664ms step_avg:395.01ms
step:309/1660 train_time:122060ms step_avg:395.02ms
step:310/1660 train_time:122456ms step_avg:395.02ms
step:311/1660 train_time:122850ms step_avg:395.02ms
step:312/1660 train_time:123242ms step_avg:395.00ms
step:313/1660 train_time:123633ms step_avg:394.99ms
step:314/1660 train_time:124025ms step_avg:394.98ms
step:315/1660 train_time:124417ms step_avg:394.97ms
step:316/1660 train_time:124816ms step_avg:394.99ms
step:317/1660 train_time:125205ms step_avg:394.97ms
step:318/1660 train_time:125601ms step_avg:394.97ms
step:319/1660 train_time:125991ms step_avg:394.95ms
step:320/1660 train_time:126384ms step_avg:394.95ms
step:321/1660 train_time:126780ms step_avg:394.95ms
step:322/1660 train_time:127174ms step_avg:394.95ms
step:323/1660 train_time:127568ms step_avg:394.95ms
step:324/1660 train_time:127955ms step_avg:394.92ms
step:325/1660 train_time:128346ms step_avg:394.91ms
step:326/1660 train_time:128739ms step_avg:394.90ms
step:327/1660 train_time:129202ms step_avg:395.11ms
step:328/1660 train_time:129603ms step_avg:395.13ms
step:329/1660 train_time:130000ms step_avg:395.14ms
step:330/1660 train_time:130389ms step_avg:395.12ms
step:331/1660 train_time:130780ms step_avg:395.11ms
step:332/1660 train_time:131167ms step_avg:395.08ms
step:333/1660 train_time:131562ms step_avg:395.08ms
step:334/1660 train_time:131955ms step_avg:395.08ms
step:335/1660 train_time:132345ms step_avg:395.06ms
step:336/1660 train_time:132736ms step_avg:395.05ms
step:337/1660 train_time:133125ms step_avg:395.03ms
step:338/1660 train_time:133515ms step_avg:395.02ms
step:339/1660 train_time:133910ms step_avg:395.02ms
step:340/1660 train_time:134303ms step_avg:395.01ms
step:341/1660 train_time:134696ms step_avg:395.00ms
step:342/1660 train_time:135087ms step_avg:394.99ms
step:343/1660 train_time:135479ms step_avg:394.98ms
step:344/1660 train_time:135878ms step_avg:394.99ms
step:345/1660 train_time:136270ms step_avg:394.99ms
step:346/1660 train_time:136661ms step_avg:394.98ms
step:347/1660 train_time:137054ms step_avg:394.97ms
step:348/1660 train_time:137521ms step_avg:395.18ms
step:349/1660 train_time:137910ms step_avg:395.16ms
step:350/1660 train_time:138301ms step_avg:395.15ms
step:351/1660 train_time:138693ms step_avg:395.14ms
step:352/1660 train_time:139087ms step_avg:395.13ms
step:353/1660 train_time:139479ms step_avg:395.13ms
step:354/1660 train_time:139872ms step_avg:395.12ms
step:355/1660 train_time:140263ms step_avg:395.11ms
step:356/1660 train_time:140657ms step_avg:395.10ms
step:357/1660 train_time:141042ms step_avg:395.07ms
step:358/1660 train_time:141436ms step_avg:395.07ms
step:359/1660 train_time:141828ms step_avg:395.06ms
step:360/1660 train_time:142220ms step_avg:395.06ms
step:361/1660 train_time:142610ms step_avg:395.04ms
step:362/1660 train_time:143005ms step_avg:395.04ms
step:363/1660 train_time:143398ms step_avg:395.03ms
step:364/1660 train_time:143791ms step_avg:395.03ms
step:365/1660 train_time:144182ms step_avg:395.02ms
step:366/1660 train_time:144573ms step_avg:395.01ms
step:367/1660 train_time:144969ms step_avg:395.01ms
step:368/1660 train_time:145362ms step_avg:395.00ms
step:369/1660 train_time:145754ms step_avg:395.00ms
step:370/1660 train_time:146143ms step_avg:394.98ms
step:371/1660 train_time:146535ms step_avg:394.97ms
step:372/1660 train_time:146932ms step_avg:394.98ms
step:373/1660 train_time:147320ms step_avg:394.96ms
step:374/1660 train_time:147716ms step_avg:394.96ms
step:375/1660 train_time:148106ms step_avg:394.95ms
step:375/1660 val_loss:3.8209 train_time:148403ms step_avg:395.74ms
step:376/1660 train_time:148670ms step_avg:395.40ms
step:377/1660 train_time:149016ms step_avg:395.27ms
step:378/1660 train_time:149407ms step_avg:395.26ms
step:379/1660 train_time:149869ms step_avg:395.43ms
step:380/1660 train_time:150270ms step_avg:395.45ms
step:381/1660 train_time:150660ms step_avg:395.43ms
step:382/1660 train_time:151054ms step_avg:395.43ms
step:383/1660 train_time:151449ms step_avg:395.43ms
step:384/1660 train_time:151840ms step_avg:395.42ms
step:385/1660 train_time:152230ms step_avg:395.40ms
step:386/1660 train_time:152628ms step_avg:395.41ms
step:387/1660 train_time:153021ms step_avg:395.40ms
step:388/1660 train_time:153414ms step_avg:395.40ms
step:389/1660 train_time:153806ms step_avg:395.39ms
step:390/1660 train_time:154198ms step_avg:395.38ms
step:391/1660 train_time:154591ms step_avg:395.37ms
step:392/1660 train_time:154982ms step_avg:395.36ms
step:393/1660 train_time:155393ms step_avg:395.40ms
step:394/1660 train_time:155768ms step_avg:395.35ms
step:395/1660 train_time:156160ms step_avg:395.34ms
step:396/1660 train_time:156554ms step_avg:395.34ms
step:397/1660 train_time:156945ms step_avg:395.33ms
step:398/1660 train_time:157341ms step_avg:395.33ms
step:399/1660 train_time:157731ms step_avg:395.32ms
step:400/1660 train_time:158125ms step_avg:395.31ms
step:401/1660 train_time:158516ms step_avg:395.30ms
step:402/1660 train_time:158912ms step_avg:395.30ms
step:403/1660 train_time:159304ms step_avg:395.29ms
step:404/1660 train_time:159693ms step_avg:395.28ms
step:405/1660 train_time:160087ms step_avg:395.28ms
step:406/1660 train_time:160477ms step_avg:395.26ms
step:407/1660 train_time:160870ms step_avg:395.26ms
step:408/1660 train_time:161262ms step_avg:395.25ms
step:409/1660 train_time:161658ms step_avg:395.25ms
step:410/1660 train_time:162065ms step_avg:395.28ms
step:411/1660 train_time:162444ms step_avg:395.24ms
step:412/1660 train_time:162835ms step_avg:395.23ms
step:413/1660 train_time:163225ms step_avg:395.22ms
step:414/1660 train_time:163619ms step_avg:395.21ms
step:415/1660 train_time:164016ms step_avg:395.22ms
step:416/1660 train_time:164403ms step_avg:395.20ms
step:417/1660 train_time:164795ms step_avg:395.19ms
step:418/1660 train_time:165183ms step_avg:395.17ms
step:419/1660 train_time:165573ms step_avg:395.16ms
step:420/1660 train_time:165967ms step_avg:395.16ms
step:421/1660 train_time:166361ms step_avg:395.16ms
step:422/1660 train_time:166755ms step_avg:395.15ms
step:423/1660 train_time:167147ms step_avg:395.15ms
step:424/1660 train_time:167543ms step_avg:395.15ms
step:425/1660 train_time:167938ms step_avg:395.15ms
step:426/1660 train_time:168331ms step_avg:395.14ms
step:427/1660 train_time:168727ms step_avg:395.14ms
step:428/1660 train_time:169117ms step_avg:395.13ms
step:429/1660 train_time:169506ms step_avg:395.12ms
step:430/1660 train_time:169899ms step_avg:395.11ms
step:431/1660 train_time:170289ms step_avg:395.10ms
step:432/1660 train_time:170680ms step_avg:395.09ms
step:433/1660 train_time:171072ms step_avg:395.09ms
step:434/1660 train_time:171468ms step_avg:395.09ms
step:435/1660 train_time:171863ms step_avg:395.09ms
step:436/1660 train_time:172254ms step_avg:395.08ms
step:437/1660 train_time:172649ms step_avg:395.08ms
step:438/1660 train_time:173038ms step_avg:395.06ms
step:439/1660 train_time:173431ms step_avg:395.06ms
step:440/1660 train_time:173824ms step_avg:395.05ms
step:441/1660 train_time:174219ms step_avg:395.05ms
step:442/1660 train_time:174609ms step_avg:395.04ms
step:443/1660 train_time:175005ms step_avg:395.05ms
step:444/1660 train_time:175397ms step_avg:395.04ms
step:445/1660 train_time:175792ms step_avg:395.04ms
step:446/1660 train_time:176183ms step_avg:395.03ms
step:447/1660 train_time:176575ms step_avg:395.02ms
step:448/1660 train_time:176967ms step_avg:395.02ms
step:449/1660 train_time:177361ms step_avg:395.01ms
step:450/1660 train_time:177751ms step_avg:395.00ms
step:451/1660 train_time:178144ms step_avg:395.00ms
step:452/1660 train_time:178538ms step_avg:395.00ms
step:453/1660 train_time:178931ms step_avg:394.99ms
step:454/1660 train_time:179322ms step_avg:394.98ms
step:455/1660 train_time:179713ms step_avg:394.97ms
step:456/1660 train_time:180105ms step_avg:394.97ms
step:457/1660 train_time:180497ms step_avg:394.96ms
step:458/1660 train_time:180888ms step_avg:394.95ms
step:459/1660 train_time:181277ms step_avg:394.94ms
step:460/1660 train_time:181666ms step_avg:394.93ms
step:461/1660 train_time:182060ms step_avg:394.92ms
step:462/1660 train_time:182452ms step_avg:394.92ms
step:463/1660 train_time:182848ms step_avg:394.92ms
step:464/1660 train_time:183242ms step_avg:394.92ms
step:465/1660 train_time:183631ms step_avg:394.91ms
step:466/1660 train_time:184064ms step_avg:394.99ms
step:467/1660 train_time:184461ms step_avg:394.99ms
step:468/1660 train_time:184845ms step_avg:394.97ms
step:469/1660 train_time:185237ms step_avg:394.96ms
step:470/1660 train_time:185632ms step_avg:394.96ms
step:471/1660 train_time:186024ms step_avg:394.96ms
step:472/1660 train_time:186423ms step_avg:394.96ms
step:473/1660 train_time:186806ms step_avg:394.94ms
step:474/1660 train_time:187198ms step_avg:394.93ms
step:475/1660 train_time:187589ms step_avg:394.92ms
step:476/1660 train_time:187982ms step_avg:394.92ms
step:477/1660 train_time:188379ms step_avg:394.92ms
step:478/1660 train_time:188769ms step_avg:394.91ms
step:479/1660 train_time:189152ms step_avg:394.89ms
step:480/1660 train_time:189545ms step_avg:394.89ms
step:481/1660 train_time:189941ms step_avg:394.89ms
step:482/1660 train_time:190333ms step_avg:394.88ms
step:483/1660 train_time:190725ms step_avg:394.88ms
step:484/1660 train_time:191115ms step_avg:394.87ms
step:485/1660 train_time:191511ms step_avg:394.87ms
step:486/1660 train_time:191903ms step_avg:394.86ms
step:487/1660 train_time:192297ms step_avg:394.86ms
step:488/1660 train_time:192692ms step_avg:394.86ms
step:489/1660 train_time:193085ms step_avg:394.86ms
step:490/1660 train_time:193469ms step_avg:394.84ms
step:491/1660 train_time:193864ms step_avg:394.84ms
step:492/1660 train_time:194256ms step_avg:394.83ms
step:493/1660 train_time:194648ms step_avg:394.82ms
step:494/1660 train_time:195056ms step_avg:394.85ms
step:495/1660 train_time:195430ms step_avg:394.81ms
step:496/1660 train_time:195819ms step_avg:394.80ms
step:497/1660 train_time:196215ms step_avg:394.80ms
step:498/1660 train_time:196607ms step_avg:394.79ms
step:499/1660 train_time:196998ms step_avg:394.79ms
step:500/1660 train_time:197395ms step_avg:394.79ms
step:500/1660 val_loss:3.7124 train_time:197686ms step_avg:395.37ms
step:501/1660 train_time:197953ms step_avg:395.12ms
step:502/1660 train_time:198315ms step_avg:395.05ms
step:503/1660 train_time:198708ms step_avg:395.05ms
step:504/1660 train_time:199101ms step_avg:395.04ms
step:505/1660 train_time:199492ms step_avg:395.03ms
step:506/1660 train_time:199882ms step_avg:395.02ms
step:507/1660 train_time:200270ms step_avg:395.01ms
step:508/1660 train_time:200661ms step_avg:395.00ms
step:509/1660 train_time:201049ms step_avg:394.99ms
step:510/1660 train_time:201446ms step_avg:394.99ms
step:511/1660 train_time:201840ms step_avg:394.99ms
step:512/1660 train_time:202232ms step_avg:394.98ms
step:513/1660 train_time:202629ms step_avg:394.99ms
step:514/1660 train_time:203024ms step_avg:394.99ms
step:515/1660 train_time:203415ms step_avg:394.98ms
step:516/1660 train_time:203807ms step_avg:394.97ms
step:517/1660 train_time:204195ms step_avg:394.96ms
step:518/1660 train_time:204586ms step_avg:394.95ms
step:519/1660 train_time:204977ms step_avg:394.95ms
step:520/1660 train_time:205370ms step_avg:394.94ms
step:521/1660 train_time:205763ms step_avg:394.94ms
step:522/1660 train_time:206152ms step_avg:394.93ms
step:523/1660 train_time:206542ms step_avg:394.92ms
step:524/1660 train_time:206958ms step_avg:394.96ms
step:525/1660 train_time:207348ms step_avg:394.95ms
step:526/1660 train_time:207741ms step_avg:394.94ms
step:527/1660 train_time:208131ms step_avg:394.94ms
step:528/1660 train_time:208526ms step_avg:394.93ms
step:529/1660 train_time:208905ms step_avg:394.91ms
step:530/1660 train_time:209298ms step_avg:394.90ms
step:531/1660 train_time:209688ms step_avg:394.89ms
step:532/1660 train_time:210083ms step_avg:394.89ms
step:533/1660 train_time:210475ms step_avg:394.89ms
step:534/1660 train_time:210866ms step_avg:394.88ms
step:535/1660 train_time:211263ms step_avg:394.88ms
step:536/1660 train_time:211654ms step_avg:394.88ms
step:537/1660 train_time:212049ms step_avg:394.88ms
step:538/1660 train_time:212438ms step_avg:394.87ms
step:539/1660 train_time:212835ms step_avg:394.87ms
step:540/1660 train_time:213227ms step_avg:394.86ms
step:541/1660 train_time:213630ms step_avg:394.88ms
step:542/1660 train_time:214014ms step_avg:394.86ms
step:543/1660 train_time:214405ms step_avg:394.85ms
step:544/1660 train_time:214794ms step_avg:394.84ms
step:545/1660 train_time:215207ms step_avg:394.88ms
step:546/1660 train_time:215584ms step_avg:394.84ms
step:547/1660 train_time:215975ms step_avg:394.84ms
step:548/1660 train_time:216366ms step_avg:394.83ms
step:549/1660 train_time:216762ms step_avg:394.83ms
step:550/1660 train_time:217162ms step_avg:394.84ms
step:551/1660 train_time:217552ms step_avg:394.83ms
step:552/1660 train_time:217945ms step_avg:394.83ms
step:553/1660 train_time:218341ms step_avg:394.83ms
step:554/1660 train_time:218731ms step_avg:394.82ms
step:555/1660 train_time:219123ms step_avg:394.82ms
step:556/1660 train_time:219524ms step_avg:394.83ms
step:557/1660 train_time:219913ms step_avg:394.82ms
step:558/1660 train_time:220306ms step_avg:394.81ms
step:559/1660 train_time:220693ms step_avg:394.80ms
step:560/1660 train_time:221092ms step_avg:394.81ms
step:561/1660 train_time:221484ms step_avg:394.80ms
step:562/1660 train_time:221879ms step_avg:394.80ms
step:563/1660 train_time:222272ms step_avg:394.80ms
step:564/1660 train_time:222670ms step_avg:394.80ms
step:565/1660 train_time:223063ms step_avg:394.80ms
step:566/1660 train_time:223453ms step_avg:394.79ms
step:567/1660 train_time:223845ms step_avg:394.79ms
step:568/1660 train_time:224238ms step_avg:394.78ms
step:569/1660 train_time:224634ms step_avg:394.79ms
step:570/1660 train_time:225027ms step_avg:394.78ms
step:571/1660 train_time:225422ms step_avg:394.78ms
step:572/1660 train_time:225817ms step_avg:394.79ms
step:573/1660 train_time:226219ms step_avg:394.80ms
step:574/1660 train_time:226597ms step_avg:394.77ms
step:575/1660 train_time:226991ms step_avg:394.77ms
step:576/1660 train_time:227384ms step_avg:394.76ms
step:577/1660 train_time:227776ms step_avg:394.76ms
step:578/1660 train_time:228167ms step_avg:394.75ms
step:579/1660 train_time:228559ms step_avg:394.75ms
step:580/1660 train_time:228951ms step_avg:394.74ms
step:581/1660 train_time:229344ms step_avg:394.74ms
step:582/1660 train_time:229732ms step_avg:394.73ms
step:583/1660 train_time:230129ms step_avg:394.73ms
step:584/1660 train_time:230524ms step_avg:394.73ms
step:585/1660 train_time:230914ms step_avg:394.72ms
step:586/1660 train_time:231307ms step_avg:394.72ms
step:587/1660 train_time:231700ms step_avg:394.72ms
step:588/1660 train_time:232091ms step_avg:394.71ms
step:589/1660 train_time:232485ms step_avg:394.71ms
step:590/1660 train_time:232878ms step_avg:394.71ms
step:591/1660 train_time:233265ms step_avg:394.70ms
step:592/1660 train_time:233654ms step_avg:394.69ms
step:593/1660 train_time:234049ms step_avg:394.69ms
step:594/1660 train_time:234440ms step_avg:394.68ms
step:595/1660 train_time:234830ms step_avg:394.67ms
step:596/1660 train_time:235221ms step_avg:394.67ms
step:597/1660 train_time:235616ms step_avg:394.67ms
step:598/1660 train_time:236008ms step_avg:394.66ms
step:599/1660 train_time:236402ms step_avg:394.66ms
step:600/1660 train_time:236790ms step_avg:394.65ms
step:601/1660 train_time:237183ms step_avg:394.65ms
step:602/1660 train_time:237580ms step_avg:394.65ms
step:603/1660 train_time:237972ms step_avg:394.65ms
step:604/1660 train_time:238366ms step_avg:394.65ms
step:605/1660 train_time:238754ms step_avg:394.63ms
step:606/1660 train_time:239145ms step_avg:394.63ms
step:607/1660 train_time:239539ms step_avg:394.63ms
step:608/1660 train_time:239951ms step_avg:394.66ms
step:609/1660 train_time:240325ms step_avg:394.62ms
step:610/1660 train_time:240714ms step_avg:394.61ms
step:611/1660 train_time:241110ms step_avg:394.62ms
step:612/1660 train_time:241498ms step_avg:394.60ms
step:613/1660 train_time:241887ms step_avg:394.60ms
step:614/1660 train_time:242279ms step_avg:394.59ms
step:615/1660 train_time:242672ms step_avg:394.59ms
step:616/1660 train_time:243061ms step_avg:394.58ms
step:617/1660 train_time:243452ms step_avg:394.57ms
step:618/1660 train_time:243843ms step_avg:394.57ms
step:619/1660 train_time:244234ms step_avg:394.56ms
step:620/1660 train_time:244623ms step_avg:394.55ms
step:621/1660 train_time:245017ms step_avg:394.55ms
step:622/1660 train_time:245402ms step_avg:394.54ms
step:623/1660 train_time:245792ms step_avg:394.53ms
step:624/1660 train_time:246186ms step_avg:394.53ms
step:625/1660 train_time:246578ms step_avg:394.53ms
step:625/1660 val_loss:3.6119 train_time:246879ms step_avg:395.01ms
step:626/1660 train_time:247149ms step_avg:394.81ms
step:627/1660 train_time:247491ms step_avg:394.72ms
step:628/1660 train_time:247883ms step_avg:394.72ms
step:629/1660 train_time:248276ms step_avg:394.71ms
step:630/1660 train_time:248672ms step_avg:394.72ms
step:631/1660 train_time:249068ms step_avg:394.72ms
step:632/1660 train_time:249464ms step_avg:394.72ms
step:633/1660 train_time:249863ms step_avg:394.73ms
step:634/1660 train_time:250255ms step_avg:394.72ms
step:635/1660 train_time:250644ms step_avg:394.71ms
step:636/1660 train_time:251040ms step_avg:394.72ms
step:637/1660 train_time:251430ms step_avg:394.71ms
step:638/1660 train_time:251823ms step_avg:394.71ms
step:639/1660 train_time:252217ms step_avg:394.71ms
step:640/1660 train_time:252607ms step_avg:394.70ms
step:641/1660 train_time:252999ms step_avg:394.69ms
step:642/1660 train_time:253393ms step_avg:394.69ms
step:643/1660 train_time:253788ms step_avg:394.69ms
step:644/1660 train_time:254175ms step_avg:394.68ms
step:645/1660 train_time:254572ms step_avg:394.68ms
step:646/1660 train_time:254958ms step_avg:394.67ms
step:647/1660 train_time:255351ms step_avg:394.67ms
step:648/1660 train_time:255746ms step_avg:394.67ms
step:649/1660 train_time:256139ms step_avg:394.67ms
step:650/1660 train_time:256529ms step_avg:394.66ms
step:651/1660 train_time:256919ms step_avg:394.65ms
step:652/1660 train_time:257309ms step_avg:394.65ms
step:653/1660 train_time:257707ms step_avg:394.65ms
step:654/1660 train_time:258101ms step_avg:394.65ms
step:655/1660 train_time:258493ms step_avg:394.65ms
step:656/1660 train_time:258882ms step_avg:394.64ms
step:657/1660 train_time:259275ms step_avg:394.63ms
step:658/1660 train_time:259665ms step_avg:394.63ms
step:659/1660 train_time:260058ms step_avg:394.63ms
step:660/1660 train_time:260451ms step_avg:394.62ms
step:661/1660 train_time:260844ms step_avg:394.62ms
step:662/1660 train_time:261232ms step_avg:394.61ms
step:663/1660 train_time:261628ms step_avg:394.61ms
step:664/1660 train_time:262018ms step_avg:394.61ms
step:665/1660 train_time:262414ms step_avg:394.61ms
step:666/1660 train_time:262807ms step_avg:394.60ms
step:667/1660 train_time:263199ms step_avg:394.60ms
step:668/1660 train_time:263587ms step_avg:394.59ms
step:669/1660 train_time:263981ms step_avg:394.59ms
step:670/1660 train_time:264373ms step_avg:394.59ms
step:671/1660 train_time:264768ms step_avg:394.59ms
step:672/1660 train_time:265168ms step_avg:394.59ms
step:673/1660 train_time:265560ms step_avg:394.59ms
step:674/1660 train_time:265956ms step_avg:394.59ms
step:675/1660 train_time:266358ms step_avg:394.60ms
step:676/1660 train_time:266755ms step_avg:394.61ms
step:677/1660 train_time:267148ms step_avg:394.61ms
step:678/1660 train_time:267526ms step_avg:394.58ms
step:679/1660 train_time:267915ms step_avg:394.57ms
step:680/1660 train_time:268311ms step_avg:394.57ms
step:681/1660 train_time:268703ms step_avg:394.57ms
step:682/1660 train_time:269099ms step_avg:394.57ms
step:683/1660 train_time:269488ms step_avg:394.57ms
step:684/1660 train_time:269881ms step_avg:394.56ms
step:685/1660 train_time:270277ms step_avg:394.56ms
step:686/1660 train_time:270670ms step_avg:394.56ms
step:687/1660 train_time:271066ms step_avg:394.56ms
step:688/1660 train_time:271460ms step_avg:394.56ms
step:689/1660 train_time:271853ms step_avg:394.56ms
step:690/1660 train_time:272249ms step_avg:394.56ms
step:691/1660 train_time:272640ms step_avg:394.56ms
step:692/1660 train_time:273042ms step_avg:394.57ms
step:693/1660 train_time:273431ms step_avg:394.56ms
step:694/1660 train_time:273825ms step_avg:394.56ms
step:695/1660 train_time:274216ms step_avg:394.55ms
step:696/1660 train_time:274609ms step_avg:394.55ms
step:697/1660 train_time:275001ms step_avg:394.55ms
step:698/1660 train_time:275392ms step_avg:394.54ms
step:699/1660 train_time:275776ms step_avg:394.53ms
step:700/1660 train_time:276167ms step_avg:394.52ms
step:701/1660 train_time:276559ms step_avg:394.52ms
step:702/1660 train_time:276949ms step_avg:394.51ms
step:703/1660 train_time:277339ms step_avg:394.51ms
step:704/1660 train_time:277735ms step_avg:394.51ms
step:705/1660 train_time:278125ms step_avg:394.50ms
step:706/1660 train_time:278514ms step_avg:394.50ms
step:707/1660 train_time:278907ms step_avg:394.49ms
step:708/1660 train_time:279300ms step_avg:394.49ms
step:709/1660 train_time:279694ms step_avg:394.49ms
step:710/1660 train_time:280085ms step_avg:394.49ms
step:711/1660 train_time:280473ms step_avg:394.48ms
step:712/1660 train_time:280863ms step_avg:394.47ms
step:713/1660 train_time:281257ms step_avg:394.47ms
step:714/1660 train_time:281648ms step_avg:394.47ms
step:715/1660 train_time:282039ms step_avg:394.46ms
step:716/1660 train_time:282434ms step_avg:394.46ms
step:717/1660 train_time:282845ms step_avg:394.48ms
step:718/1660 train_time:283223ms step_avg:394.46ms
step:719/1660 train_time:283718ms step_avg:394.60ms
step:720/1660 train_time:284127ms step_avg:394.62ms
step:721/1660 train_time:284518ms step_avg:394.62ms
step:722/1660 train_time:284913ms step_avg:394.62ms
step:723/1660 train_time:285305ms step_avg:394.61ms
step:724/1660 train_time:285701ms step_avg:394.61ms
step:725/1660 train_time:286091ms step_avg:394.61ms
step:726/1660 train_time:286488ms step_avg:394.61ms
step:727/1660 train_time:286882ms step_avg:394.61ms
step:728/1660 train_time:287276ms step_avg:394.61ms
step:729/1660 train_time:287658ms step_avg:394.59ms
step:730/1660 train_time:288057ms step_avg:394.60ms
step:731/1660 train_time:288447ms step_avg:394.59ms
step:732/1660 train_time:288840ms step_avg:394.59ms
step:733/1660 train_time:289231ms step_avg:394.59ms
step:734/1660 train_time:289621ms step_avg:394.58ms
step:735/1660 train_time:290013ms step_avg:394.58ms
step:736/1660 train_time:290411ms step_avg:394.58ms
step:737/1660 train_time:290801ms step_avg:394.57ms
step:738/1660 train_time:291193ms step_avg:394.57ms
step:739/1660 train_time:291588ms step_avg:394.57ms
step:740/1660 train_time:291977ms step_avg:394.56ms
step:741/1660 train_time:292370ms step_avg:394.56ms
step:742/1660 train_time:292763ms step_avg:394.56ms
step:743/1660 train_time:293154ms step_avg:394.55ms
step:744/1660 train_time:293550ms step_avg:394.56ms
step:745/1660 train_time:293946ms step_avg:394.56ms
step:746/1660 train_time:294340ms step_avg:394.56ms
step:747/1660 train_time:294735ms step_avg:394.56ms
step:748/1660 train_time:295125ms step_avg:394.55ms
step:749/1660 train_time:295518ms step_avg:394.55ms
step:750/1660 train_time:295910ms step_avg:394.55ms
step:750/1660 val_loss:3.5593 train_time:296207ms step_avg:394.94ms
step:751/1660 train_time:296488ms step_avg:394.79ms
step:752/1660 train_time:296821ms step_avg:394.71ms
step:753/1660 train_time:297215ms step_avg:394.71ms
step:754/1660 train_time:297606ms step_avg:394.70ms
step:755/1660 train_time:297997ms step_avg:394.70ms
step:756/1660 train_time:298390ms step_avg:394.70ms
step:757/1660 train_time:298781ms step_avg:394.69ms
step:758/1660 train_time:299176ms step_avg:394.69ms
step:759/1660 train_time:299565ms step_avg:394.68ms
step:760/1660 train_time:299958ms step_avg:394.68ms
step:761/1660 train_time:300352ms step_avg:394.68ms
step:762/1660 train_time:300746ms step_avg:394.68ms
step:763/1660 train_time:301141ms step_avg:394.68ms
step:764/1660 train_time:301531ms step_avg:394.67ms
step:765/1660 train_time:301927ms step_avg:394.68ms
step:766/1660 train_time:302321ms step_avg:394.68ms
step:767/1660 train_time:302716ms step_avg:394.67ms
step:768/1660 train_time:303114ms step_avg:394.68ms
step:769/1660 train_time:303501ms step_avg:394.67ms
step:770/1660 train_time:303892ms step_avg:394.66ms
step:771/1660 train_time:304322ms step_avg:394.71ms
step:772/1660 train_time:304714ms step_avg:394.71ms
step:773/1660 train_time:305107ms step_avg:394.71ms
step:774/1660 train_time:305506ms step_avg:394.71ms
step:775/1660 train_time:305899ms step_avg:394.71ms
step:776/1660 train_time:306293ms step_avg:394.71ms
step:777/1660 train_time:306684ms step_avg:394.70ms
step:778/1660 train_time:307080ms step_avg:394.70ms
step:779/1660 train_time:307475ms step_avg:394.70ms
step:780/1660 train_time:307868ms step_avg:394.70ms
step:781/1660 train_time:308259ms step_avg:394.70ms
step:782/1660 train_time:308653ms step_avg:394.70ms
step:783/1660 train_time:309052ms step_avg:394.70ms
step:784/1660 train_time:309438ms step_avg:394.69ms
step:785/1660 train_time:309829ms step_avg:394.69ms
step:786/1660 train_time:310220ms step_avg:394.68ms
step:787/1660 train_time:310614ms step_avg:394.68ms
step:788/1660 train_time:311006ms step_avg:394.68ms
step:789/1660 train_time:311403ms step_avg:394.68ms
step:790/1660 train_time:311794ms step_avg:394.68ms
step:791/1660 train_time:312183ms step_avg:394.67ms
step:792/1660 train_time:312577ms step_avg:394.67ms
step:793/1660 train_time:312966ms step_avg:394.66ms
step:794/1660 train_time:313363ms step_avg:394.66ms
step:795/1660 train_time:313755ms step_avg:394.66ms
step:796/1660 train_time:314147ms step_avg:394.66ms
step:797/1660 train_time:314539ms step_avg:394.65ms
step:798/1660 train_time:314946ms step_avg:394.67ms
step:799/1660 train_time:315338ms step_avg:394.67ms
step:800/1660 train_time:315714ms step_avg:394.64ms
step:801/1660 train_time:316106ms step_avg:394.64ms
step:802/1660 train_time:316499ms step_avg:394.64ms
step:803/1660 train_time:316893ms step_avg:394.64ms
step:804/1660 train_time:317283ms step_avg:394.63ms
step:805/1660 train_time:317674ms step_avg:394.63ms
step:806/1660 train_time:318066ms step_avg:394.62ms
step:807/1660 train_time:318467ms step_avg:394.63ms
step:808/1660 train_time:318858ms step_avg:394.63ms
step:809/1660 train_time:319249ms step_avg:394.62ms
step:810/1660 train_time:319641ms step_avg:394.62ms
step:811/1660 train_time:320038ms step_avg:394.62ms
step:812/1660 train_time:320431ms step_avg:394.62ms
step:813/1660 train_time:320828ms step_avg:394.62ms
step:814/1660 train_time:321222ms step_avg:394.62ms
step:815/1660 train_time:321609ms step_avg:394.61ms
step:816/1660 train_time:322019ms step_avg:394.63ms
step:817/1660 train_time:322396ms step_avg:394.61ms
step:818/1660 train_time:322782ms step_avg:394.60ms
step:819/1660 train_time:323170ms step_avg:394.59ms
step:820/1660 train_time:323578ms step_avg:394.61ms
step:821/1660 train_time:323969ms step_avg:394.60ms
step:822/1660 train_time:324360ms step_avg:394.60ms
step:823/1660 train_time:324743ms step_avg:394.58ms
step:824/1660 train_time:325125ms step_avg:394.57ms
step:825/1660 train_time:325520ms step_avg:394.57ms
step:826/1660 train_time:325911ms step_avg:394.57ms
step:827/1660 train_time:326307ms step_avg:394.57ms
step:828/1660 train_time:326695ms step_avg:394.56ms
step:829/1660 train_time:327090ms step_avg:394.56ms
step:830/1660 train_time:327485ms step_avg:394.56ms
step:831/1660 train_time:327883ms step_avg:394.56ms
step:832/1660 train_time:328290ms step_avg:394.58ms
step:833/1660 train_time:328681ms step_avg:394.57ms
step:834/1660 train_time:329071ms step_avg:394.57ms
step:835/1660 train_time:329462ms step_avg:394.56ms
step:836/1660 train_time:329843ms step_avg:394.55ms
step:837/1660 train_time:330239ms step_avg:394.55ms
step:838/1660 train_time:330634ms step_avg:394.55ms
step:839/1660 train_time:331026ms step_avg:394.55ms
step:840/1660 train_time:331415ms step_avg:394.54ms
step:841/1660 train_time:331810ms step_avg:394.54ms
step:842/1660 train_time:332199ms step_avg:394.54ms
step:843/1660 train_time:332588ms step_avg:394.53ms
step:844/1660 train_time:332980ms step_avg:394.53ms
step:845/1660 train_time:333373ms step_avg:394.52ms
step:846/1660 train_time:333767ms step_avg:394.52ms
step:847/1660 train_time:334155ms step_avg:394.52ms
step:848/1660 train_time:334551ms step_avg:394.52ms
step:849/1660 train_time:334948ms step_avg:394.52ms
step:850/1660 train_time:335347ms step_avg:394.53ms
step:851/1660 train_time:335735ms step_avg:394.52ms
step:852/1660 train_time:336128ms step_avg:394.52ms
step:853/1660 train_time:336520ms step_avg:394.51ms
step:854/1660 train_time:336912ms step_avg:394.51ms
step:855/1660 train_time:337305ms step_avg:394.51ms
step:856/1660 train_time:337710ms step_avg:394.52ms
step:857/1660 train_time:338091ms step_avg:394.50ms
step:858/1660 train_time:338487ms step_avg:394.51ms
step:859/1660 train_time:338883ms step_avg:394.51ms
step:860/1660 train_time:339276ms step_avg:394.51ms
step:861/1660 train_time:339668ms step_avg:394.50ms
step:862/1660 train_time:340063ms step_avg:394.50ms
step:863/1660 train_time:340456ms step_avg:394.50ms
step:864/1660 train_time:340852ms step_avg:394.50ms
step:865/1660 train_time:341245ms step_avg:394.50ms
step:866/1660 train_time:341636ms step_avg:394.50ms
step:867/1660 train_time:342089ms step_avg:394.57ms
step:868/1660 train_time:342440ms step_avg:394.52ms
step:869/1660 train_time:342878ms step_avg:394.57ms
step:870/1660 train_time:343274ms step_avg:394.57ms
step:871/1660 train_time:343662ms step_avg:394.56ms
step:872/1660 train_time:344051ms step_avg:394.55ms
step:873/1660 train_time:344442ms step_avg:394.55ms
step:874/1660 train_time:344829ms step_avg:394.54ms
step:875/1660 train_time:345224ms step_avg:394.54ms
step:875/1660 val_loss:3.5155 train_time:345519ms step_avg:394.88ms
step:876/1660 train_time:345781ms step_avg:394.73ms
step:877/1660 train_time:346125ms step_avg:394.67ms
step:878/1660 train_time:346520ms step_avg:394.67ms
step:879/1660 train_time:346916ms step_avg:394.67ms
step:880/1660 train_time:347308ms step_avg:394.67ms
step:881/1660 train_time:347700ms step_avg:394.66ms
step:882/1660 train_time:348089ms step_avg:394.66ms
step:883/1660 train_time:348487ms step_avg:394.66ms
step:884/1660 train_time:348875ms step_avg:394.66ms
step:885/1660 train_time:349265ms step_avg:394.65ms
step:886/1660 train_time:349655ms step_avg:394.65ms
step:887/1660 train_time:350047ms step_avg:394.64ms
step:888/1660 train_time:350439ms step_avg:394.64ms
step:889/1660 train_time:350831ms step_avg:394.64ms
step:890/1660 train_time:351222ms step_avg:394.63ms
step:891/1660 train_time:351613ms step_avg:394.63ms
step:892/1660 train_time:352003ms step_avg:394.62ms
step:893/1660 train_time:352395ms step_avg:394.62ms
step:894/1660 train_time:352793ms step_avg:394.62ms
step:895/1660 train_time:353188ms step_avg:394.62ms
step:896/1660 train_time:353579ms step_avg:394.62ms
step:897/1660 train_time:353974ms step_avg:394.62ms
step:898/1660 train_time:354367ms step_avg:394.62ms
step:899/1660 train_time:354758ms step_avg:394.61ms
step:900/1660 train_time:355151ms step_avg:394.61ms
step:901/1660 train_time:355542ms step_avg:394.61ms
step:902/1660 train_time:355935ms step_avg:394.61ms
step:903/1660 train_time:356328ms step_avg:394.60ms
step:904/1660 train_time:356720ms step_avg:394.60ms
step:905/1660 train_time:357112ms step_avg:394.60ms
step:906/1660 train_time:357508ms step_avg:394.60ms
step:907/1660 train_time:357902ms step_avg:394.60ms
step:908/1660 train_time:358294ms step_avg:394.60ms
step:909/1660 train_time:358684ms step_avg:394.59ms
step:910/1660 train_time:359075ms step_avg:394.59ms
step:911/1660 train_time:359468ms step_avg:394.59ms
step:912/1660 train_time:359866ms step_avg:394.59ms
step:913/1660 train_time:360258ms step_avg:394.59ms
step:914/1660 train_time:360648ms step_avg:394.58ms
step:915/1660 train_time:361042ms step_avg:394.58ms
step:916/1660 train_time:361434ms step_avg:394.58ms
step:917/1660 train_time:361828ms step_avg:394.58ms
step:918/1660 train_time:362227ms step_avg:394.58ms
step:919/1660 train_time:362614ms step_avg:394.57ms
step:920/1660 train_time:363005ms step_avg:394.57ms
step:921/1660 train_time:363401ms step_avg:394.57ms
step:922/1660 train_time:363793ms step_avg:394.57ms
step:923/1660 train_time:364184ms step_avg:394.57ms
step:924/1660 train_time:364575ms step_avg:394.56ms
step:925/1660 train_time:364967ms step_avg:394.56ms
step:926/1660 train_time:365358ms step_avg:394.56ms
step:927/1660 train_time:365750ms step_avg:394.55ms
step:928/1660 train_time:366140ms step_avg:394.55ms
step:929/1660 train_time:366530ms step_avg:394.54ms
step:930/1660 train_time:366925ms step_avg:394.54ms
step:931/1660 train_time:367370ms step_avg:394.60ms
step:932/1660 train_time:367706ms step_avg:394.53ms
step:933/1660 train_time:368103ms step_avg:394.54ms
step:934/1660 train_time:368498ms step_avg:394.54ms
step:935/1660 train_time:368895ms step_avg:394.54ms
step:936/1660 train_time:369289ms step_avg:394.54ms
step:937/1660 train_time:369685ms step_avg:394.54ms
step:938/1660 train_time:370082ms step_avg:394.54ms
step:939/1660 train_time:370473ms step_avg:394.54ms
step:940/1660 train_time:370864ms step_avg:394.54ms
step:941/1660 train_time:371257ms step_avg:394.53ms
step:942/1660 train_time:371648ms step_avg:394.53ms
step:943/1660 train_time:372040ms step_avg:394.53ms
step:944/1660 train_time:372434ms step_avg:394.53ms
step:945/1660 train_time:372822ms step_avg:394.52ms
step:946/1660 train_time:373215ms step_avg:394.52ms
step:947/1660 train_time:373605ms step_avg:394.51ms
step:948/1660 train_time:373998ms step_avg:394.51ms
step:949/1660 train_time:374387ms step_avg:394.51ms
step:950/1660 train_time:374778ms step_avg:394.50ms
step:951/1660 train_time:375172ms step_avg:394.50ms
step:952/1660 train_time:375562ms step_avg:394.50ms
step:953/1660 train_time:375955ms step_avg:394.50ms
step:954/1660 train_time:376351ms step_avg:394.50ms
step:955/1660 train_time:376742ms step_avg:394.49ms
step:956/1660 train_time:377136ms step_avg:394.49ms
step:957/1660 train_time:377531ms step_avg:394.49ms
step:958/1660 train_time:377922ms step_avg:394.49ms
step:959/1660 train_time:378312ms step_avg:394.49ms
step:960/1660 train_time:378701ms step_avg:394.48ms
step:961/1660 train_time:379096ms step_avg:394.48ms
step:962/1660 train_time:379489ms step_avg:394.48ms
step:963/1660 train_time:379885ms step_avg:394.48ms
step:964/1660 train_time:380281ms step_avg:394.48ms
step:965/1660 train_time:380671ms step_avg:394.48ms
step:966/1660 train_time:381068ms step_avg:394.48ms
step:967/1660 train_time:381457ms step_avg:394.47ms
step:968/1660 train_time:381848ms step_avg:394.47ms
step:969/1660 train_time:382239ms step_avg:394.47ms
step:970/1660 train_time:382631ms step_avg:394.46ms
step:971/1660 train_time:383025ms step_avg:394.46ms
step:972/1660 train_time:383414ms step_avg:394.46ms
step:973/1660 train_time:383808ms step_avg:394.46ms
step:974/1660 train_time:384200ms step_avg:394.46ms
step:975/1660 train_time:384593ms step_avg:394.45ms
step:976/1660 train_time:384985ms step_avg:394.45ms
step:977/1660 train_time:385375ms step_avg:394.45ms
step:978/1660 train_time:385768ms step_avg:394.45ms
step:979/1660 train_time:386160ms step_avg:394.44ms
step:980/1660 train_time:386549ms step_avg:394.44ms
step:981/1660 train_time:386945ms step_avg:394.44ms
step:982/1660 train_time:387337ms step_avg:394.44ms
step:983/1660 train_time:387734ms step_avg:394.44ms
step:984/1660 train_time:388126ms step_avg:394.44ms
step:985/1660 train_time:388520ms step_avg:394.44ms
step:986/1660 train_time:388914ms step_avg:394.44ms
step:987/1660 train_time:389301ms step_avg:394.43ms
step:988/1660 train_time:389694ms step_avg:394.43ms
step:989/1660 train_time:390086ms step_avg:394.42ms
step:990/1660 train_time:390477ms step_avg:394.42ms
step:991/1660 train_time:390867ms step_avg:394.42ms
step:992/1660 train_time:391261ms step_avg:394.42ms
step:993/1660 train_time:391651ms step_avg:394.41ms
step:994/1660 train_time:392045ms step_avg:394.41ms
step:995/1660 train_time:392433ms step_avg:394.41ms
step:996/1660 train_time:392826ms step_avg:394.40ms
step:997/1660 train_time:393222ms step_avg:394.41ms
step:998/1660 train_time:393611ms step_avg:394.40ms
step:999/1660 train_time:394006ms step_avg:394.40ms
step:1000/1660 train_time:394394ms step_avg:394.39ms
step:1000/1660 val_loss:3.4634 train_time:394689ms step_avg:394.69ms
step:1001/1660 train_time:394965ms step_avg:394.57ms
step:1002/1660 train_time:395303ms step_avg:394.51ms
step:1003/1660 train_time:395693ms step_avg:394.51ms
step:1004/1660 train_time:396084ms step_avg:394.51ms
step:1005/1660 train_time:396478ms step_avg:394.51ms
step:1006/1660 train_time:396873ms step_avg:394.51ms
step:1007/1660 train_time:397264ms step_avg:394.50ms
step:1008/1660 train_time:397657ms step_avg:394.50ms
step:1009/1660 train_time:398049ms step_avg:394.50ms
step:1010/1660 train_time:398440ms step_avg:394.50ms
step:1011/1660 train_time:398835ms step_avg:394.50ms
step:1012/1660 train_time:399228ms step_avg:394.49ms
step:1013/1660 train_time:399619ms step_avg:394.49ms
step:1014/1660 train_time:400007ms step_avg:394.48ms
step:1015/1660 train_time:400398ms step_avg:394.48ms
step:1016/1660 train_time:400792ms step_avg:394.48ms
step:1017/1660 train_time:401182ms step_avg:394.48ms
step:1018/1660 train_time:401585ms step_avg:394.48ms
step:1019/1660 train_time:401975ms step_avg:394.48ms
step:1020/1660 train_time:402364ms step_avg:394.47ms
step:1021/1660 train_time:402753ms step_avg:394.47ms
step:1022/1660 train_time:403146ms step_avg:394.47ms
step:1023/1660 train_time:403540ms step_avg:394.47ms
step:1024/1660 train_time:403931ms step_avg:394.46ms
step:1025/1660 train_time:404326ms step_avg:394.46ms
step:1026/1660 train_time:404720ms step_avg:394.46ms
step:1027/1660 train_time:405108ms step_avg:394.46ms
step:1028/1660 train_time:405497ms step_avg:394.45ms
step:1029/1660 train_time:405895ms step_avg:394.46ms
step:1030/1660 train_time:406286ms step_avg:394.45ms
step:1031/1660 train_time:406682ms step_avg:394.45ms
step:1032/1660 train_time:407071ms step_avg:394.45ms
step:1033/1660 train_time:407464ms step_avg:394.45ms
step:1034/1660 train_time:407861ms step_avg:394.45ms
step:1035/1660 train_time:408248ms step_avg:394.44ms
step:1036/1660 train_time:408641ms step_avg:394.44ms
step:1037/1660 train_time:409041ms step_avg:394.45ms
step:1038/1660 train_time:409431ms step_avg:394.44ms
step:1039/1660 train_time:409825ms step_avg:394.44ms
step:1040/1660 train_time:410225ms step_avg:394.45ms
step:1041/1660 train_time:410614ms step_avg:394.44ms
step:1042/1660 train_time:411014ms step_avg:394.45ms
step:1043/1660 train_time:411399ms step_avg:394.44ms
step:1044/1660 train_time:411791ms step_avg:394.44ms
step:1045/1660 train_time:412185ms step_avg:394.44ms
step:1046/1660 train_time:412581ms step_avg:394.44ms
step:1047/1660 train_time:412971ms step_avg:394.43ms
step:1048/1660 train_time:413364ms step_avg:394.43ms
step:1049/1660 train_time:413754ms step_avg:394.43ms
step:1050/1660 train_time:414147ms step_avg:394.43ms
step:1051/1660 train_time:414538ms step_avg:394.42ms
step:1052/1660 train_time:414932ms step_avg:394.42ms
step:1053/1660 train_time:415334ms step_avg:394.43ms
step:1054/1660 train_time:415728ms step_avg:394.43ms
step:1055/1660 train_time:416124ms step_avg:394.43ms
step:1056/1660 train_time:416513ms step_avg:394.43ms
step:1057/1660 train_time:416905ms step_avg:394.42ms
step:1058/1660 train_time:417291ms step_avg:394.41ms
step:1059/1660 train_time:417685ms step_avg:394.41ms
step:1060/1660 train_time:418075ms step_avg:394.41ms
step:1061/1660 train_time:418473ms step_avg:394.41ms
step:1062/1660 train_time:418867ms step_avg:394.41ms
step:1063/1660 train_time:419263ms step_avg:394.42ms
step:1064/1660 train_time:419650ms step_avg:394.41ms
step:1065/1660 train_time:420044ms step_avg:394.41ms
step:1066/1660 train_time:420432ms step_avg:394.40ms
step:1067/1660 train_time:420827ms step_avg:394.40ms
step:1068/1660 train_time:421214ms step_avg:394.39ms
step:1069/1660 train_time:421610ms step_avg:394.40ms
step:1070/1660 train_time:422002ms step_avg:394.39ms
step:1071/1660 train_time:422396ms step_avg:394.39ms
step:1072/1660 train_time:422786ms step_avg:394.39ms
step:1073/1660 train_time:423181ms step_avg:394.39ms
step:1074/1660 train_time:423572ms step_avg:394.39ms
step:1075/1660 train_time:423964ms step_avg:394.38ms
step:1076/1660 train_time:424354ms step_avg:394.38ms
step:1077/1660 train_time:424744ms step_avg:394.38ms
step:1078/1660 train_time:425188ms step_avg:394.42ms
step:1079/1660 train_time:425591ms step_avg:394.43ms
step:1080/1660 train_time:425984ms step_avg:394.43ms
step:1081/1660 train_time:426377ms step_avg:394.43ms
step:1082/1660 train_time:426772ms step_avg:394.43ms
step:1083/1660 train_time:427164ms step_avg:394.43ms
step:1084/1660 train_time:427555ms step_avg:394.42ms
step:1085/1660 train_time:427944ms step_avg:394.42ms
step:1086/1660 train_time:428337ms step_avg:394.42ms
step:1087/1660 train_time:428729ms step_avg:394.42ms
step:1088/1660 train_time:429120ms step_avg:394.41ms
step:1089/1660 train_time:429513ms step_avg:394.41ms
step:1090/1660 train_time:429904ms step_avg:394.41ms
step:1091/1660 train_time:430295ms step_avg:394.40ms
step:1092/1660 train_time:430688ms step_avg:394.40ms
step:1093/1660 train_time:431084ms step_avg:394.40ms
step:1094/1660 train_time:431482ms step_avg:394.41ms
step:1095/1660 train_time:431872ms step_avg:394.40ms
step:1096/1660 train_time:432267ms step_avg:394.40ms
step:1097/1660 train_time:432657ms step_avg:394.40ms
step:1098/1660 train_time:433051ms step_avg:394.40ms
step:1099/1660 train_time:433443ms step_avg:394.40ms
step:1100/1660 train_time:433835ms step_avg:394.40ms
step:1101/1660 train_time:434225ms step_avg:394.39ms
step:1102/1660 train_time:434616ms step_avg:394.39ms
step:1103/1660 train_time:435008ms step_avg:394.39ms
step:1104/1660 train_time:435398ms step_avg:394.38ms
step:1105/1660 train_time:435790ms step_avg:394.38ms
step:1106/1660 train_time:436182ms step_avg:394.38ms
step:1107/1660 train_time:436576ms step_avg:394.38ms
step:1108/1660 train_time:436964ms step_avg:394.37ms
step:1109/1660 train_time:437358ms step_avg:394.37ms
step:1110/1660 train_time:437748ms step_avg:394.37ms
step:1111/1660 train_time:438138ms step_avg:394.36ms
step:1112/1660 train_time:438531ms step_avg:394.36ms
step:1113/1660 train_time:438923ms step_avg:394.36ms
step:1114/1660 train_time:439316ms step_avg:394.36ms
step:1115/1660 train_time:439705ms step_avg:394.35ms
step:1116/1660 train_time:440096ms step_avg:394.35ms
step:1117/1660 train_time:440488ms step_avg:394.35ms
step:1118/1660 train_time:440883ms step_avg:394.35ms
step:1119/1660 train_time:441276ms step_avg:394.35ms
step:1120/1660 train_time:441672ms step_avg:394.35ms
step:1121/1660 train_time:442065ms step_avg:394.35ms
step:1122/1660 train_time:442455ms step_avg:394.35ms
step:1123/1660 train_time:442848ms step_avg:394.34ms
step:1124/1660 train_time:443237ms step_avg:394.34ms
step:1125/1660 train_time:443629ms step_avg:394.34ms
step:1125/1660 val_loss:3.4113 train_time:443926ms step_avg:394.60ms
step:1126/1660 train_time:444205ms step_avg:394.50ms
step:1127/1660 train_time:444571ms step_avg:394.47ms
step:1128/1660 train_time:444967ms step_avg:394.47ms
step:1129/1660 train_time:445361ms step_avg:394.47ms
step:1130/1660 train_time:445745ms step_avg:394.47ms
step:1131/1660 train_time:446141ms step_avg:394.47ms
step:1132/1660 train_time:446532ms step_avg:394.46ms
step:1133/1660 train_time:446923ms step_avg:394.46ms
step:1134/1660 train_time:447316ms step_avg:394.46ms
step:1135/1660 train_time:447710ms step_avg:394.46ms
step:1136/1660 train_time:448103ms step_avg:394.46ms
step:1137/1660 train_time:448496ms step_avg:394.46ms
step:1138/1660 train_time:448888ms step_avg:394.45ms
step:1139/1660 train_time:449278ms step_avg:394.45ms
step:1140/1660 train_time:449669ms step_avg:394.45ms
step:1141/1660 train_time:450066ms step_avg:394.45ms
step:1142/1660 train_time:450460ms step_avg:394.45ms
step:1143/1660 train_time:450852ms step_avg:394.45ms
step:1144/1660 train_time:451241ms step_avg:394.44ms
step:1145/1660 train_time:451635ms step_avg:394.44ms
step:1146/1660 train_time:452033ms step_avg:394.44ms
step:1147/1660 train_time:452424ms step_avg:394.44ms
step:1148/1660 train_time:452821ms step_avg:394.44ms
step:1149/1660 train_time:453216ms step_avg:394.44ms
step:1150/1660 train_time:453613ms step_avg:394.45ms
step:1151/1660 train_time:454005ms step_avg:394.44ms
step:1152/1660 train_time:454396ms step_avg:394.44ms
step:1153/1660 train_time:454785ms step_avg:394.44ms
step:1154/1660 train_time:455178ms step_avg:394.43ms
step:1155/1660 train_time:455571ms step_avg:394.43ms
step:1156/1660 train_time:455962ms step_avg:394.43ms
step:1157/1660 train_time:456352ms step_avg:394.43ms
step:1158/1660 train_time:456744ms step_avg:394.43ms
step:1159/1660 train_time:457141ms step_avg:394.43ms
step:1160/1660 train_time:457532ms step_avg:394.42ms
step:1161/1660 train_time:457926ms step_avg:394.42ms
step:1162/1660 train_time:458319ms step_avg:394.42ms
step:1163/1660 train_time:458708ms step_avg:394.42ms
step:1164/1660 train_time:459104ms step_avg:394.42ms
step:1165/1660 train_time:459505ms step_avg:394.43ms
step:1166/1660 train_time:459893ms step_avg:394.42ms
step:1167/1660 train_time:460285ms step_avg:394.42ms
step:1168/1660 train_time:460675ms step_avg:394.41ms
step:1169/1660 train_time:461067ms step_avg:394.41ms
step:1170/1660 train_time:461458ms step_avg:394.41ms
step:1171/1660 train_time:461847ms step_avg:394.40ms
step:1172/1660 train_time:462244ms step_avg:394.41ms
step:1173/1660 train_time:462636ms step_avg:394.40ms
step:1174/1660 train_time:463026ms step_avg:394.40ms
step:1175/1660 train_time:463422ms step_avg:394.40ms
step:1176/1660 train_time:463853ms step_avg:394.43ms
step:1177/1660 train_time:464227ms step_avg:394.42ms
step:1178/1660 train_time:464621ms step_avg:394.42ms
step:1179/1660 train_time:465015ms step_avg:394.42ms
step:1180/1660 train_time:465414ms step_avg:394.42ms
step:1181/1660 train_time:465804ms step_avg:394.42ms
step:1182/1660 train_time:466195ms step_avg:394.41ms
step:1183/1660 train_time:466587ms step_avg:394.41ms
step:1184/1660 train_time:466968ms step_avg:394.40ms
step:1185/1660 train_time:467361ms step_avg:394.40ms
step:1186/1660 train_time:467753ms step_avg:394.40ms
step:1187/1660 train_time:468144ms step_avg:394.39ms
step:1188/1660 train_time:468549ms step_avg:394.40ms
step:1189/1660 train_time:468942ms step_avg:394.40ms
step:1190/1660 train_time:469332ms step_avg:394.40ms
step:1191/1660 train_time:469727ms step_avg:394.40ms
step:1192/1660 train_time:470105ms step_avg:394.38ms
step:1193/1660 train_time:470502ms step_avg:394.39ms
step:1194/1660 train_time:470897ms step_avg:394.39ms
step:1195/1660 train_time:471285ms step_avg:394.38ms
step:1196/1660 train_time:471682ms step_avg:394.38ms
step:1197/1660 train_time:472075ms step_avg:394.38ms
step:1198/1660 train_time:472463ms step_avg:394.38ms
step:1199/1660 train_time:472858ms step_avg:394.38ms
step:1200/1660 train_time:473244ms step_avg:394.37ms
step:1201/1660 train_time:473639ms step_avg:394.37ms
step:1202/1660 train_time:474032ms step_avg:394.37ms
step:1203/1660 train_time:474422ms step_avg:394.37ms
step:1204/1660 train_time:474815ms step_avg:394.36ms
step:1205/1660 train_time:475207ms step_avg:394.36ms
step:1206/1660 train_time:475598ms step_avg:394.36ms
step:1207/1660 train_time:475989ms step_avg:394.36ms
step:1208/1660 train_time:476381ms step_avg:394.36ms
step:1209/1660 train_time:476770ms step_avg:394.35ms
step:1210/1660 train_time:477165ms step_avg:394.35ms
step:1211/1660 train_time:477557ms step_avg:394.35ms
step:1212/1660 train_time:477951ms step_avg:394.35ms
step:1213/1660 train_time:478344ms step_avg:394.35ms
step:1214/1660 train_time:478733ms step_avg:394.34ms
step:1215/1660 train_time:479123ms step_avg:394.34ms
step:1216/1660 train_time:479513ms step_avg:394.34ms
step:1217/1660 train_time:479902ms step_avg:394.33ms
step:1218/1660 train_time:480292ms step_avg:394.33ms
step:1219/1660 train_time:480687ms step_avg:394.33ms
step:1220/1660 train_time:481086ms step_avg:394.33ms
step:1221/1660 train_time:481477ms step_avg:394.33ms
step:1222/1660 train_time:481871ms step_avg:394.33ms
step:1223/1660 train_time:482266ms step_avg:394.33ms
step:1224/1660 train_time:482654ms step_avg:394.33ms
step:1225/1660 train_time:483047ms step_avg:394.32ms
step:1226/1660 train_time:483440ms step_avg:394.32ms
step:1227/1660 train_time:483831ms step_avg:394.32ms
step:1228/1660 train_time:484223ms step_avg:394.32ms
step:1229/1660 train_time:484614ms step_avg:394.32ms
step:1230/1660 train_time:485006ms step_avg:394.31ms
step:1231/1660 train_time:485394ms step_avg:394.31ms
step:1232/1660 train_time:485786ms step_avg:394.31ms
step:1233/1660 train_time:486176ms step_avg:394.30ms
step:1234/1660 train_time:486570ms step_avg:394.30ms
step:1235/1660 train_time:486960ms step_avg:394.30ms
step:1236/1660 train_time:487355ms step_avg:394.30ms
step:1237/1660 train_time:487746ms step_avg:394.30ms
step:1238/1660 train_time:488137ms step_avg:394.30ms
step:1239/1660 train_time:488528ms step_avg:394.29ms
step:1240/1660 train_time:488921ms step_avg:394.29ms
step:1241/1660 train_time:489312ms step_avg:394.29ms
step:1242/1660 train_time:489708ms step_avg:394.29ms
step:1243/1660 train_time:490103ms step_avg:394.29ms
step:1244/1660 train_time:490494ms step_avg:394.29ms
step:1245/1660 train_time:490886ms step_avg:394.29ms
step:1246/1660 train_time:491278ms step_avg:394.28ms
step:1247/1660 train_time:491668ms step_avg:394.28ms
step:1248/1660 train_time:492060ms step_avg:394.28ms
step:1249/1660 train_time:492453ms step_avg:394.28ms
step:1250/1660 train_time:492847ms step_avg:394.28ms
step:1250/1660 val_loss:3.3731 train_time:493144ms step_avg:394.52ms
step:1251/1660 train_time:493407ms step_avg:394.41ms
step:1252/1660 train_time:493767ms step_avg:394.38ms
step:1253/1660 train_time:494166ms step_avg:394.39ms
step:1254/1660 train_time:494559ms step_avg:394.39ms
step:1255/1660 train_time:494951ms step_avg:394.38ms
step:1256/1660 train_time:495344ms step_avg:394.38ms
step:1257/1660 train_time:495740ms step_avg:394.38ms
step:1258/1660 train_time:496132ms step_avg:394.38ms
step:1259/1660 train_time:496529ms step_avg:394.38ms
step:1260/1660 train_time:496920ms step_avg:394.38ms
step:1261/1660 train_time:497315ms step_avg:394.38ms
step:1262/1660 train_time:497708ms step_avg:394.38ms
step:1263/1660 train_time:498101ms step_avg:394.38ms
step:1264/1660 train_time:498490ms step_avg:394.38ms
step:1265/1660 train_time:498882ms step_avg:394.37ms
step:1266/1660 train_time:499276ms step_avg:394.37ms
step:1267/1660 train_time:499668ms step_avg:394.37ms
step:1268/1660 train_time:500068ms step_avg:394.38ms
step:1269/1660 train_time:500462ms step_avg:394.38ms
step:1270/1660 train_time:500855ms step_avg:394.37ms
step:1271/1660 train_time:501388ms step_avg:394.48ms
step:1272/1660 train_time:501772ms step_avg:394.47ms
step:1273/1660 train_time:502165ms step_avg:394.47ms
step:1274/1660 train_time:502555ms step_avg:394.47ms
step:1275/1660 train_time:502948ms step_avg:394.47ms
step:1276/1660 train_time:503340ms step_avg:394.47ms
step:1277/1660 train_time:503733ms step_avg:394.47ms
step:1278/1660 train_time:504122ms step_avg:394.46ms
step:1279/1660 train_time:504512ms step_avg:394.46ms
step:1280/1660 train_time:504908ms step_avg:394.46ms
step:1281/1660 train_time:505300ms step_avg:394.46ms
step:1282/1660 train_time:505693ms step_avg:394.46ms
step:1283/1660 train_time:506086ms step_avg:394.46ms
step:1284/1660 train_time:506479ms step_avg:394.45ms
step:1285/1660 train_time:506874ms step_avg:394.45ms
step:1286/1660 train_time:507267ms step_avg:394.45ms
step:1287/1660 train_time:507658ms step_avg:394.45ms
step:1288/1660 train_time:508054ms step_avg:394.45ms
step:1289/1660 train_time:508447ms step_avg:394.45ms
step:1290/1660 train_time:508842ms step_avg:394.45ms
step:1291/1660 train_time:509233ms step_avg:394.45ms
step:1292/1660 train_time:509629ms step_avg:394.45ms
step:1293/1660 train_time:510018ms step_avg:394.45ms
step:1294/1660 train_time:510407ms step_avg:394.44ms
step:1295/1660 train_time:510802ms step_avg:394.44ms
step:1296/1660 train_time:511194ms step_avg:394.44ms
step:1297/1660 train_time:511587ms step_avg:394.44ms
step:1298/1660 train_time:511978ms step_avg:394.44ms
step:1299/1660 train_time:512372ms step_avg:394.44ms
step:1300/1660 train_time:512763ms step_avg:394.43ms
step:1301/1660 train_time:513156ms step_avg:394.43ms
step:1302/1660 train_time:513547ms step_avg:394.43ms
step:1303/1660 train_time:513945ms step_avg:394.43ms
step:1304/1660 train_time:514341ms step_avg:394.43ms
step:1305/1660 train_time:514730ms step_avg:394.43ms
step:1306/1660 train_time:515119ms step_avg:394.43ms
step:1307/1660 train_time:515514ms step_avg:394.43ms
step:1308/1660 train_time:515912ms step_avg:394.43ms
step:1309/1660 train_time:516303ms step_avg:394.43ms
step:1310/1660 train_time:516696ms step_avg:394.42ms
step:1311/1660 train_time:517083ms step_avg:394.42ms
step:1312/1660 train_time:517480ms step_avg:394.42ms
step:1313/1660 train_time:517872ms step_avg:394.42ms
step:1314/1660 train_time:518266ms step_avg:394.42ms
step:1315/1660 train_time:518660ms step_avg:394.42ms
step:1316/1660 train_time:519133ms step_avg:394.48ms
step:1317/1660 train_time:519455ms step_avg:394.42ms
step:1318/1660 train_time:519844ms step_avg:394.42ms
step:1319/1660 train_time:520236ms step_avg:394.42ms
step:1320/1660 train_time:520629ms step_avg:394.42ms
step:1321/1660 train_time:521019ms step_avg:394.41ms
step:1322/1660 train_time:521413ms step_avg:394.41ms
step:1323/1660 train_time:521804ms step_avg:394.41ms
step:1324/1660 train_time:522202ms step_avg:394.41ms
step:1325/1660 train_time:522592ms step_avg:394.41ms
step:1326/1660 train_time:522983ms step_avg:394.41ms
step:1327/1660 train_time:523376ms step_avg:394.41ms
step:1328/1660 train_time:523769ms step_avg:394.40ms
step:1329/1660 train_time:524164ms step_avg:394.40ms
step:1330/1660 train_time:524556ms step_avg:394.40ms
step:1331/1660 train_time:524945ms step_avg:394.40ms
step:1332/1660 train_time:525338ms step_avg:394.40ms
step:1333/1660 train_time:525730ms step_avg:394.40ms
step:1334/1660 train_time:526122ms step_avg:394.39ms
step:1335/1660 train_time:526509ms step_avg:394.39ms
step:1336/1660 train_time:526901ms step_avg:394.39ms
step:1337/1660 train_time:527294ms step_avg:394.39ms
step:1338/1660 train_time:527691ms step_avg:394.39ms
step:1339/1660 train_time:528085ms step_avg:394.39ms
step:1340/1660 train_time:528478ms step_avg:394.39ms
step:1341/1660 train_time:528878ms step_avg:394.39ms
step:1342/1660 train_time:529275ms step_avg:394.39ms
step:1343/1660 train_time:529668ms step_avg:394.39ms
step:1344/1660 train_time:530070ms step_avg:394.40ms
step:1345/1660 train_time:530458ms step_avg:394.39ms
step:1346/1660 train_time:530847ms step_avg:394.39ms
step:1347/1660 train_time:531239ms step_avg:394.39ms
step:1348/1660 train_time:531632ms step_avg:394.39ms
step:1349/1660 train_time:532024ms step_avg:394.38ms
step:1350/1660 train_time:532417ms step_avg:394.38ms
step:1351/1660 train_time:532809ms step_avg:394.38ms
step:1352/1660 train_time:533201ms step_avg:394.38ms
step:1353/1660 train_time:533595ms step_avg:394.38ms
step:1354/1660 train_time:533986ms step_avg:394.38ms
step:1355/1660 train_time:534380ms step_avg:394.38ms
step:1356/1660 train_time:534771ms step_avg:394.37ms
step:1357/1660 train_time:535165ms step_avg:394.37ms
step:1358/1660 train_time:535557ms step_avg:394.37ms
step:1359/1660 train_time:535948ms step_avg:394.37ms
step:1360/1660 train_time:536344ms step_avg:394.37ms
step:1361/1660 train_time:536736ms step_avg:394.37ms
step:1362/1660 train_time:537130ms step_avg:394.37ms
step:1363/1660 train_time:537523ms step_avg:394.37ms
step:1364/1660 train_time:537913ms step_avg:394.36ms
step:1365/1660 train_time:538306ms step_avg:394.36ms
step:1366/1660 train_time:538704ms step_avg:394.37ms
step:1367/1660 train_time:539096ms step_avg:394.36ms
step:1368/1660 train_time:539490ms step_avg:394.36ms
step:1369/1660 train_time:539884ms step_avg:394.36ms
step:1370/1660 train_time:540276ms step_avg:394.36ms
step:1371/1660 train_time:540670ms step_avg:394.36ms
step:1372/1660 train_time:541062ms step_avg:394.36ms
step:1373/1660 train_time:541452ms step_avg:394.36ms
step:1374/1660 train_time:541845ms step_avg:394.36ms
step:1375/1660 train_time:542236ms step_avg:394.35ms
step:1375/1660 val_loss:3.3380 train_time:542535ms step_avg:394.57ms
step:1376/1660 train_time:542803ms step_avg:394.48ms
step:1377/1660 train_time:543184ms step_avg:394.47ms
step:1378/1660 train_time:543578ms step_avg:394.47ms
step:1379/1660 train_time:543969ms step_avg:394.47ms
step:1380/1660 train_time:544365ms step_avg:394.47ms
step:1381/1660 train_time:544762ms step_avg:394.47ms
step:1382/1660 train_time:545150ms step_avg:394.46ms
step:1383/1660 train_time:545543ms step_avg:394.46ms
step:1384/1660 train_time:545934ms step_avg:394.46ms
step:1385/1660 train_time:546327ms step_avg:394.46ms
step:1386/1660 train_time:546721ms step_avg:394.46ms
step:1387/1660 train_time:547116ms step_avg:394.46ms
step:1388/1660 train_time:547508ms step_avg:394.46ms
step:1389/1660 train_time:547900ms step_avg:394.46ms
step:1390/1660 train_time:548292ms step_avg:394.45ms
step:1391/1660 train_time:548685ms step_avg:394.45ms
step:1392/1660 train_time:549081ms step_avg:394.45ms
step:1393/1660 train_time:549473ms step_avg:394.45ms
step:1394/1660 train_time:549864ms step_avg:394.45ms
step:1395/1660 train_time:550261ms step_avg:394.45ms
step:1396/1660 train_time:550645ms step_avg:394.44ms
step:1397/1660 train_time:551041ms step_avg:394.45ms
step:1398/1660 train_time:551432ms step_avg:394.44ms
step:1399/1660 train_time:551822ms step_avg:394.44ms
step:1400/1660 train_time:552212ms step_avg:394.44ms
step:1401/1660 train_time:552610ms step_avg:394.44ms
step:1402/1660 train_time:553005ms step_avg:394.44ms
step:1403/1660 train_time:553396ms step_avg:394.44ms
step:1404/1660 train_time:553787ms step_avg:394.44ms
step:1405/1660 train_time:554179ms step_avg:394.43ms
step:1406/1660 train_time:554572ms step_avg:394.43ms
step:1407/1660 train_time:554965ms step_avg:394.43ms
step:1408/1660 train_time:555362ms step_avg:394.43ms
step:1409/1660 train_time:555754ms step_avg:394.43ms
step:1410/1660 train_time:556149ms step_avg:394.43ms
step:1411/1660 train_time:556542ms step_avg:394.43ms
step:1412/1660 train_time:556936ms step_avg:394.43ms
step:1413/1660 train_time:557326ms step_avg:394.43ms
step:1414/1660 train_time:557726ms step_avg:394.43ms
step:1415/1660 train_time:558112ms step_avg:394.43ms
step:1416/1660 train_time:558508ms step_avg:394.43ms
step:1417/1660 train_time:558897ms step_avg:394.42ms
step:1418/1660 train_time:559288ms step_avg:394.42ms
step:1419/1660 train_time:559684ms step_avg:394.42ms
step:1420/1660 train_time:560077ms step_avg:394.42ms
step:1421/1660 train_time:560468ms step_avg:394.42ms
step:1422/1660 train_time:560858ms step_avg:394.41ms
step:1423/1660 train_time:561257ms step_avg:394.42ms
step:1424/1660 train_time:561652ms step_avg:394.42ms
step:1425/1660 train_time:562044ms step_avg:394.42ms
step:1426/1660 train_time:562439ms step_avg:394.42ms
step:1427/1660 train_time:562828ms step_avg:394.41ms
step:1428/1660 train_time:563228ms step_avg:394.42ms
step:1429/1660 train_time:563623ms step_avg:394.42ms
step:1430/1660 train_time:564014ms step_avg:394.42ms
step:1431/1660 train_time:564406ms step_avg:394.41ms
step:1432/1660 train_time:564795ms step_avg:394.41ms
step:1433/1660 train_time:565189ms step_avg:394.41ms
step:1434/1660 train_time:565584ms step_avg:394.41ms
step:1435/1660 train_time:565979ms step_avg:394.41ms
step:1436/1660 train_time:566371ms step_avg:394.41ms
step:1437/1660 train_time:566763ms step_avg:394.41ms
step:1438/1660 train_time:567157ms step_avg:394.41ms
step:1439/1660 train_time:567550ms step_avg:394.41ms
step:1440/1660 train_time:567944ms step_avg:394.41ms
step:1441/1660 train_time:568333ms step_avg:394.40ms
step:1442/1660 train_time:568724ms step_avg:394.40ms
step:1443/1660 train_time:569117ms step_avg:394.40ms
step:1444/1660 train_time:569526ms step_avg:394.41ms
step:1445/1660 train_time:569900ms step_avg:394.39ms
step:1446/1660 train_time:570293ms step_avg:394.39ms
step:1447/1660 train_time:570687ms step_avg:394.39ms
step:1448/1660 train_time:571077ms step_avg:394.39ms
step:1449/1660 train_time:571471ms step_avg:394.39ms
step:1450/1660 train_time:571862ms step_avg:394.39ms
step:1451/1660 train_time:572255ms step_avg:394.39ms
step:1452/1660 train_time:572747ms step_avg:394.45ms
step:1453/1660 train_time:573078ms step_avg:394.41ms
step:1454/1660 train_time:573467ms step_avg:394.41ms
step:1455/1660 train_time:573859ms step_avg:394.40ms
step:1456/1660 train_time:574252ms step_avg:394.40ms
step:1457/1660 train_time:574645ms step_avg:394.40ms
step:1458/1660 train_time:575035ms step_avg:394.40ms
step:1459/1660 train_time:575429ms step_avg:394.40ms
step:1460/1660 train_time:575824ms step_avg:394.40ms
step:1461/1660 train_time:576214ms step_avg:394.40ms
step:1462/1660 train_time:576609ms step_avg:394.40ms
step:1463/1660 train_time:577000ms step_avg:394.40ms
step:1464/1660 train_time:577396ms step_avg:394.40ms
step:1465/1660 train_time:577786ms step_avg:394.39ms
step:1466/1660 train_time:578178ms step_avg:394.39ms
step:1467/1660 train_time:578572ms step_avg:394.39ms
step:1468/1660 train_time:578965ms step_avg:394.39ms
step:1469/1660 train_time:579360ms step_avg:394.39ms
step:1470/1660 train_time:579752ms step_avg:394.39ms
step:1471/1660 train_time:580147ms step_avg:394.39ms
step:1472/1660 train_time:580544ms step_avg:394.39ms
step:1473/1660 train_time:580937ms step_avg:394.39ms
step:1474/1660 train_time:581331ms step_avg:394.39ms
step:1475/1660 train_time:581723ms step_avg:394.39ms
step:1476/1660 train_time:582114ms step_avg:394.39ms
step:1477/1660 train_time:582505ms step_avg:394.38ms
step:1478/1660 train_time:582899ms step_avg:394.38ms
step:1479/1660 train_time:583297ms step_avg:394.39ms
step:1480/1660 train_time:583690ms step_avg:394.39ms
step:1481/1660 train_time:584081ms step_avg:394.38ms
step:1482/1660 train_time:584474ms step_avg:394.38ms
step:1483/1660 train_time:584870ms step_avg:394.38ms
step:1484/1660 train_time:585260ms step_avg:394.38ms
step:1485/1660 train_time:585651ms step_avg:394.38ms
step:1486/1660 train_time:586044ms step_avg:394.38ms
step:1487/1660 train_time:586441ms step_avg:394.38ms
step:1488/1660 train_time:586838ms step_avg:394.38ms
step:1489/1660 train_time:587235ms step_avg:394.38ms
step:1490/1660 train_time:587628ms step_avg:394.38ms
step:1491/1660 train_time:588022ms step_avg:394.38ms
step:1492/1660 train_time:588417ms step_avg:394.38ms
step:1493/1660 train_time:588818ms step_avg:394.39ms
step:1494/1660 train_time:589211ms step_avg:394.39ms
step:1495/1660 train_time:589610ms step_avg:394.39ms
step:1496/1660 train_time:590005ms step_avg:394.39ms
step:1497/1660 train_time:590398ms step_avg:394.39ms
step:1498/1660 train_time:590792ms step_avg:394.39ms
step:1499/1660 train_time:591186ms step_avg:394.39ms
step:1500/1660 train_time:591580ms step_avg:394.39ms
step:1500/1660 val_loss:3.3080 train_time:591878ms step_avg:394.59ms
step:1501/1660 train_time:592180ms step_avg:394.52ms
step:1502/1660 train_time:592569ms step_avg:394.52ms
step:1503/1660 train_time:592968ms step_avg:394.52ms
step:1504/1660 train_time:593368ms step_avg:394.53ms
step:1505/1660 train_time:593765ms step_avg:394.53ms
step:1506/1660 train_time:594160ms step_avg:394.53ms
step:1507/1660 train_time:594558ms step_avg:394.53ms
step:1508/1660 train_time:594951ms step_avg:394.53ms
step:1509/1660 train_time:595348ms step_avg:394.53ms
step:1510/1660 train_time:595741ms step_avg:394.53ms
step:1511/1660 train_time:596138ms step_avg:394.53ms
step:1512/1660 train_time:596531ms step_avg:394.53ms
step:1513/1660 train_time:596925ms step_avg:394.53ms
step:1514/1660 train_time:597319ms step_avg:394.53ms
step:1515/1660 train_time:597713ms step_avg:394.53ms
step:1516/1660 train_time:598108ms step_avg:394.53ms
step:1517/1660 train_time:598502ms step_avg:394.53ms
step:1518/1660 train_time:598895ms step_avg:394.53ms
step:1519/1660 train_time:599290ms step_avg:394.53ms
step:1520/1660 train_time:599690ms step_avg:394.53ms
step:1521/1660 train_time:600085ms step_avg:394.53ms
step:1522/1660 train_time:600478ms step_avg:394.53ms
step:1523/1660 train_time:600869ms step_avg:394.53ms
step:1524/1660 train_time:601265ms step_avg:394.53ms
step:1525/1660 train_time:601666ms step_avg:394.53ms
step:1526/1660 train_time:602061ms step_avg:394.54ms
step:1527/1660 train_time:602469ms step_avg:394.54ms
step:1528/1660 train_time:602862ms step_avg:394.54ms
step:1529/1660 train_time:603239ms step_avg:394.53ms
step:1530/1660 train_time:603638ms step_avg:394.53ms
step:1531/1660 train_time:604051ms step_avg:394.55ms
step:1532/1660 train_time:604443ms step_avg:394.54ms
step:1533/1660 train_time:604820ms step_avg:394.53ms
step:1534/1660 train_time:605215ms step_avg:394.53ms
step:1535/1660 train_time:605612ms step_avg:394.54ms
step:1536/1660 train_time:605999ms step_avg:394.53ms
step:1537/1660 train_time:606394ms step_avg:394.53ms
step:1538/1660 train_time:606788ms step_avg:394.53ms
step:1539/1660 train_time:607181ms step_avg:394.53ms
step:1540/1660 train_time:607580ms step_avg:394.53ms
step:1541/1660 train_time:607973ms step_avg:394.53ms
step:1542/1660 train_time:608389ms step_avg:394.55ms
step:1543/1660 train_time:608776ms step_avg:394.54ms
step:1544/1660 train_time:609166ms step_avg:394.54ms
step:1545/1660 train_time:609561ms step_avg:394.54ms
step:1546/1660 train_time:609949ms step_avg:394.53ms
step:1547/1660 train_time:610341ms step_avg:394.53ms
step:1548/1660 train_time:610735ms step_avg:394.53ms
step:1549/1660 train_time:611130ms step_avg:394.53ms
step:1550/1660 train_time:611532ms step_avg:394.54ms
step:1551/1660 train_time:611924ms step_avg:394.54ms
step:1552/1660 train_time:612323ms step_avg:394.54ms
step:1553/1660 train_time:612716ms step_avg:394.54ms
step:1554/1660 train_time:613112ms step_avg:394.54ms
step:1555/1660 train_time:613507ms step_avg:394.54ms
step:1556/1660 train_time:613901ms step_avg:394.54ms
step:1557/1660 train_time:614294ms step_avg:394.54ms
step:1558/1660 train_time:614691ms step_avg:394.54ms
step:1559/1660 train_time:615087ms step_avg:394.54ms
step:1560/1660 train_time:615478ms step_avg:394.54ms
step:1561/1660 train_time:615874ms step_avg:394.54ms
step:1562/1660 train_time:616270ms step_avg:394.54ms
step:1563/1660 train_time:616666ms step_avg:394.54ms
step:1564/1660 train_time:617059ms step_avg:394.54ms
step:1565/1660 train_time:617453ms step_avg:394.54ms
step:1566/1660 train_time:617859ms step_avg:394.55ms
step:1567/1660 train_time:618247ms step_avg:394.54ms
step:1568/1660 train_time:618639ms step_avg:394.54ms
step:1569/1660 train_time:619033ms step_avg:394.54ms
step:1570/1660 train_time:619427ms step_avg:394.54ms
step:1571/1660 train_time:619824ms step_avg:394.54ms
step:1572/1660 train_time:620220ms step_avg:394.54ms
step:1573/1660 train_time:620614ms step_avg:394.54ms
step:1574/1660 train_time:621008ms step_avg:394.54ms
step:1575/1660 train_time:621404ms step_avg:394.54ms
step:1576/1660 train_time:621803ms step_avg:394.54ms
step:1577/1660 train_time:622196ms step_avg:394.54ms
step:1578/1660 train_time:622591ms step_avg:394.54ms
step:1579/1660 train_time:622988ms step_avg:394.55ms
step:1580/1660 train_time:623386ms step_avg:394.55ms
step:1581/1660 train_time:623782ms step_avg:394.55ms
step:1582/1660 train_time:624176ms step_avg:394.55ms
step:1583/1660 train_time:624617ms step_avg:394.58ms
step:1584/1660 train_time:625013ms step_avg:394.58ms
step:1585/1660 train_time:625410ms step_avg:394.58ms
step:1586/1660 train_time:625806ms step_avg:394.58ms
step:1587/1660 train_time:626193ms step_avg:394.58ms
step:1588/1660 train_time:626588ms step_avg:394.58ms
step:1589/1660 train_time:626982ms step_avg:394.58ms
step:1590/1660 train_time:627373ms step_avg:394.57ms
step:1591/1660 train_time:627771ms step_avg:394.58ms
step:1592/1660 train_time:628164ms step_avg:394.58ms
step:1593/1660 train_time:628563ms step_avg:394.58ms
step:1594/1660 train_time:628955ms step_avg:394.58ms
step:1595/1660 train_time:629352ms step_avg:394.58ms
step:1596/1660 train_time:629744ms step_avg:394.58ms
step:1597/1660 train_time:630143ms step_avg:394.58ms
step:1598/1660 train_time:630533ms step_avg:394.58ms
step:1599/1660 train_time:630931ms step_avg:394.58ms
step:1600/1660 train_time:631329ms step_avg:394.58ms
step:1601/1660 train_time:631724ms step_avg:394.58ms
step:1602/1660 train_time:632115ms step_avg:394.58ms
step:1603/1660 train_time:632512ms step_avg:394.58ms
step:1604/1660 train_time:632912ms step_avg:394.58ms
step:1605/1660 train_time:633308ms step_avg:394.58ms
step:1606/1660 train_time:633702ms step_avg:394.58ms
step:1607/1660 train_time:634097ms step_avg:394.58ms
step:1608/1660 train_time:634494ms step_avg:394.59ms
step:1609/1660 train_time:634886ms step_avg:394.58ms
step:1610/1660 train_time:635279ms step_avg:394.58ms
step:1611/1660 train_time:635680ms step_avg:394.59ms
step:1612/1660 train_time:636074ms step_avg:394.59ms
step:1613/1660 train_time:636472ms step_avg:394.59ms
step:1614/1660 train_time:636868ms step_avg:394.59ms
step:1615/1660 train_time:637268ms step_avg:394.59ms
step:1616/1660 train_time:637663ms step_avg:394.59ms
step:1617/1660 train_time:638048ms step_avg:394.59ms
step:1618/1660 train_time:638445ms step_avg:394.59ms
step:1619/1660 train_time:638841ms step_avg:394.59ms
step:1620/1660 train_time:639244ms step_avg:394.59ms
step:1621/1660 train_time:639634ms step_avg:394.59ms
step:1622/1660 train_time:640031ms step_avg:394.59ms
step:1623/1660 train_time:640424ms step_avg:394.59ms
step:1624/1660 train_time:640819ms step_avg:394.59ms
step:1625/1660 train_time:641217ms step_avg:394.60ms
step:1625/1660 val_loss:3.2833 train_time:641510ms step_avg:394.78ms
step:1626/1660 train_time:641803ms step_avg:394.71ms
step:1627/1660 train_time:642188ms step_avg:394.71ms
step:1628/1660 train_time:642578ms step_avg:394.70ms
step:1629/1660 train_time:642972ms step_avg:394.70ms
step:1630/1660 train_time:643367ms step_avg:394.70ms
step:1631/1660 train_time:643761ms step_avg:394.70ms
step:1632/1660 train_time:644158ms step_avg:394.70ms
step:1633/1660 train_time:644551ms step_avg:394.70ms
step:1634/1660 train_time:644946ms step_avg:394.70ms
step:1635/1660 train_time:645336ms step_avg:394.70ms
step:1636/1660 train_time:645732ms step_avg:394.70ms
step:1637/1660 train_time:646130ms step_avg:394.70ms
step:1638/1660 train_time:646525ms step_avg:394.70ms
step:1639/1660 train_time:646922ms step_avg:394.71ms
step:1640/1660 train_time:647318ms step_avg:394.71ms
step:1641/1660 train_time:647710ms step_avg:394.70ms
step:1642/1660 train_time:648108ms step_avg:394.71ms
step:1643/1660 train_time:648501ms step_avg:394.71ms
step:1644/1660 train_time:648894ms step_avg:394.70ms
step:1645/1660 train_time:649291ms step_avg:394.71ms
step:1646/1660 train_time:649681ms step_avg:394.70ms
step:1647/1660 train_time:650074ms step_avg:394.70ms
step:1648/1660 train_time:650468ms step_avg:394.70ms
step:1649/1660 train_time:650864ms step_avg:394.70ms
step:1650/1660 train_time:651258ms step_avg:394.70ms
step:1651/1660 train_time:651654ms step_avg:394.70ms
step:1652/1660 train_time:652046ms step_avg:394.70ms
step:1653/1660 train_time:652446ms step_avg:394.70ms
step:1654/1660 train_time:652839ms step_avg:394.70ms
step:1655/1660 train_time:653235ms step_avg:394.70ms
step:1656/1660 train_time:653629ms step_avg:394.70ms
step:1657/1660 train_time:654024ms step_avg:394.70ms
step:1658/1660 train_time:654418ms step_avg:394.70ms
step:1659/1660 train_time:654812ms step_avg:394.70ms
step:1660/1660 train_time:655206ms step_avg:394.70ms
step:1660/1660 val_loss:3.2752 train_time:655502ms step_avg:394.88ms
peak memory allocated: 31703 MiB reserved: 34462 MiB
total training time: 655.50s (655502ms)
