W0525 16:32:51.596000 658 site-packages/torch/distributed/run.py:766] 
W0525 16:32:51.596000 658 site-packages/torch/distributed/run.py:766] *****************************************
W0525 16:32:51.596000 658 site-packages/torch/distributed/run.py:766] Setting OMP_NUM_THREADS environment variable for each process to be 1 in default, to avoid your system being overloaded, please further tune the variable for optimal performance in your application as needed. 
W0525 16:32:51.596000 658 site-packages/torch/distributed/run.py:766] *****************************************
/root/miniconda3/envs/llm_test/lib/python3.10/site-packages/torch/autograd/__init__.py:221: UserWarning: Cannot create tensor with interal format while allow_internel_format=False, tensor will be created with base format. (Triggered internally at build/CMakeFiles/torch_npu.dir/compiler_depend.ts:338.)
  torch.ones_like(out, memory_format=torch.preserve_format)
using device: npu:12
/root/miniconda3/envs/llm_test/lib/python3.10/site-packages/torch/distributed/distributed_c10d.py:4631: UserWarning: No device id is provided via `init_process_group` or `barrier `. Using the current device set by the user. 
  warnings.warn(  # warn only once
/root/miniconda3/envs/llm_test/lib/python3.10/site-packages/torch/autograd/__init__.py:221: UserWarning: Cannot create tensor with interal format while allow_internel_format=False, tensor will be created with base format. (Triggered internally at build/CMakeFiles/torch_npu.dir/compiler_depend.ts:338.)
  torch.ones_like(out, memory_format=torch.preserve_format)
/root/miniconda3/envs/llm_test/lib/python3.10/site-packages/torch/autograd/__init__.py:221: UserWarning: Cannot create tensor with interal format while allow_internel_format=False, tensor will be created with base format. (Triggered internally at build/CMakeFiles/torch_npu.dir/compiler_depend.ts:338.)
  torch.ones_like(out, memory_format=torch.preserve_format)
using device: npu:0
/root/miniconda3/envs/llm_test/lib/python3.10/site-packages/torch/distributed/distributed_c10d.py:4631: UserWarning: No device id is provided via `init_process_group` or `barrier `. Using the current device set by the user. 
  warnings.warn(  # warn only once
/root/miniconda3/envs/llm_test/lib/python3.10/site-packages/torch/autograd/__init__.py:221: UserWarning: Cannot create tensor with interal format while allow_internel_format=False, tensor will be created with base format. (Triggered internally at build/CMakeFiles/torch_npu.dir/compiler_depend.ts:338.)
  torch.ones_like(out, memory_format=torch.preserve_format)
using device: npu:14
/root/miniconda3/envs/llm_test/lib/python3.10/site-packages/torch/distributed/distributed_c10d.py:4631: UserWarning: No device id is provided via `init_process_group` or `barrier `. Using the current device set by the user. 
  warnings.warn(  # warn only once
using device: npu:6
/root/miniconda3/envs/llm_test/lib/python3.10/site-packages/torch/distributed/distributed_c10d.py:4631: UserWarning: No device id is provided via `init_process_group` or `barrier `. Using the current device set by the user. 
  warnings.warn(  # warn only once
/root/miniconda3/envs/llm_test/lib/python3.10/site-packages/torch/autograd/__init__.py:221: UserWarning: Cannot create tensor with interal format while allow_internel_format=False, tensor will be created with base format. (Triggered internally at build/CMakeFiles/torch_npu.dir/compiler_depend.ts:338.)
  torch.ones_like(out, memory_format=torch.preserve_format)
/root/miniconda3/envs/llm_test/lib/python3.10/site-packages/torch/autograd/__init__.py:221: UserWarning: Cannot create tensor with interal format while allow_internel_format=False, tensor will be created with base format. (Triggered internally at build/CMakeFiles/torch_npu.dir/compiler_depend.ts:338.)
  torch.ones_like(out, memory_format=torch.preserve_format)
/root/miniconda3/envs/llm_test/lib/python3.10/site-packages/torch/autograd/__init__.py:221: UserWarning: Cannot create tensor with interal format while allow_internel_format=False, tensor will be created with base format. (Triggered internally at build/CMakeFiles/torch_npu.dir/compiler_depend.ts:338.)
  torch.ones_like(out, memory_format=torch.preserve_format)
/root/miniconda3/envs/llm_test/lib/python3.10/site-packages/torch/autograd/__init__.py:221: UserWarning: Cannot create tensor with interal format while allow_internel_format=False, tensor will be created with base format. (Triggered internally at build/CMakeFiles/torch_npu.dir/compiler_depend.ts:338.)
  torch.ones_like(out, memory_format=torch.preserve_format)
/root/miniconda3/envs/llm_test/lib/python3.10/site-packages/torch/autograd/__init__.py:221: UserWarning: Cannot create tensor with interal format while allow_internel_format=False, tensor will be created with base format. (Triggered internally at build/CMakeFiles/torch_npu.dir/compiler_depend.ts:338.)
  torch.ones_like(out, memory_format=torch.preserve_format)
/root/miniconda3/envs/llm_test/lib/python3.10/site-packages/torch/autograd/__init__.py:221: UserWarning: Cannot create tensor with interal format while allow_internel_format=False, tensor will be created with base format. (Triggered internally at build/CMakeFiles/torch_npu.dir/compiler_depend.ts:338.)
  torch.ones_like(out, memory_format=torch.preserve_format)
/root/miniconda3/envs/llm_test/lib/python3.10/site-packages/torch/autograd/__init__.py:221: UserWarning: Cannot create tensor with interal format while allow_internel_format=False, tensor will be created with base format. (Triggered internally at build/CMakeFiles/torch_npu.dir/compiler_depend.ts:338.)
  torch.ones_like(out, memory_format=torch.preserve_format)
/root/miniconda3/envs/llm_test/lib/python3.10/site-packages/torch/autograd/__init__.py:221: UserWarning: Cannot create tensor with interal format while allow_internel_format=False, tensor will be created with base format. (Triggered internally at build/CMakeFiles/torch_npu.dir/compiler_depend.ts:338.)
  torch.ones_like(out, memory_format=torch.preserve_format)
/root/miniconda3/envs/llm_test/lib/python3.10/site-packages/torch/autograd/__init__.py:221: UserWarning: Cannot create tensor with interal format while allow_internel_format=False, tensor will be created with base format. (Triggered internally at build/CMakeFiles/torch_npu.dir/compiler_depend.ts:338.)
  torch.ones_like(out, memory_format=torch.preserve_format)
/root/miniconda3/envs/llm_test/lib/python3.10/site-packages/torch/autograd/__init__.py:221: UserWarning: Cannot create tensor with interal format while allow_internel_format=False, tensor will be created with base format. (Triggered internally at build/CMakeFiles/torch_npu.dir/compiler_depend.ts:338.)
  torch.ones_like(out, memory_format=torch.preserve_format)
/root/miniconda3/envs/llm_test/lib/python3.10/site-packages/torch/autograd/__init__.py:221: UserWarning: Cannot create tensor with interal format while allow_internel_format=False, tensor will be created with base format. (Triggered internally at build/CMakeFiles/torch_npu.dir/compiler_depend.ts:338.)
  torch.ones_like(out, memory_format=torch.preserve_format)
/root/miniconda3/envs/llm_test/lib/python3.10/site-packages/torch/autograd/__init__.py:221: UserWarning: Cannot create tensor with interal format while allow_internel_format=False, tensor will be created with base format. (Triggered internally at build/CMakeFiles/torch_npu.dir/compiler_depend.ts:338.)
  torch.ones_like(out, memory_format=torch.preserve_format)
using device: npu:1
using device: npu:10
/root/miniconda3/envs/llm_test/lib/python3.10/site-packages/torch/distributed/distributed_c10d.py:4631: UserWarning: No device id is provided via `init_process_group` or `barrier `. Using the current device set by the user. 
  warnings.warn(  # warn only once
/root/miniconda3/envs/llm_test/lib/python3.10/site-packages/torch/distributed/distributed_c10d.py:4631: UserWarning: No device id is provided via `init_process_group` or `barrier `. Using the current device set by the user. 
  warnings.warn(  # warn only once
using device: npu:7
using device: npu:8
/root/miniconda3/envs/llm_test/lib/python3.10/site-packages/torch/distributed/distributed_c10d.py:4631: UserWarning: No device id is provided via `init_process_group` or `barrier `. Using the current device set by the user. 
  warnings.warn(  # warn only once
using device: npu:15
using device: npu:5
using device: npu:11
using device: npu:4
/root/miniconda3/envs/llm_test/lib/python3.10/site-packages/torch/distributed/distributed_c10d.py:4631: UserWarning: No device id is provided via `init_process_group` or `barrier `. Using the current device set by the user. 
  warnings.warn(  # warn only once
/root/miniconda3/envs/llm_test/lib/python3.10/site-packages/torch/distributed/distributed_c10d.py:4631: UserWarning: No device id is provided via `init_process_group` or `barrier `. Using the current device set by the user. 
  warnings.warn(  # warn only once
/root/miniconda3/envs/llm_test/lib/python3.10/site-packages/torch/distributed/distributed_c10d.py:4631: UserWarning: No device id is provided via `init_process_group` or `barrier `. Using the current device set by the user. 
  warnings.warn(  # warn only once
/root/miniconda3/envs/llm_test/lib/python3.10/site-packages/torch/distributed/distributed_c10d.py:4631: UserWarning: No device id is provided via `init_process_group` or `barrier `. Using the current device set by the user. 
  warnings.warn(  # warn only once
using device: npu:2
/root/miniconda3/envs/llm_test/lib/python3.10/site-packages/torch/distributed/distributed_c10d.py:4631: UserWarning: No device id is provided via `init_process_group` or `barrier `. Using the current device set by the user. 
  warnings.warn(  # warn only once
/root/miniconda3/envs/llm_test/lib/python3.10/site-packages/torch/distributed/distributed_c10d.py:4631: UserWarning: No device id is provided via `init_process_group` or `barrier `. Using the current device set by the user. 
  warnings.warn(  # warn only once
using device: npu:3
/root/miniconda3/envs/llm_test/lib/python3.10/site-packages/torch/distributed/distributed_c10d.py:4631: UserWarning: No device id is provided via `init_process_group` or `barrier `. Using the current device set by the user. 
  warnings.warn(  # warn only once
using device: npu:13
using device: npu:9
/root/miniconda3/envs/llm_test/lib/python3.10/site-packages/torch/distributed/distributed_c10d.py:4631: UserWarning: No device id is provided via `init_process_group` or `barrier `. Using the current device set by the user. 
  warnings.warn(  # warn only once
/root/miniconda3/envs/llm_test/lib/python3.10/site-packages/torch/distributed/distributed_c10d.py:4631: UserWarning: No device id is provided via `init_process_group` or `barrier `. Using the current device set by the user. 
  warnings.warn(  # warn only once
/models/modded-nanogpt_record50_cautious_wd/npu_bench/record_017_sparsify_embeds/agent_outputs/default_agent/runs/seed_004
step:0/1490 val_loss:10.8258 train_time:0ms step_avg:nanms
step:125/1490 val_loss:4.3575 train_time:90405ms step_avg:786.13ms
step:250/1490 val_loss:3.9737 train_time:190033ms step_avg:791.80ms
step:375/1490 val_loss:3.8015 train_time:291401ms step_avg:798.36ms
step:500/1490 val_loss:3.6817 train_time:388171ms step_avg:792.19ms
step:625/1490 val_loss:3.6030 train_time:485956ms step_avg:790.17ms
step:750/1490 val_loss:3.5464 train_time:586652ms step_avg:792.77ms
step:875/1490 val_loss:3.5041 train_time:687982ms step_avg:795.36ms
step:1000/1490 val_loss:3.4433 train_time:787733ms step_avg:795.69ms
step:1125/1490 val_loss:3.3881 train_time:887779ms step_avg:796.21ms
step:1250/1490 val_loss:3.3400 train_time:987965ms step_avg:796.75ms
step:1375/1490 val_loss:3.2998 train_time:1088523ms step_avg:797.45ms
step:1490/1490 val_loss:3.2788 train_time:1182323ms step_avg:798.87ms
peak memory allocated: 45747 MiB reserved: 49366 MiB
total training time: 1182.32s (1182323ms)
Metrics saved to /models/modded-nanogpt_record50_cautious_wd/npu_bench/record_017_sparsify_embeds/agent_outputs/default_agent/runs/seed_004/metrics.json
 -           41                0    / 0             |
| 1     1                   | 0000:9F:00.0  | 0           0    / 0          3425 / 65536         |
+===========================+===============+====================================================+
| 1     Ascend910           | OK            | 168.7       42                0    / 0             |
| 0     2                   | 0000:99:00.0  | 0           0    / 0          3664 / 65536         |
+------------------------------------------------------------------------------------------------+
| 1     Ascend910           | OK            | -           41                0    / 0             |
| 1     3                   | 0000:9B:00.0  | 0           0    / 0          3424 / 65536         |
+===========================+===============+====================================================+
| 2     Ascend910           | OK            | 170.9       45                0    / 0             |
| 0     4                   | 0000:95:00.0  | 0           0    / 0          3669 / 65536         |
+------------------------------------------------------------------------------------------------+
| 2     Ascend910           | OK            | -           43                0    / 0             |
| 1     5                   | 0000:97:00.0  | 0           0    / 0          3424 / 65536         |
+===========================+===============+====================================================+
| 3     Ascend910           | OK            | 162.5       43                0    / 0             |
| 0     6                   | 0000:91:00.0  | 0           0    / 0          3654 / 65536         |
+------------------------------------------------------------------------------------------------+
| 3     Ascend910           | OK            | -           44                0    / 0             |
| 1     7                   | 0000:93:00.0  | 0           0    / 0          3435 / 65536         |
+===========================+===============+====================================================+
| 4     Ascend910           | OK            | 164.5       41                0    / 0             |
| 0     8                   | 0000:8D:00.0  | 0           0    / 0          3654 / 65536         |
+------------------------------------------------------------------------------------------------+
| 4     Ascend910           | OK            | -           41                0    / 0             |
| 1     9                   | 0000:8F:00.0  | 0           0    / 0          3437 / 65536         |
+===========================+===============+====================================================+
| 5     Ascend910           | OK            | 160.7       41                0    / 0             |
| 0     10                  | 0000:89:00.0  | 0           0    / 0          3653 / 65536         |
+------------------------------------------------------------------------------------------------+
| 5     Ascend910           | OK            | -           40                0    / 0             |
| 1     11                  | 0000:8B:00.0  | 0           0    / 0          3438 / 65536         |
+===========================+===============+====================================================+
| 6     Ascend910           | OK            | 165.3       44                0    / 0             |
| 0     12                  | 0000:85:00.0  | 0           0    / 0          3667 / 65536         |
+------------------------------------------------------------------------------------------------+
| 6     Ascend910           | OK            | -           43                0    / 0             |
| 1     13                  | 0000:87:00.0  | 0           0    / 0          3425 / 65536         |
+===========================+===============+====================================================+
| 7     Ascend910           | OK            | 162.8       43                0    / 0             |
| 0     14                  | 0000:81:00.0  | 0           0    / 0          3664 / 65536         |
+------------------------------------------------------------------------------------------------+
| 7     Ascend910           | OK            | -           43                0    / 0             |
| 1     15                  | 0000:83:00.0  | 0           0    / 0          3426 / 65536         |
+===========================+===============+====================================================+
+---------------------------+---------------+----------------------------------------------------+
| NPU     Chip              | Process id    | Process name             | Process memory(MB)      |
+===========================+===============+====================================================+
| 0       0                 | 794           | python3.10               | 599                     |
| 0       0                 | 795           | python3.10               | 116                     |
| 0       0                 | 796           | python3.10               | 116                     |
| 0       0                 | 797           | python3.10               | 116                     |
| 0       0                 | 798           | python3.10               | 116                     |
| 0       0                 | 799           | python3.10               | 116                     |
| 0       0                 | 800           | python3.10               | 116                     |
| 0       0                 | 801           | python3.10               | 116                     |
| 0       1                 | 795           | python3.10               | 599                     |
+===========================+===============+====================================================+
| 1       0                 | 796           | python3.10               | 599                     |
| 1       1                 | 797           | python3.10               | 599                     |
+===========================+===============+====================================================+
| 2       0                 | 798           | python3.10               | 599                     |
| 2       1                 | 799           | python3.10               | 599                     |
+===========================+===============+====================================================+
| 3       0                 | 800           | python3.10               | 599                     |
| 3       1                 | 801           | python3.10               | 599                     |
+===========================+===============+====================================================+
| 4       0                 | 802           | python3.10               | 599                     |
| 4       1                 | 803           | python3.10               | 599                     |
+===========================+===============+====================================================+
| 5       0                 | 804           | python3.10               | 599                     |
| 5       1                 | 805           | python3.10               | 599                     |
+===========================+===============+====================================================+
| 6       0                 | 806           | python3.10               | 599                     |
| 6       1                 | 807           | python3.10               | 599                     |
+===========================+===============+====================================================+
| 7       0                 | 808           | python3.10               | 599                     |
| 7       1                 | 809           | python3.10               | 599                     |
+===========================+===============+====================================================+

====================================================================================================
Grad accumulation steps: 1
Val steps: 10
Train batch tokens: 524288
====================================================================================================
step:0/1490 val_loss:10.8258 train_time:0ms step_avg:nanms
step:1/1490 train_time:7122ms step_avg:nanms
step:2/1490 train_time:8028ms step_avg:nanms
step:3/1490 train_time:8735ms step_avg:nanms
step:4/1490 train_time:9411ms step_avg:nanms
step:5/1490 train_time:10125ms step_avg:nanms
step:6/1490 train_time:10867ms step_avg:nanms
step:7/1490 train_time:12161ms step_avg:nanms
step:8/1490 train_time:13431ms step_avg:nanms
step:9/1490 train_time:14122ms step_avg:nanms
step:10/1490 train_time:14857ms step_avg:nanms
step:11/1490 train_time:732ms step_avg:nanms
step:12/1490 train_time:1494ms step_avg:nanms
step:13/1490 train_time:2136ms step_avg:711.95ms
step:14/1490 train_time:2851ms step_avg:712.74ms
step:15/1490 train_time:3532ms step_avg:706.49ms
step:16/1490 train_time:4228ms step_avg:704.73ms
step:17/1490 train_time:5218ms step_avg:745.44ms
step:18/1490 train_time:6215ms step_avg:776.94ms
step:19/1490 train_time:6868ms step_avg:763.13ms
step:20/1490 train_time:7566ms step_avg:756.65ms
step:21/1490 train_time:8482ms step_avg:771.11ms
step:22/1490 train_time:9173ms step_avg:764.40ms
step:23/1490 train_time:9845ms step_avg:757.30ms
step:24/1490 train_time:10692ms step_avg:763.73ms
step:25/1490 train_time:11528ms step_avg:768.51ms
step:26/1490 train_time:12211ms step_avg:763.21ms
step:27/1490 train_time:12950ms step_avg:761.79ms
step:28/1490 train_time:13733ms step_avg:762.97ms
step:29/1490 train_time:14700ms step_avg:773.69ms
step:30/1490 train_time:15421ms step_avg:771.05ms
step:31/1490 train_time:16306ms step_avg:776.47ms
step:32/1490 train_time:17169ms step_avg:780.40ms
step:33/1490 train_time:18010ms step_avg:783.02ms
step:34/1490 train_time:18690ms step_avg:778.77ms
step:35/1490 train_time:19546ms step_avg:781.84ms
step:36/1490 train_time:20529ms step_avg:789.59ms
step:37/1490 train_time:21155ms step_avg:783.51ms
step:38/1490 train_time:22103ms step_avg:789.41ms
step:39/1490 train_time:22739ms step_avg:784.12ms
step:40/1490 train_time:23467ms step_avg:782.22ms
step:41/1490 train_time:24118ms step_avg:777.99ms
step:42/1490 train_time:24832ms step_avg:775.99ms
step:43/1490 train_time:25595ms step_avg:775.62ms
step:44/1490 train_time:26395ms step_avg:776.34ms
step:45/1490 train_time:27175ms step_avg:776.42ms
step:46/1490 train_time:27822ms step_avg:772.84ms
step:47/1490 train_time:28696ms step_avg:775.58ms
step:48/1490 train_time:29640ms step_avg:780.00ms
step:49/1490 train_time:30836ms step_avg:790.66ms
step:50/1490 train_time:31651ms step_avg:791.28ms
step:51/1490 train_time:32307ms step_avg:787.98ms
step:52/1490 train_time:32947ms step_avg:784.45ms
step:53/1490 train_time:33763ms step_avg:785.19ms
step:54/1490 train_time:34413ms step_avg:782.10ms
step:55/1490 train_time:35125ms step_avg:780.55ms
step:56/1490 train_time:35786ms step_avg:777.96ms
step:57/1490 train_time:36582ms step_avg:778.34ms
step:58/1490 train_time:37197ms step_avg:774.94ms
step:59/1490 train_time:37864ms step_avg:772.73ms
step:60/1490 train_time:38562ms step_avg:771.23ms
step:61/1490 train_time:39829ms step_avg:780.96ms
step:62/1490 train_time:40723ms step_avg:783.14ms
step:63/1490 train_time:41815ms step_avg:788.96ms
step:64/1490 train_time:42463ms step_avg:786.35ms
step:65/1490 train_time:43164ms step_avg:784.79ms
step:66/1490 train_time:43817ms step_avg:782.44ms
step:67/1490 train_time:44777ms step_avg:785.56ms
step:68/1490 train_time:45615ms step_avg:786.47ms
step:69/1490 train_time:46639ms step_avg:790.49ms
step:70/1490 train_time:47487ms step_avg:791.46ms
step:71/1490 train_time:48160ms step_avg:789.51ms
step:72/1490 train_time:48845ms step_avg:787.82ms
step:73/1490 train_time:50166ms step_avg:796.28ms
step:74/1490 train_time:50935ms step_avg:795.86ms
step:75/1490 train_time:51814ms step_avg:797.13ms
step:76/1490 train_time:52543ms step_avg:796.10ms
step:77/1490 train_time:53231ms step_avg:794.49ms
step:78/1490 train_time:53982ms step_avg:793.86ms
step:79/1490 train_time:54669ms step_avg:792.31ms
step:80/1490 train_time:55455ms step_avg:792.22ms
step:81/1490 train_time:56171ms step_avg:791.14ms
step:82/1490 train_time:56824ms step_avg:789.22ms
step:83/1490 train_time:57794ms step_avg:791.70ms
step:84/1490 train_time:58450ms step_avg:789.86ms
step:85/1490 train_time:59228ms step_avg:789.70ms
step:86/1490 train_time:60164ms step_avg:791.64ms
step:87/1490 train_time:60878ms step_avg:790.63ms
step:88/1490 train_time:61656ms step_avg:790.46ms
step:89/1490 train_time:62404ms step_avg:789.92ms
step:90/1490 train_time:63260ms step_avg:790.75ms
step:91/1490 train_time:63940ms step_avg:789.39ms
step:92/1490 train_time:64662ms step_avg:788.56ms
step:93/1490 train_time:65390ms step_avg:787.83ms
step:94/1490 train_time:66188ms step_avg:787.95ms
step:95/1490 train_time:66939ms step_avg:787.52ms
step:96/1490 train_time:67836ms step_avg:788.79ms
step:97/1490 train_time:68704ms step_avg:789.70ms
step:98/1490 train_time:69468ms step_avg:789.41ms
step:99/1490 train_time:70312ms step_avg:790.02ms
step:100/1490 train_time:71169ms step_avg:790.77ms
step:101/1490 train_time:72077ms step_avg:792.05ms
step:102/1490 train_time:72853ms step_avg:791.88ms
step:103/1490 train_time:73694ms step_avg:792.41ms
step:104/1490 train_time:74360ms step_avg:791.07ms
step:105/1490 train_time:75072ms step_avg:790.23ms
step:106/1490 train_time:75749ms step_avg:789.05ms
step:107/1490 train_time:76465ms step_avg:788.30ms
step:108/1490 train_time:77197ms step_avg:787.72ms
step:109/1490 train_time:77898ms step_avg:786.85ms
step:110/1490 train_time:78610ms step_avg:786.10ms
step:111/1490 train_time:79284ms step_avg:784.99ms
step:112/1490 train_time:80277ms step_avg:787.03ms
step:113/1490 train_time:80947ms step_avg:785.89ms
step:114/1490 train_time:81714ms step_avg:785.71ms
step:115/1490 train_time:82515ms step_avg:785.86ms
step:116/1490 train_time:83206ms step_avg:784.96ms
step:117/1490 train_time:83949ms step_avg:784.57ms
step:118/1490 train_time:85158ms step_avg:788.50ms
step:119/1490 train_time:85856ms step_avg:787.67ms
step:120/1490 train_time:86483ms step_avg:786.21ms
step:121/1490 train_time:87173ms step_avg:785.34ms
step:122/1490 train_time:87974ms step_avg:785.48ms
step:123/1490 train_time:88664ms step_avg:784.64ms
step:124/1490 train_time:89532ms step_avg:785.37ms
step:125/1490 train_time:90401ms step_avg:786.10ms
step:125/1490 val_loss:4.3575 train_time:90405ms step_avg:786.13ms
step:126/1490 train_time:91233ms step_avg:786.49ms
step:127/1490 train_time:92020ms step_avg:786.50ms
step:128/1490 train_time:92775ms step_avg:786.23ms
step:129/1490 train_time:93478ms step_avg:785.53ms
step:130/1490 train_time:94415ms step_avg:786.79ms
step:131/1490 train_time:95077ms step_avg:785.76ms
step:132/1490 train_time:95726ms step_avg:784.64ms
step:133/1490 train_time:96621ms step_avg:785.54ms
step:134/1490 train_time:97300ms step_avg:784.68ms
step:135/1490 train_time:98124ms step_avg:784.99ms
step:136/1490 train_time:98841ms step_avg:784.45ms
step:137/1490 train_time:99552ms step_avg:783.88ms
step:138/1490 train_time:100344ms step_avg:783.93ms
step:139/1490 train_time:101077ms step_avg:783.54ms
step:140/1490 train_time:101705ms step_avg:782.35ms
step:141/1490 train_time:102349ms step_avg:781.29ms
step:142/1490 train_time:103131ms step_avg:781.30ms
step:143/1490 train_time:103843ms step_avg:780.77ms
step:144/1490 train_time:104646ms step_avg:780.94ms
step:145/1490 train_time:105565ms step_avg:781.96ms
step:146/1490 train_time:106349ms step_avg:781.98ms
step:147/1490 train_time:107026ms step_avg:781.21ms
step:148/1490 train_time:107728ms step_avg:780.64ms
step:149/1490 train_time:108486ms step_avg:780.48ms
step:150/1490 train_time:109156ms step_avg:779.69ms
step:151/1490 train_time:109785ms step_avg:778.61ms
step:152/1490 train_time:110621ms step_avg:779.02ms
step:153/1490 train_time:111438ms step_avg:779.28ms
step:154/1490 train_time:112085ms step_avg:778.37ms
step:155/1490 train_time:112772ms step_avg:777.73ms
step:156/1490 train_time:113661ms step_avg:778.50ms
step:157/1490 train_time:114384ms step_avg:778.12ms
step:158/1490 train_time:115068ms step_avg:777.49ms
step:159/1490 train_time:115747ms step_avg:776.82ms
step:160/1490 train_time:116939ms step_avg:779.60ms
step:161/1490 train_time:117597ms step_avg:778.79ms
step:162/1490 train_time:118921ms step_avg:782.37ms
step:163/1490 train_time:119735ms step_avg:782.58ms
step:164/1490 train_time:120476ms step_avg:782.31ms
step:165/1490 train_time:121148ms step_avg:781.60ms
step:166/1490 train_time:122014ms step_avg:782.14ms
step:167/1490 train_time:122680ms step_avg:781.40ms
step:168/1490 train_time:123538ms step_avg:781.89ms
step:169/1490 train_time:124178ms step_avg:780.99ms
step:170/1490 train_time:124928ms step_avg:780.80ms
step:171/1490 train_time:125626ms step_avg:780.28ms
step:172/1490 train_time:126457ms step_avg:780.60ms
step:173/1490 train_time:127223ms step_avg:780.51ms
step:174/1490 train_time:127881ms step_avg:779.76ms
step:175/1490 train_time:128616ms step_avg:779.49ms
step:176/1490 train_time:129370ms step_avg:779.34ms
step:177/1490 train_time:130333ms step_avg:780.44ms
step:178/1490 train_time:131042ms step_avg:780.01ms
step:179/1490 train_time:132106ms step_avg:781.69ms
step:180/1490 train_time:132768ms step_avg:780.99ms
step:181/1490 train_time:133750ms step_avg:782.16ms
step:182/1490 train_time:134527ms step_avg:782.13ms
step:183/1490 train_time:135608ms step_avg:783.86ms
step:184/1490 train_time:136250ms step_avg:783.05ms
step:185/1490 train_time:137696ms step_avg:786.84ms
step:186/1490 train_time:138418ms step_avg:786.47ms
step:187/1490 train_time:139266ms step_avg:786.82ms
step:188/1490 train_time:140055ms step_avg:786.83ms
step:189/1490 train_time:141126ms step_avg:788.41ms
step:190/1490 train_time:141772ms step_avg:787.62ms
step:191/1490 train_time:142485ms step_avg:787.21ms
step:192/1490 train_time:143613ms step_avg:789.08ms
step:193/1490 train_time:144303ms step_avg:788.54ms
step:194/1490 train_time:145331ms step_avg:789.84ms
step:195/1490 train_time:146026ms step_avg:789.33ms
step:196/1490 train_time:146857ms step_avg:789.55ms
step:197/1490 train_time:147581ms step_avg:789.20ms
step:198/1490 train_time:148289ms step_avg:788.77ms
step:199/1490 train_time:149107ms step_avg:788.92ms
step:200/1490 train_time:149973ms step_avg:789.33ms
step:201/1490 train_time:150753ms step_avg:789.28ms
step:202/1490 train_time:151439ms step_avg:788.74ms
step:203/1490 train_time:152453ms step_avg:789.91ms
step:204/1490 train_time:153503ms step_avg:791.25ms
step:205/1490 train_time:154413ms step_avg:791.86ms
step:206/1490 train_time:155203ms step_avg:791.85ms
step:207/1490 train_time:155956ms step_avg:791.65ms
step:208/1490 train_time:156664ms step_avg:791.23ms
step:209/1490 train_time:157450ms step_avg:791.20ms
step:210/1490 train_time:158156ms step_avg:790.78ms
step:211/1490 train_time:159047ms step_avg:791.28ms
step:212/1490 train_time:159704ms step_avg:790.61ms
step:213/1490 train_time:160477ms step_avg:790.53ms
step:214/1490 train_time:161179ms step_avg:790.09ms
step:215/1490 train_time:161915ms step_avg:789.83ms
step:216/1490 train_time:162583ms step_avg:789.24ms
step:217/1490 train_time:163294ms step_avg:788.86ms
step:218/1490 train_time:163994ms step_avg:788.43ms
step:219/1490 train_time:164820ms step_avg:788.61ms
step:220/1490 train_time:165591ms step_avg:788.53ms
step:221/1490 train_time:166345ms step_avg:788.36ms
step:222/1490 train_time:166948ms step_avg:787.49ms
step:223/1490 train_time:167810ms step_avg:787.84ms
step:224/1490 train_time:169092ms step_avg:790.15ms
step:225/1490 train_time:169894ms step_avg:790.21ms
step:226/1490 train_time:170615ms step_avg:789.88ms
step:227/1490 train_time:171519ms step_avg:790.41ms
step:228/1490 train_time:172355ms step_avg:790.62ms
step:229/1490 train_time:172977ms step_avg:789.85ms
step:230/1490 train_time:173840ms step_avg:790.18ms
step:231/1490 train_time:174646ms step_avg:790.26ms
step:232/1490 train_time:175331ms step_avg:789.78ms
step:233/1490 train_time:176033ms step_avg:789.39ms
step:234/1490 train_time:176698ms step_avg:788.83ms
step:235/1490 train_time:177374ms step_avg:788.33ms
step:236/1490 train_time:178407ms step_avg:789.41ms
step:237/1490 train_time:179190ms step_avg:789.38ms
step:238/1490 train_time:179888ms step_avg:788.98ms
step:239/1490 train_time:180505ms step_avg:788.23ms
step:240/1490 train_time:181304ms step_avg:788.28ms
step:241/1490 train_time:182407ms step_avg:789.64ms
step:242/1490 train_time:183194ms step_avg:789.63ms
step:243/1490 train_time:183950ms step_avg:789.48ms
step:244/1490 train_time:184658ms step_avg:789.14ms
step:245/1490 train_time:185374ms step_avg:788.82ms
step:246/1490 train_time:186212ms step_avg:789.04ms
step:247/1490 train_time:187559ms step_avg:791.39ms
step:248/1490 train_time:188222ms step_avg:790.85ms
step:249/1490 train_time:189319ms step_avg:792.13ms
step:250/1490 train_time:190028ms step_avg:791.79ms
step:250/1490 val_loss:3.9737 train_time:190033ms step_avg:791.80ms
step:251/1490 train_time:190976ms step_avg:792.43ms
step:252/1490 train_time:191658ms step_avg:791.97ms
step:253/1490 train_time:192500ms step_avg:792.18ms
step:254/1490 train_time:193262ms step_avg:792.06ms
step:255/1490 train_time:194145ms step_avg:792.43ms
step:256/1490 train_time:194888ms step_avg:792.23ms
step:257/1490 train_time:195583ms step_avg:791.83ms
step:258/1490 train_time:196270ms step_avg:791.41ms
step:259/1490 train_time:196904ms step_avg:790.78ms
step:260/1490 train_time:197595ms step_avg:790.38ms
step:261/1490 train_time:198255ms step_avg:789.86ms
step:262/1490 train_time:199359ms step_avg:791.11ms
step:263/1490 train_time:200136ms step_avg:791.05ms
step:264/1490 train_time:200974ms step_avg:791.24ms
step:265/1490 train_time:201562ms step_avg:790.44ms
step:266/1490 train_time:202224ms step_avg:789.94ms
step:267/1490 train_time:203030ms step_avg:790.00ms
step:268/1490 train_time:204274ms step_avg:791.76ms
step:269/1490 train_time:205470ms step_avg:793.32ms
step:270/1490 train_time:206213ms step_avg:793.13ms
step:271/1490 train_time:207294ms step_avg:794.23ms
step:272/1490 train_time:208067ms step_avg:794.15ms
step:273/1490 train_time:209067ms step_avg:794.93ms
step:274/1490 train_time:209812ms step_avg:794.74ms
step:275/1490 train_time:210502ms step_avg:794.35ms
step:276/1490 train_time:211237ms step_avg:794.12ms
step:277/1490 train_time:212005ms step_avg:794.03ms
step:278/1490 train_time:212864ms step_avg:794.27ms
step:279/1490 train_time:213481ms step_avg:793.61ms
step:280/1490 train_time:214152ms step_avg:793.16ms
step:281/1490 train_time:215014ms step_avg:793.41ms
step:282/1490 train_time:215729ms step_avg:793.12ms
step:283/1490 train_time:216403ms step_avg:792.68ms
step:284/1490 train_time:217100ms step_avg:792.34ms
step:285/1490 train_time:217813ms step_avg:792.05ms
step:286/1490 train_time:218907ms step_avg:793.14ms
step:287/1490 train_time:219591ms step_avg:792.75ms
step:288/1490 train_time:220323ms step_avg:792.53ms
step:289/1490 train_time:221010ms step_avg:792.15ms
step:290/1490 train_time:221692ms step_avg:791.76ms
step:291/1490 train_time:222655ms step_avg:792.36ms
step:292/1490 train_time:223466ms step_avg:792.43ms
step:293/1490 train_time:224115ms step_avg:791.93ms
step:294/1490 train_time:224810ms step_avg:791.59ms
step:295/1490 train_time:225510ms step_avg:791.26ms
step:296/1490 train_time:226348ms step_avg:791.43ms
step:297/1490 train_time:227156ms step_avg:791.48ms
step:298/1490 train_time:228029ms step_avg:791.77ms
step:299/1490 train_time:229125ms step_avg:792.82ms
step:300/1490 train_time:229780ms step_avg:792.34ms
step:301/1490 train_time:230475ms step_avg:792.01ms
step:302/1490 train_time:231124ms step_avg:791.52ms
step:303/1490 train_time:231888ms step_avg:791.43ms
step:304/1490 train_time:232695ms step_avg:791.48ms
step:305/1490 train_time:233370ms step_avg:791.08ms
step:306/1490 train_time:234743ms step_avg:793.05ms
step:307/1490 train_time:235374ms step_avg:792.51ms
step:308/1490 train_time:236097ms step_avg:792.27ms
step:309/1490 train_time:236830ms step_avg:792.07ms
step:310/1490 train_time:237613ms step_avg:792.04ms
step:311/1490 train_time:238517ms step_avg:792.42ms
step:312/1490 train_time:239390ms step_avg:792.68ms
step:313/1490 train_time:240193ms step_avg:792.72ms
step:314/1490 train_time:241574ms step_avg:794.65ms
step:315/1490 train_time:242325ms step_avg:794.51ms
step:316/1490 train_time:243036ms step_avg:794.24ms
step:317/1490 train_time:243948ms step_avg:794.62ms
step:318/1490 train_time:244721ms step_avg:794.55ms
step:319/1490 train_time:245397ms step_avg:794.17ms
step:320/1490 train_time:246036ms step_avg:793.66ms
step:321/1490 train_time:246703ms step_avg:793.26ms
step:322/1490 train_time:247461ms step_avg:793.14ms
step:323/1490 train_time:248401ms step_avg:793.61ms
step:324/1490 train_time:249129ms step_avg:793.40ms
step:325/1490 train_time:249930ms step_avg:793.43ms
step:326/1490 train_time:250645ms step_avg:793.18ms
step:327/1490 train_time:251279ms step_avg:792.68ms
step:328/1490 train_time:252256ms step_avg:793.26ms
step:329/1490 train_time:252895ms step_avg:792.77ms
step:330/1490 train_time:253733ms step_avg:792.92ms
step:331/1490 train_time:254430ms step_avg:792.62ms
step:332/1490 train_time:255139ms step_avg:792.36ms
step:333/1490 train_time:255918ms step_avg:792.32ms
step:334/1490 train_time:256846ms step_avg:792.73ms
step:335/1490 train_time:257550ms step_avg:792.46ms
step:336/1490 train_time:258243ms step_avg:792.16ms
step:337/1490 train_time:259066ms step_avg:792.25ms
step:338/1490 train_time:259761ms step_avg:791.95ms
step:339/1490 train_time:260658ms step_avg:792.27ms
step:340/1490 train_time:261359ms step_avg:792.00ms
step:341/1490 train_time:262199ms step_avg:792.14ms
step:342/1490 train_time:262989ms step_avg:792.13ms
step:343/1490 train_time:263869ms step_avg:792.40ms
step:344/1490 train_time:265301ms step_avg:794.31ms
step:345/1490 train_time:266075ms step_avg:794.25ms
step:346/1490 train_time:266822ms step_avg:794.11ms
step:347/1490 train_time:267477ms step_avg:793.70ms
step:348/1490 train_time:268655ms step_avg:794.84ms
step:349/1490 train_time:269448ms step_avg:794.83ms
step:350/1490 train_time:270207ms step_avg:794.73ms
step:351/1490 train_time:270915ms step_avg:794.47ms
step:352/1490 train_time:271606ms step_avg:794.17ms
step:353/1490 train_time:272338ms step_avg:793.99ms
step:354/1490 train_time:272992ms step_avg:793.58ms
step:355/1490 train_time:273605ms step_avg:793.06ms
step:356/1490 train_time:274445ms step_avg:793.19ms
step:357/1490 train_time:275203ms step_avg:793.09ms
step:358/1490 train_time:275905ms step_avg:792.83ms
step:359/1490 train_time:276577ms step_avg:792.48ms
step:360/1490 train_time:277609ms step_avg:793.17ms
step:361/1490 train_time:279065ms step_avg:795.06ms
step:362/1490 train_time:279705ms step_avg:794.62ms
step:363/1490 train_time:280477ms step_avg:794.55ms
step:364/1490 train_time:281136ms step_avg:794.17ms
step:365/1490 train_time:282061ms step_avg:794.54ms
step:366/1490 train_time:282809ms step_avg:794.41ms
step:367/1490 train_time:284129ms step_avg:795.88ms
step:368/1490 train_time:284844ms step_avg:795.65ms
step:369/1490 train_time:285543ms step_avg:795.38ms
step:370/1490 train_time:286492ms step_avg:795.81ms
step:371/1490 train_time:287277ms step_avg:795.78ms
step:372/1490 train_time:287985ms step_avg:795.54ms
step:373/1490 train_time:289073ms step_avg:796.34ms
step:374/1490 train_time:290452ms step_avg:797.95ms
step:375/1490 train_time:291397ms step_avg:798.35ms
step:375/1490 val_loss:3.8015 train_time:291401ms step_avg:798.36ms
step:376/1490 train_time:292171ms step_avg:798.28ms
step:377/1490 train_time:292818ms step_avg:797.87ms
step:378/1490 train_time:293586ms step_avg:797.79ms
step:379/1490 train_time:294250ms step_avg:797.43ms
step:380/1490 train_time:294977ms step_avg:797.23ms
step:381/1490 train_time:295659ms step_avg:796.92ms
step:382/1490 train_time:296274ms step_avg:796.44ms
step:383/1490 train_time:297248ms step_avg:796.91ms
step:384/1490 train_time:298064ms step_avg:796.96ms
step:385/1490 train_time:298768ms step_avg:796.72ms
step:386/1490 train_time:300137ms step_avg:798.24ms
step:387/1490 train_time:300901ms step_avg:798.15ms
step:388/1490 train_time:301676ms step_avg:798.08ms
step:389/1490 train_time:302316ms step_avg:797.67ms
step:390/1490 train_time:303438ms step_avg:798.52ms
step:391/1490 train_time:304217ms step_avg:798.47ms
step:392/1490 train_time:304829ms step_avg:797.98ms
step:393/1490 train_time:305606ms step_avg:797.93ms
step:394/1490 train_time:306293ms step_avg:797.64ms
step:395/1490 train_time:306981ms step_avg:797.35ms
step:396/1490 train_time:307734ms step_avg:797.24ms
step:397/1490 train_time:308369ms step_avg:796.82ms
step:398/1490 train_time:309365ms step_avg:797.33ms
step:399/1490 train_time:310046ms step_avg:797.03ms
step:400/1490 train_time:310729ms step_avg:796.74ms
step:401/1490 train_time:311526ms step_avg:796.74ms
step:402/1490 train_time:312515ms step_avg:797.23ms
step:403/1490 train_time:313115ms step_avg:796.73ms
step:404/1490 train_time:313865ms step_avg:796.61ms
step:405/1490 train_time:314649ms step_avg:796.58ms
step:406/1490 train_time:315320ms step_avg:796.26ms
step:407/1490 train_time:315994ms step_avg:795.95ms
step:408/1490 train_time:316821ms step_avg:796.03ms
step:409/1490 train_time:317538ms step_avg:795.83ms
step:410/1490 train_time:318181ms step_avg:795.45ms
step:411/1490 train_time:319051ms step_avg:795.64ms
step:412/1490 train_time:319852ms step_avg:795.65ms
step:413/1490 train_time:320700ms step_avg:795.78ms
step:414/1490 train_time:321331ms step_avg:795.37ms
step:415/1490 train_time:322068ms step_avg:795.23ms
step:416/1490 train_time:322824ms step_avg:795.13ms
step:417/1490 train_time:323496ms step_avg:794.83ms
step:418/1490 train_time:324230ms step_avg:794.68ms
step:419/1490 train_time:324951ms step_avg:794.50ms
step:420/1490 train_time:325941ms step_avg:794.98ms
step:421/1490 train_time:326789ms step_avg:795.11ms
step:422/1490 train_time:327450ms step_avg:794.78ms
step:423/1490 train_time:328112ms step_avg:794.46ms
step:424/1490 train_time:328840ms step_avg:794.30ms
step:425/1490 train_time:329457ms step_avg:793.87ms
step:426/1490 train_time:330309ms step_avg:794.01ms
step:427/1490 train_time:331088ms step_avg:793.98ms
step:428/1490 train_time:331873ms step_avg:793.95ms
step:429/1490 train_time:332754ms step_avg:794.16ms
step:430/1490 train_time:333514ms step_avg:794.08ms
step:431/1490 train_time:334893ms step_avg:795.47ms
step:432/1490 train_time:335757ms step_avg:795.63ms
step:433/1490 train_time:336439ms step_avg:795.36ms
step:434/1490 train_time:337593ms step_avg:796.21ms
step:435/1490 train_time:338384ms step_avg:796.20ms
step:436/1490 train_time:339094ms step_avg:795.99ms
step:437/1490 train_time:339764ms step_avg:795.70ms
step:438/1490 train_time:340462ms step_avg:795.47ms
step:439/1490 train_time:341157ms step_avg:795.24ms
step:440/1490 train_time:341904ms step_avg:795.12ms
step:441/1490 train_time:342904ms step_avg:795.60ms
step:442/1490 train_time:343754ms step_avg:795.73ms
step:443/1490 train_time:344516ms step_avg:795.65ms
step:444/1490 train_time:345243ms step_avg:795.49ms
step:445/1490 train_time:345859ms step_avg:795.08ms
step:446/1490 train_time:346628ms step_avg:795.02ms
step:447/1490 train_time:347474ms step_avg:795.13ms
step:448/1490 train_time:348172ms step_avg:794.91ms
step:449/1490 train_time:348799ms step_avg:794.53ms
step:450/1490 train_time:349417ms step_avg:794.13ms
step:451/1490 train_time:350217ms step_avg:794.14ms
step:452/1490 train_time:350841ms step_avg:793.76ms
step:453/1490 train_time:351500ms step_avg:793.45ms
step:454/1490 train_time:352382ms step_avg:793.65ms
step:455/1490 train_time:353075ms step_avg:793.43ms
step:456/1490 train_time:353848ms step_avg:793.38ms
step:457/1490 train_time:354531ms step_avg:793.13ms
step:458/1490 train_time:355210ms step_avg:792.88ms
step:459/1490 train_time:355964ms step_avg:792.79ms
step:460/1490 train_time:357075ms step_avg:793.50ms
step:461/1490 train_time:357738ms step_avg:793.21ms
step:462/1490 train_time:358552ms step_avg:793.26ms
step:463/1490 train_time:359307ms step_avg:793.17ms
step:464/1490 train_time:360071ms step_avg:793.11ms
step:465/1490 train_time:360914ms step_avg:793.22ms
step:466/1490 train_time:361543ms step_avg:792.86ms
step:467/1490 train_time:362279ms step_avg:792.73ms
step:468/1490 train_time:362930ms step_avg:792.42ms
step:469/1490 train_time:363801ms step_avg:792.59ms
step:470/1490 train_time:364639ms step_avg:792.69ms
step:471/1490 train_time:365230ms step_avg:792.26ms
step:472/1490 train_time:366270ms step_avg:792.79ms
step:473/1490 train_time:367191ms step_avg:793.07ms
step:474/1490 train_time:367899ms step_avg:792.89ms
step:475/1490 train_time:368805ms step_avg:793.13ms
step:476/1490 train_time:369543ms step_avg:793.01ms
step:477/1490 train_time:370315ms step_avg:792.97ms
step:478/1490 train_time:371274ms step_avg:793.32ms
step:479/1490 train_time:372026ms step_avg:793.23ms
step:480/1490 train_time:372803ms step_avg:793.20ms
step:481/1490 train_time:373465ms step_avg:792.92ms
step:482/1490 train_time:374235ms step_avg:792.87ms
step:483/1490 train_time:374919ms step_avg:792.64ms
step:484/1490 train_time:375604ms step_avg:792.41ms
step:485/1490 train_time:376290ms step_avg:792.19ms
step:486/1490 train_time:377160ms step_avg:792.35ms
step:487/1490 train_time:377940ms step_avg:792.33ms
step:488/1490 train_time:378630ms step_avg:792.11ms
step:489/1490 train_time:379526ms step_avg:792.33ms
step:490/1490 train_time:380624ms step_avg:792.97ms
step:491/1490 train_time:381560ms step_avg:793.26ms
step:492/1490 train_time:382266ms step_avg:793.08ms
step:493/1490 train_time:382989ms step_avg:792.94ms
step:494/1490 train_time:383864ms step_avg:793.11ms
step:495/1490 train_time:384542ms step_avg:792.87ms
step:496/1490 train_time:385214ms step_avg:792.62ms
step:497/1490 train_time:385968ms step_avg:792.54ms
step:498/1490 train_time:386772ms step_avg:792.57ms
step:499/1490 train_time:387470ms step_avg:792.37ms
step:500/1490 train_time:388170ms step_avg:792.18ms
step:500/1490 val_loss:3.6817 train_time:388171ms step_avg:792.19ms
step:501/1490 train_time:389122ms step_avg:792.51ms
step:502/1490 train_time:389837ms step_avg:792.35ms
step:503/1490 train_time:390758ms step_avg:792.61ms
step:504/1490 train_time:391489ms step_avg:792.49ms
step:505/1490 train_time:392316ms step_avg:792.56ms
step:506/1490 train_time:392999ms step_avg:792.34ms
step:507/1490 train_time:393757ms step_avg:792.27ms
step:508/1490 train_time:394721ms step_avg:792.61ms
step:509/1490 train_time:395529ms step_avg:792.64ms
step:510/1490 train_time:396774ms step_avg:793.55ms
step:511/1490 train_time:397456ms step_avg:793.32ms
step:512/1490 train_time:398140ms step_avg:793.11ms
step:513/1490 train_time:398851ms step_avg:792.94ms
step:514/1490 train_time:399583ms step_avg:792.82ms
step:515/1490 train_time:400418ms step_avg:792.91ms
step:516/1490 train_time:401186ms step_avg:792.86ms
step:517/1490 train_time:401839ms step_avg:792.58ms
step:518/1490 train_time:403085ms step_avg:793.48ms
step:519/1490 train_time:404046ms step_avg:793.80ms
step:520/1490 train_time:404685ms step_avg:793.50ms
step:521/1490 train_time:405379ms step_avg:793.31ms
step:522/1490 train_time:406167ms step_avg:793.29ms
step:523/1490 train_time:406858ms step_avg:793.10ms
step:524/1490 train_time:408019ms step_avg:793.81ms
step:525/1490 train_time:408684ms step_avg:793.56ms
step:526/1490 train_time:409453ms step_avg:793.51ms
step:527/1490 train_time:410193ms step_avg:793.41ms
step:528/1490 train_time:410962ms step_avg:793.36ms
step:529/1490 train_time:411736ms step_avg:793.33ms
step:530/1490 train_time:412455ms step_avg:793.18ms
step:531/1490 train_time:413261ms step_avg:793.21ms
step:532/1490 train_time:413977ms step_avg:793.06ms
step:533/1490 train_time:414701ms step_avg:792.93ms
step:534/1490 train_time:415352ms step_avg:792.66ms
step:535/1490 train_time:416014ms step_avg:792.41ms
step:536/1490 train_time:416670ms step_avg:792.15ms
step:537/1490 train_time:417330ms step_avg:791.90ms
step:538/1490 train_time:418012ms step_avg:791.69ms
step:539/1490 train_time:418749ms step_avg:791.59ms
step:540/1490 train_time:419446ms step_avg:791.41ms
step:541/1490 train_time:420498ms step_avg:791.90ms
step:542/1490 train_time:421382ms step_avg:792.07ms
step:543/1490 train_time:422089ms step_avg:791.91ms
step:544/1490 train_time:422832ms step_avg:791.82ms
step:545/1490 train_time:423544ms step_avg:791.67ms
step:546/1490 train_time:424242ms step_avg:791.50ms
step:547/1490 train_time:425521ms step_avg:792.40ms
step:548/1490 train_time:426610ms step_avg:792.96ms
step:549/1490 train_time:427415ms step_avg:792.98ms
step:550/1490 train_time:428066ms step_avg:792.71ms
step:551/1490 train_time:428754ms step_avg:792.52ms
step:552/1490 train_time:429469ms step_avg:792.38ms
step:553/1490 train_time:430141ms step_avg:792.16ms
step:554/1490 train_time:430770ms step_avg:791.86ms
step:555/1490 train_time:431563ms step_avg:791.86ms
step:556/1490 train_time:432275ms step_avg:791.71ms
step:557/1490 train_time:432895ms step_avg:791.40ms
step:558/1490 train_time:433612ms step_avg:791.26ms
step:559/1490 train_time:434287ms step_avg:791.05ms
step:560/1490 train_time:435052ms step_avg:791.00ms
step:561/1490 train_time:435904ms step_avg:791.11ms
step:562/1490 train_time:436576ms step_avg:790.90ms
step:563/1490 train_time:437212ms step_avg:790.62ms
step:564/1490 train_time:438103ms step_avg:790.80ms
step:565/1490 train_time:438999ms step_avg:790.99ms
step:566/1490 train_time:439898ms step_avg:791.18ms
step:567/1490 train_time:440619ms step_avg:791.06ms
step:568/1490 train_time:441378ms step_avg:791.00ms
step:569/1490 train_time:442387ms step_avg:791.39ms
step:570/1490 train_time:443280ms step_avg:791.57ms
step:571/1490 train_time:443978ms step_avg:791.40ms
step:572/1490 train_time:444827ms step_avg:791.51ms
step:573/1490 train_time:445577ms step_avg:791.43ms
step:574/1490 train_time:446300ms step_avg:791.31ms
step:575/1490 train_time:447061ms step_avg:791.26ms
step:576/1490 train_time:447695ms step_avg:790.98ms
step:577/1490 train_time:448476ms step_avg:790.96ms
step:578/1490 train_time:449244ms step_avg:790.92ms
step:579/1490 train_time:450006ms step_avg:790.87ms
step:580/1490 train_time:450702ms step_avg:790.71ms
step:581/1490 train_time:451355ms step_avg:790.46ms
step:582/1490 train_time:452347ms step_avg:790.82ms
step:583/1490 train_time:452995ms step_avg:790.57ms
step:584/1490 train_time:453699ms step_avg:790.42ms
step:585/1490 train_time:454407ms step_avg:790.27ms
step:586/1490 train_time:455170ms step_avg:790.23ms
step:587/1490 train_time:455840ms step_avg:790.02ms
step:588/1490 train_time:456578ms step_avg:789.93ms
step:589/1490 train_time:457282ms step_avg:789.78ms
step:590/1490 train_time:458004ms step_avg:789.66ms
step:591/1490 train_time:458688ms step_avg:789.48ms
step:592/1490 train_time:459430ms step_avg:789.40ms
step:593/1490 train_time:460113ms step_avg:789.22ms
step:594/1490 train_time:460853ms step_avg:789.13ms
step:595/1490 train_time:461611ms step_avg:789.08ms
step:596/1490 train_time:462345ms step_avg:788.99ms
step:597/1490 train_time:463211ms step_avg:789.12ms
step:598/1490 train_time:463841ms step_avg:788.85ms
step:599/1490 train_time:465033ms step_avg:789.53ms
step:600/1490 train_time:465880ms step_avg:789.63ms
step:601/1490 train_time:466866ms step_avg:789.96ms
step:602/1490 train_time:467590ms step_avg:789.85ms
step:603/1490 train_time:468290ms step_avg:789.70ms
step:604/1490 train_time:468956ms step_avg:789.49ms
step:605/1490 train_time:469660ms step_avg:789.34ms
step:606/1490 train_time:470312ms step_avg:789.11ms
step:607/1490 train_time:471146ms step_avg:789.19ms
step:608/1490 train_time:472528ms step_avg:790.18ms
step:609/1490 train_time:473223ms step_avg:790.02ms
step:610/1490 train_time:473996ms step_avg:789.99ms
step:611/1490 train_time:474635ms step_avg:789.74ms
step:612/1490 train_time:475317ms step_avg:789.56ms
step:613/1490 train_time:476439ms step_avg:790.11ms
step:614/1490 train_time:477412ms step_avg:790.42ms
step:615/1490 train_time:478338ms step_avg:790.64ms
step:616/1490 train_time:478966ms step_avg:790.37ms
step:617/1490 train_time:479721ms step_avg:790.31ms
step:618/1490 train_time:480446ms step_avg:790.21ms
step:619/1490 train_time:481065ms step_avg:789.93ms
step:620/1490 train_time:482259ms step_avg:790.59ms
step:621/1490 train_time:482975ms step_avg:790.47ms
step:622/1490 train_time:483728ms step_avg:790.41ms
step:623/1490 train_time:484514ms step_avg:790.40ms
step:624/1490 train_time:485225ms step_avg:790.27ms
step:625/1490 train_time:485952ms step_avg:790.17ms
step:625/1490 val_loss:3.6030 train_time:485956ms step_avg:790.17ms
step:626/1490 train_time:486736ms step_avg:790.16ms
step:627/1490 train_time:487550ms step_avg:790.19ms
step:628/1490 train_time:488208ms step_avg:789.98ms
step:629/1490 train_time:489097ms step_avg:790.14ms
step:630/1490 train_time:489927ms step_avg:790.20ms
step:631/1490 train_time:490769ms step_avg:790.29ms
step:632/1490 train_time:491514ms step_avg:790.22ms
step:633/1490 train_time:492281ms step_avg:790.18ms
step:634/1490 train_time:492965ms step_avg:790.01ms
step:635/1490 train_time:493772ms step_avg:790.04ms
step:636/1490 train_time:494430ms step_avg:789.82ms
step:637/1490 train_time:495120ms step_avg:789.67ms
step:638/1490 train_time:495993ms step_avg:789.80ms
step:639/1490 train_time:496738ms step_avg:789.73ms
step:640/1490 train_time:497593ms step_avg:789.83ms
step:641/1490 train_time:498370ms step_avg:789.81ms
step:642/1490 train_time:499009ms step_avg:789.57ms
step:643/1490 train_time:500130ms step_avg:790.10ms
step:644/1490 train_time:500848ms step_avg:789.98ms
step:645/1490 train_time:501869ms step_avg:790.34ms
step:646/1490 train_time:503318ms step_avg:791.38ms
step:647/1490 train_time:504010ms step_avg:791.22ms
step:648/1490 train_time:504669ms step_avg:791.02ms
step:649/1490 train_time:505559ms step_avg:791.17ms
step:650/1490 train_time:506186ms step_avg:790.92ms
step:651/1490 train_time:507174ms step_avg:791.22ms
step:652/1490 train_time:507908ms step_avg:791.13ms
step:653/1490 train_time:508756ms step_avg:791.22ms
step:654/1490 train_time:509596ms step_avg:791.30ms
step:655/1490 train_time:510246ms step_avg:791.08ms
step:656/1490 train_time:511091ms step_avg:791.16ms
step:657/1490 train_time:511739ms step_avg:790.94ms
step:658/1490 train_time:513011ms step_avg:791.68ms
step:659/1490 train_time:513704ms step_avg:791.53ms
step:660/1490 train_time:514623ms step_avg:791.73ms
step:661/1490 train_time:515334ms step_avg:791.60ms
step:662/1490 train_time:515970ms step_avg:791.37ms
step:663/1490 train_time:516657ms step_avg:791.21ms
step:664/1490 train_time:517363ms step_avg:791.07ms
step:665/1490 train_time:517986ms step_avg:790.82ms
step:666/1490 train_time:518750ms step_avg:790.78ms
step:667/1490 train_time:519481ms step_avg:790.69ms
step:668/1490 train_time:520153ms step_avg:790.51ms
step:669/1490 train_time:520972ms step_avg:790.55ms
step:670/1490 train_time:521719ms step_avg:790.48ms
step:671/1490 train_time:522568ms step_avg:790.57ms
step:672/1490 train_time:523381ms step_avg:790.61ms
step:673/1490 train_time:524219ms step_avg:790.68ms
step:674/1490 train_time:524973ms step_avg:790.62ms
step:675/1490 train_time:526414ms step_avg:791.60ms
step:676/1490 train_time:527053ms step_avg:791.37ms
step:677/1490 train_time:528050ms step_avg:791.68ms
step:678/1490 train_time:528731ms step_avg:791.51ms
step:679/1490 train_time:529469ms step_avg:791.43ms
step:680/1490 train_time:530182ms step_avg:791.32ms
step:681/1490 train_time:530957ms step_avg:791.29ms
step:682/1490 train_time:531658ms step_avg:791.16ms
step:683/1490 train_time:532325ms step_avg:790.97ms
step:684/1490 train_time:533133ms step_avg:791.00ms
step:685/1490 train_time:534189ms step_avg:791.39ms
step:686/1490 train_time:534837ms step_avg:791.18ms
step:687/1490 train_time:535500ms step_avg:790.99ms
step:688/1490 train_time:536150ms step_avg:790.78ms
step:689/1490 train_time:536904ms step_avg:790.73ms
step:690/1490 train_time:537736ms step_avg:790.79ms
step:691/1490 train_time:538509ms step_avg:790.76ms
step:692/1490 train_time:539445ms step_avg:790.97ms
step:693/1490 train_time:540210ms step_avg:790.94ms
step:694/1490 train_time:541558ms step_avg:791.75ms
step:695/1490 train_time:542328ms step_avg:791.72ms
step:696/1490 train_time:543167ms step_avg:791.79ms
step:697/1490 train_time:544001ms step_avg:791.85ms
step:698/1490 train_time:544789ms step_avg:791.84ms
step:699/1490 train_time:545450ms step_avg:791.65ms
step:700/1490 train_time:546106ms step_avg:791.46ms
step:701/1490 train_time:546735ms step_avg:791.22ms
step:702/1490 train_time:547488ms step_avg:791.17ms
step:703/1490 train_time:548300ms step_avg:791.20ms
step:704/1490 train_time:549089ms step_avg:791.19ms
step:705/1490 train_time:549996ms step_avg:791.36ms
step:706/1490 train_time:550679ms step_avg:791.21ms
step:707/1490 train_time:551347ms step_avg:791.03ms
step:708/1490 train_time:552013ms step_avg:790.85ms
step:709/1490 train_time:553059ms step_avg:791.21ms
step:710/1490 train_time:553958ms step_avg:791.37ms
step:711/1490 train_time:554769ms step_avg:791.40ms
step:712/1490 train_time:555974ms step_avg:791.99ms
step:713/1490 train_time:556904ms step_avg:792.18ms
step:714/1490 train_time:557676ms step_avg:792.15ms
step:715/1490 train_time:558293ms step_avg:791.90ms
step:716/1490 train_time:559190ms step_avg:792.05ms
step:717/1490 train_time:560045ms step_avg:792.14ms
step:718/1490 train_time:560737ms step_avg:792.00ms
step:719/1490 train_time:561500ms step_avg:791.96ms
step:720/1490 train_time:562493ms step_avg:792.24ms
step:721/1490 train_time:563190ms step_avg:792.11ms
step:722/1490 train_time:563935ms step_avg:792.04ms
step:723/1490 train_time:564587ms step_avg:791.85ms
step:724/1490 train_time:565376ms step_avg:791.84ms
step:725/1490 train_time:566221ms step_avg:791.92ms
step:726/1490 train_time:567004ms step_avg:791.91ms
step:727/1490 train_time:567919ms step_avg:792.08ms
step:728/1490 train_time:568718ms step_avg:792.09ms
step:729/1490 train_time:569584ms step_avg:792.19ms
step:730/1490 train_time:570385ms step_avg:792.20ms
step:731/1490 train_time:571144ms step_avg:792.16ms
step:732/1490 train_time:572099ms step_avg:792.38ms
step:733/1490 train_time:572884ms step_avg:792.37ms
step:734/1490 train_time:573756ms step_avg:792.48ms
step:735/1490 train_time:574603ms step_avg:792.56ms
step:736/1490 train_time:575251ms step_avg:792.36ms
step:737/1490 train_time:575962ms step_avg:792.25ms
step:738/1490 train_time:576959ms step_avg:792.53ms
step:739/1490 train_time:578080ms step_avg:792.98ms
step:740/1490 train_time:578820ms step_avg:792.90ms
step:741/1490 train_time:579837ms step_avg:793.21ms
step:742/1490 train_time:580529ms step_avg:793.07ms
step:743/1490 train_time:581225ms step_avg:792.94ms
step:744/1490 train_time:581869ms step_avg:792.74ms
step:745/1490 train_time:582771ms step_avg:792.89ms
step:746/1490 train_time:583613ms step_avg:792.95ms
step:747/1490 train_time:584317ms step_avg:792.83ms
step:748/1490 train_time:585158ms step_avg:792.90ms
step:749/1490 train_time:585936ms step_avg:792.88ms
step:750/1490 train_time:586648ms step_avg:792.77ms
step:750/1490 val_loss:3.5464 train_time:586652ms step_avg:792.77ms
step:751/1490 train_time:587482ms step_avg:792.82ms
step:752/1490 train_time:588168ms step_avg:792.68ms
step:753/1490 train_time:588945ms step_avg:792.66ms
step:754/1490 train_time:589576ms step_avg:792.44ms
step:755/1490 train_time:590191ms step_avg:792.20ms
step:756/1490 train_time:590996ms step_avg:792.22ms
step:757/1490 train_time:592416ms step_avg:793.06ms
step:758/1490 train_time:593170ms step_avg:793.01ms
step:759/1490 train_time:593922ms step_avg:792.95ms
step:760/1490 train_time:594753ms step_avg:793.00ms
step:761/1490 train_time:595927ms step_avg:793.51ms
step:762/1490 train_time:597001ms step_avg:793.88ms
step:763/1490 train_time:597763ms step_avg:793.84ms
step:764/1490 train_time:598457ms step_avg:793.71ms
step:765/1490 train_time:599199ms step_avg:793.64ms
step:766/1490 train_time:599929ms step_avg:793.56ms
step:767/1490 train_time:600639ms step_avg:793.45ms
step:768/1490 train_time:601364ms step_avg:793.36ms
step:769/1490 train_time:602118ms step_avg:793.30ms
step:770/1490 train_time:602843ms step_avg:793.22ms
step:771/1490 train_time:603575ms step_avg:793.13ms
step:772/1490 train_time:604571ms step_avg:793.40ms
step:773/1490 train_time:605273ms step_avg:793.28ms
step:774/1490 train_time:606098ms step_avg:793.32ms
step:775/1490 train_time:606866ms step_avg:793.29ms
step:776/1490 train_time:607614ms step_avg:793.23ms
step:777/1490 train_time:608232ms step_avg:793.00ms
step:778/1490 train_time:609090ms step_avg:793.09ms
step:779/1490 train_time:609861ms step_avg:793.06ms
step:780/1490 train_time:610611ms step_avg:793.00ms
step:781/1490 train_time:611268ms step_avg:792.82ms
step:782/1490 train_time:612636ms step_avg:793.57ms
step:783/1490 train_time:613681ms step_avg:793.90ms
step:784/1490 train_time:614339ms step_avg:793.72ms
step:785/1490 train_time:615012ms step_avg:793.56ms
step:786/1490 train_time:615612ms step_avg:793.31ms
step:787/1490 train_time:616281ms step_avg:793.15ms
step:788/1490 train_time:617131ms step_avg:793.23ms
step:789/1490 train_time:617903ms step_avg:793.20ms
step:790/1490 train_time:618698ms step_avg:793.20ms
step:791/1490 train_time:619540ms step_avg:793.27ms
step:792/1490 train_time:620418ms step_avg:793.37ms
step:793/1490 train_time:621132ms step_avg:793.27ms
step:794/1490 train_time:621861ms step_avg:793.19ms
step:795/1490 train_time:623107ms step_avg:793.77ms
step:796/1490 train_time:623738ms step_avg:793.56ms
step:797/1490 train_time:624450ms step_avg:793.46ms
step:798/1490 train_time:625830ms step_avg:794.20ms
step:799/1490 train_time:627252ms step_avg:795.00ms
step:800/1490 train_time:628042ms step_avg:794.99ms
step:801/1490 train_time:628765ms step_avg:794.90ms
step:802/1490 train_time:629521ms step_avg:794.85ms
step:803/1490 train_time:630224ms step_avg:794.73ms
step:804/1490 train_time:631085ms step_avg:794.82ms
step:805/1490 train_time:631778ms step_avg:794.69ms
step:806/1490 train_time:632592ms step_avg:794.71ms
step:807/1490 train_time:633306ms step_avg:794.61ms
step:808/1490 train_time:633987ms step_avg:794.47ms
step:809/1490 train_time:634900ms step_avg:794.62ms
step:810/1490 train_time:635651ms step_avg:794.56ms
step:811/1490 train_time:636341ms step_avg:794.43ms
step:812/1490 train_time:637218ms step_avg:794.54ms
step:813/1490 train_time:638137ms step_avg:794.69ms
step:814/1490 train_time:638814ms step_avg:794.55ms
step:815/1490 train_time:639545ms step_avg:794.47ms
step:816/1490 train_time:640292ms step_avg:794.41ms
step:817/1490 train_time:641415ms step_avg:794.81ms
step:818/1490 train_time:642034ms step_avg:794.60ms
step:819/1490 train_time:642762ms step_avg:794.51ms
step:820/1490 train_time:643834ms step_avg:794.86ms
step:821/1490 train_time:644548ms step_avg:794.76ms
step:822/1490 train_time:645211ms step_avg:794.59ms
step:823/1490 train_time:646065ms step_avg:794.67ms
step:824/1490 train_time:647185ms step_avg:795.07ms
step:825/1490 train_time:647884ms step_avg:794.95ms
step:826/1490 train_time:648662ms step_avg:794.93ms
step:827/1490 train_time:649358ms step_avg:794.81ms
step:828/1490 train_time:650023ms step_avg:794.65ms
step:829/1490 train_time:650667ms step_avg:794.47ms
step:830/1490 train_time:651411ms step_avg:794.40ms
step:831/1490 train_time:652415ms step_avg:794.66ms
step:832/1490 train_time:653155ms step_avg:794.59ms
step:833/1490 train_time:653800ms step_avg:794.41ms
step:834/1490 train_time:654739ms step_avg:794.59ms
step:835/1490 train_time:655482ms step_avg:794.52ms
step:836/1490 train_time:656182ms step_avg:794.41ms
step:837/1490 train_time:656927ms step_avg:794.35ms
step:838/1490 train_time:657739ms step_avg:794.37ms
step:839/1490 train_time:658569ms step_avg:794.41ms
step:840/1490 train_time:659224ms step_avg:794.25ms
step:841/1490 train_time:659925ms step_avg:794.13ms
step:842/1490 train_time:660561ms step_avg:793.94ms
step:843/1490 train_time:661275ms step_avg:793.85ms
step:844/1490 train_time:662007ms step_avg:793.77ms
step:845/1490 train_time:662724ms step_avg:793.68ms
step:846/1490 train_time:663663ms step_avg:793.86ms
step:847/1490 train_time:664751ms step_avg:794.21ms
step:848/1490 train_time:665661ms step_avg:794.34ms
step:849/1490 train_time:666994ms step_avg:794.99ms
step:850/1490 train_time:667628ms step_avg:794.79ms
step:851/1490 train_time:668447ms step_avg:794.82ms
step:852/1490 train_time:669183ms step_avg:794.75ms
step:853/1490 train_time:669901ms step_avg:794.66ms
step:854/1490 train_time:670538ms step_avg:794.48ms
step:855/1490 train_time:671853ms step_avg:795.09ms
step:856/1490 train_time:672536ms step_avg:794.96ms
step:857/1490 train_time:673416ms step_avg:795.06ms
step:858/1490 train_time:674263ms step_avg:795.12ms
step:859/1490 train_time:675302ms step_avg:795.41ms
step:860/1490 train_time:675926ms step_avg:795.21ms
step:861/1490 train_time:676933ms step_avg:795.46ms
step:862/1490 train_time:677569ms step_avg:795.27ms
step:863/1490 train_time:678899ms step_avg:795.90ms
step:864/1490 train_time:679598ms step_avg:795.78ms
step:865/1490 train_time:680317ms step_avg:795.69ms
step:866/1490 train_time:681095ms step_avg:795.67ms
step:867/1490 train_time:682028ms step_avg:795.83ms
step:868/1490 train_time:682805ms step_avg:795.81ms
step:869/1490 train_time:683500ms step_avg:795.69ms
step:870/1490 train_time:684318ms step_avg:795.72ms
step:871/1490 train_time:684956ms step_avg:795.53ms
step:872/1490 train_time:685730ms step_avg:795.51ms
step:873/1490 train_time:686496ms step_avg:795.48ms
step:874/1490 train_time:687300ms step_avg:795.49ms
step:875/1490 train_time:687978ms step_avg:795.35ms
step:875/1490 val_loss:3.5041 train_time:687982ms step_avg:795.36ms
step:876/1490 train_time:688952ms step_avg:795.56ms
step:877/1490 train_time:689996ms step_avg:795.84ms
step:878/1490 train_time:690998ms step_avg:796.08ms
step:879/1490 train_time:692018ms step_avg:796.34ms
step:880/1490 train_time:692717ms step_avg:796.23ms
step:881/1490 train_time:693413ms step_avg:796.11ms
step:882/1490 train_time:694031ms step_avg:795.91ms
step:883/1490 train_time:694698ms step_avg:795.76ms
step:884/1490 train_time:695671ms step_avg:795.96ms
step:885/1490 train_time:696344ms step_avg:795.82ms
step:886/1490 train_time:697149ms step_avg:795.83ms
step:887/1490 train_time:697830ms step_avg:795.70ms
step:888/1490 train_time:698711ms step_avg:795.80ms
step:889/1490 train_time:699475ms step_avg:795.76ms
step:890/1490 train_time:700127ms step_avg:795.60ms
step:891/1490 train_time:701004ms step_avg:795.69ms
step:892/1490 train_time:701775ms step_avg:795.66ms
step:893/1490 train_time:702415ms step_avg:795.49ms
step:894/1490 train_time:703255ms step_avg:795.54ms
step:895/1490 train_time:704309ms step_avg:795.83ms
step:896/1490 train_time:705008ms step_avg:795.72ms
step:897/1490 train_time:705762ms step_avg:795.67ms
step:898/1490 train_time:706560ms step_avg:795.68ms
step:899/1490 train_time:707192ms step_avg:795.49ms
step:900/1490 train_time:707866ms step_avg:795.35ms
step:901/1490 train_time:708737ms step_avg:795.44ms
step:902/1490 train_time:709968ms step_avg:795.93ms
step:903/1490 train_time:710874ms step_avg:796.05ms
step:904/1490 train_time:711800ms step_avg:796.20ms
step:905/1490 train_time:712433ms step_avg:796.02ms
step:906/1490 train_time:713270ms step_avg:796.06ms
step:907/1490 train_time:714243ms step_avg:796.26ms
step:908/1490 train_time:714911ms step_avg:796.11ms
step:909/1490 train_time:716060ms step_avg:796.51ms
step:910/1490 train_time:716692ms step_avg:796.32ms
step:911/1490 train_time:717334ms step_avg:796.15ms
step:912/1490 train_time:718013ms step_avg:796.02ms
step:913/1490 train_time:718732ms step_avg:795.94ms
step:914/1490 train_time:719784ms step_avg:796.22ms
step:915/1490 train_time:720462ms step_avg:796.09ms
step:916/1490 train_time:721639ms step_avg:796.51ms
step:917/1490 train_time:722496ms step_avg:796.58ms
step:918/1490 train_time:723149ms step_avg:796.42ms
step:919/1490 train_time:724089ms step_avg:796.58ms
step:920/1490 train_time:725226ms step_avg:796.95ms
step:921/1490 train_time:725860ms step_avg:796.77ms
step:922/1490 train_time:726640ms step_avg:796.75ms
step:923/1490 train_time:727325ms step_avg:796.63ms
step:924/1490 train_time:728250ms step_avg:796.77ms
step:925/1490 train_time:729492ms step_avg:797.26ms
step:926/1490 train_time:730457ms step_avg:797.44ms
step:927/1490 train_time:731143ms step_avg:797.32ms
step:928/1490 train_time:731851ms step_avg:797.22ms
step:929/1490 train_time:732517ms step_avg:797.08ms
step:930/1490 train_time:733267ms step_avg:797.03ms
step:931/1490 train_time:734127ms step_avg:797.10ms
step:932/1490 train_time:734789ms step_avg:796.95ms
step:933/1490 train_time:735452ms step_avg:796.81ms
step:934/1490 train_time:736153ms step_avg:796.70ms
step:935/1490 train_time:736844ms step_avg:796.59ms
step:936/1490 train_time:737469ms step_avg:796.40ms
step:937/1490 train_time:738232ms step_avg:796.37ms
step:938/1490 train_time:738916ms step_avg:796.25ms
step:939/1490 train_time:739575ms step_avg:796.10ms
step:940/1490 train_time:740357ms step_avg:796.08ms
step:941/1490 train_time:740980ms step_avg:795.90ms
step:942/1490 train_time:741771ms step_avg:795.89ms
step:943/1490 train_time:742725ms step_avg:796.06ms
step:944/1490 train_time:743383ms step_avg:795.91ms
step:945/1490 train_time:744066ms step_avg:795.79ms
step:946/1490 train_time:744764ms step_avg:795.69ms
step:947/1490 train_time:746182ms step_avg:796.35ms
step:948/1490 train_time:747014ms step_avg:796.39ms
step:949/1490 train_time:747984ms step_avg:796.58ms
step:950/1490 train_time:748580ms step_avg:796.36ms
step:951/1490 train_time:749295ms step_avg:796.28ms
step:952/1490 train_time:749947ms step_avg:796.12ms
step:953/1490 train_time:750584ms step_avg:795.95ms
step:954/1490 train_time:751190ms step_avg:795.75ms
step:955/1490 train_time:751848ms step_avg:795.61ms
step:956/1490 train_time:752526ms step_avg:795.48ms
step:957/1490 train_time:753309ms step_avg:795.47ms
step:958/1490 train_time:754057ms step_avg:795.42ms
step:959/1490 train_time:755259ms step_avg:795.85ms
step:960/1490 train_time:756243ms step_avg:796.05ms
step:961/1490 train_time:757062ms step_avg:796.07ms
step:962/1490 train_time:757674ms step_avg:795.88ms
step:963/1490 train_time:758371ms step_avg:795.77ms
step:964/1490 train_time:759020ms step_avg:795.62ms
step:965/1490 train_time:759837ms step_avg:795.64ms
step:966/1490 train_time:760575ms step_avg:795.58ms
step:967/1490 train_time:761320ms step_avg:795.53ms
step:968/1490 train_time:762453ms step_avg:795.88ms
step:969/1490 train_time:763108ms step_avg:795.73ms
step:970/1490 train_time:764054ms step_avg:795.89ms
step:971/1490 train_time:764751ms step_avg:795.79ms
step:972/1490 train_time:765505ms step_avg:795.74ms
step:973/1490 train_time:766845ms step_avg:796.31ms
step:974/1490 train_time:767650ms step_avg:796.32ms
step:975/1490 train_time:768332ms step_avg:796.20ms
step:976/1490 train_time:769146ms step_avg:796.22ms
step:977/1490 train_time:769782ms step_avg:796.05ms
step:978/1490 train_time:770688ms step_avg:796.17ms
step:979/1490 train_time:771441ms step_avg:796.12ms
step:980/1490 train_time:772236ms step_avg:796.12ms
step:981/1490 train_time:773099ms step_avg:796.19ms
step:982/1490 train_time:773858ms step_avg:796.15ms
step:983/1490 train_time:774937ms step_avg:796.44ms
step:984/1490 train_time:775697ms step_avg:796.40ms
step:985/1490 train_time:776408ms step_avg:796.32ms
step:986/1490 train_time:777064ms step_avg:796.17ms
step:987/1490 train_time:777880ms step_avg:796.19ms
step:988/1490 train_time:778709ms step_avg:796.23ms
step:989/1490 train_time:779396ms step_avg:796.11ms
step:990/1490 train_time:780134ms step_avg:796.05ms
step:991/1490 train_time:781092ms step_avg:796.22ms
step:992/1490 train_time:781936ms step_avg:796.27ms
step:993/1490 train_time:782596ms step_avg:796.13ms
step:994/1490 train_time:783322ms step_avg:796.06ms
step:995/1490 train_time:784020ms step_avg:795.96ms
step:996/1490 train_time:784844ms step_avg:795.99ms
step:997/1490 train_time:785492ms step_avg:795.84ms
step:998/1490 train_time:786173ms step_avg:795.72ms
step:999/1490 train_time:787082ms step_avg:795.84ms
step:1000/1490 train_time:787730ms step_avg:795.69ms
step:1000/1490 val_loss:3.4433 train_time:787733ms step_avg:795.69ms
step:1001/1490 train_time:788486ms step_avg:795.65ms
step:1002/1490 train_time:789351ms step_avg:795.72ms
step:1003/1490 train_time:790093ms step_avg:795.66ms
step:1004/1490 train_time:790823ms step_avg:795.60ms
step:1005/1490 train_time:791493ms step_avg:795.47ms
step:1006/1490 train_time:792142ms step_avg:795.32ms
step:1007/1490 train_time:792862ms step_avg:795.25ms
step:1008/1490 train_time:793563ms step_avg:795.15ms
step:1009/1490 train_time:794246ms step_avg:795.04ms
step:1010/1490 train_time:794922ms step_avg:794.92ms
step:1011/1490 train_time:795836ms step_avg:795.04ms
step:1012/1490 train_time:796718ms step_avg:795.13ms
step:1013/1490 train_time:797597ms step_avg:795.21ms
step:1014/1490 train_time:798244ms step_avg:795.06ms
step:1015/1490 train_time:799094ms step_avg:795.12ms
step:1016/1490 train_time:799785ms step_avg:795.01ms
step:1017/1490 train_time:800466ms step_avg:794.90ms
step:1018/1490 train_time:801281ms step_avg:794.92ms
step:1019/1490 train_time:802021ms step_avg:794.87ms
step:1020/1490 train_time:802810ms step_avg:794.86ms
step:1021/1490 train_time:803428ms step_avg:794.69ms
step:1022/1490 train_time:804208ms step_avg:794.67ms
step:1023/1490 train_time:804976ms step_avg:794.65ms
step:1024/1490 train_time:805860ms step_avg:794.73ms
step:1025/1490 train_time:806573ms step_avg:794.65ms
step:1026/1490 train_time:807214ms step_avg:794.50ms
step:1027/1490 train_time:808379ms step_avg:794.87ms
step:1028/1490 train_time:809096ms step_avg:794.79ms
step:1029/1490 train_time:809758ms step_avg:794.66ms
step:1030/1490 train_time:810550ms step_avg:794.66ms
step:1031/1490 train_time:811245ms step_avg:794.56ms
step:1032/1490 train_time:811981ms step_avg:794.50ms
step:1033/1490 train_time:812846ms step_avg:794.57ms
step:1034/1490 train_time:813473ms step_avg:794.41ms
step:1035/1490 train_time:814255ms step_avg:794.40ms
step:1036/1490 train_time:814941ms step_avg:794.29ms
step:1037/1490 train_time:816119ms step_avg:794.66ms
step:1038/1490 train_time:816922ms step_avg:794.67ms
step:1039/1490 train_time:817726ms step_avg:794.68ms
step:1040/1490 train_time:818397ms step_avg:794.56ms
step:1041/1490 train_time:819364ms step_avg:794.73ms
step:1042/1490 train_time:820130ms step_avg:794.70ms
step:1043/1490 train_time:820825ms step_avg:794.60ms
step:1044/1490 train_time:821903ms step_avg:794.88ms
step:1045/1490 train_time:822611ms step_avg:794.79ms
step:1046/1490 train_time:823318ms step_avg:794.71ms
step:1047/1490 train_time:824038ms step_avg:794.64ms
step:1048/1490 train_time:824693ms step_avg:794.50ms
step:1049/1490 train_time:825748ms step_avg:794.75ms
step:1050/1490 train_time:826556ms step_avg:794.77ms
step:1051/1490 train_time:827277ms step_avg:794.69ms
step:1052/1490 train_time:827917ms step_avg:794.55ms
step:1053/1490 train_time:828599ms step_avg:794.44ms
step:1054/1490 train_time:829945ms step_avg:794.97ms
step:1055/1490 train_time:830688ms step_avg:794.92ms
step:1056/1490 train_time:831587ms step_avg:795.02ms
step:1057/1490 train_time:832388ms step_avg:795.02ms
step:1058/1490 train_time:833261ms step_avg:795.10ms
step:1059/1490 train_time:834532ms step_avg:795.55ms
step:1060/1490 train_time:835144ms step_avg:795.37ms
step:1061/1490 train_time:835880ms step_avg:795.32ms
step:1062/1490 train_time:836561ms step_avg:795.21ms
step:1063/1490 train_time:837582ms step_avg:795.42ms
step:1064/1490 train_time:838626ms step_avg:795.66ms
step:1065/1490 train_time:839440ms step_avg:795.68ms
step:1066/1490 train_time:840145ms step_avg:795.59ms
step:1067/1490 train_time:841073ms step_avg:795.72ms
step:1068/1490 train_time:841939ms step_avg:795.78ms
step:1069/1490 train_time:842755ms step_avg:795.80ms
step:1070/1490 train_time:843413ms step_avg:795.67ms
step:1071/1490 train_time:844277ms step_avg:795.74ms
step:1072/1490 train_time:845044ms step_avg:795.71ms
step:1073/1490 train_time:845774ms step_avg:795.65ms
step:1074/1490 train_time:846768ms step_avg:795.83ms
step:1075/1490 train_time:847417ms step_avg:795.70ms
step:1076/1490 train_time:848633ms step_avg:796.09ms
step:1077/1490 train_time:849360ms step_avg:796.03ms
step:1078/1490 train_time:850116ms step_avg:795.99ms
step:1079/1490 train_time:850872ms step_avg:795.95ms
step:1080/1490 train_time:851697ms step_avg:795.98ms
step:1081/1490 train_time:852339ms step_avg:795.83ms
step:1082/1490 train_time:853056ms step_avg:795.76ms
step:1083/1490 train_time:853861ms step_avg:795.77ms
step:1084/1490 train_time:854619ms step_avg:795.73ms
step:1085/1490 train_time:855407ms step_avg:795.73ms
step:1086/1490 train_time:856055ms step_avg:795.59ms
step:1087/1490 train_time:856921ms step_avg:795.66ms
step:1088/1490 train_time:857653ms step_avg:795.60ms
step:1089/1490 train_time:858501ms step_avg:795.65ms
step:1090/1490 train_time:859139ms step_avg:795.50ms
step:1091/1490 train_time:859881ms step_avg:795.45ms
step:1092/1490 train_time:860645ms step_avg:795.42ms
step:1093/1490 train_time:861359ms step_avg:795.35ms
step:1094/1490 train_time:862119ms step_avg:795.31ms
step:1095/1490 train_time:862976ms step_avg:795.37ms
step:1096/1490 train_time:864080ms step_avg:795.65ms
step:1097/1490 train_time:864756ms step_avg:795.54ms
step:1098/1490 train_time:865747ms step_avg:795.72ms
step:1099/1490 train_time:866614ms step_avg:795.79ms
step:1100/1490 train_time:867461ms step_avg:795.84ms
step:1101/1490 train_time:868118ms step_avg:795.71ms
step:1102/1490 train_time:869068ms step_avg:795.85ms
step:1103/1490 train_time:869777ms step_avg:795.77ms
step:1104/1490 train_time:871143ms step_avg:796.29ms
step:1105/1490 train_time:872066ms step_avg:796.41ms
step:1106/1490 train_time:872739ms step_avg:796.29ms
step:1107/1490 train_time:873511ms step_avg:796.27ms
step:1108/1490 train_time:874207ms step_avg:796.18ms
step:1109/1490 train_time:874875ms step_avg:796.06ms
step:1110/1490 train_time:875849ms step_avg:796.23ms
step:1111/1490 train_time:876610ms step_avg:796.19ms
step:1112/1490 train_time:877331ms step_avg:796.13ms
step:1113/1490 train_time:878063ms step_avg:796.07ms
step:1114/1490 train_time:878757ms step_avg:795.98ms
step:1115/1490 train_time:879423ms step_avg:795.86ms
step:1116/1490 train_time:880172ms step_avg:795.82ms
step:1117/1490 train_time:880908ms step_avg:795.76ms
step:1118/1490 train_time:881631ms step_avg:795.70ms
step:1119/1490 train_time:882354ms step_avg:795.63ms
step:1120/1490 train_time:883144ms step_avg:795.63ms
step:1121/1490 train_time:884021ms step_avg:795.70ms
step:1122/1490 train_time:884897ms step_avg:795.77ms
step:1123/1490 train_time:885761ms step_avg:795.83ms
step:1124/1490 train_time:886962ms step_avg:796.20ms
step:1125/1490 train_time:887776ms step_avg:796.21ms
step:1125/1490 val_loss:3.3881 train_time:887779ms step_avg:796.21ms
step:1126/1490 train_time:888561ms step_avg:796.20ms
step:1127/1490 train_time:889510ms step_avg:796.34ms
step:1128/1490 train_time:890702ms step_avg:796.69ms
step:1129/1490 train_time:891387ms step_avg:796.59ms
step:1130/1490 train_time:892415ms step_avg:796.80ms
step:1131/1490 train_time:893073ms step_avg:796.68ms
step:1132/1490 train_time:893889ms step_avg:796.69ms
step:1133/1490 train_time:894593ms step_avg:796.61ms
step:1134/1490 train_time:895884ms step_avg:797.05ms
step:1135/1490 train_time:896948ms step_avg:797.29ms
step:1136/1490 train_time:897669ms step_avg:797.22ms
step:1137/1490 train_time:898322ms step_avg:797.09ms
step:1138/1490 train_time:899483ms step_avg:797.41ms
step:1139/1490 train_time:900195ms step_avg:797.34ms
step:1140/1490 train_time:900845ms step_avg:797.21ms
step:1141/1490 train_time:901833ms step_avg:797.38ms
step:1142/1490 train_time:902556ms step_avg:797.31ms
step:1143/1490 train_time:903394ms step_avg:797.35ms
step:1144/1490 train_time:904762ms step_avg:797.85ms
step:1145/1490 train_time:905595ms step_avg:797.88ms
step:1146/1490 train_time:906285ms step_avg:797.79ms
step:1147/1490 train_time:906932ms step_avg:797.65ms
step:1148/1490 train_time:907688ms step_avg:797.62ms
step:1149/1490 train_time:908489ms step_avg:797.62ms
step:1150/1490 train_time:909443ms step_avg:797.76ms
step:1151/1490 train_time:910163ms step_avg:797.69ms
step:1152/1490 train_time:910973ms step_avg:797.70ms
step:1153/1490 train_time:911681ms step_avg:797.62ms
step:1154/1490 train_time:912445ms step_avg:797.59ms
step:1155/1490 train_time:913131ms step_avg:797.49ms
step:1156/1490 train_time:913928ms step_avg:797.49ms
step:1157/1490 train_time:914759ms step_avg:797.52ms
step:1158/1490 train_time:915442ms step_avg:797.42ms
step:1159/1490 train_time:916217ms step_avg:797.40ms
step:1160/1490 train_time:917551ms step_avg:797.87ms
step:1161/1490 train_time:918171ms step_avg:797.72ms
step:1162/1490 train_time:918799ms step_avg:797.57ms
step:1163/1490 train_time:919484ms step_avg:797.47ms
step:1164/1490 train_time:920118ms step_avg:797.33ms
step:1165/1490 train_time:920899ms step_avg:797.31ms
step:1166/1490 train_time:921570ms step_avg:797.21ms
step:1167/1490 train_time:922343ms step_avg:797.19ms
step:1168/1490 train_time:923018ms step_avg:797.08ms
step:1169/1490 train_time:923762ms step_avg:797.03ms
step:1170/1490 train_time:924765ms step_avg:797.21ms
step:1171/1490 train_time:925419ms step_avg:797.09ms
step:1172/1490 train_time:926149ms step_avg:797.03ms
step:1173/1490 train_time:926803ms step_avg:796.91ms
step:1174/1490 train_time:927451ms step_avg:796.78ms
step:1175/1490 train_time:928773ms step_avg:797.23ms
step:1176/1490 train_time:929478ms step_avg:797.15ms
step:1177/1490 train_time:930411ms step_avg:797.27ms
step:1178/1490 train_time:931056ms step_avg:797.14ms
step:1179/1490 train_time:931728ms step_avg:797.03ms
step:1180/1490 train_time:932412ms step_avg:796.93ms
step:1181/1490 train_time:933097ms step_avg:796.84ms
step:1182/1490 train_time:933762ms step_avg:796.73ms
step:1183/1490 train_time:935145ms step_avg:797.23ms
step:1184/1490 train_time:935982ms step_avg:797.26ms
step:1185/1490 train_time:936845ms step_avg:797.31ms
step:1186/1490 train_time:937681ms step_avg:797.35ms
step:1187/1490 train_time:938419ms step_avg:797.30ms
step:1188/1490 train_time:939166ms step_avg:797.25ms
step:1189/1490 train_time:939825ms step_avg:797.14ms
step:1190/1490 train_time:940456ms step_avg:797.00ms
step:1191/1490 train_time:941207ms step_avg:796.96ms
step:1192/1490 train_time:941862ms step_avg:796.84ms
step:1193/1490 train_time:942479ms step_avg:796.69ms
step:1194/1490 train_time:943315ms step_avg:796.72ms
step:1195/1490 train_time:944198ms step_avg:796.79ms
step:1196/1490 train_time:945104ms step_avg:796.88ms
step:1197/1490 train_time:945851ms step_avg:796.84ms
step:1198/1490 train_time:946487ms step_avg:796.71ms
step:1199/1490 train_time:947182ms step_avg:796.62ms
step:1200/1490 train_time:947887ms step_avg:796.54ms
step:1201/1490 train_time:948570ms step_avg:796.45ms
step:1202/1490 train_time:949531ms step_avg:796.59ms
step:1203/1490 train_time:950178ms step_avg:796.46ms
step:1204/1490 train_time:950830ms step_avg:796.34ms
step:1205/1490 train_time:951698ms step_avg:796.40ms
step:1206/1490 train_time:953012ms step_avg:796.83ms
step:1207/1490 train_time:953705ms step_avg:796.75ms
step:1208/1490 train_time:954382ms step_avg:796.65ms
step:1209/1490 train_time:955062ms step_avg:796.55ms
step:1210/1490 train_time:955761ms step_avg:796.47ms
step:1211/1490 train_time:956624ms step_avg:796.52ms
step:1212/1490 train_time:957486ms step_avg:796.58ms
step:1213/1490 train_time:958174ms step_avg:796.49ms
step:1214/1490 train_time:958870ms step_avg:796.40ms
step:1215/1490 train_time:959568ms step_avg:796.32ms
step:1216/1490 train_time:960252ms step_avg:796.23ms
step:1217/1490 train_time:960955ms step_avg:796.15ms
step:1218/1490 train_time:961637ms step_avg:796.06ms
step:1219/1490 train_time:962348ms step_avg:795.99ms
step:1220/1490 train_time:963074ms step_avg:795.93ms
step:1221/1490 train_time:963799ms step_avg:795.87ms
step:1222/1490 train_time:964547ms step_avg:795.83ms
step:1223/1490 train_time:965377ms step_avg:795.86ms
step:1224/1490 train_time:966003ms step_avg:795.72ms
step:1225/1490 train_time:966666ms step_avg:795.61ms
step:1226/1490 train_time:967507ms step_avg:795.65ms
step:1227/1490 train_time:968183ms step_avg:795.55ms
step:1228/1490 train_time:968901ms step_avg:795.49ms
step:1229/1490 train_time:969920ms step_avg:795.67ms
step:1230/1490 train_time:970558ms step_avg:795.54ms
step:1231/1490 train_time:972015ms step_avg:796.08ms
step:1232/1490 train_time:972977ms step_avg:796.22ms
step:1233/1490 train_time:973962ms step_avg:796.37ms
step:1234/1490 train_time:974684ms step_avg:796.31ms
step:1235/1490 train_time:975906ms step_avg:796.66ms
step:1236/1490 train_time:976559ms step_avg:796.54ms
step:1237/1490 train_time:977231ms step_avg:796.44ms
step:1238/1490 train_time:977983ms step_avg:796.40ms
step:1239/1490 train_time:978849ms step_avg:796.46ms
step:1240/1490 train_time:979646ms step_avg:796.46ms
step:1241/1490 train_time:980333ms step_avg:796.37ms
step:1242/1490 train_time:980994ms step_avg:796.26ms
step:1243/1490 train_time:981683ms step_avg:796.17ms
step:1244/1490 train_time:982442ms step_avg:796.14ms
step:1245/1490 train_time:983303ms step_avg:796.20ms
step:1246/1490 train_time:984065ms step_avg:796.17ms
step:1247/1490 train_time:984732ms step_avg:796.06ms
step:1248/1490 train_time:985889ms step_avg:796.36ms
step:1249/1490 train_time:986970ms step_avg:796.59ms
step:1250/1490 train_time:987962ms step_avg:796.74ms
step:1250/1490 val_loss:3.3400 train_time:987965ms step_avg:796.75ms
step:1251/1490 train_time:988739ms step_avg:796.73ms
step:1252/1490 train_time:989531ms step_avg:796.72ms
step:1253/1490 train_time:990260ms step_avg:796.67ms
step:1254/1490 train_time:991271ms step_avg:796.84ms
step:1255/1490 train_time:992461ms step_avg:797.16ms
step:1256/1490 train_time:993183ms step_avg:797.10ms
step:1257/1490 train_time:993911ms step_avg:797.04ms
step:1258/1490 train_time:994699ms step_avg:797.03ms
step:1259/1490 train_time:995644ms step_avg:797.15ms
step:1260/1490 train_time:996290ms step_avg:797.03ms
step:1261/1490 train_time:996981ms step_avg:796.95ms
step:1262/1490 train_time:997871ms step_avg:797.02ms
step:1263/1490 train_time:998682ms step_avg:797.03ms
step:1264/1490 train_time:999573ms step_avg:797.11ms
step:1265/1490 train_time:1000195ms step_avg:796.97ms
step:1266/1490 train_time:1001152ms step_avg:797.10ms
step:1267/1490 train_time:1001912ms step_avg:797.07ms
step:1268/1490 train_time:1002547ms step_avg:796.94ms
step:1269/1490 train_time:1003580ms step_avg:797.13ms
step:1270/1490 train_time:1004418ms step_avg:797.16ms
step:1271/1490 train_time:1005249ms step_avg:797.18ms
step:1272/1490 train_time:1005958ms step_avg:797.11ms
step:1273/1490 train_time:1006843ms step_avg:797.18ms
step:1274/1490 train_time:1007581ms step_avg:797.14ms
step:1275/1490 train_time:1008372ms step_avg:797.13ms
step:1276/1490 train_time:1009424ms step_avg:797.33ms
step:1277/1490 train_time:1010414ms step_avg:797.49ms
step:1278/1490 train_time:1011160ms step_avg:797.44ms
step:1279/1490 train_time:1011962ms step_avg:797.45ms
step:1280/1490 train_time:1012665ms step_avg:797.37ms
step:1281/1490 train_time:1013394ms step_avg:797.32ms
step:1282/1490 train_time:1014254ms step_avg:797.37ms
step:1283/1490 train_time:1015050ms step_avg:797.37ms
step:1284/1490 train_time:1015795ms step_avg:797.33ms
step:1285/1490 train_time:1016818ms step_avg:797.50ms
step:1286/1490 train_time:1017571ms step_avg:797.47ms
step:1287/1490 train_time:1018320ms step_avg:797.43ms
step:1288/1490 train_time:1019001ms step_avg:797.34ms
step:1289/1490 train_time:1019704ms step_avg:797.27ms
step:1290/1490 train_time:1020396ms step_avg:797.18ms
step:1291/1490 train_time:1021154ms step_avg:797.15ms
step:1292/1490 train_time:1021915ms step_avg:797.13ms
step:1293/1490 train_time:1022785ms step_avg:797.18ms
step:1294/1490 train_time:1023489ms step_avg:797.11ms
step:1295/1490 train_time:1024163ms step_avg:797.01ms
step:1296/1490 train_time:1025040ms step_avg:797.08ms
step:1297/1490 train_time:1026487ms step_avg:797.58ms
step:1298/1490 train_time:1027226ms step_avg:797.54ms
step:1299/1490 train_time:1028272ms step_avg:797.73ms
step:1300/1490 train_time:1029550ms step_avg:798.10ms
step:1301/1490 train_time:1030303ms step_avg:798.07ms
step:1302/1490 train_time:1031194ms step_avg:798.14ms
step:1303/1490 train_time:1031871ms step_avg:798.04ms
step:1304/1490 train_time:1032572ms step_avg:797.97ms
step:1305/1490 train_time:1033342ms step_avg:797.95ms
step:1306/1490 train_time:1034080ms step_avg:797.90ms
step:1307/1490 train_time:1034783ms step_avg:797.83ms
step:1308/1490 train_time:1035807ms step_avg:798.00ms
step:1309/1490 train_time:1036555ms step_avg:797.96ms
step:1310/1490 train_time:1037391ms step_avg:797.99ms
step:1311/1490 train_time:1038076ms step_avg:797.91ms
step:1312/1490 train_time:1038818ms step_avg:797.86ms
step:1313/1490 train_time:1039676ms step_avg:797.91ms
step:1314/1490 train_time:1040335ms step_avg:797.80ms
step:1315/1490 train_time:1041105ms step_avg:797.78ms
step:1316/1490 train_time:1041812ms step_avg:797.71ms
step:1317/1490 train_time:1042670ms step_avg:797.76ms
step:1318/1490 train_time:1043343ms step_avg:797.66ms
step:1319/1490 train_time:1044540ms step_avg:797.97ms
step:1320/1490 train_time:1045310ms step_avg:797.95ms
step:1321/1490 train_time:1046353ms step_avg:798.13ms
step:1322/1490 train_time:1047101ms step_avg:798.10ms
step:1323/1490 train_time:1047729ms step_avg:797.97ms
step:1324/1490 train_time:1048457ms step_avg:797.91ms
step:1325/1490 train_time:1049144ms step_avg:797.83ms
step:1326/1490 train_time:1049803ms step_avg:797.72ms
step:1327/1490 train_time:1050417ms step_avg:797.58ms
step:1328/1490 train_time:1051129ms step_avg:797.52ms
step:1329/1490 train_time:1051817ms step_avg:797.44ms
step:1330/1490 train_time:1052497ms step_avg:797.35ms
step:1331/1490 train_time:1053217ms step_avg:797.29ms
step:1332/1490 train_time:1053889ms step_avg:797.19ms
step:1333/1490 train_time:1054548ms step_avg:797.09ms
step:1334/1490 train_time:1055277ms step_avg:797.04ms
step:1335/1490 train_time:1055997ms step_avg:796.98ms
step:1336/1490 train_time:1056778ms step_avg:796.97ms
step:1337/1490 train_time:1057877ms step_avg:797.19ms
step:1338/1490 train_time:1058529ms step_avg:797.08ms
step:1339/1490 train_time:1059178ms step_avg:796.97ms
step:1340/1490 train_time:1060043ms step_avg:797.02ms
step:1341/1490 train_time:1060928ms step_avg:797.09ms
step:1342/1490 train_time:1061848ms step_avg:797.18ms
step:1343/1490 train_time:1062885ms step_avg:797.36ms
step:1344/1490 train_time:1063546ms step_avg:797.26ms
step:1345/1490 train_time:1064191ms step_avg:797.15ms
step:1346/1490 train_time:1064978ms step_avg:797.14ms
step:1347/1490 train_time:1065711ms step_avg:797.09ms
step:1348/1490 train_time:1066363ms step_avg:796.98ms
step:1349/1490 train_time:1067051ms step_avg:796.90ms
step:1350/1490 train_time:1067775ms step_avg:796.85ms
step:1351/1490 train_time:1068609ms step_avg:796.87ms
step:1352/1490 train_time:1069730ms step_avg:797.12ms
step:1353/1490 train_time:1070425ms step_avg:797.04ms
step:1354/1490 train_time:1071113ms step_avg:796.96ms
step:1355/1490 train_time:1071806ms step_avg:796.88ms
step:1356/1490 train_time:1072899ms step_avg:797.10ms
step:1357/1490 train_time:1073726ms step_avg:797.12ms
step:1358/1490 train_time:1074607ms step_avg:797.19ms
step:1359/1490 train_time:1075222ms step_avg:797.05ms
step:1360/1490 train_time:1076418ms step_avg:797.35ms
step:1361/1490 train_time:1077267ms step_avg:797.39ms
step:1362/1490 train_time:1078109ms step_avg:797.42ms
step:1363/1490 train_time:1078758ms step_avg:797.31ms
step:1364/1490 train_time:1079703ms step_avg:797.42ms
step:1365/1490 train_time:1080348ms step_avg:797.31ms
step:1366/1490 train_time:1081161ms step_avg:797.32ms
step:1367/1490 train_time:1082046ms step_avg:797.38ms
step:1368/1490 train_time:1082899ms step_avg:797.42ms
step:1369/1490 train_time:1083592ms step_avg:797.35ms
step:1370/1490 train_time:1084571ms step_avg:797.48ms
step:1371/1490 train_time:1085339ms step_avg:797.46ms
step:1372/1490 train_time:1086077ms step_avg:797.41ms
step:1373/1490 train_time:1086782ms step_avg:797.35ms
step:1374/1490 train_time:1087629ms step_avg:797.38ms
step:1375/1490 train_time:1088520ms step_avg:797.45ms
step:1375/1490 val_loss:3.2998 train_time:1088523ms step_avg:797.45ms
step:1376/1490 train_time:1089298ms step_avg:797.44ms
step:1377/1490 train_time:1090097ms step_avg:797.44ms
step:1378/1490 train_time:1090896ms step_avg:797.44ms
step:1379/1490 train_time:1091932ms step_avg:797.61ms
step:1380/1490 train_time:1092658ms step_avg:797.56ms
step:1381/1490 train_time:1093351ms step_avg:797.48ms
step:1382/1490 train_time:1094339ms step_avg:797.62ms
step:1383/1490 train_time:1095078ms step_avg:797.58ms
step:1384/1490 train_time:1096021ms step_avg:797.69ms
step:1385/1490 train_time:1096771ms step_avg:797.65ms
step:1386/1490 train_time:1097652ms step_avg:797.71ms
step:1387/1490 train_time:1098460ms step_avg:797.72ms
step:1388/1490 train_time:1099112ms step_avg:797.61ms
step:1389/1490 train_time:1099811ms step_avg:797.54ms
step:1390/1490 train_time:1100530ms step_avg:797.49ms
step:1391/1490 train_time:1101178ms step_avg:797.38ms
step:1392/1490 train_time:1101893ms step_avg:797.32ms
step:1393/1490 train_time:1102649ms step_avg:797.29ms
step:1394/1490 train_time:1103599ms step_avg:797.40ms
step:1395/1490 train_time:1104246ms step_avg:797.29ms
step:1396/1490 train_time:1104929ms step_avg:797.21ms
step:1397/1490 train_time:1105819ms step_avg:797.27ms
step:1398/1490 train_time:1106997ms step_avg:797.55ms
step:1399/1490 train_time:1107885ms step_avg:797.61ms
step:1400/1490 train_time:1108561ms step_avg:797.53ms
step:1401/1490 train_time:1109265ms step_avg:797.46ms
step:1402/1490 train_time:1110110ms step_avg:797.49ms
step:1403/1490 train_time:1110731ms step_avg:797.37ms
step:1404/1490 train_time:1111412ms step_avg:797.28ms
step:1405/1490 train_time:1112289ms step_avg:797.34ms
step:1406/1490 train_time:1113131ms step_avg:797.37ms
step:1407/1490 train_time:1113946ms step_avg:797.38ms
step:1408/1490 train_time:1114657ms step_avg:797.32ms
step:1409/1490 train_time:1115345ms step_avg:797.24ms
step:1410/1490 train_time:1116027ms step_avg:797.16ms
step:1411/1490 train_time:1117104ms step_avg:797.36ms
step:1412/1490 train_time:1117852ms step_avg:797.33ms
step:1413/1490 train_time:1118491ms step_avg:797.21ms
step:1414/1490 train_time:1119201ms step_avg:797.15ms
step:1415/1490 train_time:1120084ms step_avg:797.21ms
step:1416/1490 train_time:1120806ms step_avg:797.16ms
step:1417/1490 train_time:1122003ms step_avg:797.44ms
step:1418/1490 train_time:1122697ms step_avg:797.37ms
step:1419/1490 train_time:1123425ms step_avg:797.32ms
step:1420/1490 train_time:1124534ms step_avg:797.54ms
step:1421/1490 train_time:1125231ms step_avg:797.47ms
step:1422/1490 train_time:1126312ms step_avg:797.67ms
step:1423/1490 train_time:1127085ms step_avg:797.65ms
step:1424/1490 train_time:1127799ms step_avg:797.59ms
step:1425/1490 train_time:1128632ms step_avg:797.62ms
step:1426/1490 train_time:1129452ms step_avg:797.64ms
step:1427/1490 train_time:1130157ms step_avg:797.57ms
step:1428/1490 train_time:1130892ms step_avg:797.53ms
step:1429/1490 train_time:1131606ms step_avg:797.47ms
step:1430/1490 train_time:1132279ms step_avg:797.38ms
step:1431/1490 train_time:1133075ms step_avg:797.38ms
step:1432/1490 train_time:1133777ms step_avg:797.31ms
step:1433/1490 train_time:1135111ms step_avg:797.69ms
step:1434/1490 train_time:1135875ms step_avg:797.66ms
step:1435/1490 train_time:1136766ms step_avg:797.73ms
step:1436/1490 train_time:1137462ms step_avg:797.66ms
step:1437/1490 train_time:1138338ms step_avg:797.71ms
step:1438/1490 train_time:1139003ms step_avg:797.62ms
step:1439/1490 train_time:1140123ms step_avg:797.85ms
step:1440/1490 train_time:1140948ms step_avg:797.87ms
step:1441/1490 train_time:1141734ms step_avg:797.86ms
step:1442/1490 train_time:1142457ms step_avg:797.81ms
step:1443/1490 train_time:1143296ms step_avg:797.83ms
step:1444/1490 train_time:1144094ms step_avg:797.83ms
step:1445/1490 train_time:1144816ms step_avg:797.78ms
step:1446/1490 train_time:1145669ms step_avg:797.82ms
step:1447/1490 train_time:1146561ms step_avg:797.89ms
step:1448/1490 train_time:1147238ms step_avg:797.80ms
step:1449/1490 train_time:1148003ms step_avg:797.78ms
step:1450/1490 train_time:1149177ms step_avg:798.04ms
step:1451/1490 train_time:1149916ms step_avg:798.00ms
step:1452/1490 train_time:1151321ms step_avg:798.42ms
step:1453/1490 train_time:1152023ms step_avg:798.35ms
step:1454/1490 train_time:1152734ms step_avg:798.29ms
step:1455/1490 train_time:1153474ms step_avg:798.25ms
step:1456/1490 train_time:1154152ms step_avg:798.17ms
step:1457/1490 train_time:1155076ms step_avg:798.26ms
step:1458/1490 train_time:1155891ms step_avg:798.27ms
step:1459/1490 train_time:1156712ms step_avg:798.28ms
step:1460/1490 train_time:1157470ms step_avg:798.26ms
step:1461/1490 train_time:1158190ms step_avg:798.20ms
step:1462/1490 train_time:1158871ms step_avg:798.12ms
step:1463/1490 train_time:1159564ms step_avg:798.05ms
step:1464/1490 train_time:1160303ms step_avg:798.01ms
step:1465/1490 train_time:1161344ms step_avg:798.17ms
step:1466/1490 train_time:1162006ms step_avg:798.08ms
step:1467/1490 train_time:1163046ms step_avg:798.25ms
step:1468/1490 train_time:1163816ms step_avg:798.23ms
step:1469/1490 train_time:1164545ms step_avg:798.18ms
step:1470/1490 train_time:1165311ms step_avg:798.16ms
step:1471/1490 train_time:1166269ms step_avg:798.27ms
step:1472/1490 train_time:1166961ms step_avg:798.20ms
step:1473/1490 train_time:1167882ms step_avg:798.28ms
step:1474/1490 train_time:1169001ms step_avg:798.50ms
step:1475/1490 train_time:1169659ms step_avg:798.40ms
step:1476/1490 train_time:1170352ms step_avg:798.33ms
step:1477/1490 train_time:1171351ms step_avg:798.47ms
step:1478/1490 train_time:1172107ms step_avg:798.44ms
step:1479/1490 train_time:1173248ms step_avg:798.67ms
step:1480/1490 train_time:1174261ms step_avg:798.82ms
step:1481/1490 train_time:1175537ms step_avg:799.14ms
step:1482/1490 train_time:1176290ms step_avg:799.11ms
step:1483/1490 train_time:1177135ms step_avg:799.14ms
step:1484/1490 train_time:1177797ms step_avg:799.05ms
step:1485/1490 train_time:1178616ms step_avg:799.06ms
step:1486/1490 train_time:1179346ms step_avg:799.02ms
step:1487/1490 train_time:1180046ms step_avg:798.95ms
step:1488/1490 train_time:1180702ms step_avg:798.85ms
step:1489/1490 train_time:1181500ms step_avg:798.85ms
step:1490/1490 train_time:1182320ms step_avg:798.86ms
step:1490/1490 val_loss:3.2788 train_time:1182323ms step_avg:798.87ms
peak memory allocated: 45747 MiB reserved: 49366 MiB
total training time: 1182.32s (1182323ms)
Metrics saved to /models/modded-nanogpt_record50_cautious_wd/npu_bench/record_017_sparsify_embeds/agent_outputs/default_agent/runs/seed_004/metrics.json
