W0525 15:41:37.195000 56 site-packages/torch/distributed/run.py:766] 
W0525 15:41:37.195000 56 site-packages/torch/distributed/run.py:766] *****************************************
W0525 15:41:37.195000 56 site-packages/torch/distributed/run.py:766] Setting OMP_NUM_THREADS environment variable for each process to be 1 in default, to avoid your system being overloaded, please further tune the variable for optimal performance in your application as needed. 
W0525 15:41:37.195000 56 site-packages/torch/distributed/run.py:766] *****************************************
/root/miniconda3/envs/llm_test/lib/python3.10/site-packages/torch/autograd/__init__.py:221: UserWarning: Cannot create tensor with interal format while allow_internel_format=False, tensor will be created with base format. (Triggered internally at build/CMakeFiles/torch_npu.dir/compiler_depend.ts:338.)
  torch.ones_like(out, memory_format=torch.preserve_format)
/root/miniconda3/envs/llm_test/lib/python3.10/site-packages/torch/autograd/__init__.py:221: UserWarning: Cannot create tensor with interal format while allow_internel_format=False, tensor will be created with base format. (Triggered internally at build/CMakeFiles/torch_npu.dir/compiler_depend.ts:338.)
  torch.ones_like(out, memory_format=torch.preserve_format)
/root/miniconda3/envs/llm_test/lib/python3.10/site-packages/torch/autograd/__init__.py:221: UserWarning: Cannot create tensor with interal format while allow_internel_format=False, tensor will be created with base format. (Triggered internally at build/CMakeFiles/torch_npu.dir/compiler_depend.ts:338.)
  torch.ones_like(out, memory_format=torch.preserve_format)
/root/miniconda3/envs/llm_test/lib/python3.10/site-packages/torch/distributed/distributed_c10d.py:4631: UserWarning: No device id is provided via `init_process_group` or `barrier `. Using the current device set by the user. 
  warnings.warn(  # warn only once
/root/miniconda3/envs/llm_test/lib/python3.10/site-packages/torch/distributed/distributed_c10d.py:4631: UserWarning: No device id is provided via `init_process_group` or `barrier `. Using the current device set by the user. 
  warnings.warn(  # warn only once
/root/miniconda3/envs/llm_test/lib/python3.10/site-packages/torch/distributed/distributed_c10d.py:4631: UserWarning: No device id is provided via `init_process_group` or `barrier `. Using the current device set by the user. 
  warnings.warn(  # warn only once
/root/miniconda3/envs/llm_test/lib/python3.10/site-packages/torch/autograd/__init__.py:221: UserWarning: Cannot create tensor with interal format while allow_internel_format=False, tensor will be created with base format. (Triggered internally at build/CMakeFiles/torch_npu.dir/compiler_depend.ts:338.)
  torch.ones_like(out, memory_format=torch.preserve_format)
/root/miniconda3/envs/llm_test/lib/python3.10/site-packages/torch/autograd/__init__.py:221: UserWarning: Cannot create tensor with interal format while allow_internel_format=False, tensor will be created with base format. (Triggered internally at build/CMakeFiles/torch_npu.dir/compiler_depend.ts:338.)
  torch.ones_like(out, memory_format=torch.preserve_format)
/root/miniconda3/envs/llm_test/lib/python3.10/site-packages/torch/autograd/__init__.py:221: UserWarning: Cannot create tensor with interal format while allow_internel_format=False, tensor will be created with base format. (Triggered internally at build/CMakeFiles/torch_npu.dir/compiler_depend.ts:338.)
  torch.ones_like(out, memory_format=torch.preserve_format)
/root/miniconda3/envs/llm_test/lib/python3.10/site-packages/torch/autograd/__init__.py:221: UserWarning: Cannot create tensor with interal format while allow_internel_format=False, tensor will be created with base format. (Triggered internally at build/CMakeFiles/torch_npu.dir/compiler_depend.ts:338.)
  torch.ones_like(out, memory_format=torch.preserve_format)
/root/miniconda3/envs/llm_test/lib/python3.10/site-packages/torch/autograd/__init__.py:221: UserWarning: Cannot create tensor with interal format while allow_internel_format=False, tensor will be created with base format. (Triggered internally at build/CMakeFiles/torch_npu.dir/compiler_depend.ts:338.)
  torch.ones_like(out, memory_format=torch.preserve_format)
/root/miniconda3/envs/llm_test/lib/python3.10/site-packages/torch/autograd/__init__.py:221: UserWarning: Cannot create tensor with interal format while allow_internel_format=False, tensor will be created with base format. (Triggered internally at build/CMakeFiles/torch_npu.dir/compiler_depend.ts:338.)
  torch.ones_like(out, memory_format=torch.preserve_format)
/root/miniconda3/envs/llm_test/lib/python3.10/site-packages/torch/autograd/__init__.py:221: UserWarning: Cannot create tensor with interal format while allow_internel_format=False, tensor will be created with base format. (Triggered internally at build/CMakeFiles/torch_npu.dir/compiler_depend.ts:338.)
  torch.ones_like(out, memory_format=torch.preserve_format)
/root/miniconda3/envs/llm_test/lib/python3.10/site-packages/torch/autograd/__init__.py:221: UserWarning: Cannot create tensor with interal format while allow_internel_format=False, tensor will be created with base format. (Triggered internally at build/CMakeFiles/torch_npu.dir/compiler_depend.ts:338.)
  torch.ones_like(out, memory_format=torch.preserve_format)
/root/miniconda3/envs/llm_test/lib/python3.10/site-packages/torch/autograd/__init__.py:221: UserWarning: Cannot create tensor with interal format while allow_internel_format=False, tensor will be created with base format. (Triggered internally at build/CMakeFiles/torch_npu.dir/compiler_depend.ts:338.)
  torch.ones_like(out, memory_format=torch.preserve_format)
/root/miniconda3/envs/llm_test/lib/python3.10/site-packages/torch/autograd/__init__.py:221: UserWarning: Cannot create tensor with interal format while allow_internel_format=False, tensor will be created with base format. (Triggered internally at build/CMakeFiles/torch_npu.dir/compiler_depend.ts:338.)
  torch.ones_like(out, memory_format=torch.preserve_format)
/root/miniconda3/envs/llm_test/lib/python3.10/site-packages/torch/autograd/__init__.py:221: UserWarning: Cannot create tensor with interal format while allow_internel_format=False, tensor will be created with base format. (Triggered internally at build/CMakeFiles/torch_npu.dir/compiler_depend.ts:338.)
  torch.ones_like(out, memory_format=torch.preserve_format)
/root/miniconda3/envs/llm_test/lib/python3.10/site-packages/torch/autograd/__init__.py:221: UserWarning: Cannot create tensor with interal format while allow_internel_format=False, tensor will be created with base format. (Triggered internally at build/CMakeFiles/torch_npu.dir/compiler_depend.ts:338.)
  torch.ones_like(out, memory_format=torch.preserve_format)
/root/miniconda3/envs/llm_test/lib/python3.10/site-packages/torch/autograd/__init__.py:221: UserWarning: Cannot create tensor with interal format while allow_internel_format=False, tensor will be created with base format. (Triggered internally at build/CMakeFiles/torch_npu.dir/compiler_depend.ts:338.)
  torch.ones_like(out, memory_format=torch.preserve_format)
/root/miniconda3/envs/llm_test/lib/python3.10/site-packages/torch/distributed/distributed_c10d.py:4631: UserWarning: No device id is provided via `init_process_group` or `barrier `. Using the current device set by the user. 
  warnings.warn(  # warn only once
/root/miniconda3/envs/llm_test/lib/python3.10/site-packages/torch/distributed/distributed_c10d.py:4631: UserWarning: No device id is provided via `init_process_group` or `barrier `. Using the current device set by the user. 
  warnings.warn(  # warn only once
/root/miniconda3/envs/llm_test/lib/python3.10/site-packages/torch/distributed/distributed_c10d.py:4631: UserWarning: No device id is provided via `init_process_group` or `barrier `. Using the current device set by the user. 
  warnings.warn(  # warn only once
/root/miniconda3/envs/llm_test/lib/python3.10/site-packages/torch/distributed/distributed_c10d.py:4631: UserWarning: No device id is provided via `init_process_group` or `barrier `. Using the current device set by the user. 
  warnings.warn(  # warn only once
/root/miniconda3/envs/llm_test/lib/python3.10/site-packages/torch/distributed/distributed_c10d.py:4631: UserWarning: No device id is provided via `init_process_group` or `barrier `. Using the current device set by the user. 
  warnings.warn(  # warn only once
/root/miniconda3/envs/llm_test/lib/python3.10/site-packages/torch/distributed/distributed_c10d.py:4631: UserWarning: No device id is provided via `init_process_group` or `barrier `. Using the current device set by the user. 
  warnings.warn(  # warn only once
/root/miniconda3/envs/llm_test/lib/python3.10/site-packages/torch/distributed/distributed_c10d.py:4631: UserWarning: No device id is provided via `init_process_group` or `barrier `. Using the current device set by the user. 
  warnings.warn(  # warn only once
/root/miniconda3/envs/llm_test/lib/python3.10/site-packages/torch/distributed/distributed_c10d.py:4631: UserWarning: No device id is provided via `init_process_group` or `barrier `. Using the current device set by the user. 
  warnings.warn(  # warn only once
/root/miniconda3/envs/llm_test/lib/python3.10/site-packages/torch/distributed/distributed_c10d.py:4631: UserWarning: No device id is provided via `init_process_group` or `barrier `. Using the current device set by the user. 
  warnings.warn(  # warn only once
/root/miniconda3/envs/llm_test/lib/python3.10/site-packages/torch/distributed/distributed_c10d.py:4631: UserWarning: No device id is provided via `init_process_group` or `barrier `. Using the current device set by the user. 
  warnings.warn(  # warn only once
/root/miniconda3/envs/llm_test/lib/python3.10/site-packages/torch/distributed/distributed_c10d.py:4631: UserWarning: No device id is provided via `init_process_group` or `barrier `. Using the current device set by the user. 
  warnings.warn(  # warn only once
/root/miniconda3/envs/llm_test/lib/python3.10/site-packages/torch/distributed/distributed_c10d.py:4631: UserWarning: No device id is provided via `init_process_group` or `barrier `. Using the current device set by the user. 
  warnings.warn(  # warn only once
/root/miniconda3/envs/llm_test/lib/python3.10/site-packages/torch/distributed/distributed_c10d.py:4631: UserWarning: No device id is provided via `init_process_group` or `barrier `. Using the current device set by the user. 
  warnings.warn(  # warn only once
/models/modded-nanogpt_record50_cautious_wd/npu_bench/record_035_drop_attn/agent_outputs/default_agent/runs/seed_002/logs/v1_e6c8feaa-37ac-4aad-bede-c771eb9404d3.txt
/root/miniconda3/envs/llm_test/lib/python3.10/site-packages/torch_npu/utils/storage.py:89: UserWarning: TypedStorage is deprecated. It will be removed in the future and UntypedStorage will be the only storage class. This should only matter to you if you are using storages directly.  To access UntypedStorage directly, use tensor.untyped_storage() instead of tensor.storage()
  if self.device.type != 'cpu':
step:0/1680 val_loss:10.8258 train_time:0ms step_avg:0.11ms
step:1/1680 train_time:1132ms step_avg:1131.84ms
step:2/1680 train_time:1248ms step_avg:624.17ms
step:3/1680 train_time:1625ms step_avg:541.82ms
step:4/1680 train_time:2003ms step_avg:500.76ms
step:5/1680 train_time:2409ms step_avg:481.82ms
step:6/1680 train_time:2771ms step_avg:461.80ms
step:7/1680 train_time:3158ms step_avg:451.09ms
step:8/1680 train_time:3541ms step_avg:442.61ms
step:9/1680 train_time:3922ms step_avg:435.73ms
step:10/1680 train_time:4309ms step_avg:430.87ms
step:11/1680 train_time:4684ms step_avg:425.80ms
step:12/1680 train_time:5081ms step_avg:423.39ms
step:13/1680 train_time:5461ms step_avg:420.08ms
step:14/1680 train_time:5845ms step_avg:417.47ms
step:15/1680 train_time:6222ms step_avg:414.83ms
step:16/1680 train_time:6609ms step_avg:413.07ms
step:17/1680 train_time:7004ms step_avg:412.02ms
step:18/1680 train_time:7377ms step_avg:409.81ms
step:19/1680 train_time:7757ms step_avg:408.27ms
step:20/1680 train_time:8144ms step_avg:407.21ms
step:21/1680 train_time:8527ms step_avg:406.04ms
step:22/1680 train_time:8907ms step_avg:404.87ms
step:23/1680 train_time:9289ms step_avg:403.86ms
step:24/1680 train_time:9678ms step_avg:403.23ms
step:25/1680 train_time:10058ms step_avg:402.33ms
step:26/1680 train_time:10450ms step_avg:401.94ms
step:27/1680 train_time:10837ms step_avg:401.38ms
step:28/1680 train_time:11210ms step_avg:400.34ms
step:29/1680 train_time:11595ms step_avg:399.83ms
step:30/1680 train_time:11980ms step_avg:399.34ms
step:31/1680 train_time:12359ms step_avg:398.69ms
step:32/1680 train_time:12744ms step_avg:398.25ms
step:33/1680 train_time:13127ms step_avg:397.79ms
step:34/1680 train_time:13508ms step_avg:397.28ms
step:35/1680 train_time:13899ms step_avg:397.13ms
step:36/1680 train_time:14267ms step_avg:396.29ms
step:37/1680 train_time:14651ms step_avg:395.96ms
step:38/1680 train_time:15040ms step_avg:395.79ms
step:39/1680 train_time:15416ms step_avg:395.27ms
step:40/1680 train_time:15823ms step_avg:395.59ms
step:41/1680 train_time:16207ms step_avg:395.28ms
step:42/1680 train_time:16573ms step_avg:394.60ms
step:43/1680 train_time:16955ms step_avg:394.30ms
step:44/1680 train_time:17338ms step_avg:394.04ms
step:45/1680 train_time:17717ms step_avg:393.72ms
step:46/1680 train_time:18099ms step_avg:393.46ms
step:47/1680 train_time:18481ms step_avg:393.21ms
step:48/1680 train_time:18858ms step_avg:392.88ms
step:49/1680 train_time:19247ms step_avg:392.79ms
step:50/1680 train_time:19634ms step_avg:392.68ms
step:51/1680 train_time:20017ms step_avg:392.49ms
step:52/1680 train_time:20405ms step_avg:392.40ms
step:53/1680 train_time:20789ms step_avg:392.25ms
step:54/1680 train_time:21166ms step_avg:391.96ms
step:55/1680 train_time:21559ms step_avg:391.97ms
step:56/1680 train_time:21928ms step_avg:391.58ms
step:57/1680 train_time:22314ms step_avg:391.47ms
step:58/1680 train_time:22696ms step_avg:391.30ms
step:59/1680 train_time:23084ms step_avg:391.25ms
step:60/1680 train_time:23466ms step_avg:391.10ms
step:61/1680 train_time:23848ms step_avg:390.95ms
step:62/1680 train_time:24236ms step_avg:390.91ms
step:63/1680 train_time:24617ms step_avg:390.74ms
step:64/1680 train_time:24999ms step_avg:390.60ms
step:65/1680 train_time:25382ms step_avg:390.49ms
step:66/1680 train_time:25765ms step_avg:390.38ms
step:67/1680 train_time:26152ms step_avg:390.33ms
step:68/1680 train_time:26528ms step_avg:390.12ms
step:69/1680 train_time:26910ms step_avg:390.00ms
step:70/1680 train_time:27300ms step_avg:390.00ms
step:71/1680 train_time:27693ms step_avg:390.04ms
step:72/1680 train_time:28076ms step_avg:389.95ms
step:73/1680 train_time:28459ms step_avg:389.85ms
step:74/1680 train_time:28849ms step_avg:389.85ms
step:75/1680 train_time:29228ms step_avg:389.71ms
step:76/1680 train_time:29615ms step_avg:389.67ms
step:77/1680 train_time:29998ms step_avg:389.58ms
step:78/1680 train_time:30378ms step_avg:389.46ms
step:79/1680 train_time:30778ms step_avg:389.59ms
step:80/1680 train_time:31155ms step_avg:389.43ms
step:81/1680 train_time:31526ms step_avg:389.21ms
step:82/1680 train_time:31921ms step_avg:389.28ms
step:83/1680 train_time:32307ms step_avg:389.24ms
step:84/1680 train_time:32694ms step_avg:389.22ms
step:85/1680 train_time:33079ms step_avg:389.16ms
step:86/1680 train_time:33453ms step_avg:388.99ms
step:87/1680 train_time:33834ms step_avg:388.90ms
step:88/1680 train_time:34225ms step_avg:388.92ms
step:89/1680 train_time:34593ms step_avg:388.69ms
step:90/1680 train_time:34983ms step_avg:388.70ms
step:91/1680 train_time:35369ms step_avg:388.67ms
step:92/1680 train_time:35749ms step_avg:388.57ms
step:93/1680 train_time:36134ms step_avg:388.53ms
step:94/1680 train_time:36517ms step_avg:388.47ms
step:95/1680 train_time:36903ms step_avg:388.45ms
step:96/1680 train_time:37288ms step_avg:388.41ms
step:97/1680 train_time:37668ms step_avg:388.33ms
step:98/1680 train_time:38051ms step_avg:388.27ms
step:99/1680 train_time:38432ms step_avg:388.20ms
step:100/1680 train_time:38817ms step_avg:388.17ms
step:101/1680 train_time:39202ms step_avg:388.14ms
step:102/1680 train_time:39593ms step_avg:388.16ms
step:103/1680 train_time:39975ms step_avg:388.11ms
step:104/1680 train_time:40352ms step_avg:388.00ms
step:105/1680 train_time:40735ms step_avg:387.95ms
step:106/1680 train_time:41118ms step_avg:387.91ms
step:107/1680 train_time:41509ms step_avg:387.93ms
step:108/1680 train_time:41893ms step_avg:387.90ms
step:109/1680 train_time:42273ms step_avg:387.82ms
step:110/1680 train_time:42646ms step_avg:387.69ms
step:111/1680 train_time:43037ms step_avg:387.72ms
step:112/1680 train_time:43421ms step_avg:387.69ms
step:113/1680 train_time:43805ms step_avg:387.65ms
step:114/1680 train_time:44182ms step_avg:387.56ms
step:115/1680 train_time:44584ms step_avg:387.69ms
step:116/1680 train_time:44962ms step_avg:387.60ms
step:117/1680 train_time:45338ms step_avg:387.51ms
step:118/1680 train_time:45720ms step_avg:387.46ms
step:119/1680 train_time:46097ms step_avg:387.37ms
step:120/1680 train_time:46489ms step_avg:387.41ms
step:121/1680 train_time:46870ms step_avg:387.36ms
step:122/1680 train_time:47250ms step_avg:387.30ms
step:123/1680 train_time:47643ms step_avg:387.34ms
step:124/1680 train_time:48019ms step_avg:387.25ms
step:125/1680 train_time:48392ms step_avg:387.13ms
step:125/1680 val_loss:4.3241 train_time:48676ms step_avg:389.41ms
step:126/1680 train_time:48969ms step_avg:388.64ms
step:127/1680 train_time:49311ms step_avg:388.28ms
step:128/1680 train_time:49697ms step_avg:388.25ms
step:129/1680 train_time:50078ms step_avg:388.21ms
step:130/1680 train_time:50459ms step_avg:388.14ms
step:131/1680 train_time:50841ms step_avg:388.10ms
step:132/1680 train_time:51224ms step_avg:388.06ms
step:133/1680 train_time:51601ms step_avg:387.98ms
step:134/1680 train_time:51990ms step_avg:387.99ms
step:135/1680 train_time:52368ms step_avg:387.91ms
step:136/1680 train_time:52751ms step_avg:387.87ms
step:137/1680 train_time:53131ms step_avg:387.82ms
step:138/1680 train_time:53542ms step_avg:387.99ms
step:139/1680 train_time:53914ms step_avg:387.87ms
step:140/1680 train_time:54302ms step_avg:387.87ms
step:141/1680 train_time:54679ms step_avg:387.80ms
step:142/1680 train_time:55068ms step_avg:387.80ms
step:143/1680 train_time:55443ms step_avg:387.71ms
step:144/1680 train_time:55819ms step_avg:387.63ms
step:145/1680 train_time:56202ms step_avg:387.60ms
step:146/1680 train_time:56592ms step_avg:387.61ms
step:147/1680 train_time:56969ms step_avg:387.54ms
step:148/1680 train_time:57351ms step_avg:387.51ms
step:149/1680 train_time:57735ms step_avg:387.48ms
step:150/1680 train_time:58116ms step_avg:387.44ms
step:151/1680 train_time:58497ms step_avg:387.40ms
step:152/1680 train_time:58876ms step_avg:387.34ms
step:153/1680 train_time:59263ms step_avg:387.34ms
step:154/1680 train_time:59645ms step_avg:387.31ms
step:155/1680 train_time:60029ms step_avg:387.28ms
step:156/1680 train_time:60413ms step_avg:387.26ms
step:157/1680 train_time:60798ms step_avg:387.25ms
step:158/1680 train_time:61182ms step_avg:387.23ms
step:159/1680 train_time:61563ms step_avg:387.19ms
step:160/1680 train_time:61946ms step_avg:387.16ms
step:161/1680 train_time:62323ms step_avg:387.10ms
step:162/1680 train_time:62704ms step_avg:387.06ms
step:163/1680 train_time:63093ms step_avg:387.08ms
step:164/1680 train_time:63471ms step_avg:387.02ms
step:165/1680 train_time:63858ms step_avg:387.02ms
step:166/1680 train_time:64246ms step_avg:387.03ms
step:167/1680 train_time:64618ms step_avg:386.94ms
step:168/1680 train_time:65012ms step_avg:386.98ms
step:169/1680 train_time:65397ms step_avg:386.96ms
step:170/1680 train_time:65780ms step_avg:386.94ms
step:171/1680 train_time:66159ms step_avg:386.89ms
step:172/1680 train_time:66538ms step_avg:386.85ms
step:173/1680 train_time:66932ms step_avg:386.89ms
step:174/1680 train_time:67303ms step_avg:386.80ms
step:175/1680 train_time:67689ms step_avg:386.79ms
step:176/1680 train_time:68071ms step_avg:386.77ms
step:177/1680 train_time:68461ms step_avg:386.78ms
step:178/1680 train_time:68839ms step_avg:386.74ms
step:179/1680 train_time:69218ms step_avg:386.69ms
step:180/1680 train_time:69599ms step_avg:386.66ms
step:181/1680 train_time:69983ms step_avg:386.65ms
step:182/1680 train_time:70361ms step_avg:386.60ms
step:183/1680 train_time:70745ms step_avg:386.59ms
step:184/1680 train_time:71125ms step_avg:386.55ms
step:185/1680 train_time:71509ms step_avg:386.53ms
step:186/1680 train_time:71889ms step_avg:386.50ms
step:187/1680 train_time:72275ms step_avg:386.50ms
step:188/1680 train_time:72666ms step_avg:386.52ms
step:189/1680 train_time:73046ms step_avg:386.49ms
step:190/1680 train_time:73422ms step_avg:386.43ms
step:191/1680 train_time:73804ms step_avg:386.41ms
step:192/1680 train_time:74187ms step_avg:386.39ms
step:193/1680 train_time:74563ms step_avg:386.34ms
step:194/1680 train_time:74948ms step_avg:386.33ms
step:195/1680 train_time:75331ms step_avg:386.31ms
step:196/1680 train_time:75715ms step_avg:386.30ms
step:197/1680 train_time:76099ms step_avg:386.29ms
step:198/1680 train_time:76485ms step_avg:386.29ms
step:199/1680 train_time:76867ms step_avg:386.27ms
step:200/1680 train_time:77249ms step_avg:386.24ms
step:201/1680 train_time:77630ms step_avg:386.22ms
step:202/1680 train_time:78026ms step_avg:386.27ms
step:203/1680 train_time:78398ms step_avg:386.20ms
step:204/1680 train_time:78782ms step_avg:386.19ms
step:205/1680 train_time:79158ms step_avg:386.13ms
step:206/1680 train_time:79543ms step_avg:386.13ms
step:207/1680 train_time:79929ms step_avg:386.13ms
step:208/1680 train_time:80311ms step_avg:386.11ms
step:209/1680 train_time:80695ms step_avg:386.10ms
step:210/1680 train_time:81090ms step_avg:386.14ms
step:211/1680 train_time:81463ms step_avg:386.08ms
step:212/1680 train_time:81849ms step_avg:386.08ms
step:213/1680 train_time:82233ms step_avg:386.07ms
step:214/1680 train_time:82617ms step_avg:386.06ms
step:215/1680 train_time:82998ms step_avg:386.04ms
step:216/1680 train_time:83377ms step_avg:386.01ms
step:217/1680 train_time:83760ms step_avg:385.99ms
step:218/1680 train_time:84138ms step_avg:385.96ms
step:219/1680 train_time:84527ms step_avg:385.97ms
step:220/1680 train_time:84912ms step_avg:385.96ms
step:221/1680 train_time:85289ms step_avg:385.92ms
step:222/1680 train_time:85670ms step_avg:385.90ms
step:223/1680 train_time:86049ms step_avg:385.87ms
step:224/1680 train_time:86432ms step_avg:385.86ms
step:225/1680 train_time:86813ms step_avg:385.84ms
step:226/1680 train_time:87195ms step_avg:385.82ms
step:227/1680 train_time:87582ms step_avg:385.82ms
step:228/1680 train_time:87962ms step_avg:385.80ms
step:229/1680 train_time:88350ms step_avg:385.81ms
step:230/1680 train_time:88732ms step_avg:385.79ms
step:231/1680 train_time:89116ms step_avg:385.78ms
step:232/1680 train_time:89497ms step_avg:385.76ms
step:233/1680 train_time:89879ms step_avg:385.75ms
step:234/1680 train_time:90261ms step_avg:385.73ms
step:235/1680 train_time:90646ms step_avg:385.73ms
step:236/1680 train_time:91028ms step_avg:385.71ms
step:237/1680 train_time:91409ms step_avg:385.69ms
step:238/1680 train_time:91791ms step_avg:385.68ms
step:239/1680 train_time:92174ms step_avg:385.67ms
step:240/1680 train_time:92553ms step_avg:385.64ms
step:241/1680 train_time:92937ms step_avg:385.63ms
step:242/1680 train_time:93314ms step_avg:385.60ms
step:243/1680 train_time:93699ms step_avg:385.59ms
step:244/1680 train_time:94080ms step_avg:385.57ms
step:245/1680 train_time:94473ms step_avg:385.61ms
step:246/1680 train_time:94848ms step_avg:385.56ms
step:247/1680 train_time:95230ms step_avg:385.55ms
step:248/1680 train_time:95614ms step_avg:385.54ms
step:249/1680 train_time:96002ms step_avg:385.55ms
step:250/1680 train_time:96383ms step_avg:385.53ms
step:250/1680 val_loss:3.9676 train_time:96670ms step_avg:386.68ms
step:251/1680 train_time:96881ms step_avg:385.98ms
step:252/1680 train_time:97204ms step_avg:385.73ms
step:253/1680 train_time:97590ms step_avg:385.73ms
step:254/1680 train_time:97978ms step_avg:385.74ms
step:255/1680 train_time:98359ms step_avg:385.72ms
step:256/1680 train_time:98741ms step_avg:385.71ms
step:257/1680 train_time:99126ms step_avg:385.70ms
step:258/1680 train_time:99512ms step_avg:385.71ms
step:259/1680 train_time:99894ms step_avg:385.69ms
step:260/1680 train_time:100281ms step_avg:385.69ms
step:261/1680 train_time:100667ms step_avg:385.70ms
step:262/1680 train_time:101047ms step_avg:385.67ms
step:263/1680 train_time:101430ms step_avg:385.66ms
step:264/1680 train_time:101811ms step_avg:385.65ms
step:265/1680 train_time:102194ms step_avg:385.64ms
step:266/1680 train_time:102575ms step_avg:385.62ms
step:267/1680 train_time:102955ms step_avg:385.60ms
step:268/1680 train_time:103332ms step_avg:385.57ms
step:269/1680 train_time:103718ms step_avg:385.57ms
step:270/1680 train_time:104100ms step_avg:385.56ms
step:271/1680 train_time:104481ms step_avg:385.54ms
step:272/1680 train_time:104859ms step_avg:385.51ms
step:273/1680 train_time:105248ms step_avg:385.52ms
step:274/1680 train_time:105627ms step_avg:385.50ms
step:275/1680 train_time:106011ms step_avg:385.50ms
step:276/1680 train_time:106392ms step_avg:385.48ms
step:277/1680 train_time:106777ms step_avg:385.47ms
step:278/1680 train_time:107157ms step_avg:385.46ms
step:279/1680 train_time:107537ms step_avg:385.44ms
step:280/1680 train_time:107922ms step_avg:385.44ms
step:281/1680 train_time:108304ms step_avg:385.42ms
step:282/1680 train_time:108690ms step_avg:385.42ms
step:283/1680 train_time:109066ms step_avg:385.39ms
step:284/1680 train_time:109449ms step_avg:385.39ms
step:285/1680 train_time:109834ms step_avg:385.38ms
step:286/1680 train_time:110215ms step_avg:385.37ms
step:287/1680 train_time:110595ms step_avg:385.35ms
step:288/1680 train_time:110982ms step_avg:385.35ms
step:289/1680 train_time:111365ms step_avg:385.35ms
step:290/1680 train_time:111749ms step_avg:385.34ms
step:291/1680 train_time:112129ms step_avg:385.32ms
step:292/1680 train_time:112512ms step_avg:385.32ms
step:293/1680 train_time:112896ms step_avg:385.31ms
step:294/1680 train_time:113281ms step_avg:385.31ms
step:295/1680 train_time:113662ms step_avg:385.29ms
step:296/1680 train_time:114045ms step_avg:385.29ms
step:297/1680 train_time:114430ms step_avg:385.29ms
step:298/1680 train_time:114807ms step_avg:385.26ms
step:299/1680 train_time:115188ms step_avg:385.24ms
step:300/1680 train_time:115572ms step_avg:385.24ms
step:301/1680 train_time:115953ms step_avg:385.23ms
step:302/1680 train_time:116336ms step_avg:385.22ms
step:303/1680 train_time:116720ms step_avg:385.21ms
step:304/1680 train_time:117104ms step_avg:385.21ms
step:305/1680 train_time:117488ms step_avg:385.21ms
step:306/1680 train_time:117866ms step_avg:385.18ms
step:307/1680 train_time:118246ms step_avg:385.17ms
step:308/1680 train_time:118626ms step_avg:385.15ms
step:309/1680 train_time:119010ms step_avg:385.14ms
step:310/1680 train_time:119394ms step_avg:385.14ms
step:311/1680 train_time:119777ms step_avg:385.14ms
step:312/1680 train_time:120161ms step_avg:385.13ms
step:313/1680 train_time:120542ms step_avg:385.12ms
step:314/1680 train_time:120925ms step_avg:385.11ms
step:315/1680 train_time:121309ms step_avg:385.11ms
step:316/1680 train_time:121695ms step_avg:385.11ms
step:317/1680 train_time:122079ms step_avg:385.11ms
step:318/1680 train_time:122461ms step_avg:385.10ms
step:319/1680 train_time:122843ms step_avg:385.09ms
step:320/1680 train_time:123229ms step_avg:385.09ms
step:321/1680 train_time:123627ms step_avg:385.13ms
step:322/1680 train_time:123997ms step_avg:385.08ms
step:323/1680 train_time:124378ms step_avg:385.07ms
step:324/1680 train_time:124755ms step_avg:385.05ms
step:325/1680 train_time:125138ms step_avg:385.04ms
step:326/1680 train_time:125519ms step_avg:385.03ms
step:327/1680 train_time:125903ms step_avg:385.02ms
step:328/1680 train_time:126282ms step_avg:385.01ms
step:329/1680 train_time:126667ms step_avg:385.01ms
step:330/1680 train_time:127054ms step_avg:385.01ms
step:331/1680 train_time:127429ms step_avg:384.98ms
step:332/1680 train_time:127808ms step_avg:384.96ms
step:333/1680 train_time:128192ms step_avg:384.96ms
step:334/1680 train_time:128578ms step_avg:384.96ms
step:335/1680 train_time:128959ms step_avg:384.95ms
step:336/1680 train_time:129339ms step_avg:384.94ms
step:337/1680 train_time:129720ms step_avg:384.93ms
step:338/1680 train_time:130102ms step_avg:384.92ms
step:339/1680 train_time:130485ms step_avg:384.91ms
step:340/1680 train_time:130865ms step_avg:384.90ms
step:341/1680 train_time:131257ms step_avg:384.92ms
step:342/1680 train_time:131640ms step_avg:384.91ms
step:343/1680 train_time:132021ms step_avg:384.90ms
step:344/1680 train_time:132411ms step_avg:384.91ms
step:345/1680 train_time:132792ms step_avg:384.91ms
step:346/1680 train_time:133175ms step_avg:384.90ms
step:347/1680 train_time:133555ms step_avg:384.88ms
step:348/1680 train_time:133935ms step_avg:384.87ms
step:349/1680 train_time:134319ms step_avg:384.87ms
step:350/1680 train_time:134701ms step_avg:384.86ms
step:351/1680 train_time:135083ms step_avg:384.85ms
step:352/1680 train_time:135469ms step_avg:384.86ms
step:353/1680 train_time:135848ms step_avg:384.84ms
step:354/1680 train_time:136233ms step_avg:384.84ms
step:355/1680 train_time:136617ms step_avg:384.84ms
step:356/1680 train_time:136999ms step_avg:384.83ms
step:357/1680 train_time:137381ms step_avg:384.82ms
step:358/1680 train_time:137760ms step_avg:384.81ms
step:359/1680 train_time:138142ms step_avg:384.80ms
step:360/1680 train_time:138523ms step_avg:384.79ms
step:361/1680 train_time:138905ms step_avg:384.78ms
step:362/1680 train_time:139288ms step_avg:384.77ms
step:363/1680 train_time:139672ms step_avg:384.77ms
step:364/1680 train_time:140056ms step_avg:384.77ms
step:365/1680 train_time:140437ms step_avg:384.76ms
step:366/1680 train_time:140818ms step_avg:384.75ms
step:367/1680 train_time:141204ms step_avg:384.75ms
step:368/1680 train_time:141585ms step_avg:384.74ms
step:369/1680 train_time:141969ms step_avg:384.74ms
step:370/1680 train_time:142349ms step_avg:384.73ms
step:371/1680 train_time:142730ms step_avg:384.72ms
step:372/1680 train_time:143116ms step_avg:384.72ms
step:373/1680 train_time:143498ms step_avg:384.71ms
step:374/1680 train_time:143884ms step_avg:384.72ms
step:375/1680 train_time:144266ms step_avg:384.71ms
step:375/1680 val_loss:3.8158 train_time:144555ms step_avg:385.48ms
step:376/1680 train_time:144762ms step_avg:385.01ms
step:377/1680 train_time:145089ms step_avg:384.85ms
step:378/1680 train_time:145472ms step_avg:384.85ms
step:379/1680 train_time:145861ms step_avg:384.86ms
step:380/1680 train_time:146244ms step_avg:384.85ms
step:381/1680 train_time:146623ms step_avg:384.84ms
step:382/1680 train_time:147004ms step_avg:384.83ms
step:383/1680 train_time:147387ms step_avg:384.82ms
step:384/1680 train_time:147769ms step_avg:384.81ms
step:385/1680 train_time:148151ms step_avg:384.81ms
step:386/1680 train_time:148538ms step_avg:384.81ms
step:387/1680 train_time:148922ms step_avg:384.81ms
step:388/1680 train_time:149305ms step_avg:384.81ms
step:389/1680 train_time:149689ms step_avg:384.80ms
step:390/1680 train_time:150071ms step_avg:384.80ms
step:391/1680 train_time:150456ms step_avg:384.80ms
step:392/1680 train_time:150836ms step_avg:384.79ms
step:393/1680 train_time:151217ms step_avg:384.78ms
step:394/1680 train_time:151600ms step_avg:384.77ms
step:395/1680 train_time:151985ms step_avg:384.77ms
step:396/1680 train_time:152372ms step_avg:384.78ms
step:397/1680 train_time:152750ms step_avg:384.76ms
step:398/1680 train_time:153136ms step_avg:384.76ms
step:399/1680 train_time:153514ms step_avg:384.75ms
step:400/1680 train_time:153898ms step_avg:384.75ms
step:401/1680 train_time:154280ms step_avg:384.74ms
step:402/1680 train_time:154667ms step_avg:384.74ms
step:403/1680 train_time:155049ms step_avg:384.74ms
step:404/1680 train_time:155430ms step_avg:384.73ms
step:405/1680 train_time:155815ms step_avg:384.73ms
step:406/1680 train_time:156197ms step_avg:384.72ms
step:407/1680 train_time:156576ms step_avg:384.71ms
step:408/1680 train_time:156959ms step_avg:384.70ms
step:409/1680 train_time:157342ms step_avg:384.70ms
step:410/1680 train_time:157723ms step_avg:384.69ms
step:411/1680 train_time:158111ms step_avg:384.70ms
step:412/1680 train_time:158491ms step_avg:384.69ms
step:413/1680 train_time:158872ms step_avg:384.68ms
step:414/1680 train_time:159255ms step_avg:384.67ms
step:415/1680 train_time:159640ms step_avg:384.68ms
step:416/1680 train_time:160021ms step_avg:384.66ms
step:417/1680 train_time:160405ms step_avg:384.67ms
step:418/1680 train_time:160804ms step_avg:384.70ms
step:419/1680 train_time:161168ms step_avg:384.65ms
step:420/1680 train_time:161550ms step_avg:384.64ms
step:421/1680 train_time:161936ms step_avg:384.65ms
step:422/1680 train_time:162320ms step_avg:384.64ms
step:423/1680 train_time:162702ms step_avg:384.64ms
step:424/1680 train_time:163088ms step_avg:384.64ms
step:425/1680 train_time:163472ms step_avg:384.64ms
step:426/1680 train_time:163853ms step_avg:384.63ms
step:427/1680 train_time:164242ms step_avg:384.64ms
step:428/1680 train_time:164626ms step_avg:384.64ms
step:429/1680 train_time:165007ms step_avg:384.63ms
step:430/1680 train_time:165385ms step_avg:384.62ms
step:431/1680 train_time:165767ms step_avg:384.61ms
step:432/1680 train_time:166147ms step_avg:384.60ms
step:433/1680 train_time:166531ms step_avg:384.60ms
step:434/1680 train_time:166916ms step_avg:384.60ms
step:435/1680 train_time:167297ms step_avg:384.59ms
step:436/1680 train_time:167677ms step_avg:384.58ms
step:437/1680 train_time:168062ms step_avg:384.58ms
step:438/1680 train_time:168442ms step_avg:384.57ms
step:439/1680 train_time:168827ms step_avg:384.57ms
step:440/1680 train_time:169207ms step_avg:384.56ms
step:441/1680 train_time:169595ms step_avg:384.57ms
step:442/1680 train_time:169974ms step_avg:384.56ms
step:443/1680 train_time:170361ms step_avg:384.56ms
step:444/1680 train_time:170744ms step_avg:384.56ms
step:445/1680 train_time:171127ms step_avg:384.56ms
step:446/1680 train_time:171507ms step_avg:384.54ms
step:447/1680 train_time:171891ms step_avg:384.54ms
step:448/1680 train_time:172273ms step_avg:384.54ms
step:449/1680 train_time:172659ms step_avg:384.54ms
step:450/1680 train_time:173040ms step_avg:384.53ms
step:451/1680 train_time:173423ms step_avg:384.53ms
step:452/1680 train_time:173810ms step_avg:384.54ms
step:453/1680 train_time:174189ms step_avg:384.52ms
step:454/1680 train_time:174570ms step_avg:384.52ms
step:455/1680 train_time:174951ms step_avg:384.51ms
step:456/1680 train_time:175332ms step_avg:384.50ms
step:457/1680 train_time:175715ms step_avg:384.50ms
step:458/1680 train_time:176094ms step_avg:384.48ms
step:459/1680 train_time:176475ms step_avg:384.48ms
step:460/1680 train_time:176858ms step_avg:384.47ms
step:461/1680 train_time:177241ms step_avg:384.47ms
step:462/1680 train_time:177622ms step_avg:384.46ms
step:463/1680 train_time:178010ms step_avg:384.47ms
step:464/1680 train_time:178394ms step_avg:384.47ms
step:465/1680 train_time:178773ms step_avg:384.46ms
step:466/1680 train_time:179152ms step_avg:384.45ms
step:467/1680 train_time:179540ms step_avg:384.45ms
step:468/1680 train_time:179918ms step_avg:384.44ms
step:469/1680 train_time:180302ms step_avg:384.44ms
step:470/1680 train_time:180682ms step_avg:384.43ms
step:471/1680 train_time:181066ms step_avg:384.43ms
step:472/1680 train_time:181448ms step_avg:384.42ms
step:473/1680 train_time:181832ms step_avg:384.42ms
step:474/1680 train_time:182212ms step_avg:384.41ms
step:475/1680 train_time:182595ms step_avg:384.41ms
step:476/1680 train_time:182978ms step_avg:384.41ms
step:477/1680 train_time:183360ms step_avg:384.40ms
step:478/1680 train_time:183742ms step_avg:384.40ms
step:479/1680 train_time:184121ms step_avg:384.39ms
step:480/1680 train_time:184507ms step_avg:384.39ms
step:481/1680 train_time:184891ms step_avg:384.39ms
step:482/1680 train_time:185274ms step_avg:384.38ms
step:483/1680 train_time:185656ms step_avg:384.38ms
step:484/1680 train_time:186038ms step_avg:384.38ms
step:485/1680 train_time:186424ms step_avg:384.38ms
step:486/1680 train_time:186806ms step_avg:384.37ms
step:487/1680 train_time:187188ms step_avg:384.37ms
step:488/1680 train_time:187572ms step_avg:384.37ms
step:489/1680 train_time:187954ms step_avg:384.36ms
step:490/1680 train_time:188333ms step_avg:384.35ms
step:491/1680 train_time:188717ms step_avg:384.35ms
step:492/1680 train_time:189100ms step_avg:384.35ms
step:493/1680 train_time:189482ms step_avg:384.34ms
step:494/1680 train_time:189865ms step_avg:384.34ms
step:495/1680 train_time:190247ms step_avg:384.34ms
step:496/1680 train_time:190629ms step_avg:384.33ms
step:497/1680 train_time:191014ms step_avg:384.33ms
step:498/1680 train_time:191396ms step_avg:384.33ms
step:499/1680 train_time:191778ms step_avg:384.32ms
step:500/1680 train_time:192163ms step_avg:384.33ms
step:500/1680 val_loss:3.7167 train_time:192449ms step_avg:384.90ms
step:501/1680 train_time:192661ms step_avg:384.55ms
step:502/1680 train_time:192985ms step_avg:384.43ms
step:503/1680 train_time:193371ms step_avg:384.44ms
step:504/1680 train_time:193753ms step_avg:384.43ms
step:505/1680 train_time:194135ms step_avg:384.43ms
step:506/1680 train_time:194517ms step_avg:384.42ms
step:507/1680 train_time:194898ms step_avg:384.41ms
step:508/1680 train_time:195281ms step_avg:384.41ms
step:509/1680 train_time:195662ms step_avg:384.40ms
step:510/1680 train_time:196044ms step_avg:384.40ms
step:511/1680 train_time:196427ms step_avg:384.40ms
step:512/1680 train_time:196814ms step_avg:384.40ms
step:513/1680 train_time:197198ms step_avg:384.40ms
step:514/1680 train_time:197580ms step_avg:384.40ms
step:515/1680 train_time:197962ms step_avg:384.39ms
step:516/1680 train_time:198343ms step_avg:384.39ms
step:517/1680 train_time:198724ms step_avg:384.38ms
step:518/1680 train_time:199104ms step_avg:384.37ms
step:519/1680 train_time:199486ms step_avg:384.37ms
step:520/1680 train_time:199869ms step_avg:384.36ms
step:521/1680 train_time:200250ms step_avg:384.36ms
step:522/1680 train_time:200634ms step_avg:384.36ms
step:523/1680 train_time:201016ms step_avg:384.35ms
step:524/1680 train_time:201399ms step_avg:384.35ms
step:525/1680 train_time:201780ms step_avg:384.34ms
step:526/1680 train_time:202163ms step_avg:384.34ms
step:527/1680 train_time:202542ms step_avg:384.33ms
step:528/1680 train_time:202925ms step_avg:384.33ms
step:529/1680 train_time:203313ms step_avg:384.33ms
step:530/1680 train_time:203697ms step_avg:384.33ms
step:531/1680 train_time:204078ms step_avg:384.33ms
step:532/1680 train_time:204463ms step_avg:384.33ms
step:533/1680 train_time:204846ms step_avg:384.33ms
step:534/1680 train_time:205228ms step_avg:384.32ms
step:535/1680 train_time:205614ms step_avg:384.33ms
step:536/1680 train_time:205997ms step_avg:384.32ms
step:537/1680 train_time:206380ms step_avg:384.32ms
step:538/1680 train_time:206763ms step_avg:384.32ms
step:539/1680 train_time:207147ms step_avg:384.32ms
step:540/1680 train_time:207530ms step_avg:384.31ms
step:541/1680 train_time:207910ms step_avg:384.31ms
step:542/1680 train_time:208293ms step_avg:384.31ms
step:543/1680 train_time:208676ms step_avg:384.30ms
step:544/1680 train_time:209058ms step_avg:384.30ms
step:545/1680 train_time:209446ms step_avg:384.30ms
step:546/1680 train_time:209826ms step_avg:384.30ms
step:547/1680 train_time:210210ms step_avg:384.30ms
step:548/1680 train_time:210594ms step_avg:384.30ms
step:549/1680 train_time:210977ms step_avg:384.29ms
step:550/1680 train_time:211363ms step_avg:384.30ms
step:551/1680 train_time:211745ms step_avg:384.29ms
step:552/1680 train_time:212127ms step_avg:384.29ms
step:553/1680 train_time:212514ms step_avg:384.29ms
step:554/1680 train_time:212898ms step_avg:384.29ms
step:555/1680 train_time:213281ms step_avg:384.29ms
step:556/1680 train_time:213662ms step_avg:384.28ms
step:557/1680 train_time:214047ms step_avg:384.29ms
step:558/1680 train_time:214431ms step_avg:384.29ms
step:559/1680 train_time:214818ms step_avg:384.29ms
step:560/1680 train_time:215205ms step_avg:384.29ms
step:561/1680 train_time:215597ms step_avg:384.31ms
step:562/1680 train_time:215975ms step_avg:384.30ms
step:563/1680 train_time:216361ms step_avg:384.30ms
step:564/1680 train_time:216746ms step_avg:384.30ms
step:565/1680 train_time:217130ms step_avg:384.30ms
step:566/1680 train_time:217511ms step_avg:384.30ms
step:567/1680 train_time:217895ms step_avg:384.30ms
step:568/1680 train_time:218278ms step_avg:384.29ms
step:569/1680 train_time:218663ms step_avg:384.29ms
step:570/1680 train_time:219048ms step_avg:384.29ms
step:571/1680 train_time:219433ms step_avg:384.30ms
step:572/1680 train_time:219818ms step_avg:384.30ms
step:573/1680 train_time:220199ms step_avg:384.29ms
step:574/1680 train_time:220580ms step_avg:384.29ms
step:575/1680 train_time:220965ms step_avg:384.29ms
step:576/1680 train_time:221355ms step_avg:384.30ms
step:577/1680 train_time:221740ms step_avg:384.30ms
step:578/1680 train_time:222121ms step_avg:384.29ms
step:579/1680 train_time:222505ms step_avg:384.29ms
step:580/1680 train_time:222887ms step_avg:384.29ms
step:581/1680 train_time:223271ms step_avg:384.29ms
step:582/1680 train_time:223653ms step_avg:384.28ms
step:583/1680 train_time:224036ms step_avg:384.28ms
step:584/1680 train_time:224421ms step_avg:384.28ms
step:585/1680 train_time:224805ms step_avg:384.28ms
step:586/1680 train_time:225186ms step_avg:384.28ms
step:587/1680 train_time:225571ms step_avg:384.28ms
step:588/1680 train_time:225954ms step_avg:384.28ms
step:589/1680 train_time:226336ms step_avg:384.27ms
step:590/1680 train_time:226718ms step_avg:384.27ms
step:591/1680 train_time:227103ms step_avg:384.27ms
step:592/1680 train_time:227485ms step_avg:384.27ms
step:593/1680 train_time:227872ms step_avg:384.27ms
step:594/1680 train_time:228253ms step_avg:384.26ms
step:595/1680 train_time:228635ms step_avg:384.26ms
step:596/1680 train_time:229018ms step_avg:384.26ms
step:597/1680 train_time:229401ms step_avg:384.26ms
step:598/1680 train_time:229781ms step_avg:384.25ms
step:599/1680 train_time:230166ms step_avg:384.25ms
step:600/1680 train_time:230547ms step_avg:384.25ms
step:601/1680 train_time:230931ms step_avg:384.24ms
step:602/1680 train_time:231318ms step_avg:384.25ms
step:603/1680 train_time:231704ms step_avg:384.25ms
step:604/1680 train_time:232088ms step_avg:384.25ms
step:605/1680 train_time:232466ms step_avg:384.24ms
step:606/1680 train_time:232850ms step_avg:384.24ms
step:607/1680 train_time:233233ms step_avg:384.24ms
step:608/1680 train_time:233618ms step_avg:384.24ms
step:609/1680 train_time:234000ms step_avg:384.24ms
step:610/1680 train_time:234379ms step_avg:384.23ms
step:611/1680 train_time:234762ms step_avg:384.23ms
step:612/1680 train_time:235143ms step_avg:384.22ms
step:613/1680 train_time:235527ms step_avg:384.22ms
step:614/1680 train_time:235912ms step_avg:384.22ms
step:615/1680 train_time:236297ms step_avg:384.22ms
step:616/1680 train_time:236677ms step_avg:384.22ms
step:617/1680 train_time:237059ms step_avg:384.21ms
step:618/1680 train_time:237441ms step_avg:384.21ms
step:619/1680 train_time:237823ms step_avg:384.20ms
step:620/1680 train_time:238203ms step_avg:384.20ms
step:621/1680 train_time:238585ms step_avg:384.19ms
step:622/1680 train_time:238969ms step_avg:384.19ms
step:623/1680 train_time:239345ms step_avg:384.18ms
step:624/1680 train_time:239726ms step_avg:384.18ms
step:625/1680 train_time:240114ms step_avg:384.18ms
step:625/1680 val_loss:3.6154 train_time:240400ms step_avg:384.64ms
step:626/1680 train_time:240613ms step_avg:384.37ms
step:627/1680 train_time:241037ms step_avg:384.43ms
step:628/1680 train_time:241418ms step_avg:384.42ms
step:629/1680 train_time:241799ms step_avg:384.42ms
step:630/1680 train_time:242188ms step_avg:384.42ms
step:631/1680 train_time:242574ms step_avg:384.43ms
step:632/1680 train_time:242957ms step_avg:384.43ms
step:633/1680 train_time:243339ms step_avg:384.42ms
step:634/1680 train_time:243720ms step_avg:384.42ms
step:635/1680 train_time:244103ms step_avg:384.41ms
step:636/1680 train_time:244488ms step_avg:384.41ms
step:637/1680 train_time:244870ms step_avg:384.41ms
step:638/1680 train_time:245252ms step_avg:384.41ms
step:639/1680 train_time:245635ms step_avg:384.40ms
step:640/1680 train_time:246022ms step_avg:384.41ms
step:641/1680 train_time:246403ms step_avg:384.40ms
step:642/1680 train_time:246782ms step_avg:384.40ms
step:643/1680 train_time:247184ms step_avg:384.42ms
step:644/1680 train_time:247549ms step_avg:384.39ms
step:645/1680 train_time:247935ms step_avg:384.40ms
step:646/1680 train_time:248315ms step_avg:384.39ms
step:647/1680 train_time:248712ms step_avg:384.41ms
step:648/1680 train_time:249096ms step_avg:384.41ms
step:649/1680 train_time:249482ms step_avg:384.41ms
step:650/1680 train_time:249846ms step_avg:384.38ms
step:651/1680 train_time:250229ms step_avg:384.38ms
step:652/1680 train_time:250609ms step_avg:384.37ms
step:653/1680 train_time:250995ms step_avg:384.37ms
step:654/1680 train_time:251377ms step_avg:384.37ms
step:655/1680 train_time:251762ms step_avg:384.37ms
step:656/1680 train_time:252141ms step_avg:384.36ms
step:657/1680 train_time:252528ms step_avg:384.36ms
step:658/1680 train_time:252908ms step_avg:384.36ms
step:659/1680 train_time:253293ms step_avg:384.36ms
step:660/1680 train_time:253679ms step_avg:384.36ms
step:661/1680 train_time:254061ms step_avg:384.36ms
step:662/1680 train_time:254441ms step_avg:384.35ms
step:663/1680 train_time:254824ms step_avg:384.35ms
step:664/1680 train_time:255206ms step_avg:384.35ms
step:665/1680 train_time:255591ms step_avg:384.35ms
step:666/1680 train_time:255973ms step_avg:384.34ms
step:667/1680 train_time:256354ms step_avg:384.34ms
step:668/1680 train_time:256735ms step_avg:384.33ms
step:669/1680 train_time:257117ms step_avg:384.33ms
step:670/1680 train_time:257498ms step_avg:384.33ms
step:671/1680 train_time:257883ms step_avg:384.33ms
step:672/1680 train_time:258274ms step_avg:384.34ms
step:673/1680 train_time:258657ms step_avg:384.33ms
step:674/1680 train_time:259041ms step_avg:384.33ms
step:675/1680 train_time:259427ms step_avg:384.34ms
step:676/1680 train_time:259809ms step_avg:384.33ms
step:677/1680 train_time:260191ms step_avg:384.33ms
step:678/1680 train_time:260577ms step_avg:384.33ms
step:679/1680 train_time:260957ms step_avg:384.33ms
step:680/1680 train_time:261339ms step_avg:384.32ms
step:681/1680 train_time:261723ms step_avg:384.32ms
step:682/1680 train_time:262101ms step_avg:384.31ms
step:683/1680 train_time:262487ms step_avg:384.31ms
step:684/1680 train_time:262873ms step_avg:384.32ms
step:685/1680 train_time:263258ms step_avg:384.32ms
step:686/1680 train_time:263640ms step_avg:384.32ms
step:687/1680 train_time:264028ms step_avg:384.32ms
step:688/1680 train_time:264411ms step_avg:384.32ms
step:689/1680 train_time:264795ms step_avg:384.32ms
step:690/1680 train_time:265181ms step_avg:384.32ms
step:691/1680 train_time:265564ms step_avg:384.32ms
step:692/1680 train_time:265951ms step_avg:384.32ms
step:693/1680 train_time:266333ms step_avg:384.32ms
step:694/1680 train_time:266717ms step_avg:384.32ms
step:695/1680 train_time:267096ms step_avg:384.31ms
step:696/1680 train_time:267481ms step_avg:384.31ms
step:697/1680 train_time:267866ms step_avg:384.31ms
step:698/1680 train_time:268247ms step_avg:384.31ms
step:699/1680 train_time:268630ms step_avg:384.31ms
step:700/1680 train_time:269013ms step_avg:384.30ms
step:701/1680 train_time:269395ms step_avg:384.30ms
step:702/1680 train_time:269777ms step_avg:384.30ms
step:703/1680 train_time:270160ms step_avg:384.30ms
step:704/1680 train_time:270544ms step_avg:384.30ms
step:705/1680 train_time:270943ms step_avg:384.32ms
step:706/1680 train_time:271304ms step_avg:384.28ms
step:707/1680 train_time:271690ms step_avg:384.29ms
step:708/1680 train_time:272074ms step_avg:384.29ms
step:709/1680 train_time:272462ms step_avg:384.29ms
step:710/1680 train_time:272840ms step_avg:384.28ms
step:711/1680 train_time:273220ms step_avg:384.28ms
step:712/1680 train_time:273606ms step_avg:384.28ms
step:713/1680 train_time:273991ms step_avg:384.28ms
step:714/1680 train_time:274370ms step_avg:384.27ms
step:715/1680 train_time:274752ms step_avg:384.27ms
step:716/1680 train_time:275137ms step_avg:384.27ms
step:717/1680 train_time:275519ms step_avg:384.27ms
step:718/1680 train_time:275902ms step_avg:384.27ms
step:719/1680 train_time:276300ms step_avg:384.28ms
step:720/1680 train_time:276671ms step_avg:384.27ms
step:721/1680 train_time:277057ms step_avg:384.27ms
step:722/1680 train_time:277437ms step_avg:384.26ms
step:723/1680 train_time:277820ms step_avg:384.26ms
step:724/1680 train_time:278205ms step_avg:384.26ms
step:725/1680 train_time:278585ms step_avg:384.26ms
step:726/1680 train_time:278974ms step_avg:384.26ms
step:727/1680 train_time:279357ms step_avg:384.26ms
step:728/1680 train_time:279740ms step_avg:384.26ms
step:729/1680 train_time:280128ms step_avg:384.26ms
step:730/1680 train_time:280511ms step_avg:384.26ms
step:731/1680 train_time:280889ms step_avg:384.25ms
step:732/1680 train_time:281272ms step_avg:384.25ms
step:733/1680 train_time:281652ms step_avg:384.25ms
step:734/1680 train_time:282037ms step_avg:384.25ms
step:735/1680 train_time:282419ms step_avg:384.24ms
step:736/1680 train_time:282806ms step_avg:384.25ms
step:737/1680 train_time:283187ms step_avg:384.24ms
step:738/1680 train_time:283568ms step_avg:384.24ms
step:739/1680 train_time:283952ms step_avg:384.24ms
step:740/1680 train_time:284334ms step_avg:384.24ms
step:741/1680 train_time:284717ms step_avg:384.23ms
step:742/1680 train_time:285101ms step_avg:384.23ms
step:743/1680 train_time:285480ms step_avg:384.23ms
step:744/1680 train_time:285866ms step_avg:384.23ms
step:745/1680 train_time:286253ms step_avg:384.23ms
step:746/1680 train_time:286637ms step_avg:384.23ms
step:747/1680 train_time:287023ms step_avg:384.23ms
step:748/1680 train_time:287404ms step_avg:384.23ms
step:749/1680 train_time:287788ms step_avg:384.23ms
step:750/1680 train_time:288174ms step_avg:384.23ms
step:750/1680 val_loss:3.5618 train_time:288460ms step_avg:384.61ms
step:751/1680 train_time:288687ms step_avg:384.40ms
step:752/1680 train_time:289044ms step_avg:384.37ms
step:753/1680 train_time:289435ms step_avg:384.38ms
step:754/1680 train_time:289810ms step_avg:384.36ms
step:755/1680 train_time:290180ms step_avg:384.34ms
step:756/1680 train_time:290565ms step_avg:384.35ms
step:757/1680 train_time:290946ms step_avg:384.34ms
step:758/1680 train_time:291330ms step_avg:384.34ms
step:759/1680 train_time:291711ms step_avg:384.34ms
step:760/1680 train_time:292096ms step_avg:384.34ms
step:761/1680 train_time:292479ms step_avg:384.34ms
step:762/1680 train_time:292865ms step_avg:384.34ms
step:763/1680 train_time:293251ms step_avg:384.34ms
step:764/1680 train_time:293636ms step_avg:384.34ms
step:765/1680 train_time:294020ms step_avg:384.34ms
step:766/1680 train_time:294406ms step_avg:384.34ms
step:767/1680 train_time:294790ms step_avg:384.34ms
step:768/1680 train_time:295179ms step_avg:384.35ms
step:769/1680 train_time:295559ms step_avg:384.34ms
step:770/1680 train_time:295940ms step_avg:384.34ms
step:771/1680 train_time:296318ms step_avg:384.33ms
step:772/1680 train_time:296706ms step_avg:384.33ms
step:773/1680 train_time:297103ms step_avg:384.35ms
step:774/1680 train_time:297483ms step_avg:384.34ms
step:775/1680 train_time:297859ms step_avg:384.33ms
step:776/1680 train_time:298246ms step_avg:384.34ms
step:777/1680 train_time:298625ms step_avg:384.33ms
step:778/1680 train_time:299014ms step_avg:384.34ms
step:779/1680 train_time:299399ms step_avg:384.34ms
step:780/1680 train_time:299782ms step_avg:384.34ms
step:781/1680 train_time:300166ms step_avg:384.33ms
step:782/1680 train_time:300547ms step_avg:384.33ms
step:783/1680 train_time:300931ms step_avg:384.33ms
step:784/1680 train_time:301313ms step_avg:384.33ms
step:785/1680 train_time:301692ms step_avg:384.32ms
step:786/1680 train_time:302075ms step_avg:384.32ms
step:787/1680 train_time:302460ms step_avg:384.32ms
step:788/1680 train_time:302843ms step_avg:384.32ms
step:789/1680 train_time:303228ms step_avg:384.32ms
step:790/1680 train_time:303611ms step_avg:384.32ms
step:791/1680 train_time:303991ms step_avg:384.31ms
step:792/1680 train_time:304371ms step_avg:384.31ms
step:793/1680 train_time:304753ms step_avg:384.30ms
step:794/1680 train_time:305138ms step_avg:384.30ms
step:795/1680 train_time:305523ms step_avg:384.31ms
step:796/1680 train_time:305902ms step_avg:384.30ms
step:797/1680 train_time:306284ms step_avg:384.30ms
step:798/1680 train_time:306669ms step_avg:384.30ms
step:799/1680 train_time:307051ms step_avg:384.29ms
step:800/1680 train_time:307442ms step_avg:384.30ms
step:801/1680 train_time:307816ms step_avg:384.29ms
step:802/1680 train_time:308214ms step_avg:384.31ms
step:803/1680 train_time:308585ms step_avg:384.29ms
step:804/1680 train_time:308962ms step_avg:384.28ms
step:805/1680 train_time:309344ms step_avg:384.28ms
step:806/1680 train_time:309725ms step_avg:384.27ms
step:807/1680 train_time:310111ms step_avg:384.28ms
step:808/1680 train_time:310494ms step_avg:384.27ms
step:809/1680 train_time:310875ms step_avg:384.27ms
step:810/1680 train_time:311257ms step_avg:384.27ms
step:811/1680 train_time:311642ms step_avg:384.27ms
step:812/1680 train_time:312023ms step_avg:384.27ms
step:813/1680 train_time:312407ms step_avg:384.26ms
step:814/1680 train_time:312788ms step_avg:384.26ms
step:815/1680 train_time:313170ms step_avg:384.26ms
step:816/1680 train_time:313550ms step_avg:384.25ms
step:817/1680 train_time:313933ms step_avg:384.25ms
step:818/1680 train_time:314316ms step_avg:384.25ms
step:819/1680 train_time:314695ms step_avg:384.24ms
step:820/1680 train_time:315076ms step_avg:384.24ms
step:821/1680 train_time:315458ms step_avg:384.24ms
step:822/1680 train_time:315838ms step_avg:384.23ms
step:823/1680 train_time:316224ms step_avg:384.23ms
step:824/1680 train_time:316602ms step_avg:384.23ms
step:825/1680 train_time:316987ms step_avg:384.23ms
step:826/1680 train_time:317369ms step_avg:384.22ms
step:827/1680 train_time:317755ms step_avg:384.23ms
step:828/1680 train_time:318135ms step_avg:384.22ms
step:829/1680 train_time:318523ms step_avg:384.23ms
step:830/1680 train_time:318905ms step_avg:384.22ms
step:831/1680 train_time:319290ms step_avg:384.22ms
step:832/1680 train_time:319670ms step_avg:384.22ms
step:833/1680 train_time:320052ms step_avg:384.22ms
step:834/1680 train_time:320436ms step_avg:384.22ms
step:835/1680 train_time:320817ms step_avg:384.21ms
step:836/1680 train_time:321200ms step_avg:384.21ms
step:837/1680 train_time:321588ms step_avg:384.22ms
step:838/1680 train_time:321972ms step_avg:384.21ms
step:839/1680 train_time:322355ms step_avg:384.21ms
step:840/1680 train_time:322735ms step_avg:384.21ms
step:841/1680 train_time:323123ms step_avg:384.21ms
step:842/1680 train_time:323504ms step_avg:384.21ms
step:843/1680 train_time:323886ms step_avg:384.21ms
step:844/1680 train_time:324270ms step_avg:384.21ms
step:845/1680 train_time:324653ms step_avg:384.20ms
step:846/1680 train_time:325038ms step_avg:384.21ms
step:847/1680 train_time:325417ms step_avg:384.20ms
step:848/1680 train_time:325803ms step_avg:384.20ms
step:849/1680 train_time:326189ms step_avg:384.20ms
step:850/1680 train_time:326575ms step_avg:384.21ms
step:851/1680 train_time:326956ms step_avg:384.20ms
step:852/1680 train_time:327339ms step_avg:384.20ms
step:853/1680 train_time:327722ms step_avg:384.20ms
step:854/1680 train_time:328105ms step_avg:384.20ms
step:855/1680 train_time:328488ms step_avg:384.20ms
step:856/1680 train_time:328864ms step_avg:384.19ms
step:857/1680 train_time:329250ms step_avg:384.19ms
step:858/1680 train_time:329635ms step_avg:384.19ms
step:859/1680 train_time:330020ms step_avg:384.19ms
step:860/1680 train_time:330402ms step_avg:384.19ms
step:861/1680 train_time:330786ms step_avg:384.19ms
step:862/1680 train_time:331171ms step_avg:384.19ms
step:863/1680 train_time:331555ms step_avg:384.19ms
step:864/1680 train_time:331948ms step_avg:384.20ms
step:865/1680 train_time:332327ms step_avg:384.19ms
step:866/1680 train_time:332716ms step_avg:384.20ms
step:867/1680 train_time:333096ms step_avg:384.19ms
step:868/1680 train_time:333471ms step_avg:384.18ms
step:869/1680 train_time:333853ms step_avg:384.18ms
step:870/1680 train_time:334234ms step_avg:384.18ms
step:871/1680 train_time:334614ms step_avg:384.17ms
step:872/1680 train_time:334994ms step_avg:384.17ms
step:873/1680 train_time:335373ms step_avg:384.16ms
step:874/1680 train_time:335754ms step_avg:384.16ms
step:875/1680 train_time:336140ms step_avg:384.16ms
step:875/1680 val_loss:3.5168 train_time:336425ms step_avg:384.49ms
step:876/1680 train_time:336635ms step_avg:384.29ms
step:877/1680 train_time:336974ms step_avg:384.23ms
step:878/1680 train_time:337358ms step_avg:384.24ms
step:879/1680 train_time:337744ms step_avg:384.24ms
step:880/1680 train_time:338129ms step_avg:384.24ms
step:881/1680 train_time:338514ms step_avg:384.24ms
step:882/1680 train_time:338889ms step_avg:384.23ms
step:883/1680 train_time:339273ms step_avg:384.23ms
step:884/1680 train_time:339661ms step_avg:384.23ms
step:885/1680 train_time:340044ms step_avg:384.23ms
step:886/1680 train_time:340421ms step_avg:384.22ms
step:887/1680 train_time:340802ms step_avg:384.22ms
step:888/1680 train_time:341184ms step_avg:384.22ms
step:889/1680 train_time:341569ms step_avg:384.22ms
step:890/1680 train_time:341947ms step_avg:384.21ms
step:891/1680 train_time:342332ms step_avg:384.21ms
step:892/1680 train_time:342711ms step_avg:384.20ms
step:893/1680 train_time:343092ms step_avg:384.20ms
step:894/1680 train_time:343481ms step_avg:384.21ms
step:895/1680 train_time:343866ms step_avg:384.21ms
step:896/1680 train_time:344240ms step_avg:384.20ms
step:897/1680 train_time:344630ms step_avg:384.20ms
step:898/1680 train_time:345012ms step_avg:384.20ms
step:899/1680 train_time:345394ms step_avg:384.20ms
step:900/1680 train_time:345776ms step_avg:384.20ms
step:901/1680 train_time:346157ms step_avg:384.19ms
step:902/1680 train_time:346541ms step_avg:384.19ms
step:903/1680 train_time:346925ms step_avg:384.19ms
step:904/1680 train_time:347310ms step_avg:384.19ms
step:905/1680 train_time:347690ms step_avg:384.19ms
step:906/1680 train_time:348075ms step_avg:384.19ms
step:907/1680 train_time:348462ms step_avg:384.19ms
step:908/1680 train_time:348846ms step_avg:384.19ms
step:909/1680 train_time:349225ms step_avg:384.19ms
step:910/1680 train_time:349608ms step_avg:384.18ms
step:911/1680 train_time:349988ms step_avg:384.18ms
step:912/1680 train_time:350375ms step_avg:384.18ms
step:913/1680 train_time:350755ms step_avg:384.18ms
step:914/1680 train_time:351138ms step_avg:384.18ms
step:915/1680 train_time:351524ms step_avg:384.18ms
step:916/1680 train_time:351905ms step_avg:384.18ms
step:917/1680 train_time:352287ms step_avg:384.17ms
step:918/1680 train_time:352671ms step_avg:384.17ms
step:919/1680 train_time:353050ms step_avg:384.17ms
step:920/1680 train_time:353430ms step_avg:384.16ms
step:921/1680 train_time:353814ms step_avg:384.16ms
step:922/1680 train_time:354197ms step_avg:384.16ms
step:923/1680 train_time:354576ms step_avg:384.16ms
step:924/1680 train_time:354960ms step_avg:384.16ms
step:925/1680 train_time:355343ms step_avg:384.15ms
step:926/1680 train_time:355721ms step_avg:384.15ms
step:927/1680 train_time:356101ms step_avg:384.14ms
step:928/1680 train_time:356484ms step_avg:384.14ms
step:929/1680 train_time:356865ms step_avg:384.14ms
step:930/1680 train_time:357249ms step_avg:384.14ms
step:931/1680 train_time:357630ms step_avg:384.14ms
step:932/1680 train_time:358008ms step_avg:384.13ms
step:933/1680 train_time:358394ms step_avg:384.13ms
step:934/1680 train_time:358776ms step_avg:384.13ms
step:935/1680 train_time:359162ms step_avg:384.13ms
step:936/1680 train_time:359546ms step_avg:384.13ms
step:937/1680 train_time:359930ms step_avg:384.13ms
step:938/1680 train_time:360319ms step_avg:384.14ms
step:939/1680 train_time:360698ms step_avg:384.13ms
step:940/1680 train_time:361077ms step_avg:384.12ms
step:941/1680 train_time:361461ms step_avg:384.12ms
step:942/1680 train_time:361843ms step_avg:384.12ms
step:943/1680 train_time:362225ms step_avg:384.12ms
step:944/1680 train_time:362610ms step_avg:384.12ms
step:945/1680 train_time:362990ms step_avg:384.12ms
step:946/1680 train_time:363374ms step_avg:384.12ms
step:947/1680 train_time:363755ms step_avg:384.11ms
step:948/1680 train_time:364138ms step_avg:384.11ms
step:949/1680 train_time:364519ms step_avg:384.11ms
step:950/1680 train_time:364901ms step_avg:384.11ms
step:951/1680 train_time:365284ms step_avg:384.11ms
step:952/1680 train_time:365665ms step_avg:384.10ms
step:953/1680 train_time:366047ms step_avg:384.10ms
step:954/1680 train_time:366436ms step_avg:384.10ms
step:955/1680 train_time:366817ms step_avg:384.10ms
step:956/1680 train_time:367201ms step_avg:384.10ms
step:957/1680 train_time:367588ms step_avg:384.10ms
step:958/1680 train_time:367971ms step_avg:384.10ms
step:959/1680 train_time:368351ms step_avg:384.10ms
step:960/1680 train_time:368732ms step_avg:384.10ms
step:961/1680 train_time:369116ms step_avg:384.10ms
step:962/1680 train_time:369499ms step_avg:384.10ms
step:963/1680 train_time:369884ms step_avg:384.10ms
step:964/1680 train_time:370269ms step_avg:384.10ms
step:965/1680 train_time:370652ms step_avg:384.10ms
step:966/1680 train_time:371035ms step_avg:384.09ms
step:967/1680 train_time:371415ms step_avg:384.09ms
step:968/1680 train_time:371797ms step_avg:384.09ms
step:969/1680 train_time:372178ms step_avg:384.08ms
step:970/1680 train_time:372562ms step_avg:384.08ms
step:971/1680 train_time:372945ms step_avg:384.08ms
step:972/1680 train_time:373325ms step_avg:384.08ms
step:973/1680 train_time:373710ms step_avg:384.08ms
step:974/1680 train_time:374093ms step_avg:384.08ms
step:975/1680 train_time:374476ms step_avg:384.08ms
step:976/1680 train_time:374858ms step_avg:384.08ms
step:977/1680 train_time:375242ms step_avg:384.08ms
step:978/1680 train_time:375627ms step_avg:384.08ms
step:979/1680 train_time:376006ms step_avg:384.07ms
step:980/1680 train_time:376387ms step_avg:384.07ms
step:981/1680 train_time:376772ms step_avg:384.07ms
step:982/1680 train_time:377156ms step_avg:384.07ms
step:983/1680 train_time:377540ms step_avg:384.07ms
step:984/1680 train_time:377923ms step_avg:384.07ms
step:985/1680 train_time:378307ms step_avg:384.07ms
step:986/1680 train_time:378694ms step_avg:384.07ms
step:987/1680 train_time:379074ms step_avg:384.07ms
step:988/1680 train_time:379459ms step_avg:384.07ms
step:989/1680 train_time:379839ms step_avg:384.06ms
step:990/1680 train_time:380221ms step_avg:384.06ms
step:991/1680 train_time:380600ms step_avg:384.06ms
step:992/1680 train_time:380987ms step_avg:384.06ms
step:993/1680 train_time:381370ms step_avg:384.06ms
step:994/1680 train_time:381751ms step_avg:384.06ms
step:995/1680 train_time:382133ms step_avg:384.05ms
step:996/1680 train_time:382517ms step_avg:384.05ms
step:997/1680 train_time:382905ms step_avg:384.06ms
step:998/1680 train_time:383283ms step_avg:384.05ms
step:999/1680 train_time:383670ms step_avg:384.05ms
step:1000/1680 train_time:384051ms step_avg:384.05ms
step:1000/1680 val_loss:3.4658 train_time:384337ms step_avg:384.34ms
step:1001/1680 train_time:384548ms step_avg:384.16ms
step:1002/1680 train_time:384880ms step_avg:384.11ms
step:1003/1680 train_time:385260ms step_avg:384.11ms
step:1004/1680 train_time:385644ms step_avg:384.11ms
step:1005/1680 train_time:386031ms step_avg:384.11ms
step:1006/1680 train_time:386412ms step_avg:384.11ms
step:1007/1680 train_time:386795ms step_avg:384.11ms
step:1008/1680 train_time:387180ms step_avg:384.11ms
step:1009/1680 train_time:387564ms step_avg:384.11ms
step:1010/1680 train_time:387945ms step_avg:384.10ms
step:1011/1680 train_time:388328ms step_avg:384.10ms
step:1012/1680 train_time:388713ms step_avg:384.10ms
step:1013/1680 train_time:389096ms step_avg:384.10ms
step:1014/1680 train_time:389476ms step_avg:384.10ms
step:1015/1680 train_time:389858ms step_avg:384.10ms
step:1016/1680 train_time:390244ms step_avg:384.10ms
step:1017/1680 train_time:390626ms step_avg:384.10ms
step:1018/1680 train_time:391012ms step_avg:384.10ms
step:1019/1680 train_time:391395ms step_avg:384.10ms
step:1020/1680 train_time:391773ms step_avg:384.09ms
step:1021/1680 train_time:392153ms step_avg:384.09ms
step:1022/1680 train_time:392541ms step_avg:384.09ms
step:1023/1680 train_time:392928ms step_avg:384.09ms
step:1024/1680 train_time:393310ms step_avg:384.09ms
step:1025/1680 train_time:393696ms step_avg:384.09ms
step:1026/1680 train_time:394078ms step_avg:384.09ms
step:1027/1680 train_time:394461ms step_avg:384.09ms
step:1028/1680 train_time:394841ms step_avg:384.09ms
step:1029/1680 train_time:395228ms step_avg:384.09ms
step:1030/1680 train_time:395614ms step_avg:384.09ms
step:1031/1680 train_time:395994ms step_avg:384.09ms
step:1032/1680 train_time:396392ms step_avg:384.10ms
step:1033/1680 train_time:396753ms step_avg:384.08ms
step:1034/1680 train_time:397140ms step_avg:384.08ms
step:1035/1680 train_time:397522ms step_avg:384.08ms
step:1036/1680 train_time:397909ms step_avg:384.08ms
step:1037/1680 train_time:398297ms step_avg:384.09ms
step:1038/1680 train_time:398680ms step_avg:384.08ms
step:1039/1680 train_time:399061ms step_avg:384.08ms
step:1040/1680 train_time:399443ms step_avg:384.08ms
step:1041/1680 train_time:399843ms step_avg:384.09ms
step:1042/1680 train_time:400211ms step_avg:384.08ms
step:1043/1680 train_time:400591ms step_avg:384.08ms
step:1044/1680 train_time:400976ms step_avg:384.08ms
step:1045/1680 train_time:401364ms step_avg:384.08ms
step:1046/1680 train_time:401751ms step_avg:384.08ms
step:1047/1680 train_time:402134ms step_avg:384.08ms
step:1048/1680 train_time:402518ms step_avg:384.08ms
step:1049/1680 train_time:402900ms step_avg:384.08ms
step:1050/1680 train_time:403293ms step_avg:384.09ms
step:1051/1680 train_time:403671ms step_avg:384.08ms
step:1052/1680 train_time:404054ms step_avg:384.08ms
step:1053/1680 train_time:404437ms step_avg:384.08ms
step:1054/1680 train_time:404821ms step_avg:384.08ms
step:1055/1680 train_time:405206ms step_avg:384.08ms
step:1056/1680 train_time:405594ms step_avg:384.09ms
step:1057/1680 train_time:405976ms step_avg:384.08ms
step:1058/1680 train_time:406358ms step_avg:384.08ms
step:1059/1680 train_time:406738ms step_avg:384.08ms
step:1060/1680 train_time:407140ms step_avg:384.09ms
step:1061/1680 train_time:407522ms step_avg:384.09ms
step:1062/1680 train_time:407906ms step_avg:384.09ms
step:1063/1680 train_time:408277ms step_avg:384.08ms
step:1064/1680 train_time:408655ms step_avg:384.07ms
step:1065/1680 train_time:409043ms step_avg:384.08ms
step:1066/1680 train_time:409424ms step_avg:384.07ms
step:1067/1680 train_time:409810ms step_avg:384.08ms
step:1068/1680 train_time:410190ms step_avg:384.07ms
step:1069/1680 train_time:410573ms step_avg:384.07ms
step:1070/1680 train_time:410955ms step_avg:384.07ms
step:1071/1680 train_time:411338ms step_avg:384.07ms
step:1072/1680 train_time:411721ms step_avg:384.07ms
step:1073/1680 train_time:412105ms step_avg:384.07ms
step:1074/1680 train_time:412487ms step_avg:384.07ms
step:1075/1680 train_time:412867ms step_avg:384.06ms
step:1076/1680 train_time:413251ms step_avg:384.06ms
step:1077/1680 train_time:413633ms step_avg:384.06ms
step:1078/1680 train_time:414016ms step_avg:384.06ms
step:1079/1680 train_time:414400ms step_avg:384.06ms
step:1080/1680 train_time:414786ms step_avg:384.06ms
step:1081/1680 train_time:415168ms step_avg:384.06ms
step:1082/1680 train_time:415551ms step_avg:384.06ms
step:1083/1680 train_time:415936ms step_avg:384.06ms
step:1084/1680 train_time:416317ms step_avg:384.06ms
step:1085/1680 train_time:416694ms step_avg:384.05ms
step:1086/1680 train_time:417080ms step_avg:384.05ms
step:1087/1680 train_time:417463ms step_avg:384.05ms
step:1088/1680 train_time:417843ms step_avg:384.05ms
step:1089/1680 train_time:418229ms step_avg:384.05ms
step:1090/1680 train_time:418609ms step_avg:384.04ms
step:1091/1680 train_time:418994ms step_avg:384.05ms
step:1092/1680 train_time:419378ms step_avg:384.05ms
step:1093/1680 train_time:419763ms step_avg:384.05ms
step:1094/1680 train_time:420149ms step_avg:384.05ms
step:1095/1680 train_time:420531ms step_avg:384.05ms
step:1096/1680 train_time:420918ms step_avg:384.05ms
step:1097/1680 train_time:421297ms step_avg:384.04ms
step:1098/1680 train_time:421682ms step_avg:384.05ms
step:1099/1680 train_time:422066ms step_avg:384.05ms
step:1100/1680 train_time:422450ms step_avg:384.05ms
step:1101/1680 train_time:422829ms step_avg:384.04ms
step:1102/1680 train_time:423212ms step_avg:384.04ms
step:1103/1680 train_time:423594ms step_avg:384.04ms
step:1104/1680 train_time:423977ms step_avg:384.04ms
step:1105/1680 train_time:424363ms step_avg:384.04ms
step:1106/1680 train_time:424742ms step_avg:384.03ms
step:1107/1680 train_time:425130ms step_avg:384.04ms
step:1108/1680 train_time:425509ms step_avg:384.03ms
step:1109/1680 train_time:425892ms step_avg:384.03ms
step:1110/1680 train_time:426282ms step_avg:384.04ms
step:1111/1680 train_time:426656ms step_avg:384.03ms
step:1112/1680 train_time:427040ms step_avg:384.03ms
step:1113/1680 train_time:427421ms step_avg:384.03ms
step:1114/1680 train_time:427803ms step_avg:384.02ms
step:1115/1680 train_time:428186ms step_avg:384.02ms
step:1116/1680 train_time:428563ms step_avg:384.02ms
step:1117/1680 train_time:428947ms step_avg:384.02ms
step:1118/1680 train_time:429333ms step_avg:384.02ms
step:1119/1680 train_time:429718ms step_avg:384.02ms
step:1120/1680 train_time:430103ms step_avg:384.02ms
step:1121/1680 train_time:430487ms step_avg:384.02ms
step:1122/1680 train_time:430865ms step_avg:384.02ms
step:1123/1680 train_time:431248ms step_avg:384.01ms
step:1124/1680 train_time:431626ms step_avg:384.01ms
step:1125/1680 train_time:432008ms step_avg:384.01ms
step:1125/1680 val_loss:3.4142 train_time:432296ms step_avg:384.26ms
step:1126/1680 train_time:432509ms step_avg:384.11ms
step:1127/1680 train_time:432838ms step_avg:384.06ms
step:1128/1680 train_time:433221ms step_avg:384.06ms
step:1129/1680 train_time:433607ms step_avg:384.06ms
step:1130/1680 train_time:433986ms step_avg:384.06ms
step:1131/1680 train_time:434373ms step_avg:384.06ms
step:1132/1680 train_time:434753ms step_avg:384.06ms
step:1133/1680 train_time:435137ms step_avg:384.06ms
step:1134/1680 train_time:435518ms step_avg:384.05ms
step:1135/1680 train_time:435900ms step_avg:384.05ms
step:1136/1680 train_time:436285ms step_avg:384.05ms
step:1137/1680 train_time:436688ms step_avg:384.07ms
step:1138/1680 train_time:437052ms step_avg:384.05ms
step:1139/1680 train_time:437434ms step_avg:384.05ms
step:1140/1680 train_time:437815ms step_avg:384.05ms
step:1141/1680 train_time:438204ms step_avg:384.05ms
step:1142/1680 train_time:438586ms step_avg:384.05ms
step:1143/1680 train_time:438968ms step_avg:384.05ms
step:1144/1680 train_time:439348ms step_avg:384.05ms
step:1145/1680 train_time:439732ms step_avg:384.05ms
step:1146/1680 train_time:440118ms step_avg:384.05ms
step:1147/1680 train_time:440499ms step_avg:384.04ms
step:1148/1680 train_time:440888ms step_avg:384.05ms
step:1149/1680 train_time:441270ms step_avg:384.05ms
step:1150/1680 train_time:441654ms step_avg:384.05ms
step:1151/1680 train_time:442040ms step_avg:384.05ms
step:1152/1680 train_time:442422ms step_avg:384.05ms
step:1153/1680 train_time:442801ms step_avg:384.04ms
step:1154/1680 train_time:443186ms step_avg:384.04ms
step:1155/1680 train_time:443567ms step_avg:384.04ms
step:1156/1680 train_time:443951ms step_avg:384.04ms
step:1157/1680 train_time:444330ms step_avg:384.04ms
step:1158/1680 train_time:444713ms step_avg:384.04ms
step:1159/1680 train_time:445094ms step_avg:384.03ms
step:1160/1680 train_time:445482ms step_avg:384.04ms
step:1161/1680 train_time:445864ms step_avg:384.03ms
step:1162/1680 train_time:446253ms step_avg:384.04ms
step:1163/1680 train_time:446631ms step_avg:384.03ms
step:1164/1680 train_time:447018ms step_avg:384.04ms
step:1165/1680 train_time:447404ms step_avg:384.04ms
step:1166/1680 train_time:447785ms step_avg:384.04ms
step:1167/1680 train_time:448181ms step_avg:384.05ms
step:1168/1680 train_time:448558ms step_avg:384.04ms
step:1169/1680 train_time:448933ms step_avg:384.03ms
step:1170/1680 train_time:449313ms step_avg:384.03ms
step:1171/1680 train_time:449690ms step_avg:384.02ms
step:1172/1680 train_time:450077ms step_avg:384.02ms
step:1173/1680 train_time:450458ms step_avg:384.02ms
step:1174/1680 train_time:450840ms step_avg:384.02ms
step:1175/1680 train_time:451227ms step_avg:384.02ms
step:1176/1680 train_time:451608ms step_avg:384.02ms
step:1177/1680 train_time:451990ms step_avg:384.02ms
step:1178/1680 train_time:452379ms step_avg:384.02ms
step:1179/1680 train_time:452761ms step_avg:384.02ms
step:1180/1680 train_time:453146ms step_avg:384.02ms
step:1181/1680 train_time:453527ms step_avg:384.02ms
step:1182/1680 train_time:453907ms step_avg:384.02ms
step:1183/1680 train_time:454289ms step_avg:384.01ms
step:1184/1680 train_time:454668ms step_avg:384.01ms
step:1185/1680 train_time:455053ms step_avg:384.01ms
step:1186/1680 train_time:455436ms step_avg:384.01ms
step:1187/1680 train_time:455817ms step_avg:384.01ms
step:1188/1680 train_time:456200ms step_avg:384.01ms
step:1189/1680 train_time:456584ms step_avg:384.01ms
step:1190/1680 train_time:456966ms step_avg:384.01ms
step:1191/1680 train_time:457352ms step_avg:384.01ms
step:1192/1680 train_time:457733ms step_avg:384.00ms
step:1193/1680 train_time:458118ms step_avg:384.01ms
step:1194/1680 train_time:458500ms step_avg:384.00ms
step:1195/1680 train_time:458884ms step_avg:384.00ms
step:1196/1680 train_time:459268ms step_avg:384.00ms
step:1197/1680 train_time:459648ms step_avg:384.00ms
step:1198/1680 train_time:460034ms step_avg:384.00ms
step:1199/1680 train_time:460414ms step_avg:384.00ms
step:1200/1680 train_time:460796ms step_avg:384.00ms
step:1201/1680 train_time:461182ms step_avg:384.00ms
step:1202/1680 train_time:461566ms step_avg:384.00ms
step:1203/1680 train_time:461949ms step_avg:384.00ms
step:1204/1680 train_time:462329ms step_avg:383.99ms
step:1205/1680 train_time:462711ms step_avg:383.99ms
step:1206/1680 train_time:463093ms step_avg:383.99ms
step:1207/1680 train_time:463474ms step_avg:383.99ms
step:1208/1680 train_time:463857ms step_avg:383.99ms
step:1209/1680 train_time:464242ms step_avg:383.99ms
step:1210/1680 train_time:464622ms step_avg:383.99ms
step:1211/1680 train_time:465007ms step_avg:383.99ms
step:1212/1680 train_time:465392ms step_avg:383.99ms
step:1213/1680 train_time:465775ms step_avg:383.99ms
step:1214/1680 train_time:466156ms step_avg:383.98ms
step:1215/1680 train_time:466535ms step_avg:383.98ms
step:1216/1680 train_time:466916ms step_avg:383.98ms
step:1217/1680 train_time:467297ms step_avg:383.97ms
step:1218/1680 train_time:467679ms step_avg:383.97ms
step:1219/1680 train_time:468064ms step_avg:383.97ms
step:1220/1680 train_time:468451ms step_avg:383.98ms
step:1221/1680 train_time:468835ms step_avg:383.98ms
step:1222/1680 train_time:469217ms step_avg:383.97ms
step:1223/1680 train_time:469603ms step_avg:383.98ms
step:1224/1680 train_time:469980ms step_avg:383.97ms
step:1225/1680 train_time:470365ms step_avg:383.97ms
step:1226/1680 train_time:470752ms step_avg:383.97ms
step:1227/1680 train_time:471141ms step_avg:383.98ms
step:1228/1680 train_time:471518ms step_avg:383.97ms
step:1229/1680 train_time:471898ms step_avg:383.97ms
step:1230/1680 train_time:472281ms step_avg:383.97ms
step:1231/1680 train_time:472660ms step_avg:383.96ms
step:1232/1680 train_time:473044ms step_avg:383.96ms
step:1233/1680 train_time:473427ms step_avg:383.96ms
step:1234/1680 train_time:473810ms step_avg:383.96ms
step:1235/1680 train_time:474191ms step_avg:383.96ms
step:1236/1680 train_time:474574ms step_avg:383.96ms
step:1237/1680 train_time:474959ms step_avg:383.96ms
step:1238/1680 train_time:475341ms step_avg:383.96ms
step:1239/1680 train_time:475721ms step_avg:383.96ms
step:1240/1680 train_time:476105ms step_avg:383.96ms
step:1241/1680 train_time:476487ms step_avg:383.95ms
step:1242/1680 train_time:476872ms step_avg:383.95ms
step:1243/1680 train_time:477253ms step_avg:383.95ms
step:1244/1680 train_time:477639ms step_avg:383.95ms
step:1245/1680 train_time:478022ms step_avg:383.95ms
step:1246/1680 train_time:478405ms step_avg:383.95ms
step:1247/1680 train_time:478785ms step_avg:383.95ms
step:1248/1680 train_time:479169ms step_avg:383.95ms
step:1249/1680 train_time:479559ms step_avg:383.95ms
step:1250/1680 train_time:479943ms step_avg:383.95ms
step:1250/1680 val_loss:3.3752 train_time:480225ms step_avg:384.18ms
step:1251/1680 train_time:480440ms step_avg:384.04ms
step:1252/1680 train_time:480788ms step_avg:384.02ms
step:1253/1680 train_time:481178ms step_avg:384.02ms
step:1254/1680 train_time:481562ms step_avg:384.02ms
step:1255/1680 train_time:481941ms step_avg:384.02ms
step:1256/1680 train_time:482325ms step_avg:384.02ms
step:1257/1680 train_time:482710ms step_avg:384.02ms
step:1258/1680 train_time:483092ms step_avg:384.02ms
step:1259/1680 train_time:483477ms step_avg:384.02ms
step:1260/1680 train_time:483863ms step_avg:384.02ms
step:1261/1680 train_time:484246ms step_avg:384.02ms
step:1262/1680 train_time:484627ms step_avg:384.01ms
step:1263/1680 train_time:485012ms step_avg:384.02ms
step:1264/1680 train_time:485392ms step_avg:384.01ms
step:1265/1680 train_time:485773ms step_avg:384.01ms
step:1266/1680 train_time:486157ms step_avg:384.01ms
step:1267/1680 train_time:486541ms step_avg:384.01ms
step:1268/1680 train_time:486929ms step_avg:384.01ms
step:1269/1680 train_time:487314ms step_avg:384.01ms
step:1270/1680 train_time:487699ms step_avg:384.01ms
step:1271/1680 train_time:488082ms step_avg:384.01ms
step:1272/1680 train_time:488463ms step_avg:384.01ms
step:1273/1680 train_time:488847ms step_avg:384.01ms
step:1274/1680 train_time:489228ms step_avg:384.01ms
step:1275/1680 train_time:489608ms step_avg:384.01ms
step:1276/1680 train_time:489990ms step_avg:384.00ms
step:1277/1680 train_time:490374ms step_avg:384.00ms
step:1278/1680 train_time:490756ms step_avg:384.00ms
step:1279/1680 train_time:491136ms step_avg:384.00ms
step:1280/1680 train_time:491520ms step_avg:384.00ms
step:1281/1680 train_time:491903ms step_avg:384.00ms
step:1282/1680 train_time:492293ms step_avg:384.00ms
step:1283/1680 train_time:492672ms step_avg:384.00ms
step:1284/1680 train_time:493057ms step_avg:384.00ms
step:1285/1680 train_time:493443ms step_avg:384.00ms
step:1286/1680 train_time:493826ms step_avg:384.00ms
step:1287/1680 train_time:494209ms step_avg:384.00ms
step:1288/1680 train_time:494593ms step_avg:384.00ms
step:1289/1680 train_time:494976ms step_avg:384.00ms
step:1290/1680 train_time:495361ms step_avg:384.00ms
step:1291/1680 train_time:495745ms step_avg:384.00ms
step:1292/1680 train_time:496130ms step_avg:384.00ms
step:1293/1680 train_time:496510ms step_avg:384.00ms
step:1294/1680 train_time:496892ms step_avg:384.00ms
step:1295/1680 train_time:497279ms step_avg:384.00ms
step:1296/1680 train_time:497660ms step_avg:384.00ms
step:1297/1680 train_time:498045ms step_avg:384.00ms
step:1298/1680 train_time:498426ms step_avg:384.00ms
step:1299/1680 train_time:498812ms step_avg:384.00ms
step:1300/1680 train_time:499193ms step_avg:383.99ms
step:1301/1680 train_time:499576ms step_avg:383.99ms
step:1302/1680 train_time:499959ms step_avg:383.99ms
step:1303/1680 train_time:500344ms step_avg:383.99ms
step:1304/1680 train_time:500729ms step_avg:383.99ms
step:1305/1680 train_time:501113ms step_avg:383.99ms
step:1306/1680 train_time:501491ms step_avg:383.99ms
step:1307/1680 train_time:501877ms step_avg:383.99ms
step:1308/1680 train_time:502264ms step_avg:383.99ms
step:1309/1680 train_time:502646ms step_avg:383.99ms
step:1310/1680 train_time:503029ms step_avg:383.99ms
step:1311/1680 train_time:503410ms step_avg:383.99ms
step:1312/1680 train_time:503796ms step_avg:383.99ms
step:1313/1680 train_time:504178ms step_avg:383.99ms
step:1314/1680 train_time:504565ms step_avg:383.99ms
step:1315/1680 train_time:504947ms step_avg:383.99ms
step:1316/1680 train_time:505332ms step_avg:383.99ms
step:1317/1680 train_time:505717ms step_avg:383.99ms
step:1318/1680 train_time:506099ms step_avg:383.99ms
step:1319/1680 train_time:506479ms step_avg:383.99ms
step:1320/1680 train_time:506864ms step_avg:383.99ms
step:1321/1680 train_time:507250ms step_avg:383.99ms
step:1322/1680 train_time:507635ms step_avg:383.99ms
step:1323/1680 train_time:508017ms step_avg:383.99ms
step:1324/1680 train_time:508401ms step_avg:383.99ms
step:1325/1680 train_time:508780ms step_avg:383.98ms
step:1326/1680 train_time:509165ms step_avg:383.99ms
step:1327/1680 train_time:509548ms step_avg:383.98ms
step:1328/1680 train_time:509931ms step_avg:383.98ms
step:1329/1680 train_time:510312ms step_avg:383.98ms
step:1330/1680 train_time:510691ms step_avg:383.98ms
step:1331/1680 train_time:511074ms step_avg:383.98ms
step:1332/1680 train_time:511458ms step_avg:383.98ms
step:1333/1680 train_time:511839ms step_avg:383.98ms
step:1334/1680 train_time:512224ms step_avg:383.98ms
step:1335/1680 train_time:512607ms step_avg:383.98ms
step:1336/1680 train_time:512990ms step_avg:383.97ms
step:1337/1680 train_time:513374ms step_avg:383.97ms
step:1338/1680 train_time:513761ms step_avg:383.98ms
step:1339/1680 train_time:514149ms step_avg:383.98ms
step:1340/1680 train_time:514529ms step_avg:383.98ms
step:1341/1680 train_time:514916ms step_avg:383.98ms
step:1342/1680 train_time:515305ms step_avg:383.98ms
step:1343/1680 train_time:515684ms step_avg:383.98ms
step:1344/1680 train_time:516073ms step_avg:383.98ms
step:1345/1680 train_time:516454ms step_avg:383.98ms
step:1346/1680 train_time:516836ms step_avg:383.98ms
step:1347/1680 train_time:517217ms step_avg:383.98ms
step:1348/1680 train_time:517603ms step_avg:383.98ms
step:1349/1680 train_time:517989ms step_avg:383.98ms
step:1350/1680 train_time:518372ms step_avg:383.98ms
step:1351/1680 train_time:518756ms step_avg:383.98ms
step:1352/1680 train_time:519134ms step_avg:383.97ms
step:1353/1680 train_time:519520ms step_avg:383.98ms
step:1354/1680 train_time:519901ms step_avg:383.97ms
step:1355/1680 train_time:520284ms step_avg:383.97ms
step:1356/1680 train_time:520671ms step_avg:383.98ms
step:1357/1680 train_time:521056ms step_avg:383.98ms
step:1358/1680 train_time:521440ms step_avg:383.98ms
step:1359/1680 train_time:521822ms step_avg:383.98ms
step:1360/1680 train_time:522206ms step_avg:383.97ms
step:1361/1680 train_time:522590ms step_avg:383.97ms
step:1362/1680 train_time:522973ms step_avg:383.97ms
step:1363/1680 train_time:523355ms step_avg:383.97ms
step:1364/1680 train_time:523739ms step_avg:383.97ms
step:1365/1680 train_time:524120ms step_avg:383.97ms
step:1366/1680 train_time:524507ms step_avg:383.97ms
step:1367/1680 train_time:524890ms step_avg:383.97ms
step:1368/1680 train_time:525318ms step_avg:384.00ms
step:1369/1680 train_time:525658ms step_avg:383.97ms
step:1370/1680 train_time:526044ms step_avg:383.97ms
step:1371/1680 train_time:526426ms step_avg:383.97ms
step:1372/1680 train_time:526826ms step_avg:383.98ms
step:1373/1680 train_time:527191ms step_avg:383.97ms
step:1374/1680 train_time:527572ms step_avg:383.97ms
step:1375/1680 train_time:527955ms step_avg:383.97ms
step:1375/1680 val_loss:3.3400 train_time:528244ms step_avg:384.18ms
step:1376/1680 train_time:528476ms step_avg:384.07ms
step:1377/1680 train_time:528812ms step_avg:384.03ms
step:1378/1680 train_time:529196ms step_avg:384.03ms
step:1379/1680 train_time:529580ms step_avg:384.03ms
step:1380/1680 train_time:529964ms step_avg:384.03ms
step:1381/1680 train_time:530353ms step_avg:384.04ms
step:1382/1680 train_time:530736ms step_avg:384.03ms
step:1383/1680 train_time:531119ms step_avg:384.03ms
step:1384/1680 train_time:531499ms step_avg:384.03ms
step:1385/1680 train_time:531883ms step_avg:384.03ms
step:1386/1680 train_time:532267ms step_avg:384.03ms
step:1387/1680 train_time:532649ms step_avg:384.03ms
step:1388/1680 train_time:533033ms step_avg:384.03ms
step:1389/1680 train_time:533415ms step_avg:384.03ms
step:1390/1680 train_time:533799ms step_avg:384.03ms
step:1391/1680 train_time:534182ms step_avg:384.03ms
step:1392/1680 train_time:534567ms step_avg:384.03ms
step:1393/1680 train_time:534949ms step_avg:384.03ms
step:1394/1680 train_time:535332ms step_avg:384.03ms
step:1395/1680 train_time:535715ms step_avg:384.03ms
step:1396/1680 train_time:536095ms step_avg:384.02ms
step:1397/1680 train_time:536479ms step_avg:384.02ms
step:1398/1680 train_time:536861ms step_avg:384.02ms
step:1399/1680 train_time:537242ms step_avg:384.02ms
step:1400/1680 train_time:537621ms step_avg:384.02ms
step:1401/1680 train_time:538009ms step_avg:384.02ms
step:1402/1680 train_time:538393ms step_avg:384.02ms
step:1403/1680 train_time:538776ms step_avg:384.02ms
step:1404/1680 train_time:539161ms step_avg:384.02ms
step:1405/1680 train_time:539543ms step_avg:384.02ms
step:1406/1680 train_time:539925ms step_avg:384.01ms
step:1407/1680 train_time:540309ms step_avg:384.01ms
step:1408/1680 train_time:540696ms step_avg:384.02ms
step:1409/1680 train_time:541077ms step_avg:384.01ms
step:1410/1680 train_time:541459ms step_avg:384.01ms
step:1411/1680 train_time:541846ms step_avg:384.02ms
step:1412/1680 train_time:542227ms step_avg:384.01ms
step:1413/1680 train_time:542610ms step_avg:384.01ms
step:1414/1680 train_time:542994ms step_avg:384.01ms
step:1415/1680 train_time:543376ms step_avg:384.01ms
step:1416/1680 train_time:543758ms step_avg:384.01ms
step:1417/1680 train_time:544139ms step_avg:384.01ms
step:1418/1680 train_time:544521ms step_avg:384.01ms
step:1419/1680 train_time:544904ms step_avg:384.01ms
step:1420/1680 train_time:545289ms step_avg:384.01ms
step:1421/1680 train_time:545670ms step_avg:384.00ms
step:1422/1680 train_time:546051ms step_avg:384.00ms
step:1423/1680 train_time:546439ms step_avg:384.00ms
step:1424/1680 train_time:546824ms step_avg:384.01ms
step:1425/1680 train_time:547208ms step_avg:384.01ms
step:1426/1680 train_time:547596ms step_avg:384.01ms
step:1427/1680 train_time:547978ms step_avg:384.01ms
step:1428/1680 train_time:548363ms step_avg:384.01ms
step:1429/1680 train_time:548746ms step_avg:384.01ms
step:1430/1680 train_time:549129ms step_avg:384.01ms
step:1431/1680 train_time:549517ms step_avg:384.01ms
step:1432/1680 train_time:549899ms step_avg:384.01ms
step:1433/1680 train_time:550281ms step_avg:384.01ms
step:1434/1680 train_time:550665ms step_avg:384.01ms
step:1435/1680 train_time:551048ms step_avg:384.01ms
step:1436/1680 train_time:551433ms step_avg:384.01ms
step:1437/1680 train_time:551816ms step_avg:384.01ms
step:1438/1680 train_time:552199ms step_avg:384.00ms
step:1439/1680 train_time:552581ms step_avg:384.00ms
step:1440/1680 train_time:552967ms step_avg:384.00ms
step:1441/1680 train_time:553349ms step_avg:384.00ms
step:1442/1680 train_time:553730ms step_avg:384.00ms
step:1443/1680 train_time:554110ms step_avg:384.00ms
step:1444/1680 train_time:554496ms step_avg:384.00ms
step:1445/1680 train_time:554878ms step_avg:384.00ms
step:1446/1680 train_time:555263ms step_avg:384.00ms
step:1447/1680 train_time:555647ms step_avg:384.00ms
step:1448/1680 train_time:556027ms step_avg:384.00ms
step:1449/1680 train_time:556411ms step_avg:384.00ms
step:1450/1680 train_time:556791ms step_avg:383.99ms
step:1451/1680 train_time:557176ms step_avg:383.99ms
step:1452/1680 train_time:557559ms step_avg:383.99ms
step:1453/1680 train_time:557947ms step_avg:384.00ms
step:1454/1680 train_time:558329ms step_avg:384.00ms
step:1455/1680 train_time:558711ms step_avg:383.99ms
step:1456/1680 train_time:559097ms step_avg:384.00ms
step:1457/1680 train_time:559483ms step_avg:384.00ms
step:1458/1680 train_time:559865ms step_avg:384.00ms
step:1459/1680 train_time:560249ms step_avg:384.00ms
step:1460/1680 train_time:560634ms step_avg:384.00ms
step:1461/1680 train_time:561017ms step_avg:384.00ms
step:1462/1680 train_time:561401ms step_avg:384.00ms
step:1463/1680 train_time:561785ms step_avg:384.00ms
step:1464/1680 train_time:562170ms step_avg:384.00ms
step:1465/1680 train_time:562553ms step_avg:384.00ms
step:1466/1680 train_time:562938ms step_avg:384.00ms
step:1467/1680 train_time:563324ms step_avg:384.00ms
step:1468/1680 train_time:563710ms step_avg:384.00ms
step:1469/1680 train_time:564100ms step_avg:384.00ms
step:1470/1680 train_time:564482ms step_avg:384.00ms
step:1471/1680 train_time:564866ms step_avg:384.00ms
step:1472/1680 train_time:565251ms step_avg:384.00ms
step:1473/1680 train_time:565635ms step_avg:384.00ms
step:1474/1680 train_time:566020ms step_avg:384.00ms
step:1475/1680 train_time:566406ms step_avg:384.00ms
step:1476/1680 train_time:566790ms step_avg:384.00ms
step:1477/1680 train_time:567173ms step_avg:384.00ms
step:1478/1680 train_time:567560ms step_avg:384.01ms
step:1479/1680 train_time:567946ms step_avg:384.01ms
step:1480/1680 train_time:568329ms step_avg:384.01ms
step:1481/1680 train_time:568714ms step_avg:384.01ms
step:1482/1680 train_time:569095ms step_avg:384.01ms
step:1483/1680 train_time:569486ms step_avg:384.01ms
step:1484/1680 train_time:569865ms step_avg:384.01ms
step:1485/1680 train_time:570252ms step_avg:384.01ms
step:1486/1680 train_time:570635ms step_avg:384.01ms
step:1487/1680 train_time:571023ms step_avg:384.01ms
step:1488/1680 train_time:571426ms step_avg:384.02ms
step:1489/1680 train_time:571796ms step_avg:384.01ms
step:1490/1680 train_time:572179ms step_avg:384.01ms
step:1491/1680 train_time:572563ms step_avg:384.01ms
step:1492/1680 train_time:572950ms step_avg:384.01ms
step:1493/1680 train_time:573341ms step_avg:384.02ms
step:1494/1680 train_time:573724ms step_avg:384.02ms
step:1495/1680 train_time:574113ms step_avg:384.02ms
step:1496/1680 train_time:574496ms step_avg:384.02ms
step:1497/1680 train_time:574880ms step_avg:384.02ms
step:1498/1680 train_time:575265ms step_avg:384.02ms
step:1499/1680 train_time:575652ms step_avg:384.02ms
step:1500/1680 train_time:576034ms step_avg:384.02ms
step:1500/1680 val_loss:3.3097 train_time:576320ms step_avg:384.21ms
step:1501/1680 train_time:576526ms step_avg:384.09ms
step:1502/1680 train_time:577034ms step_avg:384.18ms
step:1503/1680 train_time:577422ms step_avg:384.18ms
step:1504/1680 train_time:577815ms step_avg:384.19ms
step:1505/1680 train_time:578198ms step_avg:384.18ms
step:1506/1680 train_time:578582ms step_avg:384.18ms
step:1507/1680 train_time:578968ms step_avg:384.19ms
step:1508/1680 train_time:579349ms step_avg:384.18ms
step:1509/1680 train_time:579735ms step_avg:384.18ms
step:1510/1680 train_time:580120ms step_avg:384.19ms
step:1511/1680 train_time:580506ms step_avg:384.19ms
step:1512/1680 train_time:580889ms step_avg:384.19ms
step:1513/1680 train_time:581272ms step_avg:384.19ms
step:1514/1680 train_time:581657ms step_avg:384.19ms
step:1515/1680 train_time:582040ms step_avg:384.18ms
step:1516/1680 train_time:582429ms step_avg:384.19ms
step:1517/1680 train_time:582807ms step_avg:384.18ms
step:1518/1680 train_time:583191ms step_avg:384.18ms
step:1519/1680 train_time:583576ms step_avg:384.18ms
step:1520/1680 train_time:583968ms step_avg:384.19ms
step:1521/1680 train_time:584356ms step_avg:384.19ms
step:1522/1680 train_time:584735ms step_avg:384.19ms
step:1523/1680 train_time:585116ms step_avg:384.19ms
step:1524/1680 train_time:585507ms step_avg:384.19ms
step:1525/1680 train_time:585894ms step_avg:384.19ms
step:1526/1680 train_time:586276ms step_avg:384.19ms
step:1527/1680 train_time:586666ms step_avg:384.19ms
step:1528/1680 train_time:587047ms step_avg:384.19ms
step:1529/1680 train_time:587428ms step_avg:384.19ms
step:1530/1680 train_time:587814ms step_avg:384.19ms
step:1531/1680 train_time:588202ms step_avg:384.19ms
step:1532/1680 train_time:588589ms step_avg:384.20ms
step:1533/1680 train_time:588972ms step_avg:384.20ms
step:1534/1680 train_time:589353ms step_avg:384.19ms
step:1535/1680 train_time:589738ms step_avg:384.19ms
step:1536/1680 train_time:590122ms step_avg:384.19ms
step:1537/1680 train_time:590508ms step_avg:384.20ms
step:1538/1680 train_time:590888ms step_avg:384.19ms
step:1539/1680 train_time:591274ms step_avg:384.19ms
step:1540/1680 train_time:591659ms step_avg:384.19ms
step:1541/1680 train_time:592044ms step_avg:384.19ms
step:1542/1680 train_time:592428ms step_avg:384.19ms
step:1543/1680 train_time:592821ms step_avg:384.20ms
step:1544/1680 train_time:593201ms step_avg:384.20ms
step:1545/1680 train_time:593587ms step_avg:384.20ms
step:1546/1680 train_time:593970ms step_avg:384.20ms
step:1547/1680 train_time:594354ms step_avg:384.20ms
step:1548/1680 train_time:594737ms step_avg:384.20ms
step:1549/1680 train_time:595123ms step_avg:384.20ms
step:1550/1680 train_time:595510ms step_avg:384.20ms
step:1551/1680 train_time:595914ms step_avg:384.21ms
step:1552/1680 train_time:596300ms step_avg:384.21ms
step:1553/1680 train_time:596682ms step_avg:384.21ms
step:1554/1680 train_time:597070ms step_avg:384.21ms
step:1555/1680 train_time:597436ms step_avg:384.20ms
step:1556/1680 train_time:597824ms step_avg:384.21ms
step:1557/1680 train_time:598212ms step_avg:384.21ms
step:1558/1680 train_time:598598ms step_avg:384.21ms
step:1559/1680 train_time:598985ms step_avg:384.21ms
step:1560/1680 train_time:599367ms step_avg:384.21ms
step:1561/1680 train_time:599746ms step_avg:384.21ms
step:1562/1680 train_time:600137ms step_avg:384.21ms
step:1563/1680 train_time:600517ms step_avg:384.21ms
step:1564/1680 train_time:600902ms step_avg:384.21ms
step:1565/1680 train_time:601289ms step_avg:384.21ms
step:1566/1680 train_time:601676ms step_avg:384.21ms
step:1567/1680 train_time:602059ms step_avg:384.21ms
step:1568/1680 train_time:602445ms step_avg:384.21ms
step:1569/1680 train_time:602829ms step_avg:384.21ms
step:1570/1680 train_time:603215ms step_avg:384.21ms
step:1571/1680 train_time:603598ms step_avg:384.21ms
step:1572/1680 train_time:603984ms step_avg:384.21ms
step:1573/1680 train_time:604366ms step_avg:384.21ms
step:1574/1680 train_time:604752ms step_avg:384.21ms
step:1575/1680 train_time:605136ms step_avg:384.21ms
step:1576/1680 train_time:605522ms step_avg:384.21ms
step:1577/1680 train_time:605906ms step_avg:384.21ms
step:1578/1680 train_time:606296ms step_avg:384.22ms
step:1579/1680 train_time:606683ms step_avg:384.22ms
step:1580/1680 train_time:607068ms step_avg:384.22ms
step:1581/1680 train_time:607452ms step_avg:384.22ms
step:1582/1680 train_time:607834ms step_avg:384.22ms
step:1583/1680 train_time:608217ms step_avg:384.22ms
step:1584/1680 train_time:608619ms step_avg:384.23ms
step:1585/1680 train_time:608990ms step_avg:384.22ms
step:1586/1680 train_time:609373ms step_avg:384.22ms
step:1587/1680 train_time:609757ms step_avg:384.22ms
step:1588/1680 train_time:610140ms step_avg:384.22ms
step:1589/1680 train_time:610522ms step_avg:384.22ms
step:1590/1680 train_time:610910ms step_avg:384.22ms
step:1591/1680 train_time:611291ms step_avg:384.22ms
step:1592/1680 train_time:611692ms step_avg:384.23ms
step:1593/1680 train_time:612075ms step_avg:384.23ms
step:1594/1680 train_time:612446ms step_avg:384.22ms
step:1595/1680 train_time:612833ms step_avg:384.22ms
step:1596/1680 train_time:613216ms step_avg:384.22ms
step:1597/1680 train_time:613602ms step_avg:384.22ms
step:1598/1680 train_time:614004ms step_avg:384.23ms
step:1599/1680 train_time:614372ms step_avg:384.22ms
step:1600/1680 train_time:614759ms step_avg:384.22ms
step:1601/1680 train_time:615143ms step_avg:384.22ms
step:1602/1680 train_time:615527ms step_avg:384.22ms
step:1603/1680 train_time:615908ms step_avg:384.22ms
step:1604/1680 train_time:616304ms step_avg:384.23ms
step:1605/1680 train_time:616687ms step_avg:384.23ms
step:1606/1680 train_time:617079ms step_avg:384.23ms
step:1607/1680 train_time:617456ms step_avg:384.23ms
step:1608/1680 train_time:617840ms step_avg:384.23ms
step:1609/1680 train_time:618225ms step_avg:384.23ms
step:1610/1680 train_time:618608ms step_avg:384.23ms
step:1611/1680 train_time:618999ms step_avg:384.23ms
step:1612/1680 train_time:619384ms step_avg:384.23ms
step:1613/1680 train_time:619772ms step_avg:384.24ms
step:1614/1680 train_time:620157ms step_avg:384.24ms
step:1615/1680 train_time:620544ms step_avg:384.24ms
step:1616/1680 train_time:620929ms step_avg:384.24ms
step:1617/1680 train_time:621309ms step_avg:384.24ms
step:1618/1680 train_time:621692ms step_avg:384.23ms
step:1619/1680 train_time:622078ms step_avg:384.24ms
step:1620/1680 train_time:622468ms step_avg:384.24ms
step:1621/1680 train_time:622854ms step_avg:384.24ms
step:1622/1680 train_time:623238ms step_avg:384.24ms
step:1623/1680 train_time:623624ms step_avg:384.24ms
step:1624/1680 train_time:624006ms step_avg:384.24ms
step:1625/1680 train_time:624393ms step_avg:384.24ms
step:1625/1680 val_loss:3.2857 train_time:624680ms step_avg:384.42ms
step:1626/1680 train_time:624902ms step_avg:384.32ms
step:1627/1680 train_time:625237ms step_avg:384.29ms
step:1628/1680 train_time:625623ms step_avg:384.29ms
step:1629/1680 train_time:626009ms step_avg:384.29ms
step:1630/1680 train_time:626394ms step_avg:384.29ms
step:1631/1680 train_time:626776ms step_avg:384.29ms
step:1632/1680 train_time:627161ms step_avg:384.29ms
step:1633/1680 train_time:627542ms step_avg:384.29ms
step:1634/1680 train_time:627931ms step_avg:384.29ms
step:1635/1680 train_time:628313ms step_avg:384.29ms
step:1636/1680 train_time:628698ms step_avg:384.29ms
step:1637/1680 train_time:629085ms step_avg:384.29ms
step:1638/1680 train_time:629470ms step_avg:384.29ms
step:1639/1680 train_time:629856ms step_avg:384.29ms
step:1640/1680 train_time:630241ms step_avg:384.29ms
step:1641/1680 train_time:630625ms step_avg:384.29ms
step:1642/1680 train_time:631013ms step_avg:384.30ms
step:1643/1680 train_time:631397ms step_avg:384.30ms
step:1644/1680 train_time:631782ms step_avg:384.30ms
step:1645/1680 train_time:632164ms step_avg:384.29ms
step:1646/1680 train_time:632545ms step_avg:384.29ms
step:1647/1680 train_time:632929ms step_avg:384.29ms
step:1648/1680 train_time:633313ms step_avg:384.29ms
step:1649/1680 train_time:633701ms step_avg:384.29ms
step:1650/1680 train_time:634083ms step_avg:384.29ms
step:1651/1680 train_time:634468ms step_avg:384.29ms
step:1652/1680 train_time:634852ms step_avg:384.29ms
step:1653/1680 train_time:635240ms step_avg:384.30ms
step:1654/1680 train_time:635624ms step_avg:384.30ms
step:1655/1680 train_time:636011ms step_avg:384.30ms
step:1656/1680 train_time:636394ms step_avg:384.30ms
step:1657/1680 train_time:636780ms step_avg:384.30ms
step:1658/1680 train_time:637168ms step_avg:384.30ms
step:1659/1680 train_time:637549ms step_avg:384.30ms
step:1660/1680 train_time:637931ms step_avg:384.30ms
step:1661/1680 train_time:638317ms step_avg:384.30ms
step:1662/1680 train_time:638700ms step_avg:384.30ms
step:1663/1680 train_time:639083ms step_avg:384.30ms
step:1664/1680 train_time:639472ms step_avg:384.30ms
step:1665/1680 train_time:639859ms step_avg:384.30ms
step:1666/1680 train_time:640244ms step_avg:384.30ms
step:1667/1680 train_time:640625ms step_avg:384.30ms
step:1668/1680 train_time:641014ms step_avg:384.30ms
step:1669/1680 train_time:641400ms step_avg:384.30ms
step:1670/1680 train_time:641783ms step_avg:384.30ms
step:1671/1680 train_time:642167ms step_avg:384.30ms
step:1672/1680 train_time:642551ms step_avg:384.30ms
step:1673/1680 train_time:642937ms step_avg:384.30ms
step:1674/1680 train_time:643322ms step_avg:384.30ms
step:1675/1680 train_time:643706ms step_avg:384.30ms
step:1676/1680 train_time:644090ms step_avg:384.30ms
step:1677/1680 train_time:644479ms step_avg:384.30ms
step:1678/1680 train_time:644863ms step_avg:384.30ms
step:1679/1680 train_time:645253ms step_avg:384.31ms
step:1680/1680 train_time:645644ms step_avg:384.31ms
step:1680/1680 val_loss:3.2752 train_time:645924ms step_avg:384.48ms
peak memory allocated: 23264 MiB reserved: 24060 MiB
