W0525 15:24:58.166000 56 site-packages/torch/distributed/run.py:766] 
W0525 15:24:58.166000 56 site-packages/torch/distributed/run.py:766] *****************************************
W0525 15:24:58.166000 56 site-packages/torch/distributed/run.py:766] Setting OMP_NUM_THREADS environment variable for each process to be 1 in default, to avoid your system being overloaded, please further tune the variable for optimal performance in your application as needed. 
W0525 15:24:58.166000 56 site-packages/torch/distributed/run.py:766] *****************************************
/root/miniconda3/envs/llm_test/lib/python3.10/site-packages/torch/autograd/__init__.py:221: UserWarning: Cannot create tensor with interal format while allow_internel_format=False, tensor will be created with base format. (Triggered internally at build/CMakeFiles/torch_npu.dir/compiler_depend.ts:338.)
  torch.ones_like(out, memory_format=torch.preserve_format)
/root/miniconda3/envs/llm_test/lib/python3.10/site-packages/torch/autograd/__init__.py:221: UserWarning: Cannot create tensor with interal format while allow_internel_format=False, tensor will be created with base format. (Triggered internally at build/CMakeFiles/torch_npu.dir/compiler_depend.ts:338.)
  torch.ones_like(out, memory_format=torch.preserve_format)
/root/miniconda3/envs/llm_test/lib/python3.10/site-packages/torch/autograd/__init__.py:221: UserWarning: Cannot create tensor with interal format while allow_internel_format=False, tensor will be created with base format. (Triggered internally at build/CMakeFiles/torch_npu.dir/compiler_depend.ts:338.)
  torch.ones_like(out, memory_format=torch.preserve_format)
/root/miniconda3/envs/llm_test/lib/python3.10/site-packages/torch/distributed/distributed_c10d.py:4631: UserWarning: No device id is provided via `init_process_group` or `barrier `. Using the current device set by the user. 
  warnings.warn(  # warn only once
/root/miniconda3/envs/llm_test/lib/python3.10/site-packages/torch/distributed/distributed_c10d.py:4631: UserWarning: No device id is provided via `init_process_group` or `barrier `. Using the current device set by the user. 
  warnings.warn(  # warn only once
/root/miniconda3/envs/llm_test/lib/python3.10/site-packages/torch/distributed/distributed_c10d.py:4631: UserWarning: No device id is provided via `init_process_group` or `barrier `. Using the current device set by the user. 
  warnings.warn(  # warn only once
/root/miniconda3/envs/llm_test/lib/python3.10/site-packages/torch/autograd/__init__.py:221: UserWarning: Cannot create tensor with interal format while allow_internel_format=False, tensor will be created with base format. (Triggered internally at build/CMakeFiles/torch_npu.dir/compiler_depend.ts:338.)
  torch.ones_like(out, memory_format=torch.preserve_format)
/root/miniconda3/envs/llm_test/lib/python3.10/site-packages/torch/autograd/__init__.py:221: UserWarning: Cannot create tensor with interal format while allow_internel_format=False, tensor will be created with base format. (Triggered internally at build/CMakeFiles/torch_npu.dir/compiler_depend.ts:338.)
  torch.ones_like(out, memory_format=torch.preserve_format)
/root/miniconda3/envs/llm_test/lib/python3.10/site-packages/torch/autograd/__init__.py:221: UserWarning: Cannot create tensor with interal format while allow_internel_format=False, tensor will be created with base format. (Triggered internally at build/CMakeFiles/torch_npu.dir/compiler_depend.ts:338.)
  torch.ones_like(out, memory_format=torch.preserve_format)
/root/miniconda3/envs/llm_test/lib/python3.10/site-packages/torch/autograd/__init__.py:221: UserWarning: Cannot create tensor with interal format while allow_internel_format=False, tensor will be created with base format. (Triggered internally at build/CMakeFiles/torch_npu.dir/compiler_depend.ts:338.)
  torch.ones_like(out, memory_format=torch.preserve_format)
/root/miniconda3/envs/llm_test/lib/python3.10/site-packages/torch/distributed/distributed_c10d.py:4631: UserWarning: No device id is provided via `init_process_group` or `barrier `. Using the current device set by the user. 
  warnings.warn(  # warn only once
/root/miniconda3/envs/llm_test/lib/python3.10/site-packages/torch/autograd/__init__.py:221: UserWarning: Cannot create tensor with interal format while allow_internel_format=False, tensor will be created with base format. (Triggered internally at build/CMakeFiles/torch_npu.dir/compiler_depend.ts:338.)
  torch.ones_like(out, memory_format=torch.preserve_format)
/root/miniconda3/envs/llm_test/lib/python3.10/site-packages/torch/autograd/__init__.py:221: UserWarning: Cannot create tensor with interal format while allow_internel_format=False, tensor will be created with base format. (Triggered internally at build/CMakeFiles/torch_npu.dir/compiler_depend.ts:338.)
  torch.ones_like(out, memory_format=torch.preserve_format)
/root/miniconda3/envs/llm_test/lib/python3.10/site-packages/torch/autograd/__init__.py:221: UserWarning: Cannot create tensor with interal format while allow_internel_format=False, tensor will be created with base format. (Triggered internally at build/CMakeFiles/torch_npu.dir/compiler_depend.ts:338.)
  torch.ones_like(out, memory_format=torch.preserve_format)
/root/miniconda3/envs/llm_test/lib/python3.10/site-packages/torch/autograd/__init__.py:221: UserWarning: Cannot create tensor with interal format while allow_internel_format=False, tensor will be created with base format. (Triggered internally at build/CMakeFiles/torch_npu.dir/compiler_depend.ts:338.)
  torch.ones_like(out, memory_format=torch.preserve_format)
/root/miniconda3/envs/llm_test/lib/python3.10/site-packages/torch/autograd/__init__.py:221: UserWarning: Cannot create tensor with interal format while allow_internel_format=False, tensor will be created with base format. (Triggered internally at build/CMakeFiles/torch_npu.dir/compiler_depend.ts:338.)
  torch.ones_like(out, memory_format=torch.preserve_format)
/root/miniconda3/envs/llm_test/lib/python3.10/site-packages/torch/autograd/__init__.py:221: UserWarning: Cannot create tensor with interal format while allow_internel_format=False, tensor will be created with base format. (Triggered internally at build/CMakeFiles/torch_npu.dir/compiler_depend.ts:338.)
  torch.ones_like(out, memory_format=torch.preserve_format)
/root/miniconda3/envs/llm_test/lib/python3.10/site-packages/torch/autograd/__init__.py:221: UserWarning: Cannot create tensor with interal format while allow_internel_format=False, tensor will be created with base format. (Triggered internally at build/CMakeFiles/torch_npu.dir/compiler_depend.ts:338.)
  torch.ones_like(out, memory_format=torch.preserve_format)
/root/miniconda3/envs/llm_test/lib/python3.10/site-packages/torch/autograd/__init__.py:221: UserWarning: Cannot create tensor with interal format while allow_internel_format=False, tensor will be created with base format. (Triggered internally at build/CMakeFiles/torch_npu.dir/compiler_depend.ts:338.)
  torch.ones_like(out, memory_format=torch.preserve_format)
/root/miniconda3/envs/llm_test/lib/python3.10/site-packages/torch/autograd/__init__.py:221: UserWarning: Cannot create tensor with interal format while allow_internel_format=False, tensor will be created with base format. (Triggered internally at build/CMakeFiles/torch_npu.dir/compiler_depend.ts:338.)
  torch.ones_like(out, memory_format=torch.preserve_format)
/root/miniconda3/envs/llm_test/lib/python3.10/site-packages/torch/distributed/distributed_c10d.py:4631: UserWarning: No device id is provided via `init_process_group` or `barrier `. Using the current device set by the user. 
  warnings.warn(  # warn only once
/root/miniconda3/envs/llm_test/lib/python3.10/site-packages/torch/distributed/distributed_c10d.py:4631: UserWarning: No device id is provided via `init_process_group` or `barrier `. Using the current device set by the user. 
  warnings.warn(  # warn only once
/root/miniconda3/envs/llm_test/lib/python3.10/site-packages/torch/distributed/distributed_c10d.py:4631: UserWarning: No device id is provided via `init_process_group` or `barrier `. Using the current device set by the user. 
  warnings.warn(  # warn only once
/root/miniconda3/envs/llm_test/lib/python3.10/site-packages/torch/distributed/distributed_c10d.py:4631: UserWarning: No device id is provided via `init_process_group` or `barrier `. Using the current device set by the user. 
  warnings.warn(  # warn only once
/root/miniconda3/envs/llm_test/lib/python3.10/site-packages/torch/distributed/distributed_c10d.py:4631: UserWarning: No device id is provided via `init_process_group` or `barrier `. Using the current device set by the user. 
  warnings.warn(  # warn only once
/root/miniconda3/envs/llm_test/lib/python3.10/site-packages/torch/distributed/distributed_c10d.py:4631: UserWarning: No device id is provided via `init_process_group` or `barrier `. Using the current device set by the user. 
  warnings.warn(  # warn only once
/root/miniconda3/envs/llm_test/lib/python3.10/site-packages/torch/distributed/distributed_c10d.py:4631: UserWarning: No device id is provided via `init_process_group` or `barrier `. Using the current device set by the user. 
  warnings.warn(  # warn only once
/root/miniconda3/envs/llm_test/lib/python3.10/site-packages/torch/distributed/distributed_c10d.py:4631: UserWarning: No device id is provided via `init_process_group` or `barrier `. Using the current device set by the user. 
  warnings.warn(  # warn only once
/root/miniconda3/envs/llm_test/lib/python3.10/site-packages/torch/distributed/distributed_c10d.py:4631: UserWarning: No device id is provided via `init_process_group` or `barrier `. Using the current device set by the user. 
  warnings.warn(  # warn only once
/root/miniconda3/envs/llm_test/lib/python3.10/site-packages/torch/distributed/distributed_c10d.py:4631: UserWarning: No device id is provided via `init_process_group` or `barrier `. Using the current device set by the user. 
  warnings.warn(  # warn only once
/root/miniconda3/envs/llm_test/lib/python3.10/site-packages/torch/distributed/distributed_c10d.py:4631: UserWarning: No device id is provided via `init_process_group` or `barrier `. Using the current device set by the user. 
  warnings.warn(  # warn only once
/root/miniconda3/envs/llm_test/lib/python3.10/site-packages/torch/distributed/distributed_c10d.py:4631: UserWarning: No device id is provided via `init_process_group` or `barrier `. Using the current device set by the user. 
  warnings.warn(  # warn only once
/models/modded-nanogpt_record50_cautious_wd/npu_bench/record_035_drop_attn/agent_outputs/default_agent/runs/seed_000/logs/v1_f1b34107-1115-4f3f-8d38-ea8fe6e4ddf6.txt
/root/miniconda3/envs/llm_test/lib/python3.10/site-packages/torch_npu/utils/storage.py:89: UserWarning: TypedStorage is deprecated. It will be removed in the future and UntypedStorage will be the only storage class. This should only matter to you if you are using storages directly.  To access UntypedStorage directly, use tensor.untyped_storage() instead of tensor.storage()
  if self.device.type != 'cpu':
step:0/1680 val_loss:10.8258 train_time:0ms step_avg:0.09ms
step:1/1680 train_time:1135ms step_avg:1135.30ms
step:2/1680 train_time:1286ms step_avg:643.22ms
step:3/1680 train_time:1658ms step_avg:552.68ms
step:4/1680 train_time:2041ms step_avg:510.18ms
step:5/1680 train_time:2425ms step_avg:485.05ms
step:6/1680 train_time:2807ms step_avg:467.80ms
step:7/1680 train_time:3195ms step_avg:456.49ms
step:8/1680 train_time:3573ms step_avg:446.63ms
step:9/1680 train_time:3964ms step_avg:440.47ms
step:10/1680 train_time:4349ms step_avg:434.85ms
step:11/1680 train_time:4730ms step_avg:430.04ms
step:12/1680 train_time:5118ms step_avg:426.47ms
step:13/1680 train_time:5504ms step_avg:423.36ms
step:14/1680 train_time:5887ms step_avg:420.50ms
step:15/1680 train_time:6270ms step_avg:418.02ms
step:16/1680 train_time:6655ms step_avg:415.96ms
step:17/1680 train_time:7041ms step_avg:414.20ms
step:18/1680 train_time:7418ms step_avg:412.09ms
step:19/1680 train_time:7803ms step_avg:410.71ms
step:20/1680 train_time:8188ms step_avg:409.42ms
step:21/1680 train_time:8571ms step_avg:408.14ms
step:22/1680 train_time:8954ms step_avg:407.00ms
step:23/1680 train_time:9337ms step_avg:405.97ms
step:24/1680 train_time:9721ms step_avg:405.06ms
step:25/1680 train_time:10104ms step_avg:404.15ms
step:26/1680 train_time:10487ms step_avg:403.34ms
step:27/1680 train_time:10876ms step_avg:402.80ms
step:28/1680 train_time:11259ms step_avg:402.09ms
step:29/1680 train_time:11643ms step_avg:401.50ms
step:30/1680 train_time:12039ms step_avg:401.31ms
step:31/1680 train_time:12423ms step_avg:400.76ms
step:32/1680 train_time:12794ms step_avg:399.82ms
step:33/1680 train_time:13174ms step_avg:399.22ms
step:34/1680 train_time:13559ms step_avg:398.80ms
step:35/1680 train_time:13943ms step_avg:398.37ms
step:36/1680 train_time:14323ms step_avg:397.85ms
step:37/1680 train_time:14709ms step_avg:397.53ms
step:38/1680 train_time:15087ms step_avg:397.03ms
step:39/1680 train_time:15470ms step_avg:396.65ms
step:40/1680 train_time:15859ms step_avg:396.48ms
step:41/1680 train_time:16239ms step_avg:396.08ms
step:42/1680 train_time:16619ms step_avg:395.68ms
step:43/1680 train_time:17002ms step_avg:395.39ms
step:44/1680 train_time:17392ms step_avg:395.28ms
step:45/1680 train_time:17778ms step_avg:395.06ms
step:46/1680 train_time:18154ms step_avg:394.66ms
step:47/1680 train_time:18537ms step_avg:394.41ms
step:48/1680 train_time:18917ms step_avg:394.11ms
step:49/1680 train_time:19299ms step_avg:393.86ms
step:50/1680 train_time:19684ms step_avg:393.68ms
step:51/1680 train_time:20066ms step_avg:393.44ms
step:52/1680 train_time:20454ms step_avg:393.35ms
step:53/1680 train_time:20838ms step_avg:393.16ms
step:54/1680 train_time:21218ms step_avg:392.92ms
step:55/1680 train_time:21605ms step_avg:392.81ms
step:56/1680 train_time:21985ms step_avg:392.59ms
step:57/1680 train_time:22370ms step_avg:392.46ms
step:58/1680 train_time:22755ms step_avg:392.32ms
step:59/1680 train_time:23136ms step_avg:392.14ms
step:60/1680 train_time:23523ms step_avg:392.05ms
step:61/1680 train_time:23903ms step_avg:391.85ms
step:62/1680 train_time:24289ms step_avg:391.76ms
step:63/1680 train_time:24676ms step_avg:391.68ms
step:64/1680 train_time:25057ms step_avg:391.52ms
step:65/1680 train_time:25442ms step_avg:391.42ms
step:66/1680 train_time:25821ms step_avg:391.23ms
step:67/1680 train_time:26201ms step_avg:391.06ms
step:68/1680 train_time:26582ms step_avg:390.91ms
step:69/1680 train_time:26968ms step_avg:390.85ms
step:70/1680 train_time:27355ms step_avg:390.79ms
step:71/1680 train_time:27738ms step_avg:390.68ms
step:72/1680 train_time:28120ms step_avg:390.56ms
step:73/1680 train_time:28505ms step_avg:390.48ms
step:74/1680 train_time:28888ms step_avg:390.38ms
step:75/1680 train_time:29275ms step_avg:390.34ms
step:76/1680 train_time:29656ms step_avg:390.22ms
step:77/1680 train_time:30045ms step_avg:390.19ms
step:78/1680 train_time:30425ms step_avg:390.06ms
step:79/1680 train_time:30809ms step_avg:389.98ms
step:80/1680 train_time:31195ms step_avg:389.94ms
step:81/1680 train_time:31576ms step_avg:389.83ms
step:82/1680 train_time:31963ms step_avg:389.80ms
step:83/1680 train_time:32346ms step_avg:389.71ms
step:84/1680 train_time:32731ms step_avg:389.66ms
step:85/1680 train_time:33115ms step_avg:389.59ms
step:86/1680 train_time:33503ms step_avg:389.56ms
step:87/1680 train_time:33884ms step_avg:389.47ms
step:88/1680 train_time:34268ms step_avg:389.40ms
step:89/1680 train_time:34657ms step_avg:389.41ms
step:90/1680 train_time:35035ms step_avg:389.28ms
step:91/1680 train_time:35421ms step_avg:389.24ms
step:92/1680 train_time:35800ms step_avg:389.13ms
step:93/1680 train_time:36183ms step_avg:389.06ms
step:94/1680 train_time:36568ms step_avg:389.02ms
step:95/1680 train_time:36951ms step_avg:388.96ms
step:96/1680 train_time:37335ms step_avg:388.91ms
step:97/1680 train_time:37720ms step_avg:388.87ms
step:98/1680 train_time:38106ms step_avg:388.84ms
step:99/1680 train_time:38492ms step_avg:388.80ms
step:100/1680 train_time:38872ms step_avg:388.72ms
step:101/1680 train_time:39258ms step_avg:388.69ms
step:102/1680 train_time:39639ms step_avg:388.62ms
step:103/1680 train_time:40023ms step_avg:388.57ms
step:104/1680 train_time:40405ms step_avg:388.51ms
step:105/1680 train_time:40784ms step_avg:388.42ms
step:106/1680 train_time:41169ms step_avg:388.39ms
step:107/1680 train_time:41555ms step_avg:388.37ms
step:108/1680 train_time:41937ms step_avg:388.30ms
step:109/1680 train_time:42319ms step_avg:388.25ms
step:110/1680 train_time:42699ms step_avg:388.17ms
step:111/1680 train_time:43086ms step_avg:388.17ms
step:112/1680 train_time:43468ms step_avg:388.11ms
step:113/1680 train_time:43855ms step_avg:388.09ms
step:114/1680 train_time:44234ms step_avg:388.02ms
step:115/1680 train_time:44617ms step_avg:387.98ms
step:116/1680 train_time:44999ms step_avg:387.92ms
step:117/1680 train_time:45387ms step_avg:387.92ms
step:118/1680 train_time:45770ms step_avg:387.88ms
step:119/1680 train_time:46151ms step_avg:387.82ms
step:120/1680 train_time:46535ms step_avg:387.79ms
step:121/1680 train_time:46922ms step_avg:387.78ms
step:122/1680 train_time:47304ms step_avg:387.74ms
step:123/1680 train_time:47689ms step_avg:387.72ms
step:124/1680 train_time:48070ms step_avg:387.66ms
step:125/1680 train_time:48447ms step_avg:387.58ms
step:125/1680 val_loss:4.3196 train_time:48736ms step_avg:389.89ms
step:126/1680 train_time:48954ms step_avg:388.52ms
step:127/1680 train_time:49308ms step_avg:388.25ms
step:128/1680 train_time:49689ms step_avg:388.19ms
step:129/1680 train_time:50073ms step_avg:388.16ms
step:130/1680 train_time:50460ms step_avg:388.15ms
step:131/1680 train_time:50840ms step_avg:388.09ms
step:132/1680 train_time:51226ms step_avg:388.07ms
step:133/1680 train_time:51608ms step_avg:388.03ms
step:134/1680 train_time:51992ms step_avg:388.00ms
step:135/1680 train_time:52374ms step_avg:387.96ms
step:136/1680 train_time:52756ms step_avg:387.91ms
step:137/1680 train_time:53138ms step_avg:387.87ms
step:138/1680 train_time:53519ms step_avg:387.82ms
step:139/1680 train_time:53905ms step_avg:387.81ms
step:140/1680 train_time:54288ms step_avg:387.77ms
step:141/1680 train_time:54671ms step_avg:387.74ms
step:142/1680 train_time:55054ms step_avg:387.70ms
step:143/1680 train_time:55440ms step_avg:387.70ms
step:144/1680 train_time:55821ms step_avg:387.65ms
step:145/1680 train_time:56205ms step_avg:387.62ms
step:146/1680 train_time:56590ms step_avg:387.60ms
step:147/1680 train_time:56970ms step_avg:387.55ms
step:148/1680 train_time:57351ms step_avg:387.51ms
step:149/1680 train_time:57738ms step_avg:387.50ms
step:150/1680 train_time:58119ms step_avg:387.46ms
step:151/1680 train_time:58501ms step_avg:387.42ms
step:152/1680 train_time:58883ms step_avg:387.39ms
step:153/1680 train_time:59264ms step_avg:387.34ms
step:154/1680 train_time:59650ms step_avg:387.34ms
step:155/1680 train_time:60039ms step_avg:387.35ms
step:156/1680 train_time:60414ms step_avg:387.27ms
step:157/1680 train_time:60800ms step_avg:387.26ms
step:158/1680 train_time:61182ms step_avg:387.23ms
step:159/1680 train_time:61568ms step_avg:387.22ms
step:160/1680 train_time:61949ms step_avg:387.18ms
step:161/1680 train_time:62331ms step_avg:387.15ms
step:162/1680 train_time:62712ms step_avg:387.11ms
step:163/1680 train_time:63099ms step_avg:387.11ms
step:164/1680 train_time:63480ms step_avg:387.07ms
step:165/1680 train_time:63865ms step_avg:387.06ms
step:166/1680 train_time:64247ms step_avg:387.03ms
step:167/1680 train_time:64627ms step_avg:386.99ms
step:168/1680 train_time:65015ms step_avg:386.99ms
step:169/1680 train_time:65397ms step_avg:386.96ms
step:170/1680 train_time:65783ms step_avg:386.96ms
step:171/1680 train_time:66162ms step_avg:386.91ms
step:172/1680 train_time:66549ms step_avg:386.91ms
step:173/1680 train_time:66933ms step_avg:386.89ms
step:174/1680 train_time:67322ms step_avg:386.91ms
step:175/1680 train_time:67696ms step_avg:386.83ms
step:176/1680 train_time:68093ms step_avg:386.89ms
step:177/1680 train_time:68463ms step_avg:386.80ms
step:178/1680 train_time:68848ms step_avg:386.79ms
step:179/1680 train_time:69232ms step_avg:386.77ms
step:180/1680 train_time:69613ms step_avg:386.74ms
step:181/1680 train_time:69991ms step_avg:386.69ms
step:182/1680 train_time:70371ms step_avg:386.65ms
step:183/1680 train_time:70755ms step_avg:386.64ms
step:184/1680 train_time:71152ms step_avg:386.69ms
step:185/1680 train_time:71535ms step_avg:386.67ms
step:186/1680 train_time:71903ms step_avg:386.57ms
step:187/1680 train_time:72285ms step_avg:386.55ms
step:188/1680 train_time:72671ms step_avg:386.55ms
step:189/1680 train_time:73050ms step_avg:386.51ms
step:190/1680 train_time:73432ms step_avg:386.48ms
step:191/1680 train_time:73816ms step_avg:386.47ms
step:192/1680 train_time:74200ms step_avg:386.46ms
step:193/1680 train_time:74583ms step_avg:386.44ms
step:194/1680 train_time:74966ms step_avg:386.42ms
step:195/1680 train_time:75350ms step_avg:386.41ms
step:196/1680 train_time:75750ms step_avg:386.48ms
step:197/1680 train_time:76123ms step_avg:386.41ms
step:198/1680 train_time:76501ms step_avg:386.37ms
step:199/1680 train_time:76886ms step_avg:386.36ms
step:200/1680 train_time:77270ms step_avg:386.35ms
step:201/1680 train_time:77650ms step_avg:386.32ms
step:202/1680 train_time:78036ms step_avg:386.31ms
step:203/1680 train_time:78417ms step_avg:386.29ms
step:204/1680 train_time:78803ms step_avg:386.29ms
step:205/1680 train_time:79183ms step_avg:386.26ms
step:206/1680 train_time:79569ms step_avg:386.26ms
step:207/1680 train_time:79952ms step_avg:386.24ms
step:208/1680 train_time:80333ms step_avg:386.22ms
step:209/1680 train_time:80717ms step_avg:386.21ms
step:210/1680 train_time:81097ms step_avg:386.18ms
step:211/1680 train_time:81481ms step_avg:386.16ms
step:212/1680 train_time:81870ms step_avg:386.18ms
step:213/1680 train_time:82251ms step_avg:386.16ms
step:214/1680 train_time:82636ms step_avg:386.15ms
step:215/1680 train_time:83020ms step_avg:386.14ms
step:216/1680 train_time:83398ms step_avg:386.10ms
step:217/1680 train_time:83779ms step_avg:386.08ms
step:218/1680 train_time:84162ms step_avg:386.06ms
step:219/1680 train_time:84545ms step_avg:386.05ms
step:220/1680 train_time:84929ms step_avg:386.04ms
step:221/1680 train_time:85310ms step_avg:386.02ms
step:222/1680 train_time:85708ms step_avg:386.07ms
step:223/1680 train_time:86072ms step_avg:385.97ms
step:224/1680 train_time:86455ms step_avg:385.96ms
step:225/1680 train_time:86837ms step_avg:385.94ms
step:226/1680 train_time:87220ms step_avg:385.93ms
step:227/1680 train_time:87607ms step_avg:385.94ms
step:228/1680 train_time:87990ms step_avg:385.92ms
step:229/1680 train_time:88379ms step_avg:385.93ms
step:230/1680 train_time:88761ms step_avg:385.92ms
step:231/1680 train_time:89143ms step_avg:385.90ms
step:232/1680 train_time:89524ms step_avg:385.88ms
step:233/1680 train_time:89909ms step_avg:385.88ms
step:234/1680 train_time:90291ms step_avg:385.86ms
step:235/1680 train_time:90674ms step_avg:385.85ms
step:236/1680 train_time:91055ms step_avg:385.83ms
step:237/1680 train_time:91444ms step_avg:385.84ms
step:238/1680 train_time:91819ms step_avg:385.79ms
step:239/1680 train_time:92201ms step_avg:385.78ms
step:240/1680 train_time:92582ms step_avg:385.76ms
step:241/1680 train_time:92964ms step_avg:385.74ms
step:242/1680 train_time:93346ms step_avg:385.73ms
step:243/1680 train_time:93727ms step_avg:385.71ms
step:244/1680 train_time:94110ms step_avg:385.70ms
step:245/1680 train_time:94499ms step_avg:385.71ms
step:246/1680 train_time:94881ms step_avg:385.69ms
step:247/1680 train_time:95265ms step_avg:385.69ms
step:248/1680 train_time:95647ms step_avg:385.67ms
step:249/1680 train_time:96032ms step_avg:385.67ms
step:250/1680 train_time:96417ms step_avg:385.67ms
step:250/1680 val_loss:3.9746 train_time:96703ms step_avg:386.81ms
step:251/1680 train_time:96913ms step_avg:386.11ms
step:252/1680 train_time:97249ms step_avg:385.91ms
step:253/1680 train_time:97633ms step_avg:385.90ms
step:254/1680 train_time:98022ms step_avg:385.91ms
step:255/1680 train_time:98411ms step_avg:385.93ms
step:256/1680 train_time:98790ms step_avg:385.90ms
step:257/1680 train_time:99173ms step_avg:385.89ms
step:258/1680 train_time:99558ms step_avg:385.88ms
step:259/1680 train_time:99942ms step_avg:385.88ms
step:260/1680 train_time:100327ms step_avg:385.87ms
step:261/1680 train_time:100715ms step_avg:385.88ms
step:262/1680 train_time:101095ms step_avg:385.86ms
step:263/1680 train_time:101479ms step_avg:385.85ms
step:264/1680 train_time:101863ms step_avg:385.85ms
step:265/1680 train_time:102240ms step_avg:385.81ms
step:266/1680 train_time:102623ms step_avg:385.80ms
step:267/1680 train_time:103003ms step_avg:385.78ms
step:268/1680 train_time:103382ms step_avg:385.75ms
step:269/1680 train_time:103770ms step_avg:385.76ms
step:270/1680 train_time:104150ms step_avg:385.74ms
step:271/1680 train_time:104533ms step_avg:385.73ms
step:272/1680 train_time:104912ms step_avg:385.70ms
step:273/1680 train_time:105312ms step_avg:385.76ms
step:274/1680 train_time:105683ms step_avg:385.70ms
step:275/1680 train_time:106064ms step_avg:385.69ms
step:276/1680 train_time:106450ms step_avg:385.69ms
step:277/1680 train_time:106829ms step_avg:385.66ms
step:278/1680 train_time:107211ms step_avg:385.65ms
step:279/1680 train_time:107590ms step_avg:385.63ms
step:280/1680 train_time:107974ms step_avg:385.62ms
step:281/1680 train_time:108354ms step_avg:385.60ms
step:282/1680 train_time:108739ms step_avg:385.60ms
step:283/1680 train_time:109119ms step_avg:385.58ms
step:284/1680 train_time:109502ms step_avg:385.57ms
step:285/1680 train_time:109887ms step_avg:385.57ms
step:286/1680 train_time:110268ms step_avg:385.55ms
step:287/1680 train_time:110651ms step_avg:385.55ms
step:288/1680 train_time:111037ms step_avg:385.54ms
step:289/1680 train_time:111417ms step_avg:385.52ms
step:290/1680 train_time:111804ms step_avg:385.53ms
step:291/1680 train_time:112184ms step_avg:385.51ms
step:292/1680 train_time:112566ms step_avg:385.50ms
step:293/1680 train_time:112947ms step_avg:385.48ms
step:294/1680 train_time:113337ms step_avg:385.50ms
step:295/1680 train_time:113717ms step_avg:385.48ms
step:296/1680 train_time:114099ms step_avg:385.47ms
step:297/1680 train_time:114483ms step_avg:385.47ms
step:298/1680 train_time:114863ms step_avg:385.45ms
step:299/1680 train_time:115244ms step_avg:385.43ms
step:300/1680 train_time:115630ms step_avg:385.43ms
step:301/1680 train_time:116010ms step_avg:385.42ms
step:302/1680 train_time:116394ms step_avg:385.41ms
step:303/1680 train_time:116777ms step_avg:385.40ms
step:304/1680 train_time:117157ms step_avg:385.39ms
step:305/1680 train_time:117542ms step_avg:385.38ms
step:306/1680 train_time:117925ms step_avg:385.38ms
step:307/1680 train_time:118306ms step_avg:385.36ms
step:308/1680 train_time:118688ms step_avg:385.35ms
step:309/1680 train_time:119072ms step_avg:385.35ms
step:310/1680 train_time:119461ms step_avg:385.36ms
step:311/1680 train_time:119844ms step_avg:385.35ms
step:312/1680 train_time:120225ms step_avg:385.34ms
step:313/1680 train_time:120607ms step_avg:385.33ms
step:314/1680 train_time:120990ms step_avg:385.32ms
step:315/1680 train_time:121378ms step_avg:385.33ms
step:316/1680 train_time:121762ms step_avg:385.32ms
step:317/1680 train_time:122145ms step_avg:385.32ms
step:318/1680 train_time:122531ms step_avg:385.32ms
step:319/1680 train_time:122912ms step_avg:385.30ms
step:320/1680 train_time:123295ms step_avg:385.30ms
step:321/1680 train_time:123677ms step_avg:385.29ms
step:322/1680 train_time:124059ms step_avg:385.28ms
step:323/1680 train_time:124446ms step_avg:385.28ms
step:324/1680 train_time:124823ms step_avg:385.26ms
step:325/1680 train_time:125204ms step_avg:385.24ms
step:326/1680 train_time:125586ms step_avg:385.23ms
step:327/1680 train_time:125970ms step_avg:385.23ms
step:328/1680 train_time:126351ms step_avg:385.22ms
step:329/1680 train_time:126737ms step_avg:385.22ms
step:330/1680 train_time:127121ms step_avg:385.21ms
step:331/1680 train_time:127501ms step_avg:385.20ms
step:332/1680 train_time:127881ms step_avg:385.18ms
step:333/1680 train_time:128265ms step_avg:385.18ms
step:334/1680 train_time:128648ms step_avg:385.17ms
step:335/1680 train_time:129029ms step_avg:385.16ms
step:336/1680 train_time:129412ms step_avg:385.16ms
step:337/1680 train_time:129791ms step_avg:385.14ms
step:338/1680 train_time:130171ms step_avg:385.12ms
step:339/1680 train_time:130560ms step_avg:385.13ms
step:340/1680 train_time:130939ms step_avg:385.12ms
step:341/1680 train_time:131321ms step_avg:385.11ms
step:342/1680 train_time:131707ms step_avg:385.11ms
step:343/1680 train_time:132104ms step_avg:385.14ms
step:344/1680 train_time:132482ms step_avg:385.12ms
step:345/1680 train_time:132861ms step_avg:385.11ms
step:346/1680 train_time:133246ms step_avg:385.10ms
step:347/1680 train_time:133629ms step_avg:385.10ms
step:348/1680 train_time:134013ms step_avg:385.09ms
step:349/1680 train_time:134398ms step_avg:385.09ms
step:350/1680 train_time:134780ms step_avg:385.09ms
step:351/1680 train_time:135162ms step_avg:385.08ms
step:352/1680 train_time:135546ms step_avg:385.07ms
step:353/1680 train_time:135927ms step_avg:385.06ms
step:354/1680 train_time:136312ms step_avg:385.06ms
step:355/1680 train_time:136697ms step_avg:385.06ms
step:356/1680 train_time:137078ms step_avg:385.05ms
step:357/1680 train_time:137458ms step_avg:385.04ms
step:358/1680 train_time:137841ms step_avg:385.03ms
step:359/1680 train_time:138224ms step_avg:385.03ms
step:360/1680 train_time:138607ms step_avg:385.02ms
step:361/1680 train_time:138998ms step_avg:385.04ms
step:362/1680 train_time:139375ms step_avg:385.01ms
step:363/1680 train_time:139756ms step_avg:385.00ms
step:364/1680 train_time:140141ms step_avg:385.00ms
step:365/1680 train_time:140528ms step_avg:385.01ms
step:366/1680 train_time:140912ms step_avg:385.01ms
step:367/1680 train_time:141297ms step_avg:385.01ms
step:368/1680 train_time:141681ms step_avg:385.00ms
step:369/1680 train_time:142065ms step_avg:385.00ms
step:370/1680 train_time:142445ms step_avg:384.99ms
step:371/1680 train_time:142832ms step_avg:384.99ms
step:372/1680 train_time:143213ms step_avg:384.98ms
step:373/1680 train_time:143595ms step_avg:384.97ms
step:374/1680 train_time:143985ms step_avg:384.99ms
step:375/1680 train_time:144371ms step_avg:384.99ms
step:375/1680 val_loss:3.8197 train_time:144654ms step_avg:385.74ms
step:376/1680 train_time:144886ms step_avg:385.34ms
step:377/1680 train_time:145229ms step_avg:385.22ms
step:378/1680 train_time:145609ms step_avg:385.21ms
step:379/1680 train_time:145995ms step_avg:385.21ms
step:380/1680 train_time:146377ms step_avg:385.20ms
step:381/1680 train_time:146758ms step_avg:385.19ms
step:382/1680 train_time:147140ms step_avg:385.18ms
step:383/1680 train_time:147524ms step_avg:385.18ms
step:384/1680 train_time:147891ms step_avg:385.13ms
step:385/1680 train_time:148271ms step_avg:385.12ms
step:386/1680 train_time:148661ms step_avg:385.13ms
step:387/1680 train_time:149044ms step_avg:385.13ms
step:388/1680 train_time:149428ms step_avg:385.12ms
step:389/1680 train_time:149812ms step_avg:385.12ms
step:390/1680 train_time:150198ms step_avg:385.12ms
step:391/1680 train_time:150592ms step_avg:385.15ms
step:392/1680 train_time:150969ms step_avg:385.12ms
step:393/1680 train_time:151352ms step_avg:385.12ms
step:394/1680 train_time:151733ms step_avg:385.11ms
step:395/1680 train_time:152116ms step_avg:385.10ms
step:396/1680 train_time:152501ms step_avg:385.10ms
step:397/1680 train_time:152880ms step_avg:385.09ms
step:398/1680 train_time:153269ms step_avg:385.10ms
step:399/1680 train_time:153652ms step_avg:385.09ms
step:400/1680 train_time:154033ms step_avg:385.08ms
step:401/1680 train_time:154417ms step_avg:385.08ms
step:402/1680 train_time:154802ms step_avg:385.08ms
step:403/1680 train_time:155185ms step_avg:385.07ms
step:404/1680 train_time:155566ms step_avg:385.06ms
step:405/1680 train_time:155950ms step_avg:385.06ms
step:406/1680 train_time:156333ms step_avg:385.06ms
step:407/1680 train_time:156714ms step_avg:385.05ms
step:408/1680 train_time:157100ms step_avg:385.05ms
step:409/1680 train_time:157483ms step_avg:385.04ms
step:410/1680 train_time:157866ms step_avg:385.04ms
step:411/1680 train_time:158256ms step_avg:385.05ms
step:412/1680 train_time:158633ms step_avg:385.03ms
step:413/1680 train_time:159014ms step_avg:385.02ms
step:414/1680 train_time:159398ms step_avg:385.02ms
step:415/1680 train_time:159784ms step_avg:385.02ms
step:416/1680 train_time:160166ms step_avg:385.01ms
step:417/1680 train_time:160548ms step_avg:385.01ms
step:418/1680 train_time:160928ms step_avg:384.99ms
step:419/1680 train_time:161309ms step_avg:384.99ms
step:420/1680 train_time:161691ms step_avg:384.98ms
step:421/1680 train_time:162076ms step_avg:384.98ms
step:422/1680 train_time:162462ms step_avg:384.98ms
step:423/1680 train_time:162847ms step_avg:384.98ms
step:424/1680 train_time:163229ms step_avg:384.98ms
step:425/1680 train_time:163614ms step_avg:384.97ms
step:426/1680 train_time:163999ms step_avg:384.97ms
step:427/1680 train_time:164383ms step_avg:384.97ms
step:428/1680 train_time:164763ms step_avg:384.96ms
step:429/1680 train_time:165142ms step_avg:384.95ms
step:430/1680 train_time:165532ms step_avg:384.96ms
step:431/1680 train_time:165914ms step_avg:384.95ms
step:432/1680 train_time:166293ms step_avg:384.94ms
step:433/1680 train_time:166676ms step_avg:384.93ms
step:434/1680 train_time:167060ms step_avg:384.93ms
step:435/1680 train_time:167444ms step_avg:384.93ms
step:436/1680 train_time:167825ms step_avg:384.92ms
step:437/1680 train_time:168210ms step_avg:384.92ms
step:438/1680 train_time:168592ms step_avg:384.91ms
step:439/1680 train_time:168974ms step_avg:384.91ms
step:440/1680 train_time:169357ms step_avg:384.90ms
step:441/1680 train_time:169743ms step_avg:384.90ms
step:442/1680 train_time:170123ms step_avg:384.89ms
step:443/1680 train_time:170510ms step_avg:384.90ms
step:444/1680 train_time:170891ms step_avg:384.89ms
step:445/1680 train_time:171277ms step_avg:384.89ms
step:446/1680 train_time:171656ms step_avg:384.88ms
step:447/1680 train_time:172041ms step_avg:384.88ms
step:448/1680 train_time:172422ms step_avg:384.87ms
step:449/1680 train_time:172808ms step_avg:384.87ms
step:450/1680 train_time:173192ms step_avg:384.87ms
step:451/1680 train_time:173572ms step_avg:384.86ms
step:452/1680 train_time:173956ms step_avg:384.86ms
step:453/1680 train_time:174339ms step_avg:384.85ms
step:454/1680 train_time:174723ms step_avg:384.85ms
step:455/1680 train_time:175102ms step_avg:384.84ms
step:456/1680 train_time:175502ms step_avg:384.87ms
step:457/1680 train_time:175886ms step_avg:384.87ms
step:458/1680 train_time:176266ms step_avg:384.86ms
step:459/1680 train_time:176646ms step_avg:384.85ms
step:460/1680 train_time:177027ms step_avg:384.84ms
step:461/1680 train_time:177412ms step_avg:384.84ms
step:462/1680 train_time:177776ms step_avg:384.80ms
step:463/1680 train_time:178160ms step_avg:384.80ms
step:464/1680 train_time:178545ms step_avg:384.79ms
step:465/1680 train_time:178927ms step_avg:384.79ms
step:466/1680 train_time:179309ms step_avg:384.78ms
step:467/1680 train_time:179695ms step_avg:384.79ms
step:468/1680 train_time:180076ms step_avg:384.78ms
step:469/1680 train_time:180461ms step_avg:384.78ms
step:470/1680 train_time:180840ms step_avg:384.77ms
step:471/1680 train_time:181224ms step_avg:384.77ms
step:472/1680 train_time:181606ms step_avg:384.76ms
step:473/1680 train_time:181993ms step_avg:384.76ms
step:474/1680 train_time:182372ms step_avg:384.75ms
step:475/1680 train_time:182757ms step_avg:384.75ms
step:476/1680 train_time:183142ms step_avg:384.75ms
step:477/1680 train_time:183524ms step_avg:384.75ms
step:478/1680 train_time:183904ms step_avg:384.74ms
step:479/1680 train_time:184287ms step_avg:384.73ms
step:480/1680 train_time:184669ms step_avg:384.73ms
step:481/1680 train_time:185058ms step_avg:384.74ms
step:482/1680 train_time:185442ms step_avg:384.73ms
step:483/1680 train_time:185822ms step_avg:384.72ms
step:484/1680 train_time:186205ms step_avg:384.72ms
step:485/1680 train_time:186589ms step_avg:384.72ms
step:486/1680 train_time:186973ms step_avg:384.72ms
step:487/1680 train_time:187358ms step_avg:384.72ms
step:488/1680 train_time:187738ms step_avg:384.71ms
step:489/1680 train_time:188121ms step_avg:384.71ms
step:490/1680 train_time:188499ms step_avg:384.69ms
step:491/1680 train_time:188882ms step_avg:384.69ms
step:492/1680 train_time:189265ms step_avg:384.68ms
step:493/1680 train_time:189648ms step_avg:384.68ms
step:494/1680 train_time:190029ms step_avg:384.67ms
step:495/1680 train_time:190413ms step_avg:384.67ms
step:496/1680 train_time:190795ms step_avg:384.67ms
step:497/1680 train_time:191181ms step_avg:384.67ms
step:498/1680 train_time:191565ms step_avg:384.67ms
step:499/1680 train_time:191949ms step_avg:384.67ms
step:500/1680 train_time:192332ms step_avg:384.66ms
step:500/1680 val_loss:3.7181 train_time:192618ms step_avg:385.24ms
step:501/1680 train_time:192827ms step_avg:384.88ms
step:502/1680 train_time:193193ms step_avg:384.85ms
step:503/1680 train_time:193578ms step_avg:384.85ms
step:504/1680 train_time:193962ms step_avg:384.85ms
step:505/1680 train_time:194342ms step_avg:384.84ms
step:506/1680 train_time:194724ms step_avg:384.83ms
step:507/1680 train_time:195104ms step_avg:384.82ms
step:508/1680 train_time:195486ms step_avg:384.82ms
step:509/1680 train_time:195868ms step_avg:384.81ms
step:510/1680 train_time:196254ms step_avg:384.81ms
step:511/1680 train_time:196637ms step_avg:384.81ms
step:512/1680 train_time:197021ms step_avg:384.81ms
step:513/1680 train_time:197408ms step_avg:384.81ms
step:514/1680 train_time:197793ms step_avg:384.81ms
step:515/1680 train_time:198175ms step_avg:384.81ms
step:516/1680 train_time:198561ms step_avg:384.81ms
step:517/1680 train_time:198938ms step_avg:384.79ms
step:518/1680 train_time:199323ms step_avg:384.79ms
step:519/1680 train_time:199705ms step_avg:384.79ms
step:520/1680 train_time:200087ms step_avg:384.78ms
step:521/1680 train_time:200470ms step_avg:384.78ms
step:522/1680 train_time:200851ms step_avg:384.77ms
step:523/1680 train_time:201233ms step_avg:384.77ms
step:524/1680 train_time:201618ms step_avg:384.77ms
step:525/1680 train_time:201996ms step_avg:384.75ms
step:526/1680 train_time:202393ms step_avg:384.78ms
step:527/1680 train_time:202762ms step_avg:384.75ms
step:528/1680 train_time:203147ms step_avg:384.75ms
step:529/1680 train_time:203538ms step_avg:384.76ms
step:530/1680 train_time:203925ms step_avg:384.76ms
step:531/1680 train_time:204320ms step_avg:384.78ms
step:532/1680 train_time:204689ms step_avg:384.75ms
step:533/1680 train_time:205082ms step_avg:384.77ms
step:534/1680 train_time:205455ms step_avg:384.75ms
step:535/1680 train_time:205853ms step_avg:384.77ms
step:536/1680 train_time:206236ms step_avg:384.77ms
step:537/1680 train_time:206621ms step_avg:384.77ms
step:538/1680 train_time:207004ms step_avg:384.77ms
step:539/1680 train_time:207388ms step_avg:384.76ms
step:540/1680 train_time:207771ms step_avg:384.76ms
step:541/1680 train_time:208136ms step_avg:384.72ms
step:542/1680 train_time:208517ms step_avg:384.72ms
step:543/1680 train_time:208900ms step_avg:384.72ms
step:544/1680 train_time:209281ms step_avg:384.71ms
step:545/1680 train_time:209673ms step_avg:384.72ms
step:546/1680 train_time:210068ms step_avg:384.74ms
step:547/1680 train_time:210452ms step_avg:384.74ms
step:548/1680 train_time:210836ms step_avg:384.74ms
step:549/1680 train_time:211203ms step_avg:384.70ms
step:550/1680 train_time:211591ms step_avg:384.71ms
step:551/1680 train_time:211972ms step_avg:384.70ms
step:552/1680 train_time:212354ms step_avg:384.70ms
step:553/1680 train_time:212741ms step_avg:384.70ms
step:554/1680 train_time:213126ms step_avg:384.70ms
step:555/1680 train_time:213508ms step_avg:384.70ms
step:556/1680 train_time:213892ms step_avg:384.70ms
step:557/1680 train_time:214274ms step_avg:384.69ms
step:558/1680 train_time:214657ms step_avg:384.69ms
step:559/1680 train_time:215042ms step_avg:384.69ms
step:560/1680 train_time:215427ms step_avg:384.69ms
step:561/1680 train_time:215814ms step_avg:384.70ms
step:562/1680 train_time:216201ms step_avg:384.70ms
step:563/1680 train_time:216587ms step_avg:384.70ms
step:564/1680 train_time:216967ms step_avg:384.69ms
step:565/1680 train_time:217353ms step_avg:384.70ms
step:566/1680 train_time:217736ms step_avg:384.69ms
step:567/1680 train_time:218120ms step_avg:384.69ms
step:568/1680 train_time:218496ms step_avg:384.68ms
step:569/1680 train_time:218880ms step_avg:384.68ms
step:570/1680 train_time:219265ms step_avg:384.67ms
step:571/1680 train_time:219650ms step_avg:384.68ms
step:572/1680 train_time:220035ms step_avg:384.68ms
step:573/1680 train_time:220416ms step_avg:384.67ms
step:574/1680 train_time:220799ms step_avg:384.67ms
step:575/1680 train_time:221183ms step_avg:384.67ms
step:576/1680 train_time:221566ms step_avg:384.66ms
step:577/1680 train_time:221952ms step_avg:384.67ms
step:578/1680 train_time:222336ms step_avg:384.66ms
step:579/1680 train_time:222722ms step_avg:384.67ms
step:580/1680 train_time:223103ms step_avg:384.66ms
step:581/1680 train_time:223488ms step_avg:384.66ms
step:582/1680 train_time:223868ms step_avg:384.65ms
step:583/1680 train_time:224253ms step_avg:384.65ms
step:584/1680 train_time:224639ms step_avg:384.66ms
step:585/1680 train_time:225022ms step_avg:384.65ms
step:586/1680 train_time:225405ms step_avg:384.65ms
step:587/1680 train_time:225789ms step_avg:384.65ms
step:588/1680 train_time:226170ms step_avg:384.64ms
step:589/1680 train_time:226551ms step_avg:384.64ms
step:590/1680 train_time:226936ms step_avg:384.64ms
step:591/1680 train_time:227320ms step_avg:384.64ms
step:592/1680 train_time:227701ms step_avg:384.63ms
step:593/1680 train_time:228091ms step_avg:384.64ms
step:594/1680 train_time:228471ms step_avg:384.63ms
step:595/1680 train_time:228852ms step_avg:384.62ms
step:596/1680 train_time:229234ms step_avg:384.62ms
step:597/1680 train_time:229619ms step_avg:384.62ms
step:598/1680 train_time:230004ms step_avg:384.62ms
step:599/1680 train_time:230387ms step_avg:384.62ms
step:600/1680 train_time:230768ms step_avg:384.61ms
step:601/1680 train_time:231152ms step_avg:384.61ms
step:602/1680 train_time:231541ms step_avg:384.62ms
step:603/1680 train_time:231919ms step_avg:384.61ms
step:604/1680 train_time:232307ms step_avg:384.61ms
step:605/1680 train_time:232682ms step_avg:384.60ms
step:606/1680 train_time:233067ms step_avg:384.60ms
step:607/1680 train_time:233453ms step_avg:384.60ms
step:608/1680 train_time:233835ms step_avg:384.60ms
step:609/1680 train_time:234213ms step_avg:384.59ms
step:610/1680 train_time:234596ms step_avg:384.58ms
step:611/1680 train_time:234977ms step_avg:384.58ms
step:612/1680 train_time:235357ms step_avg:384.57ms
step:613/1680 train_time:235741ms step_avg:384.57ms
step:614/1680 train_time:236126ms step_avg:384.57ms
step:615/1680 train_time:236512ms step_avg:384.57ms
step:616/1680 train_time:236887ms step_avg:384.56ms
step:617/1680 train_time:237270ms step_avg:384.55ms
step:618/1680 train_time:237658ms step_avg:384.56ms
step:619/1680 train_time:238035ms step_avg:384.55ms
step:620/1680 train_time:238419ms step_avg:384.55ms
step:621/1680 train_time:238805ms step_avg:384.55ms
step:622/1680 train_time:239186ms step_avg:384.54ms
step:623/1680 train_time:239567ms step_avg:384.54ms
step:624/1680 train_time:239943ms step_avg:384.52ms
step:625/1680 train_time:240323ms step_avg:384.52ms
step:625/1680 val_loss:3.6171 train_time:240617ms step_avg:384.99ms
step:626/1680 train_time:240832ms step_avg:384.71ms
step:627/1680 train_time:241251ms step_avg:384.77ms
step:628/1680 train_time:241631ms step_avg:384.76ms
step:629/1680 train_time:242012ms step_avg:384.76ms
step:630/1680 train_time:242400ms step_avg:384.76ms
step:631/1680 train_time:242784ms step_avg:384.76ms
step:632/1680 train_time:243177ms step_avg:384.77ms
step:633/1680 train_time:243576ms step_avg:384.80ms
step:634/1680 train_time:243943ms step_avg:384.77ms
step:635/1680 train_time:244322ms step_avg:384.76ms
step:636/1680 train_time:244706ms step_avg:384.76ms
step:637/1680 train_time:245089ms step_avg:384.76ms
step:638/1680 train_time:245471ms step_avg:384.75ms
step:639/1680 train_time:245853ms step_avg:384.75ms
step:640/1680 train_time:246238ms step_avg:384.75ms
step:641/1680 train_time:246620ms step_avg:384.74ms
step:642/1680 train_time:247003ms step_avg:384.74ms
step:643/1680 train_time:247388ms step_avg:384.74ms
step:644/1680 train_time:247772ms step_avg:384.74ms
step:645/1680 train_time:248157ms step_avg:384.74ms
step:646/1680 train_time:248539ms step_avg:384.74ms
step:647/1680 train_time:248919ms step_avg:384.73ms
step:648/1680 train_time:249304ms step_avg:384.73ms
step:649/1680 train_time:249696ms step_avg:384.74ms
step:650/1680 train_time:250078ms step_avg:384.74ms
step:651/1680 train_time:250460ms step_avg:384.73ms
step:652/1680 train_time:250837ms step_avg:384.72ms
step:653/1680 train_time:251225ms step_avg:384.72ms
step:654/1680 train_time:251607ms step_avg:384.72ms
step:655/1680 train_time:251990ms step_avg:384.72ms
step:656/1680 train_time:252374ms step_avg:384.72ms
step:657/1680 train_time:252758ms step_avg:384.71ms
step:658/1680 train_time:253141ms step_avg:384.71ms
step:659/1680 train_time:253525ms step_avg:384.71ms
step:660/1680 train_time:253913ms step_avg:384.72ms
step:661/1680 train_time:254298ms step_avg:384.72ms
step:662/1680 train_time:254677ms step_avg:384.71ms
step:663/1680 train_time:255062ms step_avg:384.71ms
step:664/1680 train_time:255442ms step_avg:384.70ms
step:665/1680 train_time:255843ms step_avg:384.73ms
step:666/1680 train_time:256216ms step_avg:384.71ms
step:667/1680 train_time:256595ms step_avg:384.70ms
step:668/1680 train_time:256976ms step_avg:384.69ms
step:669/1680 train_time:257362ms step_avg:384.70ms
step:670/1680 train_time:257741ms step_avg:384.69ms
step:671/1680 train_time:258128ms step_avg:384.69ms
step:672/1680 train_time:258517ms step_avg:384.70ms
step:673/1680 train_time:258902ms step_avg:384.70ms
step:674/1680 train_time:259283ms step_avg:384.69ms
step:675/1680 train_time:259665ms step_avg:384.69ms
step:676/1680 train_time:260047ms step_avg:384.68ms
step:677/1680 train_time:260430ms step_avg:384.68ms
step:678/1680 train_time:260816ms step_avg:384.68ms
step:679/1680 train_time:261196ms step_avg:384.68ms
step:680/1680 train_time:261590ms step_avg:384.69ms
step:681/1680 train_time:261975ms step_avg:384.69ms
step:682/1680 train_time:262360ms step_avg:384.69ms
step:683/1680 train_time:262731ms step_avg:384.67ms
step:684/1680 train_time:263115ms step_avg:384.67ms
step:685/1680 train_time:263502ms step_avg:384.67ms
step:686/1680 train_time:263885ms step_avg:384.67ms
step:687/1680 train_time:264272ms step_avg:384.68ms
step:688/1680 train_time:264656ms step_avg:384.67ms
step:689/1680 train_time:265040ms step_avg:384.67ms
step:690/1680 train_time:265427ms step_avg:384.68ms
step:691/1680 train_time:265808ms step_avg:384.67ms
step:692/1680 train_time:266195ms step_avg:384.67ms
step:693/1680 train_time:266577ms step_avg:384.67ms
step:694/1680 train_time:266960ms step_avg:384.67ms
step:695/1680 train_time:267343ms step_avg:384.67ms
step:696/1680 train_time:267727ms step_avg:384.67ms
step:697/1680 train_time:268112ms step_avg:384.67ms
step:698/1680 train_time:268494ms step_avg:384.66ms
step:699/1680 train_time:268875ms step_avg:384.66ms
step:700/1680 train_time:269258ms step_avg:384.65ms
step:701/1680 train_time:269643ms step_avg:384.65ms
step:702/1680 train_time:270024ms step_avg:384.65ms
step:703/1680 train_time:270409ms step_avg:384.65ms
step:704/1680 train_time:270792ms step_avg:384.65ms
step:705/1680 train_time:271174ms step_avg:384.64ms
step:706/1680 train_time:271553ms step_avg:384.64ms
step:707/1680 train_time:271934ms step_avg:384.63ms
step:708/1680 train_time:272330ms step_avg:384.65ms
step:709/1680 train_time:272712ms step_avg:384.64ms
step:710/1680 train_time:273091ms step_avg:384.64ms
step:711/1680 train_time:273473ms step_avg:384.63ms
step:712/1680 train_time:273853ms step_avg:384.62ms
step:713/1680 train_time:274238ms step_avg:384.63ms
step:714/1680 train_time:274628ms step_avg:384.63ms
step:715/1680 train_time:275003ms step_avg:384.62ms
step:716/1680 train_time:275390ms step_avg:384.62ms
step:717/1680 train_time:275768ms step_avg:384.61ms
step:718/1680 train_time:276150ms step_avg:384.61ms
step:719/1680 train_time:276532ms step_avg:384.61ms
step:720/1680 train_time:276913ms step_avg:384.60ms
step:721/1680 train_time:277297ms step_avg:384.60ms
step:722/1680 train_time:277678ms step_avg:384.59ms
step:723/1680 train_time:278058ms step_avg:384.59ms
step:724/1680 train_time:278447ms step_avg:384.60ms
step:725/1680 train_time:278832ms step_avg:384.60ms
step:726/1680 train_time:279215ms step_avg:384.59ms
step:727/1680 train_time:279599ms step_avg:384.59ms
step:728/1680 train_time:279983ms step_avg:384.59ms
step:729/1680 train_time:280362ms step_avg:384.58ms
step:730/1680 train_time:280753ms step_avg:384.59ms
step:731/1680 train_time:281131ms step_avg:384.58ms
step:732/1680 train_time:281516ms step_avg:384.58ms
step:733/1680 train_time:281897ms step_avg:384.58ms
step:734/1680 train_time:282280ms step_avg:384.58ms
step:735/1680 train_time:282662ms step_avg:384.57ms
step:736/1680 train_time:283051ms step_avg:384.58ms
step:737/1680 train_time:283433ms step_avg:384.58ms
step:738/1680 train_time:283816ms step_avg:384.57ms
step:739/1680 train_time:284197ms step_avg:384.57ms
step:740/1680 train_time:284578ms step_avg:384.57ms
step:741/1680 train_time:284960ms step_avg:384.56ms
step:742/1680 train_time:285343ms step_avg:384.56ms
step:743/1680 train_time:285725ms step_avg:384.56ms
step:744/1680 train_time:286115ms step_avg:384.56ms
step:745/1680 train_time:286498ms step_avg:384.56ms
step:746/1680 train_time:286884ms step_avg:384.56ms
step:747/1680 train_time:287286ms step_avg:384.59ms
step:748/1680 train_time:287653ms step_avg:384.56ms
step:749/1680 train_time:288036ms step_avg:384.56ms
step:750/1680 train_time:288422ms step_avg:384.56ms
step:750/1680 val_loss:3.5638 train_time:288708ms step_avg:384.94ms
step:751/1680 train_time:288932ms step_avg:384.73ms
step:752/1680 train_time:289267ms step_avg:384.66ms
step:753/1680 train_time:289651ms step_avg:384.66ms
step:754/1680 train_time:290034ms step_avg:384.66ms
step:755/1680 train_time:290416ms step_avg:384.66ms
step:756/1680 train_time:290802ms step_avg:384.66ms
step:757/1680 train_time:291184ms step_avg:384.66ms
step:758/1680 train_time:291569ms step_avg:384.66ms
step:759/1680 train_time:291950ms step_avg:384.65ms
step:760/1680 train_time:292336ms step_avg:384.65ms
step:761/1680 train_time:292716ms step_avg:384.65ms
step:762/1680 train_time:293102ms step_avg:384.65ms
step:763/1680 train_time:293489ms step_avg:384.65ms
step:764/1680 train_time:293873ms step_avg:384.65ms
step:765/1680 train_time:294258ms step_avg:384.65ms
step:766/1680 train_time:294645ms step_avg:384.65ms
step:767/1680 train_time:295028ms step_avg:384.65ms
step:768/1680 train_time:295416ms step_avg:384.66ms
step:769/1680 train_time:295794ms step_avg:384.65ms
step:770/1680 train_time:296178ms step_avg:384.65ms
step:771/1680 train_time:296556ms step_avg:384.64ms
step:772/1680 train_time:296949ms step_avg:384.65ms
step:773/1680 train_time:297332ms step_avg:384.65ms
step:774/1680 train_time:297717ms step_avg:384.65ms
step:775/1680 train_time:298100ms step_avg:384.65ms
step:776/1680 train_time:298485ms step_avg:384.65ms
step:777/1680 train_time:298867ms step_avg:384.64ms
step:778/1680 train_time:299252ms step_avg:384.64ms
step:779/1680 train_time:299639ms step_avg:384.65ms
step:780/1680 train_time:300025ms step_avg:384.65ms
step:781/1680 train_time:300407ms step_avg:384.64ms
step:782/1680 train_time:300787ms step_avg:384.64ms
step:783/1680 train_time:301170ms step_avg:384.64ms
step:784/1680 train_time:301553ms step_avg:384.63ms
step:785/1680 train_time:301932ms step_avg:384.63ms
step:786/1680 train_time:302319ms step_avg:384.63ms
step:787/1680 train_time:302701ms step_avg:384.63ms
step:788/1680 train_time:303082ms step_avg:384.62ms
step:789/1680 train_time:303470ms step_avg:384.63ms
step:790/1680 train_time:303852ms step_avg:384.62ms
step:791/1680 train_time:304233ms step_avg:384.62ms
step:792/1680 train_time:304622ms step_avg:384.62ms
step:793/1680 train_time:304997ms step_avg:384.61ms
step:794/1680 train_time:305382ms step_avg:384.61ms
step:795/1680 train_time:305767ms step_avg:384.61ms
step:796/1680 train_time:306148ms step_avg:384.61ms
step:797/1680 train_time:306530ms step_avg:384.61ms
step:798/1680 train_time:306915ms step_avg:384.60ms
step:799/1680 train_time:307300ms step_avg:384.61ms
step:800/1680 train_time:307681ms step_avg:384.60ms
step:801/1680 train_time:308062ms step_avg:384.60ms
step:802/1680 train_time:308444ms step_avg:384.59ms
step:803/1680 train_time:308834ms step_avg:384.60ms
step:804/1680 train_time:309214ms step_avg:384.59ms
step:805/1680 train_time:309596ms step_avg:384.59ms
step:806/1680 train_time:309978ms step_avg:384.59ms
step:807/1680 train_time:310361ms step_avg:384.59ms
step:808/1680 train_time:310745ms step_avg:384.59ms
step:809/1680 train_time:311127ms step_avg:384.58ms
step:810/1680 train_time:311510ms step_avg:384.58ms
step:811/1680 train_time:311892ms step_avg:384.58ms
step:812/1680 train_time:312274ms step_avg:384.57ms
step:813/1680 train_time:312657ms step_avg:384.57ms
step:814/1680 train_time:313041ms step_avg:384.57ms
step:815/1680 train_time:313421ms step_avg:384.57ms
step:816/1680 train_time:313799ms step_avg:384.56ms
step:817/1680 train_time:314184ms step_avg:384.56ms
step:818/1680 train_time:314564ms step_avg:384.55ms
step:819/1680 train_time:314947ms step_avg:384.55ms
step:820/1680 train_time:315343ms step_avg:384.56ms
step:821/1680 train_time:315719ms step_avg:384.55ms
step:822/1680 train_time:316100ms step_avg:384.55ms
step:823/1680 train_time:316478ms step_avg:384.54ms
step:824/1680 train_time:316852ms step_avg:384.53ms
step:825/1680 train_time:317240ms step_avg:384.53ms
step:826/1680 train_time:317621ms step_avg:384.53ms
step:827/1680 train_time:318005ms step_avg:384.53ms
step:828/1680 train_time:318387ms step_avg:384.52ms
step:829/1680 train_time:318774ms step_avg:384.53ms
step:830/1680 train_time:319157ms step_avg:384.53ms
step:831/1680 train_time:319542ms step_avg:384.53ms
step:832/1680 train_time:319926ms step_avg:384.53ms
step:833/1680 train_time:320306ms step_avg:384.52ms
step:834/1680 train_time:320687ms step_avg:384.52ms
step:835/1680 train_time:321068ms step_avg:384.51ms
step:836/1680 train_time:321452ms step_avg:384.51ms
step:837/1680 train_time:321838ms step_avg:384.51ms
step:838/1680 train_time:322223ms step_avg:384.51ms
step:839/1680 train_time:322608ms step_avg:384.51ms
step:840/1680 train_time:322985ms step_avg:384.51ms
step:841/1680 train_time:323372ms step_avg:384.51ms
step:842/1680 train_time:323753ms step_avg:384.50ms
step:843/1680 train_time:324133ms step_avg:384.50ms
step:844/1680 train_time:324516ms step_avg:384.50ms
step:845/1680 train_time:324902ms step_avg:384.50ms
step:846/1680 train_time:325285ms step_avg:384.50ms
step:847/1680 train_time:325664ms step_avg:384.49ms
step:848/1680 train_time:326050ms step_avg:384.49ms
step:849/1680 train_time:326440ms step_avg:384.50ms
step:850/1680 train_time:326823ms step_avg:384.50ms
step:851/1680 train_time:327203ms step_avg:384.49ms
step:852/1680 train_time:327587ms step_avg:384.49ms
step:853/1680 train_time:327972ms step_avg:384.49ms
step:854/1680 train_time:328356ms step_avg:384.49ms
step:855/1680 train_time:328738ms step_avg:384.49ms
step:856/1680 train_time:329116ms step_avg:384.48ms
step:857/1680 train_time:329504ms step_avg:384.48ms
step:858/1680 train_time:329893ms step_avg:384.49ms
step:859/1680 train_time:330272ms step_avg:384.48ms
step:860/1680 train_time:330654ms step_avg:384.48ms
step:861/1680 train_time:331040ms step_avg:384.48ms
step:862/1680 train_time:331425ms step_avg:384.48ms
step:863/1680 train_time:331808ms step_avg:384.48ms
step:864/1680 train_time:332193ms step_avg:384.48ms
step:865/1680 train_time:332580ms step_avg:384.49ms
step:866/1680 train_time:332959ms step_avg:384.48ms
step:867/1680 train_time:333341ms step_avg:384.48ms
step:868/1680 train_time:333727ms step_avg:384.48ms
step:869/1680 train_time:334107ms step_avg:384.47ms
step:870/1680 train_time:334492ms step_avg:384.47ms
step:871/1680 train_time:334881ms step_avg:384.48ms
step:872/1680 train_time:335250ms step_avg:384.46ms
step:873/1680 train_time:335635ms step_avg:384.46ms
step:874/1680 train_time:336015ms step_avg:384.46ms
step:875/1680 train_time:336409ms step_avg:384.47ms
step:875/1680 val_loss:3.5179 train_time:336687ms step_avg:384.79ms
step:876/1680 train_time:336899ms step_avg:384.59ms
step:877/1680 train_time:337230ms step_avg:384.53ms
step:878/1680 train_time:337614ms step_avg:384.53ms
step:879/1680 train_time:337999ms step_avg:384.53ms
step:880/1680 train_time:338383ms step_avg:384.53ms
step:881/1680 train_time:338764ms step_avg:384.52ms
step:882/1680 train_time:339146ms step_avg:384.52ms
step:883/1680 train_time:339524ms step_avg:384.51ms
step:884/1680 train_time:339911ms step_avg:384.51ms
step:885/1680 train_time:340296ms step_avg:384.51ms
step:886/1680 train_time:340673ms step_avg:384.51ms
step:887/1680 train_time:341056ms step_avg:384.50ms
step:888/1680 train_time:341437ms step_avg:384.50ms
step:889/1680 train_time:341822ms step_avg:384.50ms
step:890/1680 train_time:342203ms step_avg:384.50ms
step:891/1680 train_time:342587ms step_avg:384.50ms
step:892/1680 train_time:342966ms step_avg:384.49ms
step:893/1680 train_time:343348ms step_avg:384.49ms
step:894/1680 train_time:343738ms step_avg:384.49ms
step:895/1680 train_time:344120ms step_avg:384.49ms
step:896/1680 train_time:344501ms step_avg:384.49ms
step:897/1680 train_time:344891ms step_avg:384.49ms
step:898/1680 train_time:345276ms step_avg:384.49ms
step:899/1680 train_time:345657ms step_avg:384.49ms
step:900/1680 train_time:346041ms step_avg:384.49ms
step:901/1680 train_time:346423ms step_avg:384.49ms
step:902/1680 train_time:346805ms step_avg:384.48ms
step:903/1680 train_time:347190ms step_avg:384.49ms
step:904/1680 train_time:347573ms step_avg:384.48ms
step:905/1680 train_time:347954ms step_avg:384.48ms
step:906/1680 train_time:348340ms step_avg:384.48ms
step:907/1680 train_time:348723ms step_avg:384.48ms
step:908/1680 train_time:349108ms step_avg:384.48ms
step:909/1680 train_time:349488ms step_avg:384.48ms
step:910/1680 train_time:349874ms step_avg:384.48ms
step:911/1680 train_time:350253ms step_avg:384.47ms
step:912/1680 train_time:350641ms step_avg:384.47ms
step:913/1680 train_time:351021ms step_avg:384.47ms
step:914/1680 train_time:351404ms step_avg:384.47ms
step:915/1680 train_time:351790ms step_avg:384.47ms
step:916/1680 train_time:352171ms step_avg:384.47ms
step:917/1680 train_time:352554ms step_avg:384.46ms
step:918/1680 train_time:352937ms step_avg:384.46ms
step:919/1680 train_time:353320ms step_avg:384.46ms
step:920/1680 train_time:353721ms step_avg:384.48ms
step:921/1680 train_time:354087ms step_avg:384.46ms
step:922/1680 train_time:354469ms step_avg:384.46ms
step:923/1680 train_time:354851ms step_avg:384.45ms
step:924/1680 train_time:355231ms step_avg:384.45ms
step:925/1680 train_time:355613ms step_avg:384.45ms
step:926/1680 train_time:355995ms step_avg:384.44ms
step:927/1680 train_time:356377ms step_avg:384.44ms
step:928/1680 train_time:356758ms step_avg:384.44ms
step:929/1680 train_time:357143ms step_avg:384.44ms
step:930/1680 train_time:357523ms step_avg:384.43ms
step:931/1680 train_time:357905ms step_avg:384.43ms
step:932/1680 train_time:358288ms step_avg:384.43ms
step:933/1680 train_time:358669ms step_avg:384.43ms
step:934/1680 train_time:359056ms step_avg:384.43ms
step:935/1680 train_time:359441ms step_avg:384.43ms
step:936/1680 train_time:359828ms step_avg:384.43ms
step:937/1680 train_time:360214ms step_avg:384.43ms
step:938/1680 train_time:360601ms step_avg:384.44ms
step:939/1680 train_time:360980ms step_avg:384.43ms
step:940/1680 train_time:361362ms step_avg:384.43ms
step:941/1680 train_time:361745ms step_avg:384.43ms
step:942/1680 train_time:362128ms step_avg:384.42ms
step:943/1680 train_time:362509ms step_avg:384.42ms
step:944/1680 train_time:362895ms step_avg:384.42ms
step:945/1680 train_time:363278ms step_avg:384.42ms
step:946/1680 train_time:363662ms step_avg:384.42ms
step:947/1680 train_time:364039ms step_avg:384.41ms
step:948/1680 train_time:364423ms step_avg:384.41ms
step:949/1680 train_time:364803ms step_avg:384.41ms
step:950/1680 train_time:365187ms step_avg:384.41ms
step:951/1680 train_time:365572ms step_avg:384.41ms
step:952/1680 train_time:365954ms step_avg:384.41ms
step:953/1680 train_time:366338ms step_avg:384.41ms
step:954/1680 train_time:366724ms step_avg:384.41ms
step:955/1680 train_time:367108ms step_avg:384.41ms
step:956/1680 train_time:367494ms step_avg:384.41ms
step:957/1680 train_time:367879ms step_avg:384.41ms
step:958/1680 train_time:368263ms step_avg:384.41ms
step:959/1680 train_time:368648ms step_avg:384.41ms
step:960/1680 train_time:369028ms step_avg:384.40ms
step:961/1680 train_time:369413ms step_avg:384.41ms
step:962/1680 train_time:369794ms step_avg:384.40ms
step:963/1680 train_time:370178ms step_avg:384.40ms
step:964/1680 train_time:370565ms step_avg:384.40ms
step:965/1680 train_time:370947ms step_avg:384.40ms
step:966/1680 train_time:371333ms step_avg:384.40ms
step:967/1680 train_time:371712ms step_avg:384.40ms
step:968/1680 train_time:372093ms step_avg:384.39ms
step:969/1680 train_time:372474ms step_avg:384.39ms
step:970/1680 train_time:372859ms step_avg:384.39ms
step:971/1680 train_time:373244ms step_avg:384.39ms
step:972/1680 train_time:373627ms step_avg:384.39ms
step:973/1680 train_time:374012ms step_avg:384.39ms
step:974/1680 train_time:374393ms step_avg:384.39ms
step:975/1680 train_time:374776ms step_avg:384.39ms
step:976/1680 train_time:375160ms step_avg:384.39ms
step:977/1680 train_time:375543ms step_avg:384.38ms
step:978/1680 train_time:375930ms step_avg:384.39ms
step:979/1680 train_time:376311ms step_avg:384.38ms
step:980/1680 train_time:376690ms step_avg:384.38ms
step:981/1680 train_time:377075ms step_avg:384.38ms
step:982/1680 train_time:377459ms step_avg:384.38ms
step:983/1680 train_time:377844ms step_avg:384.38ms
step:984/1680 train_time:378227ms step_avg:384.38ms
step:985/1680 train_time:378611ms step_avg:384.38ms
step:986/1680 train_time:378993ms step_avg:384.37ms
step:987/1680 train_time:379374ms step_avg:384.37ms
step:988/1680 train_time:379757ms step_avg:384.37ms
step:989/1680 train_time:380140ms step_avg:384.37ms
step:990/1680 train_time:380521ms step_avg:384.36ms
step:991/1680 train_time:380902ms step_avg:384.36ms
step:992/1680 train_time:381285ms step_avg:384.36ms
step:993/1680 train_time:381672ms step_avg:384.36ms
step:994/1680 train_time:382052ms step_avg:384.36ms
step:995/1680 train_time:382435ms step_avg:384.36ms
step:996/1680 train_time:382822ms step_avg:384.36ms
step:997/1680 train_time:383207ms step_avg:384.36ms
step:998/1680 train_time:383589ms step_avg:384.36ms
step:999/1680 train_time:383975ms step_avg:384.36ms
step:1000/1680 train_time:384356ms step_avg:384.36ms
step:1000/1680 val_loss:3.4671 train_time:384642ms step_avg:384.64ms
step:1001/1680 train_time:384858ms step_avg:384.47ms
step:1002/1680 train_time:385188ms step_avg:384.42ms
step:1003/1680 train_time:385568ms step_avg:384.41ms
step:1004/1680 train_time:385953ms step_avg:384.42ms
step:1005/1680 train_time:386342ms step_avg:384.42ms
step:1006/1680 train_time:386721ms step_avg:384.41ms
step:1007/1680 train_time:387108ms step_avg:384.42ms
step:1008/1680 train_time:387489ms step_avg:384.41ms
step:1009/1680 train_time:387885ms step_avg:384.43ms
step:1010/1680 train_time:388272ms step_avg:384.43ms
step:1011/1680 train_time:388640ms step_avg:384.41ms
step:1012/1680 train_time:389026ms step_avg:384.41ms
step:1013/1680 train_time:389407ms step_avg:384.41ms
step:1014/1680 train_time:389787ms step_avg:384.41ms
step:1015/1680 train_time:390169ms step_avg:384.40ms
step:1016/1680 train_time:390555ms step_avg:384.40ms
step:1017/1680 train_time:390939ms step_avg:384.40ms
step:1018/1680 train_time:391326ms step_avg:384.41ms
step:1019/1680 train_time:391711ms step_avg:384.41ms
step:1020/1680 train_time:392090ms step_avg:384.40ms
step:1021/1680 train_time:392471ms step_avg:384.40ms
step:1022/1680 train_time:392855ms step_avg:384.40ms
step:1023/1680 train_time:393244ms step_avg:384.40ms
step:1024/1680 train_time:393625ms step_avg:384.40ms
step:1025/1680 train_time:394011ms step_avg:384.40ms
step:1026/1680 train_time:394396ms step_avg:384.40ms
step:1027/1680 train_time:394780ms step_avg:384.40ms
step:1028/1680 train_time:395160ms step_avg:384.40ms
step:1029/1680 train_time:395551ms step_avg:384.40ms
step:1030/1680 train_time:395932ms step_avg:384.40ms
step:1031/1680 train_time:396312ms step_avg:384.40ms
step:1032/1680 train_time:396698ms step_avg:384.40ms
step:1033/1680 train_time:397075ms step_avg:384.39ms
step:1034/1680 train_time:397475ms step_avg:384.41ms
step:1035/1680 train_time:397859ms step_avg:384.40ms
step:1036/1680 train_time:398243ms step_avg:384.40ms
step:1037/1680 train_time:398631ms step_avg:384.41ms
step:1038/1680 train_time:399009ms step_avg:384.40ms
step:1039/1680 train_time:399394ms step_avg:384.40ms
step:1040/1680 train_time:399782ms step_avg:384.41ms
step:1041/1680 train_time:400162ms step_avg:384.40ms
step:1042/1680 train_time:400553ms step_avg:384.41ms
step:1043/1680 train_time:400918ms step_avg:384.39ms
step:1044/1680 train_time:401301ms step_avg:384.39ms
step:1045/1680 train_time:401689ms step_avg:384.39ms
step:1046/1680 train_time:402077ms step_avg:384.40ms
step:1047/1680 train_time:402463ms step_avg:384.40ms
step:1048/1680 train_time:402850ms step_avg:384.40ms
step:1049/1680 train_time:403229ms step_avg:384.39ms
step:1050/1680 train_time:403617ms step_avg:384.40ms
step:1051/1680 train_time:404006ms step_avg:384.40ms
step:1052/1680 train_time:404398ms step_avg:384.41ms
step:1053/1680 train_time:404786ms step_avg:384.41ms
step:1054/1680 train_time:405160ms step_avg:384.40ms
step:1055/1680 train_time:405544ms step_avg:384.40ms
step:1056/1680 train_time:405931ms step_avg:384.40ms
step:1057/1680 train_time:406317ms step_avg:384.41ms
step:1058/1680 train_time:406697ms step_avg:384.40ms
step:1059/1680 train_time:407080ms step_avg:384.40ms
step:1060/1680 train_time:407462ms step_avg:384.40ms
step:1061/1680 train_time:407844ms step_avg:384.40ms
step:1062/1680 train_time:408229ms step_avg:384.40ms
step:1063/1680 train_time:408615ms step_avg:384.40ms
step:1064/1680 train_time:409009ms step_avg:384.41ms
step:1065/1680 train_time:409390ms step_avg:384.40ms
step:1066/1680 train_time:409776ms step_avg:384.41ms
step:1067/1680 train_time:410159ms step_avg:384.40ms
step:1068/1680 train_time:410541ms step_avg:384.40ms
step:1069/1680 train_time:410915ms step_avg:384.39ms
step:1070/1680 train_time:411298ms step_avg:384.39ms
step:1071/1680 train_time:411680ms step_avg:384.39ms
step:1072/1680 train_time:412063ms step_avg:384.39ms
step:1073/1680 train_time:412447ms step_avg:384.39ms
step:1074/1680 train_time:412828ms step_avg:384.38ms
step:1075/1680 train_time:413210ms step_avg:384.38ms
step:1076/1680 train_time:413592ms step_avg:384.38ms
step:1077/1680 train_time:413974ms step_avg:384.38ms
step:1078/1680 train_time:414359ms step_avg:384.38ms
step:1079/1680 train_time:414742ms step_avg:384.38ms
step:1080/1680 train_time:415125ms step_avg:384.37ms
step:1081/1680 train_time:415508ms step_avg:384.37ms
step:1082/1680 train_time:415894ms step_avg:384.38ms
step:1083/1680 train_time:416277ms step_avg:384.37ms
step:1084/1680 train_time:416657ms step_avg:384.37ms
step:1085/1680 train_time:417034ms step_avg:384.36ms
step:1086/1680 train_time:417421ms step_avg:384.37ms
step:1087/1680 train_time:417803ms step_avg:384.36ms
step:1088/1680 train_time:418182ms step_avg:384.36ms
step:1089/1680 train_time:418568ms step_avg:384.36ms
step:1090/1680 train_time:418950ms step_avg:384.36ms
step:1091/1680 train_time:419348ms step_avg:384.37ms
step:1092/1680 train_time:419717ms step_avg:384.36ms
step:1093/1680 train_time:420103ms step_avg:384.36ms
step:1094/1680 train_time:420490ms step_avg:384.36ms
step:1095/1680 train_time:420872ms step_avg:384.36ms
step:1096/1680 train_time:421262ms step_avg:384.36ms
step:1097/1680 train_time:421646ms step_avg:384.36ms
step:1098/1680 train_time:422027ms step_avg:384.36ms
step:1099/1680 train_time:422410ms step_avg:384.36ms
step:1100/1680 train_time:422794ms step_avg:384.36ms
step:1101/1680 train_time:423174ms step_avg:384.35ms
step:1102/1680 train_time:423557ms step_avg:384.35ms
step:1103/1680 train_time:423957ms step_avg:384.37ms
step:1104/1680 train_time:424339ms step_avg:384.37ms
step:1105/1680 train_time:424706ms step_avg:384.35ms
step:1106/1680 train_time:425088ms step_avg:384.35ms
step:1107/1680 train_time:425475ms step_avg:384.35ms
step:1108/1680 train_time:425854ms step_avg:384.34ms
step:1109/1680 train_time:426243ms step_avg:384.35ms
step:1110/1680 train_time:426627ms step_avg:384.35ms
step:1111/1680 train_time:427004ms step_avg:384.34ms
step:1112/1680 train_time:427386ms step_avg:384.34ms
step:1113/1680 train_time:427763ms step_avg:384.33ms
step:1114/1680 train_time:428149ms step_avg:384.33ms
step:1115/1680 train_time:428534ms step_avg:384.34ms
step:1116/1680 train_time:428911ms step_avg:384.33ms
step:1117/1680 train_time:429294ms step_avg:384.33ms
step:1118/1680 train_time:429684ms step_avg:384.33ms
step:1119/1680 train_time:430065ms step_avg:384.33ms
step:1120/1680 train_time:430450ms step_avg:384.33ms
step:1121/1680 train_time:430833ms step_avg:384.33ms
step:1122/1680 train_time:431214ms step_avg:384.33ms
step:1123/1680 train_time:431599ms step_avg:384.33ms
step:1124/1680 train_time:431977ms step_avg:384.32ms
step:1125/1680 train_time:432360ms step_avg:384.32ms
step:1125/1680 val_loss:3.4153 train_time:432648ms step_avg:384.58ms
step:1126/1680 train_time:432866ms step_avg:384.43ms
step:1127/1680 train_time:433194ms step_avg:384.38ms
step:1128/1680 train_time:433579ms step_avg:384.38ms
step:1129/1680 train_time:433963ms step_avg:384.38ms
step:1130/1680 train_time:434346ms step_avg:384.38ms
step:1131/1680 train_time:434731ms step_avg:384.38ms
step:1132/1680 train_time:435116ms step_avg:384.38ms
step:1133/1680 train_time:435497ms step_avg:384.38ms
step:1134/1680 train_time:435881ms step_avg:384.38ms
step:1135/1680 train_time:436264ms step_avg:384.37ms
step:1136/1680 train_time:436650ms step_avg:384.38ms
step:1137/1680 train_time:437032ms step_avg:384.37ms
step:1138/1680 train_time:437415ms step_avg:384.37ms
step:1139/1680 train_time:437797ms step_avg:384.37ms
step:1140/1680 train_time:438178ms step_avg:384.37ms
step:1141/1680 train_time:438567ms step_avg:384.37ms
step:1142/1680 train_time:438949ms step_avg:384.37ms
step:1143/1680 train_time:439332ms step_avg:384.37ms
step:1144/1680 train_time:439718ms step_avg:384.37ms
step:1145/1680 train_time:440098ms step_avg:384.37ms
step:1146/1680 train_time:440489ms step_avg:384.37ms
step:1147/1680 train_time:440871ms step_avg:384.37ms
step:1148/1680 train_time:441259ms step_avg:384.37ms
step:1149/1680 train_time:441658ms step_avg:384.38ms
step:1150/1680 train_time:442024ms step_avg:384.37ms
step:1151/1680 train_time:442409ms step_avg:384.37ms
step:1152/1680 train_time:442792ms step_avg:384.37ms
step:1153/1680 train_time:443186ms step_avg:384.38ms
step:1154/1680 train_time:443570ms step_avg:384.38ms
step:1155/1680 train_time:443937ms step_avg:384.36ms
step:1156/1680 train_time:444318ms step_avg:384.36ms
step:1157/1680 train_time:444702ms step_avg:384.36ms
step:1158/1680 train_time:445080ms step_avg:384.35ms
step:1159/1680 train_time:445464ms step_avg:384.35ms
step:1160/1680 train_time:445851ms step_avg:384.35ms
step:1161/1680 train_time:446237ms step_avg:384.36ms
step:1162/1680 train_time:446621ms step_avg:384.36ms
step:1163/1680 train_time:447001ms step_avg:384.35ms
step:1164/1680 train_time:447387ms step_avg:384.35ms
step:1165/1680 train_time:447774ms step_avg:384.36ms
step:1166/1680 train_time:448157ms step_avg:384.35ms
step:1167/1680 train_time:448541ms step_avg:384.35ms
step:1168/1680 train_time:448921ms step_avg:384.35ms
step:1169/1680 train_time:449304ms step_avg:384.35ms
step:1170/1680 train_time:449684ms step_avg:384.35ms
step:1171/1680 train_time:450065ms step_avg:384.34ms
step:1172/1680 train_time:450449ms step_avg:384.34ms
step:1173/1680 train_time:450836ms step_avg:384.34ms
step:1174/1680 train_time:451211ms step_avg:384.34ms
step:1175/1680 train_time:451598ms step_avg:384.34ms
step:1176/1680 train_time:451980ms step_avg:384.34ms
step:1177/1680 train_time:452364ms step_avg:384.34ms
step:1178/1680 train_time:452753ms step_avg:384.34ms
step:1179/1680 train_time:453136ms step_avg:384.34ms
step:1180/1680 train_time:453522ms step_avg:384.34ms
step:1181/1680 train_time:453903ms step_avg:384.34ms
step:1182/1680 train_time:454281ms step_avg:384.33ms
step:1183/1680 train_time:454666ms step_avg:384.33ms
step:1184/1680 train_time:455044ms step_avg:384.33ms
step:1185/1680 train_time:455428ms step_avg:384.33ms
step:1186/1680 train_time:455808ms step_avg:384.32ms
step:1187/1680 train_time:456191ms step_avg:384.32ms
step:1188/1680 train_time:456579ms step_avg:384.33ms
step:1189/1680 train_time:456965ms step_avg:384.33ms
step:1190/1680 train_time:457345ms step_avg:384.32ms
step:1191/1680 train_time:457729ms step_avg:384.32ms
step:1192/1680 train_time:458110ms step_avg:384.32ms
step:1193/1680 train_time:458493ms step_avg:384.32ms
step:1194/1680 train_time:458877ms step_avg:384.32ms
step:1195/1680 train_time:459257ms step_avg:384.32ms
step:1196/1680 train_time:459643ms step_avg:384.32ms
step:1197/1680 train_time:460026ms step_avg:384.32ms
step:1198/1680 train_time:460408ms step_avg:384.31ms
step:1199/1680 train_time:460794ms step_avg:384.32ms
step:1200/1680 train_time:461175ms step_avg:384.31ms
step:1201/1680 train_time:461559ms step_avg:384.31ms
step:1202/1680 train_time:461947ms step_avg:384.32ms
step:1203/1680 train_time:462327ms step_avg:384.31ms
step:1204/1680 train_time:462709ms step_avg:384.31ms
step:1205/1680 train_time:463090ms step_avg:384.31ms
step:1206/1680 train_time:463472ms step_avg:384.31ms
step:1207/1680 train_time:463854ms step_avg:384.30ms
step:1208/1680 train_time:464238ms step_avg:384.30ms
step:1209/1680 train_time:464619ms step_avg:384.30ms
step:1210/1680 train_time:465000ms step_avg:384.30ms
step:1211/1680 train_time:465385ms step_avg:384.30ms
step:1212/1680 train_time:465768ms step_avg:384.30ms
step:1213/1680 train_time:466154ms step_avg:384.30ms
step:1214/1680 train_time:466532ms step_avg:384.29ms
step:1215/1680 train_time:466911ms step_avg:384.29ms
step:1216/1680 train_time:467293ms step_avg:384.29ms
step:1217/1680 train_time:467674ms step_avg:384.28ms
step:1218/1680 train_time:468062ms step_avg:384.29ms
step:1219/1680 train_time:468446ms step_avg:384.29ms
step:1220/1680 train_time:468832ms step_avg:384.29ms
step:1221/1680 train_time:469212ms step_avg:384.29ms
step:1222/1680 train_time:469592ms step_avg:384.28ms
step:1223/1680 train_time:469980ms step_avg:384.28ms
step:1224/1680 train_time:470361ms step_avg:384.28ms
step:1225/1680 train_time:470745ms step_avg:384.28ms
step:1226/1680 train_time:471130ms step_avg:384.28ms
step:1227/1680 train_time:471512ms step_avg:384.28ms
step:1228/1680 train_time:471898ms step_avg:384.28ms
step:1229/1680 train_time:472279ms step_avg:384.28ms
step:1230/1680 train_time:472660ms step_avg:384.28ms
step:1231/1680 train_time:473040ms step_avg:384.27ms
step:1232/1680 train_time:473425ms step_avg:384.27ms
step:1233/1680 train_time:473810ms step_avg:384.27ms
step:1234/1680 train_time:474191ms step_avg:384.27ms
step:1235/1680 train_time:474583ms step_avg:384.28ms
step:1236/1680 train_time:474959ms step_avg:384.27ms
step:1237/1680 train_time:475342ms step_avg:384.27ms
step:1238/1680 train_time:475736ms step_avg:384.28ms
step:1239/1680 train_time:476108ms step_avg:384.27ms
step:1240/1680 train_time:476490ms step_avg:384.27ms
step:1241/1680 train_time:476874ms step_avg:384.27ms
step:1242/1680 train_time:477258ms step_avg:384.27ms
step:1243/1680 train_time:477641ms step_avg:384.26ms
step:1244/1680 train_time:478029ms step_avg:384.27ms
step:1245/1680 train_time:478417ms step_avg:384.27ms
step:1246/1680 train_time:478796ms step_avg:384.27ms
step:1247/1680 train_time:479178ms step_avg:384.26ms
step:1248/1680 train_time:479558ms step_avg:384.26ms
step:1249/1680 train_time:479943ms step_avg:384.26ms
step:1250/1680 train_time:480326ms step_avg:384.26ms
step:1250/1680 val_loss:3.3763 train_time:480619ms step_avg:384.50ms
step:1251/1680 train_time:480834ms step_avg:384.36ms
step:1252/1680 train_time:481168ms step_avg:384.32ms
step:1253/1680 train_time:481556ms step_avg:384.32ms
step:1254/1680 train_time:481939ms step_avg:384.32ms
step:1255/1680 train_time:482321ms step_avg:384.32ms
step:1256/1680 train_time:482705ms step_avg:384.32ms
step:1257/1680 train_time:483090ms step_avg:384.32ms
step:1258/1680 train_time:483474ms step_avg:384.32ms
step:1259/1680 train_time:483859ms step_avg:384.32ms
step:1260/1680 train_time:484241ms step_avg:384.32ms
step:1261/1680 train_time:484625ms step_avg:384.32ms
step:1262/1680 train_time:485009ms step_avg:384.32ms
step:1263/1680 train_time:485395ms step_avg:384.32ms
step:1264/1680 train_time:485774ms step_avg:384.31ms
step:1265/1680 train_time:486157ms step_avg:384.31ms
step:1266/1680 train_time:486543ms step_avg:384.31ms
step:1267/1680 train_time:486925ms step_avg:384.31ms
step:1268/1680 train_time:487311ms step_avg:384.31ms
step:1269/1680 train_time:487696ms step_avg:384.32ms
step:1270/1680 train_time:488084ms step_avg:384.32ms
step:1271/1680 train_time:488465ms step_avg:384.32ms
step:1272/1680 train_time:488846ms step_avg:384.31ms
step:1273/1680 train_time:489233ms step_avg:384.31ms
step:1274/1680 train_time:489614ms step_avg:384.31ms
step:1275/1680 train_time:489997ms step_avg:384.31ms
step:1276/1680 train_time:490378ms step_avg:384.31ms
step:1277/1680 train_time:490773ms step_avg:384.32ms
step:1278/1680 train_time:491153ms step_avg:384.31ms
step:1279/1680 train_time:491535ms step_avg:384.31ms
step:1280/1680 train_time:491908ms step_avg:384.30ms
step:1281/1680 train_time:492290ms step_avg:384.30ms
step:1282/1680 train_time:492676ms step_avg:384.30ms
step:1283/1680 train_time:493056ms step_avg:384.30ms
step:1284/1680 train_time:493442ms step_avg:384.30ms
step:1285/1680 train_time:493825ms step_avg:384.30ms
step:1286/1680 train_time:494209ms step_avg:384.30ms
step:1287/1680 train_time:494591ms step_avg:384.30ms
step:1288/1680 train_time:494976ms step_avg:384.30ms
step:1289/1680 train_time:495363ms step_avg:384.30ms
step:1290/1680 train_time:495747ms step_avg:384.30ms
step:1291/1680 train_time:496129ms step_avg:384.30ms
step:1292/1680 train_time:496516ms step_avg:384.30ms
step:1293/1680 train_time:496895ms step_avg:384.30ms
step:1294/1680 train_time:497275ms step_avg:384.29ms
step:1295/1680 train_time:497663ms step_avg:384.30ms
step:1296/1680 train_time:498042ms step_avg:384.29ms
step:1297/1680 train_time:498428ms step_avg:384.29ms
step:1298/1680 train_time:498808ms step_avg:384.29ms
step:1299/1680 train_time:499195ms step_avg:384.29ms
step:1300/1680 train_time:499578ms step_avg:384.29ms
step:1301/1680 train_time:499962ms step_avg:384.29ms
step:1302/1680 train_time:500347ms step_avg:384.29ms
step:1303/1680 train_time:500733ms step_avg:384.29ms
step:1304/1680 train_time:501119ms step_avg:384.29ms
step:1305/1680 train_time:501501ms step_avg:384.29ms
step:1306/1680 train_time:501879ms step_avg:384.29ms
step:1307/1680 train_time:502265ms step_avg:384.29ms
step:1308/1680 train_time:502652ms step_avg:384.29ms
step:1309/1680 train_time:503033ms step_avg:384.29ms
step:1310/1680 train_time:503418ms step_avg:384.29ms
step:1311/1680 train_time:503802ms step_avg:384.29ms
step:1312/1680 train_time:504188ms step_avg:384.29ms
step:1313/1680 train_time:504569ms step_avg:384.29ms
step:1314/1680 train_time:504956ms step_avg:384.29ms
step:1315/1680 train_time:505338ms step_avg:384.29ms
step:1316/1680 train_time:505722ms step_avg:384.29ms
step:1317/1680 train_time:506106ms step_avg:384.29ms
step:1318/1680 train_time:506487ms step_avg:384.28ms
step:1319/1680 train_time:506868ms step_avg:384.28ms
step:1320/1680 train_time:507251ms step_avg:384.28ms
step:1321/1680 train_time:507648ms step_avg:384.29ms
step:1322/1680 train_time:508032ms step_avg:384.29ms
step:1323/1680 train_time:508416ms step_avg:384.29ms
step:1324/1680 train_time:508800ms step_avg:384.29ms
step:1325/1680 train_time:509181ms step_avg:384.29ms
step:1326/1680 train_time:509566ms step_avg:384.29ms
step:1327/1680 train_time:509948ms step_avg:384.29ms
step:1328/1680 train_time:510321ms step_avg:384.28ms
step:1329/1680 train_time:510702ms step_avg:384.28ms
step:1330/1680 train_time:511080ms step_avg:384.27ms
step:1331/1680 train_time:511464ms step_avg:384.27ms
step:1332/1680 train_time:511851ms step_avg:384.27ms
step:1333/1680 train_time:512232ms step_avg:384.27ms
step:1334/1680 train_time:512613ms step_avg:384.27ms
step:1335/1680 train_time:512998ms step_avg:384.27ms
step:1336/1680 train_time:513382ms step_avg:384.27ms
step:1337/1680 train_time:513764ms step_avg:384.27ms
step:1338/1680 train_time:514155ms step_avg:384.27ms
step:1339/1680 train_time:514536ms step_avg:384.27ms
step:1340/1680 train_time:514919ms step_avg:384.27ms
step:1341/1680 train_time:515308ms step_avg:384.27ms
step:1342/1680 train_time:515694ms step_avg:384.27ms
step:1343/1680 train_time:516074ms step_avg:384.27ms
step:1344/1680 train_time:516462ms step_avg:384.27ms
step:1345/1680 train_time:516842ms step_avg:384.27ms
step:1346/1680 train_time:517226ms step_avg:384.27ms
step:1347/1680 train_time:517624ms step_avg:384.28ms
step:1348/1680 train_time:517990ms step_avg:384.27ms
step:1349/1680 train_time:518376ms step_avg:384.27ms
step:1350/1680 train_time:518758ms step_avg:384.27ms
step:1351/1680 train_time:519140ms step_avg:384.26ms
step:1352/1680 train_time:519522ms step_avg:384.26ms
step:1353/1680 train_time:519908ms step_avg:384.26ms
step:1354/1680 train_time:520290ms step_avg:384.26ms
step:1355/1680 train_time:520673ms step_avg:384.26ms
step:1356/1680 train_time:521059ms step_avg:384.26ms
step:1357/1680 train_time:521445ms step_avg:384.26ms
step:1358/1680 train_time:521827ms step_avg:384.26ms
step:1359/1680 train_time:522210ms step_avg:384.26ms
step:1360/1680 train_time:522595ms step_avg:384.26ms
step:1361/1680 train_time:522981ms step_avg:384.26ms
step:1362/1680 train_time:523362ms step_avg:384.26ms
step:1363/1680 train_time:523763ms step_avg:384.27ms
step:1364/1680 train_time:524145ms step_avg:384.27ms
step:1365/1680 train_time:524527ms step_avg:384.27ms
step:1366/1680 train_time:524899ms step_avg:384.26ms
step:1367/1680 train_time:525282ms step_avg:384.26ms
step:1368/1680 train_time:525666ms step_avg:384.26ms
step:1369/1680 train_time:526050ms step_avg:384.26ms
step:1370/1680 train_time:526434ms step_avg:384.26ms
step:1371/1680 train_time:526816ms step_avg:384.26ms
step:1372/1680 train_time:527197ms step_avg:384.25ms
step:1373/1680 train_time:527579ms step_avg:384.25ms
step:1374/1680 train_time:527964ms step_avg:384.25ms
step:1375/1680 train_time:528346ms step_avg:384.25ms
step:1375/1680 val_loss:3.3408 train_time:528638ms step_avg:384.46ms
step:1376/1680 train_time:528852ms step_avg:384.34ms
step:1377/1680 train_time:529183ms step_avg:384.30ms
step:1378/1680 train_time:529567ms step_avg:384.30ms
step:1379/1680 train_time:529949ms step_avg:384.30ms
step:1380/1680 train_time:530336ms step_avg:384.30ms
step:1381/1680 train_time:530725ms step_avg:384.30ms
step:1382/1680 train_time:531109ms step_avg:384.30ms
step:1383/1680 train_time:531489ms step_avg:384.30ms
step:1384/1680 train_time:531871ms step_avg:384.30ms
step:1385/1680 train_time:532257ms step_avg:384.30ms
step:1386/1680 train_time:532640ms step_avg:384.30ms
step:1387/1680 train_time:533024ms step_avg:384.30ms
step:1388/1680 train_time:533405ms step_avg:384.30ms
step:1389/1680 train_time:533790ms step_avg:384.30ms
step:1390/1680 train_time:534174ms step_avg:384.30ms
step:1391/1680 train_time:534558ms step_avg:384.30ms
step:1392/1680 train_time:534943ms step_avg:384.30ms
step:1393/1680 train_time:535329ms step_avg:384.30ms
step:1394/1680 train_time:535711ms step_avg:384.30ms
step:1395/1680 train_time:536094ms step_avg:384.30ms
step:1396/1680 train_time:536473ms step_avg:384.29ms
step:1397/1680 train_time:536860ms step_avg:384.29ms
step:1398/1680 train_time:537240ms step_avg:384.29ms
step:1399/1680 train_time:537623ms step_avg:384.29ms
step:1400/1680 train_time:538014ms step_avg:384.30ms
step:1401/1680 train_time:538388ms step_avg:384.29ms
step:1402/1680 train_time:538775ms step_avg:384.29ms
step:1403/1680 train_time:539155ms step_avg:384.29ms
step:1404/1680 train_time:539541ms step_avg:384.29ms
step:1405/1680 train_time:539925ms step_avg:384.29ms
step:1406/1680 train_time:540307ms step_avg:384.29ms
step:1407/1680 train_time:540697ms step_avg:384.29ms
step:1408/1680 train_time:541076ms step_avg:384.29ms
step:1409/1680 train_time:541461ms step_avg:384.29ms
step:1410/1680 train_time:541843ms step_avg:384.29ms
step:1411/1680 train_time:542227ms step_avg:384.29ms
step:1412/1680 train_time:542610ms step_avg:384.28ms
step:1413/1680 train_time:542992ms step_avg:384.28ms
step:1414/1680 train_time:543382ms step_avg:384.29ms
step:1415/1680 train_time:543764ms step_avg:384.29ms
step:1416/1680 train_time:544143ms step_avg:384.28ms
step:1417/1680 train_time:544525ms step_avg:384.28ms
step:1418/1680 train_time:544908ms step_avg:384.28ms
step:1419/1680 train_time:545291ms step_avg:384.28ms
step:1420/1680 train_time:545691ms step_avg:384.29ms
step:1421/1680 train_time:546073ms step_avg:384.29ms
step:1422/1680 train_time:546436ms step_avg:384.27ms
step:1423/1680 train_time:546826ms step_avg:384.28ms
step:1424/1680 train_time:547212ms step_avg:384.28ms
step:1425/1680 train_time:547597ms step_avg:384.28ms
step:1426/1680 train_time:547986ms step_avg:384.28ms
step:1427/1680 train_time:548366ms step_avg:384.28ms
step:1428/1680 train_time:548753ms step_avg:384.28ms
step:1429/1680 train_time:549137ms step_avg:384.28ms
step:1430/1680 train_time:549521ms step_avg:384.28ms
step:1431/1680 train_time:549909ms step_avg:384.28ms
step:1432/1680 train_time:550292ms step_avg:384.28ms
step:1433/1680 train_time:550676ms step_avg:384.28ms
step:1434/1680 train_time:551059ms step_avg:384.28ms
step:1435/1680 train_time:551444ms step_avg:384.28ms
step:1436/1680 train_time:551827ms step_avg:384.28ms
step:1437/1680 train_time:552210ms step_avg:384.28ms
step:1438/1680 train_time:552593ms step_avg:384.28ms
step:1439/1680 train_time:552977ms step_avg:384.28ms
step:1440/1680 train_time:553358ms step_avg:384.28ms
step:1441/1680 train_time:553741ms step_avg:384.28ms
step:1442/1680 train_time:554125ms step_avg:384.28ms
step:1443/1680 train_time:554505ms step_avg:384.27ms
step:1444/1680 train_time:554892ms step_avg:384.27ms
step:1445/1680 train_time:555275ms step_avg:384.27ms
step:1446/1680 train_time:555657ms step_avg:384.27ms
step:1447/1680 train_time:556041ms step_avg:384.27ms
step:1448/1680 train_time:556425ms step_avg:384.27ms
step:1449/1680 train_time:556804ms step_avg:384.27ms
step:1450/1680 train_time:557186ms step_avg:384.27ms
step:1451/1680 train_time:557570ms step_avg:384.27ms
step:1452/1680 train_time:557953ms step_avg:384.26ms
step:1453/1680 train_time:558339ms step_avg:384.27ms
step:1454/1680 train_time:558720ms step_avg:384.26ms
step:1455/1680 train_time:559103ms step_avg:384.26ms
step:1456/1680 train_time:559492ms step_avg:384.27ms
step:1457/1680 train_time:559877ms step_avg:384.27ms
step:1458/1680 train_time:560258ms step_avg:384.26ms
step:1459/1680 train_time:560643ms step_avg:384.27ms
step:1460/1680 train_time:561030ms step_avg:384.27ms
step:1461/1680 train_time:561412ms step_avg:384.27ms
step:1462/1680 train_time:561797ms step_avg:384.27ms
step:1463/1680 train_time:562181ms step_avg:384.27ms
step:1464/1680 train_time:562569ms step_avg:384.27ms
step:1465/1680 train_time:562951ms step_avg:384.27ms
step:1466/1680 train_time:563335ms step_avg:384.27ms
step:1467/1680 train_time:563723ms step_avg:384.27ms
step:1468/1680 train_time:564108ms step_avg:384.27ms
step:1469/1680 train_time:564496ms step_avg:384.27ms
step:1470/1680 train_time:564884ms step_avg:384.27ms
step:1471/1680 train_time:565267ms step_avg:384.27ms
step:1472/1680 train_time:565652ms step_avg:384.27ms
step:1473/1680 train_time:566038ms step_avg:384.28ms
step:1474/1680 train_time:566421ms step_avg:384.27ms
step:1475/1680 train_time:566804ms step_avg:384.27ms
step:1476/1680 train_time:567192ms step_avg:384.28ms
step:1477/1680 train_time:567574ms step_avg:384.28ms
step:1478/1680 train_time:567961ms step_avg:384.28ms
step:1479/1680 train_time:568347ms step_avg:384.28ms
step:1480/1680 train_time:568730ms step_avg:384.28ms
step:1481/1680 train_time:569126ms step_avg:384.28ms
step:1482/1680 train_time:569502ms step_avg:384.28ms
step:1483/1680 train_time:569890ms step_avg:384.28ms
step:1484/1680 train_time:570274ms step_avg:384.28ms
step:1485/1680 train_time:570657ms step_avg:384.28ms
step:1486/1680 train_time:571040ms step_avg:384.28ms
step:1487/1680 train_time:571429ms step_avg:384.28ms
step:1488/1680 train_time:571814ms step_avg:384.28ms
step:1489/1680 train_time:572203ms step_avg:384.29ms
step:1490/1680 train_time:572587ms step_avg:384.29ms
step:1491/1680 train_time:572970ms step_avg:384.29ms
step:1492/1680 train_time:573356ms step_avg:384.29ms
step:1493/1680 train_time:573747ms step_avg:384.29ms
step:1494/1680 train_time:574129ms step_avg:384.29ms
step:1495/1680 train_time:574520ms step_avg:384.29ms
step:1496/1680 train_time:574904ms step_avg:384.29ms
step:1497/1680 train_time:575288ms step_avg:384.29ms
step:1498/1680 train_time:575672ms step_avg:384.29ms
step:1499/1680 train_time:576061ms step_avg:384.30ms
step:1500/1680 train_time:576445ms step_avg:384.30ms
step:1500/1680 val_loss:3.3105 train_time:576733ms step_avg:384.49ms
step:1501/1680 train_time:576952ms step_avg:384.38ms
step:1502/1680 train_time:577278ms step_avg:384.34ms
step:1503/1680 train_time:577666ms step_avg:384.34ms
step:1504/1680 train_time:578054ms step_avg:384.34ms
step:1505/1680 train_time:578447ms step_avg:384.35ms
step:1506/1680 train_time:578830ms step_avg:384.35ms
step:1507/1680 train_time:579215ms step_avg:384.35ms
step:1508/1680 train_time:579594ms step_avg:384.35ms
step:1509/1680 train_time:579981ms step_avg:384.35ms
step:1510/1680 train_time:580367ms step_avg:384.35ms
step:1511/1680 train_time:580752ms step_avg:384.35ms
step:1512/1680 train_time:581135ms step_avg:384.35ms
step:1513/1680 train_time:581519ms step_avg:384.35ms
step:1514/1680 train_time:581902ms step_avg:384.35ms
step:1515/1680 train_time:582287ms step_avg:384.35ms
step:1516/1680 train_time:582672ms step_avg:384.35ms
step:1517/1680 train_time:583059ms step_avg:384.35ms
step:1518/1680 train_time:583441ms step_avg:384.35ms
step:1519/1680 train_time:583826ms step_avg:384.35ms
step:1520/1680 train_time:584215ms step_avg:384.35ms
step:1521/1680 train_time:584606ms step_avg:384.36ms
step:1522/1680 train_time:584989ms step_avg:384.36ms
step:1523/1680 train_time:585381ms step_avg:384.36ms
step:1524/1680 train_time:585769ms step_avg:384.36ms
step:1525/1680 train_time:586159ms step_avg:384.37ms
step:1526/1680 train_time:586544ms step_avg:384.37ms
step:1527/1680 train_time:586933ms step_avg:384.37ms
step:1528/1680 train_time:587299ms step_avg:384.36ms
step:1529/1680 train_time:587684ms step_avg:384.36ms
step:1530/1680 train_time:588068ms step_avg:384.36ms
step:1531/1680 train_time:588458ms step_avg:384.36ms
step:1532/1680 train_time:588840ms step_avg:384.36ms
step:1533/1680 train_time:589227ms step_avg:384.36ms
step:1534/1680 train_time:589610ms step_avg:384.36ms
step:1535/1680 train_time:590008ms step_avg:384.37ms
step:1536/1680 train_time:590394ms step_avg:384.37ms
step:1537/1680 train_time:590778ms step_avg:384.37ms
step:1538/1680 train_time:591162ms step_avg:384.37ms
step:1539/1680 train_time:591530ms step_avg:384.36ms
step:1540/1680 train_time:591918ms step_avg:384.36ms
step:1541/1680 train_time:592301ms step_avg:384.36ms
step:1542/1680 train_time:592690ms step_avg:384.36ms
step:1543/1680 train_time:593078ms step_avg:384.37ms
step:1544/1680 train_time:593463ms step_avg:384.37ms
step:1545/1680 train_time:593848ms step_avg:384.37ms
step:1546/1680 train_time:594229ms step_avg:384.37ms
step:1547/1680 train_time:594618ms step_avg:384.37ms
step:1548/1680 train_time:595001ms step_avg:384.37ms
step:1549/1680 train_time:595403ms step_avg:384.38ms
step:1550/1680 train_time:595779ms step_avg:384.37ms
step:1551/1680 train_time:596159ms step_avg:384.37ms
step:1552/1680 train_time:596562ms step_avg:384.38ms
step:1553/1680 train_time:596945ms step_avg:384.38ms
step:1554/1680 train_time:597331ms step_avg:384.38ms
step:1555/1680 train_time:597713ms step_avg:384.38ms
step:1556/1680 train_time:598082ms step_avg:384.37ms
step:1557/1680 train_time:598468ms step_avg:384.37ms
step:1558/1680 train_time:598856ms step_avg:384.37ms
step:1559/1680 train_time:599244ms step_avg:384.38ms
step:1560/1680 train_time:599626ms step_avg:384.38ms
step:1561/1680 train_time:600007ms step_avg:384.37ms
step:1562/1680 train_time:600391ms step_avg:384.37ms
step:1563/1680 train_time:600777ms step_avg:384.37ms
step:1564/1680 train_time:601163ms step_avg:384.38ms
step:1565/1680 train_time:601550ms step_avg:384.38ms
step:1566/1680 train_time:601935ms step_avg:384.38ms
step:1567/1680 train_time:602320ms step_avg:384.38ms
step:1568/1680 train_time:602703ms step_avg:384.38ms
step:1569/1680 train_time:603087ms step_avg:384.38ms
step:1570/1680 train_time:603477ms step_avg:384.38ms
step:1571/1680 train_time:603860ms step_avg:384.38ms
step:1572/1680 train_time:604248ms step_avg:384.38ms
step:1573/1680 train_time:604632ms step_avg:384.38ms
step:1574/1680 train_time:605016ms step_avg:384.38ms
step:1575/1680 train_time:605401ms step_avg:384.38ms
step:1576/1680 train_time:605790ms step_avg:384.38ms
step:1577/1680 train_time:606174ms step_avg:384.38ms
step:1578/1680 train_time:606560ms step_avg:384.39ms
step:1579/1680 train_time:606944ms step_avg:384.39ms
step:1580/1680 train_time:607328ms step_avg:384.38ms
step:1581/1680 train_time:607715ms step_avg:384.39ms
step:1582/1680 train_time:608096ms step_avg:384.38ms
step:1583/1680 train_time:608480ms step_avg:384.38ms
step:1584/1680 train_time:608865ms step_avg:384.38ms
step:1585/1680 train_time:609252ms step_avg:384.39ms
step:1586/1680 train_time:609644ms step_avg:384.39ms
step:1587/1680 train_time:610027ms step_avg:384.39ms
step:1588/1680 train_time:610407ms step_avg:384.39ms
step:1589/1680 train_time:610808ms step_avg:384.40ms
step:1590/1680 train_time:611191ms step_avg:384.40ms
step:1591/1680 train_time:611562ms step_avg:384.39ms
step:1592/1680 train_time:611945ms step_avg:384.39ms
step:1593/1680 train_time:612331ms step_avg:384.39ms
step:1594/1680 train_time:612718ms step_avg:384.39ms
step:1595/1680 train_time:613103ms step_avg:384.39ms
step:1596/1680 train_time:613487ms step_avg:384.39ms
step:1597/1680 train_time:613875ms step_avg:384.39ms
step:1598/1680 train_time:614256ms step_avg:384.39ms
step:1599/1680 train_time:614647ms step_avg:384.39ms
step:1600/1680 train_time:615031ms step_avg:384.39ms
step:1601/1680 train_time:615416ms step_avg:384.39ms
step:1602/1680 train_time:615797ms step_avg:384.39ms
step:1603/1680 train_time:616183ms step_avg:384.39ms
step:1604/1680 train_time:616578ms step_avg:384.40ms
step:1605/1680 train_time:616963ms step_avg:384.40ms
step:1606/1680 train_time:617346ms step_avg:384.40ms
step:1607/1680 train_time:617732ms step_avg:384.40ms
step:1608/1680 train_time:618114ms step_avg:384.40ms
step:1609/1680 train_time:618499ms step_avg:384.40ms
step:1610/1680 train_time:618885ms step_avg:384.40ms
step:1611/1680 train_time:619274ms step_avg:384.40ms
step:1612/1680 train_time:619655ms step_avg:384.40ms
step:1613/1680 train_time:620045ms step_avg:384.40ms
step:1614/1680 train_time:620431ms step_avg:384.41ms
step:1615/1680 train_time:620816ms step_avg:384.41ms
step:1616/1680 train_time:621206ms step_avg:384.41ms
step:1617/1680 train_time:621585ms step_avg:384.41ms
step:1618/1680 train_time:621968ms step_avg:384.41ms
step:1619/1680 train_time:622353ms step_avg:384.41ms
step:1620/1680 train_time:622744ms step_avg:384.41ms
step:1621/1680 train_time:623128ms step_avg:384.41ms
step:1622/1680 train_time:623514ms step_avg:384.41ms
step:1623/1680 train_time:623901ms step_avg:384.41ms
step:1624/1680 train_time:624283ms step_avg:384.41ms
step:1625/1680 train_time:624684ms step_avg:384.42ms
step:1625/1680 val_loss:3.2863 train_time:624959ms step_avg:384.59ms
step:1626/1680 train_time:625190ms step_avg:384.50ms
step:1627/1680 train_time:625530ms step_avg:384.47ms
step:1628/1680 train_time:625903ms step_avg:384.46ms
step:1629/1680 train_time:626288ms step_avg:384.46ms
step:1630/1680 train_time:626672ms step_avg:384.46ms
step:1631/1680 train_time:627054ms step_avg:384.46ms
step:1632/1680 train_time:627440ms step_avg:384.46ms
step:1633/1680 train_time:627822ms step_avg:384.46ms
step:1634/1680 train_time:628209ms step_avg:384.46ms
step:1635/1680 train_time:628591ms step_avg:384.46ms
step:1636/1680 train_time:628975ms step_avg:384.46ms
step:1637/1680 train_time:629363ms step_avg:384.46ms
step:1638/1680 train_time:629748ms step_avg:384.46ms
step:1639/1680 train_time:630145ms step_avg:384.47ms
step:1640/1680 train_time:630529ms step_avg:384.47ms
step:1641/1680 train_time:630916ms step_avg:384.47ms
step:1642/1680 train_time:631291ms step_avg:384.46ms
step:1643/1680 train_time:631676ms step_avg:384.47ms
step:1644/1680 train_time:632077ms step_avg:384.47ms
step:1645/1680 train_time:632460ms step_avg:384.47ms
step:1646/1680 train_time:632825ms step_avg:384.46ms
step:1647/1680 train_time:633216ms step_avg:384.47ms
step:1648/1680 train_time:633596ms step_avg:384.46ms
step:1649/1680 train_time:633981ms step_avg:384.46ms
step:1650/1680 train_time:634367ms step_avg:384.46ms
step:1651/1680 train_time:634763ms step_avg:384.47ms
step:1652/1680 train_time:635135ms step_avg:384.46ms
step:1653/1680 train_time:635525ms step_avg:384.47ms
step:1654/1680 train_time:635913ms step_avg:384.47ms
step:1655/1680 train_time:636300ms step_avg:384.47ms
step:1656/1680 train_time:636687ms step_avg:384.47ms
step:1657/1680 train_time:637071ms step_avg:384.47ms
step:1658/1680 train_time:637457ms step_avg:384.47ms
step:1659/1680 train_time:637844ms step_avg:384.48ms
step:1660/1680 train_time:638228ms step_avg:384.47ms
step:1661/1680 train_time:638611ms step_avg:384.47ms
step:1662/1680 train_time:638998ms step_avg:384.48ms
step:1663/1680 train_time:639379ms step_avg:384.47ms
step:1664/1680 train_time:639770ms step_avg:384.48ms
step:1665/1680 train_time:640158ms step_avg:384.48ms
step:1666/1680 train_time:640541ms step_avg:384.48ms
step:1667/1680 train_time:640925ms step_avg:384.48ms
step:1668/1680 train_time:641316ms step_avg:384.48ms
step:1669/1680 train_time:641701ms step_avg:384.48ms
step:1670/1680 train_time:642104ms step_avg:384.49ms
step:1671/1680 train_time:642488ms step_avg:384.49ms
step:1672/1680 train_time:642873ms step_avg:384.49ms
step:1673/1680 train_time:643258ms step_avg:384.49ms
step:1674/1680 train_time:643646ms step_avg:384.50ms
step:1675/1680 train_time:644028ms step_avg:384.49ms
step:1676/1680 train_time:644416ms step_avg:384.50ms
step:1677/1680 train_time:644802ms step_avg:384.50ms
step:1678/1680 train_time:645191ms step_avg:384.50ms
step:1679/1680 train_time:645582ms step_avg:384.50ms
step:1680/1680 train_time:645953ms step_avg:384.50ms
step:1680/1680 val_loss:3.2758 train_time:646233ms step_avg:384.66ms
peak memory allocated: 23264 MiB reserved: 24060 MiB
