W0525 15:41:35.934000 56 site-packages/torch/distributed/run.py:766] 
W0525 15:41:35.934000 56 site-packages/torch/distributed/run.py:766] *****************************************
W0525 15:41:35.934000 56 site-packages/torch/distributed/run.py:766] Setting OMP_NUM_THREADS environment variable for each process to be 1 in default, to avoid your system being overloaded, please further tune the variable for optimal performance in your application as needed. 
W0525 15:41:35.934000 56 site-packages/torch/distributed/run.py:766] *****************************************
/root/miniconda3/envs/llm_test/lib/python3.10/site-packages/torch/autograd/__init__.py:221: UserWarning: Cannot create tensor with interal format while allow_internel_format=False, tensor will be created with base format. (Triggered internally at build/CMakeFiles/torch_npu.dir/compiler_depend.ts:338.)
  torch.ones_like(out, memory_format=torch.preserve_format)
/root/miniconda3/envs/llm_test/lib/python3.10/site-packages/torch/distributed/distributed_c10d.py:4631: UserWarning: No device id is provided via `init_process_group` or `barrier `. Using the current device set by the user. 
  warnings.warn(  # warn only once
/root/miniconda3/envs/llm_test/lib/python3.10/site-packages/torch/autograd/__init__.py:221: UserWarning: Cannot create tensor with interal format while allow_internel_format=False, tensor will be created with base format. (Triggered internally at build/CMakeFiles/torch_npu.dir/compiler_depend.ts:338.)
  torch.ones_like(out, memory_format=torch.preserve_format)
/root/miniconda3/envs/llm_test/lib/python3.10/site-packages/torch/autograd/__init__.py:221: UserWarning: Cannot create tensor with interal format while allow_internel_format=False, tensor will be created with base format. (Triggered internally at build/CMakeFiles/torch_npu.dir/compiler_depend.ts:338.)
  torch.ones_like(out, memory_format=torch.preserve_format)
/root/miniconda3/envs/llm_test/lib/python3.10/site-packages/torch/distributed/distributed_c10d.py:4631: UserWarning: No device id is provided via `init_process_group` or `barrier `. Using the current device set by the user. 
  warnings.warn(  # warn only once
/root/miniconda3/envs/llm_test/lib/python3.10/site-packages/torch/distributed/distributed_c10d.py:4631: UserWarning: No device id is provided via `init_process_group` or `barrier `. Using the current device set by the user. 
  warnings.warn(  # warn only once
/root/miniconda3/envs/llm_test/lib/python3.10/site-packages/torch/autograd/__init__.py:221: UserWarning: Cannot create tensor with interal format while allow_internel_format=False, tensor will be created with base format. (Triggered internally at build/CMakeFiles/torch_npu.dir/compiler_depend.ts:338.)
  torch.ones_like(out, memory_format=torch.preserve_format)
/root/miniconda3/envs/llm_test/lib/python3.10/site-packages/torch/autograd/__init__.py:221: UserWarning: Cannot create tensor with interal format while allow_internel_format=False, tensor will be created with base format. (Triggered internally at build/CMakeFiles/torch_npu.dir/compiler_depend.ts:338.)
  torch.ones_like(out, memory_format=torch.preserve_format)
/root/miniconda3/envs/llm_test/lib/python3.10/site-packages/torch/autograd/__init__.py:221: UserWarning: Cannot create tensor with interal format while allow_internel_format=False, tensor will be created with base format. (Triggered internally at build/CMakeFiles/torch_npu.dir/compiler_depend.ts:338.)
  torch.ones_like(out, memory_format=torch.preserve_format)
/root/miniconda3/envs/llm_test/lib/python3.10/site-packages/torch/autograd/__init__.py:221: UserWarning: Cannot create tensor with interal format while allow_internel_format=False, tensor will be created with base format. (Triggered internally at build/CMakeFiles/torch_npu.dir/compiler_depend.ts:338.)
  torch.ones_like(out, memory_format=torch.preserve_format)
/root/miniconda3/envs/llm_test/lib/python3.10/site-packages/torch/autograd/__init__.py:221: UserWarning: Cannot create tensor with interal format while allow_internel_format=False, tensor will be created with base format. (Triggered internally at build/CMakeFiles/torch_npu.dir/compiler_depend.ts:338.)
  torch.ones_like(out, memory_format=torch.preserve_format)
/root/miniconda3/envs/llm_test/lib/python3.10/site-packages/torch/autograd/__init__.py:221: UserWarning: Cannot create tensor with interal format while allow_internel_format=False, tensor will be created with base format. (Triggered internally at build/CMakeFiles/torch_npu.dir/compiler_depend.ts:338.)
  torch.ones_like(out, memory_format=torch.preserve_format)
/root/miniconda3/envs/llm_test/lib/python3.10/site-packages/torch/autograd/__init__.py:221: UserWarning: Cannot create tensor with interal format while allow_internel_format=False, tensor will be created with base format. (Triggered internally at build/CMakeFiles/torch_npu.dir/compiler_depend.ts:338.)
  torch.ones_like(out, memory_format=torch.preserve_format)
/root/miniconda3/envs/llm_test/lib/python3.10/site-packages/torch/autograd/__init__.py:221: UserWarning: Cannot create tensor with interal format while allow_internel_format=False, tensor will be created with base format. (Triggered internally at build/CMakeFiles/torch_npu.dir/compiler_depend.ts:338.)
  torch.ones_like(out, memory_format=torch.preserve_format)
/root/miniconda3/envs/llm_test/lib/python3.10/site-packages/torch/autograd/__init__.py:221: UserWarning: Cannot create tensor with interal format while allow_internel_format=False, tensor will be created with base format. (Triggered internally at build/CMakeFiles/torch_npu.dir/compiler_depend.ts:338.)
  torch.ones_like(out, memory_format=torch.preserve_format)
/root/miniconda3/envs/llm_test/lib/python3.10/site-packages/torch/autograd/__init__.py:221: UserWarning: Cannot create tensor with interal format while allow_internel_format=False, tensor will be created with base format. (Triggered internally at build/CMakeFiles/torch_npu.dir/compiler_depend.ts:338.)
  torch.ones_like(out, memory_format=torch.preserve_format)
/root/miniconda3/envs/llm_test/lib/python3.10/site-packages/torch/autograd/__init__.py:221: UserWarning: Cannot create tensor with interal format while allow_internel_format=False, tensor will be created with base format. (Triggered internally at build/CMakeFiles/torch_npu.dir/compiler_depend.ts:338.)
  torch.ones_like(out, memory_format=torch.preserve_format)
/root/miniconda3/envs/llm_test/lib/python3.10/site-packages/torch/autograd/__init__.py:221: UserWarning: Cannot create tensor with interal format while allow_internel_format=False, tensor will be created with base format. (Triggered internally at build/CMakeFiles/torch_npu.dir/compiler_depend.ts:338.)
  torch.ones_like(out, memory_format=torch.preserve_format)
/root/miniconda3/envs/llm_test/lib/python3.10/site-packages/torch/autograd/__init__.py:221: UserWarning: Cannot create tensor with interal format while allow_internel_format=False, tensor will be created with base format. (Triggered internally at build/CMakeFiles/torch_npu.dir/compiler_depend.ts:338.)
  torch.ones_like(out, memory_format=torch.preserve_format)
/root/miniconda3/envs/llm_test/lib/python3.10/site-packages/torch/distributed/distributed_c10d.py:4631: UserWarning: No device id is provided via `init_process_group` or `barrier `. Using the current device set by the user. 
  warnings.warn(  # warn only once
/root/miniconda3/envs/llm_test/lib/python3.10/site-packages/torch/distributed/distributed_c10d.py:4631: UserWarning: No device id is provided via `init_process_group` or `barrier `. Using the current device set by the user. 
  warnings.warn(  # warn only once
/root/miniconda3/envs/llm_test/lib/python3.10/site-packages/torch/distributed/distributed_c10d.py:4631: UserWarning: No device id is provided via `init_process_group` or `barrier `. Using the current device set by the user. 
  warnings.warn(  # warn only once
/root/miniconda3/envs/llm_test/lib/python3.10/site-packages/torch/distributed/distributed_c10d.py:4631: UserWarning: No device id is provided via `init_process_group` or `barrier `. Using the current device set by the user. 
  warnings.warn(  # warn only once
/root/miniconda3/envs/llm_test/lib/python3.10/site-packages/torch/distributed/distributed_c10d.py:4631: UserWarning: No device id is provided via `init_process_group` or `barrier `. Using the current device set by the user. 
  warnings.warn(  # warn only once
/root/miniconda3/envs/llm_test/lib/python3.10/site-packages/torch/distributed/distributed_c10d.py:4631: UserWarning: No device id is provided via `init_process_group` or `barrier `. Using the current device set by the user. 
  warnings.warn(  # warn only once
/root/miniconda3/envs/llm_test/lib/python3.10/site-packages/torch/distributed/distributed_c10d.py:4631: UserWarning: No device id is provided via `init_process_group` or `barrier `. Using the current device set by the user. 
  warnings.warn(  # warn only once
/root/miniconda3/envs/llm_test/lib/python3.10/site-packages/torch/distributed/distributed_c10d.py:4631: UserWarning: No device id is provided via `init_process_group` or `barrier `. Using the current device set by the user. 
  warnings.warn(  # warn only once
/root/miniconda3/envs/llm_test/lib/python3.10/site-packages/torch/distributed/distributed_c10d.py:4631: UserWarning: No device id is provided via `init_process_group` or `barrier `. Using the current device set by the user. 
  warnings.warn(  # warn only once
/root/miniconda3/envs/llm_test/lib/python3.10/site-packages/torch/distributed/distributed_c10d.py:4631: UserWarning: No device id is provided via `init_process_group` or `barrier `. Using the current device set by the user. 
  warnings.warn(  # warn only once
/root/miniconda3/envs/llm_test/lib/python3.10/site-packages/torch/distributed/distributed_c10d.py:4631: UserWarning: No device id is provided via `init_process_group` or `barrier `. Using the current device set by the user. 
  warnings.warn(  # warn only once
/root/miniconda3/envs/llm_test/lib/python3.10/site-packages/torch/distributed/distributed_c10d.py:4631: UserWarning: No device id is provided via `init_process_group` or `barrier `. Using the current device set by the user. 
  warnings.warn(  # warn only once
/root/miniconda3/envs/llm_test/lib/python3.10/site-packages/torch/distributed/distributed_c10d.py:4631: UserWarning: No device id is provided via `init_process_group` or `barrier `. Using the current device set by the user. 
  warnings.warn(  # warn only once
/models/modded-nanogpt_record50_cautious_wd/npu_bench/record_035_drop_attn/agent_outputs/default_agent/runs/seed_001/logs/v1_8d5af743-a6af-4cde-b408-202a0b4ef84b.txt
/root/miniconda3/envs/llm_test/lib/python3.10/site-packages/torch_npu/utils/storage.py:89: UserWarning: TypedStorage is deprecated. It will be removed in the future and UntypedStorage will be the only storage class. This should only matter to you if you are using storages directly.  To access UntypedStorage directly, use tensor.untyped_storage() instead of tensor.storage()
  if self.device.type != 'cpu':
step:0/1680 val_loss:10.8258 train_time:0ms step_avg:0.10ms
step:1/1680 train_time:1141ms step_avg:1140.99ms
step:2/1680 train_time:1240ms step_avg:620.09ms
step:3/1680 train_time:1623ms step_avg:541.00ms
step:4/1680 train_time:2005ms step_avg:501.24ms
step:5/1680 train_time:2394ms step_avg:478.79ms
step:6/1680 train_time:2776ms step_avg:462.64ms
step:7/1680 train_time:3159ms step_avg:451.34ms
step:8/1680 train_time:3542ms step_avg:442.69ms
step:9/1680 train_time:3928ms step_avg:436.41ms
step:10/1680 train_time:4314ms step_avg:431.39ms
step:11/1680 train_time:4694ms step_avg:426.75ms
step:12/1680 train_time:5082ms step_avg:423.53ms
step:13/1680 train_time:5467ms step_avg:420.54ms
step:14/1680 train_time:5857ms step_avg:418.37ms
step:15/1680 train_time:6232ms step_avg:415.47ms
step:16/1680 train_time:6618ms step_avg:413.65ms
step:17/1680 train_time:7004ms step_avg:411.99ms
step:18/1680 train_time:7384ms step_avg:410.25ms
step:19/1680 train_time:7768ms step_avg:408.84ms
step:20/1680 train_time:8154ms step_avg:407.70ms
step:21/1680 train_time:8539ms step_avg:406.61ms
step:22/1680 train_time:8923ms step_avg:405.61ms
step:23/1680 train_time:9305ms step_avg:404.56ms
step:24/1680 train_time:9686ms step_avg:403.57ms
step:25/1680 train_time:10073ms step_avg:402.94ms
step:26/1680 train_time:10455ms step_avg:402.12ms
step:27/1680 train_time:10842ms step_avg:401.57ms
step:28/1680 train_time:11244ms step_avg:401.58ms
step:29/1680 train_time:11610ms step_avg:400.36ms
step:30/1680 train_time:11996ms step_avg:399.85ms
step:31/1680 train_time:12381ms step_avg:399.40ms
step:32/1680 train_time:12765ms step_avg:398.89ms
step:33/1680 train_time:13147ms step_avg:398.39ms
step:34/1680 train_time:13531ms step_avg:397.98ms
step:35/1680 train_time:13912ms step_avg:397.48ms
step:36/1680 train_time:14295ms step_avg:397.09ms
step:37/1680 train_time:14680ms step_avg:396.76ms
step:38/1680 train_time:15063ms step_avg:396.39ms
step:39/1680 train_time:15444ms step_avg:396.01ms
step:40/1680 train_time:15828ms step_avg:395.70ms
step:41/1680 train_time:16212ms step_avg:395.40ms
step:42/1680 train_time:16593ms step_avg:395.07ms
step:43/1680 train_time:16977ms step_avg:394.81ms
step:44/1680 train_time:17362ms step_avg:394.60ms
step:45/1680 train_time:17747ms step_avg:394.39ms
step:46/1680 train_time:18130ms step_avg:394.13ms
step:47/1680 train_time:18513ms step_avg:393.89ms
step:48/1680 train_time:18895ms step_avg:393.66ms
step:49/1680 train_time:19283ms step_avg:393.52ms
step:50/1680 train_time:19668ms step_avg:393.37ms
step:51/1680 train_time:20054ms step_avg:393.22ms
step:52/1680 train_time:20437ms step_avg:393.02ms
step:53/1680 train_time:20826ms step_avg:392.95ms
step:54/1680 train_time:21208ms step_avg:392.73ms
step:55/1680 train_time:21590ms step_avg:392.54ms
step:56/1680 train_time:21968ms step_avg:392.29ms
step:57/1680 train_time:22355ms step_avg:392.19ms
step:58/1680 train_time:22740ms step_avg:392.07ms
step:59/1680 train_time:23142ms step_avg:392.23ms
step:60/1680 train_time:23508ms step_avg:391.80ms
step:61/1680 train_time:23887ms step_avg:391.60ms
step:62/1680 train_time:24276ms step_avg:391.54ms
step:63/1680 train_time:24658ms step_avg:391.40ms
step:64/1680 train_time:25041ms step_avg:391.26ms
step:65/1680 train_time:25427ms step_avg:391.18ms
step:66/1680 train_time:25806ms step_avg:391.00ms
step:67/1680 train_time:26189ms step_avg:390.88ms
step:68/1680 train_time:26571ms step_avg:390.75ms
step:69/1680 train_time:26957ms step_avg:390.68ms
step:70/1680 train_time:27345ms step_avg:390.65ms
step:71/1680 train_time:27729ms step_avg:390.55ms
step:72/1680 train_time:28112ms step_avg:390.44ms
step:73/1680 train_time:28499ms step_avg:390.40ms
step:74/1680 train_time:28879ms step_avg:390.26ms
step:75/1680 train_time:29266ms step_avg:390.22ms
step:76/1680 train_time:29650ms step_avg:390.13ms
step:77/1680 train_time:30035ms step_avg:390.07ms
step:78/1680 train_time:30412ms step_avg:389.89ms
step:79/1680 train_time:30800ms step_avg:389.87ms
step:80/1680 train_time:31184ms step_avg:389.81ms
step:81/1680 train_time:31565ms step_avg:389.69ms
step:82/1680 train_time:31949ms step_avg:389.63ms
step:83/1680 train_time:32332ms step_avg:389.55ms
step:84/1680 train_time:32719ms step_avg:389.52ms
step:85/1680 train_time:33104ms step_avg:389.46ms
step:86/1680 train_time:33508ms step_avg:389.63ms
step:87/1680 train_time:33874ms step_avg:389.36ms
step:88/1680 train_time:34257ms step_avg:389.28ms
step:89/1680 train_time:34640ms step_avg:389.21ms
step:90/1680 train_time:35026ms step_avg:389.18ms
step:91/1680 train_time:35411ms step_avg:389.13ms
step:92/1680 train_time:35791ms step_avg:389.03ms
step:93/1680 train_time:36174ms step_avg:388.97ms
step:94/1680 train_time:36559ms step_avg:388.92ms
step:95/1680 train_time:36943ms step_avg:388.87ms
step:96/1680 train_time:37326ms step_avg:388.81ms
step:97/1680 train_time:37708ms step_avg:388.74ms
step:98/1680 train_time:38094ms step_avg:388.71ms
step:99/1680 train_time:38480ms step_avg:388.69ms
step:100/1680 train_time:38861ms step_avg:388.61ms
step:101/1680 train_time:39248ms step_avg:388.60ms
step:102/1680 train_time:39630ms step_avg:388.53ms
step:103/1680 train_time:40012ms step_avg:388.47ms
step:104/1680 train_time:40394ms step_avg:388.40ms
step:105/1680 train_time:40777ms step_avg:388.35ms
step:106/1680 train_time:41161ms step_avg:388.31ms
step:107/1680 train_time:41545ms step_avg:388.27ms
step:108/1680 train_time:41926ms step_avg:388.20ms
step:109/1680 train_time:42307ms step_avg:388.14ms
step:110/1680 train_time:42686ms step_avg:388.06ms
step:111/1680 train_time:43074ms step_avg:388.05ms
step:112/1680 train_time:43455ms step_avg:387.99ms
step:113/1680 train_time:43843ms step_avg:387.99ms
step:114/1680 train_time:44225ms step_avg:387.93ms
step:115/1680 train_time:44608ms step_avg:387.90ms
step:116/1680 train_time:44988ms step_avg:387.83ms
step:117/1680 train_time:45376ms step_avg:387.83ms
step:118/1680 train_time:45762ms step_avg:387.82ms
step:119/1680 train_time:46141ms step_avg:387.74ms
step:120/1680 train_time:46524ms step_avg:387.70ms
step:121/1680 train_time:46909ms step_avg:387.68ms
step:122/1680 train_time:47299ms step_avg:387.70ms
step:123/1680 train_time:47682ms step_avg:387.66ms
step:124/1680 train_time:48063ms step_avg:387.60ms
step:125/1680 train_time:48441ms step_avg:387.53ms
step:125/1680 val_loss:4.3103 train_time:48725ms step_avg:389.80ms
step:126/1680 train_time:48936ms step_avg:388.38ms
step:127/1680 train_time:49300ms step_avg:388.19ms
step:128/1680 train_time:49683ms step_avg:388.15ms
step:129/1680 train_time:50069ms step_avg:388.13ms
step:130/1680 train_time:50454ms step_avg:388.10ms
step:131/1680 train_time:50836ms step_avg:388.06ms
step:132/1680 train_time:51218ms step_avg:388.02ms
step:133/1680 train_time:51602ms step_avg:387.98ms
step:134/1680 train_time:51986ms step_avg:387.96ms
step:135/1680 train_time:52366ms step_avg:387.89ms
step:136/1680 train_time:52749ms step_avg:387.86ms
step:137/1680 train_time:53131ms step_avg:387.82ms
step:138/1680 train_time:53513ms step_avg:387.78ms
step:139/1680 train_time:53897ms step_avg:387.75ms
step:140/1680 train_time:54279ms step_avg:387.71ms
step:141/1680 train_time:54665ms step_avg:387.70ms
step:142/1680 train_time:55060ms step_avg:387.74ms
step:143/1680 train_time:55431ms step_avg:387.63ms
step:144/1680 train_time:55816ms step_avg:387.61ms
step:145/1680 train_time:56197ms step_avg:387.57ms
step:146/1680 train_time:56583ms step_avg:387.55ms
step:147/1680 train_time:56960ms step_avg:387.48ms
step:148/1680 train_time:57342ms step_avg:387.45ms
step:149/1680 train_time:57727ms step_avg:387.43ms
step:150/1680 train_time:58110ms step_avg:387.40ms
step:151/1680 train_time:58492ms step_avg:387.36ms
step:152/1680 train_time:58875ms step_avg:387.33ms
step:153/1680 train_time:59256ms step_avg:387.29ms
step:154/1680 train_time:59640ms step_avg:387.27ms
step:155/1680 train_time:60021ms step_avg:387.23ms
step:156/1680 train_time:60403ms step_avg:387.20ms
step:157/1680 train_time:60790ms step_avg:387.20ms
step:158/1680 train_time:61175ms step_avg:387.19ms
step:159/1680 train_time:61559ms step_avg:387.16ms
step:160/1680 train_time:61940ms step_avg:387.13ms
step:161/1680 train_time:62322ms step_avg:387.09ms
step:162/1680 train_time:62711ms step_avg:387.10ms
step:163/1680 train_time:63090ms step_avg:387.06ms
step:164/1680 train_time:63471ms step_avg:387.02ms
step:165/1680 train_time:63855ms step_avg:387.00ms
step:166/1680 train_time:64238ms step_avg:386.98ms
step:167/1680 train_time:64619ms step_avg:386.94ms
step:168/1680 train_time:65007ms step_avg:386.94ms
step:169/1680 train_time:65389ms step_avg:386.92ms
step:170/1680 train_time:65773ms step_avg:386.90ms
step:171/1680 train_time:66152ms step_avg:386.86ms
step:172/1680 train_time:66538ms step_avg:386.85ms
step:173/1680 train_time:66932ms step_avg:386.89ms
step:174/1680 train_time:67314ms step_avg:386.86ms
step:175/1680 train_time:67686ms step_avg:386.78ms
step:176/1680 train_time:68074ms step_avg:386.78ms
step:177/1680 train_time:68459ms step_avg:386.77ms
step:178/1680 train_time:68842ms step_avg:386.75ms
step:179/1680 train_time:69221ms step_avg:386.71ms
step:180/1680 train_time:69602ms step_avg:386.68ms
step:181/1680 train_time:69988ms step_avg:386.67ms
step:182/1680 train_time:70369ms step_avg:386.64ms
step:183/1680 train_time:70751ms step_avg:386.62ms
step:184/1680 train_time:71136ms step_avg:386.61ms
step:185/1680 train_time:71520ms step_avg:386.60ms
step:186/1680 train_time:71906ms step_avg:386.59ms
step:187/1680 train_time:72289ms step_avg:386.57ms
step:188/1680 train_time:72676ms step_avg:386.57ms
step:189/1680 train_time:73056ms step_avg:386.54ms
step:190/1680 train_time:73440ms step_avg:386.53ms
step:191/1680 train_time:73822ms step_avg:386.50ms
step:192/1680 train_time:74206ms step_avg:386.49ms
step:193/1680 train_time:74586ms step_avg:386.46ms
step:194/1680 train_time:74973ms step_avg:386.46ms
step:195/1680 train_time:75358ms step_avg:386.45ms
step:196/1680 train_time:75741ms step_avg:386.43ms
step:197/1680 train_time:76127ms step_avg:386.43ms
step:198/1680 train_time:76510ms step_avg:386.42ms
step:199/1680 train_time:76894ms step_avg:386.40ms
step:200/1680 train_time:77276ms step_avg:386.38ms
step:201/1680 train_time:77656ms step_avg:386.35ms
step:202/1680 train_time:78042ms step_avg:386.35ms
step:203/1680 train_time:78423ms step_avg:386.32ms
step:204/1680 train_time:78813ms step_avg:386.34ms
step:205/1680 train_time:79194ms step_avg:386.31ms
step:206/1680 train_time:79580ms step_avg:386.31ms
step:207/1680 train_time:79964ms step_avg:386.30ms
step:208/1680 train_time:80345ms step_avg:386.27ms
step:209/1680 train_time:80725ms step_avg:386.25ms
step:210/1680 train_time:81111ms step_avg:386.24ms
step:211/1680 train_time:81495ms step_avg:386.23ms
step:212/1680 train_time:81879ms step_avg:386.22ms
step:213/1680 train_time:82264ms step_avg:386.22ms
step:214/1680 train_time:82646ms step_avg:386.20ms
step:215/1680 train_time:83026ms step_avg:386.17ms
step:216/1680 train_time:83403ms step_avg:386.13ms
step:217/1680 train_time:83790ms step_avg:386.13ms
step:218/1680 train_time:84191ms step_avg:386.20ms
step:219/1680 train_time:84555ms step_avg:386.10ms
step:220/1680 train_time:84946ms step_avg:386.12ms
step:221/1680 train_time:85317ms step_avg:386.05ms
step:222/1680 train_time:85702ms step_avg:386.04ms
step:223/1680 train_time:86083ms step_avg:386.02ms
step:224/1680 train_time:86469ms step_avg:386.02ms
step:225/1680 train_time:86848ms step_avg:385.99ms
step:226/1680 train_time:87229ms step_avg:385.97ms
step:227/1680 train_time:87612ms step_avg:385.95ms
step:228/1680 train_time:87995ms step_avg:385.94ms
step:229/1680 train_time:88379ms step_avg:385.93ms
step:230/1680 train_time:88762ms step_avg:385.92ms
step:231/1680 train_time:89148ms step_avg:385.92ms
step:232/1680 train_time:89529ms step_avg:385.90ms
step:233/1680 train_time:89912ms step_avg:385.89ms
step:234/1680 train_time:90295ms step_avg:385.88ms
step:235/1680 train_time:90680ms step_avg:385.87ms
step:236/1680 train_time:91062ms step_avg:385.86ms
step:237/1680 train_time:91443ms step_avg:385.83ms
step:238/1680 train_time:91826ms step_avg:385.82ms
step:239/1680 train_time:92209ms step_avg:385.81ms
step:240/1680 train_time:92589ms step_avg:385.79ms
step:241/1680 train_time:92974ms step_avg:385.78ms
step:242/1680 train_time:93354ms step_avg:385.76ms
step:243/1680 train_time:93737ms step_avg:385.75ms
step:244/1680 train_time:94119ms step_avg:385.73ms
step:245/1680 train_time:94507ms step_avg:385.74ms
step:246/1680 train_time:94887ms step_avg:385.72ms
step:247/1680 train_time:95272ms step_avg:385.72ms
step:248/1680 train_time:95657ms step_avg:385.71ms
step:249/1680 train_time:96044ms step_avg:385.72ms
step:250/1680 train_time:96426ms step_avg:385.70ms
step:250/1680 val_loss:3.9646 train_time:96715ms step_avg:386.86ms
step:251/1680 train_time:96922ms step_avg:386.14ms
step:252/1680 train_time:97268ms step_avg:385.98ms
step:253/1680 train_time:97653ms step_avg:385.98ms
step:254/1680 train_time:98043ms step_avg:386.00ms
step:255/1680 train_time:98424ms step_avg:385.98ms
step:256/1680 train_time:98807ms step_avg:385.96ms
step:257/1680 train_time:99192ms step_avg:385.96ms
step:258/1680 train_time:99577ms step_avg:385.96ms
step:259/1680 train_time:99960ms step_avg:385.95ms
step:260/1680 train_time:100344ms step_avg:385.94ms
step:261/1680 train_time:100732ms step_avg:385.95ms
step:262/1680 train_time:101112ms step_avg:385.92ms
step:263/1680 train_time:101496ms step_avg:385.92ms
step:264/1680 train_time:101877ms step_avg:385.90ms
step:265/1680 train_time:102258ms step_avg:385.88ms
step:266/1680 train_time:102643ms step_avg:385.87ms
step:267/1680 train_time:103020ms step_avg:385.84ms
step:268/1680 train_time:103398ms step_avg:385.81ms
step:269/1680 train_time:103784ms step_avg:385.81ms
step:270/1680 train_time:104165ms step_avg:385.80ms
step:271/1680 train_time:104546ms step_avg:385.78ms
step:272/1680 train_time:104929ms step_avg:385.77ms
step:273/1680 train_time:105315ms step_avg:385.77ms
step:274/1680 train_time:105695ms step_avg:385.75ms
step:275/1680 train_time:106078ms step_avg:385.74ms
step:276/1680 train_time:106459ms step_avg:385.72ms
step:277/1680 train_time:106842ms step_avg:385.71ms
step:278/1680 train_time:107227ms step_avg:385.71ms
step:279/1680 train_time:107602ms step_avg:385.67ms
step:280/1680 train_time:107985ms step_avg:385.66ms
step:281/1680 train_time:108365ms step_avg:385.64ms
step:282/1680 train_time:108752ms step_avg:385.64ms
step:283/1680 train_time:109131ms step_avg:385.62ms
step:284/1680 train_time:109515ms step_avg:385.62ms
step:285/1680 train_time:109899ms step_avg:385.61ms
step:286/1680 train_time:110284ms step_avg:385.61ms
step:287/1680 train_time:110663ms step_avg:385.59ms
step:288/1680 train_time:111051ms step_avg:385.59ms
step:289/1680 train_time:111432ms step_avg:385.58ms
step:290/1680 train_time:111826ms step_avg:385.61ms
step:291/1680 train_time:112204ms step_avg:385.58ms
step:292/1680 train_time:112591ms step_avg:385.59ms
step:293/1680 train_time:112975ms step_avg:385.58ms
step:294/1680 train_time:113357ms step_avg:385.57ms
step:295/1680 train_time:113766ms step_avg:385.65ms
step:296/1680 train_time:114121ms step_avg:385.54ms
step:297/1680 train_time:114505ms step_avg:385.54ms
step:298/1680 train_time:114884ms step_avg:385.52ms
step:299/1680 train_time:115264ms step_avg:385.50ms
step:300/1680 train_time:115650ms step_avg:385.50ms
step:301/1680 train_time:116031ms step_avg:385.49ms
step:302/1680 train_time:116413ms step_avg:385.47ms
step:303/1680 train_time:116801ms step_avg:385.48ms
step:304/1680 train_time:117182ms step_avg:385.47ms
step:305/1680 train_time:117566ms step_avg:385.46ms
step:306/1680 train_time:117948ms step_avg:385.45ms
step:307/1680 train_time:118328ms step_avg:385.43ms
step:308/1680 train_time:118709ms step_avg:385.42ms
step:309/1680 train_time:119095ms step_avg:385.42ms
step:310/1680 train_time:119496ms step_avg:385.47ms
step:311/1680 train_time:119879ms step_avg:385.46ms
step:312/1680 train_time:120247ms step_avg:385.41ms
step:313/1680 train_time:120627ms step_avg:385.39ms
step:314/1680 train_time:121013ms step_avg:385.39ms
step:315/1680 train_time:121396ms step_avg:385.39ms
step:316/1680 train_time:121780ms step_avg:385.38ms
step:317/1680 train_time:122163ms step_avg:385.37ms
step:318/1680 train_time:122550ms step_avg:385.38ms
step:319/1680 train_time:122931ms step_avg:385.36ms
step:320/1680 train_time:123314ms step_avg:385.36ms
step:321/1680 train_time:123701ms step_avg:385.36ms
step:322/1680 train_time:124086ms step_avg:385.36ms
step:323/1680 train_time:124469ms step_avg:385.35ms
step:324/1680 train_time:124847ms step_avg:385.33ms
step:325/1680 train_time:125230ms step_avg:385.32ms
step:326/1680 train_time:125611ms step_avg:385.31ms
step:327/1680 train_time:125996ms step_avg:385.31ms
step:328/1680 train_time:126375ms step_avg:385.29ms
step:329/1680 train_time:126761ms step_avg:385.29ms
step:330/1680 train_time:127145ms step_avg:385.29ms
step:331/1680 train_time:127524ms step_avg:385.27ms
step:332/1680 train_time:127909ms step_avg:385.27ms
step:333/1680 train_time:128306ms step_avg:385.30ms
step:334/1680 train_time:128686ms step_avg:385.29ms
step:335/1680 train_time:129051ms step_avg:385.23ms
step:336/1680 train_time:129436ms step_avg:385.23ms
step:337/1680 train_time:129818ms step_avg:385.22ms
step:338/1680 train_time:130197ms step_avg:385.20ms
step:339/1680 train_time:130584ms step_avg:385.20ms
step:340/1680 train_time:130966ms step_avg:385.20ms
step:341/1680 train_time:131349ms step_avg:385.19ms
step:342/1680 train_time:131747ms step_avg:385.22ms
step:343/1680 train_time:132131ms step_avg:385.22ms
step:344/1680 train_time:132521ms step_avg:385.24ms
step:345/1680 train_time:132884ms step_avg:385.17ms
step:346/1680 train_time:133266ms step_avg:385.16ms
step:347/1680 train_time:133651ms step_avg:385.16ms
step:348/1680 train_time:134032ms step_avg:385.15ms
step:349/1680 train_time:134416ms step_avg:385.15ms
step:350/1680 train_time:134798ms step_avg:385.14ms
step:351/1680 train_time:135180ms step_avg:385.13ms
step:352/1680 train_time:135565ms step_avg:385.13ms
step:353/1680 train_time:135948ms step_avg:385.12ms
step:354/1680 train_time:136329ms step_avg:385.11ms
step:355/1680 train_time:136712ms step_avg:385.11ms
step:356/1680 train_time:137095ms step_avg:385.10ms
step:357/1680 train_time:137477ms step_avg:385.09ms
step:358/1680 train_time:137859ms step_avg:385.08ms
step:359/1680 train_time:138241ms step_avg:385.07ms
step:360/1680 train_time:138624ms step_avg:385.07ms
step:361/1680 train_time:139006ms step_avg:385.06ms
step:362/1680 train_time:139390ms step_avg:385.06ms
step:363/1680 train_time:139771ms step_avg:385.04ms
step:364/1680 train_time:140156ms step_avg:385.05ms
step:365/1680 train_time:140539ms step_avg:385.04ms
step:366/1680 train_time:140920ms step_avg:385.03ms
step:367/1680 train_time:141306ms step_avg:385.03ms
step:368/1680 train_time:141690ms step_avg:385.03ms
step:369/1680 train_time:142074ms step_avg:385.02ms
step:370/1680 train_time:142454ms step_avg:385.01ms
step:371/1680 train_time:142837ms step_avg:385.01ms
step:372/1680 train_time:143224ms step_avg:385.01ms
step:373/1680 train_time:143605ms step_avg:385.00ms
step:374/1680 train_time:143989ms step_avg:385.00ms
step:375/1680 train_time:144371ms step_avg:384.99ms
step:375/1680 val_loss:3.8200 train_time:144662ms step_avg:385.77ms
step:376/1680 train_time:144879ms step_avg:385.32ms
step:377/1680 train_time:145216ms step_avg:385.19ms
step:378/1680 train_time:145599ms step_avg:385.18ms
step:379/1680 train_time:145998ms step_avg:385.22ms
step:380/1680 train_time:146373ms step_avg:385.19ms
step:381/1680 train_time:146755ms step_avg:385.18ms
step:382/1680 train_time:147136ms step_avg:385.17ms
step:383/1680 train_time:147523ms step_avg:385.18ms
step:384/1680 train_time:147903ms step_avg:385.16ms
step:385/1680 train_time:148282ms step_avg:385.15ms
step:386/1680 train_time:148671ms step_avg:385.16ms
step:387/1680 train_time:149056ms step_avg:385.16ms
step:388/1680 train_time:149442ms step_avg:385.16ms
step:389/1680 train_time:149826ms step_avg:385.16ms
step:390/1680 train_time:150210ms step_avg:385.15ms
step:391/1680 train_time:150594ms step_avg:385.15ms
step:392/1680 train_time:150978ms step_avg:385.15ms
step:393/1680 train_time:151361ms step_avg:385.14ms
step:394/1680 train_time:151743ms step_avg:385.14ms
step:395/1680 train_time:152128ms step_avg:385.13ms
step:396/1680 train_time:152512ms step_avg:385.13ms
step:397/1680 train_time:152892ms step_avg:385.12ms
step:398/1680 train_time:153280ms step_avg:385.13ms
step:399/1680 train_time:153662ms step_avg:385.12ms
step:400/1680 train_time:154046ms step_avg:385.11ms
step:401/1680 train_time:154429ms step_avg:385.11ms
step:402/1680 train_time:154815ms step_avg:385.11ms
step:403/1680 train_time:155196ms step_avg:385.10ms
step:404/1680 train_time:155578ms step_avg:385.09ms
step:405/1680 train_time:155963ms step_avg:385.09ms
step:406/1680 train_time:156347ms step_avg:385.09ms
step:407/1680 train_time:156727ms step_avg:385.08ms
step:408/1680 train_time:157113ms step_avg:385.08ms
step:409/1680 train_time:157497ms step_avg:385.08ms
step:410/1680 train_time:157878ms step_avg:385.07ms
step:411/1680 train_time:158265ms step_avg:385.07ms
step:412/1680 train_time:158644ms step_avg:385.06ms
step:413/1680 train_time:159026ms step_avg:385.05ms
step:414/1680 train_time:159429ms step_avg:385.09ms
step:415/1680 train_time:159798ms step_avg:385.06ms
step:416/1680 train_time:160178ms step_avg:385.04ms
step:417/1680 train_time:160563ms step_avg:385.04ms
step:418/1680 train_time:160944ms step_avg:385.03ms
step:419/1680 train_time:161325ms step_avg:385.02ms
step:420/1680 train_time:161706ms step_avg:385.01ms
step:421/1680 train_time:162092ms step_avg:385.02ms
step:422/1680 train_time:162476ms step_avg:385.01ms
step:423/1680 train_time:162858ms step_avg:385.01ms
step:424/1680 train_time:163243ms step_avg:385.01ms
step:425/1680 train_time:163626ms step_avg:385.00ms
step:426/1680 train_time:164028ms step_avg:385.04ms
step:427/1680 train_time:164394ms step_avg:385.00ms
step:428/1680 train_time:164774ms step_avg:384.99ms
step:429/1680 train_time:165155ms step_avg:384.98ms
step:430/1680 train_time:165539ms step_avg:384.97ms
step:431/1680 train_time:165921ms step_avg:384.97ms
step:432/1680 train_time:166303ms step_avg:384.96ms
step:433/1680 train_time:166687ms step_avg:384.96ms
step:434/1680 train_time:167071ms step_avg:384.96ms
step:435/1680 train_time:167457ms step_avg:384.96ms
step:436/1680 train_time:167837ms step_avg:384.95ms
step:437/1680 train_time:168221ms step_avg:384.95ms
step:438/1680 train_time:168602ms step_avg:384.94ms
step:439/1680 train_time:168986ms step_avg:384.93ms
step:440/1680 train_time:169370ms step_avg:384.93ms
step:441/1680 train_time:169755ms step_avg:384.93ms
step:442/1680 train_time:170136ms step_avg:384.92ms
step:443/1680 train_time:170523ms step_avg:384.93ms
step:444/1680 train_time:170904ms step_avg:384.92ms
step:445/1680 train_time:171289ms step_avg:384.92ms
step:446/1680 train_time:171670ms step_avg:384.91ms
step:447/1680 train_time:172053ms step_avg:384.91ms
step:448/1680 train_time:172435ms step_avg:384.90ms
step:449/1680 train_time:172819ms step_avg:384.90ms
step:450/1680 train_time:173203ms step_avg:384.90ms
step:451/1680 train_time:173585ms step_avg:384.89ms
step:452/1680 train_time:173987ms step_avg:384.93ms
step:453/1680 train_time:174353ms step_avg:384.89ms
step:454/1680 train_time:174733ms step_avg:384.87ms
step:455/1680 train_time:175115ms step_avg:384.87ms
step:456/1680 train_time:175495ms step_avg:384.86ms
step:457/1680 train_time:175879ms step_avg:384.86ms
step:458/1680 train_time:176260ms step_avg:384.85ms
step:459/1680 train_time:176637ms step_avg:384.83ms
step:460/1680 train_time:177018ms step_avg:384.82ms
step:461/1680 train_time:177401ms step_avg:384.82ms
step:462/1680 train_time:177783ms step_avg:384.81ms
step:463/1680 train_time:178173ms step_avg:384.82ms
step:464/1680 train_time:178556ms step_avg:384.82ms
step:465/1680 train_time:178937ms step_avg:384.81ms
step:466/1680 train_time:179318ms step_avg:384.80ms
step:467/1680 train_time:179706ms step_avg:384.81ms
step:468/1680 train_time:180087ms step_avg:384.80ms
step:469/1680 train_time:180470ms step_avg:384.80ms
step:470/1680 train_time:180852ms step_avg:384.79ms
step:471/1680 train_time:181237ms step_avg:384.79ms
step:472/1680 train_time:181620ms step_avg:384.79ms
step:473/1680 train_time:182003ms step_avg:384.78ms
step:474/1680 train_time:182385ms step_avg:384.78ms
step:475/1680 train_time:182765ms step_avg:384.77ms
step:476/1680 train_time:183151ms step_avg:384.77ms
step:477/1680 train_time:183535ms step_avg:384.77ms
step:478/1680 train_time:183915ms step_avg:384.76ms
step:479/1680 train_time:184299ms step_avg:384.76ms
step:480/1680 train_time:184680ms step_avg:384.75ms
step:481/1680 train_time:185067ms step_avg:384.76ms
step:482/1680 train_time:185450ms step_avg:384.75ms
step:483/1680 train_time:185832ms step_avg:384.74ms
step:484/1680 train_time:186213ms step_avg:384.74ms
step:485/1680 train_time:186598ms step_avg:384.74ms
step:486/1680 train_time:186983ms step_avg:384.74ms
step:487/1680 train_time:187367ms step_avg:384.74ms
step:488/1680 train_time:187746ms step_avg:384.72ms
step:489/1680 train_time:188133ms step_avg:384.73ms
step:490/1680 train_time:188512ms step_avg:384.72ms
step:491/1680 train_time:188896ms step_avg:384.72ms
step:492/1680 train_time:189278ms step_avg:384.71ms
step:493/1680 train_time:189661ms step_avg:384.71ms
step:494/1680 train_time:190045ms step_avg:384.71ms
step:495/1680 train_time:190428ms step_avg:384.70ms
step:496/1680 train_time:190810ms step_avg:384.70ms
step:497/1680 train_time:191196ms step_avg:384.70ms
step:498/1680 train_time:191579ms step_avg:384.70ms
step:499/1680 train_time:191960ms step_avg:384.69ms
step:500/1680 train_time:192350ms step_avg:384.70ms
step:500/1680 val_loss:3.7173 train_time:192635ms step_avg:385.27ms
step:501/1680 train_time:192854ms step_avg:384.94ms
step:502/1680 train_time:193185ms step_avg:384.83ms
step:503/1680 train_time:193568ms step_avg:384.83ms
step:504/1680 train_time:193951ms step_avg:384.82ms
step:505/1680 train_time:194332ms step_avg:384.82ms
step:506/1680 train_time:194712ms step_avg:384.81ms
step:507/1680 train_time:195093ms step_avg:384.80ms
step:508/1680 train_time:195479ms step_avg:384.80ms
step:509/1680 train_time:195861ms step_avg:384.80ms
step:510/1680 train_time:196246ms step_avg:384.80ms
step:511/1680 train_time:196633ms step_avg:384.80ms
step:512/1680 train_time:197018ms step_avg:384.80ms
step:513/1680 train_time:197403ms step_avg:384.80ms
step:514/1680 train_time:197787ms step_avg:384.80ms
step:515/1680 train_time:198169ms step_avg:384.79ms
step:516/1680 train_time:198551ms step_avg:384.79ms
step:517/1680 train_time:198930ms step_avg:384.78ms
step:518/1680 train_time:199312ms step_avg:384.77ms
step:519/1680 train_time:199691ms step_avg:384.76ms
step:520/1680 train_time:200078ms step_avg:384.77ms
step:521/1680 train_time:200461ms step_avg:384.76ms
step:522/1680 train_time:200841ms step_avg:384.75ms
step:523/1680 train_time:201223ms step_avg:384.75ms
step:524/1680 train_time:201607ms step_avg:384.75ms
step:525/1680 train_time:201988ms step_avg:384.74ms
step:526/1680 train_time:202375ms step_avg:384.74ms
step:527/1680 train_time:202753ms step_avg:384.73ms
step:528/1680 train_time:203136ms step_avg:384.73ms
step:529/1680 train_time:203525ms step_avg:384.74ms
step:530/1680 train_time:203911ms step_avg:384.74ms
step:531/1680 train_time:204292ms step_avg:384.73ms
step:532/1680 train_time:204677ms step_avg:384.73ms
step:533/1680 train_time:205057ms step_avg:384.72ms
step:534/1680 train_time:205442ms step_avg:384.72ms
step:535/1680 train_time:205826ms step_avg:384.72ms
step:536/1680 train_time:206209ms step_avg:384.72ms
step:537/1680 train_time:206592ms step_avg:384.71ms
step:538/1680 train_time:206976ms step_avg:384.71ms
step:539/1680 train_time:207362ms step_avg:384.72ms
step:540/1680 train_time:207743ms step_avg:384.71ms
step:541/1680 train_time:208125ms step_avg:384.70ms
step:542/1680 train_time:208510ms step_avg:384.70ms
step:543/1680 train_time:208893ms step_avg:384.70ms
step:544/1680 train_time:209275ms step_avg:384.70ms
step:545/1680 train_time:209660ms step_avg:384.70ms
step:546/1680 train_time:210042ms step_avg:384.69ms
step:547/1680 train_time:210431ms step_avg:384.70ms
step:548/1680 train_time:210808ms step_avg:384.69ms
step:549/1680 train_time:211191ms step_avg:384.68ms
step:550/1680 train_time:211578ms step_avg:384.69ms
step:551/1680 train_time:211963ms step_avg:384.69ms
step:552/1680 train_time:212346ms step_avg:384.68ms
step:553/1680 train_time:212729ms step_avg:384.68ms
step:554/1680 train_time:213115ms step_avg:384.68ms
step:555/1680 train_time:213499ms step_avg:384.68ms
step:556/1680 train_time:213886ms step_avg:384.69ms
step:557/1680 train_time:214268ms step_avg:384.68ms
step:558/1680 train_time:214650ms step_avg:384.68ms
step:559/1680 train_time:215036ms step_avg:384.68ms
step:560/1680 train_time:215421ms step_avg:384.68ms
step:561/1680 train_time:215808ms step_avg:384.68ms
step:562/1680 train_time:216193ms step_avg:384.68ms
step:563/1680 train_time:216579ms step_avg:384.69ms
step:564/1680 train_time:216961ms step_avg:384.68ms
step:565/1680 train_time:217348ms step_avg:384.69ms
step:566/1680 train_time:217729ms step_avg:384.68ms
step:567/1680 train_time:218112ms step_avg:384.68ms
step:568/1680 train_time:218495ms step_avg:384.68ms
step:569/1680 train_time:218880ms step_avg:384.67ms
step:570/1680 train_time:219269ms step_avg:384.68ms
step:571/1680 train_time:219651ms step_avg:384.68ms
step:572/1680 train_time:220036ms step_avg:384.68ms
step:573/1680 train_time:220417ms step_avg:384.67ms
step:574/1680 train_time:220800ms step_avg:384.67ms
step:575/1680 train_time:221184ms step_avg:384.67ms
step:576/1680 train_time:221565ms step_avg:384.66ms
step:577/1680 train_time:221950ms step_avg:384.66ms
step:578/1680 train_time:222333ms step_avg:384.66ms
step:579/1680 train_time:222715ms step_avg:384.66ms
step:580/1680 train_time:223097ms step_avg:384.65ms
step:581/1680 train_time:223483ms step_avg:384.65ms
step:582/1680 train_time:223863ms step_avg:384.64ms
step:583/1680 train_time:224248ms step_avg:384.65ms
step:584/1680 train_time:224635ms step_avg:384.65ms
step:585/1680 train_time:225018ms step_avg:384.65ms
step:586/1680 train_time:225400ms step_avg:384.64ms
step:587/1680 train_time:225783ms step_avg:384.64ms
step:588/1680 train_time:226167ms step_avg:384.64ms
step:589/1680 train_time:226546ms step_avg:384.63ms
step:590/1680 train_time:226928ms step_avg:384.62ms
step:591/1680 train_time:227315ms step_avg:384.63ms
step:592/1680 train_time:227696ms step_avg:384.62ms
step:593/1680 train_time:228082ms step_avg:384.62ms
step:594/1680 train_time:228462ms step_avg:384.62ms
step:595/1680 train_time:228843ms step_avg:384.61ms
step:596/1680 train_time:229228ms step_avg:384.61ms
step:597/1680 train_time:229611ms step_avg:384.61ms
step:598/1680 train_time:229994ms step_avg:384.60ms
step:599/1680 train_time:230378ms step_avg:384.60ms
step:600/1680 train_time:230758ms step_avg:384.60ms
step:601/1680 train_time:231141ms step_avg:384.59ms
step:602/1680 train_time:231537ms step_avg:384.61ms
step:603/1680 train_time:231911ms step_avg:384.60ms
step:604/1680 train_time:232297ms step_avg:384.60ms
step:605/1680 train_time:232677ms step_avg:384.59ms
step:606/1680 train_time:233060ms step_avg:384.59ms
step:607/1680 train_time:233445ms step_avg:384.59ms
step:608/1680 train_time:233831ms step_avg:384.59ms
step:609/1680 train_time:234212ms step_avg:384.58ms
step:610/1680 train_time:234592ms step_avg:384.58ms
step:611/1680 train_time:234976ms step_avg:384.58ms
step:612/1680 train_time:235359ms step_avg:384.57ms
step:613/1680 train_time:235742ms step_avg:384.57ms
step:614/1680 train_time:236125ms step_avg:384.57ms
step:615/1680 train_time:236509ms step_avg:384.57ms
step:616/1680 train_time:236889ms step_avg:384.56ms
step:617/1680 train_time:237274ms step_avg:384.56ms
step:618/1680 train_time:237655ms step_avg:384.55ms
step:619/1680 train_time:238037ms step_avg:384.55ms
step:620/1680 train_time:238417ms step_avg:384.54ms
step:621/1680 train_time:238798ms step_avg:384.54ms
step:622/1680 train_time:239179ms step_avg:384.53ms
step:623/1680 train_time:239558ms step_avg:384.52ms
step:624/1680 train_time:239947ms step_avg:384.53ms
step:625/1680 train_time:240336ms step_avg:384.54ms
step:625/1680 val_loss:3.6158 train_time:240619ms step_avg:384.99ms
step:626/1680 train_time:240833ms step_avg:384.72ms
step:627/1680 train_time:241162ms step_avg:384.63ms
step:628/1680 train_time:241543ms step_avg:384.62ms
step:629/1680 train_time:241926ms step_avg:384.62ms
step:630/1680 train_time:242316ms step_avg:384.63ms
step:631/1680 train_time:242701ms step_avg:384.63ms
step:632/1680 train_time:243087ms step_avg:384.63ms
step:633/1680 train_time:243469ms step_avg:384.63ms
step:634/1680 train_time:243849ms step_avg:384.62ms
step:635/1680 train_time:244232ms step_avg:384.62ms
step:636/1680 train_time:244617ms step_avg:384.62ms
step:637/1680 train_time:245001ms step_avg:384.62ms
step:638/1680 train_time:245387ms step_avg:384.62ms
step:639/1680 train_time:245767ms step_avg:384.61ms
step:640/1680 train_time:246150ms step_avg:384.61ms
step:641/1680 train_time:246535ms step_avg:384.61ms
step:642/1680 train_time:246918ms step_avg:384.61ms
step:643/1680 train_time:247301ms step_avg:384.60ms
step:644/1680 train_time:247683ms step_avg:384.60ms
step:645/1680 train_time:248068ms step_avg:384.60ms
step:646/1680 train_time:248446ms step_avg:384.59ms
step:647/1680 train_time:248829ms step_avg:384.59ms
step:648/1680 train_time:249211ms step_avg:384.58ms
step:649/1680 train_time:249596ms step_avg:384.58ms
step:650/1680 train_time:249977ms step_avg:384.58ms
step:651/1680 train_time:250360ms step_avg:384.58ms
step:652/1680 train_time:250740ms step_avg:384.57ms
step:653/1680 train_time:251129ms step_avg:384.58ms
step:654/1680 train_time:251511ms step_avg:384.57ms
step:655/1680 train_time:251893ms step_avg:384.57ms
step:656/1680 train_time:252275ms step_avg:384.57ms
step:657/1680 train_time:252658ms step_avg:384.56ms
step:658/1680 train_time:253039ms step_avg:384.56ms
step:659/1680 train_time:253425ms step_avg:384.56ms
step:660/1680 train_time:253811ms step_avg:384.56ms
step:661/1680 train_time:254193ms step_avg:384.56ms
step:662/1680 train_time:254575ms step_avg:384.55ms
step:663/1680 train_time:254961ms step_avg:384.56ms
step:664/1680 train_time:255341ms step_avg:384.55ms
step:665/1680 train_time:255727ms step_avg:384.55ms
step:666/1680 train_time:256109ms step_avg:384.55ms
step:667/1680 train_time:256497ms step_avg:384.55ms
step:668/1680 train_time:256874ms step_avg:384.54ms
step:669/1680 train_time:257257ms step_avg:384.54ms
step:670/1680 train_time:257637ms step_avg:384.53ms
step:671/1680 train_time:258020ms step_avg:384.53ms
step:672/1680 train_time:258411ms step_avg:384.54ms
step:673/1680 train_time:258797ms step_avg:384.54ms
step:674/1680 train_time:259184ms step_avg:384.55ms
step:675/1680 train_time:259567ms step_avg:384.54ms
step:676/1680 train_time:259950ms step_avg:384.54ms
step:677/1680 train_time:260332ms step_avg:384.54ms
step:678/1680 train_time:260717ms step_avg:384.54ms
step:679/1680 train_time:261100ms step_avg:384.54ms
step:680/1680 train_time:261484ms step_avg:384.53ms
step:681/1680 train_time:261867ms step_avg:384.53ms
step:682/1680 train_time:262250ms step_avg:384.53ms
step:683/1680 train_time:262635ms step_avg:384.53ms
step:684/1680 train_time:263020ms step_avg:384.53ms
step:685/1680 train_time:263405ms step_avg:384.53ms
step:686/1680 train_time:263789ms step_avg:384.53ms
step:687/1680 train_time:264176ms step_avg:384.54ms
step:688/1680 train_time:264561ms step_avg:384.54ms
step:689/1680 train_time:264945ms step_avg:384.53ms
step:690/1680 train_time:265330ms step_avg:384.54ms
step:691/1680 train_time:265711ms step_avg:384.53ms
step:692/1680 train_time:266098ms step_avg:384.53ms
step:693/1680 train_time:266481ms step_avg:384.53ms
step:694/1680 train_time:266865ms step_avg:384.53ms
step:695/1680 train_time:267246ms step_avg:384.53ms
step:696/1680 train_time:267631ms step_avg:384.53ms
step:697/1680 train_time:268010ms step_avg:384.52ms
step:698/1680 train_time:268392ms step_avg:384.52ms
step:699/1680 train_time:268773ms step_avg:384.51ms
step:700/1680 train_time:269155ms step_avg:384.51ms
step:701/1680 train_time:269539ms step_avg:384.51ms
step:702/1680 train_time:269920ms step_avg:384.50ms
step:703/1680 train_time:270302ms step_avg:384.50ms
step:704/1680 train_time:270688ms step_avg:384.50ms
step:705/1680 train_time:271066ms step_avg:384.49ms
step:706/1680 train_time:271447ms step_avg:384.49ms
step:707/1680 train_time:271833ms step_avg:384.49ms
step:708/1680 train_time:272217ms step_avg:384.49ms
step:709/1680 train_time:272604ms step_avg:384.49ms
step:710/1680 train_time:272984ms step_avg:384.49ms
step:711/1680 train_time:273366ms step_avg:384.48ms
step:712/1680 train_time:273748ms step_avg:384.48ms
step:713/1680 train_time:274131ms step_avg:384.48ms
step:714/1680 train_time:274532ms step_avg:384.50ms
step:715/1680 train_time:274896ms step_avg:384.47ms
step:716/1680 train_time:275279ms step_avg:384.47ms
step:717/1680 train_time:275664ms step_avg:384.47ms
step:718/1680 train_time:276048ms step_avg:384.47ms
step:719/1680 train_time:276431ms step_avg:384.47ms
step:720/1680 train_time:276809ms step_avg:384.46ms
step:721/1680 train_time:277196ms step_avg:384.46ms
step:722/1680 train_time:277579ms step_avg:384.46ms
step:723/1680 train_time:277959ms step_avg:384.45ms
step:724/1680 train_time:278344ms step_avg:384.45ms
step:725/1680 train_time:278727ms step_avg:384.45ms
step:726/1680 train_time:279113ms step_avg:384.45ms
step:727/1680 train_time:279500ms step_avg:384.46ms
step:728/1680 train_time:279882ms step_avg:384.45ms
step:729/1680 train_time:280261ms step_avg:384.45ms
step:730/1680 train_time:280651ms step_avg:384.45ms
step:731/1680 train_time:281031ms step_avg:384.45ms
step:732/1680 train_time:281415ms step_avg:384.45ms
step:733/1680 train_time:281796ms step_avg:384.44ms
step:734/1680 train_time:282180ms step_avg:384.44ms
step:735/1680 train_time:282579ms step_avg:384.46ms
step:736/1680 train_time:282950ms step_avg:384.44ms
step:737/1680 train_time:283331ms step_avg:384.44ms
step:738/1680 train_time:283716ms step_avg:384.44ms
step:739/1680 train_time:284100ms step_avg:384.44ms
step:740/1680 train_time:284480ms step_avg:384.43ms
step:741/1680 train_time:284866ms step_avg:384.43ms
step:742/1680 train_time:285249ms step_avg:384.43ms
step:743/1680 train_time:285629ms step_avg:384.43ms
step:744/1680 train_time:286017ms step_avg:384.43ms
step:745/1680 train_time:286401ms step_avg:384.43ms
step:746/1680 train_time:286787ms step_avg:384.43ms
step:747/1680 train_time:287174ms step_avg:384.44ms
step:748/1680 train_time:287556ms step_avg:384.43ms
step:749/1680 train_time:287939ms step_avg:384.43ms
step:750/1680 train_time:288323ms step_avg:384.43ms
step:750/1680 val_loss:3.5636 train_time:288612ms step_avg:384.82ms
step:751/1680 train_time:288827ms step_avg:384.59ms
step:752/1680 train_time:289158ms step_avg:384.52ms
step:753/1680 train_time:289543ms step_avg:384.52ms
step:754/1680 train_time:289927ms step_avg:384.52ms
step:755/1680 train_time:290312ms step_avg:384.52ms
step:756/1680 train_time:290696ms step_avg:384.52ms
step:757/1680 train_time:291079ms step_avg:384.52ms
step:758/1680 train_time:291465ms step_avg:384.52ms
step:759/1680 train_time:291845ms step_avg:384.51ms
step:760/1680 train_time:292230ms step_avg:384.51ms
step:761/1680 train_time:292612ms step_avg:384.51ms
step:762/1680 train_time:293002ms step_avg:384.52ms
step:763/1680 train_time:293386ms step_avg:384.52ms
step:764/1680 train_time:293769ms step_avg:384.51ms
step:765/1680 train_time:294150ms step_avg:384.51ms
step:766/1680 train_time:294538ms step_avg:384.51ms
step:767/1680 train_time:294923ms step_avg:384.51ms
step:768/1680 train_time:295310ms step_avg:384.52ms
step:769/1680 train_time:295690ms step_avg:384.51ms
step:770/1680 train_time:296074ms step_avg:384.51ms
step:771/1680 train_time:296452ms step_avg:384.50ms
step:772/1680 train_time:296843ms step_avg:384.51ms
step:773/1680 train_time:297222ms step_avg:384.50ms
step:774/1680 train_time:297612ms step_avg:384.51ms
step:775/1680 train_time:297994ms step_avg:384.51ms
step:776/1680 train_time:298380ms step_avg:384.51ms
step:777/1680 train_time:298763ms step_avg:384.51ms
step:778/1680 train_time:299149ms step_avg:384.51ms
step:779/1680 train_time:299536ms step_avg:384.51ms
step:780/1680 train_time:299918ms step_avg:384.51ms
step:781/1680 train_time:300300ms step_avg:384.51ms
step:782/1680 train_time:300684ms step_avg:384.51ms
step:783/1680 train_time:301069ms step_avg:384.51ms
step:784/1680 train_time:301451ms step_avg:384.50ms
step:785/1680 train_time:301834ms step_avg:384.50ms
step:786/1680 train_time:302217ms step_avg:384.50ms
step:787/1680 train_time:302601ms step_avg:384.50ms
step:788/1680 train_time:302983ms step_avg:384.50ms
step:789/1680 train_time:303368ms step_avg:384.50ms
step:790/1680 train_time:303751ms step_avg:384.49ms
step:791/1680 train_time:304132ms step_avg:384.49ms
step:792/1680 train_time:304518ms step_avg:384.49ms
step:793/1680 train_time:304900ms step_avg:384.49ms
step:794/1680 train_time:305287ms step_avg:384.49ms
step:795/1680 train_time:305669ms step_avg:384.49ms
step:796/1680 train_time:306054ms step_avg:384.49ms
step:797/1680 train_time:306434ms step_avg:384.48ms
step:798/1680 train_time:306816ms step_avg:384.48ms
step:799/1680 train_time:307201ms step_avg:384.48ms
step:800/1680 train_time:307582ms step_avg:384.48ms
step:801/1680 train_time:307966ms step_avg:384.48ms
step:802/1680 train_time:308349ms step_avg:384.47ms
step:803/1680 train_time:308735ms step_avg:384.48ms
step:804/1680 train_time:309114ms step_avg:384.47ms
step:805/1680 train_time:309497ms step_avg:384.47ms
step:806/1680 train_time:309877ms step_avg:384.46ms
step:807/1680 train_time:310266ms step_avg:384.47ms
step:808/1680 train_time:310649ms step_avg:384.47ms
step:809/1680 train_time:311030ms step_avg:384.46ms
step:810/1680 train_time:311414ms step_avg:384.46ms
step:811/1680 train_time:311797ms step_avg:384.46ms
step:812/1680 train_time:312178ms step_avg:384.46ms
step:813/1680 train_time:312562ms step_avg:384.45ms
step:814/1680 train_time:312944ms step_avg:384.45ms
step:815/1680 train_time:313327ms step_avg:384.45ms
step:816/1680 train_time:313709ms step_avg:384.45ms
step:817/1680 train_time:314094ms step_avg:384.45ms
step:818/1680 train_time:314473ms step_avg:384.44ms
step:819/1680 train_time:314854ms step_avg:384.44ms
step:820/1680 train_time:315236ms step_avg:384.43ms
step:821/1680 train_time:315618ms step_avg:384.43ms
step:822/1680 train_time:316000ms step_avg:384.43ms
step:823/1680 train_time:316386ms step_avg:384.43ms
step:824/1680 train_time:316765ms step_avg:384.42ms
step:825/1680 train_time:317155ms step_avg:384.43ms
step:826/1680 train_time:317533ms step_avg:384.42ms
step:827/1680 train_time:317919ms step_avg:384.42ms
step:828/1680 train_time:318301ms step_avg:384.42ms
step:829/1680 train_time:318687ms step_avg:384.42ms
step:830/1680 train_time:319069ms step_avg:384.42ms
step:831/1680 train_time:319454ms step_avg:384.42ms
step:832/1680 train_time:319839ms step_avg:384.42ms
step:833/1680 train_time:320218ms step_avg:384.42ms
step:834/1680 train_time:320598ms step_avg:384.41ms
step:835/1680 train_time:320979ms step_avg:384.41ms
step:836/1680 train_time:321362ms step_avg:384.40ms
step:837/1680 train_time:321750ms step_avg:384.41ms
step:838/1680 train_time:322134ms step_avg:384.41ms
step:839/1680 train_time:322519ms step_avg:384.41ms
step:840/1680 train_time:322899ms step_avg:384.40ms
step:841/1680 train_time:323287ms step_avg:384.41ms
step:842/1680 train_time:323669ms step_avg:384.40ms
step:843/1680 train_time:324052ms step_avg:384.40ms
step:844/1680 train_time:324431ms step_avg:384.40ms
step:845/1680 train_time:324815ms step_avg:384.40ms
step:846/1680 train_time:325198ms step_avg:384.39ms
step:847/1680 train_time:325580ms step_avg:384.39ms
step:848/1680 train_time:325965ms step_avg:384.39ms
step:849/1680 train_time:326352ms step_avg:384.40ms
step:850/1680 train_time:326737ms step_avg:384.40ms
step:851/1680 train_time:327118ms step_avg:384.39ms
step:852/1680 train_time:327502ms step_avg:384.39ms
step:853/1680 train_time:327886ms step_avg:384.39ms
step:854/1680 train_time:328268ms step_avg:384.39ms
step:855/1680 train_time:328654ms step_avg:384.39ms
step:856/1680 train_time:329032ms step_avg:384.38ms
step:857/1680 train_time:329416ms step_avg:384.38ms
step:858/1680 train_time:329802ms step_avg:384.38ms
step:859/1680 train_time:330186ms step_avg:384.38ms
step:860/1680 train_time:330569ms step_avg:384.38ms
step:861/1680 train_time:330954ms step_avg:384.38ms
step:862/1680 train_time:331337ms step_avg:384.38ms
step:863/1680 train_time:331723ms step_avg:384.38ms
step:864/1680 train_time:332108ms step_avg:384.38ms
step:865/1680 train_time:332491ms step_avg:384.38ms
step:866/1680 train_time:332872ms step_avg:384.38ms
step:867/1680 train_time:333258ms step_avg:384.38ms
step:868/1680 train_time:333637ms step_avg:384.37ms
step:869/1680 train_time:334021ms step_avg:384.37ms
step:870/1680 train_time:334408ms step_avg:384.38ms
step:871/1680 train_time:334786ms step_avg:384.37ms
step:872/1680 train_time:335164ms step_avg:384.36ms
step:873/1680 train_time:335548ms step_avg:384.36ms
step:874/1680 train_time:335928ms step_avg:384.36ms
step:875/1680 train_time:336315ms step_avg:384.36ms
step:875/1680 val_loss:3.5181 train_time:336606ms step_avg:384.69ms
step:876/1680 train_time:336836ms step_avg:384.52ms
step:877/1680 train_time:337164ms step_avg:384.45ms
step:878/1680 train_time:337550ms step_avg:384.45ms
step:879/1680 train_time:337934ms step_avg:384.45ms
step:880/1680 train_time:338319ms step_avg:384.45ms
step:881/1680 train_time:338699ms step_avg:384.45ms
step:882/1680 train_time:339082ms step_avg:384.45ms
step:883/1680 train_time:339461ms step_avg:384.44ms
step:884/1680 train_time:339848ms step_avg:384.44ms
step:885/1680 train_time:340228ms step_avg:384.44ms
step:886/1680 train_time:340609ms step_avg:384.43ms
step:887/1680 train_time:340992ms step_avg:384.43ms
step:888/1680 train_time:341376ms step_avg:384.43ms
step:889/1680 train_time:341758ms step_avg:384.43ms
step:890/1680 train_time:342141ms step_avg:384.43ms
step:891/1680 train_time:342523ms step_avg:384.43ms
step:892/1680 train_time:342904ms step_avg:384.42ms
step:893/1680 train_time:343287ms step_avg:384.42ms
step:894/1680 train_time:343674ms step_avg:384.42ms
step:895/1680 train_time:344057ms step_avg:384.42ms
step:896/1680 train_time:344439ms step_avg:384.42ms
step:897/1680 train_time:344826ms step_avg:384.42ms
step:898/1680 train_time:345209ms step_avg:384.42ms
step:899/1680 train_time:345589ms step_avg:384.42ms
step:900/1680 train_time:345973ms step_avg:384.41ms
step:901/1680 train_time:346355ms step_avg:384.41ms
step:902/1680 train_time:346737ms step_avg:384.41ms
step:903/1680 train_time:347122ms step_avg:384.41ms
step:904/1680 train_time:347503ms step_avg:384.41ms
step:905/1680 train_time:347884ms step_avg:384.40ms
step:906/1680 train_time:348270ms step_avg:384.40ms
step:907/1680 train_time:348655ms step_avg:384.40ms
step:908/1680 train_time:349038ms step_avg:384.40ms
step:909/1680 train_time:349420ms step_avg:384.40ms
step:910/1680 train_time:349801ms step_avg:384.40ms
step:911/1680 train_time:350182ms step_avg:384.39ms
step:912/1680 train_time:350569ms step_avg:384.40ms
step:913/1680 train_time:350949ms step_avg:384.39ms
step:914/1680 train_time:351332ms step_avg:384.39ms
step:915/1680 train_time:351716ms step_avg:384.39ms
step:916/1680 train_time:352098ms step_avg:384.39ms
step:917/1680 train_time:352483ms step_avg:384.39ms
step:918/1680 train_time:352864ms step_avg:384.38ms
step:919/1680 train_time:353245ms step_avg:384.38ms
step:920/1680 train_time:353626ms step_avg:384.38ms
step:921/1680 train_time:354011ms step_avg:384.38ms
step:922/1680 train_time:354394ms step_avg:384.37ms
step:923/1680 train_time:354775ms step_avg:384.37ms
step:924/1680 train_time:355158ms step_avg:384.37ms
step:925/1680 train_time:355541ms step_avg:384.37ms
step:926/1680 train_time:355923ms step_avg:384.37ms
step:927/1680 train_time:356303ms step_avg:384.36ms
step:928/1680 train_time:356685ms step_avg:384.36ms
step:929/1680 train_time:357064ms step_avg:384.35ms
step:930/1680 train_time:357448ms step_avg:384.35ms
step:931/1680 train_time:357830ms step_avg:384.35ms
step:932/1680 train_time:358208ms step_avg:384.34ms
step:933/1680 train_time:358594ms step_avg:384.34ms
step:934/1680 train_time:358978ms step_avg:384.34ms
step:935/1680 train_time:359364ms step_avg:384.35ms
step:936/1680 train_time:359750ms step_avg:384.35ms
step:937/1680 train_time:360133ms step_avg:384.35ms
step:938/1680 train_time:360522ms step_avg:384.35ms
step:939/1680 train_time:360903ms step_avg:384.35ms
step:940/1680 train_time:361286ms step_avg:384.35ms
step:941/1680 train_time:361668ms step_avg:384.34ms
step:942/1680 train_time:362048ms step_avg:384.34ms
step:943/1680 train_time:362434ms step_avg:384.34ms
step:944/1680 train_time:362817ms step_avg:384.34ms
step:945/1680 train_time:363197ms step_avg:384.34ms
step:946/1680 train_time:363580ms step_avg:384.33ms
step:947/1680 train_time:363962ms step_avg:384.33ms
step:948/1680 train_time:364346ms step_avg:384.33ms
step:949/1680 train_time:364726ms step_avg:384.33ms
step:950/1680 train_time:365108ms step_avg:384.32ms
step:951/1680 train_time:365493ms step_avg:384.33ms
step:952/1680 train_time:365873ms step_avg:384.32ms
step:953/1680 train_time:366256ms step_avg:384.32ms
step:954/1680 train_time:366642ms step_avg:384.32ms
step:955/1680 train_time:367025ms step_avg:384.32ms
step:956/1680 train_time:367409ms step_avg:384.32ms
step:957/1680 train_time:367796ms step_avg:384.32ms
step:958/1680 train_time:368178ms step_avg:384.32ms
step:959/1680 train_time:368568ms step_avg:384.33ms
step:960/1680 train_time:368949ms step_avg:384.32ms
step:961/1680 train_time:369334ms step_avg:384.32ms
step:962/1680 train_time:369715ms step_avg:384.32ms
step:963/1680 train_time:370101ms step_avg:384.32ms
step:964/1680 train_time:370487ms step_avg:384.32ms
step:965/1680 train_time:370871ms step_avg:384.32ms
step:966/1680 train_time:371250ms step_avg:384.32ms
step:967/1680 train_time:371628ms step_avg:384.31ms
step:968/1680 train_time:372029ms step_avg:384.33ms
step:969/1680 train_time:372396ms step_avg:384.31ms
step:970/1680 train_time:372777ms step_avg:384.31ms
step:971/1680 train_time:373160ms step_avg:384.30ms
step:972/1680 train_time:373540ms step_avg:384.30ms
step:973/1680 train_time:373925ms step_avg:384.30ms
step:974/1680 train_time:374309ms step_avg:384.30ms
step:975/1680 train_time:374691ms step_avg:384.30ms
step:976/1680 train_time:375074ms step_avg:384.30ms
step:977/1680 train_time:375457ms step_avg:384.30ms
step:978/1680 train_time:375840ms step_avg:384.29ms
step:979/1680 train_time:376226ms step_avg:384.30ms
step:980/1680 train_time:376606ms step_avg:384.29ms
step:981/1680 train_time:376991ms step_avg:384.29ms
step:982/1680 train_time:377375ms step_avg:384.29ms
step:983/1680 train_time:377759ms step_avg:384.29ms
step:984/1680 train_time:378142ms step_avg:384.29ms
step:985/1680 train_time:378527ms step_avg:384.29ms
step:986/1680 train_time:378911ms step_avg:384.29ms
step:987/1680 train_time:379292ms step_avg:384.29ms
step:988/1680 train_time:379676ms step_avg:384.29ms
step:989/1680 train_time:380059ms step_avg:384.29ms
step:990/1680 train_time:380441ms step_avg:384.28ms
step:991/1680 train_time:380822ms step_avg:384.28ms
step:992/1680 train_time:381208ms step_avg:384.28ms
step:993/1680 train_time:381590ms step_avg:384.28ms
step:994/1680 train_time:381973ms step_avg:384.28ms
step:995/1680 train_time:382356ms step_avg:384.28ms
step:996/1680 train_time:382739ms step_avg:384.28ms
step:997/1680 train_time:383127ms step_avg:384.28ms
step:998/1680 train_time:383507ms step_avg:384.28ms
step:999/1680 train_time:383892ms step_avg:384.28ms
step:1000/1680 train_time:384274ms step_avg:384.27ms
step:1000/1680 val_loss:3.4678 train_time:384561ms step_avg:384.56ms
step:1001/1680 train_time:384779ms step_avg:384.39ms
step:1002/1680 train_time:385110ms step_avg:384.34ms
step:1003/1680 train_time:385491ms step_avg:384.34ms
step:1004/1680 train_time:385879ms step_avg:384.34ms
step:1005/1680 train_time:386260ms step_avg:384.34ms
step:1006/1680 train_time:386643ms step_avg:384.34ms
step:1007/1680 train_time:387026ms step_avg:384.34ms
step:1008/1680 train_time:387409ms step_avg:384.33ms
step:1009/1680 train_time:387793ms step_avg:384.33ms
step:1010/1680 train_time:388174ms step_avg:384.33ms
step:1011/1680 train_time:388558ms step_avg:384.33ms
step:1012/1680 train_time:388943ms step_avg:384.33ms
step:1013/1680 train_time:389322ms step_avg:384.33ms
step:1014/1680 train_time:389709ms step_avg:384.33ms
step:1015/1680 train_time:390087ms step_avg:384.32ms
step:1016/1680 train_time:390472ms step_avg:384.32ms
step:1017/1680 train_time:390854ms step_avg:384.32ms
step:1018/1680 train_time:391240ms step_avg:384.32ms
step:1019/1680 train_time:391624ms step_avg:384.32ms
step:1020/1680 train_time:392003ms step_avg:384.32ms
step:1021/1680 train_time:392385ms step_avg:384.31ms
step:1022/1680 train_time:392771ms step_avg:384.32ms
step:1023/1680 train_time:393160ms step_avg:384.32ms
step:1024/1680 train_time:393543ms step_avg:384.32ms
step:1025/1680 train_time:393927ms step_avg:384.32ms
step:1026/1680 train_time:394314ms step_avg:384.32ms
step:1027/1680 train_time:394691ms step_avg:384.31ms
step:1028/1680 train_time:395070ms step_avg:384.31ms
step:1029/1680 train_time:395458ms step_avg:384.31ms
step:1030/1680 train_time:395840ms step_avg:384.31ms
step:1031/1680 train_time:396225ms step_avg:384.31ms
step:1032/1680 train_time:396609ms step_avg:384.31ms
step:1033/1680 train_time:396988ms step_avg:384.31ms
step:1034/1680 train_time:397374ms step_avg:384.31ms
step:1035/1680 train_time:397769ms step_avg:384.32ms
step:1036/1680 train_time:398159ms step_avg:384.32ms
step:1037/1680 train_time:398546ms step_avg:384.33ms
step:1038/1680 train_time:398912ms step_avg:384.31ms
step:1039/1680 train_time:399291ms step_avg:384.30ms
step:1040/1680 train_time:399671ms step_avg:384.30ms
step:1041/1680 train_time:400054ms step_avg:384.30ms
step:1042/1680 train_time:400442ms step_avg:384.30ms
step:1043/1680 train_time:400826ms step_avg:384.30ms
step:1044/1680 train_time:401207ms step_avg:384.30ms
step:1045/1680 train_time:401596ms step_avg:384.30ms
step:1046/1680 train_time:401984ms step_avg:384.31ms
step:1047/1680 train_time:402367ms step_avg:384.30ms
step:1048/1680 train_time:402748ms step_avg:384.30ms
step:1049/1680 train_time:403151ms step_avg:384.32ms
step:1050/1680 train_time:403520ms step_avg:384.31ms
step:1051/1680 train_time:403903ms step_avg:384.30ms
step:1052/1680 train_time:404295ms step_avg:384.31ms
step:1053/1680 train_time:404675ms step_avg:384.31ms
step:1054/1680 train_time:405054ms step_avg:384.30ms
step:1055/1680 train_time:405440ms step_avg:384.30ms
step:1056/1680 train_time:405828ms step_avg:384.31ms
step:1057/1680 train_time:406209ms step_avg:384.30ms
step:1058/1680 train_time:406589ms step_avg:384.30ms
step:1059/1680 train_time:406972ms step_avg:384.30ms
step:1060/1680 train_time:407353ms step_avg:384.30ms
step:1061/1680 train_time:407737ms step_avg:384.29ms
step:1062/1680 train_time:408124ms step_avg:384.30ms
step:1063/1680 train_time:408509ms step_avg:384.30ms
step:1064/1680 train_time:408890ms step_avg:384.30ms
step:1065/1680 train_time:409273ms step_avg:384.29ms
step:1066/1680 train_time:409656ms step_avg:384.29ms
step:1067/1680 train_time:410040ms step_avg:384.29ms
step:1068/1680 train_time:410424ms step_avg:384.29ms
step:1069/1680 train_time:410826ms step_avg:384.31ms
step:1070/1680 train_time:411195ms step_avg:384.29ms
step:1071/1680 train_time:411578ms step_avg:384.29ms
step:1072/1680 train_time:411959ms step_avg:384.29ms
step:1073/1680 train_time:412345ms step_avg:384.29ms
step:1074/1680 train_time:412724ms step_avg:384.29ms
step:1075/1680 train_time:413105ms step_avg:384.28ms
step:1076/1680 train_time:413487ms step_avg:384.28ms
step:1077/1680 train_time:413870ms step_avg:384.28ms
step:1078/1680 train_time:414253ms step_avg:384.28ms
step:1079/1680 train_time:414637ms step_avg:384.28ms
step:1080/1680 train_time:415021ms step_avg:384.28ms
step:1081/1680 train_time:415404ms step_avg:384.28ms
step:1082/1680 train_time:415792ms step_avg:384.28ms
step:1083/1680 train_time:416174ms step_avg:384.28ms
step:1084/1680 train_time:416555ms step_avg:384.28ms
step:1085/1680 train_time:416936ms step_avg:384.27ms
step:1086/1680 train_time:417323ms step_avg:384.27ms
step:1087/1680 train_time:417709ms step_avg:384.28ms
step:1088/1680 train_time:418089ms step_avg:384.27ms
step:1089/1680 train_time:418492ms step_avg:384.29ms
step:1090/1680 train_time:418855ms step_avg:384.27ms
step:1091/1680 train_time:419239ms step_avg:384.27ms
step:1092/1680 train_time:419623ms step_avg:384.27ms
step:1093/1680 train_time:420014ms step_avg:384.28ms
step:1094/1680 train_time:420400ms step_avg:384.28ms
step:1095/1680 train_time:420782ms step_avg:384.28ms
step:1096/1680 train_time:421166ms step_avg:384.28ms
step:1097/1680 train_time:421546ms step_avg:384.27ms
step:1098/1680 train_time:421933ms step_avg:384.27ms
step:1099/1680 train_time:422317ms step_avg:384.27ms
step:1100/1680 train_time:422702ms step_avg:384.27ms
step:1101/1680 train_time:423082ms step_avg:384.27ms
step:1102/1680 train_time:423465ms step_avg:384.27ms
step:1103/1680 train_time:423847ms step_avg:384.27ms
step:1104/1680 train_time:424231ms step_avg:384.27ms
step:1105/1680 train_time:424616ms step_avg:384.27ms
step:1106/1680 train_time:424995ms step_avg:384.26ms
step:1107/1680 train_time:425383ms step_avg:384.27ms
step:1108/1680 train_time:425762ms step_avg:384.26ms
step:1109/1680 train_time:426145ms step_avg:384.26ms
step:1110/1680 train_time:426527ms step_avg:384.26ms
step:1111/1680 train_time:426908ms step_avg:384.26ms
step:1112/1680 train_time:427292ms step_avg:384.26ms
step:1113/1680 train_time:427675ms step_avg:384.25ms
step:1114/1680 train_time:428058ms step_avg:384.25ms
step:1115/1680 train_time:428440ms step_avg:384.25ms
step:1116/1680 train_time:428821ms step_avg:384.25ms
step:1117/1680 train_time:429206ms step_avg:384.25ms
step:1118/1680 train_time:429592ms step_avg:384.25ms
step:1119/1680 train_time:429976ms step_avg:384.25ms
step:1120/1680 train_time:430363ms step_avg:384.25ms
step:1121/1680 train_time:430745ms step_avg:384.25ms
step:1122/1680 train_time:431125ms step_avg:384.25ms
step:1123/1680 train_time:431509ms step_avg:384.25ms
step:1124/1680 train_time:431889ms step_avg:384.24ms
step:1125/1680 train_time:432272ms step_avg:384.24ms
step:1125/1680 val_loss:3.4141 train_time:432565ms step_avg:384.50ms
step:1126/1680 train_time:432874ms step_avg:384.44ms
step:1127/1680 train_time:433202ms step_avg:384.38ms
step:1128/1680 train_time:433585ms step_avg:384.38ms
step:1129/1680 train_time:433969ms step_avg:384.38ms
step:1130/1680 train_time:434351ms step_avg:384.38ms
step:1131/1680 train_time:434738ms step_avg:384.38ms
step:1132/1680 train_time:435118ms step_avg:384.38ms
step:1133/1680 train_time:435503ms step_avg:384.38ms
step:1134/1680 train_time:435887ms step_avg:384.38ms
step:1135/1680 train_time:436273ms step_avg:384.38ms
step:1136/1680 train_time:436658ms step_avg:384.38ms
step:1137/1680 train_time:437041ms step_avg:384.38ms
step:1138/1680 train_time:437425ms step_avg:384.38ms
step:1139/1680 train_time:437805ms step_avg:384.38ms
step:1140/1680 train_time:438189ms step_avg:384.38ms
step:1141/1680 train_time:438576ms step_avg:384.38ms
step:1142/1680 train_time:438959ms step_avg:384.38ms
step:1143/1680 train_time:439344ms step_avg:384.38ms
step:1144/1680 train_time:439725ms step_avg:384.37ms
step:1145/1680 train_time:440110ms step_avg:384.38ms
step:1146/1680 train_time:440496ms step_avg:384.38ms
step:1147/1680 train_time:440879ms step_avg:384.38ms
step:1148/1680 train_time:441265ms step_avg:384.38ms
step:1149/1680 train_time:441651ms step_avg:384.38ms
step:1150/1680 train_time:442034ms step_avg:384.38ms
step:1151/1680 train_time:442420ms step_avg:384.38ms
step:1152/1680 train_time:442813ms step_avg:384.39ms
step:1153/1680 train_time:443186ms step_avg:384.38ms
step:1154/1680 train_time:443569ms step_avg:384.37ms
step:1155/1680 train_time:443954ms step_avg:384.38ms
step:1156/1680 train_time:444336ms step_avg:384.37ms
step:1157/1680 train_time:444718ms step_avg:384.37ms
step:1158/1680 train_time:445099ms step_avg:384.37ms
step:1159/1680 train_time:445482ms step_avg:384.37ms
step:1160/1680 train_time:445867ms step_avg:384.37ms
step:1161/1680 train_time:446251ms step_avg:384.37ms
step:1162/1680 train_time:446636ms step_avg:384.37ms
step:1163/1680 train_time:447019ms step_avg:384.37ms
step:1164/1680 train_time:447405ms step_avg:384.37ms
step:1165/1680 train_time:447792ms step_avg:384.37ms
step:1166/1680 train_time:448169ms step_avg:384.36ms
step:1167/1680 train_time:448553ms step_avg:384.36ms
step:1168/1680 train_time:448938ms step_avg:384.36ms
step:1169/1680 train_time:449321ms step_avg:384.36ms
step:1170/1680 train_time:449701ms step_avg:384.36ms
step:1171/1680 train_time:450083ms step_avg:384.36ms
step:1172/1680 train_time:450474ms step_avg:384.36ms
step:1173/1680 train_time:450852ms step_avg:384.36ms
step:1174/1680 train_time:451230ms step_avg:384.35ms
step:1175/1680 train_time:451618ms step_avg:384.36ms
step:1176/1680 train_time:452017ms step_avg:384.37ms
step:1177/1680 train_time:452384ms step_avg:384.35ms
step:1178/1680 train_time:452774ms step_avg:384.36ms
step:1179/1680 train_time:453158ms step_avg:384.36ms
step:1180/1680 train_time:453547ms step_avg:384.36ms
step:1181/1680 train_time:453945ms step_avg:384.37ms
step:1182/1680 train_time:454324ms step_avg:384.37ms
step:1183/1680 train_time:454688ms step_avg:384.35ms
step:1184/1680 train_time:455071ms step_avg:384.35ms
step:1185/1680 train_time:455455ms step_avg:384.35ms
step:1186/1680 train_time:455840ms step_avg:384.35ms
step:1187/1680 train_time:456221ms step_avg:384.35ms
step:1188/1680 train_time:456601ms step_avg:384.34ms
step:1189/1680 train_time:456992ms step_avg:384.35ms
step:1190/1680 train_time:457384ms step_avg:384.36ms
step:1191/1680 train_time:457756ms step_avg:384.35ms
step:1192/1680 train_time:458136ms step_avg:384.34ms
step:1193/1680 train_time:458522ms step_avg:384.34ms
step:1194/1680 train_time:458906ms step_avg:384.34ms
step:1195/1680 train_time:459288ms step_avg:384.34ms
step:1196/1680 train_time:459673ms step_avg:384.34ms
step:1197/1680 train_time:460055ms step_avg:384.34ms
step:1198/1680 train_time:460440ms step_avg:384.34ms
step:1199/1680 train_time:460827ms step_avg:384.34ms
step:1200/1680 train_time:461208ms step_avg:384.34ms
step:1201/1680 train_time:461592ms step_avg:384.34ms
step:1202/1680 train_time:461978ms step_avg:384.34ms
step:1203/1680 train_time:462355ms step_avg:384.34ms
step:1204/1680 train_time:462737ms step_avg:384.33ms
step:1205/1680 train_time:463120ms step_avg:384.33ms
step:1206/1680 train_time:463502ms step_avg:384.33ms
step:1207/1680 train_time:463883ms step_avg:384.33ms
step:1208/1680 train_time:464265ms step_avg:384.33ms
step:1209/1680 train_time:464649ms step_avg:384.32ms
step:1210/1680 train_time:465028ms step_avg:384.32ms
step:1211/1680 train_time:465414ms step_avg:384.32ms
step:1212/1680 train_time:465797ms step_avg:384.32ms
step:1213/1680 train_time:466183ms step_avg:384.32ms
step:1214/1680 train_time:466566ms step_avg:384.32ms
step:1215/1680 train_time:466945ms step_avg:384.32ms
step:1216/1680 train_time:467326ms step_avg:384.31ms
step:1217/1680 train_time:467706ms step_avg:384.31ms
step:1218/1680 train_time:468088ms step_avg:384.31ms
step:1219/1680 train_time:468473ms step_avg:384.31ms
step:1220/1680 train_time:468859ms step_avg:384.31ms
step:1221/1680 train_time:469244ms step_avg:384.31ms
step:1222/1680 train_time:469625ms step_avg:384.31ms
step:1223/1680 train_time:470009ms step_avg:384.31ms
step:1224/1680 train_time:470389ms step_avg:384.30ms
step:1225/1680 train_time:470772ms step_avg:384.30ms
step:1226/1680 train_time:471158ms step_avg:384.30ms
step:1227/1680 train_time:471542ms step_avg:384.30ms
step:1228/1680 train_time:471925ms step_avg:384.30ms
step:1229/1680 train_time:472307ms step_avg:384.30ms
step:1230/1680 train_time:472688ms step_avg:384.30ms
step:1231/1680 train_time:473067ms step_avg:384.29ms
step:1232/1680 train_time:473455ms step_avg:384.30ms
step:1233/1680 train_time:473836ms step_avg:384.29ms
step:1234/1680 train_time:474220ms step_avg:384.29ms
step:1235/1680 train_time:474600ms step_avg:384.29ms
step:1236/1680 train_time:474988ms step_avg:384.29ms
step:1237/1680 train_time:475371ms step_avg:384.29ms
step:1238/1680 train_time:475753ms step_avg:384.29ms
step:1239/1680 train_time:476137ms step_avg:384.29ms
step:1240/1680 train_time:476519ms step_avg:384.29ms
step:1241/1680 train_time:476901ms step_avg:384.29ms
step:1242/1680 train_time:477290ms step_avg:384.29ms
step:1243/1680 train_time:477671ms step_avg:384.29ms
step:1244/1680 train_time:478056ms step_avg:384.29ms
step:1245/1680 train_time:478440ms step_avg:384.29ms
step:1246/1680 train_time:478822ms step_avg:384.29ms
step:1247/1680 train_time:479203ms step_avg:384.28ms
step:1248/1680 train_time:479585ms step_avg:384.28ms
step:1249/1680 train_time:479968ms step_avg:384.28ms
step:1250/1680 train_time:480352ms step_avg:384.28ms
step:1250/1680 val_loss:3.3761 train_time:480642ms step_avg:384.51ms
step:1251/1680 train_time:480857ms step_avg:384.38ms
step:1252/1680 train_time:481182ms step_avg:384.33ms
step:1253/1680 train_time:481574ms step_avg:384.34ms
step:1254/1680 train_time:481957ms step_avg:384.34ms
step:1255/1680 train_time:482338ms step_avg:384.33ms
step:1256/1680 train_time:482721ms step_avg:384.33ms
step:1257/1680 train_time:483108ms step_avg:384.33ms
step:1258/1680 train_time:483489ms step_avg:384.33ms
step:1259/1680 train_time:483875ms step_avg:384.33ms
step:1260/1680 train_time:484260ms step_avg:384.33ms
step:1261/1680 train_time:484645ms step_avg:384.33ms
step:1262/1680 train_time:485035ms step_avg:384.34ms
step:1263/1680 train_time:485418ms step_avg:384.34ms
step:1264/1680 train_time:485800ms step_avg:384.34ms
step:1265/1680 train_time:486181ms step_avg:384.33ms
step:1266/1680 train_time:486566ms step_avg:384.33ms
step:1267/1680 train_time:486950ms step_avg:384.33ms
step:1268/1680 train_time:487336ms step_avg:384.33ms
step:1269/1680 train_time:487722ms step_avg:384.34ms
step:1270/1680 train_time:488106ms step_avg:384.34ms
step:1271/1680 train_time:488490ms step_avg:384.34ms
step:1272/1680 train_time:488871ms step_avg:384.33ms
step:1273/1680 train_time:489255ms step_avg:384.33ms
step:1274/1680 train_time:489637ms step_avg:384.33ms
step:1275/1680 train_time:490020ms step_avg:384.33ms
step:1276/1680 train_time:490402ms step_avg:384.33ms
step:1277/1680 train_time:490785ms step_avg:384.33ms
step:1278/1680 train_time:491167ms step_avg:384.32ms
step:1279/1680 train_time:491547ms step_avg:384.32ms
step:1280/1680 train_time:491932ms step_avg:384.32ms
step:1281/1680 train_time:492331ms step_avg:384.33ms
step:1282/1680 train_time:492717ms step_avg:384.33ms
step:1283/1680 train_time:493079ms step_avg:384.32ms
step:1284/1680 train_time:493483ms step_avg:384.33ms
step:1285/1680 train_time:493867ms step_avg:384.33ms
step:1286/1680 train_time:494252ms step_avg:384.33ms
step:1287/1680 train_time:494615ms step_avg:384.32ms
step:1288/1680 train_time:494999ms step_avg:384.32ms
step:1289/1680 train_time:495382ms step_avg:384.31ms
step:1290/1680 train_time:495766ms step_avg:384.32ms
step:1291/1680 train_time:496150ms step_avg:384.31ms
step:1292/1680 train_time:496533ms step_avg:384.31ms
step:1293/1680 train_time:496913ms step_avg:384.31ms
step:1294/1680 train_time:497297ms step_avg:384.31ms
step:1295/1680 train_time:497685ms step_avg:384.31ms
step:1296/1680 train_time:498066ms step_avg:384.31ms
step:1297/1680 train_time:498446ms step_avg:384.31ms
step:1298/1680 train_time:498828ms step_avg:384.31ms
step:1299/1680 train_time:499213ms step_avg:384.31ms
step:1300/1680 train_time:499596ms step_avg:384.30ms
step:1301/1680 train_time:499979ms step_avg:384.30ms
step:1302/1680 train_time:500361ms step_avg:384.30ms
step:1303/1680 train_time:500749ms step_avg:384.30ms
step:1304/1680 train_time:501134ms step_avg:384.30ms
step:1305/1680 train_time:501520ms step_avg:384.31ms
step:1306/1680 train_time:501900ms step_avg:384.30ms
step:1307/1680 train_time:502279ms step_avg:384.30ms
step:1308/1680 train_time:502668ms step_avg:384.30ms
step:1309/1680 train_time:503048ms step_avg:384.30ms
step:1310/1680 train_time:503431ms step_avg:384.30ms
step:1311/1680 train_time:503812ms step_avg:384.30ms
step:1312/1680 train_time:504200ms step_avg:384.30ms
step:1313/1680 train_time:504583ms step_avg:384.30ms
step:1314/1680 train_time:504968ms step_avg:384.30ms
step:1315/1680 train_time:505353ms step_avg:384.30ms
step:1316/1680 train_time:505733ms step_avg:384.30ms
step:1317/1680 train_time:506118ms step_avg:384.30ms
step:1318/1680 train_time:506499ms step_avg:384.29ms
step:1319/1680 train_time:506883ms step_avg:384.29ms
step:1320/1680 train_time:507267ms step_avg:384.29ms
step:1321/1680 train_time:507651ms step_avg:384.29ms
step:1322/1680 train_time:508036ms step_avg:384.29ms
step:1323/1680 train_time:508418ms step_avg:384.29ms
step:1324/1680 train_time:508805ms step_avg:384.29ms
step:1325/1680 train_time:509185ms step_avg:384.29ms
step:1326/1680 train_time:509569ms step_avg:384.29ms
step:1327/1680 train_time:509952ms step_avg:384.29ms
step:1328/1680 train_time:510338ms step_avg:384.29ms
step:1329/1680 train_time:510718ms step_avg:384.29ms
step:1330/1680 train_time:511099ms step_avg:384.29ms
step:1331/1680 train_time:511482ms step_avg:384.28ms
step:1332/1680 train_time:511867ms step_avg:384.28ms
step:1333/1680 train_time:512249ms step_avg:384.28ms
step:1334/1680 train_time:512632ms step_avg:384.28ms
step:1335/1680 train_time:513018ms step_avg:384.28ms
step:1336/1680 train_time:513400ms step_avg:384.28ms
step:1337/1680 train_time:513782ms step_avg:384.28ms
step:1338/1680 train_time:514168ms step_avg:384.28ms
step:1339/1680 train_time:514555ms step_avg:384.28ms
step:1340/1680 train_time:514938ms step_avg:384.28ms
step:1341/1680 train_time:515325ms step_avg:384.28ms
step:1342/1680 train_time:515710ms step_avg:384.28ms
step:1343/1680 train_time:516091ms step_avg:384.28ms
step:1344/1680 train_time:516481ms step_avg:384.29ms
step:1345/1680 train_time:516859ms step_avg:384.28ms
step:1346/1680 train_time:517242ms step_avg:384.28ms
step:1347/1680 train_time:517626ms step_avg:384.28ms
step:1348/1680 train_time:518009ms step_avg:384.28ms
step:1349/1680 train_time:518393ms step_avg:384.28ms
step:1350/1680 train_time:518777ms step_avg:384.28ms
step:1351/1680 train_time:519159ms step_avg:384.28ms
step:1352/1680 train_time:519542ms step_avg:384.28ms
step:1353/1680 train_time:519927ms step_avg:384.28ms
step:1354/1680 train_time:520310ms step_avg:384.28ms
step:1355/1680 train_time:520692ms step_avg:384.27ms
step:1356/1680 train_time:521078ms step_avg:384.28ms
step:1357/1680 train_time:521465ms step_avg:384.28ms
step:1358/1680 train_time:521846ms step_avg:384.28ms
step:1359/1680 train_time:522226ms step_avg:384.27ms
step:1360/1680 train_time:522612ms step_avg:384.27ms
step:1361/1680 train_time:522997ms step_avg:384.27ms
step:1362/1680 train_time:523378ms step_avg:384.27ms
step:1363/1680 train_time:523762ms step_avg:384.27ms
step:1364/1680 train_time:524144ms step_avg:384.27ms
step:1365/1680 train_time:524528ms step_avg:384.27ms
step:1366/1680 train_time:524914ms step_avg:384.27ms
step:1367/1680 train_time:525300ms step_avg:384.27ms
step:1368/1680 train_time:525682ms step_avg:384.27ms
step:1369/1680 train_time:526067ms step_avg:384.27ms
step:1370/1680 train_time:526450ms step_avg:384.27ms
step:1371/1680 train_time:526831ms step_avg:384.27ms
step:1372/1680 train_time:527220ms step_avg:384.27ms
step:1373/1680 train_time:527600ms step_avg:384.27ms
step:1374/1680 train_time:527986ms step_avg:384.27ms
step:1375/1680 train_time:528366ms step_avg:384.27ms
step:1375/1680 val_loss:3.3403 train_time:528656ms step_avg:384.48ms
step:1376/1680 train_time:528874ms step_avg:384.36ms
step:1377/1680 train_time:529204ms step_avg:384.32ms
step:1378/1680 train_time:529587ms step_avg:384.32ms
step:1379/1680 train_time:529970ms step_avg:384.31ms
step:1380/1680 train_time:530357ms step_avg:384.32ms
step:1381/1680 train_time:530746ms step_avg:384.32ms
step:1382/1680 train_time:531127ms step_avg:384.32ms
step:1383/1680 train_time:531510ms step_avg:384.32ms
step:1384/1680 train_time:531893ms step_avg:384.32ms
step:1385/1680 train_time:532275ms step_avg:384.31ms
step:1386/1680 train_time:532660ms step_avg:384.31ms
step:1387/1680 train_time:533043ms step_avg:384.31ms
step:1388/1680 train_time:533426ms step_avg:384.31ms
step:1389/1680 train_time:533808ms step_avg:384.31ms
step:1390/1680 train_time:534191ms step_avg:384.31ms
step:1391/1680 train_time:534573ms step_avg:384.31ms
step:1392/1680 train_time:534957ms step_avg:384.31ms
step:1393/1680 train_time:535347ms step_avg:384.31ms
step:1394/1680 train_time:535727ms step_avg:384.31ms
step:1395/1680 train_time:536110ms step_avg:384.31ms
step:1396/1680 train_time:536492ms step_avg:384.31ms
step:1397/1680 train_time:536878ms step_avg:384.31ms
step:1398/1680 train_time:537260ms step_avg:384.31ms
step:1399/1680 train_time:537641ms step_avg:384.30ms
step:1400/1680 train_time:538020ms step_avg:384.30ms
step:1401/1680 train_time:538407ms step_avg:384.30ms
step:1402/1680 train_time:538791ms step_avg:384.30ms
step:1403/1680 train_time:539172ms step_avg:384.30ms
step:1404/1680 train_time:539559ms step_avg:384.30ms
step:1405/1680 train_time:539944ms step_avg:384.30ms
step:1406/1680 train_time:540328ms step_avg:384.30ms
step:1407/1680 train_time:540712ms step_avg:384.30ms
step:1408/1680 train_time:541098ms step_avg:384.30ms
step:1409/1680 train_time:541481ms step_avg:384.30ms
step:1410/1680 train_time:541862ms step_avg:384.30ms
step:1411/1680 train_time:542249ms step_avg:384.30ms
step:1412/1680 train_time:542631ms step_avg:384.30ms
step:1413/1680 train_time:543013ms step_avg:384.30ms
step:1414/1680 train_time:543395ms step_avg:384.30ms
step:1415/1680 train_time:543777ms step_avg:384.29ms
step:1416/1680 train_time:544161ms step_avg:384.29ms
step:1417/1680 train_time:544542ms step_avg:384.29ms
step:1418/1680 train_time:544920ms step_avg:384.29ms
step:1419/1680 train_time:545306ms step_avg:384.29ms
step:1420/1680 train_time:545692ms step_avg:384.29ms
step:1421/1680 train_time:546078ms step_avg:384.29ms
step:1422/1680 train_time:546458ms step_avg:384.29ms
step:1423/1680 train_time:546842ms step_avg:384.29ms
step:1424/1680 train_time:547228ms step_avg:384.29ms
step:1425/1680 train_time:547612ms step_avg:384.29ms
step:1426/1680 train_time:548000ms step_avg:384.29ms
step:1427/1680 train_time:548382ms step_avg:384.29ms
step:1428/1680 train_time:548772ms step_avg:384.29ms
step:1429/1680 train_time:549156ms step_avg:384.29ms
step:1430/1680 train_time:549542ms step_avg:384.30ms
step:1431/1680 train_time:549927ms step_avg:384.30ms
step:1432/1680 train_time:550309ms step_avg:384.29ms
step:1433/1680 train_time:550694ms step_avg:384.29ms
step:1434/1680 train_time:551077ms step_avg:384.29ms
step:1435/1680 train_time:551461ms step_avg:384.29ms
step:1436/1680 train_time:551845ms step_avg:384.29ms
step:1437/1680 train_time:552227ms step_avg:384.29ms
step:1438/1680 train_time:552611ms step_avg:384.29ms
step:1439/1680 train_time:552990ms step_avg:384.29ms
step:1440/1680 train_time:553375ms step_avg:384.29ms
step:1441/1680 train_time:553759ms step_avg:384.29ms
step:1442/1680 train_time:554141ms step_avg:384.29ms
step:1443/1680 train_time:554521ms step_avg:384.28ms
step:1444/1680 train_time:554905ms step_avg:384.28ms
step:1445/1680 train_time:555293ms step_avg:384.29ms
step:1446/1680 train_time:555675ms step_avg:384.28ms
step:1447/1680 train_time:556054ms step_avg:384.28ms
step:1448/1680 train_time:556437ms step_avg:384.28ms
step:1449/1680 train_time:556821ms step_avg:384.28ms
step:1450/1680 train_time:557202ms step_avg:384.28ms
step:1451/1680 train_time:557586ms step_avg:384.28ms
step:1452/1680 train_time:557970ms step_avg:384.28ms
step:1453/1680 train_time:558356ms step_avg:384.28ms
step:1454/1680 train_time:558747ms step_avg:384.28ms
step:1455/1680 train_time:559127ms step_avg:384.28ms
step:1456/1680 train_time:559514ms step_avg:384.28ms
step:1457/1680 train_time:559900ms step_avg:384.28ms
step:1458/1680 train_time:560280ms step_avg:384.28ms
step:1459/1680 train_time:560668ms step_avg:384.28ms
step:1460/1680 train_time:561053ms step_avg:384.28ms
step:1461/1680 train_time:561439ms step_avg:384.28ms
step:1462/1680 train_time:561822ms step_avg:384.28ms
step:1463/1680 train_time:562205ms step_avg:384.28ms
step:1464/1680 train_time:562590ms step_avg:384.28ms
step:1465/1680 train_time:562972ms step_avg:384.28ms
step:1466/1680 train_time:563359ms step_avg:384.28ms
step:1467/1680 train_time:563747ms step_avg:384.29ms
step:1468/1680 train_time:564132ms step_avg:384.29ms
step:1469/1680 train_time:564521ms step_avg:384.29ms
step:1470/1680 train_time:564905ms step_avg:384.29ms
step:1471/1680 train_time:565289ms step_avg:384.29ms
step:1472/1680 train_time:565678ms step_avg:384.29ms
step:1473/1680 train_time:566061ms step_avg:384.29ms
step:1474/1680 train_time:566446ms step_avg:384.29ms
step:1475/1680 train_time:566832ms step_avg:384.29ms
step:1476/1680 train_time:567217ms step_avg:384.29ms
step:1477/1680 train_time:567602ms step_avg:384.29ms
step:1478/1680 train_time:567987ms step_avg:384.29ms
step:1479/1680 train_time:568373ms step_avg:384.30ms
step:1480/1680 train_time:568756ms step_avg:384.29ms
step:1481/1680 train_time:569141ms step_avg:384.30ms
step:1482/1680 train_time:569526ms step_avg:384.30ms
step:1483/1680 train_time:569913ms step_avg:384.30ms
step:1484/1680 train_time:570297ms step_avg:384.30ms
step:1485/1680 train_time:570682ms step_avg:384.30ms
step:1486/1680 train_time:571065ms step_avg:384.30ms
step:1487/1680 train_time:571454ms step_avg:384.30ms
step:1488/1680 train_time:571841ms step_avg:384.30ms
step:1489/1680 train_time:572230ms step_avg:384.31ms
step:1490/1680 train_time:572613ms step_avg:384.30ms
step:1491/1680 train_time:572999ms step_avg:384.31ms
step:1492/1680 train_time:573383ms step_avg:384.31ms
step:1493/1680 train_time:573773ms step_avg:384.31ms
step:1494/1680 train_time:574158ms step_avg:384.31ms
step:1495/1680 train_time:574547ms step_avg:384.31ms
step:1496/1680 train_time:574930ms step_avg:384.31ms
step:1497/1680 train_time:575314ms step_avg:384.31ms
step:1498/1680 train_time:575699ms step_avg:384.31ms
step:1499/1680 train_time:576085ms step_avg:384.31ms
step:1500/1680 train_time:576468ms step_avg:384.31ms
step:1500/1680 val_loss:3.3104 train_time:576755ms step_avg:384.50ms
step:1501/1680 train_time:576984ms step_avg:384.40ms
step:1502/1680 train_time:577310ms step_avg:384.36ms
step:1503/1680 train_time:577696ms step_avg:384.36ms
step:1504/1680 train_time:578086ms step_avg:384.37ms
step:1505/1680 train_time:578473ms step_avg:384.37ms
step:1506/1680 train_time:578858ms step_avg:384.37ms
step:1507/1680 train_time:579243ms step_avg:384.37ms
step:1508/1680 train_time:579624ms step_avg:384.37ms
step:1509/1680 train_time:580016ms step_avg:384.37ms
step:1510/1680 train_time:580398ms step_avg:384.37ms
step:1511/1680 train_time:580785ms step_avg:384.37ms
step:1512/1680 train_time:581169ms step_avg:384.37ms
step:1513/1680 train_time:581553ms step_avg:384.37ms
step:1514/1680 train_time:581935ms step_avg:384.37ms
step:1515/1680 train_time:582316ms step_avg:384.37ms
step:1516/1680 train_time:582702ms step_avg:384.37ms
step:1517/1680 train_time:583086ms step_avg:384.37ms
step:1518/1680 train_time:583470ms step_avg:384.37ms
step:1519/1680 train_time:583857ms step_avg:384.37ms
step:1520/1680 train_time:584245ms step_avg:384.37ms
step:1521/1680 train_time:584633ms step_avg:384.37ms
step:1522/1680 train_time:585017ms step_avg:384.37ms
step:1523/1680 train_time:585398ms step_avg:384.37ms
step:1524/1680 train_time:585787ms step_avg:384.37ms
step:1525/1680 train_time:586177ms step_avg:384.38ms
step:1526/1680 train_time:586558ms step_avg:384.38ms
step:1527/1680 train_time:586943ms step_avg:384.38ms
step:1528/1680 train_time:587328ms step_avg:384.38ms
step:1529/1680 train_time:587712ms step_avg:384.38ms
step:1530/1680 train_time:588097ms step_avg:384.38ms
step:1531/1680 train_time:588484ms step_avg:384.38ms
step:1532/1680 train_time:588870ms step_avg:384.38ms
step:1533/1680 train_time:589251ms step_avg:384.38ms
step:1534/1680 train_time:589637ms step_avg:384.38ms
step:1535/1680 train_time:590018ms step_avg:384.38ms
step:1536/1680 train_time:590406ms step_avg:384.38ms
step:1537/1680 train_time:590789ms step_avg:384.38ms
step:1538/1680 train_time:591177ms step_avg:384.38ms
step:1539/1680 train_time:591578ms step_avg:384.39ms
step:1540/1680 train_time:591945ms step_avg:384.38ms
step:1541/1680 train_time:592334ms step_avg:384.38ms
step:1542/1680 train_time:592716ms step_avg:384.38ms
step:1543/1680 train_time:593105ms step_avg:384.38ms
step:1544/1680 train_time:593488ms step_avg:384.38ms
step:1545/1680 train_time:593873ms step_avg:384.38ms
step:1546/1680 train_time:594257ms step_avg:384.38ms
step:1547/1680 train_time:594641ms step_avg:384.38ms
step:1548/1680 train_time:595028ms step_avg:384.38ms
step:1549/1680 train_time:595419ms step_avg:384.39ms
step:1550/1680 train_time:595801ms step_avg:384.39ms
step:1551/1680 train_time:596185ms step_avg:384.39ms
step:1552/1680 train_time:596574ms step_avg:384.39ms
step:1553/1680 train_time:596955ms step_avg:384.39ms
step:1554/1680 train_time:597341ms step_avg:384.39ms
step:1555/1680 train_time:597729ms step_avg:384.39ms
step:1556/1680 train_time:598109ms step_avg:384.39ms
step:1557/1680 train_time:598496ms step_avg:384.39ms
step:1558/1680 train_time:598884ms step_avg:384.39ms
step:1559/1680 train_time:599269ms step_avg:384.39ms
step:1560/1680 train_time:599652ms step_avg:384.39ms
step:1561/1680 train_time:600035ms step_avg:384.39ms
step:1562/1680 train_time:600422ms step_avg:384.39ms
step:1563/1680 train_time:600806ms step_avg:384.39ms
step:1564/1680 train_time:601194ms step_avg:384.39ms
step:1565/1680 train_time:601581ms step_avg:384.40ms
step:1566/1680 train_time:601969ms step_avg:384.40ms
step:1567/1680 train_time:602352ms step_avg:384.40ms
step:1568/1680 train_time:602736ms step_avg:384.40ms
step:1569/1680 train_time:603115ms step_avg:384.39ms
step:1570/1680 train_time:603505ms step_avg:384.40ms
step:1571/1680 train_time:603889ms step_avg:384.40ms
step:1572/1680 train_time:604278ms step_avg:384.40ms
step:1573/1680 train_time:604663ms step_avg:384.40ms
step:1574/1680 train_time:605047ms step_avg:384.40ms
step:1575/1680 train_time:605433ms step_avg:384.40ms
step:1576/1680 train_time:605821ms step_avg:384.40ms
step:1577/1680 train_time:606206ms step_avg:384.40ms
step:1578/1680 train_time:606593ms step_avg:384.41ms
step:1579/1680 train_time:606976ms step_avg:384.41ms
step:1580/1680 train_time:607361ms step_avg:384.41ms
step:1581/1680 train_time:607747ms step_avg:384.41ms
step:1582/1680 train_time:608131ms step_avg:384.41ms
step:1583/1680 train_time:608514ms step_avg:384.41ms
step:1584/1680 train_time:608901ms step_avg:384.41ms
step:1585/1680 train_time:609286ms step_avg:384.41ms
step:1586/1680 train_time:609673ms step_avg:384.41ms
step:1587/1680 train_time:610058ms step_avg:384.41ms
step:1588/1680 train_time:610444ms step_avg:384.41ms
step:1589/1680 train_time:610827ms step_avg:384.41ms
step:1590/1680 train_time:611215ms step_avg:384.41ms
step:1591/1680 train_time:611598ms step_avg:384.41ms
step:1592/1680 train_time:611982ms step_avg:384.41ms
step:1593/1680 train_time:612363ms step_avg:384.41ms
step:1594/1680 train_time:612753ms step_avg:384.41ms
step:1595/1680 train_time:613139ms step_avg:384.41ms
step:1596/1680 train_time:613526ms step_avg:384.41ms
step:1597/1680 train_time:613911ms step_avg:384.42ms
step:1598/1680 train_time:614294ms step_avg:384.41ms
step:1599/1680 train_time:614684ms step_avg:384.42ms
step:1600/1680 train_time:615069ms step_avg:384.42ms
step:1601/1680 train_time:615452ms step_avg:384.42ms
step:1602/1680 train_time:615836ms step_avg:384.42ms
step:1603/1680 train_time:616222ms step_avg:384.42ms
step:1604/1680 train_time:616613ms step_avg:384.42ms
step:1605/1680 train_time:616999ms step_avg:384.42ms
step:1606/1680 train_time:617382ms step_avg:384.42ms
step:1607/1680 train_time:617769ms step_avg:384.42ms
step:1608/1680 train_time:618150ms step_avg:384.42ms
step:1609/1680 train_time:618538ms step_avg:384.42ms
step:1610/1680 train_time:618940ms step_avg:384.43ms
step:1611/1680 train_time:619334ms step_avg:384.44ms
step:1612/1680 train_time:619715ms step_avg:384.44ms
step:1613/1680 train_time:620106ms step_avg:384.44ms
step:1614/1680 train_time:620493ms step_avg:384.44ms
step:1615/1680 train_time:620879ms step_avg:384.44ms
step:1616/1680 train_time:621264ms step_avg:384.45ms
step:1617/1680 train_time:621644ms step_avg:384.44ms
step:1618/1680 train_time:622031ms step_avg:384.44ms
step:1619/1680 train_time:622414ms step_avg:384.44ms
step:1620/1680 train_time:622806ms step_avg:384.45ms
step:1621/1680 train_time:623191ms step_avg:384.45ms
step:1622/1680 train_time:623577ms step_avg:384.45ms
step:1623/1680 train_time:623966ms step_avg:384.45ms
step:1624/1680 train_time:624328ms step_avg:384.44ms
step:1625/1680 train_time:624718ms step_avg:384.44ms
step:1625/1680 val_loss:3.2861 train_time:625006ms step_avg:384.62ms
step:1626/1680 train_time:625220ms step_avg:384.51ms
step:1627/1680 train_time:625553ms step_avg:384.48ms
step:1628/1680 train_time:625939ms step_avg:384.48ms
step:1629/1680 train_time:626323ms step_avg:384.48ms
step:1630/1680 train_time:626711ms step_avg:384.49ms
step:1631/1680 train_time:627094ms step_avg:384.48ms
step:1632/1680 train_time:627479ms step_avg:384.48ms
step:1633/1680 train_time:627863ms step_avg:384.48ms
step:1634/1680 train_time:628251ms step_avg:384.49ms
step:1635/1680 train_time:628633ms step_avg:384.49ms
step:1636/1680 train_time:629019ms step_avg:384.49ms
step:1637/1680 train_time:629407ms step_avg:384.49ms
step:1638/1680 train_time:629791ms step_avg:384.49ms
step:1639/1680 train_time:630178ms step_avg:384.49ms
step:1640/1680 train_time:630561ms step_avg:384.49ms
step:1641/1680 train_time:630949ms step_avg:384.49ms
step:1642/1680 train_time:631335ms step_avg:384.49ms
step:1643/1680 train_time:631717ms step_avg:384.49ms
step:1644/1680 train_time:632103ms step_avg:384.49ms
step:1645/1680 train_time:632485ms step_avg:384.49ms
step:1646/1680 train_time:632866ms step_avg:384.49ms
step:1647/1680 train_time:633251ms step_avg:384.49ms
step:1648/1680 train_time:633636ms step_avg:384.49ms
step:1649/1680 train_time:634022ms step_avg:384.49ms
step:1650/1680 train_time:634408ms step_avg:384.49ms
step:1651/1680 train_time:634794ms step_avg:384.49ms
step:1652/1680 train_time:635178ms step_avg:384.49ms
step:1653/1680 train_time:635569ms step_avg:384.49ms
step:1654/1680 train_time:635951ms step_avg:384.49ms
step:1655/1680 train_time:636339ms step_avg:384.50ms
step:1656/1680 train_time:636727ms step_avg:384.50ms
step:1657/1680 train_time:637111ms step_avg:384.50ms
step:1658/1680 train_time:637495ms step_avg:384.50ms
step:1659/1680 train_time:637880ms step_avg:384.50ms
step:1660/1680 train_time:638265ms step_avg:384.50ms
step:1661/1680 train_time:638652ms step_avg:384.50ms
step:1662/1680 train_time:639035ms step_avg:384.50ms
step:1663/1680 train_time:639418ms step_avg:384.50ms
step:1664/1680 train_time:639809ms step_avg:384.50ms
step:1665/1680 train_time:640195ms step_avg:384.50ms
step:1666/1680 train_time:640579ms step_avg:384.50ms
step:1667/1680 train_time:640968ms step_avg:384.50ms
step:1668/1680 train_time:641357ms step_avg:384.51ms
step:1669/1680 train_time:641742ms step_avg:384.51ms
step:1670/1680 train_time:642128ms step_avg:384.51ms
step:1671/1680 train_time:642512ms step_avg:384.51ms
step:1672/1680 train_time:642897ms step_avg:384.51ms
step:1673/1680 train_time:643283ms step_avg:384.51ms
step:1674/1680 train_time:643670ms step_avg:384.51ms
step:1675/1680 train_time:644054ms step_avg:384.51ms
step:1676/1680 train_time:644440ms step_avg:384.51ms
step:1677/1680 train_time:644825ms step_avg:384.51ms
step:1678/1680 train_time:645213ms step_avg:384.51ms
step:1679/1680 train_time:645604ms step_avg:384.52ms
step:1680/1680 train_time:645986ms step_avg:384.52ms
step:1680/1680 val_loss:3.2760 train_time:646275ms step_avg:384.69ms
peak memory allocated: 23264 MiB reserved: 24060 MiB
