=== Environment [fp32 val fix] ===
SEED=4
NPROC=16
DATA_PATH=/models/modded-nanogpt_record50_cautious_wd
TRAIN_SCRIPT=/models/modded-nanogpt_record50_cautious_wd/npu_bench/record_032_vect_sigmoid_bfloat16/agent_outputs/default_agent/npu_port_fixed/train_gpt.py
Python: Python 3.10.19
Torch: 2.7.1+cpu
Torch_NPU: 2.7.1.post2
=== Starting training [fp32 val fix] ===
/root/miniconda3/envs/llm_test/lib/python3.10/runpy.py:126: RuntimeWarning: 'torch.distributed.run' found in sys.modules after import of package 'torch.distributed', but prior to execution of 'torch.distributed.run'; this may result in unpredictable behaviour
  warn(RuntimeWarning(msg))

*****************************************
Setting OMP_NUM_THREADS environment variable for each process to be 1 in default, to avoid your system being overloaded, please further tune the variable for optimal performance in your application as needed. 
*****************************************
/root/miniconda3/envs/llm_test/lib/python3.10/site-packages/torch/autograd/__init__.py:221: UserWarning: Cannot create tensor with interal format while allow_internel_format=False, tensor will be created with base format. (Triggered internally at build/CMakeFiles/torch_npu.dir/compiler_depend.ts:338.)
  torch.ones_like(out, memory_format=torch.preserve_format)
/root/miniconda3/envs/llm_test/lib/python3.10/site-packages/torch/autograd/__init__.py:221: UserWarning: Cannot create tensor with interal format while allow_internel_format=False, tensor will be created with base format. (Triggered internally at build/CMakeFiles/torch_npu.dir/compiler_depend.ts:338.)
  torch.ones_like(out, memory_format=torch.preserve_format)
/root/miniconda3/envs/llm_test/lib/python3.10/site-packages/torch/autograd/__init__.py:221: UserWarning: Cannot create tensor with interal format while allow_internel_format=False, tensor will be created with base format. (Triggered internally at build/CMakeFiles/torch_npu.dir/compiler_depend.ts:338.)
  torch.ones_like(out, memory_format=torch.preserve_format)
/root/miniconda3/envs/llm_test/lib/python3.10/site-packages/torch/autograd/__init__.py:221: UserWarning: Cannot create tensor with interal format while allow_internel_format=False, tensor will be created with base format. (Triggered internally at build/CMakeFiles/torch_npu.dir/compiler_depend.ts:338.)
  torch.ones_like(out, memory_format=torch.preserve_format)
/root/miniconda3/envs/llm_test/lib/python3.10/site-packages/torch/autograd/__init__.py:221: UserWarning: Cannot create tensor with interal format while allow_internel_format=False, tensor will be created with base format. (Triggered internally at build/CMakeFiles/torch_npu.dir/compiler_depend.ts:338.)
  torch.ones_like(out, memory_format=torch.preserve_format)
/root/miniconda3/envs/llm_test/lib/python3.10/site-packages/torch/autograd/__init__.py:221: UserWarning: Cannot create tensor with interal format while allow_internel_format=False, tensor will be created with base format. (Triggered internally at build/CMakeFiles/torch_npu.dir/compiler_depend.ts:338.)
  torch.ones_like(out, memory_format=torch.preserve_format)
/root/miniconda3/envs/llm_test/lib/python3.10/site-packages/torch/autograd/__init__.py:221: UserWarning: Cannot create tensor with interal format while allow_internel_format=False, tensor will be created with base format. (Triggered internally at build/CMakeFiles/torch_npu.dir/compiler_depend.ts:338.)
  torch.ones_like(out, memory_format=torch.preserve_format)
/root/miniconda3/envs/llm_test/lib/python3.10/site-packages/torch/autograd/__init__.py:221: UserWarning: Cannot create tensor with interal format while allow_internel_format=False, tensor will be created with base format. (Triggered internally at build/CMakeFiles/torch_npu.dir/compiler_depend.ts:338.)
  torch.ones_like(out, memory_format=torch.preserve_format)
/root/miniconda3/envs/llm_test/lib/python3.10/site-packages/torch/autograd/__init__.py:221: UserWarning: Cannot create tensor with interal format while allow_internel_format=False, tensor will be created with base format. (Triggered internally at build/CMakeFiles/torch_npu.dir/compiler_depend.ts:338.)
  torch.ones_like(out, memory_format=torch.preserve_format)
/root/miniconda3/envs/llm_test/lib/python3.10/site-packages/torch/autograd/__init__.py:221: UserWarning: Cannot create tensor with interal format while allow_internel_format=False, tensor will be created with base format. (Triggered internally at build/CMakeFiles/torch_npu.dir/compiler_depend.ts:338.)
  torch.ones_like(out, memory_format=torch.preserve_format)
/root/miniconda3/envs/llm_test/lib/python3.10/site-packages/torch/autograd/__init__.py:221: UserWarning: Cannot create tensor with interal format while allow_internel_format=False, tensor will be created with base format. (Triggered internally at build/CMakeFiles/torch_npu.dir/compiler_depend.ts:338.)
  torch.ones_like(out, memory_format=torch.preserve_format)
/root/miniconda3/envs/llm_test/lib/python3.10/site-packages/torch/autograd/__init__.py:221: UserWarning: Cannot create tensor with interal format while allow_internel_format=False, tensor will be created with base format. (Triggered internally at build/CMakeFiles/torch_npu.dir/compiler_depend.ts:338.)
  torch.ones_like(out, memory_format=torch.preserve_format)
/root/miniconda3/envs/llm_test/lib/python3.10/site-packages/torch/autograd/__init__.py:221: UserWarning: Cannot create tensor with interal format while allow_internel_format=False, tensor will be created with base format. (Triggered internally at build/CMakeFiles/torch_npu.dir/compiler_depend.ts:338.)
  torch.ones_like(out, memory_format=torch.preserve_format)
/root/miniconda3/envs/llm_test/lib/python3.10/site-packages/torch/distributed/distributed_c10d.py:4631: UserWarning: No device id is provided via `init_process_group` or `barrier `. Using the current device set by the user. 
  warnings.warn(  # warn only once
/root/miniconda3/envs/llm_test/lib/python3.10/site-packages/torch/autograd/__init__.py:221: UserWarning: Cannot create tensor with interal format while allow_internel_format=False, tensor will be created with base format. (Triggered internally at build/CMakeFiles/torch_npu.dir/compiler_depend.ts:338.)
  torch.ones_like(out, memory_format=torch.preserve_format)
/root/miniconda3/envs/llm_test/lib/python3.10/site-packages/torch/autograd/__init__.py:221: UserWarning: Cannot create tensor with interal format while allow_internel_format=False, tensor will be created with base format. (Triggered internally at build/CMakeFiles/torch_npu.dir/compiler_depend.ts:338.)
  torch.ones_like(out, memory_format=torch.preserve_format)
/root/miniconda3/envs/llm_test/lib/python3.10/site-packages/torch/autograd/__init__.py:221: UserWarning: Cannot create tensor with interal format while allow_internel_format=False, tensor will be created with base format. (Triggered internally at build/CMakeFiles/torch_npu.dir/compiler_depend.ts:338.)
  torch.ones_like(out, memory_format=torch.preserve_format)
/root/miniconda3/envs/llm_test/lib/python3.10/site-packages/torch/distributed/distributed_c10d.py:4631: UserWarning: No device id is provided via `init_process_group` or `barrier `. Using the current device set by the user. 
  warnings.warn(  # warn only once
/root/miniconda3/envs/llm_test/lib/python3.10/site-packages/torch/distributed/distributed_c10d.py:4631: UserWarning: No device id is provided via `init_process_group` or `barrier `. Using the current device set by the user. 
  warnings.warn(  # warn only once
/root/miniconda3/envs/llm_test/lib/python3.10/site-packages/torch/distributed/distributed_c10d.py:4631: UserWarning: No device id is provided via `init_process_group` or `barrier `. Using the current device set by the user. 
  warnings.warn(  # warn only once
/root/miniconda3/envs/llm_test/lib/python3.10/site-packages/torch/distributed/distributed_c10d.py:4631: UserWarning: No device id is provided via `init_process_group` or `barrier `. Using the current device set by the user. 
  warnings.warn(  # warn only once
/root/miniconda3/envs/llm_test/lib/python3.10/site-packages/torch/distributed/distributed_c10d.py:4631: UserWarning: No device id is provided via `init_process_group` or `barrier `. Using the current device set by the user. 
  warnings.warn(  # warn only once
/root/miniconda3/envs/llm_test/lib/python3.10/site-packages/torch/distributed/distributed_c10d.py:4631: UserWarning: No device id is provided via `init_process_group` or `barrier `. Using the current device set by the user. 
  warnings.warn(  # warn only once
/root/miniconda3/envs/llm_test/lib/python3.10/site-packages/torch/distributed/distributed_c10d.py:4631: UserWarning: No device id is provided via `init_process_group` or `barrier `. Using the current device set by the user. 
  warnings.warn(  # warn only once
/root/miniconda3/envs/llm_test/lib/python3.10/site-packages/torch/distributed/distributed_c10d.py:4631: UserWarning: No device id is provided via `init_process_group` or `barrier `. Using the current device set by the user. 
  warnings.warn(  # warn only once
/root/miniconda3/envs/llm_test/lib/python3.10/site-packages/torch/distributed/distributed_c10d.py:4631: UserWarning: No device id is provided via `init_process_group` or `barrier `. Using the current device set by the user. 
  warnings.warn(  # warn only once
/root/miniconda3/envs/llm_test/lib/python3.10/site-packages/torch/distributed/distributed_c10d.py:4631: UserWarning: No device id is provided via `init_process_group` or `barrier `. Using the current device set by the user. 
  warnings.warn(  # warn only once
/root/miniconda3/envs/llm_test/lib/python3.10/site-packages/torch/distributed/distributed_c10d.py:4631: UserWarning: No device id is provided via `init_process_group` or `barrier `. Using the current device set by the user. 
  warnings.warn(  # warn only once
/root/miniconda3/envs/llm_test/lib/python3.10/site-packages/torch/distributed/distributed_c10d.py:4631: UserWarning: No device id is provided via `init_process_group` or `barrier `. Using the current device set by the user. 
  warnings.warn(  # warn only once
/root/miniconda3/envs/llm_test/lib/python3.10/site-packages/torch/distributed/distributed_c10d.py:4631: UserWarning: No device id is provided via `init_process_group` or `barrier `. Using the current device set by the user. 
  warnings.warn(  # warn only once
/root/miniconda3/envs/llm_test/lib/python3.10/site-packages/torch/distributed/distributed_c10d.py:4631: UserWarning: No device id is provided via `init_process_group` or `barrier `. Using the current device set by the user. 
  warnings.warn(  # warn only once
/root/miniconda3/envs/llm_test/lib/python3.10/site-packages/torch/distributed/distributed_c10d.py:4631: UserWarning: No device id is provided via `init_process_group` or `barrier `. Using the current device set by the user. 
  warnings.warn(  # warn only once
logs/a899c206-084f-4a4e-bfac-be0ad08b2b9f
/root/miniconda3/envs/llm_test/lib/python3.10/site-packages/torch_npu/utils/storage.py:89: UserWarning: TypedStorage is deprecated. It will be removed in the future and UntypedStorage will be the only storage class. This should only matter to you if you are using storages directly.  To access UntypedStorage directly, use tensor.untyped_storage() instead of tensor.storage()
  if self.device.type != 'cpu':
step:0/1670 val_loss:10.8258 train_time:0ms step_avg:0.07ms
step:1/1670 train_time:1464ms step_avg:1464.15ms
step:2/1670 train_time:1564ms step_avg:782.07ms
step:3/1670 train_time:1955ms step_avg:651.54ms
step:4/1670 train_time:2345ms step_avg:586.33ms
step:5/1670 train_time:2738ms step_avg:547.65ms
step:6/1670 train_time:3128ms step_avg:521.35ms
step:7/1670 train_time:3524ms step_avg:503.38ms
step:8/1670 train_time:3917ms step_avg:489.57ms
step:9/1670 train_time:4312ms step_avg:479.13ms
step:10/1670 train_time:4708ms step_avg:470.77ms
step:11/1670 train_time:5097ms step_avg:463.40ms
step:12/1670 train_time:5495ms step_avg:457.95ms
step:13/1670 train_time:5887ms step_avg:452.88ms
step:14/1670 train_time:6282ms step_avg:448.70ms
step:15/1670 train_time:6671ms step_avg:444.73ms
step:16/1670 train_time:7067ms step_avg:441.71ms
step:17/1670 train_time:7459ms step_avg:438.76ms
step:18/1670 train_time:7848ms step_avg:436.02ms
step:19/1670 train_time:8241ms step_avg:433.76ms
step:20/1670 train_time:8635ms step_avg:431.76ms
step:21/1670 train_time:9025ms step_avg:429.78ms
step:22/1670 train_time:9417ms step_avg:428.03ms
step:23/1670 train_time:9810ms step_avg:426.51ms
step:24/1670 train_time:10201ms step_avg:425.03ms
step:25/1670 train_time:10593ms step_avg:423.72ms
step:26/1670 train_time:10984ms step_avg:422.47ms
step:27/1670 train_time:11384ms step_avg:421.64ms
step:28/1670 train_time:11773ms step_avg:420.48ms
step:29/1670 train_time:12164ms step_avg:419.45ms
step:30/1670 train_time:12557ms step_avg:418.56ms
step:31/1670 train_time:12952ms step_avg:417.81ms
step:32/1670 train_time:13344ms step_avg:416.99ms
step:33/1670 train_time:13736ms step_avg:416.23ms
step:34/1670 train_time:14128ms step_avg:415.53ms
step:35/1670 train_time:14520ms step_avg:414.86ms
step:36/1670 train_time:14909ms step_avg:414.14ms
step:37/1670 train_time:15303ms step_avg:413.60ms
step:38/1670 train_time:15693ms step_avg:412.97ms
step:39/1670 train_time:16085ms step_avg:412.43ms
step:40/1670 train_time:16477ms step_avg:411.92ms
step:41/1670 train_time:16867ms step_avg:411.39ms
step:42/1670 train_time:17261ms step_avg:410.97ms
step:43/1670 train_time:17652ms step_avg:410.51ms
step:44/1670 train_time:18044ms step_avg:410.10ms
step:45/1670 train_time:18438ms step_avg:409.74ms
step:46/1670 train_time:18831ms step_avg:409.37ms
step:47/1670 train_time:19222ms step_avg:408.99ms
step:48/1670 train_time:19612ms step_avg:408.59ms
step:49/1670 train_time:20009ms step_avg:408.34ms
step:50/1670 train_time:20402ms step_avg:408.05ms
step:51/1670 train_time:20796ms step_avg:407.77ms
step:52/1670 train_time:21189ms step_avg:407.49ms
step:53/1670 train_time:21580ms step_avg:407.18ms
step:54/1670 train_time:21972ms step_avg:406.89ms
step:55/1670 train_time:22368ms step_avg:406.68ms
step:56/1670 train_time:22755ms step_avg:406.35ms
step:57/1670 train_time:23151ms step_avg:406.16ms
step:58/1670 train_time:23546ms step_avg:405.97ms
step:59/1670 train_time:23938ms step_avg:405.73ms
step:60/1670 train_time:24329ms step_avg:405.49ms
step:61/1670 train_time:24722ms step_avg:405.27ms
step:62/1670 train_time:25115ms step_avg:405.08ms
step:63/1670 train_time:25512ms step_avg:404.95ms
step:64/1670 train_time:25900ms step_avg:404.69ms
step:65/1670 train_time:26295ms step_avg:404.54ms
step:66/1670 train_time:26684ms step_avg:404.30ms
step:67/1670 train_time:27073ms step_avg:404.08ms
step:68/1670 train_time:27465ms step_avg:403.90ms
step:69/1670 train_time:27859ms step_avg:403.75ms
step:70/1670 train_time:28258ms step_avg:403.68ms
step:71/1670 train_time:28648ms step_avg:403.49ms
step:72/1670 train_time:29039ms step_avg:403.32ms
step:73/1670 train_time:29450ms step_avg:403.43ms
step:74/1670 train_time:29842ms step_avg:403.27ms
step:75/1670 train_time:30226ms step_avg:403.02ms
step:76/1670 train_time:30622ms step_avg:402.93ms
step:77/1670 train_time:31016ms step_avg:402.80ms
step:78/1670 train_time:31404ms step_avg:402.61ms
step:79/1670 train_time:31798ms step_avg:402.50ms
step:80/1670 train_time:32212ms step_avg:402.65ms
step:81/1670 train_time:32584ms step_avg:402.27ms
step:82/1670 train_time:32988ms step_avg:402.30ms
step:83/1670 train_time:33372ms step_avg:402.07ms
step:84/1670 train_time:33764ms step_avg:401.96ms
step:85/1670 train_time:34156ms step_avg:401.83ms
step:86/1670 train_time:34558ms step_avg:401.84ms
step:87/1670 train_time:34949ms step_avg:401.71ms
step:88/1670 train_time:35344ms step_avg:401.63ms
step:89/1670 train_time:35736ms step_avg:401.53ms
step:90/1670 train_time:36128ms step_avg:401.42ms
step:91/1670 train_time:36523ms step_avg:401.35ms
step:92/1670 train_time:36911ms step_avg:401.21ms
step:93/1670 train_time:37302ms step_avg:401.10ms
step:94/1670 train_time:37698ms step_avg:401.04ms
step:95/1670 train_time:38089ms step_avg:400.94ms
step:96/1670 train_time:38482ms step_avg:400.85ms
step:97/1670 train_time:38876ms step_avg:400.78ms
step:98/1670 train_time:39269ms step_avg:400.71ms
step:99/1670 train_time:39662ms step_avg:400.63ms
step:100/1670 train_time:40052ms step_avg:400.52ms
step:101/1670 train_time:40450ms step_avg:400.50ms
step:102/1670 train_time:40845ms step_avg:400.44ms
step:103/1670 train_time:41237ms step_avg:400.35ms
step:104/1670 train_time:41629ms step_avg:400.28ms
step:105/1670 train_time:42020ms step_avg:400.19ms
step:106/1670 train_time:42413ms step_avg:400.12ms
step:107/1670 train_time:42805ms step_avg:400.04ms
step:108/1670 train_time:43199ms step_avg:399.99ms
step:109/1670 train_time:43585ms step_avg:399.86ms
step:110/1670 train_time:43975ms step_avg:399.77ms
step:111/1670 train_time:44372ms step_avg:399.74ms
step:112/1670 train_time:44761ms step_avg:399.66ms
step:113/1670 train_time:45157ms step_avg:399.62ms
step:114/1670 train_time:45546ms step_avg:399.53ms
step:115/1670 train_time:45938ms step_avg:399.46ms
step:116/1670 train_time:46330ms step_avg:399.39ms
step:117/1670 train_time:46728ms step_avg:399.39ms
step:118/1670 train_time:47121ms step_avg:399.33ms
step:119/1670 train_time:47513ms step_avg:399.27ms
step:120/1670 train_time:47905ms step_avg:399.21ms
step:121/1670 train_time:48298ms step_avg:399.16ms
step:122/1670 train_time:48690ms step_avg:399.10ms
step:123/1670 train_time:49082ms step_avg:399.04ms
step:124/1670 train_time:49471ms step_avg:398.96ms
step:125/1670 train_time:49880ms step_avg:399.04ms
step:125/1670 val_loss:4.3065 train_time:50158ms step_avg:401.27ms
step:126/1670 train_time:50454ms step_avg:400.43ms
step:127/1670 train_time:50786ms step_avg:399.89ms
step:128/1670 train_time:51192ms step_avg:399.94ms
step:129/1670 train_time:51571ms step_avg:399.77ms
step:130/1670 train_time:51966ms step_avg:399.74ms
step:131/1670 train_time:52357ms step_avg:399.67ms
step:132/1670 train_time:52756ms step_avg:399.66ms
step:133/1670 train_time:53147ms step_avg:399.60ms
step:134/1670 train_time:53531ms step_avg:399.49ms
step:135/1670 train_time:53928ms step_avg:399.47ms
step:136/1670 train_time:54311ms step_avg:399.35ms
step:137/1670 train_time:54707ms step_avg:399.32ms
step:138/1670 train_time:55092ms step_avg:399.22ms
step:139/1670 train_time:55487ms step_avg:399.19ms
step:140/1670 train_time:55878ms step_avg:399.13ms
step:141/1670 train_time:56272ms step_avg:399.09ms
step:142/1670 train_time:56663ms step_avg:399.04ms
step:143/1670 train_time:57073ms step_avg:399.11ms
step:144/1670 train_time:57464ms step_avg:399.06ms
step:145/1670 train_time:57853ms step_avg:398.99ms
step:146/1670 train_time:58247ms step_avg:398.95ms
step:147/1670 train_time:58634ms step_avg:398.87ms
step:148/1670 train_time:59024ms step_avg:398.81ms
step:149/1670 train_time:59404ms step_avg:398.68ms
step:150/1670 train_time:59794ms step_avg:398.63ms
step:151/1670 train_time:60186ms step_avg:398.58ms
step:152/1670 train_time:60578ms step_avg:398.54ms
step:153/1670 train_time:60968ms step_avg:398.49ms
step:154/1670 train_time:61360ms step_avg:398.44ms
step:155/1670 train_time:61749ms step_avg:398.38ms
step:156/1670 train_time:62142ms step_avg:398.34ms
step:157/1670 train_time:62538ms step_avg:398.33ms
step:158/1670 train_time:62932ms step_avg:398.30ms
step:159/1670 train_time:63324ms step_avg:398.27ms
step:160/1670 train_time:63713ms step_avg:398.21ms
step:161/1670 train_time:64104ms step_avg:398.16ms
step:162/1670 train_time:64509ms step_avg:398.20ms
step:163/1670 train_time:64903ms step_avg:398.18ms
step:164/1670 train_time:65291ms step_avg:398.12ms
step:165/1670 train_time:65684ms step_avg:398.09ms
step:166/1670 train_time:66077ms step_avg:398.05ms
step:167/1670 train_time:66466ms step_avg:398.00ms
step:168/1670 train_time:66864ms step_avg:398.00ms
step:169/1670 train_time:67256ms step_avg:397.96ms
step:170/1670 train_time:67650ms step_avg:397.94ms
step:171/1670 train_time:68038ms step_avg:397.88ms
step:172/1670 train_time:68419ms step_avg:397.78ms
step:173/1670 train_time:68811ms step_avg:397.75ms
step:174/1670 train_time:69203ms step_avg:397.72ms
step:175/1670 train_time:69593ms step_avg:397.67ms
step:176/1670 train_time:69989ms step_avg:397.66ms
step:177/1670 train_time:70383ms step_avg:397.64ms
step:178/1670 train_time:70776ms step_avg:397.62ms
step:179/1670 train_time:71163ms step_avg:397.56ms
step:180/1670 train_time:71552ms step_avg:397.51ms
step:181/1670 train_time:71946ms step_avg:397.49ms
step:182/1670 train_time:72337ms step_avg:397.46ms
step:183/1670 train_time:72727ms step_avg:397.42ms
step:184/1670 train_time:73120ms step_avg:397.39ms
step:185/1670 train_time:73514ms step_avg:397.37ms
step:186/1670 train_time:73904ms step_avg:397.33ms
step:187/1670 train_time:74295ms step_avg:397.30ms
step:188/1670 train_time:74692ms step_avg:397.30ms
step:189/1670 train_time:75080ms step_avg:397.25ms
step:190/1670 train_time:75470ms step_avg:397.21ms
step:191/1670 train_time:75861ms step_avg:397.18ms
step:192/1670 train_time:76255ms step_avg:397.16ms
step:193/1670 train_time:76645ms step_avg:397.12ms
step:194/1670 train_time:77041ms step_avg:397.12ms
step:195/1670 train_time:77433ms step_avg:397.09ms
step:196/1670 train_time:77825ms step_avg:397.07ms
step:197/1670 train_time:78220ms step_avg:397.05ms
step:198/1670 train_time:78612ms step_avg:397.03ms
step:199/1670 train_time:79005ms step_avg:397.01ms
step:200/1670 train_time:79401ms step_avg:397.01ms
step:201/1670 train_time:79784ms step_avg:396.94ms
step:202/1670 train_time:80182ms step_avg:396.94ms
step:203/1670 train_time:80570ms step_avg:396.90ms
step:204/1670 train_time:80965ms step_avg:396.89ms
step:205/1670 train_time:81365ms step_avg:396.90ms
step:206/1670 train_time:81753ms step_avg:396.86ms
step:207/1670 train_time:82147ms step_avg:396.85ms
step:208/1670 train_time:82541ms step_avg:396.83ms
step:209/1670 train_time:82931ms step_avg:396.80ms
step:210/1670 train_time:83961ms step_avg:399.82ms
step:211/1670 train_time:84371ms step_avg:399.86ms
step:212/1670 train_time:84765ms step_avg:399.83ms
step:213/1670 train_time:85156ms step_avg:399.79ms
step:214/1670 train_time:85545ms step_avg:399.74ms
step:215/1670 train_time:85935ms step_avg:399.70ms
step:216/1670 train_time:86326ms step_avg:399.66ms
step:217/1670 train_time:86717ms step_avg:399.62ms
step:218/1670 train_time:87111ms step_avg:399.59ms
step:219/1670 train_time:87505ms step_avg:399.57ms
step:220/1670 train_time:87894ms step_avg:399.52ms
step:221/1670 train_time:88282ms step_avg:399.47ms
step:222/1670 train_time:88677ms step_avg:399.44ms
step:223/1670 train_time:89064ms step_avg:399.39ms
step:224/1670 train_time:89458ms step_avg:399.37ms
step:225/1670 train_time:89850ms step_avg:399.33ms
step:226/1670 train_time:90255ms step_avg:399.36ms
step:227/1670 train_time:90635ms step_avg:399.27ms
step:228/1670 train_time:91035ms step_avg:399.28ms
step:229/1670 train_time:91421ms step_avg:399.22ms
step:230/1670 train_time:91814ms step_avg:399.19ms
step:231/1670 train_time:92208ms step_avg:399.17ms
step:232/1670 train_time:92596ms step_avg:399.12ms
step:233/1670 train_time:92990ms step_avg:399.10ms
step:234/1670 train_time:93380ms step_avg:399.06ms
step:235/1670 train_time:93774ms step_avg:399.04ms
step:236/1670 train_time:94167ms step_avg:399.01ms
step:237/1670 train_time:94559ms step_avg:398.98ms
step:238/1670 train_time:94949ms step_avg:398.95ms
step:239/1670 train_time:95341ms step_avg:398.92ms
step:240/1670 train_time:95730ms step_avg:398.87ms
step:241/1670 train_time:96122ms step_avg:398.85ms
step:242/1670 train_time:96510ms step_avg:398.80ms
step:243/1670 train_time:96903ms step_avg:398.78ms
step:244/1670 train_time:97294ms step_avg:398.75ms
step:245/1670 train_time:97692ms step_avg:398.74ms
step:246/1670 train_time:98081ms step_avg:398.71ms
step:247/1670 train_time:98477ms step_avg:398.69ms
step:248/1670 train_time:98868ms step_avg:398.66ms
step:249/1670 train_time:99266ms step_avg:398.66ms
step:250/1670 train_time:99657ms step_avg:398.63ms
step:250/1670 val_loss:3.9746 train_time:99954ms step_avg:399.82ms
step:251/1670 train_time:100240ms step_avg:399.36ms
step:252/1670 train_time:100570ms step_avg:399.09ms
step:253/1670 train_time:100962ms step_avg:399.06ms
step:254/1670 train_time:101363ms step_avg:399.07ms
step:255/1670 train_time:101755ms step_avg:399.04ms
step:256/1670 train_time:102145ms step_avg:399.00ms
step:257/1670 train_time:102538ms step_avg:398.98ms
step:258/1670 train_time:102932ms step_avg:398.96ms
step:259/1670 train_time:103325ms step_avg:398.94ms
step:260/1670 train_time:103720ms step_avg:398.92ms
step:261/1670 train_time:104118ms step_avg:398.92ms
step:262/1670 train_time:104509ms step_avg:398.89ms
step:263/1670 train_time:104913ms step_avg:398.91ms
step:264/1670 train_time:105290ms step_avg:398.83ms
step:265/1670 train_time:105680ms step_avg:398.79ms
step:266/1670 train_time:106072ms step_avg:398.77ms
step:267/1670 train_time:106469ms step_avg:398.76ms
step:268/1670 train_time:106849ms step_avg:398.69ms
step:269/1670 train_time:107244ms step_avg:398.68ms
step:270/1670 train_time:107638ms step_avg:398.66ms
step:271/1670 train_time:108029ms step_avg:398.63ms
step:272/1670 train_time:108415ms step_avg:398.58ms
step:273/1670 train_time:108813ms step_avg:398.58ms
step:274/1670 train_time:109203ms step_avg:398.55ms
step:275/1670 train_time:109597ms step_avg:398.53ms
step:276/1670 train_time:109987ms step_avg:398.51ms
step:277/1670 train_time:110381ms step_avg:398.49ms
step:278/1670 train_time:110767ms step_avg:398.44ms
step:279/1670 train_time:111158ms step_avg:398.41ms
step:280/1670 train_time:111553ms step_avg:398.40ms
step:281/1670 train_time:111943ms step_avg:398.37ms
step:282/1670 train_time:112337ms step_avg:398.36ms
step:283/1670 train_time:112727ms step_avg:398.33ms
step:284/1670 train_time:113117ms step_avg:398.30ms
step:285/1670 train_time:113510ms step_avg:398.28ms
step:286/1670 train_time:113903ms step_avg:398.26ms
step:287/1670 train_time:114292ms step_avg:398.23ms
step:288/1670 train_time:114687ms step_avg:398.22ms
step:289/1670 train_time:115076ms step_avg:398.19ms
step:290/1670 train_time:115472ms step_avg:398.18ms
step:291/1670 train_time:115861ms step_avg:398.15ms
step:292/1670 train_time:116252ms step_avg:398.12ms
step:293/1670 train_time:116641ms step_avg:398.09ms
step:294/1670 train_time:117037ms step_avg:398.08ms
step:295/1670 train_time:117430ms step_avg:398.07ms
step:296/1670 train_time:117820ms step_avg:398.04ms
step:297/1670 train_time:118216ms step_avg:398.03ms
step:298/1670 train_time:118604ms step_avg:398.00ms
step:299/1670 train_time:118993ms step_avg:397.97ms
step:300/1670 train_time:119387ms step_avg:397.96ms
step:301/1670 train_time:119775ms step_avg:397.93ms
step:302/1670 train_time:120168ms step_avg:397.91ms
step:303/1670 train_time:120563ms step_avg:397.90ms
step:304/1670 train_time:120952ms step_avg:397.87ms
step:305/1670 train_time:121344ms step_avg:397.85ms
step:306/1670 train_time:121733ms step_avg:397.82ms
step:307/1670 train_time:122122ms step_avg:397.79ms
step:308/1670 train_time:122513ms step_avg:397.77ms
step:309/1670 train_time:122907ms step_avg:397.76ms
step:310/1670 train_time:123304ms step_avg:397.75ms
step:311/1670 train_time:123696ms step_avg:397.74ms
step:312/1670 train_time:124087ms step_avg:397.71ms
step:313/1670 train_time:124478ms step_avg:397.69ms
step:314/1670 train_time:124870ms step_avg:397.68ms
step:315/1670 train_time:125264ms step_avg:397.66ms
step:316/1670 train_time:125660ms step_avg:397.66ms
step:317/1670 train_time:126051ms step_avg:397.64ms
step:318/1670 train_time:126447ms step_avg:397.63ms
step:319/1670 train_time:126836ms step_avg:397.60ms
step:320/1670 train_time:127227ms step_avg:397.58ms
step:321/1670 train_time:127620ms step_avg:397.57ms
step:322/1670 train_time:128014ms step_avg:397.56ms
step:323/1670 train_time:128408ms step_avg:397.55ms
step:324/1670 train_time:128799ms step_avg:397.53ms
step:325/1670 train_time:129191ms step_avg:397.51ms
step:326/1670 train_time:129583ms step_avg:397.50ms
step:327/1670 train_time:129975ms step_avg:397.48ms
step:328/1670 train_time:130363ms step_avg:397.45ms
step:329/1670 train_time:130757ms step_avg:397.44ms
step:330/1670 train_time:131149ms step_avg:397.42ms
step:331/1670 train_time:131538ms step_avg:397.39ms
step:332/1670 train_time:131928ms step_avg:397.37ms
step:333/1670 train_time:132320ms step_avg:397.36ms
step:334/1670 train_time:132709ms step_avg:397.33ms
step:335/1670 train_time:133099ms step_avg:397.31ms
step:336/1670 train_time:133498ms step_avg:397.32ms
step:337/1670 train_time:133885ms step_avg:397.28ms
step:338/1670 train_time:134272ms step_avg:397.26ms
step:339/1670 train_time:134669ms step_avg:397.25ms
step:340/1670 train_time:135060ms step_avg:397.23ms
step:341/1670 train_time:135451ms step_avg:397.22ms
step:342/1670 train_time:135843ms step_avg:397.20ms
step:343/1670 train_time:136236ms step_avg:397.19ms
step:344/1670 train_time:136636ms step_avg:397.20ms
step:345/1670 train_time:137026ms step_avg:397.18ms
step:346/1670 train_time:137418ms step_avg:397.16ms
step:347/1670 train_time:137817ms step_avg:397.17ms
step:348/1670 train_time:138207ms step_avg:397.15ms
step:349/1670 train_time:138600ms step_avg:397.14ms
step:350/1670 train_time:138996ms step_avg:397.13ms
step:351/1670 train_time:139384ms step_avg:397.10ms
step:352/1670 train_time:139773ms step_avg:397.08ms
step:353/1670 train_time:140163ms step_avg:397.06ms
step:354/1670 train_time:140555ms step_avg:397.05ms
step:355/1670 train_time:140947ms step_avg:397.03ms
step:356/1670 train_time:141338ms step_avg:397.02ms
step:357/1670 train_time:141730ms step_avg:397.00ms
step:358/1670 train_time:142121ms step_avg:396.99ms
step:359/1670 train_time:142513ms step_avg:396.97ms
step:360/1670 train_time:142904ms step_avg:396.96ms
step:361/1670 train_time:143295ms step_avg:396.94ms
step:362/1670 train_time:143690ms step_avg:396.93ms
step:363/1670 train_time:144079ms step_avg:396.91ms
step:364/1670 train_time:144475ms step_avg:396.91ms
step:365/1670 train_time:144867ms step_avg:396.90ms
step:366/1670 train_time:145265ms step_avg:396.90ms
step:367/1670 train_time:145654ms step_avg:396.88ms
step:368/1670 train_time:146044ms step_avg:396.86ms
step:369/1670 train_time:146437ms step_avg:396.85ms
step:370/1670 train_time:146826ms step_avg:396.83ms
step:371/1670 train_time:147217ms step_avg:396.81ms
step:372/1670 train_time:147614ms step_avg:396.81ms
step:373/1670 train_time:148003ms step_avg:396.79ms
step:374/1670 train_time:148399ms step_avg:396.79ms
step:375/1670 train_time:148791ms step_avg:396.78ms
step:375/1670 val_loss:3.8180 train_time:149089ms step_avg:397.57ms
step:376/1670 train_time:149366ms step_avg:397.25ms
step:377/1670 train_time:149699ms step_avg:397.08ms
step:378/1670 train_time:150090ms step_avg:397.06ms
step:379/1670 train_time:150489ms step_avg:397.07ms
step:380/1670 train_time:150880ms step_avg:397.05ms
step:381/1670 train_time:151274ms step_avg:397.04ms
step:382/1670 train_time:151661ms step_avg:397.02ms
step:383/1670 train_time:152056ms step_avg:397.01ms
step:384/1670 train_time:152447ms step_avg:397.00ms
step:385/1670 train_time:152835ms step_avg:396.97ms
step:386/1670 train_time:153235ms step_avg:396.98ms
step:387/1670 train_time:153629ms step_avg:396.98ms
step:388/1670 train_time:154021ms step_avg:396.96ms
step:389/1670 train_time:154414ms step_avg:396.95ms
step:390/1670 train_time:154807ms step_avg:396.94ms
step:391/1670 train_time:155200ms step_avg:396.93ms
step:392/1670 train_time:155593ms step_avg:396.92ms
step:393/1670 train_time:155984ms step_avg:396.91ms
step:394/1670 train_time:156376ms step_avg:396.89ms
step:395/1670 train_time:156769ms step_avg:396.88ms
step:396/1670 train_time:157162ms step_avg:396.87ms
step:397/1670 train_time:157550ms step_avg:396.85ms
step:398/1670 train_time:157946ms step_avg:396.85ms
step:399/1670 train_time:158337ms step_avg:396.83ms
step:400/1670 train_time:158732ms step_avg:396.83ms
step:401/1670 train_time:159120ms step_avg:396.81ms
step:402/1670 train_time:159515ms step_avg:396.80ms
step:403/1670 train_time:159906ms step_avg:396.79ms
step:404/1670 train_time:160296ms step_avg:396.77ms
step:405/1670 train_time:160689ms step_avg:396.76ms
step:406/1670 train_time:161089ms step_avg:396.77ms
step:407/1670 train_time:161476ms step_avg:396.75ms
step:408/1670 train_time:161874ms step_avg:396.75ms
step:409/1670 train_time:162266ms step_avg:396.74ms
step:410/1670 train_time:162661ms step_avg:396.73ms
step:411/1670 train_time:163056ms step_avg:396.73ms
step:412/1670 train_time:163447ms step_avg:396.72ms
step:413/1670 train_time:163835ms step_avg:396.69ms
step:414/1670 train_time:164228ms step_avg:396.69ms
step:415/1670 train_time:164618ms step_avg:396.67ms
step:416/1670 train_time:165012ms step_avg:396.66ms
step:417/1670 train_time:165402ms step_avg:396.65ms
step:418/1670 train_time:165791ms step_avg:396.63ms
step:419/1670 train_time:166180ms step_avg:396.61ms
step:420/1670 train_time:166923ms step_avg:397.43ms
step:421/1670 train_time:167620ms step_avg:398.15ms
step:422/1670 train_time:168012ms step_avg:398.13ms
step:423/1670 train_time:168404ms step_avg:398.12ms
step:424/1670 train_time:168797ms step_avg:398.11ms
step:425/1670 train_time:169193ms step_avg:398.10ms
step:426/1670 train_time:169585ms step_avg:398.09ms
step:427/1670 train_time:169982ms step_avg:398.08ms
step:428/1670 train_time:170370ms step_avg:398.06ms
step:429/1670 train_time:170759ms step_avg:398.04ms
step:430/1670 train_time:171154ms step_avg:398.03ms
step:431/1670 train_time:171544ms step_avg:398.01ms
step:432/1670 train_time:171933ms step_avg:397.99ms
step:433/1670 train_time:172327ms step_avg:397.98ms
step:434/1670 train_time:172738ms step_avg:398.01ms
step:435/1670 train_time:173115ms step_avg:397.97ms
step:436/1670 train_time:173503ms step_avg:397.94ms
step:437/1670 train_time:173900ms step_avg:397.94ms
step:438/1670 train_time:174286ms step_avg:397.91ms
step:439/1670 train_time:174688ms step_avg:397.92ms
step:440/1670 train_time:175075ms step_avg:397.90ms
step:441/1670 train_time:175468ms step_avg:397.89ms
step:442/1670 train_time:175858ms step_avg:397.87ms
step:443/1670 train_time:176255ms step_avg:397.87ms
step:444/1670 train_time:176646ms step_avg:397.85ms
step:445/1670 train_time:177041ms step_avg:397.84ms
step:446/1670 train_time:177432ms step_avg:397.83ms
step:447/1670 train_time:177823ms step_avg:397.81ms
step:448/1670 train_time:178214ms step_avg:397.80ms
step:449/1670 train_time:178607ms step_avg:397.79ms
step:450/1670 train_time:178998ms step_avg:397.77ms
step:451/1670 train_time:179390ms step_avg:397.76ms
step:452/1670 train_time:179788ms step_avg:397.76ms
step:453/1670 train_time:180175ms step_avg:397.74ms
step:454/1670 train_time:180566ms step_avg:397.72ms
step:455/1670 train_time:180959ms step_avg:397.71ms
step:456/1670 train_time:181347ms step_avg:397.69ms
step:457/1670 train_time:181740ms step_avg:397.68ms
step:458/1670 train_time:182128ms step_avg:397.66ms
step:459/1670 train_time:182517ms step_avg:397.64ms
step:460/1670 train_time:182907ms step_avg:397.62ms
step:461/1670 train_time:183300ms step_avg:397.61ms
step:462/1670 train_time:183690ms step_avg:397.60ms
step:463/1670 train_time:184086ms step_avg:397.59ms
step:464/1670 train_time:184479ms step_avg:397.58ms
step:465/1670 train_time:184869ms step_avg:397.57ms
step:466/1670 train_time:185256ms step_avg:397.55ms
step:467/1670 train_time:185654ms step_avg:397.55ms
step:468/1670 train_time:186043ms step_avg:397.53ms
step:469/1670 train_time:186436ms step_avg:397.52ms
step:470/1670 train_time:186826ms step_avg:397.50ms
step:471/1670 train_time:187218ms step_avg:397.49ms
step:472/1670 train_time:187610ms step_avg:397.48ms
step:473/1670 train_time:188002ms step_avg:397.47ms
step:474/1670 train_time:188393ms step_avg:397.45ms
step:475/1670 train_time:188789ms step_avg:397.45ms
step:476/1670 train_time:189182ms step_avg:397.44ms
step:477/1670 train_time:189569ms step_avg:397.42ms
step:478/1670 train_time:189962ms step_avg:397.41ms
step:479/1670 train_time:190354ms step_avg:397.40ms
step:480/1670 train_time:190749ms step_avg:397.39ms
step:481/1670 train_time:191144ms step_avg:397.39ms
step:482/1670 train_time:191536ms step_avg:397.38ms
step:483/1670 train_time:191928ms step_avg:397.37ms
step:484/1670 train_time:192319ms step_avg:397.35ms
step:485/1670 train_time:192713ms step_avg:397.35ms
step:486/1670 train_time:193104ms step_avg:397.33ms
step:487/1670 train_time:193499ms step_avg:397.33ms
step:488/1670 train_time:193891ms step_avg:397.32ms
step:489/1670 train_time:194283ms step_avg:397.31ms
step:490/1670 train_time:194679ms step_avg:397.30ms
step:491/1670 train_time:195092ms step_avg:397.34ms
step:492/1670 train_time:195457ms step_avg:397.27ms
step:493/1670 train_time:195850ms step_avg:397.26ms
step:494/1670 train_time:196238ms step_avg:397.24ms
step:495/1670 train_time:196632ms step_avg:397.24ms
step:496/1670 train_time:197028ms step_avg:397.23ms
step:497/1670 train_time:197421ms step_avg:397.23ms
step:498/1670 train_time:197816ms step_avg:397.22ms
step:499/1670 train_time:198205ms step_avg:397.20ms
step:500/1670 train_time:198600ms step_avg:397.20ms
step:500/1670 val_loss:3.7128 train_time:198891ms step_avg:397.78ms
step:501/1670 train_time:199148ms step_avg:397.50ms
step:502/1670 train_time:199534ms step_avg:397.48ms
step:503/1670 train_time:199927ms step_avg:397.47ms
step:504/1670 train_time:200322ms step_avg:397.46ms
step:505/1670 train_time:200712ms step_avg:397.45ms
step:506/1670 train_time:201103ms step_avg:397.44ms
step:507/1670 train_time:201492ms step_avg:397.42ms
step:508/1670 train_time:201887ms step_avg:397.42ms
step:509/1670 train_time:202274ms step_avg:397.40ms
step:510/1670 train_time:202668ms step_avg:397.39ms
step:511/1670 train_time:203062ms step_avg:397.38ms
step:512/1670 train_time:203457ms step_avg:397.38ms
step:513/1670 train_time:203868ms step_avg:397.40ms
step:514/1670 train_time:204246ms step_avg:397.37ms
step:515/1670 train_time:204636ms step_avg:397.35ms
step:516/1670 train_time:205029ms step_avg:397.34ms
step:517/1670 train_time:205421ms step_avg:397.33ms
step:518/1670 train_time:205813ms step_avg:397.32ms
step:519/1670 train_time:206203ms step_avg:397.31ms
step:520/1670 train_time:206598ms step_avg:397.30ms
step:521/1670 train_time:206992ms step_avg:397.30ms
step:522/1670 train_time:207378ms step_avg:397.28ms
step:523/1670 train_time:207766ms step_avg:397.26ms
step:524/1670 train_time:208160ms step_avg:397.25ms
step:525/1670 train_time:208550ms step_avg:397.24ms
step:526/1670 train_time:208943ms step_avg:397.23ms
step:527/1670 train_time:209331ms step_avg:397.21ms
step:528/1670 train_time:209725ms step_avg:397.21ms
step:529/1670 train_time:210121ms step_avg:397.20ms
step:530/1670 train_time:210514ms step_avg:397.20ms
step:531/1670 train_time:210908ms step_avg:397.19ms
step:532/1670 train_time:211303ms step_avg:397.19ms
step:533/1670 train_time:211695ms step_avg:397.18ms
step:534/1670 train_time:212083ms step_avg:397.16ms
step:535/1670 train_time:212477ms step_avg:397.15ms
step:536/1670 train_time:212868ms step_avg:397.14ms
step:537/1670 train_time:213265ms step_avg:397.14ms
step:538/1670 train_time:213658ms step_avg:397.13ms
step:539/1670 train_time:214053ms step_avg:397.13ms
step:540/1670 train_time:214445ms step_avg:397.12ms
step:541/1670 train_time:214840ms step_avg:397.12ms
step:542/1670 train_time:215228ms step_avg:397.10ms
step:543/1670 train_time:215620ms step_avg:397.09ms
step:544/1670 train_time:216009ms step_avg:397.08ms
step:545/1670 train_time:216406ms step_avg:397.08ms
step:546/1670 train_time:216808ms step_avg:397.08ms
step:547/1670 train_time:217191ms step_avg:397.06ms
step:548/1670 train_time:217587ms step_avg:397.06ms
step:549/1670 train_time:217979ms step_avg:397.05ms
step:550/1670 train_time:218377ms step_avg:397.05ms
step:551/1670 train_time:218768ms step_avg:397.04ms
step:552/1670 train_time:219156ms step_avg:397.02ms
step:553/1670 train_time:219551ms step_avg:397.02ms
step:554/1670 train_time:219945ms step_avg:397.01ms
step:555/1670 train_time:220340ms step_avg:397.01ms
step:556/1670 train_time:220729ms step_avg:397.00ms
step:557/1670 train_time:221122ms step_avg:396.99ms
step:558/1670 train_time:221567ms step_avg:397.07ms
step:559/1670 train_time:221974ms step_avg:397.09ms
step:560/1670 train_time:222371ms step_avg:397.09ms
step:561/1670 train_time:222764ms step_avg:397.08ms
step:562/1670 train_time:223161ms step_avg:397.08ms
step:563/1670 train_time:223557ms step_avg:397.08ms
step:564/1670 train_time:223949ms step_avg:397.07ms
step:565/1670 train_time:224347ms step_avg:397.07ms
step:566/1670 train_time:224739ms step_avg:397.07ms
step:567/1670 train_time:225130ms step_avg:397.06ms
step:568/1670 train_time:225520ms step_avg:397.04ms
step:569/1670 train_time:225913ms step_avg:397.04ms
step:570/1670 train_time:226309ms step_avg:397.03ms
step:571/1670 train_time:226704ms step_avg:397.03ms
step:572/1670 train_time:227098ms step_avg:397.03ms
step:573/1670 train_time:227487ms step_avg:397.01ms
step:574/1670 train_time:227876ms step_avg:397.00ms
step:575/1670 train_time:228274ms step_avg:397.00ms
step:576/1670 train_time:228669ms step_avg:396.99ms
step:577/1670 train_time:229062ms step_avg:396.99ms
step:578/1670 train_time:229453ms step_avg:396.98ms
step:579/1670 train_time:229846ms step_avg:396.97ms
step:580/1670 train_time:230238ms step_avg:396.96ms
step:581/1670 train_time:230630ms step_avg:396.95ms
step:582/1670 train_time:231017ms step_avg:396.94ms
step:583/1670 train_time:231412ms step_avg:396.93ms
step:584/1670 train_time:231814ms step_avg:396.94ms
step:585/1670 train_time:232199ms step_avg:396.92ms
step:586/1670 train_time:232591ms step_avg:396.91ms
step:587/1670 train_time:232984ms step_avg:396.91ms
step:588/1670 train_time:233378ms step_avg:396.90ms
step:589/1670 train_time:233771ms step_avg:396.89ms
step:590/1670 train_time:234162ms step_avg:396.88ms
step:591/1670 train_time:234555ms step_avg:396.88ms
step:592/1670 train_time:234940ms step_avg:396.86ms
step:593/1670 train_time:235334ms step_avg:396.85ms
step:594/1670 train_time:235725ms step_avg:396.84ms
step:595/1670 train_time:236116ms step_avg:396.83ms
step:596/1670 train_time:236508ms step_avg:396.83ms
step:597/1670 train_time:236908ms step_avg:396.83ms
step:598/1670 train_time:237296ms step_avg:396.82ms
step:599/1670 train_time:237690ms step_avg:396.81ms
step:600/1670 train_time:238079ms step_avg:396.80ms
step:601/1670 train_time:238475ms step_avg:396.80ms
step:602/1670 train_time:238874ms step_avg:396.80ms
step:603/1670 train_time:239262ms step_avg:396.79ms
step:604/1670 train_time:239657ms step_avg:396.78ms
step:605/1670 train_time:240045ms step_avg:396.77ms
step:606/1670 train_time:240440ms step_avg:396.77ms
step:607/1670 train_time:240829ms step_avg:396.75ms
step:608/1670 train_time:241223ms step_avg:396.75ms
step:609/1670 train_time:241616ms step_avg:396.74ms
step:610/1670 train_time:242007ms step_avg:396.73ms
step:611/1670 train_time:242400ms step_avg:396.73ms
step:612/1670 train_time:242801ms step_avg:396.73ms
step:613/1670 train_time:243190ms step_avg:396.72ms
step:614/1670 train_time:243585ms step_avg:396.72ms
step:615/1670 train_time:243980ms step_avg:396.72ms
step:616/1670 train_time:244366ms step_avg:396.70ms
step:617/1670 train_time:244760ms step_avg:396.69ms
step:618/1670 train_time:245151ms step_avg:396.68ms
step:619/1670 train_time:245542ms step_avg:396.67ms
step:620/1670 train_time:245927ms step_avg:396.66ms
step:621/1670 train_time:246320ms step_avg:396.65ms
step:622/1670 train_time:246709ms step_avg:396.64ms
step:623/1670 train_time:247097ms step_avg:396.62ms
step:624/1670 train_time:247487ms step_avg:396.61ms
step:625/1670 train_time:247881ms step_avg:396.61ms
step:625/1670 val_loss:3.6116 train_time:248183ms step_avg:397.09ms
step:626/1670 train_time:248443ms step_avg:396.87ms
step:627/1670 train_time:248813ms step_avg:396.83ms
step:628/1670 train_time:249203ms step_avg:396.82ms
step:629/1670 train_time:249594ms step_avg:396.81ms
step:630/1670 train_time:249997ms step_avg:396.82ms
step:631/1670 train_time:250388ms step_avg:396.81ms
step:632/1670 train_time:251444ms step_avg:397.85ms
step:633/1670 train_time:251828ms step_avg:397.83ms
step:634/1670 train_time:252220ms step_avg:397.82ms
step:635/1670 train_time:252612ms step_avg:397.81ms
step:636/1670 train_time:253006ms step_avg:397.81ms
step:637/1670 train_time:253404ms step_avg:397.81ms
step:638/1670 train_time:253792ms step_avg:397.79ms
step:639/1670 train_time:254184ms step_avg:397.78ms
step:640/1670 train_time:254582ms step_avg:397.78ms
step:641/1670 train_time:254975ms step_avg:397.78ms
step:642/1670 train_time:255367ms step_avg:397.77ms
step:643/1670 train_time:255758ms step_avg:397.76ms
step:644/1670 train_time:256149ms step_avg:397.75ms
step:645/1670 train_time:256542ms step_avg:397.74ms
step:646/1670 train_time:256928ms step_avg:397.72ms
step:647/1670 train_time:257320ms step_avg:397.71ms
step:648/1670 train_time:257712ms step_avg:397.70ms
step:649/1670 train_time:258110ms step_avg:397.70ms
step:650/1670 train_time:258499ms step_avg:397.69ms
step:651/1670 train_time:258889ms step_avg:397.68ms
step:652/1670 train_time:259280ms step_avg:397.67ms
step:653/1670 train_time:259678ms step_avg:397.67ms
step:654/1670 train_time:260069ms step_avg:397.66ms
step:655/1670 train_time:260469ms step_avg:397.66ms
step:656/1670 train_time:260850ms step_avg:397.64ms
step:657/1670 train_time:261244ms step_avg:397.63ms
step:658/1670 train_time:261635ms step_avg:397.62ms
step:659/1670 train_time:262028ms step_avg:397.61ms
step:660/1670 train_time:262423ms step_avg:397.61ms
step:661/1670 train_time:262814ms step_avg:397.60ms
step:662/1670 train_time:263205ms step_avg:397.59ms
step:663/1670 train_time:263595ms step_avg:397.58ms
step:664/1670 train_time:263984ms step_avg:397.57ms
step:665/1670 train_time:264380ms step_avg:397.56ms
step:666/1670 train_time:264772ms step_avg:397.55ms
step:667/1670 train_time:265164ms step_avg:397.55ms
step:668/1670 train_time:265555ms step_avg:397.54ms
step:669/1670 train_time:265947ms step_avg:397.53ms
step:670/1670 train_time:266337ms step_avg:397.52ms
step:671/1670 train_time:266733ms step_avg:397.51ms
step:672/1670 train_time:267133ms step_avg:397.52ms
step:673/1670 train_time:267526ms step_avg:397.51ms
step:674/1670 train_time:267919ms step_avg:397.51ms
step:675/1670 train_time:268310ms step_avg:397.50ms
step:676/1670 train_time:268702ms step_avg:397.49ms
step:677/1670 train_time:269096ms step_avg:397.48ms
step:678/1670 train_time:269490ms step_avg:397.48ms
step:679/1670 train_time:269878ms step_avg:397.46ms
step:680/1670 train_time:270275ms step_avg:397.46ms
step:681/1670 train_time:270668ms step_avg:397.46ms
step:682/1670 train_time:271053ms step_avg:397.44ms
step:683/1670 train_time:271447ms step_avg:397.43ms
step:684/1670 train_time:271843ms step_avg:397.43ms
step:685/1670 train_time:272242ms step_avg:397.43ms
step:686/1670 train_time:272634ms step_avg:397.43ms
step:687/1670 train_time:273031ms step_avg:397.43ms
step:688/1670 train_time:273423ms step_avg:397.42ms
step:689/1670 train_time:273815ms step_avg:397.41ms
step:690/1670 train_time:274210ms step_avg:397.41ms
step:691/1670 train_time:274601ms step_avg:397.40ms
step:692/1670 train_time:274998ms step_avg:397.40ms
step:693/1670 train_time:275388ms step_avg:397.39ms
step:694/1670 train_time:275786ms step_avg:397.39ms
step:695/1670 train_time:276176ms step_avg:397.38ms
step:696/1670 train_time:276574ms step_avg:397.38ms
step:697/1670 train_time:276963ms step_avg:397.37ms
step:698/1670 train_time:277357ms step_avg:397.36ms
step:699/1670 train_time:277745ms step_avg:397.35ms
step:700/1670 train_time:278137ms step_avg:397.34ms
step:701/1670 train_time:278527ms step_avg:397.33ms
step:702/1670 train_time:278919ms step_avg:397.32ms
step:703/1670 train_time:279313ms step_avg:397.32ms
step:704/1670 train_time:279710ms step_avg:397.31ms
step:705/1670 train_time:280097ms step_avg:397.30ms
step:706/1670 train_time:280485ms step_avg:397.29ms
step:707/1670 train_time:280877ms step_avg:397.28ms
step:708/1670 train_time:281271ms step_avg:397.28ms
step:709/1670 train_time:281666ms step_avg:397.27ms
step:710/1670 train_time:282058ms step_avg:397.27ms
step:711/1670 train_time:282448ms step_avg:397.25ms
step:712/1670 train_time:282839ms step_avg:397.25ms
step:713/1670 train_time:283235ms step_avg:397.24ms
step:714/1670 train_time:283625ms step_avg:397.23ms
step:715/1670 train_time:284016ms step_avg:397.22ms
step:716/1670 train_time:284411ms step_avg:397.22ms
step:717/1670 train_time:284804ms step_avg:397.22ms
step:718/1670 train_time:285198ms step_avg:397.21ms
step:719/1670 train_time:285590ms step_avg:397.20ms
step:720/1670 train_time:285981ms step_avg:397.20ms
step:721/1670 train_time:286365ms step_avg:397.18ms
step:722/1670 train_time:286768ms step_avg:397.19ms
step:723/1670 train_time:287156ms step_avg:397.17ms
step:724/1670 train_time:287553ms step_avg:397.17ms
step:725/1670 train_time:287941ms step_avg:397.16ms
step:726/1670 train_time:288339ms step_avg:397.16ms
step:727/1670 train_time:288728ms step_avg:397.15ms
step:728/1670 train_time:289121ms step_avg:397.14ms
step:729/1670 train_time:289510ms step_avg:397.13ms
step:730/1670 train_time:289912ms step_avg:397.14ms
step:731/1670 train_time:290303ms step_avg:397.13ms
step:732/1670 train_time:290696ms step_avg:397.13ms
step:733/1670 train_time:291086ms step_avg:397.12ms
step:734/1670 train_time:291476ms step_avg:397.11ms
step:735/1670 train_time:291870ms step_avg:397.10ms
step:736/1670 train_time:292266ms step_avg:397.10ms
step:737/1670 train_time:292656ms step_avg:397.09ms
step:738/1670 train_time:293047ms step_avg:397.08ms
step:739/1670 train_time:293443ms step_avg:397.08ms
step:740/1670 train_time:293834ms step_avg:397.07ms
step:741/1670 train_time:294224ms step_avg:397.06ms
step:742/1670 train_time:294615ms step_avg:397.06ms
step:743/1670 train_time:295011ms step_avg:397.05ms
step:744/1670 train_time:295410ms step_avg:397.06ms
step:745/1670 train_time:295803ms step_avg:397.05ms
step:746/1670 train_time:296194ms step_avg:397.04ms
step:747/1670 train_time:296589ms step_avg:397.04ms
step:748/1670 train_time:296980ms step_avg:397.03ms
step:749/1670 train_time:297373ms step_avg:397.03ms
step:750/1670 train_time:297765ms step_avg:397.02ms
step:750/1670 val_loss:3.5594 train_time:298063ms step_avg:397.42ms
step:751/1670 train_time:298356ms step_avg:397.28ms
step:752/1670 train_time:298678ms step_avg:397.18ms
step:753/1670 train_time:299071ms step_avg:397.17ms
step:754/1670 train_time:299461ms step_avg:397.16ms
step:755/1670 train_time:299854ms step_avg:397.16ms
step:756/1670 train_time:300247ms step_avg:397.15ms
step:757/1670 train_time:300636ms step_avg:397.14ms
step:758/1670 train_time:301030ms step_avg:397.14ms
step:759/1670 train_time:301419ms step_avg:397.13ms
step:760/1670 train_time:301813ms step_avg:397.12ms
step:761/1670 train_time:302204ms step_avg:397.11ms
step:762/1670 train_time:302600ms step_avg:397.11ms
step:763/1670 train_time:302997ms step_avg:397.11ms
step:764/1670 train_time:303389ms step_avg:397.11ms
step:765/1670 train_time:303783ms step_avg:397.10ms
step:766/1670 train_time:304175ms step_avg:397.10ms
step:767/1670 train_time:304569ms step_avg:397.09ms
step:768/1670 train_time:304964ms step_avg:397.09ms
step:769/1670 train_time:305356ms step_avg:397.08ms
step:770/1670 train_time:305746ms step_avg:397.07ms
step:771/1670 train_time:306134ms step_avg:397.06ms
step:772/1670 train_time:306531ms step_avg:397.06ms
step:773/1670 train_time:306922ms step_avg:397.05ms
step:774/1670 train_time:307320ms step_avg:397.05ms
step:775/1670 train_time:307712ms step_avg:397.05ms
step:776/1670 train_time:308107ms step_avg:397.04ms
step:777/1670 train_time:308498ms step_avg:397.04ms
step:778/1670 train_time:308893ms step_avg:397.04ms
step:779/1670 train_time:309293ms step_avg:397.04ms
step:780/1670 train_time:309685ms step_avg:397.03ms
step:781/1670 train_time:310092ms step_avg:397.04ms
step:782/1670 train_time:310467ms step_avg:397.02ms
step:783/1670 train_time:310861ms step_avg:397.01ms
step:784/1670 train_time:311252ms step_avg:397.00ms
step:785/1670 train_time:311641ms step_avg:397.00ms
step:786/1670 train_time:312035ms step_avg:396.99ms
step:787/1670 train_time:312443ms step_avg:397.01ms
step:788/1670 train_time:312817ms step_avg:396.98ms
step:789/1670 train_time:313212ms step_avg:396.97ms
step:790/1670 train_time:313604ms step_avg:396.97ms
step:791/1670 train_time:313994ms step_avg:396.96ms
step:792/1670 train_time:314383ms step_avg:396.95ms
step:793/1670 train_time:314772ms step_avg:396.94ms
step:794/1670 train_time:315169ms step_avg:396.94ms
step:795/1670 train_time:315561ms step_avg:396.93ms
step:796/1670 train_time:315953ms step_avg:396.93ms
step:797/1670 train_time:316344ms step_avg:396.92ms
step:798/1670 train_time:316739ms step_avg:396.92ms
step:799/1670 train_time:317149ms step_avg:396.93ms
step:800/1670 train_time:317536ms step_avg:396.92ms
step:801/1670 train_time:317911ms step_avg:396.89ms
step:802/1670 train_time:318305ms step_avg:396.89ms
step:803/1670 train_time:318700ms step_avg:396.89ms
step:804/1670 train_time:319088ms step_avg:396.88ms
step:805/1670 train_time:319480ms step_avg:396.87ms
step:806/1670 train_time:319868ms step_avg:396.86ms
step:807/1670 train_time:320264ms step_avg:396.86ms
step:808/1670 train_time:320657ms step_avg:396.85ms
step:809/1670 train_time:321048ms step_avg:396.85ms
step:810/1670 train_time:321441ms step_avg:396.84ms
step:811/1670 train_time:321833ms step_avg:396.83ms
step:812/1670 train_time:322225ms step_avg:396.83ms
step:813/1670 train_time:322616ms step_avg:396.82ms
step:814/1670 train_time:323007ms step_avg:396.82ms
step:815/1670 train_time:323402ms step_avg:396.81ms
step:816/1670 train_time:323791ms step_avg:396.80ms
step:817/1670 train_time:324184ms step_avg:396.80ms
step:818/1670 train_time:324575ms step_avg:396.79ms
step:819/1670 train_time:324962ms step_avg:396.78ms
step:820/1670 train_time:325353ms step_avg:396.77ms
step:821/1670 train_time:325744ms step_avg:396.76ms
step:822/1670 train_time:326134ms step_avg:396.76ms
step:823/1670 train_time:326528ms step_avg:396.75ms
step:824/1670 train_time:326916ms step_avg:396.74ms
step:825/1670 train_time:327312ms step_avg:396.74ms
step:826/1670 train_time:327705ms step_avg:396.74ms
step:827/1670 train_time:328096ms step_avg:396.73ms
step:828/1670 train_time:328491ms step_avg:396.73ms
step:829/1670 train_time:328884ms step_avg:396.72ms
step:830/1670 train_time:329277ms step_avg:396.72ms
step:831/1670 train_time:329670ms step_avg:396.71ms
step:832/1670 train_time:330065ms step_avg:396.71ms
step:833/1670 train_time:330457ms step_avg:396.71ms
step:834/1670 train_time:330846ms step_avg:396.70ms
step:835/1670 train_time:331233ms step_avg:396.69ms
step:836/1670 train_time:331624ms step_avg:396.68ms
step:837/1670 train_time:332022ms step_avg:396.68ms
step:838/1670 train_time:332418ms step_avg:396.68ms
step:839/1670 train_time:332810ms step_avg:396.68ms
step:840/1670 train_time:333199ms step_avg:396.67ms
step:841/1670 train_time:333767ms step_avg:396.87ms
step:842/1670 train_time:334647ms step_avg:397.44ms
step:843/1670 train_time:335033ms step_avg:397.43ms
step:844/1670 train_time:335422ms step_avg:397.42ms
step:845/1670 train_time:335817ms step_avg:397.42ms
step:846/1670 train_time:336209ms step_avg:397.41ms
step:847/1670 train_time:336599ms step_avg:397.40ms
step:848/1670 train_time:336993ms step_avg:397.40ms
step:849/1670 train_time:337390ms step_avg:397.40ms
step:850/1670 train_time:337786ms step_avg:397.40ms
step:851/1670 train_time:338175ms step_avg:397.39ms
step:852/1670 train_time:338567ms step_avg:397.38ms
step:853/1670 train_time:338960ms step_avg:397.37ms
step:854/1670 train_time:339353ms step_avg:397.37ms
step:855/1670 train_time:339758ms step_avg:397.38ms
step:856/1670 train_time:340143ms step_avg:397.36ms
step:857/1670 train_time:340538ms step_avg:397.36ms
step:858/1670 train_time:340921ms step_avg:397.34ms
step:859/1670 train_time:341314ms step_avg:397.34ms
step:860/1670 train_time:341707ms step_avg:397.33ms
step:861/1670 train_time:342101ms step_avg:397.33ms
step:862/1670 train_time:342495ms step_avg:397.33ms
step:863/1670 train_time:342886ms step_avg:397.32ms
step:864/1670 train_time:343279ms step_avg:397.31ms
step:865/1670 train_time:343674ms step_avg:397.31ms
step:866/1670 train_time:344064ms step_avg:397.30ms
step:867/1670 train_time:344456ms step_avg:397.30ms
step:868/1670 train_time:344844ms step_avg:397.29ms
step:869/1670 train_time:345233ms step_avg:397.28ms
step:870/1670 train_time:345629ms step_avg:397.27ms
step:871/1670 train_time:346017ms step_avg:397.26ms
step:872/1670 train_time:346406ms step_avg:397.25ms
step:873/1670 train_time:346797ms step_avg:397.25ms
step:874/1670 train_time:347187ms step_avg:397.24ms
step:875/1670 train_time:347580ms step_avg:397.23ms
step:875/1670 val_loss:3.5153 train_time:347876ms step_avg:397.57ms
step:876/1670 train_time:348152ms step_avg:397.43ms
step:877/1670 train_time:348489ms step_avg:397.36ms
step:878/1670 train_time:348883ms step_avg:397.36ms
step:879/1670 train_time:349275ms step_avg:397.35ms
step:880/1670 train_time:349669ms step_avg:397.35ms
step:881/1670 train_time:350060ms step_avg:397.34ms
step:882/1670 train_time:350448ms step_avg:397.33ms
step:883/1670 train_time:350839ms step_avg:397.33ms
step:884/1670 train_time:351232ms step_avg:397.32ms
step:885/1670 train_time:351620ms step_avg:397.31ms
step:886/1670 train_time:352014ms step_avg:397.31ms
step:887/1670 train_time:352409ms step_avg:397.30ms
step:888/1670 train_time:352799ms step_avg:397.30ms
step:889/1670 train_time:353191ms step_avg:397.29ms
step:890/1670 train_time:353581ms step_avg:397.28ms
step:891/1670 train_time:353972ms step_avg:397.27ms
step:892/1670 train_time:354362ms step_avg:397.27ms
step:893/1670 train_time:354755ms step_avg:397.26ms
step:894/1670 train_time:355154ms step_avg:397.26ms
step:895/1670 train_time:355549ms step_avg:397.26ms
step:896/1670 train_time:355936ms step_avg:397.25ms
step:897/1670 train_time:356333ms step_avg:397.25ms
step:898/1670 train_time:356725ms step_avg:397.24ms
step:899/1670 train_time:357120ms step_avg:397.24ms
step:900/1670 train_time:357512ms step_avg:397.24ms
step:901/1670 train_time:357900ms step_avg:397.23ms
step:902/1670 train_time:358292ms step_avg:397.22ms
step:903/1670 train_time:358686ms step_avg:397.22ms
step:904/1670 train_time:359077ms step_avg:397.21ms
step:905/1670 train_time:359466ms step_avg:397.20ms
step:906/1670 train_time:359871ms step_avg:397.21ms
step:907/1670 train_time:360262ms step_avg:397.20ms
step:908/1670 train_time:360649ms step_avg:397.19ms
step:909/1670 train_time:361037ms step_avg:397.18ms
step:910/1670 train_time:361429ms step_avg:397.18ms
step:911/1670 train_time:361818ms step_avg:397.17ms
step:912/1670 train_time:362218ms step_avg:397.17ms
step:913/1670 train_time:362613ms step_avg:397.17ms
step:914/1670 train_time:363009ms step_avg:397.16ms
step:915/1670 train_time:363395ms step_avg:397.15ms
step:916/1670 train_time:363784ms step_avg:397.14ms
step:917/1670 train_time:364174ms step_avg:397.14ms
step:918/1670 train_time:364564ms step_avg:397.13ms
step:919/1670 train_time:364954ms step_avg:397.12ms
step:920/1670 train_time:365342ms step_avg:397.11ms
step:921/1670 train_time:365735ms step_avg:397.11ms
step:922/1670 train_time:366129ms step_avg:397.10ms
step:923/1670 train_time:366523ms step_avg:397.10ms
step:924/1670 train_time:366923ms step_avg:397.10ms
step:925/1670 train_time:367313ms step_avg:397.09ms
step:926/1670 train_time:367703ms step_avg:397.09ms
step:927/1670 train_time:368085ms step_avg:397.07ms
step:928/1670 train_time:368474ms step_avg:397.06ms
step:929/1670 train_time:368862ms step_avg:397.05ms
step:930/1670 train_time:369256ms step_avg:397.05ms
step:931/1670 train_time:369647ms step_avg:397.04ms
step:932/1670 train_time:370034ms step_avg:397.03ms
step:933/1670 train_time:370440ms step_avg:397.04ms
step:934/1670 train_time:370832ms step_avg:397.04ms
step:935/1670 train_time:371228ms step_avg:397.04ms
step:936/1670 train_time:371621ms step_avg:397.03ms
step:937/1670 train_time:372006ms step_avg:397.02ms
step:938/1670 train_time:372403ms step_avg:397.02ms
step:939/1670 train_time:372796ms step_avg:397.01ms
step:940/1670 train_time:373178ms step_avg:397.00ms
step:941/1670 train_time:373585ms step_avg:397.01ms
step:942/1670 train_time:373960ms step_avg:396.99ms
step:943/1670 train_time:374351ms step_avg:396.98ms
step:944/1670 train_time:374745ms step_avg:396.98ms
step:945/1670 train_time:375132ms step_avg:396.97ms
step:946/1670 train_time:375525ms step_avg:396.96ms
step:947/1670 train_time:375914ms step_avg:396.95ms
step:948/1670 train_time:376311ms step_avg:396.95ms
step:949/1670 train_time:376704ms step_avg:396.95ms
step:950/1670 train_time:377098ms step_avg:396.95ms
step:951/1670 train_time:377490ms step_avg:396.94ms
step:952/1670 train_time:377872ms step_avg:396.92ms
step:953/1670 train_time:378263ms step_avg:396.92ms
step:954/1670 train_time:378662ms step_avg:396.92ms
step:955/1670 train_time:379051ms step_avg:396.91ms
step:956/1670 train_time:379444ms step_avg:396.91ms
step:957/1670 train_time:379842ms step_avg:396.91ms
step:958/1670 train_time:380233ms step_avg:396.90ms
step:959/1670 train_time:380623ms step_avg:396.90ms
step:960/1670 train_time:381017ms step_avg:396.89ms
step:961/1670 train_time:381411ms step_avg:396.89ms
step:962/1670 train_time:381799ms step_avg:396.88ms
step:963/1670 train_time:382192ms step_avg:396.88ms
step:964/1670 train_time:382586ms step_avg:396.87ms
step:965/1670 train_time:382975ms step_avg:396.87ms
step:966/1670 train_time:383370ms step_avg:396.86ms
step:967/1670 train_time:383758ms step_avg:396.85ms
step:968/1670 train_time:384149ms step_avg:396.85ms
step:969/1670 train_time:384541ms step_avg:396.84ms
step:970/1670 train_time:384931ms step_avg:396.84ms
step:971/1670 train_time:385325ms step_avg:396.83ms
step:972/1670 train_time:385715ms step_avg:396.83ms
step:973/1670 train_time:386107ms step_avg:396.82ms
step:974/1670 train_time:386498ms step_avg:396.82ms
step:975/1670 train_time:386898ms step_avg:396.82ms
step:976/1670 train_time:387284ms step_avg:396.81ms
step:977/1670 train_time:387672ms step_avg:396.80ms
step:978/1670 train_time:388065ms step_avg:396.79ms
step:979/1670 train_time:388458ms step_avg:396.79ms
step:980/1670 train_time:388846ms step_avg:396.78ms
step:981/1670 train_time:389242ms step_avg:396.78ms
step:982/1670 train_time:389640ms step_avg:396.78ms
step:983/1670 train_time:390037ms step_avg:396.78ms
step:984/1670 train_time:390425ms step_avg:396.77ms
step:985/1670 train_time:390819ms step_avg:396.77ms
step:986/1670 train_time:391216ms step_avg:396.77ms
step:987/1670 train_time:391603ms step_avg:396.76ms
step:988/1670 train_time:392007ms step_avg:396.77ms
step:989/1670 train_time:392385ms step_avg:396.75ms
step:990/1670 train_time:392776ms step_avg:396.74ms
step:991/1670 train_time:393167ms step_avg:396.74ms
step:992/1670 train_time:393560ms step_avg:396.73ms
step:993/1670 train_time:393960ms step_avg:396.74ms
step:994/1670 train_time:394360ms step_avg:396.74ms
step:995/1670 train_time:394738ms step_avg:396.72ms
step:996/1670 train_time:395158ms step_avg:396.74ms
step:997/1670 train_time:395548ms step_avg:396.74ms
step:998/1670 train_time:395937ms step_avg:396.73ms
step:999/1670 train_time:396310ms step_avg:396.71ms
step:1000/1670 train_time:396700ms step_avg:396.70ms
step:1000/1670 val_loss:3.4647 train_time:396994ms step_avg:396.99ms
step:1001/1670 train_time:397270ms step_avg:396.87ms
step:1002/1670 train_time:397605ms step_avg:396.81ms
step:1003/1670 train_time:397995ms step_avg:396.80ms
step:1004/1670 train_time:398390ms step_avg:396.80ms
step:1005/1670 train_time:398783ms step_avg:396.80ms
step:1006/1670 train_time:399178ms step_avg:396.80ms
step:1007/1670 train_time:399571ms step_avg:396.79ms
step:1008/1670 train_time:399965ms step_avg:396.79ms
step:1009/1670 train_time:400355ms step_avg:396.78ms
step:1010/1670 train_time:400751ms step_avg:396.78ms
step:1011/1670 train_time:401138ms step_avg:396.77ms
step:1012/1670 train_time:401533ms step_avg:396.77ms
step:1013/1670 train_time:401919ms step_avg:396.76ms
step:1014/1670 train_time:402309ms step_avg:396.75ms
step:1015/1670 train_time:402699ms step_avg:396.75ms
step:1016/1670 train_time:403101ms step_avg:396.75ms
step:1017/1670 train_time:403486ms step_avg:396.74ms
step:1018/1670 train_time:403886ms step_avg:396.75ms
step:1019/1670 train_time:404275ms step_avg:396.74ms
step:1020/1670 train_time:404664ms step_avg:396.73ms
step:1021/1670 train_time:405060ms step_avg:396.73ms
step:1022/1670 train_time:405447ms step_avg:396.72ms
step:1023/1670 train_time:405840ms step_avg:396.72ms
step:1024/1670 train_time:406231ms step_avg:396.71ms
step:1025/1670 train_time:406629ms step_avg:396.71ms
step:1026/1670 train_time:407022ms step_avg:396.71ms
step:1027/1670 train_time:407412ms step_avg:396.70ms
step:1028/1670 train_time:407819ms step_avg:396.71ms
step:1029/1670 train_time:408196ms step_avg:396.69ms
step:1030/1670 train_time:408589ms step_avg:396.69ms
step:1031/1670 train_time:408983ms step_avg:396.69ms
step:1032/1670 train_time:409372ms step_avg:396.68ms
step:1033/1670 train_time:409761ms step_avg:396.67ms
step:1034/1670 train_time:410174ms step_avg:396.69ms
step:1035/1670 train_time:410559ms step_avg:396.68ms
step:1036/1670 train_time:410940ms step_avg:396.66ms
step:1037/1670 train_time:411337ms step_avg:396.66ms
step:1038/1670 train_time:411728ms step_avg:396.65ms
step:1039/1670 train_time:412117ms step_avg:396.65ms
step:1040/1670 train_time:412508ms step_avg:396.64ms
step:1041/1670 train_time:412899ms step_avg:396.64ms
step:1042/1670 train_time:413299ms step_avg:396.64ms
step:1043/1670 train_time:413689ms step_avg:396.63ms
step:1044/1670 train_time:414080ms step_avg:396.63ms
step:1045/1670 train_time:414477ms step_avg:396.63ms
step:1046/1670 train_time:414875ms step_avg:396.63ms
step:1047/1670 train_time:415264ms step_avg:396.62ms
step:1048/1670 train_time:415656ms step_avg:396.62ms
step:1049/1670 train_time:416046ms step_avg:396.61ms
step:1050/1670 train_time:417010ms step_avg:397.15ms
step:1051/1670 train_time:417487ms step_avg:397.23ms
step:1052/1670 train_time:417884ms step_avg:397.23ms
step:1053/1670 train_time:418276ms step_avg:397.22ms
step:1054/1670 train_time:418671ms step_avg:397.22ms
step:1055/1670 train_time:419066ms step_avg:397.22ms
step:1056/1670 train_time:419462ms step_avg:397.22ms
step:1057/1670 train_time:419854ms step_avg:397.21ms
step:1058/1670 train_time:420244ms step_avg:397.21ms
step:1059/1670 train_time:420633ms step_avg:397.20ms
step:1060/1670 train_time:421024ms step_avg:397.19ms
step:1061/1670 train_time:421415ms step_avg:397.19ms
step:1062/1670 train_time:421807ms step_avg:397.18ms
step:1063/1670 train_time:422203ms step_avg:397.18ms
step:1064/1670 train_time:422596ms step_avg:397.18ms
step:1065/1670 train_time:422992ms step_avg:397.18ms
step:1066/1670 train_time:423382ms step_avg:397.17ms
step:1067/1670 train_time:423773ms step_avg:397.16ms
step:1068/1670 train_time:424166ms step_avg:397.16ms
step:1069/1670 train_time:424559ms step_avg:397.16ms
step:1070/1670 train_time:424954ms step_avg:397.15ms
step:1071/1670 train_time:425342ms step_avg:397.14ms
step:1072/1670 train_time:425746ms step_avg:397.15ms
step:1073/1670 train_time:426139ms step_avg:397.15ms
step:1074/1670 train_time:426525ms step_avg:397.14ms
step:1075/1670 train_time:426910ms step_avg:397.13ms
step:1076/1670 train_time:427297ms step_avg:397.12ms
step:1077/1670 train_time:427689ms step_avg:397.11ms
step:1078/1670 train_time:428082ms step_avg:397.11ms
step:1079/1670 train_time:428473ms step_avg:397.10ms
step:1080/1670 train_time:428869ms step_avg:397.10ms
step:1081/1670 train_time:429275ms step_avg:397.11ms
step:1082/1670 train_time:429659ms step_avg:397.10ms
step:1083/1670 train_time:430047ms step_avg:397.09ms
step:1084/1670 train_time:430437ms step_avg:397.08ms
step:1085/1670 train_time:430825ms step_avg:397.07ms
step:1086/1670 train_time:431220ms step_avg:397.07ms
step:1087/1670 train_time:431611ms step_avg:397.07ms
step:1088/1670 train_time:432001ms step_avg:397.06ms
step:1089/1670 train_time:432396ms step_avg:397.06ms
step:1090/1670 train_time:432787ms step_avg:397.05ms
step:1091/1670 train_time:433178ms step_avg:397.05ms
step:1092/1670 train_time:433570ms step_avg:397.04ms
step:1093/1670 train_time:433982ms step_avg:397.06ms
step:1094/1670 train_time:434378ms step_avg:397.05ms
step:1095/1670 train_time:434766ms step_avg:397.05ms
step:1096/1670 train_time:435163ms step_avg:397.05ms
step:1097/1670 train_time:435552ms step_avg:397.04ms
step:1098/1670 train_time:435937ms step_avg:397.03ms
step:1099/1670 train_time:436328ms step_avg:397.02ms
step:1100/1670 train_time:436721ms step_avg:397.02ms
step:1101/1670 train_time:437111ms step_avg:397.01ms
step:1102/1670 train_time:437503ms step_avg:397.01ms
step:1103/1670 train_time:437894ms step_avg:397.00ms
step:1104/1670 train_time:438287ms step_avg:397.00ms
step:1105/1670 train_time:438684ms step_avg:397.00ms
step:1106/1670 train_time:439073ms step_avg:396.99ms
step:1107/1670 train_time:439466ms step_avg:396.99ms
step:1108/1670 train_time:439851ms step_avg:396.98ms
step:1109/1670 train_time:440245ms step_avg:396.97ms
step:1110/1670 train_time:440636ms step_avg:396.97ms
step:1111/1670 train_time:441025ms step_avg:396.96ms
step:1112/1670 train_time:441419ms step_avg:396.96ms
step:1113/1670 train_time:441809ms step_avg:396.95ms
step:1114/1670 train_time:442205ms step_avg:396.95ms
step:1115/1670 train_time:442647ms step_avg:396.99ms
step:1116/1670 train_time:443047ms step_avg:397.00ms
step:1117/1670 train_time:443438ms step_avg:396.99ms
step:1118/1670 train_time:443834ms step_avg:396.99ms
step:1119/1670 train_time:444226ms step_avg:396.98ms
step:1120/1670 train_time:444623ms step_avg:396.98ms
step:1121/1670 train_time:445014ms step_avg:396.98ms
step:1122/1670 train_time:445402ms step_avg:396.97ms
step:1123/1670 train_time:445796ms step_avg:396.97ms
step:1124/1670 train_time:446184ms step_avg:396.96ms
step:1125/1670 train_time:446578ms step_avg:396.96ms
step:1125/1670 val_loss:3.4131 train_time:446875ms step_avg:397.22ms
step:1126/1670 train_time:447146ms step_avg:397.11ms
step:1127/1670 train_time:447501ms step_avg:397.07ms
step:1128/1670 train_time:447893ms step_avg:397.07ms
step:1129/1670 train_time:448284ms step_avg:397.06ms
step:1130/1670 train_time:448676ms step_avg:397.06ms
step:1131/1670 train_time:449075ms step_avg:397.06ms
step:1132/1670 train_time:449463ms step_avg:397.05ms
step:1133/1670 train_time:449855ms step_avg:397.05ms
step:1134/1670 train_time:450233ms step_avg:397.03ms
step:1135/1670 train_time:450634ms step_avg:397.03ms
step:1136/1670 train_time:451029ms step_avg:397.03ms
step:1137/1670 train_time:451416ms step_avg:397.02ms
step:1138/1670 train_time:451805ms step_avg:397.02ms
step:1139/1670 train_time:452202ms step_avg:397.02ms
step:1140/1670 train_time:452587ms step_avg:397.01ms
step:1141/1670 train_time:452981ms step_avg:397.00ms
step:1142/1670 train_time:453378ms step_avg:397.00ms
step:1143/1670 train_time:453770ms step_avg:397.00ms
step:1144/1670 train_time:454155ms step_avg:396.99ms
step:1145/1670 train_time:454553ms step_avg:396.99ms
step:1146/1670 train_time:454950ms step_avg:396.99ms
step:1147/1670 train_time:455338ms step_avg:396.98ms
step:1148/1670 train_time:455735ms step_avg:396.98ms
step:1149/1670 train_time:456133ms step_avg:396.98ms
step:1150/1670 train_time:456526ms step_avg:396.98ms
step:1151/1670 train_time:456923ms step_avg:396.98ms
step:1152/1670 train_time:457317ms step_avg:396.98ms
step:1153/1670 train_time:457703ms step_avg:396.97ms
step:1154/1670 train_time:458096ms step_avg:396.96ms
step:1155/1670 train_time:458488ms step_avg:396.96ms
step:1156/1670 train_time:458878ms step_avg:396.95ms
step:1157/1670 train_time:459269ms step_avg:396.95ms
step:1158/1670 train_time:459661ms step_avg:396.94ms
step:1159/1670 train_time:460057ms step_avg:396.94ms
step:1160/1670 train_time:460448ms step_avg:396.94ms
step:1161/1670 train_time:460843ms step_avg:396.94ms
step:1162/1670 train_time:461237ms step_avg:396.93ms
step:1163/1670 train_time:461629ms step_avg:396.93ms
step:1164/1670 train_time:462024ms step_avg:396.93ms
step:1165/1670 train_time:462422ms step_avg:396.93ms
step:1166/1670 train_time:462812ms step_avg:396.92ms
step:1167/1670 train_time:463206ms step_avg:396.92ms
step:1168/1670 train_time:463596ms step_avg:396.91ms
step:1169/1670 train_time:463988ms step_avg:396.91ms
step:1170/1670 train_time:464383ms step_avg:396.91ms
step:1171/1670 train_time:464770ms step_avg:396.90ms
step:1172/1670 train_time:465169ms step_avg:396.90ms
step:1173/1670 train_time:465562ms step_avg:396.90ms
step:1174/1670 train_time:465953ms step_avg:396.89ms
step:1175/1670 train_time:466345ms step_avg:396.89ms
step:1176/1670 train_time:466735ms step_avg:396.88ms
step:1177/1670 train_time:467129ms step_avg:396.88ms
step:1178/1670 train_time:467533ms step_avg:396.89ms
step:1179/1670 train_time:467921ms step_avg:396.88ms
step:1180/1670 train_time:468315ms step_avg:396.88ms
step:1181/1670 train_time:468705ms step_avg:396.87ms
step:1182/1670 train_time:469097ms step_avg:396.87ms
step:1183/1670 train_time:469491ms step_avg:396.86ms
step:1184/1670 train_time:469877ms step_avg:396.86ms
step:1185/1670 train_time:470268ms step_avg:396.85ms
step:1186/1670 train_time:470660ms step_avg:396.85ms
step:1187/1670 train_time:471050ms step_avg:396.84ms
step:1188/1670 train_time:471445ms step_avg:396.84ms
step:1189/1670 train_time:471836ms step_avg:396.83ms
step:1190/1670 train_time:472229ms step_avg:396.83ms
step:1191/1670 train_time:472625ms step_avg:396.83ms
step:1192/1670 train_time:473015ms step_avg:396.82ms
step:1193/1670 train_time:473411ms step_avg:396.82ms
step:1194/1670 train_time:473805ms step_avg:396.82ms
step:1195/1670 train_time:474195ms step_avg:396.82ms
step:1196/1670 train_time:474591ms step_avg:396.82ms
step:1197/1670 train_time:474982ms step_avg:396.81ms
step:1198/1670 train_time:475374ms step_avg:396.81ms
step:1199/1670 train_time:475768ms step_avg:396.80ms
step:1200/1670 train_time:476159ms step_avg:396.80ms
step:1201/1670 train_time:476552ms step_avg:396.80ms
step:1202/1670 train_time:476946ms step_avg:396.79ms
step:1203/1670 train_time:477336ms step_avg:396.79ms
step:1204/1670 train_time:477727ms step_avg:396.78ms
step:1205/1670 train_time:478117ms step_avg:396.78ms
step:1206/1670 train_time:478508ms step_avg:396.77ms
step:1207/1670 train_time:478899ms step_avg:396.77ms
step:1208/1670 train_time:479292ms step_avg:396.77ms
step:1209/1670 train_time:479684ms step_avg:396.76ms
step:1210/1670 train_time:480077ms step_avg:396.76ms
step:1211/1670 train_time:480476ms step_avg:396.76ms
step:1212/1670 train_time:480869ms step_avg:396.76ms
step:1213/1670 train_time:481261ms step_avg:396.75ms
step:1214/1670 train_time:481651ms step_avg:396.75ms
step:1215/1670 train_time:482041ms step_avg:396.74ms
step:1216/1670 train_time:482431ms step_avg:396.74ms
step:1217/1670 train_time:482820ms step_avg:396.73ms
step:1218/1670 train_time:483209ms step_avg:396.72ms
step:1219/1670 train_time:483603ms step_avg:396.72ms
step:1220/1670 train_time:484000ms step_avg:396.72ms
step:1221/1670 train_time:484395ms step_avg:396.72ms
step:1222/1670 train_time:484787ms step_avg:396.72ms
step:1223/1670 train_time:485181ms step_avg:396.71ms
step:1224/1670 train_time:485571ms step_avg:396.71ms
step:1225/1670 train_time:485970ms step_avg:396.71ms
step:1226/1670 train_time:486357ms step_avg:396.70ms
step:1227/1670 train_time:486750ms step_avg:396.70ms
step:1228/1670 train_time:487140ms step_avg:396.69ms
step:1229/1670 train_time:487534ms step_avg:396.69ms
step:1230/1670 train_time:487926ms step_avg:396.69ms
step:1231/1670 train_time:488312ms step_avg:396.68ms
step:1232/1670 train_time:488705ms step_avg:396.68ms
step:1233/1670 train_time:489097ms step_avg:396.67ms
step:1234/1670 train_time:489491ms step_avg:396.67ms
step:1235/1670 train_time:489881ms step_avg:396.66ms
step:1236/1670 train_time:490275ms step_avg:396.66ms
step:1237/1670 train_time:490666ms step_avg:396.66ms
step:1238/1670 train_time:491057ms step_avg:396.65ms
step:1239/1670 train_time:491451ms step_avg:396.65ms
step:1240/1670 train_time:491843ms step_avg:396.65ms
step:1241/1670 train_time:492236ms step_avg:396.64ms
step:1242/1670 train_time:492625ms step_avg:396.64ms
step:1243/1670 train_time:493019ms step_avg:396.64ms
step:1244/1670 train_time:493429ms step_avg:396.65ms
step:1245/1670 train_time:493804ms step_avg:396.63ms
step:1246/1670 train_time:494194ms step_avg:396.62ms
step:1247/1670 train_time:494584ms step_avg:396.62ms
step:1248/1670 train_time:494973ms step_avg:396.61ms
step:1249/1670 train_time:495366ms step_avg:396.61ms
step:1250/1670 train_time:495759ms step_avg:396.61ms
step:1250/1670 val_loss:3.3745 train_time:496058ms step_avg:396.85ms
step:1251/1670 train_time:496332ms step_avg:396.75ms
step:1252/1670 train_time:496665ms step_avg:396.70ms
step:1253/1670 train_time:497063ms step_avg:396.70ms
step:1254/1670 train_time:497456ms step_avg:396.70ms
step:1255/1670 train_time:497849ms step_avg:396.69ms
step:1256/1670 train_time:498242ms step_avg:396.69ms
step:1257/1670 train_time:498638ms step_avg:396.69ms
step:1258/1670 train_time:499031ms step_avg:396.69ms
step:1259/1670 train_time:499426ms step_avg:396.68ms
step:1260/1670 train_time:500470ms step_avg:397.20ms
step:1261/1670 train_time:500864ms step_avg:397.20ms
step:1262/1670 train_time:501257ms step_avg:397.19ms
step:1263/1670 train_time:501651ms step_avg:397.19ms
step:1264/1670 train_time:502044ms step_avg:397.19ms
step:1265/1670 train_time:502431ms step_avg:397.18ms
step:1266/1670 train_time:502825ms step_avg:397.18ms
step:1267/1670 train_time:503225ms step_avg:397.18ms
step:1268/1670 train_time:503623ms step_avg:397.18ms
step:1269/1670 train_time:504016ms step_avg:397.18ms
step:1270/1670 train_time:504409ms step_avg:397.17ms
step:1271/1670 train_time:504803ms step_avg:397.17ms
step:1272/1670 train_time:505189ms step_avg:397.16ms
step:1273/1670 train_time:505579ms step_avg:397.16ms
step:1274/1670 train_time:505971ms step_avg:397.15ms
step:1275/1670 train_time:506363ms step_avg:397.15ms
step:1276/1670 train_time:506753ms step_avg:397.14ms
step:1277/1670 train_time:507144ms step_avg:397.14ms
step:1278/1670 train_time:507535ms step_avg:397.13ms
step:1279/1670 train_time:507926ms step_avg:397.13ms
step:1280/1670 train_time:508320ms step_avg:397.12ms
step:1281/1670 train_time:508712ms step_avg:397.12ms
step:1282/1670 train_time:509109ms step_avg:397.12ms
step:1283/1670 train_time:509497ms step_avg:397.11ms
step:1284/1670 train_time:509895ms step_avg:397.11ms
step:1285/1670 train_time:510286ms step_avg:397.11ms
step:1286/1670 train_time:510682ms step_avg:397.11ms
step:1287/1670 train_time:511075ms step_avg:397.11ms
step:1288/1670 train_time:511467ms step_avg:397.10ms
step:1289/1670 train_time:511857ms step_avg:397.10ms
step:1290/1670 train_time:512250ms step_avg:397.09ms
step:1291/1670 train_time:512646ms step_avg:397.09ms
step:1292/1670 train_time:513034ms step_avg:397.08ms
step:1293/1670 train_time:513426ms step_avg:397.08ms
step:1294/1670 train_time:513819ms step_avg:397.08ms
step:1295/1670 train_time:514213ms step_avg:397.08ms
step:1296/1670 train_time:514603ms step_avg:397.07ms
step:1297/1670 train_time:514995ms step_avg:397.07ms
step:1298/1670 train_time:515387ms step_avg:397.06ms
step:1299/1670 train_time:515781ms step_avg:397.06ms
step:1300/1670 train_time:516172ms step_avg:397.06ms
step:1301/1670 train_time:516563ms step_avg:397.05ms
step:1302/1670 train_time:516955ms step_avg:397.05ms
step:1303/1670 train_time:517353ms step_avg:397.05ms
step:1304/1670 train_time:517748ms step_avg:397.05ms
step:1305/1670 train_time:518138ms step_avg:397.04ms
step:1306/1670 train_time:518530ms step_avg:397.04ms
step:1307/1670 train_time:518923ms step_avg:397.03ms
step:1308/1670 train_time:519320ms step_avg:397.03ms
step:1309/1670 train_time:519709ms step_avg:397.03ms
step:1310/1670 train_time:520103ms step_avg:397.03ms
step:1311/1670 train_time:520496ms step_avg:397.02ms
step:1312/1670 train_time:520894ms step_avg:397.02ms
step:1313/1670 train_time:521291ms step_avg:397.02ms
step:1314/1670 train_time:521686ms step_avg:397.02ms
step:1315/1670 train_time:522078ms step_avg:397.02ms
step:1316/1670 train_time:522468ms step_avg:397.01ms
step:1317/1670 train_time:522855ms step_avg:397.00ms
step:1318/1670 train_time:523246ms step_avg:397.00ms
step:1319/1670 train_time:523636ms step_avg:397.00ms
step:1320/1670 train_time:524031ms step_avg:396.99ms
step:1321/1670 train_time:524440ms step_avg:397.00ms
step:1322/1670 train_time:524831ms step_avg:397.00ms
step:1323/1670 train_time:525226ms step_avg:397.00ms
step:1324/1670 train_time:525603ms step_avg:396.98ms
step:1325/1670 train_time:525990ms step_avg:396.97ms
step:1326/1670 train_time:526383ms step_avg:396.97ms
step:1327/1670 train_time:526775ms step_avg:396.97ms
step:1328/1670 train_time:527173ms step_avg:396.97ms
step:1329/1670 train_time:527567ms step_avg:396.97ms
step:1330/1670 train_time:527950ms step_avg:396.95ms
step:1331/1670 train_time:528345ms step_avg:396.95ms
step:1332/1670 train_time:528734ms step_avg:396.95ms
step:1333/1670 train_time:529124ms step_avg:396.94ms
step:1334/1670 train_time:529518ms step_avg:396.94ms
step:1335/1670 train_time:529923ms step_avg:396.95ms
step:1336/1670 train_time:530302ms step_avg:396.93ms
step:1337/1670 train_time:530694ms step_avg:396.93ms
step:1338/1670 train_time:531085ms step_avg:396.92ms
step:1339/1670 train_time:531476ms step_avg:396.92ms
step:1340/1670 train_time:531870ms step_avg:396.92ms
step:1341/1670 train_time:532279ms step_avg:396.93ms
step:1342/1670 train_time:532675ms step_avg:396.93ms
step:1343/1670 train_time:533050ms step_avg:396.91ms
step:1344/1670 train_time:533447ms step_avg:396.91ms
step:1345/1670 train_time:533836ms step_avg:396.90ms
step:1346/1670 train_time:534226ms step_avg:396.90ms
step:1347/1670 train_time:534618ms step_avg:396.90ms
step:1348/1670 train_time:535009ms step_avg:396.89ms
step:1349/1670 train_time:535404ms step_avg:396.89ms
step:1350/1670 train_time:535798ms step_avg:396.89ms
step:1351/1670 train_time:536191ms step_avg:396.88ms
step:1352/1670 train_time:536585ms step_avg:396.88ms
step:1353/1670 train_time:536975ms step_avg:396.88ms
step:1354/1670 train_time:537368ms step_avg:396.87ms
step:1355/1670 train_time:537762ms step_avg:396.87ms
step:1356/1670 train_time:538155ms step_avg:396.87ms
step:1357/1670 train_time:538549ms step_avg:396.87ms
step:1358/1670 train_time:538940ms step_avg:396.86ms
step:1359/1670 train_time:539333ms step_avg:396.86ms
step:1360/1670 train_time:539732ms step_avg:396.86ms
step:1361/1670 train_time:540123ms step_avg:396.86ms
step:1362/1670 train_time:540514ms step_avg:396.85ms
step:1363/1670 train_time:540905ms step_avg:396.85ms
step:1364/1670 train_time:541294ms step_avg:396.84ms
step:1365/1670 train_time:541686ms step_avg:396.84ms
step:1366/1670 train_time:542083ms step_avg:396.84ms
step:1367/1670 train_time:542477ms step_avg:396.84ms
step:1368/1670 train_time:542869ms step_avg:396.83ms
step:1369/1670 train_time:543263ms step_avg:396.83ms
step:1370/1670 train_time:543656ms step_avg:396.83ms
step:1371/1670 train_time:544046ms step_avg:396.82ms
step:1372/1670 train_time:544440ms step_avg:396.82ms
step:1373/1670 train_time:544828ms step_avg:396.82ms
step:1374/1670 train_time:545222ms step_avg:396.81ms
step:1375/1670 train_time:545613ms step_avg:396.81ms
step:1375/1670 val_loss:3.3392 train_time:545912ms step_avg:397.03ms
step:1376/1670 train_time:546231ms step_avg:396.97ms
step:1377/1670 train_time:546558ms step_avg:396.92ms
step:1378/1670 train_time:546948ms step_avg:396.91ms
step:1379/1670 train_time:547339ms step_avg:396.91ms
step:1380/1670 train_time:547736ms step_avg:396.91ms
step:1381/1670 train_time:548135ms step_avg:396.91ms
step:1382/1670 train_time:548525ms step_avg:396.91ms
step:1383/1670 train_time:548919ms step_avg:396.90ms
step:1384/1670 train_time:549307ms step_avg:396.90ms
step:1385/1670 train_time:549700ms step_avg:396.90ms
step:1386/1670 train_time:550095ms step_avg:396.89ms
step:1387/1670 train_time:550485ms step_avg:396.89ms
step:1388/1670 train_time:550878ms step_avg:396.89ms
step:1389/1670 train_time:551275ms step_avg:396.89ms
step:1390/1670 train_time:551664ms step_avg:396.88ms
step:1391/1670 train_time:552056ms step_avg:396.88ms
step:1392/1670 train_time:552451ms step_avg:396.88ms
step:1393/1670 train_time:552841ms step_avg:396.87ms
step:1394/1670 train_time:553234ms step_avg:396.87ms
step:1395/1670 train_time:553628ms step_avg:396.87ms
step:1396/1670 train_time:554016ms step_avg:396.86ms
step:1397/1670 train_time:554405ms step_avg:396.85ms
step:1398/1670 train_time:554795ms step_avg:396.85ms
step:1399/1670 train_time:555187ms step_avg:396.85ms
step:1400/1670 train_time:555575ms step_avg:396.84ms
step:1401/1670 train_time:555970ms step_avg:396.84ms
step:1402/1670 train_time:556365ms step_avg:396.84ms
step:1403/1670 train_time:556755ms step_avg:396.83ms
step:1404/1670 train_time:557146ms step_avg:396.83ms
step:1405/1670 train_time:557540ms step_avg:396.83ms
step:1406/1670 train_time:557927ms step_avg:396.82ms
step:1407/1670 train_time:558321ms step_avg:396.82ms
step:1408/1670 train_time:558715ms step_avg:396.81ms
step:1409/1670 train_time:559106ms step_avg:396.81ms
step:1410/1670 train_time:559498ms step_avg:396.81ms
step:1411/1670 train_time:559895ms step_avg:396.81ms
step:1412/1670 train_time:560288ms step_avg:396.80ms
step:1413/1670 train_time:560677ms step_avg:396.80ms
step:1414/1670 train_time:561072ms step_avg:396.80ms
step:1415/1670 train_time:561458ms step_avg:396.79ms
step:1416/1670 train_time:561851ms step_avg:396.79ms
step:1417/1670 train_time:562242ms step_avg:396.78ms
step:1418/1670 train_time:562633ms step_avg:396.78ms
step:1419/1670 train_time:563025ms step_avg:396.78ms
step:1420/1670 train_time:563423ms step_avg:396.78ms
step:1421/1670 train_time:563814ms step_avg:396.77ms
step:1422/1670 train_time:564202ms step_avg:396.77ms
step:1423/1670 train_time:564601ms step_avg:396.77ms
step:1424/1670 train_time:564992ms step_avg:396.76ms
step:1425/1670 train_time:565384ms step_avg:396.76ms
step:1426/1670 train_time:565778ms step_avg:396.76ms
step:1427/1670 train_time:566166ms step_avg:396.75ms
step:1428/1670 train_time:566563ms step_avg:396.75ms
step:1429/1670 train_time:566956ms step_avg:396.75ms
step:1430/1670 train_time:567347ms step_avg:396.75ms
step:1431/1670 train_time:567743ms step_avg:396.75ms
step:1432/1670 train_time:568132ms step_avg:396.74ms
step:1433/1670 train_time:568525ms step_avg:396.74ms
step:1434/1670 train_time:568917ms step_avg:396.73ms
step:1435/1670 train_time:569310ms step_avg:396.73ms
step:1436/1670 train_time:569703ms step_avg:396.73ms
step:1437/1670 train_time:570093ms step_avg:396.72ms
step:1438/1670 train_time:570487ms step_avg:396.72ms
step:1439/1670 train_time:570880ms step_avg:396.72ms
step:1440/1670 train_time:571273ms step_avg:396.72ms
step:1441/1670 train_time:571661ms step_avg:396.71ms
step:1442/1670 train_time:572054ms step_avg:396.71ms
step:1443/1670 train_time:572458ms step_avg:396.71ms
step:1444/1670 train_time:572838ms step_avg:396.70ms
step:1445/1670 train_time:573226ms step_avg:396.70ms
step:1446/1670 train_time:573620ms step_avg:396.69ms
step:1447/1670 train_time:574009ms step_avg:396.69ms
step:1448/1670 train_time:574401ms step_avg:396.69ms
step:1449/1670 train_time:574794ms step_avg:396.68ms
step:1450/1670 train_time:575186ms step_avg:396.68ms
step:1451/1670 train_time:575579ms step_avg:396.68ms
step:1452/1670 train_time:575973ms step_avg:396.68ms
step:1453/1670 train_time:576367ms step_avg:396.67ms
step:1454/1670 train_time:576757ms step_avg:396.67ms
step:1455/1670 train_time:577146ms step_avg:396.66ms
step:1456/1670 train_time:577539ms step_avg:396.66ms
step:1457/1670 train_time:577940ms step_avg:396.66ms
step:1458/1670 train_time:578328ms step_avg:396.66ms
step:1459/1670 train_time:578721ms step_avg:396.66ms
step:1460/1670 train_time:579114ms step_avg:396.65ms
step:1461/1670 train_time:579507ms step_avg:396.65ms
step:1462/1670 train_time:579896ms step_avg:396.65ms
step:1463/1670 train_time:580290ms step_avg:396.64ms
step:1464/1670 train_time:580686ms step_avg:396.64ms
step:1465/1670 train_time:581075ms step_avg:396.64ms
step:1466/1670 train_time:581469ms step_avg:396.64ms
step:1467/1670 train_time:581862ms step_avg:396.63ms
step:1468/1670 train_time:582261ms step_avg:396.64ms
step:1469/1670 train_time:583312ms step_avg:397.08ms
step:1470/1670 train_time:583702ms step_avg:397.08ms
step:1471/1670 train_time:584094ms step_avg:397.07ms
step:1472/1670 train_time:584491ms step_avg:397.07ms
step:1473/1670 train_time:584886ms step_avg:397.07ms
step:1474/1670 train_time:585277ms step_avg:397.07ms
step:1475/1670 train_time:585670ms step_avg:397.06ms
step:1476/1670 train_time:586065ms step_avg:397.06ms
step:1477/1670 train_time:586458ms step_avg:397.06ms
step:1478/1670 train_time:586855ms step_avg:397.06ms
step:1479/1670 train_time:587253ms step_avg:397.06ms
step:1480/1670 train_time:587645ms step_avg:397.06ms
step:1481/1670 train_time:588041ms step_avg:397.06ms
step:1482/1670 train_time:588433ms step_avg:397.05ms
step:1483/1670 train_time:588829ms step_avg:397.05ms
step:1484/1670 train_time:589220ms step_avg:397.05ms
step:1485/1670 train_time:589612ms step_avg:397.05ms
step:1486/1670 train_time:590006ms step_avg:397.04ms
step:1487/1670 train_time:590401ms step_avg:397.04ms
step:1488/1670 train_time:590797ms step_avg:397.04ms
step:1489/1670 train_time:591195ms step_avg:397.04ms
step:1490/1670 train_time:591585ms step_avg:397.04ms
step:1491/1670 train_time:591980ms step_avg:397.04ms
step:1492/1670 train_time:592377ms step_avg:397.04ms
step:1493/1670 train_time:592773ms step_avg:397.03ms
step:1494/1670 train_time:593168ms step_avg:397.03ms
step:1495/1670 train_time:593565ms step_avg:397.03ms
step:1496/1670 train_time:593957ms step_avg:397.03ms
step:1497/1670 train_time:594350ms step_avg:397.03ms
step:1498/1670 train_time:594743ms step_avg:397.03ms
step:1499/1670 train_time:595150ms step_avg:397.03ms
step:1500/1670 train_time:595541ms step_avg:397.03ms
step:1500/1670 val_loss:3.3086 train_time:595833ms step_avg:397.22ms
step:1501/1670 train_time:596121ms step_avg:397.15ms
step:1502/1670 train_time:596460ms step_avg:397.11ms
step:1503/1670 train_time:596856ms step_avg:397.11ms
step:1504/1670 train_time:597255ms step_avg:397.11ms
step:1505/1670 train_time:597655ms step_avg:397.11ms
step:1506/1670 train_time:598051ms step_avg:397.11ms
step:1507/1670 train_time:598445ms step_avg:397.11ms
step:1508/1670 train_time:598838ms step_avg:397.11ms
step:1509/1670 train_time:599234ms step_avg:397.11ms
step:1510/1670 train_time:599626ms step_avg:397.10ms
step:1511/1670 train_time:600020ms step_avg:397.10ms
step:1512/1670 train_time:600414ms step_avg:397.10ms
step:1513/1670 train_time:600807ms step_avg:397.10ms
step:1514/1670 train_time:601201ms step_avg:397.09ms
step:1515/1670 train_time:601595ms step_avg:397.09ms
step:1516/1670 train_time:601991ms step_avg:397.09ms
step:1517/1670 train_time:602385ms step_avg:397.09ms
step:1518/1670 train_time:602779ms step_avg:397.09ms
step:1519/1670 train_time:603170ms step_avg:397.08ms
step:1520/1670 train_time:603573ms step_avg:397.09ms
step:1521/1670 train_time:603970ms step_avg:397.09ms
step:1522/1670 train_time:604360ms step_avg:397.08ms
step:1523/1670 train_time:604755ms step_avg:397.08ms
step:1524/1670 train_time:605159ms step_avg:397.09ms
step:1525/1670 train_time:605551ms step_avg:397.08ms
step:1526/1670 train_time:605961ms step_avg:397.09ms
step:1527/1670 train_time:606340ms step_avg:397.08ms
step:1528/1670 train_time:606735ms step_avg:397.08ms
step:1529/1670 train_time:607129ms step_avg:397.08ms
step:1530/1670 train_time:607526ms step_avg:397.08ms
step:1531/1670 train_time:607924ms step_avg:397.08ms
step:1532/1670 train_time:608315ms step_avg:397.07ms
step:1533/1670 train_time:608713ms step_avg:397.07ms
step:1534/1670 train_time:609101ms step_avg:397.07ms
step:1535/1670 train_time:609494ms step_avg:397.06ms
step:1536/1670 train_time:609889ms step_avg:397.06ms
step:1537/1670 train_time:610285ms step_avg:397.06ms
step:1538/1670 train_time:610679ms step_avg:397.06ms
step:1539/1670 train_time:611070ms step_avg:397.06ms
step:1540/1670 train_time:611467ms step_avg:397.06ms
step:1541/1670 train_time:611861ms step_avg:397.05ms
step:1542/1670 train_time:612258ms step_avg:397.05ms
step:1543/1670 train_time:612658ms step_avg:397.06ms
step:1544/1670 train_time:613049ms step_avg:397.05ms
step:1545/1670 train_time:613446ms step_avg:397.05ms
step:1546/1670 train_time:613838ms step_avg:397.05ms
step:1547/1670 train_time:614230ms step_avg:397.05ms
step:1548/1670 train_time:614628ms step_avg:397.05ms
step:1549/1670 train_time:615023ms step_avg:397.04ms
step:1550/1670 train_time:615421ms step_avg:397.05ms
step:1551/1670 train_time:615815ms step_avg:397.04ms
step:1552/1670 train_time:616212ms step_avg:397.04ms
step:1553/1670 train_time:616605ms step_avg:397.04ms
step:1554/1670 train_time:617001ms step_avg:397.04ms
step:1555/1670 train_time:617395ms step_avg:397.04ms
step:1556/1670 train_time:617789ms step_avg:397.04ms
step:1557/1670 train_time:618185ms step_avg:397.04ms
step:1558/1670 train_time:618583ms step_avg:397.04ms
step:1559/1670 train_time:618976ms step_avg:397.03ms
step:1560/1670 train_time:619369ms step_avg:397.03ms
step:1561/1670 train_time:619763ms step_avg:397.03ms
step:1562/1670 train_time:620157ms step_avg:397.03ms
step:1563/1670 train_time:620571ms step_avg:397.04ms
step:1564/1670 train_time:620951ms step_avg:397.03ms
step:1565/1670 train_time:621346ms step_avg:397.03ms
step:1566/1670 train_time:621742ms step_avg:397.03ms
step:1567/1670 train_time:622136ms step_avg:397.02ms
step:1568/1670 train_time:622532ms step_avg:397.02ms
step:1569/1670 train_time:622922ms step_avg:397.02ms
step:1570/1670 train_time:623335ms step_avg:397.03ms
step:1571/1670 train_time:623711ms step_avg:397.02ms
step:1572/1670 train_time:624112ms step_avg:397.02ms
step:1573/1670 train_time:624504ms step_avg:397.01ms
step:1574/1670 train_time:624900ms step_avg:397.01ms
step:1575/1670 train_time:625297ms step_avg:397.01ms
step:1576/1670 train_time:625700ms step_avg:397.02ms
step:1577/1670 train_time:626088ms step_avg:397.01ms
step:1578/1670 train_time:626482ms step_avg:397.01ms
step:1579/1670 train_time:626881ms step_avg:397.01ms
step:1580/1670 train_time:627270ms step_avg:397.01ms
step:1581/1670 train_time:627683ms step_avg:397.02ms
step:1582/1670 train_time:628076ms step_avg:397.01ms
step:1583/1670 train_time:628457ms step_avg:397.00ms
step:1584/1670 train_time:628851ms step_avg:397.00ms
step:1585/1670 train_time:629245ms step_avg:397.00ms
step:1586/1670 train_time:629642ms step_avg:397.00ms
step:1587/1670 train_time:630033ms step_avg:397.00ms
step:1588/1670 train_time:630429ms step_avg:397.00ms
step:1589/1670 train_time:630821ms step_avg:396.99ms
step:1590/1670 train_time:631215ms step_avg:396.99ms
step:1591/1670 train_time:631611ms step_avg:396.99ms
step:1592/1670 train_time:632002ms step_avg:396.99ms
step:1593/1670 train_time:632392ms step_avg:396.98ms
step:1594/1670 train_time:632791ms step_avg:396.98ms
step:1595/1670 train_time:633188ms step_avg:396.98ms
step:1596/1670 train_time:633582ms step_avg:396.98ms
step:1597/1670 train_time:633977ms step_avg:396.98ms
step:1598/1670 train_time:634370ms step_avg:396.98ms
step:1599/1670 train_time:634766ms step_avg:396.98ms
step:1600/1670 train_time:635161ms step_avg:396.98ms
step:1601/1670 train_time:635556ms step_avg:396.97ms
step:1602/1670 train_time:635949ms step_avg:396.97ms
step:1603/1670 train_time:636343ms step_avg:396.97ms
step:1604/1670 train_time:636747ms step_avg:396.97ms
step:1605/1670 train_time:637143ms step_avg:396.97ms
step:1606/1670 train_time:637537ms step_avg:396.97ms
step:1607/1670 train_time:637932ms step_avg:396.97ms
step:1608/1670 train_time:638323ms step_avg:396.97ms
step:1609/1670 train_time:638717ms step_avg:396.97ms
step:1610/1670 train_time:639114ms step_avg:396.97ms
step:1611/1670 train_time:639515ms step_avg:396.97ms
step:1612/1670 train_time:639910ms step_avg:396.97ms
step:1613/1670 train_time:640310ms step_avg:396.97ms
step:1614/1670 train_time:640703ms step_avg:396.97ms
step:1615/1670 train_time:641101ms step_avg:396.97ms
step:1616/1670 train_time:641500ms step_avg:396.97ms
step:1617/1670 train_time:641890ms step_avg:396.96ms
step:1618/1670 train_time:642283ms step_avg:396.96ms
step:1619/1670 train_time:642679ms step_avg:396.96ms
step:1620/1670 train_time:643077ms step_avg:396.96ms
step:1621/1670 train_time:643473ms step_avg:396.96ms
step:1622/1670 train_time:643867ms step_avg:396.96ms
step:1623/1670 train_time:644261ms step_avg:396.96ms
step:1624/1670 train_time:644655ms step_avg:396.95ms
step:1625/1670 train_time:645052ms step_avg:396.96ms
step:1625/1670 val_loss:3.2836 train_time:645348ms step_avg:397.14ms
step:1626/1670 train_time:645621ms step_avg:397.06ms
step:1627/1670 train_time:645962ms step_avg:397.03ms
step:1628/1670 train_time:646353ms step_avg:397.02ms
step:1629/1670 train_time:646750ms step_avg:397.02ms
step:1630/1670 train_time:647143ms step_avg:397.02ms
step:1631/1670 train_time:647536ms step_avg:397.02ms
step:1632/1670 train_time:647933ms step_avg:397.02ms
step:1633/1670 train_time:648322ms step_avg:397.01ms
step:1634/1670 train_time:648718ms step_avg:397.01ms
step:1635/1670 train_time:649109ms step_avg:397.01ms
step:1636/1670 train_time:649505ms step_avg:397.01ms
step:1637/1670 train_time:649905ms step_avg:397.01ms
step:1638/1670 train_time:650300ms step_avg:397.01ms
step:1639/1670 train_time:650695ms step_avg:397.01ms
step:1640/1670 train_time:651091ms step_avg:397.01ms
step:1641/1670 train_time:651486ms step_avg:397.01ms
step:1642/1670 train_time:651881ms step_avg:397.00ms
step:1643/1670 train_time:652275ms step_avg:397.00ms
step:1644/1670 train_time:652671ms step_avg:397.00ms
step:1645/1670 train_time:653063ms step_avg:397.00ms
step:1646/1670 train_time:653454ms step_avg:397.00ms
step:1647/1670 train_time:653846ms step_avg:396.99ms
step:1648/1670 train_time:654241ms step_avg:396.99ms
step:1649/1670 train_time:654637ms step_avg:396.99ms
step:1650/1670 train_time:655032ms step_avg:396.99ms
step:1651/1670 train_time:655445ms step_avg:397.00ms
step:1652/1670 train_time:655836ms step_avg:397.00ms
step:1653/1670 train_time:656237ms step_avg:397.00ms
step:1654/1670 train_time:656630ms step_avg:397.00ms
step:1655/1670 train_time:657027ms step_avg:397.00ms
step:1656/1670 train_time:657403ms step_avg:396.98ms
step:1657/1670 train_time:657798ms step_avg:396.98ms
step:1658/1670 train_time:658196ms step_avg:396.98ms
step:1659/1670 train_time:658588ms step_avg:396.98ms
step:1660/1670 train_time:658980ms step_avg:396.98ms
step:1661/1670 train_time:659376ms step_avg:396.98ms
step:1662/1670 train_time:659771ms step_avg:396.97ms
step:1663/1670 train_time:660164ms step_avg:396.97ms
step:1664/1670 train_time:660564ms step_avg:396.97ms
step:1665/1670 train_time:660964ms step_avg:396.98ms
step:1666/1670 train_time:661360ms step_avg:396.97ms
step:1667/1670 train_time:661750ms step_avg:396.97ms
step:1668/1670 train_time:662149ms step_avg:396.97ms
step:1669/1670 train_time:662543ms step_avg:396.97ms
step:1670/1670 train_time:662939ms step_avg:396.97ms
step:1670/1670 val_loss:3.2751 train_time:663281ms step_avg:397.17ms
peak memory allocated: 31703 MiB reserved: 34462 MiB
total training time: 663.28s (663281ms)
=== Done. Exit code: 0 ===
