=== Environment [fp32 val fix] ===
SEED=2
NPROC=16
DATA_PATH=/models/modded-nanogpt_record50_cautious_wd
TRAIN_SCRIPT=/models/modded-nanogpt_record50_cautious_wd/npu_bench/record_032_vect_sigmoid_bfloat16/agent_outputs/default_agent/npu_port_fixed/train_gpt.py
Python: Python 3.10.19
Torch: 2.7.1+cpu
Torch_NPU: 2.7.1.post2
=== Starting training [fp32 val fix] ===
/root/miniconda3/envs/llm_test/lib/python3.10/runpy.py:126: RuntimeWarning: 'torch.distributed.run' found in sys.modules after import of package 'torch.distributed', but prior to execution of 'torch.distributed.run'; this may result in unpredictable behaviour
  warn(RuntimeWarning(msg))

*****************************************
Setting OMP_NUM_THREADS environment variable for each process to be 1 in default, to avoid your system being overloaded, please further tune the variable for optimal performance in your application as needed. 
*****************************************
/root/miniconda3/envs/llm_test/lib/python3.10/site-packages/torch/autograd/__init__.py:221: UserWarning: Cannot create tensor with interal format while allow_internel_format=False, tensor will be created with base format. (Triggered internally at build/CMakeFiles/torch_npu.dir/compiler_depend.ts:338.)
  torch.ones_like(out, memory_format=torch.preserve_format)
/root/miniconda3/envs/llm_test/lib/python3.10/site-packages/torch/autograd/__init__.py:221: UserWarning: Cannot create tensor with interal format while allow_internel_format=False, tensor will be created with base format. (Triggered internally at build/CMakeFiles/torch_npu.dir/compiler_depend.ts:338.)
  torch.ones_like(out, memory_format=torch.preserve_format)
/root/miniconda3/envs/llm_test/lib/python3.10/site-packages/torch/autograd/__init__.py:221: UserWarning: Cannot create tensor with interal format while allow_internel_format=False, tensor will be created with base format. (Triggered internally at build/CMakeFiles/torch_npu.dir/compiler_depend.ts:338.)
  torch.ones_like(out, memory_format=torch.preserve_format)
/root/miniconda3/envs/llm_test/lib/python3.10/site-packages/torch/distributed/distributed_c10d.py:4631: UserWarning: No device id is provided via `init_process_group` or `barrier `. Using the current device set by the user. 
  warnings.warn(  # warn only once
/root/miniconda3/envs/llm_test/lib/python3.10/site-packages/torch/distributed/distributed_c10d.py:4631: UserWarning: No device id is provided via `init_process_group` or `barrier `. Using the current device set by the user. 
  warnings.warn(  # warn only once
/root/miniconda3/envs/llm_test/lib/python3.10/site-packages/torch/distributed/distributed_c10d.py:4631: UserWarning: No device id is provided via `init_process_group` or `barrier `. Using the current device set by the user. 
  warnings.warn(  # warn only once
/root/miniconda3/envs/llm_test/lib/python3.10/site-packages/torch/autograd/__init__.py:221: UserWarning: Cannot create tensor with interal format while allow_internel_format=False, tensor will be created with base format. (Triggered internally at build/CMakeFiles/torch_npu.dir/compiler_depend.ts:338.)
  torch.ones_like(out, memory_format=torch.preserve_format)
/root/miniconda3/envs/llm_test/lib/python3.10/site-packages/torch/autograd/__init__.py:221: UserWarning: Cannot create tensor with interal format while allow_internel_format=False, tensor will be created with base format. (Triggered internally at build/CMakeFiles/torch_npu.dir/compiler_depend.ts:338.)
  torch.ones_like(out, memory_format=torch.preserve_format)
/root/miniconda3/envs/llm_test/lib/python3.10/site-packages/torch/distributed/distributed_c10d.py:4631: UserWarning: No device id is provided via `init_process_group` or `barrier `. Using the current device set by the user. 
  warnings.warn(  # warn only once
/root/miniconda3/envs/llm_test/lib/python3.10/site-packages/torch/autograd/__init__.py:221: UserWarning: Cannot create tensor with interal format while allow_internel_format=False, tensor will be created with base format. (Triggered internally at build/CMakeFiles/torch_npu.dir/compiler_depend.ts:338.)
  torch.ones_like(out, memory_format=torch.preserve_format)
/root/miniconda3/envs/llm_test/lib/python3.10/site-packages/torch/autograd/__init__.py:221: UserWarning: Cannot create tensor with interal format while allow_internel_format=False, tensor will be created with base format. (Triggered internally at build/CMakeFiles/torch_npu.dir/compiler_depend.ts:338.)
  torch.ones_like(out, memory_format=torch.preserve_format)
/root/miniconda3/envs/llm_test/lib/python3.10/site-packages/torch/autograd/__init__.py:221: UserWarning: Cannot create tensor with interal format while allow_internel_format=False, tensor will be created with base format. (Triggered internally at build/CMakeFiles/torch_npu.dir/compiler_depend.ts:338.)
  torch.ones_like(out, memory_format=torch.preserve_format)
/root/miniconda3/envs/llm_test/lib/python3.10/site-packages/torch/autograd/__init__.py:221: UserWarning: Cannot create tensor with interal format while allow_internel_format=False, tensor will be created with base format. (Triggered internally at build/CMakeFiles/torch_npu.dir/compiler_depend.ts:338.)
  torch.ones_like(out, memory_format=torch.preserve_format)
/root/miniconda3/envs/llm_test/lib/python3.10/site-packages/torch/autograd/__init__.py:221: UserWarning: Cannot create tensor with interal format while allow_internel_format=False, tensor will be created with base format. (Triggered internally at build/CMakeFiles/torch_npu.dir/compiler_depend.ts:338.)
  torch.ones_like(out, memory_format=torch.preserve_format)
/root/miniconda3/envs/llm_test/lib/python3.10/site-packages/torch/autograd/__init__.py:221: UserWarning: Cannot create tensor with interal format while allow_internel_format=False, tensor will be created with base format. (Triggered internally at build/CMakeFiles/torch_npu.dir/compiler_depend.ts:338.)
  torch.ones_like(out, memory_format=torch.preserve_format)
/root/miniconda3/envs/llm_test/lib/python3.10/site-packages/torch/autograd/__init__.py:221: UserWarning: Cannot create tensor with interal format while allow_internel_format=False, tensor will be created with base format. (Triggered internally at build/CMakeFiles/torch_npu.dir/compiler_depend.ts:338.)
  torch.ones_like(out, memory_format=torch.preserve_format)
/root/miniconda3/envs/llm_test/lib/python3.10/site-packages/torch/autograd/__init__.py:221: UserWarning: Cannot create tensor with interal format while allow_internel_format=False, tensor will be created with base format. (Triggered internally at build/CMakeFiles/torch_npu.dir/compiler_depend.ts:338.)
  torch.ones_like(out, memory_format=torch.preserve_format)
/root/miniconda3/envs/llm_test/lib/python3.10/site-packages/torch/autograd/__init__.py:221: UserWarning: Cannot create tensor with interal format while allow_internel_format=False, tensor will be created with base format. (Triggered internally at build/CMakeFiles/torch_npu.dir/compiler_depend.ts:338.)
  torch.ones_like(out, memory_format=torch.preserve_format)
/root/miniconda3/envs/llm_test/lib/python3.10/site-packages/torch/autograd/__init__.py:221: UserWarning: Cannot create tensor with interal format while allow_internel_format=False, tensor will be created with base format. (Triggered internally at build/CMakeFiles/torch_npu.dir/compiler_depend.ts:338.)
  torch.ones_like(out, memory_format=torch.preserve_format)
/root/miniconda3/envs/llm_test/lib/python3.10/site-packages/torch/autograd/__init__.py:221: UserWarning: Cannot create tensor with interal format while allow_internel_format=False, tensor will be created with base format. (Triggered internally at build/CMakeFiles/torch_npu.dir/compiler_depend.ts:338.)
  torch.ones_like(out, memory_format=torch.preserve_format)
/root/miniconda3/envs/llm_test/lib/python3.10/site-packages/torch/distributed/distributed_c10d.py:4631: UserWarning: No device id is provided via `init_process_group` or `barrier `. Using the current device set by the user. 
  warnings.warn(  # warn only once
/root/miniconda3/envs/llm_test/lib/python3.10/site-packages/torch/distributed/distributed_c10d.py:4631: UserWarning: No device id is provided via `init_process_group` or `barrier `. Using the current device set by the user. 
  warnings.warn(  # warn only once
/root/miniconda3/envs/llm_test/lib/python3.10/site-packages/torch/distributed/distributed_c10d.py:4631: UserWarning: No device id is provided via `init_process_group` or `barrier `. Using the current device set by the user. 
  warnings.warn(  # warn only once
/root/miniconda3/envs/llm_test/lib/python3.10/site-packages/torch/distributed/distributed_c10d.py:4631: UserWarning: No device id is provided via `init_process_group` or `barrier `. Using the current device set by the user. 
  warnings.warn(  # warn only once
/root/miniconda3/envs/llm_test/lib/python3.10/site-packages/torch/distributed/distributed_c10d.py:4631: UserWarning: No device id is provided via `init_process_group` or `barrier `. Using the current device set by the user. 
  warnings.warn(  # warn only once
/root/miniconda3/envs/llm_test/lib/python3.10/site-packages/torch/distributed/distributed_c10d.py:4631: UserWarning: No device id is provided via `init_process_group` or `barrier `. Using the current device set by the user. 
  warnings.warn(  # warn only once
/root/miniconda3/envs/llm_test/lib/python3.10/site-packages/torch/distributed/distributed_c10d.py:4631: UserWarning: No device id is provided via `init_process_group` or `barrier `. Using the current device set by the user. 
  warnings.warn(  # warn only once
/root/miniconda3/envs/llm_test/lib/python3.10/site-packages/torch/distributed/distributed_c10d.py:4631: UserWarning: No device id is provided via `init_process_group` or `barrier `. Using the current device set by the user. 
  warnings.warn(  # warn only once
/root/miniconda3/envs/llm_test/lib/python3.10/site-packages/torch/distributed/distributed_c10d.py:4631: UserWarning: No device id is provided via `init_process_group` or `barrier `. Using the current device set by the user. 
  warnings.warn(  # warn only once
/root/miniconda3/envs/llm_test/lib/python3.10/site-packages/torch/distributed/distributed_c10d.py:4631: UserWarning: No device id is provided via `init_process_group` or `barrier `. Using the current device set by the user. 
  warnings.warn(  # warn only once
/root/miniconda3/envs/llm_test/lib/python3.10/site-packages/torch/distributed/distributed_c10d.py:4631: UserWarning: No device id is provided via `init_process_group` or `barrier `. Using the current device set by the user. 
  warnings.warn(  # warn only once
/root/miniconda3/envs/llm_test/lib/python3.10/site-packages/torch/distributed/distributed_c10d.py:4631: UserWarning: No device id is provided via `init_process_group` or `barrier `. Using the current device set by the user. 
  warnings.warn(  # warn only once
logs/1e8e66ce-ca59-43f5-9df4-34ebfa24432b
/root/miniconda3/envs/llm_test/lib/python3.10/site-packages/torch_npu/utils/storage.py:89: UserWarning: TypedStorage is deprecated. It will be removed in the future and UntypedStorage will be the only storage class. This should only matter to you if you are using storages directly.  To access UntypedStorage directly, use tensor.untyped_storage() instead of tensor.storage()
  if self.device.type != 'cpu':
step:0/1670 val_loss:10.8258 train_time:0ms step_avg:0.09ms
step:1/1670 train_time:1561ms step_avg:1560.71ms
step:2/1670 train_time:1661ms step_avg:830.25ms
step:3/1670 train_time:2050ms step_avg:683.19ms
step:4/1670 train_time:2438ms step_avg:609.50ms
step:5/1670 train_time:2834ms step_avg:566.71ms
step:6/1670 train_time:3224ms step_avg:537.37ms
step:7/1670 train_time:3614ms step_avg:516.35ms
step:8/1670 train_time:4008ms step_avg:501.06ms
step:9/1670 train_time:4397ms step_avg:488.51ms
step:10/1670 train_time:4789ms step_avg:478.94ms
step:11/1670 train_time:5178ms step_avg:470.72ms
step:12/1670 train_time:5573ms step_avg:464.41ms
step:13/1670 train_time:5962ms step_avg:458.62ms
step:14/1670 train_time:6355ms step_avg:453.91ms
step:15/1670 train_time:6745ms step_avg:449.69ms
step:16/1670 train_time:7141ms step_avg:446.31ms
step:17/1670 train_time:7532ms step_avg:443.07ms
step:18/1670 train_time:7918ms step_avg:439.88ms
step:19/1670 train_time:8310ms step_avg:437.39ms
step:20/1670 train_time:8705ms step_avg:435.26ms
step:21/1670 train_time:9093ms step_avg:433.02ms
step:22/1670 train_time:9488ms step_avg:431.25ms
step:23/1670 train_time:9882ms step_avg:429.64ms
step:24/1670 train_time:10274ms step_avg:428.08ms
step:25/1670 train_time:10663ms step_avg:426.53ms
step:26/1670 train_time:11057ms step_avg:425.27ms
step:27/1670 train_time:11453ms step_avg:424.17ms
step:28/1670 train_time:11841ms step_avg:422.90ms
step:29/1670 train_time:12238ms step_avg:422.00ms
step:30/1670 train_time:12628ms step_avg:420.95ms
step:31/1670 train_time:13020ms step_avg:419.99ms
step:32/1670 train_time:13411ms step_avg:419.09ms
step:33/1670 train_time:13804ms step_avg:418.31ms
step:34/1670 train_time:14195ms step_avg:417.50ms
step:35/1670 train_time:14586ms step_avg:416.75ms
step:36/1670 train_time:14970ms step_avg:415.83ms
step:37/1670 train_time:15363ms step_avg:415.20ms
step:38/1670 train_time:15757ms step_avg:414.66ms
step:39/1670 train_time:16152ms step_avg:414.16ms
step:40/1670 train_time:16537ms step_avg:413.42ms
step:41/1670 train_time:16927ms step_avg:412.86ms
step:42/1670 train_time:17321ms step_avg:412.41ms
step:43/1670 train_time:17714ms step_avg:411.94ms
step:44/1670 train_time:18106ms step_avg:411.49ms
step:45/1670 train_time:18499ms step_avg:411.08ms
step:46/1670 train_time:18892ms step_avg:410.69ms
step:47/1670 train_time:19282ms step_avg:410.26ms
step:48/1670 train_time:19672ms step_avg:409.83ms
step:49/1670 train_time:20068ms step_avg:409.55ms
step:50/1670 train_time:20462ms step_avg:409.23ms
step:51/1670 train_time:20853ms step_avg:408.89ms
step:52/1670 train_time:21246ms step_avg:408.58ms
step:53/1670 train_time:21640ms step_avg:408.29ms
step:54/1670 train_time:22031ms step_avg:407.98ms
step:55/1670 train_time:22421ms step_avg:407.66ms
step:56/1670 train_time:22810ms step_avg:407.32ms
step:57/1670 train_time:23205ms step_avg:407.10ms
step:58/1670 train_time:23598ms step_avg:406.86ms
step:59/1670 train_time:23990ms step_avg:406.62ms
step:60/1670 train_time:24380ms step_avg:406.33ms
step:61/1670 train_time:24772ms step_avg:406.10ms
step:62/1670 train_time:25166ms step_avg:405.90ms
step:63/1670 train_time:25562ms step_avg:405.75ms
step:64/1670 train_time:25953ms step_avg:405.52ms
step:65/1670 train_time:26343ms step_avg:405.28ms
step:66/1670 train_time:26732ms step_avg:405.04ms
step:67/1670 train_time:27122ms step_avg:404.81ms
step:68/1670 train_time:27513ms step_avg:404.61ms
step:69/1670 train_time:27907ms step_avg:404.44ms
step:70/1670 train_time:28304ms step_avg:404.34ms
step:71/1670 train_time:28695ms step_avg:404.16ms
step:72/1670 train_time:29085ms step_avg:403.96ms
step:73/1670 train_time:29477ms step_avg:403.80ms
step:74/1670 train_time:29870ms step_avg:403.65ms
step:75/1670 train_time:30265ms step_avg:403.54ms
step:76/1670 train_time:30657ms step_avg:403.38ms
step:77/1670 train_time:31053ms step_avg:403.29ms
step:78/1670 train_time:31444ms step_avg:403.13ms
step:79/1670 train_time:31835ms step_avg:402.98ms
step:80/1670 train_time:32229ms step_avg:402.86ms
step:81/1670 train_time:32618ms step_avg:402.69ms
step:82/1670 train_time:33013ms step_avg:402.60ms
step:83/1670 train_time:33402ms step_avg:402.43ms
step:84/1670 train_time:33796ms step_avg:402.33ms
step:85/1670 train_time:34188ms step_avg:402.21ms
step:86/1670 train_time:34588ms step_avg:402.19ms
step:87/1670 train_time:34979ms step_avg:402.06ms
step:88/1670 train_time:35373ms step_avg:401.97ms
step:89/1670 train_time:35764ms step_avg:401.84ms
step:90/1670 train_time:36159ms step_avg:401.77ms
step:91/1670 train_time:36554ms step_avg:401.70ms
step:92/1670 train_time:36941ms step_avg:401.53ms
step:93/1670 train_time:37331ms step_avg:401.41ms
step:94/1670 train_time:37724ms step_avg:401.32ms
step:95/1670 train_time:38116ms step_avg:401.22ms
step:96/1670 train_time:38507ms step_avg:401.12ms
step:97/1670 train_time:38900ms step_avg:401.04ms
step:98/1670 train_time:39294ms step_avg:400.96ms
step:99/1670 train_time:39688ms step_avg:400.89ms
step:100/1670 train_time:40079ms step_avg:400.79ms
step:101/1670 train_time:40476ms step_avg:400.75ms
step:102/1670 train_time:40866ms step_avg:400.65ms
step:103/1670 train_time:41258ms step_avg:400.56ms
step:104/1670 train_time:41649ms step_avg:400.47ms
step:105/1670 train_time:42039ms step_avg:400.37ms
step:106/1670 train_time:42435ms step_avg:400.33ms
step:107/1670 train_time:42827ms step_avg:400.25ms
step:108/1670 train_time:43216ms step_avg:400.15ms
step:109/1670 train_time:43610ms step_avg:400.09ms
step:110/1670 train_time:43996ms step_avg:399.96ms
step:111/1670 train_time:44392ms step_avg:399.93ms
step:112/1670 train_time:44782ms step_avg:399.84ms
step:113/1670 train_time:45178ms step_avg:399.80ms
step:114/1670 train_time:45570ms step_avg:399.74ms
step:115/1670 train_time:45961ms step_avg:399.66ms
step:116/1670 train_time:46356ms step_avg:399.62ms
step:117/1670 train_time:46748ms step_avg:399.55ms
step:118/1670 train_time:47142ms step_avg:399.51ms
step:119/1670 train_time:47531ms step_avg:399.42ms
step:120/1670 train_time:47924ms step_avg:399.36ms
step:121/1670 train_time:48319ms step_avg:399.33ms
step:122/1670 train_time:48712ms step_avg:399.28ms
step:123/1670 train_time:49102ms step_avg:399.20ms
step:124/1670 train_time:49492ms step_avg:399.13ms
step:125/1670 train_time:49880ms step_avg:399.04ms
step:125/1670 val_loss:4.3033 train_time:50175ms step_avg:401.40ms
step:126/1670 train_time:50443ms step_avg:400.34ms
step:127/1670 train_time:50777ms step_avg:399.82ms
step:128/1670 train_time:51167ms step_avg:399.75ms
step:129/1670 train_time:51559ms step_avg:399.68ms
step:130/1670 train_time:51952ms step_avg:399.63ms
step:131/1670 train_time:52345ms step_avg:399.58ms
step:132/1670 train_time:52734ms step_avg:399.50ms
step:133/1670 train_time:53124ms step_avg:399.43ms
step:134/1670 train_time:53516ms step_avg:399.37ms
step:135/1670 train_time:53906ms step_avg:399.31ms
step:136/1670 train_time:54299ms step_avg:399.26ms
step:137/1670 train_time:54692ms step_avg:399.21ms
step:138/1670 train_time:55081ms step_avg:399.13ms
step:139/1670 train_time:55475ms step_avg:399.10ms
step:140/1670 train_time:55865ms step_avg:399.03ms
step:141/1670 train_time:56258ms step_avg:398.99ms
step:142/1670 train_time:56650ms step_avg:398.94ms
step:143/1670 train_time:57041ms step_avg:398.89ms
step:144/1670 train_time:57432ms step_avg:398.84ms
step:145/1670 train_time:57821ms step_avg:398.77ms
step:146/1670 train_time:58216ms step_avg:398.74ms
step:147/1670 train_time:58605ms step_avg:398.67ms
step:148/1670 train_time:58997ms step_avg:398.63ms
step:149/1670 train_time:59390ms step_avg:398.59ms
step:150/1670 train_time:59779ms step_avg:398.52ms
step:151/1670 train_time:60171ms step_avg:398.48ms
step:152/1670 train_time:60559ms step_avg:398.42ms
step:153/1670 train_time:60950ms step_avg:398.37ms
step:154/1670 train_time:61342ms step_avg:398.33ms
step:155/1670 train_time:61733ms step_avg:398.28ms
step:156/1670 train_time:62124ms step_avg:398.23ms
step:157/1670 train_time:62519ms step_avg:398.21ms
step:158/1670 train_time:62911ms step_avg:398.17ms
step:159/1670 train_time:63306ms step_avg:398.15ms
step:160/1670 train_time:63693ms step_avg:398.08ms
step:161/1670 train_time:64082ms step_avg:398.02ms
step:162/1670 train_time:64472ms step_avg:397.97ms
step:163/1670 train_time:64864ms step_avg:397.94ms
step:164/1670 train_time:65253ms step_avg:397.88ms
step:165/1670 train_time:65645ms step_avg:397.85ms
step:166/1670 train_time:66037ms step_avg:397.81ms
step:167/1670 train_time:66426ms step_avg:397.76ms
step:168/1670 train_time:66826ms step_avg:397.78ms
step:169/1670 train_time:67219ms step_avg:397.75ms
step:170/1670 train_time:67610ms step_avg:397.71ms
step:171/1670 train_time:68000ms step_avg:397.66ms
step:172/1670 train_time:68392ms step_avg:397.63ms
step:173/1670 train_time:68785ms step_avg:397.60ms
step:174/1670 train_time:69179ms step_avg:397.58ms
step:175/1670 train_time:69567ms step_avg:397.52ms
step:176/1670 train_time:69965ms step_avg:397.53ms
step:177/1670 train_time:70359ms step_avg:397.51ms
step:178/1670 train_time:70751ms step_avg:397.48ms
step:179/1670 train_time:71135ms step_avg:397.40ms
step:180/1670 train_time:71523ms step_avg:397.35ms
step:181/1670 train_time:71916ms step_avg:397.32ms
step:182/1670 train_time:72307ms step_avg:397.29ms
step:183/1670 train_time:72698ms step_avg:397.26ms
step:184/1670 train_time:73092ms step_avg:397.24ms
step:185/1670 train_time:73485ms step_avg:397.22ms
step:186/1670 train_time:73875ms step_avg:397.18ms
step:187/1670 train_time:74264ms step_avg:397.13ms
step:188/1670 train_time:74659ms step_avg:397.12ms
step:189/1670 train_time:75048ms step_avg:397.08ms
step:190/1670 train_time:75438ms step_avg:397.04ms
step:191/1670 train_time:75832ms step_avg:397.03ms
step:192/1670 train_time:76223ms step_avg:396.99ms
step:193/1670 train_time:76612ms step_avg:396.95ms
step:194/1670 train_time:77007ms step_avg:396.94ms
step:195/1670 train_time:77398ms step_avg:396.91ms
step:196/1670 train_time:77793ms step_avg:396.91ms
step:197/1670 train_time:78186ms step_avg:396.88ms
step:198/1670 train_time:78578ms step_avg:396.86ms
step:199/1670 train_time:78970ms step_avg:396.83ms
step:200/1670 train_time:79360ms step_avg:396.80ms
step:201/1670 train_time:79746ms step_avg:396.75ms
step:202/1670 train_time:80141ms step_avg:396.74ms
step:203/1670 train_time:80534ms step_avg:396.72ms
step:204/1670 train_time:80929ms step_avg:396.71ms
step:205/1670 train_time:81315ms step_avg:396.66ms
step:206/1670 train_time:81708ms step_avg:396.64ms
step:207/1670 train_time:82099ms step_avg:396.61ms
step:208/1670 train_time:82492ms step_avg:396.59ms
step:209/1670 train_time:82881ms step_avg:396.56ms
step:210/1670 train_time:83831ms step_avg:399.20ms
step:211/1670 train_time:84324ms step_avg:399.64ms
step:212/1670 train_time:84719ms step_avg:399.62ms
step:213/1670 train_time:85112ms step_avg:399.59ms
step:214/1670 train_time:85502ms step_avg:399.54ms
step:215/1670 train_time:85891ms step_avg:399.49ms
step:216/1670 train_time:86281ms step_avg:399.45ms
step:217/1670 train_time:86673ms step_avg:399.41ms
step:218/1670 train_time:87064ms step_avg:399.38ms
step:219/1670 train_time:87456ms step_avg:399.34ms
step:220/1670 train_time:87850ms step_avg:399.32ms
step:221/1670 train_time:88234ms step_avg:399.25ms
step:222/1670 train_time:88631ms step_avg:399.24ms
step:223/1670 train_time:89019ms step_avg:399.19ms
step:224/1670 train_time:89409ms step_avg:399.15ms
step:225/1670 train_time:89799ms step_avg:399.11ms
step:226/1670 train_time:90196ms step_avg:399.10ms
step:227/1670 train_time:90588ms step_avg:399.07ms
step:228/1670 train_time:90981ms step_avg:399.04ms
step:229/1670 train_time:91372ms step_avg:399.01ms
step:230/1670 train_time:91767ms step_avg:398.99ms
step:231/1670 train_time:92162ms step_avg:398.97ms
step:232/1670 train_time:92551ms step_avg:398.93ms
step:233/1670 train_time:92940ms step_avg:398.88ms
step:234/1670 train_time:93329ms step_avg:398.84ms
step:235/1670 train_time:93721ms step_avg:398.81ms
step:236/1670 train_time:94110ms step_avg:398.77ms
step:237/1670 train_time:94501ms step_avg:398.74ms
step:238/1670 train_time:94892ms step_avg:398.71ms
step:239/1670 train_time:95283ms step_avg:398.67ms
step:240/1670 train_time:95672ms step_avg:398.63ms
step:241/1670 train_time:96064ms step_avg:398.61ms
step:242/1670 train_time:96453ms step_avg:398.56ms
step:243/1670 train_time:96846ms step_avg:398.54ms
step:244/1670 train_time:97236ms step_avg:398.51ms
step:245/1670 train_time:97632ms step_avg:398.50ms
step:246/1670 train_time:98021ms step_avg:398.46ms
step:247/1670 train_time:98416ms step_avg:398.44ms
step:248/1670 train_time:98813ms step_avg:398.44ms
step:249/1670 train_time:99205ms step_avg:398.41ms
step:250/1670 train_time:99593ms step_avg:398.37ms
step:250/1670 val_loss:3.9642 train_time:99890ms step_avg:399.56ms
step:251/1670 train_time:100168ms step_avg:399.08ms
step:252/1670 train_time:100496ms step_avg:398.79ms
step:253/1670 train_time:100894ms step_avg:398.79ms
step:254/1670 train_time:101287ms step_avg:398.77ms
step:255/1670 train_time:101676ms step_avg:398.73ms
step:256/1670 train_time:102068ms step_avg:398.70ms
step:257/1670 train_time:102462ms step_avg:398.69ms
step:258/1670 train_time:102856ms step_avg:398.67ms
step:259/1670 train_time:103249ms step_avg:398.64ms
step:260/1670 train_time:103642ms step_avg:398.62ms
step:261/1670 train_time:104037ms step_avg:398.61ms
step:262/1670 train_time:104427ms step_avg:398.57ms
step:263/1670 train_time:104830ms step_avg:398.59ms
step:264/1670 train_time:105207ms step_avg:398.51ms
step:265/1670 train_time:105595ms step_avg:398.47ms
step:266/1670 train_time:105987ms step_avg:398.45ms
step:267/1670 train_time:106374ms step_avg:398.41ms
step:268/1670 train_time:106766ms step_avg:398.38ms
step:269/1670 train_time:107159ms step_avg:398.36ms
step:270/1670 train_time:107549ms step_avg:398.33ms
step:271/1670 train_time:107938ms step_avg:398.30ms
step:272/1670 train_time:108328ms step_avg:398.26ms
step:273/1670 train_time:108723ms step_avg:398.25ms
step:274/1670 train_time:109112ms step_avg:398.22ms
step:275/1670 train_time:109506ms step_avg:398.20ms
step:276/1670 train_time:109897ms step_avg:398.18ms
step:277/1670 train_time:110287ms step_avg:398.15ms
step:278/1670 train_time:110677ms step_avg:398.12ms
step:279/1670 train_time:111065ms step_avg:398.08ms
step:280/1670 train_time:111459ms step_avg:398.07ms
step:281/1670 train_time:111847ms step_avg:398.03ms
step:282/1670 train_time:112243ms step_avg:398.03ms
step:283/1670 train_time:112632ms step_avg:397.99ms
step:284/1670 train_time:113022ms step_avg:397.97ms
step:285/1670 train_time:113416ms step_avg:397.95ms
step:286/1670 train_time:113806ms step_avg:397.92ms
step:287/1670 train_time:114194ms step_avg:397.89ms
step:288/1670 train_time:114590ms step_avg:397.88ms
step:289/1670 train_time:114977ms step_avg:397.84ms
step:290/1670 train_time:115375ms step_avg:397.84ms
step:291/1670 train_time:115764ms step_avg:397.81ms
step:292/1670 train_time:116154ms step_avg:397.79ms
step:293/1670 train_time:116544ms step_avg:397.76ms
step:294/1670 train_time:116939ms step_avg:397.75ms
step:295/1670 train_time:117329ms step_avg:397.73ms
step:296/1670 train_time:117723ms step_avg:397.71ms
step:297/1670 train_time:118116ms step_avg:397.70ms
step:298/1670 train_time:118505ms step_avg:397.67ms
step:299/1670 train_time:118893ms step_avg:397.64ms
step:300/1670 train_time:119287ms step_avg:397.62ms
step:301/1670 train_time:119674ms step_avg:397.59ms
step:302/1670 train_time:120066ms step_avg:397.57ms
step:303/1670 train_time:120460ms step_avg:397.56ms
step:304/1670 train_time:120855ms step_avg:397.55ms
step:305/1670 train_time:121244ms step_avg:397.52ms
step:306/1670 train_time:121633ms step_avg:397.49ms
step:307/1670 train_time:122024ms step_avg:397.47ms
step:308/1670 train_time:122413ms step_avg:397.45ms
step:309/1670 train_time:122810ms step_avg:397.44ms
step:310/1670 train_time:123200ms step_avg:397.42ms
step:311/1670 train_time:123593ms step_avg:397.40ms
step:312/1670 train_time:123986ms step_avg:397.39ms
step:313/1670 train_time:124374ms step_avg:397.36ms
step:314/1670 train_time:124767ms step_avg:397.35ms
step:315/1670 train_time:125161ms step_avg:397.34ms
step:316/1670 train_time:125554ms step_avg:397.32ms
step:317/1670 train_time:125949ms step_avg:397.31ms
step:318/1670 train_time:126341ms step_avg:397.30ms
step:319/1670 train_time:126729ms step_avg:397.27ms
step:320/1670 train_time:127121ms step_avg:397.25ms
step:321/1670 train_time:127512ms step_avg:397.23ms
step:322/1670 train_time:127907ms step_avg:397.23ms
step:323/1670 train_time:128299ms step_avg:397.21ms
step:324/1670 train_time:128686ms step_avg:397.18ms
step:325/1670 train_time:129074ms step_avg:397.15ms
step:326/1670 train_time:129467ms step_avg:397.14ms
step:327/1670 train_time:129858ms step_avg:397.12ms
step:328/1670 train_time:130247ms step_avg:397.09ms
step:329/1670 train_time:130640ms step_avg:397.08ms
step:330/1670 train_time:131032ms step_avg:397.07ms
step:331/1670 train_time:131419ms step_avg:397.04ms
step:332/1670 train_time:131807ms step_avg:397.01ms
step:333/1670 train_time:132200ms step_avg:397.00ms
step:334/1670 train_time:132589ms step_avg:396.97ms
step:335/1670 train_time:132982ms step_avg:396.96ms
step:336/1670 train_time:133376ms step_avg:396.95ms
step:337/1670 train_time:133761ms step_avg:396.92ms
step:338/1670 train_time:134149ms step_avg:396.89ms
step:339/1670 train_time:134549ms step_avg:396.90ms
step:340/1670 train_time:134938ms step_avg:396.88ms
step:341/1670 train_time:135327ms step_avg:396.85ms
step:342/1670 train_time:135716ms step_avg:396.83ms
step:343/1670 train_time:136108ms step_avg:396.82ms
step:344/1670 train_time:136508ms step_avg:396.83ms
step:345/1670 train_time:136899ms step_avg:396.81ms
step:346/1670 train_time:137291ms step_avg:396.80ms
step:347/1670 train_time:137685ms step_avg:396.79ms
step:348/1670 train_time:138074ms step_avg:396.77ms
step:349/1670 train_time:138467ms step_avg:396.75ms
step:350/1670 train_time:138855ms step_avg:396.73ms
step:351/1670 train_time:139245ms step_avg:396.71ms
step:352/1670 train_time:139639ms step_avg:396.70ms
step:353/1670 train_time:140031ms step_avg:396.69ms
step:354/1670 train_time:140423ms step_avg:396.67ms
step:355/1670 train_time:140813ms step_avg:396.66ms
step:356/1670 train_time:141206ms step_avg:396.65ms
step:357/1670 train_time:141594ms step_avg:396.62ms
step:358/1670 train_time:141986ms step_avg:396.61ms
step:359/1670 train_time:142375ms step_avg:396.59ms
step:360/1670 train_time:142767ms step_avg:396.58ms
step:361/1670 train_time:143161ms step_avg:396.57ms
step:362/1670 train_time:143553ms step_avg:396.55ms
step:363/1670 train_time:143943ms step_avg:396.54ms
step:364/1670 train_time:144340ms step_avg:396.54ms
step:365/1670 train_time:144730ms step_avg:396.52ms
step:366/1670 train_time:145121ms step_avg:396.50ms
step:367/1670 train_time:145515ms step_avg:396.50ms
step:368/1670 train_time:145905ms step_avg:396.48ms
step:369/1670 train_time:146299ms step_avg:396.47ms
step:370/1670 train_time:146688ms step_avg:396.45ms
step:371/1670 train_time:147080ms step_avg:396.44ms
step:372/1670 train_time:147475ms step_avg:396.44ms
step:373/1670 train_time:147865ms step_avg:396.42ms
step:374/1670 train_time:148260ms step_avg:396.42ms
step:375/1670 train_time:148655ms step_avg:396.41ms
step:375/1670 val_loss:3.8144 train_time:148949ms step_avg:397.20ms
step:376/1670 train_time:149231ms step_avg:396.89ms
step:377/1670 train_time:149574ms step_avg:396.75ms
step:378/1670 train_time:149958ms step_avg:396.71ms
step:379/1670 train_time:150352ms step_avg:396.71ms
step:380/1670 train_time:150745ms step_avg:396.70ms
step:381/1670 train_time:151134ms step_avg:396.68ms
step:382/1670 train_time:151525ms step_avg:396.66ms
step:383/1670 train_time:151919ms step_avg:396.65ms
step:384/1670 train_time:152309ms step_avg:396.64ms
step:385/1670 train_time:152696ms step_avg:396.61ms
step:386/1670 train_time:153095ms step_avg:396.62ms
step:387/1670 train_time:153488ms step_avg:396.61ms
step:388/1670 train_time:153882ms step_avg:396.60ms
step:389/1670 train_time:154274ms step_avg:396.59ms
step:390/1670 train_time:154667ms step_avg:396.58ms
step:391/1670 train_time:155060ms step_avg:396.57ms
step:392/1670 train_time:155454ms step_avg:396.57ms
step:393/1670 train_time:155845ms step_avg:396.55ms
step:394/1670 train_time:156236ms step_avg:396.54ms
step:395/1670 train_time:156626ms step_avg:396.52ms
step:396/1670 train_time:157019ms step_avg:396.51ms
step:397/1670 train_time:157407ms step_avg:396.49ms
step:398/1670 train_time:157803ms step_avg:396.49ms
step:399/1670 train_time:158194ms step_avg:396.48ms
step:400/1670 train_time:158585ms step_avg:396.46ms
step:401/1670 train_time:158976ms step_avg:396.45ms
step:402/1670 train_time:159368ms step_avg:396.44ms
step:403/1670 train_time:159758ms step_avg:396.42ms
step:404/1670 train_time:160151ms step_avg:396.41ms
step:405/1670 train_time:160546ms step_avg:396.41ms
step:406/1670 train_time:160936ms step_avg:396.39ms
step:407/1670 train_time:161326ms step_avg:396.38ms
step:408/1670 train_time:161721ms step_avg:396.37ms
step:409/1670 train_time:162113ms step_avg:396.36ms
step:410/1670 train_time:162506ms step_avg:396.36ms
step:411/1670 train_time:162900ms step_avg:396.35ms
step:412/1670 train_time:163287ms step_avg:396.33ms
step:413/1670 train_time:163677ms step_avg:396.31ms
step:414/1670 train_time:164069ms step_avg:396.30ms
step:415/1670 train_time:164463ms step_avg:396.30ms
step:416/1670 train_time:164853ms step_avg:396.28ms
step:417/1670 train_time:165247ms step_avg:396.28ms
step:418/1670 train_time:165635ms step_avg:396.26ms
step:419/1670 train_time:166026ms step_avg:396.24ms
step:420/1670 train_time:166764ms step_avg:397.06ms
step:421/1670 train_time:167470ms step_avg:397.79ms
step:422/1670 train_time:167862ms step_avg:397.78ms
step:423/1670 train_time:168254ms step_avg:397.76ms
step:424/1670 train_time:168647ms step_avg:397.75ms
step:425/1670 train_time:169039ms step_avg:397.74ms
step:426/1670 train_time:169432ms step_avg:397.73ms
step:427/1670 train_time:169824ms step_avg:397.71ms
step:428/1670 train_time:170214ms step_avg:397.70ms
step:429/1670 train_time:170604ms step_avg:397.68ms
step:430/1670 train_time:170997ms step_avg:397.67ms
step:431/1670 train_time:171389ms step_avg:397.65ms
step:432/1670 train_time:171778ms step_avg:397.63ms
step:433/1670 train_time:172170ms step_avg:397.62ms
step:434/1670 train_time:172566ms step_avg:397.62ms
step:435/1670 train_time:172981ms step_avg:397.66ms
step:436/1670 train_time:173371ms step_avg:397.64ms
step:437/1670 train_time:173761ms step_avg:397.62ms
step:438/1670 train_time:174151ms step_avg:397.61ms
step:439/1670 train_time:174543ms step_avg:397.59ms
step:440/1670 train_time:174937ms step_avg:397.58ms
step:441/1670 train_time:175331ms step_avg:397.58ms
step:442/1670 train_time:175724ms step_avg:397.57ms
step:443/1670 train_time:176120ms step_avg:397.56ms
step:444/1670 train_time:176507ms step_avg:397.54ms
step:445/1670 train_time:176901ms step_avg:397.53ms
step:446/1670 train_time:177292ms step_avg:397.52ms
step:447/1670 train_time:177684ms step_avg:397.50ms
step:448/1670 train_time:178075ms step_avg:397.49ms
step:449/1670 train_time:178464ms step_avg:397.47ms
step:450/1670 train_time:178854ms step_avg:397.45ms
step:451/1670 train_time:179245ms step_avg:397.44ms
step:452/1670 train_time:179638ms step_avg:397.43ms
step:453/1670 train_time:180031ms step_avg:397.42ms
step:454/1670 train_time:180422ms step_avg:397.41ms
step:455/1670 train_time:180811ms step_avg:397.39ms
step:456/1670 train_time:181199ms step_avg:397.37ms
step:457/1670 train_time:181592ms step_avg:397.36ms
step:458/1670 train_time:181959ms step_avg:397.29ms
step:459/1670 train_time:182346ms step_avg:397.27ms
step:460/1670 train_time:182737ms step_avg:397.25ms
step:461/1670 train_time:183128ms step_avg:397.24ms
step:462/1670 train_time:183523ms step_avg:397.24ms
step:463/1670 train_time:183917ms step_avg:397.23ms
step:464/1670 train_time:184310ms step_avg:397.22ms
step:465/1670 train_time:184699ms step_avg:397.20ms
step:466/1670 train_time:185086ms step_avg:397.18ms
step:467/1670 train_time:185483ms step_avg:397.18ms
step:468/1670 train_time:185873ms step_avg:397.16ms
step:469/1670 train_time:186264ms step_avg:397.15ms
step:470/1670 train_time:186653ms step_avg:397.13ms
step:471/1670 train_time:187044ms step_avg:397.12ms
step:472/1670 train_time:187438ms step_avg:397.11ms
step:473/1670 train_time:187830ms step_avg:397.10ms
step:474/1670 train_time:188221ms step_avg:397.09ms
step:475/1670 train_time:188612ms step_avg:397.08ms
step:476/1670 train_time:189005ms step_avg:397.07ms
step:477/1670 train_time:189396ms step_avg:397.06ms
step:478/1670 train_time:189787ms step_avg:397.04ms
step:479/1670 train_time:190179ms step_avg:397.03ms
step:480/1670 train_time:190575ms step_avg:397.03ms
step:481/1670 train_time:190966ms step_avg:397.02ms
step:482/1670 train_time:191360ms step_avg:397.01ms
step:483/1670 train_time:191750ms step_avg:397.00ms
step:484/1670 train_time:192141ms step_avg:396.99ms
step:485/1670 train_time:192535ms step_avg:396.98ms
step:486/1670 train_time:192925ms step_avg:396.96ms
step:487/1670 train_time:193318ms step_avg:396.96ms
step:488/1670 train_time:193711ms step_avg:396.95ms
step:489/1670 train_time:194099ms step_avg:396.93ms
step:490/1670 train_time:194488ms step_avg:396.91ms
step:491/1670 train_time:194881ms step_avg:396.91ms
step:492/1670 train_time:195271ms step_avg:396.89ms
step:493/1670 train_time:195662ms step_avg:396.88ms
step:494/1670 train_time:196055ms step_avg:396.87ms
step:495/1670 train_time:196448ms step_avg:396.86ms
step:496/1670 train_time:196838ms step_avg:396.85ms
step:497/1670 train_time:197233ms step_avg:396.85ms
step:498/1670 train_time:197626ms step_avg:396.84ms
step:499/1670 train_time:198017ms step_avg:396.83ms
step:500/1670 train_time:198411ms step_avg:396.82ms
step:500/1670 val_loss:3.7115 train_time:198705ms step_avg:397.41ms
step:501/1670 train_time:198974ms step_avg:397.15ms
step:502/1670 train_time:199326ms step_avg:397.06ms
step:503/1670 train_time:199719ms step_avg:397.06ms
step:504/1670 train_time:200110ms step_avg:397.04ms
step:505/1670 train_time:200500ms step_avg:397.03ms
step:506/1670 train_time:200889ms step_avg:397.01ms
step:507/1670 train_time:201279ms step_avg:397.00ms
step:508/1670 train_time:201671ms step_avg:396.99ms
step:509/1670 train_time:202061ms step_avg:396.98ms
step:510/1670 train_time:202454ms step_avg:396.97ms
step:511/1670 train_time:202845ms step_avg:396.96ms
step:512/1670 train_time:203240ms step_avg:396.95ms
step:513/1670 train_time:203636ms step_avg:396.95ms
step:514/1670 train_time:204030ms step_avg:396.94ms
step:515/1670 train_time:204420ms step_avg:396.93ms
step:516/1670 train_time:204811ms step_avg:396.92ms
step:517/1670 train_time:205201ms step_avg:396.91ms
step:518/1670 train_time:205592ms step_avg:396.90ms
step:519/1670 train_time:205981ms step_avg:396.88ms
step:520/1670 train_time:206371ms step_avg:396.87ms
step:521/1670 train_time:206762ms step_avg:396.86ms
step:522/1670 train_time:207152ms step_avg:396.84ms
step:523/1670 train_time:207542ms step_avg:396.83ms
step:524/1670 train_time:207936ms step_avg:396.82ms
step:525/1670 train_time:208326ms step_avg:396.81ms
step:526/1670 train_time:208720ms step_avg:396.81ms
step:527/1670 train_time:209107ms step_avg:396.79ms
step:528/1670 train_time:209499ms step_avg:396.78ms
step:529/1670 train_time:209896ms step_avg:396.78ms
step:530/1670 train_time:210289ms step_avg:396.77ms
step:531/1670 train_time:210680ms step_avg:396.76ms
step:532/1670 train_time:211072ms step_avg:396.75ms
step:533/1670 train_time:211463ms step_avg:396.74ms
step:534/1670 train_time:211855ms step_avg:396.73ms
step:535/1670 train_time:212248ms step_avg:396.72ms
step:536/1670 train_time:212639ms step_avg:396.71ms
step:537/1670 train_time:213032ms step_avg:396.71ms
step:538/1670 train_time:213426ms step_avg:396.70ms
step:539/1670 train_time:213820ms step_avg:396.70ms
step:540/1670 train_time:214212ms step_avg:396.69ms
step:541/1670 train_time:214600ms step_avg:396.67ms
step:542/1670 train_time:214994ms step_avg:396.67ms
step:543/1670 train_time:215386ms step_avg:396.66ms
step:544/1670 train_time:215778ms step_avg:396.65ms
step:545/1670 train_time:216171ms step_avg:396.64ms
step:546/1670 train_time:216563ms step_avg:396.64ms
step:547/1670 train_time:216956ms step_avg:396.63ms
step:548/1670 train_time:217349ms step_avg:396.62ms
step:549/1670 train_time:217740ms step_avg:396.61ms
step:550/1670 train_time:218137ms step_avg:396.61ms
step:551/1670 train_time:218529ms step_avg:396.61ms
step:552/1670 train_time:218920ms step_avg:396.59ms
step:553/1670 train_time:219315ms step_avg:396.59ms
step:554/1670 train_time:219708ms step_avg:396.58ms
step:555/1670 train_time:220097ms step_avg:396.57ms
step:556/1670 train_time:220490ms step_avg:396.56ms
step:557/1670 train_time:220880ms step_avg:396.55ms
step:558/1670 train_time:221327ms step_avg:396.64ms
step:559/1670 train_time:221726ms step_avg:396.65ms
step:560/1670 train_time:222123ms step_avg:396.65ms
step:561/1670 train_time:222517ms step_avg:396.64ms
step:562/1670 train_time:222912ms step_avg:396.64ms
step:563/1670 train_time:223307ms step_avg:396.64ms
step:564/1670 train_time:223699ms step_avg:396.63ms
step:565/1670 train_time:224095ms step_avg:396.63ms
step:566/1670 train_time:224486ms step_avg:396.62ms
step:567/1670 train_time:224877ms step_avg:396.61ms
step:568/1670 train_time:225265ms step_avg:396.59ms
step:569/1670 train_time:225658ms step_avg:396.59ms
step:570/1670 train_time:226052ms step_avg:396.58ms
step:571/1670 train_time:226445ms step_avg:396.58ms
step:572/1670 train_time:226839ms step_avg:396.57ms
step:573/1670 train_time:227228ms step_avg:396.56ms
step:574/1670 train_time:227616ms step_avg:396.54ms
step:575/1670 train_time:228010ms step_avg:396.54ms
step:576/1670 train_time:228402ms step_avg:396.53ms
step:577/1670 train_time:228797ms step_avg:396.53ms
step:578/1670 train_time:229186ms step_avg:396.52ms
step:579/1670 train_time:229579ms step_avg:396.51ms
step:580/1670 train_time:229968ms step_avg:396.50ms
step:581/1670 train_time:230360ms step_avg:396.49ms
step:582/1670 train_time:230767ms step_avg:396.51ms
step:583/1670 train_time:231159ms step_avg:396.50ms
step:584/1670 train_time:231532ms step_avg:396.46ms
step:585/1670 train_time:231922ms step_avg:396.45ms
step:586/1670 train_time:232315ms step_avg:396.44ms
step:587/1670 train_time:232707ms step_avg:396.43ms
step:588/1670 train_time:233104ms step_avg:396.43ms
step:589/1670 train_time:233492ms step_avg:396.42ms
step:590/1670 train_time:233884ms step_avg:396.41ms
step:591/1670 train_time:234273ms step_avg:396.40ms
step:592/1670 train_time:234659ms step_avg:396.38ms
step:593/1670 train_time:235051ms step_avg:396.38ms
step:594/1670 train_time:235441ms step_avg:396.37ms
step:595/1670 train_time:235832ms step_avg:396.36ms
step:596/1670 train_time:236224ms step_avg:396.35ms
step:597/1670 train_time:236617ms step_avg:396.34ms
step:598/1670 train_time:237004ms step_avg:396.33ms
step:599/1670 train_time:237397ms step_avg:396.32ms
step:600/1670 train_time:237803ms step_avg:396.34ms
step:601/1670 train_time:238179ms step_avg:396.30ms
step:602/1670 train_time:238577ms step_avg:396.31ms
step:603/1670 train_time:238968ms step_avg:396.30ms
step:604/1670 train_time:239361ms step_avg:396.29ms
step:605/1670 train_time:239749ms step_avg:396.28ms
step:606/1670 train_time:240141ms step_avg:396.27ms
step:607/1670 train_time:240532ms step_avg:396.26ms
step:608/1670 train_time:240931ms step_avg:396.27ms
step:609/1670 train_time:241315ms step_avg:396.25ms
step:610/1670 train_time:241704ms step_avg:396.24ms
step:611/1670 train_time:242097ms step_avg:396.23ms
step:612/1670 train_time:242484ms step_avg:396.22ms
step:613/1670 train_time:242875ms step_avg:396.21ms
step:614/1670 train_time:243267ms step_avg:396.20ms
step:615/1670 train_time:243662ms step_avg:396.20ms
step:616/1670 train_time:244050ms step_avg:396.18ms
step:617/1670 train_time:244443ms step_avg:396.18ms
step:618/1670 train_time:244834ms step_avg:396.17ms
step:619/1670 train_time:245227ms step_avg:396.17ms
step:620/1670 train_time:245632ms step_avg:396.18ms
step:621/1670 train_time:246026ms step_avg:396.18ms
step:622/1670 train_time:246414ms step_avg:396.16ms
step:623/1670 train_time:246804ms step_avg:396.15ms
step:624/1670 train_time:247195ms step_avg:396.15ms
step:625/1670 train_time:247570ms step_avg:396.11ms
step:625/1670 val_loss:3.6116 train_time:247868ms step_avg:396.59ms
step:626/1670 train_time:248147ms step_avg:396.40ms
step:627/1670 train_time:248494ms step_avg:396.32ms
step:628/1670 train_time:248883ms step_avg:396.31ms
step:629/1670 train_time:249272ms step_avg:396.30ms
step:630/1670 train_time:249674ms step_avg:396.31ms
step:631/1670 train_time:250064ms step_avg:396.30ms
step:632/1670 train_time:251103ms step_avg:397.32ms
step:633/1670 train_time:251495ms step_avg:397.31ms
step:634/1670 train_time:251887ms step_avg:397.30ms
step:635/1670 train_time:252279ms step_avg:397.29ms
step:636/1670 train_time:252673ms step_avg:397.28ms
step:637/1670 train_time:253065ms step_avg:397.28ms
step:638/1670 train_time:253457ms step_avg:397.27ms
step:639/1670 train_time:253848ms step_avg:397.26ms
step:640/1670 train_time:254243ms step_avg:397.25ms
step:641/1670 train_time:254635ms step_avg:397.25ms
step:642/1670 train_time:255025ms step_avg:397.24ms
step:643/1670 train_time:255419ms step_avg:397.23ms
step:644/1670 train_time:255810ms step_avg:397.22ms
step:645/1670 train_time:256206ms step_avg:397.22ms
step:646/1670 train_time:256591ms step_avg:397.20ms
step:647/1670 train_time:256988ms step_avg:397.20ms
step:648/1670 train_time:257380ms step_avg:397.19ms
step:649/1670 train_time:257767ms step_avg:397.18ms
step:650/1670 train_time:258157ms step_avg:397.17ms
step:651/1670 train_time:258552ms step_avg:397.16ms
step:652/1670 train_time:258937ms step_avg:397.14ms
step:653/1670 train_time:259339ms step_avg:397.15ms
step:654/1670 train_time:259725ms step_avg:397.13ms
step:655/1670 train_time:260115ms step_avg:397.12ms
step:656/1670 train_time:260505ms step_avg:397.11ms
step:657/1670 train_time:260898ms step_avg:397.10ms
step:658/1670 train_time:261287ms step_avg:397.09ms
step:659/1670 train_time:261681ms step_avg:397.09ms
step:660/1670 train_time:262073ms step_avg:397.08ms
step:661/1670 train_time:262465ms step_avg:397.07ms
step:662/1670 train_time:262855ms step_avg:397.06ms
step:663/1670 train_time:263251ms step_avg:397.06ms
step:664/1670 train_time:263639ms step_avg:397.05ms
step:665/1670 train_time:264031ms step_avg:397.04ms
step:666/1670 train_time:264422ms step_avg:397.03ms
step:667/1670 train_time:264814ms step_avg:397.02ms
step:668/1670 train_time:265202ms step_avg:397.01ms
step:669/1670 train_time:265593ms step_avg:397.00ms
step:670/1670 train_time:265982ms step_avg:396.99ms
step:671/1670 train_time:266376ms step_avg:396.98ms
step:672/1670 train_time:266776ms step_avg:396.99ms
step:673/1670 train_time:267169ms step_avg:396.98ms
step:674/1670 train_time:267560ms step_avg:396.97ms
step:675/1670 train_time:267952ms step_avg:396.97ms
step:676/1670 train_time:268342ms step_avg:396.96ms
step:677/1670 train_time:268735ms step_avg:396.95ms
step:678/1670 train_time:269130ms step_avg:396.95ms
step:679/1670 train_time:269521ms step_avg:396.94ms
step:680/1670 train_time:269908ms step_avg:396.92ms
step:681/1670 train_time:270302ms step_avg:396.92ms
step:682/1670 train_time:270692ms step_avg:396.91ms
step:683/1670 train_time:271086ms step_avg:396.90ms
step:684/1670 train_time:271478ms step_avg:396.90ms
step:685/1670 train_time:271870ms step_avg:396.89ms
step:686/1670 train_time:272263ms step_avg:396.88ms
step:687/1670 train_time:272658ms step_avg:396.88ms
step:688/1670 train_time:273050ms step_avg:396.87ms
step:689/1670 train_time:273441ms step_avg:396.87ms
step:690/1670 train_time:273837ms step_avg:396.87ms
step:691/1670 train_time:274227ms step_avg:396.86ms
step:692/1670 train_time:274622ms step_avg:396.85ms
step:693/1670 train_time:275015ms step_avg:396.85ms
step:694/1670 train_time:275408ms step_avg:396.84ms
step:695/1670 train_time:275799ms step_avg:396.83ms
step:696/1670 train_time:276191ms step_avg:396.83ms
step:697/1670 train_time:276584ms step_avg:396.82ms
step:698/1670 train_time:276974ms step_avg:396.81ms
step:699/1670 train_time:277366ms step_avg:396.80ms
step:700/1670 train_time:277754ms step_avg:396.79ms
step:701/1670 train_time:278144ms step_avg:396.78ms
step:702/1670 train_time:278534ms step_avg:396.77ms
step:703/1670 train_time:278925ms step_avg:396.76ms
step:704/1670 train_time:279319ms step_avg:396.76ms
step:705/1670 train_time:279709ms step_avg:396.75ms
step:706/1670 train_time:280097ms step_avg:396.74ms
step:707/1670 train_time:280493ms step_avg:396.74ms
step:708/1670 train_time:280888ms step_avg:396.73ms
step:709/1670 train_time:281284ms step_avg:396.73ms
step:710/1670 train_time:281673ms step_avg:396.72ms
step:711/1670 train_time:282061ms step_avg:396.71ms
step:712/1670 train_time:282451ms step_avg:396.70ms
step:713/1670 train_time:282844ms step_avg:396.70ms
step:714/1670 train_time:283236ms step_avg:396.69ms
step:715/1670 train_time:283626ms step_avg:396.68ms
step:716/1670 train_time:284016ms step_avg:396.67ms
step:717/1670 train_time:284410ms step_avg:396.67ms
step:718/1670 train_time:284803ms step_avg:396.66ms
step:719/1670 train_time:285195ms step_avg:396.65ms
step:720/1670 train_time:285593ms step_avg:396.66ms
step:721/1670 train_time:285975ms step_avg:396.64ms
step:722/1670 train_time:286367ms step_avg:396.63ms
step:723/1670 train_time:286757ms step_avg:396.62ms
step:724/1670 train_time:287154ms step_avg:396.62ms
step:725/1670 train_time:287542ms step_avg:396.61ms
step:726/1670 train_time:287938ms step_avg:396.61ms
step:727/1670 train_time:288331ms step_avg:396.60ms
step:728/1670 train_time:288720ms step_avg:396.59ms
step:729/1670 train_time:289106ms step_avg:396.58ms
step:730/1670 train_time:289510ms step_avg:396.59ms
step:731/1670 train_time:289897ms step_avg:396.58ms
step:732/1670 train_time:290289ms step_avg:396.57ms
step:733/1670 train_time:290677ms step_avg:396.56ms
step:734/1670 train_time:291072ms step_avg:396.56ms
step:735/1670 train_time:291460ms step_avg:396.54ms
step:736/1670 train_time:291857ms step_avg:396.54ms
step:737/1670 train_time:292249ms step_avg:396.54ms
step:738/1670 train_time:292639ms step_avg:396.53ms
step:739/1670 train_time:293045ms step_avg:396.54ms
step:740/1670 train_time:293436ms step_avg:396.54ms
step:741/1670 train_time:293816ms step_avg:396.51ms
step:742/1670 train_time:294207ms step_avg:396.51ms
step:743/1670 train_time:294594ms step_avg:396.49ms
step:744/1670 train_time:294990ms step_avg:396.49ms
step:745/1670 train_time:295402ms step_avg:396.51ms
step:746/1670 train_time:295797ms step_avg:396.51ms
step:747/1670 train_time:296191ms step_avg:396.51ms
step:748/1670 train_time:296582ms step_avg:396.50ms
step:749/1670 train_time:296957ms step_avg:396.47ms
step:750/1670 train_time:297348ms step_avg:396.46ms
step:750/1670 val_loss:3.5599 train_time:297645ms step_avg:396.86ms
step:751/1670 train_time:297914ms step_avg:396.69ms
step:752/1670 train_time:298260ms step_avg:396.62ms
step:753/1670 train_time:298652ms step_avg:396.62ms
step:754/1670 train_time:299042ms step_avg:396.61ms
step:755/1670 train_time:299435ms step_avg:396.60ms
step:756/1670 train_time:299826ms step_avg:396.60ms
step:757/1670 train_time:300214ms step_avg:396.58ms
step:758/1670 train_time:300608ms step_avg:396.58ms
step:759/1670 train_time:300996ms step_avg:396.57ms
step:760/1670 train_time:301392ms step_avg:396.57ms
step:761/1670 train_time:301784ms step_avg:396.56ms
step:762/1670 train_time:302182ms step_avg:396.56ms
step:763/1670 train_time:302577ms step_avg:396.56ms
step:764/1670 train_time:302969ms step_avg:396.56ms
step:765/1670 train_time:303360ms step_avg:396.55ms
step:766/1670 train_time:303755ms step_avg:396.55ms
step:767/1670 train_time:304148ms step_avg:396.54ms
step:768/1670 train_time:304542ms step_avg:396.54ms
step:769/1670 train_time:304930ms step_avg:396.53ms
step:770/1670 train_time:305320ms step_avg:396.52ms
step:771/1670 train_time:305710ms step_avg:396.51ms
step:772/1670 train_time:306106ms step_avg:396.51ms
step:773/1670 train_time:306498ms step_avg:396.50ms
step:774/1670 train_time:306896ms step_avg:396.51ms
step:775/1670 train_time:307287ms step_avg:396.50ms
step:776/1670 train_time:307681ms step_avg:396.50ms
step:777/1670 train_time:308071ms step_avg:396.49ms
step:778/1670 train_time:308465ms step_avg:396.48ms
step:779/1670 train_time:308858ms step_avg:396.48ms
step:780/1670 train_time:309252ms step_avg:396.48ms
step:781/1670 train_time:309641ms step_avg:396.47ms
step:782/1670 train_time:310032ms step_avg:396.46ms
step:783/1670 train_time:310425ms step_avg:396.46ms
step:784/1670 train_time:310816ms step_avg:396.45ms
step:785/1670 train_time:311205ms step_avg:396.44ms
step:786/1670 train_time:311597ms step_avg:396.43ms
step:787/1670 train_time:311991ms step_avg:396.43ms
step:788/1670 train_time:312382ms step_avg:396.42ms
step:789/1670 train_time:312776ms step_avg:396.42ms
step:790/1670 train_time:313166ms step_avg:396.41ms
step:791/1670 train_time:313557ms step_avg:396.41ms
step:792/1670 train_time:313946ms step_avg:396.40ms
step:793/1670 train_time:314334ms step_avg:396.39ms
step:794/1670 train_time:314733ms step_avg:396.39ms
step:795/1670 train_time:315125ms step_avg:396.38ms
step:796/1670 train_time:315516ms step_avg:396.38ms
step:797/1670 train_time:315907ms step_avg:396.37ms
step:798/1670 train_time:316305ms step_avg:396.37ms
step:799/1670 train_time:316693ms step_avg:396.36ms
step:800/1670 train_time:317083ms step_avg:396.35ms
step:801/1670 train_time:317470ms step_avg:396.34ms
step:802/1670 train_time:317864ms step_avg:396.34ms
step:803/1670 train_time:318260ms step_avg:396.34ms
step:804/1670 train_time:318646ms step_avg:396.33ms
step:805/1670 train_time:319036ms step_avg:396.32ms
step:806/1670 train_time:319426ms step_avg:396.31ms
step:807/1670 train_time:319823ms step_avg:396.31ms
step:808/1670 train_time:320213ms step_avg:396.30ms
step:809/1670 train_time:320599ms step_avg:396.29ms
step:810/1670 train_time:320989ms step_avg:396.28ms
step:811/1670 train_time:321387ms step_avg:396.28ms
step:812/1670 train_time:321773ms step_avg:396.27ms
step:813/1670 train_time:322164ms step_avg:396.27ms
step:814/1670 train_time:322553ms step_avg:396.26ms
step:815/1670 train_time:322945ms step_avg:396.25ms
step:816/1670 train_time:323336ms step_avg:396.24ms
step:817/1670 train_time:323727ms step_avg:396.24ms
step:818/1670 train_time:324115ms step_avg:396.23ms
step:819/1670 train_time:324505ms step_avg:396.22ms
step:820/1670 train_time:324894ms step_avg:396.21ms
step:821/1670 train_time:325284ms step_avg:396.20ms
step:822/1670 train_time:325673ms step_avg:396.20ms
step:823/1670 train_time:326066ms step_avg:396.19ms
step:824/1670 train_time:326454ms step_avg:396.18ms
step:825/1670 train_time:326850ms step_avg:396.18ms
step:826/1670 train_time:327238ms step_avg:396.17ms
step:827/1670 train_time:327633ms step_avg:396.17ms
step:828/1670 train_time:328021ms step_avg:396.16ms
step:829/1670 train_time:328420ms step_avg:396.16ms
step:830/1670 train_time:328811ms step_avg:396.16ms
step:831/1670 train_time:329204ms step_avg:396.15ms
step:832/1670 train_time:329595ms step_avg:396.15ms
step:833/1670 train_time:329985ms step_avg:396.14ms
step:834/1670 train_time:330372ms step_avg:396.13ms
step:835/1670 train_time:330762ms step_avg:396.12ms
step:836/1670 train_time:331153ms step_avg:396.12ms
step:837/1670 train_time:331549ms step_avg:396.12ms
step:838/1670 train_time:331942ms step_avg:396.11ms
step:839/1670 train_time:332333ms step_avg:396.11ms
step:840/1670 train_time:332721ms step_avg:396.10ms
step:841/1670 train_time:333777ms step_avg:396.88ms
step:842/1670 train_time:334165ms step_avg:396.87ms
step:843/1670 train_time:334555ms step_avg:396.86ms
step:844/1670 train_time:334946ms step_avg:396.86ms
step:845/1670 train_time:335337ms step_avg:396.85ms
step:846/1670 train_time:335730ms step_avg:396.84ms
step:847/1670 train_time:336119ms step_avg:396.84ms
step:848/1670 train_time:336515ms step_avg:396.83ms
step:849/1670 train_time:336909ms step_avg:396.83ms
step:850/1670 train_time:337303ms step_avg:396.83ms
step:851/1670 train_time:337693ms step_avg:396.82ms
step:852/1670 train_time:338086ms step_avg:396.81ms
step:853/1670 train_time:338477ms step_avg:396.81ms
step:854/1670 train_time:338868ms step_avg:396.80ms
step:855/1670 train_time:339260ms step_avg:396.80ms
step:856/1670 train_time:339646ms step_avg:396.78ms
step:857/1670 train_time:340038ms step_avg:396.78ms
step:858/1670 train_time:340435ms step_avg:396.78ms
step:859/1670 train_time:340829ms step_avg:396.77ms
step:860/1670 train_time:341219ms step_avg:396.77ms
step:861/1670 train_time:341613ms step_avg:396.76ms
step:862/1670 train_time:342007ms step_avg:396.76ms
step:863/1670 train_time:342396ms step_avg:396.75ms
step:864/1670 train_time:342792ms step_avg:396.75ms
step:865/1670 train_time:343184ms step_avg:396.74ms
step:866/1670 train_time:343574ms step_avg:396.74ms
step:867/1670 train_time:343965ms step_avg:396.73ms
step:868/1670 train_time:344354ms step_avg:396.72ms
step:869/1670 train_time:344746ms step_avg:396.72ms
step:870/1670 train_time:345141ms step_avg:396.71ms
step:871/1670 train_time:345530ms step_avg:396.71ms
step:872/1670 train_time:345918ms step_avg:396.70ms
step:873/1670 train_time:346308ms step_avg:396.69ms
step:874/1670 train_time:346696ms step_avg:396.68ms
step:875/1670 train_time:347089ms step_avg:396.67ms
step:875/1670 val_loss:3.5156 train_time:347384ms step_avg:397.01ms
step:876/1670 train_time:347679ms step_avg:396.89ms
step:877/1670 train_time:348010ms step_avg:396.82ms
step:878/1670 train_time:348404ms step_avg:396.82ms
step:879/1670 train_time:348795ms step_avg:396.81ms
step:880/1670 train_time:349188ms step_avg:396.80ms
step:881/1670 train_time:349577ms step_avg:396.80ms
step:882/1670 train_time:349967ms step_avg:396.79ms
step:883/1670 train_time:350355ms step_avg:396.78ms
step:884/1670 train_time:350749ms step_avg:396.77ms
step:885/1670 train_time:351156ms step_avg:396.79ms
step:886/1670 train_time:351528ms step_avg:396.76ms
step:887/1670 train_time:351921ms step_avg:396.75ms
step:888/1670 train_time:352311ms step_avg:396.75ms
step:889/1670 train_time:352701ms step_avg:396.74ms
step:890/1670 train_time:353091ms step_avg:396.73ms
step:891/1670 train_time:353481ms step_avg:396.72ms
step:892/1670 train_time:353870ms step_avg:396.71ms
step:893/1670 train_time:354260ms step_avg:396.71ms
step:894/1670 train_time:354661ms step_avg:396.71ms
step:895/1670 train_time:355059ms step_avg:396.71ms
step:896/1670 train_time:355448ms step_avg:396.71ms
step:897/1670 train_time:355841ms step_avg:396.70ms
step:898/1670 train_time:356236ms step_avg:396.70ms
step:899/1670 train_time:356625ms step_avg:396.69ms
step:900/1670 train_time:357018ms step_avg:396.69ms
step:901/1670 train_time:357405ms step_avg:396.68ms
step:902/1670 train_time:357797ms step_avg:396.67ms
step:903/1670 train_time:358189ms step_avg:396.67ms
step:904/1670 train_time:358581ms step_avg:396.66ms
step:905/1670 train_time:358969ms step_avg:396.65ms
step:906/1670 train_time:359365ms step_avg:396.65ms
step:907/1670 train_time:359758ms step_avg:396.65ms
step:908/1670 train_time:360151ms step_avg:396.64ms
step:909/1670 train_time:360540ms step_avg:396.63ms
step:910/1670 train_time:360929ms step_avg:396.63ms
step:911/1670 train_time:361319ms step_avg:396.62ms
step:912/1670 train_time:361714ms step_avg:396.62ms
step:913/1670 train_time:362102ms step_avg:396.61ms
step:914/1670 train_time:362493ms step_avg:396.60ms
step:915/1670 train_time:362888ms step_avg:396.60ms
step:916/1670 train_time:363278ms step_avg:396.59ms
step:917/1670 train_time:363670ms step_avg:396.59ms
step:918/1670 train_time:364061ms step_avg:396.58ms
step:919/1670 train_time:364450ms step_avg:396.57ms
step:920/1670 train_time:364841ms step_avg:396.57ms
step:921/1670 train_time:365235ms step_avg:396.56ms
step:922/1670 train_time:365626ms step_avg:396.56ms
step:923/1670 train_time:366013ms step_avg:396.55ms
step:924/1670 train_time:366403ms step_avg:396.54ms
step:925/1670 train_time:366795ms step_avg:396.53ms
step:926/1670 train_time:367185ms step_avg:396.53ms
step:927/1670 train_time:367573ms step_avg:396.52ms
step:928/1670 train_time:367963ms step_avg:396.51ms
step:929/1670 train_time:368352ms step_avg:396.50ms
step:930/1670 train_time:368745ms step_avg:396.50ms
step:931/1670 train_time:369135ms step_avg:396.49ms
step:932/1670 train_time:369522ms step_avg:396.48ms
step:933/1670 train_time:369915ms step_avg:396.48ms
step:934/1670 train_time:370309ms step_avg:396.48ms
step:935/1670 train_time:370700ms step_avg:396.47ms
step:936/1670 train_time:371098ms step_avg:396.47ms
step:937/1670 train_time:371492ms step_avg:396.47ms
step:938/1670 train_time:371884ms step_avg:396.46ms
step:939/1670 train_time:372275ms step_avg:396.46ms
step:940/1670 train_time:372664ms step_avg:396.45ms
step:941/1670 train_time:373058ms step_avg:396.45ms
step:942/1670 train_time:373447ms step_avg:396.44ms
step:943/1670 train_time:373836ms step_avg:396.43ms
step:944/1670 train_time:374232ms step_avg:396.43ms
step:945/1670 train_time:374619ms step_avg:396.42ms
step:946/1670 train_time:375012ms step_avg:396.42ms
step:947/1670 train_time:375403ms step_avg:396.41ms
step:948/1670 train_time:375795ms step_avg:396.41ms
step:949/1670 train_time:376183ms step_avg:396.40ms
step:950/1670 train_time:376575ms step_avg:396.40ms
step:951/1670 train_time:376967ms step_avg:396.39ms
step:952/1670 train_time:377354ms step_avg:396.38ms
step:953/1670 train_time:377747ms step_avg:396.38ms
step:954/1670 train_time:378144ms step_avg:396.38ms
step:955/1670 train_time:378533ms step_avg:396.37ms
step:956/1670 train_time:378928ms step_avg:396.37ms
step:957/1670 train_time:379321ms step_avg:396.36ms
step:958/1670 train_time:379713ms step_avg:396.36ms
step:959/1670 train_time:380104ms step_avg:396.35ms
step:960/1670 train_time:380493ms step_avg:396.35ms
step:961/1670 train_time:380887ms step_avg:396.34ms
step:962/1670 train_time:381277ms step_avg:396.34ms
step:963/1670 train_time:381670ms step_avg:396.33ms
step:964/1670 train_time:382065ms step_avg:396.33ms
step:965/1670 train_time:382456ms step_avg:396.33ms
step:966/1670 train_time:382848ms step_avg:396.32ms
step:967/1670 train_time:383238ms step_avg:396.32ms
step:968/1670 train_time:383627ms step_avg:396.31ms
step:969/1670 train_time:384018ms step_avg:396.30ms
step:970/1670 train_time:384412ms step_avg:396.30ms
step:971/1670 train_time:384803ms step_avg:396.30ms
step:972/1670 train_time:385192ms step_avg:396.29ms
step:973/1670 train_time:385586ms step_avg:396.29ms
step:974/1670 train_time:385977ms step_avg:396.28ms
step:975/1670 train_time:386369ms step_avg:396.28ms
step:976/1670 train_time:386761ms step_avg:396.27ms
step:977/1670 train_time:387154ms step_avg:396.27ms
step:978/1670 train_time:387548ms step_avg:396.27ms
step:979/1670 train_time:387945ms step_avg:396.27ms
step:980/1670 train_time:388333ms step_avg:396.26ms
step:981/1670 train_time:388720ms step_avg:396.25ms
step:982/1670 train_time:389114ms step_avg:396.25ms
step:983/1670 train_time:389507ms step_avg:396.24ms
step:984/1670 train_time:389899ms step_avg:396.24ms
step:985/1670 train_time:390294ms step_avg:396.24ms
step:986/1670 train_time:390686ms step_avg:396.23ms
step:987/1670 train_time:391075ms step_avg:396.23ms
step:988/1670 train_time:391466ms step_avg:396.22ms
step:989/1670 train_time:391856ms step_avg:396.21ms
step:990/1670 train_time:392244ms step_avg:396.21ms
step:991/1670 train_time:392634ms step_avg:396.20ms
step:992/1670 train_time:393028ms step_avg:396.20ms
step:993/1670 train_time:393419ms step_avg:396.19ms
step:994/1670 train_time:393811ms step_avg:396.19ms
step:995/1670 train_time:394200ms step_avg:396.18ms
step:996/1670 train_time:394592ms step_avg:396.18ms
step:997/1670 train_time:394991ms step_avg:396.18ms
step:998/1670 train_time:395380ms step_avg:396.17ms
step:999/1670 train_time:395771ms step_avg:396.17ms
step:1000/1670 train_time:396163ms step_avg:396.16ms
step:1000/1670 val_loss:3.4655 train_time:396454ms step_avg:396.45ms
step:1001/1670 train_time:396730ms step_avg:396.33ms
step:1002/1670 train_time:397065ms step_avg:396.27ms
step:1003/1670 train_time:397455ms step_avg:396.27ms
step:1004/1670 train_time:397849ms step_avg:396.26ms
step:1005/1670 train_time:398245ms step_avg:396.26ms
step:1006/1670 train_time:398632ms step_avg:396.25ms
step:1007/1670 train_time:399028ms step_avg:396.25ms
step:1008/1670 train_time:399418ms step_avg:396.25ms
step:1009/1670 train_time:399809ms step_avg:396.24ms
step:1010/1670 train_time:400199ms step_avg:396.24ms
step:1011/1670 train_time:400592ms step_avg:396.23ms
step:1012/1670 train_time:400987ms step_avg:396.23ms
step:1013/1670 train_time:401374ms step_avg:396.22ms
step:1014/1670 train_time:401764ms step_avg:396.22ms
step:1015/1670 train_time:402154ms step_avg:396.21ms
step:1016/1670 train_time:402547ms step_avg:396.21ms
step:1017/1670 train_time:402940ms step_avg:396.20ms
step:1018/1670 train_time:403335ms step_avg:396.20ms
step:1019/1670 train_time:403729ms step_avg:396.20ms
step:1020/1670 train_time:404115ms step_avg:396.19ms
step:1021/1670 train_time:404504ms step_avg:396.18ms
step:1022/1670 train_time:404900ms step_avg:396.18ms
step:1023/1670 train_time:405294ms step_avg:396.18ms
step:1024/1670 train_time:405684ms step_avg:396.18ms
step:1025/1670 train_time:406076ms step_avg:396.17ms
step:1026/1670 train_time:406470ms step_avg:396.17ms
step:1027/1670 train_time:406861ms step_avg:396.16ms
step:1028/1670 train_time:407247ms step_avg:396.15ms
step:1029/1670 train_time:407642ms step_avg:396.15ms
step:1030/1670 train_time:408033ms step_avg:396.15ms
step:1031/1670 train_time:408427ms step_avg:396.15ms
step:1032/1670 train_time:408818ms step_avg:396.14ms
step:1033/1670 train_time:409209ms step_avg:396.14ms
step:1034/1670 train_time:409605ms step_avg:396.14ms
step:1035/1670 train_time:409995ms step_avg:396.13ms
step:1036/1670 train_time:410389ms step_avg:396.13ms
step:1037/1670 train_time:410786ms step_avg:396.13ms
step:1038/1670 train_time:411175ms step_avg:396.12ms
step:1039/1670 train_time:411564ms step_avg:396.12ms
step:1040/1670 train_time:411954ms step_avg:396.11ms
step:1041/1670 train_time:412345ms step_avg:396.10ms
step:1042/1670 train_time:412743ms step_avg:396.11ms
step:1043/1670 train_time:413132ms step_avg:396.10ms
step:1044/1670 train_time:413523ms step_avg:396.10ms
step:1045/1670 train_time:413923ms step_avg:396.10ms
step:1046/1670 train_time:414321ms step_avg:396.10ms
step:1047/1670 train_time:414708ms step_avg:396.09ms
step:1048/1670 train_time:415100ms step_avg:396.09ms
step:1049/1670 train_time:415490ms step_avg:396.08ms
step:1050/1670 train_time:416650ms step_avg:396.81ms
step:1051/1670 train_time:417045ms step_avg:396.81ms
step:1052/1670 train_time:417438ms step_avg:396.80ms
step:1053/1670 train_time:417832ms step_avg:396.80ms
step:1054/1670 train_time:418221ms step_avg:396.79ms
step:1055/1670 train_time:418616ms step_avg:396.79ms
step:1056/1670 train_time:419011ms step_avg:396.79ms
step:1057/1670 train_time:419405ms step_avg:396.79ms
step:1058/1670 train_time:419790ms step_avg:396.78ms
step:1059/1670 train_time:420179ms step_avg:396.77ms
step:1060/1670 train_time:420569ms step_avg:396.76ms
step:1061/1670 train_time:420961ms step_avg:396.76ms
step:1062/1670 train_time:421350ms step_avg:396.75ms
step:1063/1670 train_time:421745ms step_avg:396.75ms
step:1064/1670 train_time:422132ms step_avg:396.74ms
step:1065/1670 train_time:422527ms step_avg:396.74ms
step:1066/1670 train_time:422918ms step_avg:396.73ms
step:1067/1670 train_time:423308ms step_avg:396.73ms
step:1068/1670 train_time:423700ms step_avg:396.72ms
step:1069/1670 train_time:424093ms step_avg:396.72ms
step:1070/1670 train_time:424484ms step_avg:396.71ms
step:1071/1670 train_time:424876ms step_avg:396.71ms
step:1072/1670 train_time:425268ms step_avg:396.71ms
step:1073/1670 train_time:425664ms step_avg:396.70ms
step:1074/1670 train_time:426052ms step_avg:396.70ms
step:1075/1670 train_time:426441ms step_avg:396.69ms
step:1076/1670 train_time:426836ms step_avg:396.69ms
step:1077/1670 train_time:427228ms step_avg:396.68ms
step:1078/1670 train_time:427621ms step_avg:396.68ms
step:1079/1670 train_time:428011ms step_avg:396.67ms
step:1080/1670 train_time:428405ms step_avg:396.67ms
step:1081/1670 train_time:428799ms step_avg:396.67ms
step:1082/1670 train_time:429195ms step_avg:396.67ms
step:1083/1670 train_time:429585ms step_avg:396.66ms
step:1084/1670 train_time:429976ms step_avg:396.66ms
step:1085/1670 train_time:430363ms step_avg:396.65ms
step:1086/1670 train_time:430756ms step_avg:396.64ms
step:1087/1670 train_time:431149ms step_avg:396.64ms
step:1088/1670 train_time:431538ms step_avg:396.63ms
step:1089/1670 train_time:431931ms step_avg:396.63ms
step:1090/1670 train_time:432321ms step_avg:396.62ms
step:1091/1670 train_time:432713ms step_avg:396.62ms
step:1092/1670 train_time:433106ms step_avg:396.62ms
step:1093/1670 train_time:433500ms step_avg:396.62ms
step:1094/1670 train_time:433896ms step_avg:396.61ms
step:1095/1670 train_time:434287ms step_avg:396.61ms
step:1096/1670 train_time:434683ms step_avg:396.61ms
step:1097/1670 train_time:435072ms step_avg:396.60ms
step:1098/1670 train_time:435465ms step_avg:396.60ms
step:1099/1670 train_time:435858ms step_avg:396.60ms
step:1100/1670 train_time:436249ms step_avg:396.59ms
step:1101/1670 train_time:436638ms step_avg:396.58ms
step:1102/1670 train_time:437029ms step_avg:396.58ms
step:1103/1670 train_time:437419ms step_avg:396.57ms
step:1104/1670 train_time:437812ms step_avg:396.57ms
step:1105/1670 train_time:438205ms step_avg:396.57ms
step:1106/1670 train_time:438593ms step_avg:396.56ms
step:1107/1670 train_time:438990ms step_avg:396.56ms
step:1108/1670 train_time:439376ms step_avg:396.55ms
step:1109/1670 train_time:439769ms step_avg:396.55ms
step:1110/1670 train_time:440159ms step_avg:396.54ms
step:1111/1670 train_time:440548ms step_avg:396.53ms
step:1112/1670 train_time:440944ms step_avg:396.53ms
step:1113/1670 train_time:441334ms step_avg:396.53ms
step:1114/1670 train_time:441729ms step_avg:396.52ms
step:1115/1670 train_time:442168ms step_avg:396.56ms
step:1116/1670 train_time:442566ms step_avg:396.56ms
step:1117/1670 train_time:442957ms step_avg:396.56ms
step:1118/1670 train_time:443351ms step_avg:396.56ms
step:1119/1670 train_time:443742ms step_avg:396.55ms
step:1120/1670 train_time:444138ms step_avg:396.55ms
step:1121/1670 train_time:444527ms step_avg:396.55ms
step:1122/1670 train_time:444915ms step_avg:396.54ms
step:1123/1670 train_time:445308ms step_avg:396.53ms
step:1124/1670 train_time:445698ms step_avg:396.53ms
step:1125/1670 train_time:446089ms step_avg:396.52ms
step:1125/1670 val_loss:3.4140 train_time:446384ms step_avg:396.79ms
step:1126/1670 train_time:446658ms step_avg:396.68ms
step:1127/1670 train_time:446992ms step_avg:396.62ms
step:1128/1670 train_time:447386ms step_avg:396.62ms
step:1129/1670 train_time:447778ms step_avg:396.62ms
step:1130/1670 train_time:448169ms step_avg:396.61ms
step:1131/1670 train_time:448563ms step_avg:396.61ms
step:1132/1670 train_time:448951ms step_avg:396.60ms
step:1133/1670 train_time:449341ms step_avg:396.59ms
step:1134/1670 train_time:449734ms step_avg:396.59ms
step:1135/1670 train_time:450123ms step_avg:396.58ms
step:1136/1670 train_time:450517ms step_avg:396.58ms
step:1137/1670 train_time:450909ms step_avg:396.58ms
step:1138/1670 train_time:451301ms step_avg:396.57ms
step:1139/1670 train_time:451691ms step_avg:396.57ms
step:1140/1670 train_time:452081ms step_avg:396.56ms
step:1141/1670 train_time:452474ms step_avg:396.56ms
step:1142/1670 train_time:452883ms step_avg:396.57ms
step:1143/1670 train_time:453256ms step_avg:396.55ms
step:1144/1670 train_time:453648ms step_avg:396.55ms
step:1145/1670 train_time:454041ms step_avg:396.54ms
step:1146/1670 train_time:454438ms step_avg:396.54ms
step:1147/1670 train_time:454830ms step_avg:396.54ms
step:1148/1670 train_time:455227ms step_avg:396.54ms
step:1149/1670 train_time:455617ms step_avg:396.53ms
step:1150/1670 train_time:456003ms step_avg:396.52ms
step:1151/1670 train_time:456397ms step_avg:396.52ms
step:1152/1670 train_time:456791ms step_avg:396.52ms
step:1153/1670 train_time:457179ms step_avg:396.51ms
step:1154/1670 train_time:457572ms step_avg:396.51ms
step:1155/1670 train_time:457963ms step_avg:396.50ms
step:1156/1670 train_time:458354ms step_avg:396.50ms
step:1157/1670 train_time:458744ms step_avg:396.49ms
step:1158/1670 train_time:459134ms step_avg:396.49ms
step:1159/1670 train_time:459528ms step_avg:396.49ms
step:1160/1670 train_time:459919ms step_avg:396.48ms
step:1161/1670 train_time:460314ms step_avg:396.48ms
step:1162/1670 train_time:460706ms step_avg:396.48ms
step:1163/1670 train_time:461096ms step_avg:396.47ms
step:1164/1670 train_time:461490ms step_avg:396.47ms
step:1165/1670 train_time:461886ms step_avg:396.47ms
step:1166/1670 train_time:462277ms step_avg:396.46ms
step:1167/1670 train_time:462670ms step_avg:396.46ms
step:1168/1670 train_time:463058ms step_avg:396.45ms
step:1169/1670 train_time:463449ms step_avg:396.45ms
step:1170/1670 train_time:463838ms step_avg:396.44ms
step:1171/1670 train_time:464226ms step_avg:396.44ms
step:1172/1670 train_time:464620ms step_avg:396.43ms
step:1173/1670 train_time:465011ms step_avg:396.43ms
step:1174/1670 train_time:465400ms step_avg:396.42ms
step:1175/1670 train_time:465794ms step_avg:396.42ms
step:1176/1670 train_time:466186ms step_avg:396.42ms
step:1177/1670 train_time:466580ms step_avg:396.41ms
step:1178/1670 train_time:466974ms step_avg:396.41ms
step:1179/1670 train_time:467367ms step_avg:396.41ms
step:1180/1670 train_time:467761ms step_avg:396.41ms
step:1181/1670 train_time:468152ms step_avg:396.40ms
step:1182/1670 train_time:468539ms step_avg:396.39ms
step:1183/1670 train_time:468930ms step_avg:396.39ms
step:1184/1670 train_time:469319ms step_avg:396.38ms
step:1185/1670 train_time:469711ms step_avg:396.38ms
step:1186/1670 train_time:470101ms step_avg:396.38ms
step:1187/1670 train_time:470492ms step_avg:396.37ms
step:1188/1670 train_time:470884ms step_avg:396.37ms
step:1189/1670 train_time:471279ms step_avg:396.37ms
step:1190/1670 train_time:471668ms step_avg:396.36ms
step:1191/1670 train_time:472063ms step_avg:396.36ms
step:1192/1670 train_time:472452ms step_avg:396.35ms
step:1193/1670 train_time:472851ms step_avg:396.35ms
step:1194/1670 train_time:473246ms step_avg:396.35ms
step:1195/1670 train_time:473635ms step_avg:396.35ms
step:1196/1670 train_time:474029ms step_avg:396.35ms
step:1197/1670 train_time:474419ms step_avg:396.34ms
step:1198/1670 train_time:474811ms step_avg:396.34ms
step:1199/1670 train_time:475205ms step_avg:396.33ms
step:1200/1670 train_time:475596ms step_avg:396.33ms
step:1201/1670 train_time:475991ms step_avg:396.33ms
step:1202/1670 train_time:476384ms step_avg:396.33ms
step:1203/1670 train_time:476773ms step_avg:396.32ms
step:1204/1670 train_time:477164ms step_avg:396.32ms
step:1205/1670 train_time:477552ms step_avg:396.31ms
step:1206/1670 train_time:477941ms step_avg:396.30ms
step:1207/1670 train_time:478331ms step_avg:396.30ms
step:1208/1670 train_time:478723ms step_avg:396.29ms
step:1209/1670 train_time:479116ms step_avg:396.29ms
step:1210/1670 train_time:479506ms step_avg:396.29ms
step:1211/1670 train_time:479901ms step_avg:396.29ms
step:1212/1670 train_time:480296ms step_avg:396.28ms
step:1213/1670 train_time:480703ms step_avg:396.29ms
step:1214/1670 train_time:481091ms step_avg:396.29ms
step:1215/1670 train_time:481482ms step_avg:396.28ms
step:1216/1670 train_time:481853ms step_avg:396.26ms
step:1217/1670 train_time:482243ms step_avg:396.26ms
step:1218/1670 train_time:482634ms step_avg:396.25ms
step:1219/1670 train_time:483030ms step_avg:396.25ms
step:1220/1670 train_time:483425ms step_avg:396.25ms
step:1221/1670 train_time:483817ms step_avg:396.25ms
step:1222/1670 train_time:484220ms step_avg:396.25ms
step:1223/1670 train_time:484613ms step_avg:396.25ms
step:1224/1670 train_time:484991ms step_avg:396.23ms
step:1225/1670 train_time:485386ms step_avg:396.23ms
step:1226/1670 train_time:485778ms step_avg:396.23ms
step:1227/1670 train_time:486168ms step_avg:396.23ms
step:1228/1670 train_time:486560ms step_avg:396.22ms
step:1229/1670 train_time:486950ms step_avg:396.22ms
step:1230/1670 train_time:487341ms step_avg:396.21ms
step:1231/1670 train_time:487729ms step_avg:396.21ms
step:1232/1670 train_time:488121ms step_avg:396.20ms
step:1233/1670 train_time:488511ms step_avg:396.20ms
step:1234/1670 train_time:488904ms step_avg:396.19ms
step:1235/1670 train_time:489294ms step_avg:396.19ms
step:1236/1670 train_time:489688ms step_avg:396.19ms
step:1237/1670 train_time:490078ms step_avg:396.18ms
step:1238/1670 train_time:490470ms step_avg:396.18ms
step:1239/1670 train_time:490861ms step_avg:396.18ms
step:1240/1670 train_time:491252ms step_avg:396.17ms
step:1241/1670 train_time:491644ms step_avg:396.17ms
step:1242/1670 train_time:492039ms step_avg:396.17ms
step:1243/1670 train_time:492436ms step_avg:396.17ms
step:1244/1670 train_time:492826ms step_avg:396.16ms
step:1245/1670 train_time:493220ms step_avg:396.16ms
step:1246/1670 train_time:493627ms step_avg:396.17ms
step:1247/1670 train_time:494016ms step_avg:396.16ms
step:1248/1670 train_time:494390ms step_avg:396.15ms
step:1249/1670 train_time:494783ms step_avg:396.14ms
step:1250/1670 train_time:495176ms step_avg:396.14ms
step:1250/1670 val_loss:3.3749 train_time:495477ms step_avg:396.38ms
step:1251/1670 train_time:495803ms step_avg:396.33ms
step:1252/1670 train_time:496136ms step_avg:396.27ms
step:1253/1670 train_time:496533ms step_avg:396.28ms
step:1254/1670 train_time:496941ms step_avg:396.29ms
step:1255/1670 train_time:497333ms step_avg:396.28ms
step:1256/1670 train_time:497715ms step_avg:396.27ms
step:1257/1670 train_time:498107ms step_avg:396.27ms
step:1258/1670 train_time:498493ms step_avg:396.26ms
step:1259/1670 train_time:498891ms step_avg:396.26ms
step:1260/1670 train_time:499918ms step_avg:396.76ms
step:1261/1670 train_time:500328ms step_avg:396.77ms
step:1262/1670 train_time:500732ms step_avg:396.78ms
step:1263/1670 train_time:501124ms step_avg:396.77ms
step:1264/1670 train_time:501513ms step_avg:396.77ms
step:1265/1670 train_time:501902ms step_avg:396.76ms
step:1266/1670 train_time:502298ms step_avg:396.76ms
step:1267/1670 train_time:502682ms step_avg:396.75ms
step:1268/1670 train_time:503076ms step_avg:396.75ms
step:1269/1670 train_time:503469ms step_avg:396.74ms
step:1270/1670 train_time:503861ms step_avg:396.74ms
step:1271/1670 train_time:504254ms step_avg:396.74ms
step:1272/1670 train_time:504644ms step_avg:396.73ms
step:1273/1670 train_time:505039ms step_avg:396.73ms
step:1274/1670 train_time:505438ms step_avg:396.73ms
step:1275/1670 train_time:505817ms step_avg:396.72ms
step:1276/1670 train_time:506205ms step_avg:396.71ms
step:1277/1670 train_time:506597ms step_avg:396.71ms
step:1278/1670 train_time:506986ms step_avg:396.70ms
step:1279/1670 train_time:507376ms step_avg:396.70ms
step:1280/1670 train_time:507772ms step_avg:396.70ms
step:1281/1670 train_time:508160ms step_avg:396.69ms
step:1282/1670 train_time:508556ms step_avg:396.69ms
step:1283/1670 train_time:508943ms step_avg:396.68ms
step:1284/1670 train_time:509336ms step_avg:396.68ms
step:1285/1670 train_time:509729ms step_avg:396.68ms
step:1286/1670 train_time:510123ms step_avg:396.67ms
step:1287/1670 train_time:510515ms step_avg:396.67ms
step:1288/1670 train_time:510908ms step_avg:396.67ms
step:1289/1670 train_time:511298ms step_avg:396.66ms
step:1290/1670 train_time:511692ms step_avg:396.66ms
step:1291/1670 train_time:512084ms step_avg:396.66ms
step:1292/1670 train_time:512477ms step_avg:396.65ms
step:1293/1670 train_time:512867ms step_avg:396.65ms
step:1294/1670 train_time:513257ms step_avg:396.64ms
step:1295/1670 train_time:513652ms step_avg:396.64ms
step:1296/1670 train_time:514043ms step_avg:396.64ms
step:1297/1670 train_time:514434ms step_avg:396.63ms
step:1298/1670 train_time:514824ms step_avg:396.63ms
step:1299/1670 train_time:515219ms step_avg:396.63ms
step:1300/1670 train_time:515610ms step_avg:396.62ms
step:1301/1670 train_time:516001ms step_avg:396.62ms
step:1302/1670 train_time:516391ms step_avg:396.61ms
step:1303/1670 train_time:516788ms step_avg:396.61ms
step:1304/1670 train_time:517181ms step_avg:396.61ms
step:1305/1670 train_time:517572ms step_avg:396.61ms
step:1306/1670 train_time:517961ms step_avg:396.60ms
step:1307/1670 train_time:518355ms step_avg:396.60ms
step:1308/1670 train_time:518750ms step_avg:396.60ms
step:1309/1670 train_time:519139ms step_avg:396.59ms
step:1310/1670 train_time:519531ms step_avg:396.59ms
step:1311/1670 train_time:519924ms step_avg:396.59ms
step:1312/1670 train_time:520318ms step_avg:396.58ms
step:1313/1670 train_time:520713ms step_avg:396.58ms
step:1314/1670 train_time:521108ms step_avg:396.58ms
step:1315/1670 train_time:521500ms step_avg:396.58ms
step:1316/1670 train_time:521889ms step_avg:396.57ms
step:1317/1670 train_time:522280ms step_avg:396.57ms
step:1318/1670 train_time:522670ms step_avg:396.56ms
step:1319/1670 train_time:523062ms step_avg:396.56ms
step:1320/1670 train_time:523455ms step_avg:396.56ms
step:1321/1670 train_time:523846ms step_avg:396.55ms
step:1322/1670 train_time:524239ms step_avg:396.55ms
step:1323/1670 train_time:524629ms step_avg:396.54ms
step:1324/1670 train_time:525023ms step_avg:396.54ms
step:1325/1670 train_time:525429ms step_avg:396.55ms
step:1326/1670 train_time:525822ms step_avg:396.55ms
step:1327/1670 train_time:526215ms step_avg:396.54ms
step:1328/1670 train_time:526591ms step_avg:396.53ms
step:1329/1670 train_time:526981ms step_avg:396.52ms
step:1330/1670 train_time:527368ms step_avg:396.52ms
step:1331/1670 train_time:527756ms step_avg:396.51ms
step:1332/1670 train_time:528148ms step_avg:396.51ms
step:1333/1670 train_time:528540ms step_avg:396.50ms
step:1334/1670 train_time:528931ms step_avg:396.50ms
step:1335/1670 train_time:529323ms step_avg:396.50ms
step:1336/1670 train_time:529717ms step_avg:396.49ms
step:1337/1670 train_time:530108ms step_avg:396.49ms
step:1338/1670 train_time:530500ms step_avg:396.49ms
step:1339/1670 train_time:530893ms step_avg:396.48ms
step:1340/1670 train_time:531285ms step_avg:396.48ms
step:1341/1670 train_time:531683ms step_avg:396.48ms
step:1342/1670 train_time:532079ms step_avg:396.48ms
step:1343/1670 train_time:532467ms step_avg:396.48ms
step:1344/1670 train_time:532865ms step_avg:396.48ms
step:1345/1670 train_time:533253ms step_avg:396.47ms
step:1346/1670 train_time:533642ms step_avg:396.47ms
step:1347/1670 train_time:534035ms step_avg:396.46ms
step:1348/1670 train_time:534427ms step_avg:396.46ms
step:1349/1670 train_time:534819ms step_avg:396.46ms
step:1350/1670 train_time:535211ms step_avg:396.45ms
step:1351/1670 train_time:535600ms step_avg:396.45ms
step:1352/1670 train_time:535994ms step_avg:396.45ms
step:1353/1670 train_time:536386ms step_avg:396.44ms
step:1354/1670 train_time:536778ms step_avg:396.44ms
step:1355/1670 train_time:537172ms step_avg:396.44ms
step:1356/1670 train_time:537560ms step_avg:396.43ms
step:1357/1670 train_time:537956ms step_avg:396.43ms
step:1358/1670 train_time:538344ms step_avg:396.42ms
step:1359/1670 train_time:538737ms step_avg:396.42ms
step:1360/1670 train_time:539131ms step_avg:396.42ms
step:1361/1670 train_time:539525ms step_avg:396.42ms
step:1362/1670 train_time:539914ms step_avg:396.41ms
step:1363/1670 train_time:540306ms step_avg:396.41ms
step:1364/1670 train_time:540697ms step_avg:396.41ms
step:1365/1670 train_time:541089ms step_avg:396.40ms
step:1366/1670 train_time:541484ms step_avg:396.40ms
step:1367/1670 train_time:541876ms step_avg:396.40ms
step:1368/1670 train_time:542269ms step_avg:396.40ms
step:1369/1670 train_time:542660ms step_avg:396.39ms
step:1370/1670 train_time:543052ms step_avg:396.39ms
step:1371/1670 train_time:543443ms step_avg:396.38ms
step:1372/1670 train_time:543839ms step_avg:396.38ms
step:1373/1670 train_time:544223ms step_avg:396.38ms
step:1374/1670 train_time:544617ms step_avg:396.37ms
step:1375/1670 train_time:545007ms step_avg:396.37ms
step:1375/1670 val_loss:3.3399 train_time:545306ms step_avg:396.59ms
step:1376/1670 train_time:545574ms step_avg:396.49ms
step:1377/1670 train_time:545914ms step_avg:396.45ms
step:1378/1670 train_time:546304ms step_avg:396.45ms
step:1379/1670 train_time:546695ms step_avg:396.44ms
step:1380/1670 train_time:547090ms step_avg:396.44ms
step:1381/1670 train_time:547485ms step_avg:396.44ms
step:1382/1670 train_time:547875ms step_avg:396.44ms
step:1383/1670 train_time:548268ms step_avg:396.43ms
step:1384/1670 train_time:548655ms step_avg:396.43ms
step:1385/1670 train_time:549048ms step_avg:396.42ms
step:1386/1670 train_time:549444ms step_avg:396.42ms
step:1387/1670 train_time:549836ms step_avg:396.42ms
step:1388/1670 train_time:550225ms step_avg:396.42ms
step:1389/1670 train_time:550618ms step_avg:396.41ms
step:1390/1670 train_time:551010ms step_avg:396.41ms
step:1391/1670 train_time:551400ms step_avg:396.41ms
step:1392/1670 train_time:551794ms step_avg:396.40ms
step:1393/1670 train_time:552185ms step_avg:396.40ms
step:1394/1670 train_time:552576ms step_avg:396.40ms
step:1395/1670 train_time:552967ms step_avg:396.39ms
step:1396/1670 train_time:553354ms step_avg:396.39ms
step:1397/1670 train_time:553750ms step_avg:396.39ms
step:1398/1670 train_time:554139ms step_avg:396.38ms
step:1399/1670 train_time:554528ms step_avg:396.37ms
step:1400/1670 train_time:554918ms step_avg:396.37ms
step:1401/1670 train_time:555314ms step_avg:396.37ms
step:1402/1670 train_time:555709ms step_avg:396.37ms
step:1403/1670 train_time:556097ms step_avg:396.36ms
step:1404/1670 train_time:556488ms step_avg:396.36ms
step:1405/1670 train_time:556882ms step_avg:396.36ms
step:1406/1670 train_time:557271ms step_avg:396.35ms
step:1407/1670 train_time:557662ms step_avg:396.35ms
step:1408/1670 train_time:558056ms step_avg:396.35ms
step:1409/1670 train_time:558446ms step_avg:396.34ms
step:1410/1670 train_time:558837ms step_avg:396.34ms
step:1411/1670 train_time:559230ms step_avg:396.34ms
step:1412/1670 train_time:559621ms step_avg:396.33ms
step:1413/1670 train_time:560013ms step_avg:396.33ms
step:1414/1670 train_time:560406ms step_avg:396.33ms
step:1415/1670 train_time:560805ms step_avg:396.33ms
step:1416/1670 train_time:561198ms step_avg:396.33ms
step:1417/1670 train_time:561588ms step_avg:396.32ms
step:1418/1670 train_time:561978ms step_avg:396.32ms
step:1419/1670 train_time:562370ms step_avg:396.31ms
step:1420/1670 train_time:562750ms step_avg:396.30ms
step:1421/1670 train_time:563141ms step_avg:396.30ms
step:1422/1670 train_time:563539ms step_avg:396.30ms
step:1423/1670 train_time:563939ms step_avg:396.30ms
step:1424/1670 train_time:564334ms step_avg:396.30ms
step:1425/1670 train_time:564726ms step_avg:396.30ms
step:1426/1670 train_time:565120ms step_avg:396.30ms
step:1427/1670 train_time:565508ms step_avg:396.29ms
step:1428/1670 train_time:565905ms step_avg:396.29ms
step:1429/1670 train_time:566297ms step_avg:396.29ms
step:1430/1670 train_time:566689ms step_avg:396.29ms
step:1431/1670 train_time:567074ms step_avg:396.28ms
step:1432/1670 train_time:567463ms step_avg:396.27ms
step:1433/1670 train_time:567861ms step_avg:396.27ms
step:1434/1670 train_time:568253ms step_avg:396.27ms
step:1435/1670 train_time:568646ms step_avg:396.27ms
step:1436/1670 train_time:569039ms step_avg:396.27ms
step:1437/1670 train_time:569429ms step_avg:396.26ms
step:1438/1670 train_time:569819ms step_avg:396.26ms
step:1439/1670 train_time:570210ms step_avg:396.25ms
step:1440/1670 train_time:570601ms step_avg:396.25ms
step:1441/1670 train_time:570994ms step_avg:396.25ms
step:1442/1670 train_time:571384ms step_avg:396.24ms
step:1443/1670 train_time:571774ms step_avg:396.24ms
step:1444/1670 train_time:572166ms step_avg:396.24ms
step:1445/1670 train_time:572556ms step_avg:396.23ms
step:1446/1670 train_time:572949ms step_avg:396.23ms
step:1447/1670 train_time:573341ms step_avg:396.23ms
step:1448/1670 train_time:573731ms step_avg:396.22ms
step:1449/1670 train_time:574123ms step_avg:396.22ms
step:1450/1670 train_time:574512ms step_avg:396.22ms
step:1451/1670 train_time:574907ms step_avg:396.21ms
step:1452/1670 train_time:575297ms step_avg:396.21ms
step:1453/1670 train_time:575694ms step_avg:396.21ms
step:1454/1670 train_time:576084ms step_avg:396.21ms
step:1455/1670 train_time:576474ms step_avg:396.20ms
step:1456/1670 train_time:576866ms step_avg:396.20ms
step:1457/1670 train_time:577260ms step_avg:396.20ms
step:1458/1670 train_time:577651ms step_avg:396.19ms
step:1459/1670 train_time:578042ms step_avg:396.19ms
step:1460/1670 train_time:578434ms step_avg:396.19ms
step:1461/1670 train_time:578826ms step_avg:396.18ms
step:1462/1670 train_time:579217ms step_avg:396.18ms
step:1463/1670 train_time:579610ms step_avg:396.18ms
step:1464/1670 train_time:580004ms step_avg:396.18ms
step:1465/1670 train_time:580395ms step_avg:396.17ms
step:1466/1670 train_time:580789ms step_avg:396.17ms
step:1467/1670 train_time:581182ms step_avg:396.17ms
step:1468/1670 train_time:581578ms step_avg:396.17ms
step:1469/1670 train_time:582627ms step_avg:396.61ms
step:1470/1670 train_time:583018ms step_avg:396.61ms
step:1471/1670 train_time:583410ms step_avg:396.61ms
step:1472/1670 train_time:583804ms step_avg:396.61ms
step:1473/1670 train_time:584200ms step_avg:396.61ms
step:1474/1670 train_time:584591ms step_avg:396.60ms
step:1475/1670 train_time:584989ms step_avg:396.60ms
step:1476/1670 train_time:585381ms step_avg:396.60ms
step:1477/1670 train_time:585777ms step_avg:396.60ms
step:1478/1670 train_time:586170ms step_avg:396.60ms
step:1479/1670 train_time:586566ms step_avg:396.60ms
step:1480/1670 train_time:586958ms step_avg:396.59ms
step:1481/1670 train_time:587352ms step_avg:396.59ms
step:1482/1670 train_time:587746ms step_avg:396.59ms
step:1483/1670 train_time:588142ms step_avg:396.59ms
step:1484/1670 train_time:588540ms step_avg:396.59ms
step:1485/1670 train_time:588933ms step_avg:396.59ms
step:1486/1670 train_time:589327ms step_avg:396.59ms
step:1487/1670 train_time:589725ms step_avg:396.59ms
step:1488/1670 train_time:590119ms step_avg:396.59ms
step:1489/1670 train_time:590520ms step_avg:396.59ms
step:1490/1670 train_time:590911ms step_avg:396.58ms
step:1491/1670 train_time:591308ms step_avg:396.58ms
step:1492/1670 train_time:591704ms step_avg:396.58ms
step:1493/1670 train_time:592096ms step_avg:396.58ms
step:1494/1670 train_time:592488ms step_avg:396.58ms
step:1495/1670 train_time:592885ms step_avg:396.58ms
step:1496/1670 train_time:593277ms step_avg:396.58ms
step:1497/1670 train_time:593669ms step_avg:396.57ms
step:1498/1670 train_time:594064ms step_avg:396.57ms
step:1499/1670 train_time:594459ms step_avg:396.57ms
step:1500/1670 train_time:594856ms step_avg:396.57ms
step:1500/1670 val_loss:3.3098 train_time:595146ms step_avg:396.76ms
step:1501/1670 train_time:595446ms step_avg:396.70ms
step:1502/1670 train_time:595788ms step_avg:396.66ms
step:1503/1670 train_time:596182ms step_avg:396.66ms
step:1504/1670 train_time:596582ms step_avg:396.66ms
step:1505/1670 train_time:596980ms step_avg:396.66ms
step:1506/1670 train_time:597373ms step_avg:396.66ms
step:1507/1670 train_time:597769ms step_avg:396.66ms
step:1508/1670 train_time:598160ms step_avg:396.66ms
step:1509/1670 train_time:598554ms step_avg:396.66ms
step:1510/1670 train_time:598946ms step_avg:396.65ms
step:1511/1670 train_time:599344ms step_avg:396.65ms
step:1512/1670 train_time:599734ms step_avg:396.65ms
step:1513/1670 train_time:600126ms step_avg:396.65ms
step:1514/1670 train_time:600518ms step_avg:396.64ms
step:1515/1670 train_time:600912ms step_avg:396.64ms
step:1516/1670 train_time:601306ms step_avg:396.64ms
step:1517/1670 train_time:601705ms step_avg:396.64ms
step:1518/1670 train_time:602093ms step_avg:396.64ms
step:1519/1670 train_time:602487ms step_avg:396.63ms
step:1520/1670 train_time:602886ms step_avg:396.64ms
step:1521/1670 train_time:603285ms step_avg:396.64ms
step:1522/1670 train_time:603673ms step_avg:396.63ms
step:1523/1670 train_time:604063ms step_avg:396.63ms
step:1524/1670 train_time:604463ms step_avg:396.63ms
step:1525/1670 train_time:604856ms step_avg:396.63ms
step:1526/1670 train_time:605248ms step_avg:396.62ms
step:1527/1670 train_time:605643ms step_avg:396.62ms
step:1528/1670 train_time:606036ms step_avg:396.62ms
step:1529/1670 train_time:606429ms step_avg:396.62ms
step:1530/1670 train_time:606827ms step_avg:396.62ms
step:1531/1670 train_time:607222ms step_avg:396.62ms
step:1532/1670 train_time:607618ms step_avg:396.62ms
step:1533/1670 train_time:608008ms step_avg:396.61ms
step:1534/1670 train_time:608401ms step_avg:396.61ms
step:1535/1670 train_time:608791ms step_avg:396.61ms
step:1536/1670 train_time:609196ms step_avg:396.61ms
step:1537/1670 train_time:609577ms step_avg:396.60ms
step:1538/1670 train_time:609971ms step_avg:396.60ms
step:1539/1670 train_time:610365ms step_avg:396.60ms
step:1540/1670 train_time:610764ms step_avg:396.60ms
step:1541/1670 train_time:611154ms step_avg:396.60ms
step:1542/1670 train_time:611549ms step_avg:396.59ms
step:1543/1670 train_time:611947ms step_avg:396.60ms
step:1544/1670 train_time:612341ms step_avg:396.59ms
step:1545/1670 train_time:612735ms step_avg:396.59ms
step:1546/1670 train_time:613126ms step_avg:396.59ms
step:1547/1670 train_time:613522ms step_avg:396.59ms
step:1548/1670 train_time:613916ms step_avg:396.59ms
step:1549/1670 train_time:614311ms step_avg:396.59ms
step:1550/1670 train_time:614708ms step_avg:396.59ms
step:1551/1670 train_time:615102ms step_avg:396.58ms
step:1552/1670 train_time:615498ms step_avg:396.58ms
step:1553/1670 train_time:615891ms step_avg:396.58ms
step:1554/1670 train_time:616288ms step_avg:396.58ms
step:1555/1670 train_time:616680ms step_avg:396.58ms
step:1556/1670 train_time:617074ms step_avg:396.58ms
step:1557/1670 train_time:617467ms step_avg:396.58ms
step:1558/1670 train_time:617864ms step_avg:396.58ms
step:1559/1670 train_time:618258ms step_avg:396.57ms
step:1560/1670 train_time:618651ms step_avg:396.57ms
step:1561/1670 train_time:619044ms step_avg:396.57ms
step:1562/1670 train_time:619439ms step_avg:396.57ms
step:1563/1670 train_time:619831ms step_avg:396.56ms
step:1564/1670 train_time:620225ms step_avg:396.56ms
step:1565/1670 train_time:620620ms step_avg:396.56ms
step:1566/1670 train_time:621015ms step_avg:396.56ms
step:1567/1670 train_time:621407ms step_avg:396.56ms
step:1568/1670 train_time:621804ms step_avg:396.56ms
step:1569/1670 train_time:622193ms step_avg:396.55ms
step:1570/1670 train_time:622589ms step_avg:396.55ms
step:1571/1670 train_time:622985ms step_avg:396.55ms
step:1572/1670 train_time:623380ms step_avg:396.55ms
step:1573/1670 train_time:623771ms step_avg:396.55ms
step:1574/1670 train_time:624168ms step_avg:396.55ms
step:1575/1670 train_time:624561ms step_avg:396.55ms
step:1576/1670 train_time:624961ms step_avg:396.55ms
step:1577/1670 train_time:625353ms step_avg:396.55ms
step:1578/1670 train_time:625746ms step_avg:396.54ms
step:1579/1670 train_time:626140ms step_avg:396.54ms
step:1580/1670 train_time:626534ms step_avg:396.54ms
step:1581/1670 train_time:626930ms step_avg:396.54ms
step:1582/1670 train_time:627324ms step_avg:396.54ms
step:1583/1670 train_time:627718ms step_avg:396.54ms
step:1584/1670 train_time:628113ms step_avg:396.54ms
step:1585/1670 train_time:628506ms step_avg:396.53ms
step:1586/1670 train_time:628904ms step_avg:396.53ms
step:1587/1670 train_time:629294ms step_avg:396.53ms
step:1588/1670 train_time:629691ms step_avg:396.53ms
step:1589/1670 train_time:630085ms step_avg:396.53ms
step:1590/1670 train_time:630477ms step_avg:396.53ms
step:1591/1670 train_time:630873ms step_avg:396.53ms
step:1592/1670 train_time:631266ms step_avg:396.52ms
step:1593/1670 train_time:631657ms step_avg:396.52ms
step:1594/1670 train_time:632056ms step_avg:396.52ms
step:1595/1670 train_time:632450ms step_avg:396.52ms
step:1596/1670 train_time:632843ms step_avg:396.52ms
step:1597/1670 train_time:633242ms step_avg:396.52ms
step:1598/1670 train_time:633631ms step_avg:396.51ms
step:1599/1670 train_time:634027ms step_avg:396.52ms
step:1600/1670 train_time:634425ms step_avg:396.52ms
step:1601/1670 train_time:634821ms step_avg:396.52ms
step:1602/1670 train_time:635212ms step_avg:396.51ms
step:1603/1670 train_time:635609ms step_avg:396.51ms
step:1604/1670 train_time:636010ms step_avg:396.52ms
step:1605/1670 train_time:636409ms step_avg:396.52ms
step:1606/1670 train_time:636802ms step_avg:396.51ms
step:1607/1670 train_time:637193ms step_avg:396.51ms
step:1608/1670 train_time:637585ms step_avg:396.51ms
step:1609/1670 train_time:637979ms step_avg:396.51ms
step:1610/1670 train_time:638372ms step_avg:396.50ms
step:1611/1670 train_time:638771ms step_avg:396.51ms
step:1612/1670 train_time:639165ms step_avg:396.50ms
step:1613/1670 train_time:639563ms step_avg:396.51ms
step:1614/1670 train_time:639959ms step_avg:396.50ms
step:1615/1670 train_time:640355ms step_avg:396.50ms
step:1616/1670 train_time:640751ms step_avg:396.50ms
step:1617/1670 train_time:641140ms step_avg:396.50ms
step:1618/1670 train_time:641533ms step_avg:396.50ms
step:1619/1670 train_time:641927ms step_avg:396.50ms
step:1620/1670 train_time:642327ms step_avg:396.50ms
step:1621/1670 train_time:642720ms step_avg:396.50ms
step:1622/1670 train_time:643114ms step_avg:396.49ms
step:1623/1670 train_time:643508ms step_avg:396.49ms
step:1624/1670 train_time:643902ms step_avg:396.49ms
step:1625/1670 train_time:644302ms step_avg:396.49ms
step:1625/1670 val_loss:3.2843 train_time:644597ms step_avg:396.68ms
step:1626/1670 train_time:644856ms step_avg:396.59ms
step:1627/1670 train_time:645223ms step_avg:396.57ms
step:1628/1670 train_time:645614ms step_avg:396.57ms
step:1629/1670 train_time:646008ms step_avg:396.57ms
step:1630/1670 train_time:646403ms step_avg:396.57ms
step:1631/1670 train_time:646794ms step_avg:396.56ms
step:1632/1670 train_time:647189ms step_avg:396.56ms
step:1633/1670 train_time:647580ms step_avg:396.56ms
step:1634/1670 train_time:647975ms step_avg:396.56ms
step:1635/1670 train_time:648364ms step_avg:396.55ms
step:1636/1670 train_time:648758ms step_avg:396.55ms
step:1637/1670 train_time:649156ms step_avg:396.55ms
step:1638/1670 train_time:649551ms step_avg:396.55ms
step:1639/1670 train_time:649945ms step_avg:396.55ms
step:1640/1670 train_time:650340ms step_avg:396.55ms
step:1641/1670 train_time:650732ms step_avg:396.55ms
step:1642/1670 train_time:651129ms step_avg:396.55ms
step:1643/1670 train_time:651522ms step_avg:396.54ms
step:1644/1670 train_time:651916ms step_avg:396.54ms
step:1645/1670 train_time:652310ms step_avg:396.54ms
step:1646/1670 train_time:652699ms step_avg:396.54ms
step:1647/1670 train_time:653090ms step_avg:396.53ms
step:1648/1670 train_time:653485ms step_avg:396.53ms
step:1649/1670 train_time:653879ms step_avg:396.53ms
step:1650/1670 train_time:654271ms step_avg:396.53ms
step:1651/1670 train_time:654670ms step_avg:396.53ms
step:1652/1670 train_time:655064ms step_avg:396.53ms
step:1653/1670 train_time:655464ms step_avg:396.53ms
step:1654/1670 train_time:655858ms step_avg:396.53ms
step:1655/1670 train_time:656254ms step_avg:396.53ms
step:1656/1670 train_time:656650ms step_avg:396.53ms
step:1657/1670 train_time:657043ms step_avg:396.53ms
step:1658/1670 train_time:657439ms step_avg:396.53ms
step:1659/1670 train_time:657847ms step_avg:396.53ms
step:1660/1670 train_time:658227ms step_avg:396.52ms
step:1661/1670 train_time:658622ms step_avg:396.52ms
step:1662/1670 train_time:659015ms step_avg:396.52ms
step:1663/1670 train_time:659408ms step_avg:396.52ms
step:1664/1670 train_time:659807ms step_avg:396.52ms
step:1665/1670 train_time:660201ms step_avg:396.52ms
step:1666/1670 train_time:660610ms step_avg:396.52ms
step:1667/1670 train_time:660989ms step_avg:396.51ms
step:1668/1670 train_time:661383ms step_avg:396.51ms
step:1669/1670 train_time:661781ms step_avg:396.51ms
step:1670/1670 train_time:662173ms step_avg:396.51ms
step:1670/1670 val_loss:3.2758 train_time:662528ms step_avg:396.72ms
peak memory allocated: 31703 MiB reserved: 34462 MiB
total training time: 662.53s (662528ms)
=== Done. Exit code: 0 ===
