=== Environment [fp32 val fix] ===
SEED=3
NPROC=16
DATA_PATH=/models/modded-nanogpt_record50_cautious_wd
TRAIN_SCRIPT=/models/modded-nanogpt_record50_cautious_wd/npu_bench/record_032_vect_sigmoid_bfloat16/agent_outputs/default_agent/npu_port_fixed/train_gpt.py
Python: Python 3.10.19
Torch: 2.7.1+cpu
Torch_NPU: 2.7.1.post2
=== Starting training [fp32 val fix] ===
/root/miniconda3/envs/llm_test/lib/python3.10/runpy.py:126: RuntimeWarning: 'torch.distributed.run' found in sys.modules after import of package 'torch.distributed', but prior to execution of 'torch.distributed.run'; this may result in unpredictable behaviour
  warn(RuntimeWarning(msg))

*****************************************
Setting OMP_NUM_THREADS environment variable for each process to be 1 in default, to avoid your system being overloaded, please further tune the variable for optimal performance in your application as needed. 
*****************************************
/root/miniconda3/envs/llm_test/lib/python3.10/site-packages/torch/autograd/__init__.py:221: UserWarning: Cannot create tensor with interal format while allow_internel_format=False, tensor will be created with base format. (Triggered internally at build/CMakeFiles/torch_npu.dir/compiler_depend.ts:338.)
  torch.ones_like(out, memory_format=torch.preserve_format)
/root/miniconda3/envs/llm_test/lib/python3.10/site-packages/torch/autograd/__init__.py:221: UserWarning: Cannot create tensor with interal format while allow_internel_format=False, tensor will be created with base format. (Triggered internally at build/CMakeFiles/torch_npu.dir/compiler_depend.ts:338.)
  torch.ones_like(out, memory_format=torch.preserve_format)
/root/miniconda3/envs/llm_test/lib/python3.10/site-packages/torch/autograd/__init__.py:221: UserWarning: Cannot create tensor with interal format while allow_internel_format=False, tensor will be created with base format. (Triggered internally at build/CMakeFiles/torch_npu.dir/compiler_depend.ts:338.)
  torch.ones_like(out, memory_format=torch.preserve_format)
/root/miniconda3/envs/llm_test/lib/python3.10/site-packages/torch/autograd/__init__.py:221: UserWarning: Cannot create tensor with interal format while allow_internel_format=False, tensor will be created with base format. (Triggered internally at build/CMakeFiles/torch_npu.dir/compiler_depend.ts:338.)
  torch.ones_like(out, memory_format=torch.preserve_format)
/root/miniconda3/envs/llm_test/lib/python3.10/site-packages/torch/autograd/__init__.py:221: UserWarning: Cannot create tensor with interal format while allow_internel_format=False, tensor will be created with base format. (Triggered internally at build/CMakeFiles/torch_npu.dir/compiler_depend.ts:338.)
  torch.ones_like(out, memory_format=torch.preserve_format)
/root/miniconda3/envs/llm_test/lib/python3.10/site-packages/torch/autograd/__init__.py:221: UserWarning: Cannot create tensor with interal format while allow_internel_format=False, tensor will be created with base format. (Triggered internally at build/CMakeFiles/torch_npu.dir/compiler_depend.ts:338.)
  torch.ones_like(out, memory_format=torch.preserve_format)
/root/miniconda3/envs/llm_test/lib/python3.10/site-packages/torch/autograd/__init__.py:221: UserWarning: Cannot create tensor with interal format while allow_internel_format=False, tensor will be created with base format. (Triggered internally at build/CMakeFiles/torch_npu.dir/compiler_depend.ts:338.)
  torch.ones_like(out, memory_format=torch.preserve_format)
/root/miniconda3/envs/llm_test/lib/python3.10/site-packages/torch/autograd/__init__.py:221: UserWarning: Cannot create tensor with interal format while allow_internel_format=False, tensor will be created with base format. (Triggered internally at build/CMakeFiles/torch_npu.dir/compiler_depend.ts:338.)
  torch.ones_like(out, memory_format=torch.preserve_format)
/root/miniconda3/envs/llm_test/lib/python3.10/site-packages/torch/autograd/__init__.py:221: UserWarning: Cannot create tensor with interal format while allow_internel_format=False, tensor will be created with base format. (Triggered internally at build/CMakeFiles/torch_npu.dir/compiler_depend.ts:338.)
  torch.ones_like(out, memory_format=torch.preserve_format)
/root/miniconda3/envs/llm_test/lib/python3.10/site-packages/torch/autograd/__init__.py:221: UserWarning: Cannot create tensor with interal format while allow_internel_format=False, tensor will be created with base format. (Triggered internally at build/CMakeFiles/torch_npu.dir/compiler_depend.ts:338.)
  torch.ones_like(out, memory_format=torch.preserve_format)
/root/miniconda3/envs/llm_test/lib/python3.10/site-packages/torch/autograd/__init__.py:221: UserWarning: Cannot create tensor with interal format while allow_internel_format=False, tensor will be created with base format. (Triggered internally at build/CMakeFiles/torch_npu.dir/compiler_depend.ts:338.)
  torch.ones_like(out, memory_format=torch.preserve_format)
/root/miniconda3/envs/llm_test/lib/python3.10/site-packages/torch/autograd/__init__.py:221: UserWarning: Cannot create tensor with interal format while allow_internel_format=False, tensor will be created with base format. (Triggered internally at build/CMakeFiles/torch_npu.dir/compiler_depend.ts:338.)
  torch.ones_like(out, memory_format=torch.preserve_format)
/root/miniconda3/envs/llm_test/lib/python3.10/site-packages/torch/autograd/__init__.py:221: UserWarning: Cannot create tensor with interal format while allow_internel_format=False, tensor will be created with base format. (Triggered internally at build/CMakeFiles/torch_npu.dir/compiler_depend.ts:338.)
  torch.ones_like(out, memory_format=torch.preserve_format)
/root/miniconda3/envs/llm_test/lib/python3.10/site-packages/torch/distributed/distributed_c10d.py:4631: UserWarning: No device id is provided via `init_process_group` or `barrier `. Using the current device set by the user. 
  warnings.warn(  # warn only once
/root/miniconda3/envs/llm_test/lib/python3.10/site-packages/torch/autograd/__init__.py:221: UserWarning: Cannot create tensor with interal format while allow_internel_format=False, tensor will be created with base format. (Triggered internally at build/CMakeFiles/torch_npu.dir/compiler_depend.ts:338.)
  torch.ones_like(out, memory_format=torch.preserve_format)
/root/miniconda3/envs/llm_test/lib/python3.10/site-packages/torch/autograd/__init__.py:221: UserWarning: Cannot create tensor with interal format while allow_internel_format=False, tensor will be created with base format. (Triggered internally at build/CMakeFiles/torch_npu.dir/compiler_depend.ts:338.)
  torch.ones_like(out, memory_format=torch.preserve_format)
/root/miniconda3/envs/llm_test/lib/python3.10/site-packages/torch/autograd/__init__.py:221: UserWarning: Cannot create tensor with interal format while allow_internel_format=False, tensor will be created with base format. (Triggered internally at build/CMakeFiles/torch_npu.dir/compiler_depend.ts:338.)
  torch.ones_like(out, memory_format=torch.preserve_format)
/root/miniconda3/envs/llm_test/lib/python3.10/site-packages/torch/distributed/distributed_c10d.py:4631: UserWarning: No device id is provided via `init_process_group` or `barrier `. Using the current device set by the user. 
  warnings.warn(  # warn only once
/root/miniconda3/envs/llm_test/lib/python3.10/site-packages/torch/distributed/distributed_c10d.py:4631: UserWarning: No device id is provided via `init_process_group` or `barrier `. Using the current device set by the user. 
  warnings.warn(  # warn only once
/root/miniconda3/envs/llm_test/lib/python3.10/site-packages/torch/distributed/distributed_c10d.py:4631: UserWarning: No device id is provided via `init_process_group` or `barrier `. Using the current device set by the user. 
  warnings.warn(  # warn only once
/root/miniconda3/envs/llm_test/lib/python3.10/site-packages/torch/distributed/distributed_c10d.py:4631: UserWarning: No device id is provided via `init_process_group` or `barrier `. Using the current device set by the user. 
  warnings.warn(  # warn only once
/root/miniconda3/envs/llm_test/lib/python3.10/site-packages/torch/distributed/distributed_c10d.py:4631: UserWarning: No device id is provided via `init_process_group` or `barrier `. Using the current device set by the user. 
  warnings.warn(  # warn only once
/root/miniconda3/envs/llm_test/lib/python3.10/site-packages/torch/distributed/distributed_c10d.py:4631: UserWarning: No device id is provided via `init_process_group` or `barrier `. Using the current device set by the user. 
  warnings.warn(  # warn only once
/root/miniconda3/envs/llm_test/lib/python3.10/site-packages/torch/distributed/distributed_c10d.py:4631: UserWarning: No device id is provided via `init_process_group` or `barrier `. Using the current device set by the user. 
  warnings.warn(  # warn only once
/root/miniconda3/envs/llm_test/lib/python3.10/site-packages/torch/distributed/distributed_c10d.py:4631: UserWarning: No device id is provided via `init_process_group` or `barrier `. Using the current device set by the user. 
  warnings.warn(  # warn only once
/root/miniconda3/envs/llm_test/lib/python3.10/site-packages/torch/distributed/distributed_c10d.py:4631: UserWarning: No device id is provided via `init_process_group` or `barrier `. Using the current device set by the user. 
  warnings.warn(  # warn only once
/root/miniconda3/envs/llm_test/lib/python3.10/site-packages/torch/distributed/distributed_c10d.py:4631: UserWarning: No device id is provided via `init_process_group` or `barrier `. Using the current device set by the user. 
  warnings.warn(  # warn only once
/root/miniconda3/envs/llm_test/lib/python3.10/site-packages/torch/distributed/distributed_c10d.py:4631: UserWarning: No device id is provided via `init_process_group` or `barrier `. Using the current device set by the user. 
  warnings.warn(  # warn only once
/root/miniconda3/envs/llm_test/lib/python3.10/site-packages/torch/distributed/distributed_c10d.py:4631: UserWarning: No device id is provided via `init_process_group` or `barrier `. Using the current device set by the user. 
  warnings.warn(  # warn only once
/root/miniconda3/envs/llm_test/lib/python3.10/site-packages/torch/distributed/distributed_c10d.py:4631: UserWarning: No device id is provided via `init_process_group` or `barrier `. Using the current device set by the user. 
  warnings.warn(  # warn only once
/root/miniconda3/envs/llm_test/lib/python3.10/site-packages/torch/distributed/distributed_c10d.py:4631: UserWarning: No device id is provided via `init_process_group` or `barrier `. Using the current device set by the user. 
  warnings.warn(  # warn only once
/root/miniconda3/envs/llm_test/lib/python3.10/site-packages/torch/distributed/distributed_c10d.py:4631: UserWarning: No device id is provided via `init_process_group` or `barrier `. Using the current device set by the user. 
  warnings.warn(  # warn only once
logs/f1cc4fe3-1885-4bcf-9002-5bb7dc4dc1f8
/root/miniconda3/envs/llm_test/lib/python3.10/site-packages/torch_npu/utils/storage.py:89: UserWarning: TypedStorage is deprecated. It will be removed in the future and UntypedStorage will be the only storage class. This should only matter to you if you are using storages directly.  To access UntypedStorage directly, use tensor.untyped_storage() instead of tensor.storage()
  if self.device.type != 'cpu':
step:0/1670 val_loss:10.8258 train_time:0ms step_avg:0.09ms
step:1/1670 train_time:1489ms step_avg:1489.27ms
step:2/1670 train_time:1594ms step_avg:797.21ms
step:3/1670 train_time:1984ms step_avg:661.38ms
step:4/1670 train_time:2374ms step_avg:593.50ms
step:5/1670 train_time:2766ms step_avg:553.16ms
step:6/1670 train_time:3158ms step_avg:526.27ms
step:7/1670 train_time:3552ms step_avg:507.46ms
step:8/1670 train_time:3939ms step_avg:492.40ms
step:9/1670 train_time:4335ms step_avg:481.66ms
step:10/1670 train_time:4728ms step_avg:472.76ms
step:11/1670 train_time:5118ms step_avg:465.24ms
step:12/1670 train_time:5515ms step_avg:459.59ms
step:13/1670 train_time:5906ms step_avg:454.28ms
step:14/1670 train_time:6299ms step_avg:449.91ms
step:15/1670 train_time:6689ms step_avg:445.95ms
step:16/1670 train_time:7085ms step_avg:442.84ms
step:17/1670 train_time:7480ms step_avg:439.97ms
step:18/1670 train_time:7866ms step_avg:437.02ms
step:19/1670 train_time:8261ms step_avg:434.79ms
step:20/1670 train_time:8654ms step_avg:432.71ms
step:21/1670 train_time:9044ms step_avg:430.68ms
step:22/1670 train_time:9442ms step_avg:429.19ms
step:23/1670 train_time:9838ms step_avg:427.73ms
step:24/1670 train_time:10230ms step_avg:426.27ms
step:25/1670 train_time:10623ms step_avg:424.92ms
step:26/1670 train_time:11009ms step_avg:423.42ms
step:27/1670 train_time:11407ms step_avg:422.49ms
step:28/1670 train_time:11796ms step_avg:421.29ms
step:29/1670 train_time:12190ms step_avg:420.35ms
step:30/1670 train_time:12583ms step_avg:419.44ms
step:31/1670 train_time:12974ms step_avg:418.53ms
step:32/1670 train_time:13365ms step_avg:417.65ms
step:33/1670 train_time:13758ms step_avg:416.90ms
step:34/1670 train_time:14150ms step_avg:416.18ms
step:35/1670 train_time:14543ms step_avg:415.53ms
step:36/1670 train_time:14932ms step_avg:414.78ms
step:37/1670 train_time:15325ms step_avg:414.20ms
step:38/1670 train_time:15718ms step_avg:413.63ms
step:39/1670 train_time:16110ms step_avg:413.09ms
step:40/1670 train_time:16503ms step_avg:412.58ms
step:41/1670 train_time:16895ms step_avg:412.08ms
step:42/1670 train_time:17287ms step_avg:411.60ms
step:43/1670 train_time:17680ms step_avg:411.16ms
step:44/1670 train_time:18072ms step_avg:410.74ms
step:45/1670 train_time:18466ms step_avg:410.36ms
step:46/1670 train_time:18860ms step_avg:410.01ms
step:47/1670 train_time:19253ms step_avg:409.63ms
step:48/1670 train_time:19643ms step_avg:409.23ms
step:49/1670 train_time:20038ms step_avg:408.93ms
step:50/1670 train_time:20432ms step_avg:408.64ms
step:51/1670 train_time:20825ms step_avg:408.34ms
step:52/1670 train_time:21219ms step_avg:408.06ms
step:53/1670 train_time:21611ms step_avg:407.76ms
step:54/1670 train_time:22003ms step_avg:407.46ms
step:55/1670 train_time:22395ms step_avg:407.18ms
step:56/1670 train_time:22784ms step_avg:406.86ms
step:57/1670 train_time:23180ms step_avg:406.67ms
step:58/1670 train_time:23573ms step_avg:406.42ms
step:59/1670 train_time:23973ms step_avg:406.32ms
step:60/1670 train_time:24359ms step_avg:405.98ms
step:61/1670 train_time:24748ms step_avg:405.70ms
step:62/1670 train_time:25145ms step_avg:405.57ms
step:63/1670 train_time:25538ms step_avg:405.37ms
step:64/1670 train_time:25929ms step_avg:405.15ms
step:65/1670 train_time:26321ms step_avg:404.95ms
step:66/1670 train_time:26710ms step_avg:404.70ms
step:67/1670 train_time:27100ms step_avg:404.48ms
step:68/1670 train_time:27491ms step_avg:404.28ms
step:69/1670 train_time:27884ms step_avg:404.12ms
step:70/1670 train_time:28281ms step_avg:404.01ms
step:71/1670 train_time:28674ms step_avg:403.85ms
step:72/1670 train_time:29067ms step_avg:403.71ms
step:73/1670 train_time:29457ms step_avg:403.52ms
step:74/1670 train_time:29851ms step_avg:403.39ms
step:75/1670 train_time:30247ms step_avg:403.30ms
step:76/1670 train_time:30636ms step_avg:403.10ms
step:77/1670 train_time:31031ms step_avg:403.00ms
step:78/1670 train_time:31422ms step_avg:402.84ms
step:79/1670 train_time:31815ms step_avg:402.73ms
step:80/1670 train_time:32210ms step_avg:402.63ms
step:81/1670 train_time:32599ms step_avg:402.45ms
step:82/1670 train_time:32994ms step_avg:402.37ms
step:83/1670 train_time:33386ms step_avg:402.24ms
step:84/1670 train_time:33785ms step_avg:402.21ms
step:85/1670 train_time:34177ms step_avg:402.09ms
step:86/1670 train_time:34578ms step_avg:402.07ms
step:87/1670 train_time:34970ms step_avg:401.95ms
step:88/1670 train_time:35362ms step_avg:401.84ms
step:89/1670 train_time:35756ms step_avg:401.75ms
step:90/1670 train_time:36147ms step_avg:401.64ms
step:91/1670 train_time:36542ms step_avg:401.57ms
step:92/1670 train_time:36931ms step_avg:401.43ms
step:93/1670 train_time:37322ms step_avg:401.31ms
step:94/1670 train_time:37715ms step_avg:401.22ms
step:95/1670 train_time:38108ms step_avg:401.14ms
step:96/1670 train_time:38499ms step_avg:401.04ms
step:97/1670 train_time:38891ms step_avg:400.94ms
step:98/1670 train_time:39287ms step_avg:400.89ms
step:99/1670 train_time:39682ms step_avg:400.83ms
step:100/1670 train_time:40074ms step_avg:400.74ms
step:101/1670 train_time:40470ms step_avg:400.69ms
step:102/1670 train_time:40858ms step_avg:400.57ms
step:103/1670 train_time:41263ms step_avg:400.62ms
step:104/1670 train_time:41642ms step_avg:400.41ms
step:105/1670 train_time:42033ms step_avg:400.31ms
step:106/1670 train_time:42428ms step_avg:400.26ms
step:107/1670 train_time:42821ms step_avg:400.20ms
step:108/1670 train_time:43212ms step_avg:400.11ms
step:109/1670 train_time:43601ms step_avg:400.01ms
step:110/1670 train_time:43991ms step_avg:399.91ms
step:111/1670 train_time:44387ms step_avg:399.89ms
step:112/1670 train_time:44778ms step_avg:399.80ms
step:113/1670 train_time:45175ms step_avg:399.78ms
step:114/1670 train_time:45564ms step_avg:399.69ms
step:115/1670 train_time:45954ms step_avg:399.60ms
step:116/1670 train_time:46347ms step_avg:399.54ms
step:117/1670 train_time:46745ms step_avg:399.53ms
step:118/1670 train_time:47137ms step_avg:399.46ms
step:119/1670 train_time:47528ms step_avg:399.40ms
step:120/1670 train_time:47921ms step_avg:399.34ms
step:121/1670 train_time:48317ms step_avg:399.32ms
step:122/1670 train_time:48710ms step_avg:399.26ms
step:123/1670 train_time:49103ms step_avg:399.21ms
step:124/1670 train_time:49492ms step_avg:399.13ms
step:125/1670 train_time:49884ms step_avg:399.07ms
step:125/1670 val_loss:4.3141 train_time:50180ms step_avg:401.44ms
step:126/1670 train_time:50446ms step_avg:400.36ms
step:127/1670 train_time:50782ms step_avg:399.86ms
step:128/1670 train_time:51172ms step_avg:399.78ms
step:129/1670 train_time:51566ms step_avg:399.74ms
step:130/1670 train_time:51959ms step_avg:399.68ms
step:131/1670 train_time:52350ms step_avg:399.62ms
step:132/1670 train_time:52743ms step_avg:399.57ms
step:133/1670 train_time:53134ms step_avg:399.50ms
step:134/1670 train_time:53524ms step_avg:399.43ms
step:135/1670 train_time:53916ms step_avg:399.38ms
step:136/1670 train_time:54305ms step_avg:399.30ms
step:137/1670 train_time:54700ms step_avg:399.27ms
step:138/1670 train_time:55088ms step_avg:399.19ms
step:139/1670 train_time:55484ms step_avg:399.16ms
step:140/1670 train_time:55872ms step_avg:399.09ms
step:141/1670 train_time:56269ms step_avg:399.07ms
step:142/1670 train_time:56660ms step_avg:399.01ms
step:143/1670 train_time:57054ms step_avg:398.98ms
step:144/1670 train_time:57447ms step_avg:398.94ms
step:145/1670 train_time:57838ms step_avg:398.88ms
step:146/1670 train_time:58234ms step_avg:398.86ms
step:147/1670 train_time:58628ms step_avg:398.83ms
step:148/1670 train_time:59012ms step_avg:398.73ms
step:149/1670 train_time:59406ms step_avg:398.70ms
step:150/1670 train_time:59795ms step_avg:398.63ms
step:151/1670 train_time:60190ms step_avg:398.61ms
step:152/1670 train_time:60580ms step_avg:398.56ms
step:153/1670 train_time:60971ms step_avg:398.50ms
step:154/1670 train_time:61366ms step_avg:398.48ms
step:155/1670 train_time:61753ms step_avg:398.41ms
step:156/1670 train_time:62145ms step_avg:398.37ms
step:157/1670 train_time:62541ms step_avg:398.35ms
step:158/1670 train_time:62936ms step_avg:398.33ms
step:159/1670 train_time:63329ms step_avg:398.30ms
step:160/1670 train_time:63718ms step_avg:398.24ms
step:161/1670 train_time:64110ms step_avg:398.20ms
step:162/1670 train_time:64502ms step_avg:398.16ms
step:163/1670 train_time:64895ms step_avg:398.13ms
step:164/1670 train_time:65284ms step_avg:398.07ms
step:165/1670 train_time:65680ms step_avg:398.06ms
step:166/1670 train_time:66072ms step_avg:398.02ms
step:167/1670 train_time:66461ms step_avg:397.97ms
step:168/1670 train_time:66860ms step_avg:397.98ms
step:169/1670 train_time:67252ms step_avg:397.94ms
step:170/1670 train_time:67647ms step_avg:397.92ms
step:171/1670 train_time:68033ms step_avg:397.86ms
step:172/1670 train_time:68428ms step_avg:397.83ms
step:173/1670 train_time:68823ms step_avg:397.82ms
step:174/1670 train_time:69216ms step_avg:397.79ms
step:175/1670 train_time:69604ms step_avg:397.74ms
step:176/1670 train_time:70001ms step_avg:397.73ms
step:177/1670 train_time:70404ms step_avg:397.76ms
step:178/1670 train_time:70787ms step_avg:397.68ms
step:179/1670 train_time:71175ms step_avg:397.62ms
step:180/1670 train_time:71564ms step_avg:397.58ms
step:181/1670 train_time:71957ms step_avg:397.55ms
step:182/1670 train_time:72348ms step_avg:397.51ms
step:183/1670 train_time:72739ms step_avg:397.48ms
step:184/1670 train_time:73132ms step_avg:397.46ms
step:185/1670 train_time:73525ms step_avg:397.43ms
step:186/1670 train_time:73917ms step_avg:397.40ms
step:187/1670 train_time:74310ms step_avg:397.38ms
step:188/1670 train_time:74706ms step_avg:397.37ms
step:189/1670 train_time:75094ms step_avg:397.32ms
step:190/1670 train_time:75485ms step_avg:397.29ms
step:191/1670 train_time:75876ms step_avg:397.25ms
step:192/1670 train_time:76269ms step_avg:397.24ms
step:193/1670 train_time:76659ms step_avg:397.20ms
step:194/1670 train_time:77055ms step_avg:397.19ms
step:195/1670 train_time:77446ms step_avg:397.16ms
step:196/1670 train_time:77840ms step_avg:397.14ms
step:197/1670 train_time:78233ms step_avg:397.12ms
step:198/1670 train_time:78628ms step_avg:397.11ms
step:199/1670 train_time:79021ms step_avg:397.09ms
step:200/1670 train_time:79412ms step_avg:397.06ms
step:201/1670 train_time:79801ms step_avg:397.02ms
step:202/1670 train_time:80196ms step_avg:397.01ms
step:203/1670 train_time:80588ms step_avg:396.99ms
step:204/1670 train_time:80983ms step_avg:396.98ms
step:205/1670 train_time:81371ms step_avg:396.93ms
step:206/1670 train_time:81770ms step_avg:396.94ms
step:207/1670 train_time:82163ms step_avg:396.92ms
step:208/1670 train_time:82555ms step_avg:396.90ms
step:209/1670 train_time:82944ms step_avg:396.86ms
step:210/1670 train_time:83995ms step_avg:399.97ms
step:211/1670 train_time:84402ms step_avg:400.01ms
step:212/1670 train_time:84802ms step_avg:400.01ms
step:213/1670 train_time:85192ms step_avg:399.96ms
step:214/1670 train_time:85584ms step_avg:399.93ms
step:215/1670 train_time:85972ms step_avg:399.87ms
step:216/1670 train_time:86360ms step_avg:399.81ms
step:217/1670 train_time:86754ms step_avg:399.79ms
step:218/1670 train_time:87148ms step_avg:399.76ms
step:219/1670 train_time:87537ms step_avg:399.71ms
step:220/1670 train_time:87928ms step_avg:399.67ms
step:221/1670 train_time:88316ms step_avg:399.62ms
step:222/1670 train_time:88721ms step_avg:399.64ms
step:223/1670 train_time:89109ms step_avg:399.59ms
step:224/1670 train_time:89501ms step_avg:399.56ms
step:225/1670 train_time:89881ms step_avg:399.47ms
step:226/1670 train_time:90280ms step_avg:399.47ms
step:227/1670 train_time:90666ms step_avg:399.41ms
step:228/1670 train_time:91060ms step_avg:399.39ms
step:229/1670 train_time:91455ms step_avg:399.37ms
step:230/1670 train_time:91846ms step_avg:399.33ms
step:231/1670 train_time:92242ms step_avg:399.32ms
step:232/1670 train_time:92629ms step_avg:399.26ms
step:233/1670 train_time:93024ms step_avg:399.24ms
step:234/1670 train_time:93414ms step_avg:399.20ms
step:235/1670 train_time:93805ms step_avg:399.17ms
step:236/1670 train_time:94196ms step_avg:399.14ms
step:237/1670 train_time:94587ms step_avg:399.10ms
step:238/1670 train_time:94976ms step_avg:399.06ms
step:239/1670 train_time:95367ms step_avg:399.03ms
step:240/1670 train_time:95756ms step_avg:398.98ms
step:241/1670 train_time:96150ms step_avg:398.96ms
step:242/1670 train_time:96539ms step_avg:398.92ms
step:243/1670 train_time:96931ms step_avg:398.89ms
step:244/1670 train_time:97324ms step_avg:398.87ms
step:245/1670 train_time:97720ms step_avg:398.86ms
step:246/1670 train_time:98109ms step_avg:398.82ms
step:247/1670 train_time:98504ms step_avg:398.80ms
step:248/1670 train_time:98897ms step_avg:398.78ms
step:249/1670 train_time:99293ms step_avg:398.77ms
step:250/1670 train_time:99686ms step_avg:398.75ms
step:250/1670 val_loss:3.9729 train_time:99983ms step_avg:399.93ms
step:251/1670 train_time:100257ms step_avg:399.43ms
step:252/1670 train_time:100588ms step_avg:399.16ms
step:253/1670 train_time:100983ms step_avg:399.14ms
step:254/1670 train_time:101382ms step_avg:399.14ms
step:255/1670 train_time:101771ms step_avg:399.10ms
step:256/1670 train_time:102170ms step_avg:399.10ms
step:257/1670 train_time:102565ms step_avg:399.08ms
step:258/1670 train_time:102958ms step_avg:399.06ms
step:259/1670 train_time:103353ms step_avg:399.05ms
step:260/1670 train_time:103745ms step_avg:399.02ms
step:261/1670 train_time:104146ms step_avg:399.03ms
step:262/1670 train_time:104530ms step_avg:398.97ms
step:263/1670 train_time:104918ms step_avg:398.93ms
step:264/1670 train_time:105307ms step_avg:398.89ms
step:265/1670 train_time:105698ms step_avg:398.86ms
step:266/1670 train_time:106089ms step_avg:398.83ms
step:267/1670 train_time:106477ms step_avg:398.79ms
step:268/1670 train_time:106868ms step_avg:398.76ms
step:269/1670 train_time:107264ms step_avg:398.75ms
step:270/1670 train_time:107652ms step_avg:398.71ms
step:271/1670 train_time:108043ms step_avg:398.68ms
step:272/1670 train_time:108431ms step_avg:398.64ms
step:273/1670 train_time:108827ms step_avg:398.63ms
step:274/1670 train_time:109217ms step_avg:398.60ms
step:275/1670 train_time:109612ms step_avg:398.59ms
step:276/1670 train_time:110003ms step_avg:398.56ms
step:277/1670 train_time:110399ms step_avg:398.55ms
step:278/1670 train_time:110787ms step_avg:398.51ms
step:279/1670 train_time:111179ms step_avg:398.49ms
step:280/1670 train_time:111574ms step_avg:398.48ms
step:281/1670 train_time:111966ms step_avg:398.46ms
step:282/1670 train_time:112362ms step_avg:398.45ms
step:283/1670 train_time:112752ms step_avg:398.42ms
step:284/1670 train_time:113144ms step_avg:398.39ms
step:285/1670 train_time:113540ms step_avg:398.39ms
step:286/1670 train_time:113932ms step_avg:398.36ms
step:287/1670 train_time:114319ms step_avg:398.32ms
step:288/1670 train_time:114715ms step_avg:398.32ms
step:289/1670 train_time:115104ms step_avg:398.28ms
step:290/1670 train_time:115502ms step_avg:398.28ms
step:291/1670 train_time:115891ms step_avg:398.25ms
step:292/1670 train_time:116283ms step_avg:398.23ms
step:293/1670 train_time:116673ms step_avg:398.20ms
step:294/1670 train_time:117070ms step_avg:398.20ms
step:295/1670 train_time:117463ms step_avg:398.18ms
step:296/1670 train_time:117854ms step_avg:398.16ms
step:297/1670 train_time:118251ms step_avg:398.15ms
step:298/1670 train_time:118637ms step_avg:398.11ms
step:299/1670 train_time:119027ms step_avg:398.08ms
step:300/1670 train_time:119422ms step_avg:398.07ms
step:301/1670 train_time:119824ms step_avg:398.09ms
step:302/1670 train_time:120217ms step_avg:398.07ms
step:303/1670 train_time:120611ms step_avg:398.05ms
step:304/1670 train_time:121002ms step_avg:398.03ms
step:305/1670 train_time:121398ms step_avg:398.03ms
step:306/1670 train_time:121788ms step_avg:398.00ms
step:307/1670 train_time:122176ms step_avg:397.97ms
step:308/1670 train_time:122567ms step_avg:397.95ms
step:309/1670 train_time:122952ms step_avg:397.90ms
step:310/1670 train_time:123348ms step_avg:397.90ms
step:311/1670 train_time:123741ms step_avg:397.88ms
step:312/1670 train_time:124132ms step_avg:397.86ms
step:313/1670 train_time:124525ms step_avg:397.84ms
step:314/1670 train_time:124918ms step_avg:397.83ms
step:315/1670 train_time:125311ms step_avg:397.81ms
step:316/1670 train_time:125714ms step_avg:397.83ms
step:317/1670 train_time:126094ms step_avg:397.77ms
step:318/1670 train_time:126490ms step_avg:397.77ms
step:319/1670 train_time:126881ms step_avg:397.74ms
step:320/1670 train_time:127271ms step_avg:397.72ms
step:321/1670 train_time:127662ms step_avg:397.70ms
step:322/1670 train_time:128056ms step_avg:397.69ms
step:323/1670 train_time:128449ms step_avg:397.67ms
step:324/1670 train_time:128838ms step_avg:397.65ms
step:325/1670 train_time:129226ms step_avg:397.62ms
step:326/1670 train_time:129615ms step_avg:397.59ms
step:327/1670 train_time:130010ms step_avg:397.58ms
step:328/1670 train_time:130399ms step_avg:397.56ms
step:329/1670 train_time:130795ms step_avg:397.55ms
step:330/1670 train_time:131186ms step_avg:397.53ms
step:331/1670 train_time:131575ms step_avg:397.51ms
step:332/1670 train_time:131971ms step_avg:397.50ms
step:333/1670 train_time:132358ms step_avg:397.47ms
step:334/1670 train_time:132756ms step_avg:397.47ms
step:335/1670 train_time:133140ms step_avg:397.43ms
step:336/1670 train_time:133530ms step_avg:397.41ms
step:337/1670 train_time:133920ms step_avg:397.39ms
step:338/1670 train_time:134315ms step_avg:397.38ms
step:339/1670 train_time:134713ms step_avg:397.38ms
step:340/1670 train_time:135102ms step_avg:397.36ms
step:341/1670 train_time:135495ms step_avg:397.35ms
step:342/1670 train_time:135886ms step_avg:397.33ms
step:343/1670 train_time:136281ms step_avg:397.32ms
step:344/1670 train_time:136681ms step_avg:397.33ms
step:345/1670 train_time:137075ms step_avg:397.32ms
step:346/1670 train_time:137465ms step_avg:397.30ms
step:347/1670 train_time:137859ms step_avg:397.29ms
step:348/1670 train_time:138249ms step_avg:397.27ms
step:349/1670 train_time:138641ms step_avg:397.25ms
step:350/1670 train_time:139033ms step_avg:397.24ms
step:351/1670 train_time:139432ms step_avg:397.24ms
step:352/1670 train_time:139825ms step_avg:397.23ms
step:353/1670 train_time:140218ms step_avg:397.22ms
step:354/1670 train_time:140601ms step_avg:397.18ms
step:355/1670 train_time:140999ms step_avg:397.18ms
step:356/1670 train_time:141392ms step_avg:397.17ms
step:357/1670 train_time:141781ms step_avg:397.15ms
step:358/1670 train_time:142166ms step_avg:397.11ms
step:359/1670 train_time:142557ms step_avg:397.09ms
step:360/1670 train_time:142947ms step_avg:397.08ms
step:361/1670 train_time:143344ms step_avg:397.08ms
step:362/1670 train_time:143731ms step_avg:397.05ms
step:363/1670 train_time:144122ms step_avg:397.03ms
step:364/1670 train_time:144516ms step_avg:397.02ms
step:365/1670 train_time:144907ms step_avg:397.01ms
step:366/1670 train_time:145299ms step_avg:396.99ms
step:367/1670 train_time:145696ms step_avg:396.99ms
step:368/1670 train_time:146088ms step_avg:396.98ms
step:369/1670 train_time:146482ms step_avg:396.97ms
step:370/1670 train_time:146871ms step_avg:396.95ms
step:371/1670 train_time:147263ms step_avg:396.94ms
step:372/1670 train_time:147661ms step_avg:396.94ms
step:373/1670 train_time:148051ms step_avg:396.92ms
step:374/1670 train_time:148447ms step_avg:396.92ms
step:375/1670 train_time:148839ms step_avg:396.90ms
step:375/1670 val_loss:3.8233 train_time:149139ms step_avg:397.70ms
step:376/1670 train_time:149416ms step_avg:397.38ms
step:377/1670 train_time:149796ms step_avg:397.34ms
step:378/1670 train_time:150189ms step_avg:397.33ms
step:379/1670 train_time:150586ms step_avg:397.33ms
step:380/1670 train_time:150976ms step_avg:397.31ms
step:381/1670 train_time:151369ms step_avg:397.29ms
step:382/1670 train_time:151760ms step_avg:397.28ms
step:383/1670 train_time:152154ms step_avg:397.27ms
step:384/1670 train_time:152545ms step_avg:397.25ms
step:385/1670 train_time:152934ms step_avg:397.23ms
step:386/1670 train_time:153333ms step_avg:397.24ms
step:387/1670 train_time:153728ms step_avg:397.23ms
step:388/1670 train_time:154121ms step_avg:397.22ms
step:389/1670 train_time:154516ms step_avg:397.21ms
step:390/1670 train_time:154912ms step_avg:397.21ms
step:391/1670 train_time:155306ms step_avg:397.20ms
step:392/1670 train_time:155697ms step_avg:397.19ms
step:393/1670 train_time:156089ms step_avg:397.17ms
step:394/1670 train_time:156478ms step_avg:397.15ms
step:395/1670 train_time:156873ms step_avg:397.15ms
step:396/1670 train_time:157265ms step_avg:397.13ms
step:397/1670 train_time:157654ms step_avg:397.11ms
step:398/1670 train_time:158051ms step_avg:397.11ms
step:399/1670 train_time:158442ms step_avg:397.10ms
step:400/1670 train_time:158846ms step_avg:397.12ms
step:401/1670 train_time:159224ms step_avg:397.07ms
step:402/1670 train_time:159622ms step_avg:397.07ms
step:403/1670 train_time:160013ms step_avg:397.05ms
step:404/1670 train_time:160404ms step_avg:397.04ms
step:405/1670 train_time:160796ms step_avg:397.03ms
step:406/1670 train_time:161185ms step_avg:397.01ms
step:407/1670 train_time:161576ms step_avg:396.99ms
step:408/1670 train_time:161970ms step_avg:396.98ms
step:409/1670 train_time:162363ms step_avg:396.98ms
step:410/1670 train_time:162757ms step_avg:396.97ms
step:411/1670 train_time:163154ms step_avg:396.97ms
step:412/1670 train_time:163539ms step_avg:396.94ms
step:413/1670 train_time:163929ms step_avg:396.92ms
step:414/1670 train_time:164321ms step_avg:396.91ms
step:415/1670 train_time:164717ms step_avg:396.91ms
step:416/1670 train_time:165106ms step_avg:396.89ms
step:417/1670 train_time:165499ms step_avg:396.88ms
step:418/1670 train_time:165888ms step_avg:396.86ms
step:419/1670 train_time:166285ms step_avg:396.86ms
step:420/1670 train_time:167346ms step_avg:398.44ms
step:421/1670 train_time:167744ms step_avg:398.44ms
step:422/1670 train_time:168132ms step_avg:398.42ms
step:423/1670 train_time:168522ms step_avg:398.40ms
step:424/1670 train_time:168914ms step_avg:398.38ms
step:425/1670 train_time:169310ms step_avg:398.38ms
step:426/1670 train_time:169701ms step_avg:398.36ms
step:427/1670 train_time:170097ms step_avg:398.35ms
step:428/1670 train_time:170486ms step_avg:398.33ms
step:429/1670 train_time:170881ms step_avg:398.32ms
step:430/1670 train_time:171272ms step_avg:398.31ms
step:431/1670 train_time:171663ms step_avg:398.29ms
step:432/1670 train_time:172052ms step_avg:398.27ms
step:433/1670 train_time:172445ms step_avg:398.26ms
step:434/1670 train_time:172840ms step_avg:398.25ms
step:435/1670 train_time:173232ms step_avg:398.24ms
step:436/1670 train_time:173623ms step_avg:398.22ms
step:437/1670 train_time:174016ms step_avg:398.21ms
step:438/1670 train_time:174406ms step_avg:398.19ms
step:439/1670 train_time:174797ms step_avg:398.17ms
step:440/1670 train_time:175193ms step_avg:398.17ms
step:441/1670 train_time:175587ms step_avg:398.16ms
step:442/1670 train_time:175978ms step_avg:398.14ms
step:443/1670 train_time:176372ms step_avg:398.13ms
step:444/1670 train_time:176762ms step_avg:398.11ms
step:445/1670 train_time:177156ms step_avg:398.10ms
step:446/1670 train_time:177547ms step_avg:398.09ms
step:447/1670 train_time:177937ms step_avg:398.07ms
step:448/1670 train_time:178328ms step_avg:398.05ms
step:449/1670 train_time:178721ms step_avg:398.04ms
step:450/1670 train_time:179113ms step_avg:398.03ms
step:451/1670 train_time:179505ms step_avg:398.02ms
step:452/1670 train_time:179896ms step_avg:398.00ms
step:453/1670 train_time:180288ms step_avg:397.99ms
step:454/1670 train_time:180681ms step_avg:397.98ms
step:455/1670 train_time:181074ms step_avg:397.96ms
step:456/1670 train_time:181467ms step_avg:397.95ms
step:457/1670 train_time:181861ms step_avg:397.94ms
step:458/1670 train_time:182250ms step_avg:397.93ms
step:459/1670 train_time:182637ms step_avg:397.90ms
step:460/1670 train_time:183028ms step_avg:397.89ms
step:461/1670 train_time:183419ms step_avg:397.87ms
step:462/1670 train_time:183813ms step_avg:397.86ms
step:463/1670 train_time:184208ms step_avg:397.86ms
step:464/1670 train_time:184603ms step_avg:397.85ms
step:465/1670 train_time:184993ms step_avg:397.83ms
step:466/1670 train_time:185381ms step_avg:397.81ms
step:467/1670 train_time:185777ms step_avg:397.81ms
step:468/1670 train_time:186165ms step_avg:397.79ms
step:469/1670 train_time:186559ms step_avg:397.78ms
step:470/1670 train_time:186949ms step_avg:397.76ms
step:471/1670 train_time:187343ms step_avg:397.76ms
step:472/1670 train_time:187732ms step_avg:397.74ms
step:473/1670 train_time:188127ms step_avg:397.73ms
step:474/1670 train_time:188517ms step_avg:397.72ms
step:475/1670 train_time:188909ms step_avg:397.70ms
step:476/1670 train_time:189303ms step_avg:397.69ms
step:477/1670 train_time:189693ms step_avg:397.68ms
step:478/1670 train_time:190084ms step_avg:397.67ms
step:479/1670 train_time:190476ms step_avg:397.65ms
step:480/1670 train_time:190869ms step_avg:397.64ms
step:481/1670 train_time:191263ms step_avg:397.64ms
step:482/1670 train_time:191655ms step_avg:397.63ms
step:483/1670 train_time:192047ms step_avg:397.61ms
step:484/1670 train_time:192440ms step_avg:397.60ms
step:485/1670 train_time:192835ms step_avg:397.60ms
step:486/1670 train_time:193229ms step_avg:397.59ms
step:487/1670 train_time:193624ms step_avg:397.59ms
step:488/1670 train_time:194017ms step_avg:397.58ms
step:489/1670 train_time:194408ms step_avg:397.56ms
step:490/1670 train_time:194797ms step_avg:397.55ms
step:491/1670 train_time:195189ms step_avg:397.53ms
step:492/1670 train_time:195584ms step_avg:397.53ms
step:493/1670 train_time:195974ms step_avg:397.51ms
step:494/1670 train_time:196365ms step_avg:397.50ms
step:495/1670 train_time:196760ms step_avg:397.50ms
step:496/1670 train_time:197151ms step_avg:397.48ms
step:497/1670 train_time:197546ms step_avg:397.48ms
step:498/1670 train_time:197939ms step_avg:397.47ms
step:499/1670 train_time:198330ms step_avg:397.45ms
step:500/1670 train_time:198725ms step_avg:397.45ms
step:500/1670 val_loss:3.7182 train_time:199021ms step_avg:398.04ms
step:501/1670 train_time:199281ms step_avg:397.77ms
step:502/1670 train_time:199640ms step_avg:397.69ms
step:503/1670 train_time:200031ms step_avg:397.68ms
step:504/1670 train_time:200421ms step_avg:397.66ms
step:505/1670 train_time:200815ms step_avg:397.65ms
step:506/1670 train_time:201205ms step_avg:397.64ms
step:507/1670 train_time:201592ms step_avg:397.62ms
step:508/1670 train_time:201986ms step_avg:397.61ms
step:509/1670 train_time:202377ms step_avg:397.60ms
step:510/1670 train_time:202771ms step_avg:397.59ms
step:511/1670 train_time:203162ms step_avg:397.58ms
step:512/1670 train_time:203555ms step_avg:397.57ms
step:513/1670 train_time:203952ms step_avg:397.57ms
step:514/1670 train_time:204344ms step_avg:397.56ms
step:515/1670 train_time:204736ms step_avg:397.55ms
step:516/1670 train_time:205130ms step_avg:397.54ms
step:517/1670 train_time:205519ms step_avg:397.52ms
step:518/1670 train_time:205908ms step_avg:397.51ms
step:519/1670 train_time:206297ms step_avg:397.49ms
step:520/1670 train_time:206689ms step_avg:397.48ms
step:521/1670 train_time:207082ms step_avg:397.47ms
step:522/1670 train_time:207473ms step_avg:397.46ms
step:523/1670 train_time:207862ms step_avg:397.44ms
step:524/1670 train_time:208258ms step_avg:397.44ms
step:525/1670 train_time:208647ms step_avg:397.42ms
step:526/1670 train_time:209040ms step_avg:397.41ms
step:527/1670 train_time:209429ms step_avg:397.40ms
step:528/1670 train_time:209823ms step_avg:397.39ms
step:529/1670 train_time:210227ms step_avg:397.40ms
step:530/1670 train_time:210614ms step_avg:397.39ms
step:531/1670 train_time:211005ms step_avg:397.37ms
step:532/1670 train_time:211397ms step_avg:397.36ms
step:533/1670 train_time:211794ms step_avg:397.36ms
step:534/1670 train_time:212187ms step_avg:397.35ms
step:535/1670 train_time:212575ms step_avg:397.34ms
step:536/1670 train_time:212967ms step_avg:397.33ms
step:537/1670 train_time:213360ms step_avg:397.32ms
step:538/1670 train_time:213755ms step_avg:397.31ms
step:539/1670 train_time:214152ms step_avg:397.31ms
step:540/1670 train_time:214539ms step_avg:397.29ms
step:541/1670 train_time:214928ms step_avg:397.28ms
step:542/1670 train_time:215325ms step_avg:397.28ms
step:543/1670 train_time:215718ms step_avg:397.27ms
step:544/1670 train_time:216112ms step_avg:397.26ms
step:545/1670 train_time:216508ms step_avg:397.26ms
step:546/1670 train_time:216899ms step_avg:397.25ms
step:547/1670 train_time:217291ms step_avg:397.24ms
step:548/1670 train_time:217682ms step_avg:397.23ms
step:549/1670 train_time:218075ms step_avg:397.22ms
step:550/1670 train_time:218474ms step_avg:397.23ms
step:551/1670 train_time:218865ms step_avg:397.21ms
step:552/1670 train_time:219255ms step_avg:397.20ms
step:553/1670 train_time:219649ms step_avg:397.19ms
step:554/1670 train_time:220045ms step_avg:397.19ms
step:555/1670 train_time:220436ms step_avg:397.18ms
step:556/1670 train_time:220828ms step_avg:397.17ms
step:557/1670 train_time:221219ms step_avg:397.16ms
step:558/1670 train_time:221669ms step_avg:397.26ms
step:559/1670 train_time:222065ms step_avg:397.25ms
step:560/1670 train_time:222463ms step_avg:397.26ms
step:561/1670 train_time:222860ms step_avg:397.26ms
step:562/1670 train_time:223255ms step_avg:397.25ms
step:563/1670 train_time:223649ms step_avg:397.25ms
step:564/1670 train_time:224048ms step_avg:397.25ms
step:565/1670 train_time:224446ms step_avg:397.25ms
step:566/1670 train_time:224833ms step_avg:397.23ms
step:567/1670 train_time:225222ms step_avg:397.22ms
step:568/1670 train_time:225613ms step_avg:397.21ms
step:569/1670 train_time:226007ms step_avg:397.20ms
step:570/1670 train_time:226402ms step_avg:397.20ms
step:571/1670 train_time:226798ms step_avg:397.19ms
step:572/1670 train_time:227191ms step_avg:397.19ms
step:573/1670 train_time:227582ms step_avg:397.18ms
step:574/1670 train_time:227969ms step_avg:397.16ms
step:575/1670 train_time:228366ms step_avg:397.16ms
step:576/1670 train_time:228759ms step_avg:397.15ms
step:577/1670 train_time:229153ms step_avg:397.15ms
step:578/1670 train_time:229544ms step_avg:397.14ms
step:579/1670 train_time:229938ms step_avg:397.13ms
step:580/1670 train_time:230330ms step_avg:397.12ms
step:581/1670 train_time:230724ms step_avg:397.12ms
step:582/1670 train_time:231110ms step_avg:397.10ms
step:583/1670 train_time:231506ms step_avg:397.09ms
step:584/1670 train_time:231903ms step_avg:397.09ms
step:585/1670 train_time:232305ms step_avg:397.10ms
step:586/1670 train_time:232686ms step_avg:397.08ms
step:587/1670 train_time:233080ms step_avg:397.07ms
step:588/1670 train_time:233472ms step_avg:397.06ms
step:589/1670 train_time:233861ms step_avg:397.05ms
step:590/1670 train_time:234251ms step_avg:397.03ms
step:591/1670 train_time:234644ms step_avg:397.03ms
step:592/1670 train_time:235033ms step_avg:397.01ms
step:593/1670 train_time:235428ms step_avg:397.01ms
step:594/1670 train_time:235819ms step_avg:397.00ms
step:595/1670 train_time:236208ms step_avg:396.99ms
step:596/1670 train_time:236599ms step_avg:396.98ms
step:597/1670 train_time:236996ms step_avg:396.98ms
step:598/1670 train_time:237384ms step_avg:396.96ms
step:599/1670 train_time:237775ms step_avg:396.95ms
step:600/1670 train_time:238168ms step_avg:396.95ms
step:601/1670 train_time:238560ms step_avg:396.94ms
step:602/1670 train_time:238960ms step_avg:396.94ms
step:603/1670 train_time:239352ms step_avg:396.94ms
step:604/1670 train_time:239747ms step_avg:396.93ms
step:605/1670 train_time:240133ms step_avg:396.91ms
step:606/1670 train_time:240524ms step_avg:396.90ms
step:607/1670 train_time:240916ms step_avg:396.90ms
step:608/1670 train_time:241311ms step_avg:396.89ms
step:609/1670 train_time:241703ms step_avg:396.89ms
step:610/1670 train_time:242093ms step_avg:396.87ms
step:611/1670 train_time:242486ms step_avg:396.87ms
step:612/1670 train_time:242876ms step_avg:396.86ms
step:613/1670 train_time:243267ms step_avg:396.85ms
step:614/1670 train_time:243659ms step_avg:396.84ms
step:615/1670 train_time:244057ms step_avg:396.84ms
step:616/1670 train_time:244445ms step_avg:396.83ms
step:617/1670 train_time:244837ms step_avg:396.82ms
step:618/1670 train_time:245229ms step_avg:396.81ms
step:619/1670 train_time:245625ms step_avg:396.81ms
step:620/1670 train_time:246019ms step_avg:396.80ms
step:621/1670 train_time:246409ms step_avg:396.79ms
step:622/1670 train_time:246799ms step_avg:396.78ms
step:623/1670 train_time:247185ms step_avg:396.77ms
step:624/1670 train_time:247580ms step_avg:396.76ms
step:625/1670 train_time:247975ms step_avg:396.76ms
step:625/1670 val_loss:3.6143 train_time:248269ms step_avg:397.23ms
step:626/1670 train_time:248545ms step_avg:397.04ms
step:627/1670 train_time:248881ms step_avg:396.94ms
step:628/1670 train_time:249272ms step_avg:396.93ms
step:629/1670 train_time:249662ms step_avg:396.92ms
step:630/1670 train_time:250060ms step_avg:396.92ms
step:631/1670 train_time:250457ms step_avg:396.92ms
step:632/1670 train_time:251523ms step_avg:397.98ms
step:633/1670 train_time:251908ms step_avg:397.96ms
step:634/1670 train_time:252299ms step_avg:397.95ms
step:635/1670 train_time:252694ms step_avg:397.94ms
step:636/1670 train_time:253085ms step_avg:397.93ms
step:637/1670 train_time:253479ms step_avg:397.93ms
step:638/1670 train_time:253872ms step_avg:397.92ms
step:639/1670 train_time:254260ms step_avg:397.90ms
step:640/1670 train_time:254658ms step_avg:397.90ms
step:641/1670 train_time:255050ms step_avg:397.89ms
step:642/1670 train_time:255441ms step_avg:397.88ms
step:643/1670 train_time:255835ms step_avg:397.88ms
step:644/1670 train_time:256227ms step_avg:397.87ms
step:645/1670 train_time:256619ms step_avg:397.86ms
step:646/1670 train_time:257006ms step_avg:397.84ms
step:647/1670 train_time:257398ms step_avg:397.83ms
step:648/1670 train_time:257790ms step_avg:397.82ms
step:649/1670 train_time:258180ms step_avg:397.81ms
step:650/1670 train_time:258575ms step_avg:397.81ms
step:651/1670 train_time:258966ms step_avg:397.80ms
step:652/1670 train_time:259357ms step_avg:397.79ms
step:653/1670 train_time:259751ms step_avg:397.78ms
step:654/1670 train_time:260148ms step_avg:397.78ms
step:655/1670 train_time:260540ms step_avg:397.77ms
step:656/1670 train_time:260931ms step_avg:397.76ms
step:657/1670 train_time:261323ms step_avg:397.75ms
step:658/1670 train_time:261712ms step_avg:397.74ms
step:659/1670 train_time:262104ms step_avg:397.73ms
step:660/1670 train_time:262494ms step_avg:397.72ms
step:661/1670 train_time:262884ms step_avg:397.71ms
step:662/1670 train_time:263273ms step_avg:397.69ms
step:663/1670 train_time:263668ms step_avg:397.69ms
step:664/1670 train_time:264058ms step_avg:397.68ms
step:665/1670 train_time:264455ms step_avg:397.68ms
step:666/1670 train_time:264844ms step_avg:397.66ms
step:667/1670 train_time:265236ms step_avg:397.66ms
step:668/1670 train_time:265625ms step_avg:397.64ms
step:669/1670 train_time:266016ms step_avg:397.63ms
step:670/1670 train_time:266405ms step_avg:397.62ms
step:671/1670 train_time:266800ms step_avg:397.62ms
step:672/1670 train_time:267201ms step_avg:397.62ms
step:673/1670 train_time:267593ms step_avg:397.61ms
step:674/1670 train_time:267987ms step_avg:397.61ms
step:675/1670 train_time:268377ms step_avg:397.60ms
step:676/1670 train_time:268769ms step_avg:397.59ms
step:677/1670 train_time:269159ms step_avg:397.58ms
step:678/1670 train_time:269554ms step_avg:397.57ms
step:679/1670 train_time:269945ms step_avg:397.56ms
step:680/1670 train_time:270336ms step_avg:397.55ms
step:681/1670 train_time:270729ms step_avg:397.55ms
step:682/1670 train_time:271118ms step_avg:397.53ms
step:683/1670 train_time:271514ms step_avg:397.53ms
step:684/1670 train_time:271908ms step_avg:397.53ms
step:685/1670 train_time:272302ms step_avg:397.52ms
step:686/1670 train_time:272696ms step_avg:397.52ms
step:687/1670 train_time:273092ms step_avg:397.51ms
step:688/1670 train_time:273485ms step_avg:397.51ms
step:689/1670 train_time:273874ms step_avg:397.50ms
step:690/1670 train_time:274274ms step_avg:397.50ms
step:691/1670 train_time:274664ms step_avg:397.49ms
step:692/1670 train_time:275058ms step_avg:397.48ms
step:693/1670 train_time:275450ms step_avg:397.47ms
step:694/1670 train_time:275843ms step_avg:397.47ms
step:695/1670 train_time:276233ms step_avg:397.46ms
step:696/1670 train_time:276629ms step_avg:397.46ms
step:697/1670 train_time:277021ms step_avg:397.45ms
step:698/1670 train_time:277410ms step_avg:397.44ms
step:699/1670 train_time:277802ms step_avg:397.43ms
step:700/1670 train_time:278192ms step_avg:397.42ms
step:701/1670 train_time:278582ms step_avg:397.41ms
step:702/1670 train_time:278973ms step_avg:397.40ms
step:703/1670 train_time:279364ms step_avg:397.39ms
step:704/1670 train_time:279759ms step_avg:397.39ms
step:705/1670 train_time:280151ms step_avg:397.38ms
step:706/1670 train_time:280539ms step_avg:397.36ms
step:707/1670 train_time:280934ms step_avg:397.36ms
step:708/1670 train_time:281328ms step_avg:397.36ms
step:709/1670 train_time:281731ms step_avg:397.36ms
step:710/1670 train_time:282125ms step_avg:397.36ms
step:711/1670 train_time:282504ms step_avg:397.33ms
step:712/1670 train_time:282893ms step_avg:397.32ms
step:713/1670 train_time:283288ms step_avg:397.32ms
step:714/1670 train_time:283678ms step_avg:397.31ms
step:715/1670 train_time:284070ms step_avg:397.30ms
step:716/1670 train_time:284461ms step_avg:397.29ms
step:717/1670 train_time:284856ms step_avg:397.29ms
step:718/1670 train_time:285251ms step_avg:397.29ms
step:719/1670 train_time:285642ms step_avg:397.28ms
step:720/1670 train_time:286032ms step_avg:397.27ms
step:721/1670 train_time:286423ms step_avg:397.26ms
step:722/1670 train_time:286816ms step_avg:397.25ms
step:723/1670 train_time:287207ms step_avg:397.24ms
step:724/1670 train_time:287603ms step_avg:397.24ms
step:725/1670 train_time:287996ms step_avg:397.24ms
step:726/1670 train_time:288392ms step_avg:397.23ms
step:727/1670 train_time:288786ms step_avg:397.23ms
step:728/1670 train_time:289179ms step_avg:397.22ms
step:729/1670 train_time:289568ms step_avg:397.21ms
step:730/1670 train_time:289969ms step_avg:397.22ms
step:731/1670 train_time:290356ms step_avg:397.20ms
step:732/1670 train_time:290750ms step_avg:397.20ms
step:733/1670 train_time:291140ms step_avg:397.19ms
step:734/1670 train_time:291530ms step_avg:397.18ms
step:735/1670 train_time:291923ms step_avg:397.17ms
step:736/1670 train_time:292323ms step_avg:397.18ms
step:737/1670 train_time:292713ms step_avg:397.17ms
step:738/1670 train_time:293105ms step_avg:397.16ms
step:739/1670 train_time:293501ms step_avg:397.16ms
step:740/1670 train_time:293890ms step_avg:397.15ms
step:741/1670 train_time:294282ms step_avg:397.14ms
step:742/1670 train_time:294675ms step_avg:397.14ms
step:743/1670 train_time:295062ms step_avg:397.12ms
step:744/1670 train_time:295459ms step_avg:397.12ms
step:745/1670 train_time:295853ms step_avg:397.12ms
step:746/1670 train_time:296247ms step_avg:397.11ms
step:747/1670 train_time:296641ms step_avg:397.11ms
step:748/1670 train_time:297033ms step_avg:397.10ms
step:749/1670 train_time:297426ms step_avg:397.10ms
step:750/1670 train_time:297821ms step_avg:397.10ms
step:750/1670 val_loss:3.5610 train_time:298116ms step_avg:397.49ms
step:751/1670 train_time:298408ms step_avg:397.35ms
step:752/1670 train_time:298801ms step_avg:397.34ms
step:753/1670 train_time:299193ms step_avg:397.34ms
step:754/1670 train_time:299585ms step_avg:397.33ms
step:755/1670 train_time:299979ms step_avg:397.32ms
step:756/1670 train_time:300371ms step_avg:397.32ms
step:757/1670 train_time:300763ms step_avg:397.31ms
step:758/1670 train_time:301157ms step_avg:397.30ms
step:759/1670 train_time:301548ms step_avg:397.30ms
step:760/1670 train_time:301943ms step_avg:397.29ms
step:761/1670 train_time:302335ms step_avg:397.29ms
step:762/1670 train_time:302731ms step_avg:397.28ms
step:763/1670 train_time:303126ms step_avg:397.28ms
step:764/1670 train_time:303520ms step_avg:397.28ms
step:765/1670 train_time:303917ms step_avg:397.28ms
step:766/1670 train_time:304313ms step_avg:397.28ms
step:767/1670 train_time:304708ms step_avg:397.27ms
step:768/1670 train_time:305102ms step_avg:397.27ms
step:769/1670 train_time:305491ms step_avg:397.26ms
step:770/1670 train_time:305883ms step_avg:397.25ms
step:771/1670 train_time:306273ms step_avg:397.24ms
step:772/1670 train_time:306670ms step_avg:397.24ms
step:773/1670 train_time:307062ms step_avg:397.23ms
step:774/1670 train_time:307463ms step_avg:397.24ms
step:775/1670 train_time:307852ms step_avg:397.23ms
step:776/1670 train_time:308244ms step_avg:397.22ms
step:777/1670 train_time:308638ms step_avg:397.22ms
step:778/1670 train_time:309035ms step_avg:397.22ms
step:779/1670 train_time:309432ms step_avg:397.22ms
step:780/1670 train_time:309825ms step_avg:397.21ms
step:781/1670 train_time:310217ms step_avg:397.20ms
step:782/1670 train_time:310608ms step_avg:397.20ms
step:783/1670 train_time:311003ms step_avg:397.19ms
step:784/1670 train_time:311395ms step_avg:397.19ms
step:785/1670 train_time:311783ms step_avg:397.18ms
step:786/1670 train_time:312175ms step_avg:397.17ms
step:787/1670 train_time:312571ms step_avg:397.17ms
step:788/1670 train_time:312961ms step_avg:397.16ms
step:789/1670 train_time:313357ms step_avg:397.16ms
step:790/1670 train_time:313746ms step_avg:397.15ms
step:791/1670 train_time:314136ms step_avg:397.14ms
step:792/1670 train_time:314526ms step_avg:397.13ms
step:793/1670 train_time:314915ms step_avg:397.12ms
step:794/1670 train_time:315313ms step_avg:397.12ms
step:795/1670 train_time:315704ms step_avg:397.11ms
step:796/1670 train_time:316095ms step_avg:397.10ms
step:797/1670 train_time:316486ms step_avg:397.10ms
step:798/1670 train_time:316882ms step_avg:397.10ms
step:799/1670 train_time:317274ms step_avg:397.09ms
step:800/1670 train_time:317663ms step_avg:397.08ms
step:801/1670 train_time:318052ms step_avg:397.07ms
step:802/1670 train_time:318445ms step_avg:397.06ms
step:803/1670 train_time:318851ms step_avg:397.07ms
step:804/1670 train_time:319240ms step_avg:397.06ms
step:805/1670 train_time:319633ms step_avg:397.06ms
step:806/1670 train_time:320025ms step_avg:397.05ms
step:807/1670 train_time:320419ms step_avg:397.05ms
step:808/1670 train_time:320811ms step_avg:397.04ms
step:809/1670 train_time:321201ms step_avg:397.03ms
step:810/1670 train_time:321584ms step_avg:397.02ms
step:811/1670 train_time:321978ms step_avg:397.01ms
step:812/1670 train_time:322368ms step_avg:397.00ms
step:813/1670 train_time:322761ms step_avg:397.00ms
step:814/1670 train_time:323153ms step_avg:396.99ms
step:815/1670 train_time:323544ms step_avg:396.99ms
step:816/1670 train_time:323933ms step_avg:396.98ms
step:817/1670 train_time:324325ms step_avg:396.97ms
step:818/1670 train_time:324715ms step_avg:396.96ms
step:819/1670 train_time:325103ms step_avg:396.95ms
step:820/1670 train_time:325494ms step_avg:396.94ms
step:821/1670 train_time:325885ms step_avg:396.94ms
step:822/1670 train_time:326276ms step_avg:396.93ms
step:823/1670 train_time:326671ms step_avg:396.93ms
step:824/1670 train_time:327058ms step_avg:396.91ms
step:825/1670 train_time:327454ms step_avg:396.91ms
step:826/1670 train_time:327843ms step_avg:396.90ms
step:827/1670 train_time:328237ms step_avg:396.90ms
step:828/1670 train_time:328626ms step_avg:396.89ms
step:829/1670 train_time:329023ms step_avg:396.89ms
step:830/1670 train_time:329414ms step_avg:396.88ms
step:831/1670 train_time:329811ms step_avg:396.88ms
step:832/1670 train_time:330201ms step_avg:396.88ms
step:833/1670 train_time:330593ms step_avg:396.87ms
step:834/1670 train_time:330983ms step_avg:396.86ms
step:835/1670 train_time:331372ms step_avg:396.85ms
step:836/1670 train_time:331764ms step_avg:396.85ms
step:837/1670 train_time:332173ms step_avg:396.86ms
step:838/1670 train_time:332567ms step_avg:396.86ms
step:839/1670 train_time:332952ms step_avg:396.84ms
step:840/1670 train_time:333333ms step_avg:396.83ms
step:841/1670 train_time:333823ms step_avg:396.94ms
step:842/1670 train_time:334943ms step_avg:397.79ms
step:843/1670 train_time:335329ms step_avg:397.78ms
step:844/1670 train_time:335720ms step_avg:397.77ms
step:845/1670 train_time:336118ms step_avg:397.77ms
step:846/1670 train_time:336511ms step_avg:397.77ms
step:847/1670 train_time:336900ms step_avg:397.76ms
step:848/1670 train_time:337295ms step_avg:397.75ms
step:849/1670 train_time:337691ms step_avg:397.75ms
step:850/1670 train_time:338087ms step_avg:397.75ms
step:851/1670 train_time:338477ms step_avg:397.74ms
step:852/1670 train_time:338870ms step_avg:397.73ms
step:853/1670 train_time:339264ms step_avg:397.73ms
step:854/1670 train_time:339654ms step_avg:397.72ms
step:855/1670 train_time:340048ms step_avg:397.72ms
step:856/1670 train_time:340432ms step_avg:397.70ms
step:857/1670 train_time:340827ms step_avg:397.70ms
step:858/1670 train_time:341223ms step_avg:397.70ms
step:859/1670 train_time:341618ms step_avg:397.69ms
step:860/1670 train_time:342008ms step_avg:397.68ms
step:861/1670 train_time:342404ms step_avg:397.68ms
step:862/1670 train_time:342801ms step_avg:397.68ms
step:863/1670 train_time:343192ms step_avg:397.67ms
step:864/1670 train_time:343586ms step_avg:397.67ms
step:865/1670 train_time:343979ms step_avg:397.66ms
step:866/1670 train_time:344372ms step_avg:397.66ms
step:867/1670 train_time:344762ms step_avg:397.65ms
step:868/1670 train_time:345150ms step_avg:397.64ms
step:869/1670 train_time:345543ms step_avg:397.63ms
step:870/1670 train_time:345937ms step_avg:397.63ms
step:871/1670 train_time:346323ms step_avg:397.62ms
step:872/1670 train_time:346715ms step_avg:397.61ms
step:873/1670 train_time:347107ms step_avg:397.60ms
step:874/1670 train_time:347495ms step_avg:397.59ms
step:875/1670 train_time:347889ms step_avg:397.59ms
step:875/1670 val_loss:3.5187 train_time:348183ms step_avg:397.92ms
step:876/1670 train_time:348454ms step_avg:397.78ms
step:877/1670 train_time:348823ms step_avg:397.75ms
step:878/1670 train_time:349218ms step_avg:397.74ms
step:879/1670 train_time:349612ms step_avg:397.74ms
step:880/1670 train_time:350004ms step_avg:397.73ms
step:881/1670 train_time:350393ms step_avg:397.72ms
step:882/1670 train_time:350785ms step_avg:397.72ms
step:883/1670 train_time:351176ms step_avg:397.71ms
step:884/1670 train_time:351570ms step_avg:397.70ms
step:885/1670 train_time:351961ms step_avg:397.70ms
step:886/1670 train_time:352351ms step_avg:397.69ms
step:887/1670 train_time:352743ms step_avg:397.68ms
step:888/1670 train_time:353135ms step_avg:397.67ms
step:889/1670 train_time:353538ms step_avg:397.68ms
step:890/1670 train_time:353928ms step_avg:397.67ms
step:891/1670 train_time:354319ms step_avg:397.66ms
step:892/1670 train_time:354708ms step_avg:397.65ms
step:893/1670 train_time:355090ms step_avg:397.64ms
step:894/1670 train_time:355489ms step_avg:397.64ms
step:895/1670 train_time:355887ms step_avg:397.64ms
step:896/1670 train_time:356272ms step_avg:397.62ms
step:897/1670 train_time:356668ms step_avg:397.62ms
step:898/1670 train_time:357064ms step_avg:397.62ms
step:899/1670 train_time:357456ms step_avg:397.62ms
step:900/1670 train_time:357848ms step_avg:397.61ms
step:901/1670 train_time:358237ms step_avg:397.60ms
step:902/1670 train_time:358630ms step_avg:397.59ms
step:903/1670 train_time:359023ms step_avg:397.59ms
step:904/1670 train_time:359413ms step_avg:397.58ms
step:905/1670 train_time:359805ms step_avg:397.57ms
step:906/1670 train_time:360200ms step_avg:397.57ms
step:907/1670 train_time:360592ms step_avg:397.57ms
step:908/1670 train_time:360985ms step_avg:397.56ms
step:909/1670 train_time:361376ms step_avg:397.55ms
step:910/1670 train_time:361768ms step_avg:397.55ms
step:911/1670 train_time:362159ms step_avg:397.54ms
step:912/1670 train_time:362556ms step_avg:397.54ms
step:913/1670 train_time:362945ms step_avg:397.53ms
step:914/1670 train_time:363338ms step_avg:397.52ms
step:915/1670 train_time:363732ms step_avg:397.52ms
step:916/1670 train_time:364124ms step_avg:397.52ms
step:917/1670 train_time:364530ms step_avg:397.52ms
step:918/1670 train_time:364921ms step_avg:397.52ms
step:919/1670 train_time:365303ms step_avg:397.50ms
step:920/1670 train_time:365688ms step_avg:397.49ms
step:921/1670 train_time:366082ms step_avg:397.48ms
step:922/1670 train_time:366473ms step_avg:397.48ms
step:923/1670 train_time:366874ms step_avg:397.48ms
step:924/1670 train_time:367252ms step_avg:397.46ms
step:925/1670 train_time:367643ms step_avg:397.45ms
step:926/1670 train_time:368048ms step_avg:397.46ms
step:927/1670 train_time:368439ms step_avg:397.45ms
step:928/1670 train_time:368829ms step_avg:397.45ms
step:929/1670 train_time:369219ms step_avg:397.44ms
step:930/1670 train_time:369612ms step_avg:397.43ms
step:931/1670 train_time:370003ms step_avg:397.43ms
step:932/1670 train_time:370389ms step_avg:397.41ms
step:933/1670 train_time:370782ms step_avg:397.41ms
step:934/1670 train_time:371163ms step_avg:397.39ms
step:935/1670 train_time:371569ms step_avg:397.40ms
step:936/1670 train_time:371963ms step_avg:397.40ms
step:937/1670 train_time:372358ms step_avg:397.39ms
step:938/1670 train_time:372755ms step_avg:397.39ms
step:939/1670 train_time:373147ms step_avg:397.39ms
step:940/1670 train_time:373522ms step_avg:397.36ms
step:941/1670 train_time:373918ms step_avg:397.36ms
step:942/1670 train_time:374309ms step_avg:397.36ms
step:943/1670 train_time:374701ms step_avg:397.35ms
step:944/1670 train_time:375095ms step_avg:397.35ms
step:945/1670 train_time:375483ms step_avg:397.34ms
step:946/1670 train_time:375878ms step_avg:397.33ms
step:947/1670 train_time:376268ms step_avg:397.33ms
step:948/1670 train_time:376663ms step_avg:397.32ms
step:949/1670 train_time:377054ms step_avg:397.32ms
step:950/1670 train_time:377445ms step_avg:397.31ms
step:951/1670 train_time:377839ms step_avg:397.31ms
step:952/1670 train_time:378228ms step_avg:397.30ms
step:953/1670 train_time:378620ms step_avg:397.29ms
step:954/1670 train_time:379016ms step_avg:397.29ms
step:955/1670 train_time:379407ms step_avg:397.29ms
step:956/1670 train_time:379802ms step_avg:397.28ms
step:957/1670 train_time:380196ms step_avg:397.28ms
step:958/1670 train_time:380589ms step_avg:397.27ms
step:959/1670 train_time:380981ms step_avg:397.27ms
step:960/1670 train_time:381370ms step_avg:397.26ms
step:961/1670 train_time:381764ms step_avg:397.26ms
step:962/1670 train_time:382155ms step_avg:397.25ms
step:963/1670 train_time:382549ms step_avg:397.25ms
step:964/1670 train_time:382947ms step_avg:397.25ms
step:965/1670 train_time:383338ms step_avg:397.24ms
step:966/1670 train_time:383733ms step_avg:397.24ms
step:967/1670 train_time:384124ms step_avg:397.23ms
step:968/1670 train_time:384514ms step_avg:397.22ms
step:969/1670 train_time:384904ms step_avg:397.22ms
step:970/1670 train_time:385296ms step_avg:397.21ms
step:971/1670 train_time:385689ms step_avg:397.21ms
step:972/1670 train_time:386079ms step_avg:397.20ms
step:973/1670 train_time:386473ms step_avg:397.20ms
step:974/1670 train_time:386866ms step_avg:397.19ms
step:975/1670 train_time:387259ms step_avg:397.19ms
step:976/1670 train_time:387652ms step_avg:397.18ms
step:977/1670 train_time:388046ms step_avg:397.18ms
step:978/1670 train_time:388440ms step_avg:397.18ms
step:979/1670 train_time:388829ms step_avg:397.17ms
step:980/1670 train_time:389220ms step_avg:397.16ms
step:981/1670 train_time:389619ms step_avg:397.16ms
step:982/1670 train_time:390011ms step_avg:397.16ms
step:983/1670 train_time:390406ms step_avg:397.16ms
step:984/1670 train_time:390799ms step_avg:397.15ms
step:985/1670 train_time:391192ms step_avg:397.15ms
step:986/1670 train_time:391587ms step_avg:397.15ms
step:987/1670 train_time:391977ms step_avg:397.14ms
step:988/1670 train_time:392369ms step_avg:397.13ms
step:989/1670 train_time:392760ms step_avg:397.13ms
step:990/1670 train_time:393150ms step_avg:397.12ms
step:991/1670 train_time:393540ms step_avg:397.11ms
step:992/1670 train_time:393934ms step_avg:397.11ms
step:993/1670 train_time:394326ms step_avg:397.11ms
step:994/1670 train_time:394720ms step_avg:397.10ms
step:995/1670 train_time:395107ms step_avg:397.09ms
step:996/1670 train_time:395499ms step_avg:397.09ms
step:997/1670 train_time:395895ms step_avg:397.09ms
step:998/1670 train_time:396285ms step_avg:397.08ms
step:999/1670 train_time:396678ms step_avg:397.08ms
step:1000/1670 train_time:397072ms step_avg:397.07ms
step:1000/1670 val_loss:3.4666 train_time:397367ms step_avg:397.37ms
step:1001/1670 train_time:397640ms step_avg:397.24ms
step:1002/1670 train_time:398106ms step_avg:397.31ms
step:1003/1670 train_time:398496ms step_avg:397.30ms
step:1004/1670 train_time:398891ms step_avg:397.30ms
step:1005/1670 train_time:399284ms step_avg:397.30ms
step:1006/1670 train_time:399677ms step_avg:397.29ms
step:1007/1670 train_time:400075ms step_avg:397.29ms
step:1008/1670 train_time:400468ms step_avg:397.29ms
step:1009/1670 train_time:400858ms step_avg:397.28ms
step:1010/1670 train_time:401250ms step_avg:397.28ms
step:1011/1670 train_time:401643ms step_avg:397.27ms
step:1012/1670 train_time:402037ms step_avg:397.27ms
step:1013/1670 train_time:402426ms step_avg:397.26ms
step:1014/1670 train_time:402816ms step_avg:397.25ms
step:1015/1670 train_time:403207ms step_avg:397.25ms
step:1016/1670 train_time:403600ms step_avg:397.24ms
step:1017/1670 train_time:403993ms step_avg:397.24ms
step:1018/1670 train_time:404394ms step_avg:397.24ms
step:1019/1670 train_time:404781ms step_avg:397.23ms
step:1020/1670 train_time:405169ms step_avg:397.22ms
step:1021/1670 train_time:405561ms step_avg:397.22ms
step:1022/1670 train_time:405958ms step_avg:397.22ms
step:1023/1670 train_time:406353ms step_avg:397.22ms
step:1024/1670 train_time:406743ms step_avg:397.21ms
step:1025/1670 train_time:407142ms step_avg:397.21ms
step:1026/1670 train_time:407536ms step_avg:397.21ms
step:1027/1670 train_time:407926ms step_avg:397.20ms
step:1028/1670 train_time:408315ms step_avg:397.19ms
step:1029/1670 train_time:408713ms step_avg:397.19ms
step:1030/1670 train_time:409105ms step_avg:397.19ms
step:1031/1670 train_time:409499ms step_avg:397.19ms
step:1032/1670 train_time:409889ms step_avg:397.18ms
step:1033/1670 train_time:410280ms step_avg:397.17ms
step:1034/1670 train_time:410678ms step_avg:397.17ms
step:1035/1670 train_time:411068ms step_avg:397.17ms
step:1036/1670 train_time:411462ms step_avg:397.16ms
step:1037/1670 train_time:411860ms step_avg:397.16ms
step:1038/1670 train_time:412249ms step_avg:397.16ms
step:1039/1670 train_time:412643ms step_avg:397.15ms
step:1040/1670 train_time:413030ms step_avg:397.14ms
step:1041/1670 train_time:413420ms step_avg:397.14ms
step:1042/1670 train_time:413818ms step_avg:397.14ms
step:1043/1670 train_time:414207ms step_avg:397.13ms
step:1044/1670 train_time:414598ms step_avg:397.12ms
step:1045/1670 train_time:414995ms step_avg:397.12ms
step:1046/1670 train_time:415393ms step_avg:397.13ms
step:1047/1670 train_time:415784ms step_avg:397.12ms
step:1048/1670 train_time:416175ms step_avg:397.11ms
step:1049/1670 train_time:416565ms step_avg:397.11ms
step:1050/1670 train_time:417323ms step_avg:397.45ms
step:1051/1670 train_time:418023ms step_avg:397.74ms
step:1052/1670 train_time:418415ms step_avg:397.73ms
step:1053/1670 train_time:418808ms step_avg:397.73ms
step:1054/1670 train_time:419200ms step_avg:397.72ms
step:1055/1670 train_time:419595ms step_avg:397.72ms
step:1056/1670 train_time:419996ms step_avg:397.72ms
step:1057/1670 train_time:420391ms step_avg:397.72ms
step:1058/1670 train_time:420779ms step_avg:397.71ms
step:1059/1670 train_time:421179ms step_avg:397.71ms
step:1060/1670 train_time:421567ms step_avg:397.70ms
step:1061/1670 train_time:421959ms step_avg:397.70ms
step:1062/1670 train_time:422350ms step_avg:397.69ms
step:1063/1670 train_time:422743ms step_avg:397.69ms
step:1064/1670 train_time:423118ms step_avg:397.67ms
step:1065/1670 train_time:423513ms step_avg:397.67ms
step:1066/1670 train_time:423906ms step_avg:397.66ms
step:1067/1670 train_time:424299ms step_avg:397.66ms
step:1068/1670 train_time:424692ms step_avg:397.65ms
step:1069/1670 train_time:425084ms step_avg:397.65ms
step:1070/1670 train_time:425476ms step_avg:397.64ms
step:1071/1670 train_time:425869ms step_avg:397.64ms
step:1072/1670 train_time:426259ms step_avg:397.63ms
step:1073/1670 train_time:426653ms step_avg:397.63ms
step:1074/1670 train_time:427041ms step_avg:397.62ms
step:1075/1670 train_time:427433ms step_avg:397.61ms
step:1076/1670 train_time:427827ms step_avg:397.61ms
step:1077/1670 train_time:428216ms step_avg:397.60ms
step:1078/1670 train_time:428608ms step_avg:397.60ms
step:1079/1670 train_time:429003ms step_avg:397.59ms
step:1080/1670 train_time:429399ms step_avg:397.59ms
step:1081/1670 train_time:429791ms step_avg:397.59ms
step:1082/1670 train_time:430186ms step_avg:397.58ms
step:1083/1670 train_time:430578ms step_avg:397.58ms
step:1084/1670 train_time:430969ms step_avg:397.57ms
step:1085/1670 train_time:431355ms step_avg:397.56ms
step:1086/1670 train_time:431749ms step_avg:397.56ms
step:1087/1670 train_time:432140ms step_avg:397.55ms
step:1088/1670 train_time:432531ms step_avg:397.55ms
step:1089/1670 train_time:432925ms step_avg:397.54ms
step:1090/1670 train_time:433315ms step_avg:397.54ms
step:1091/1670 train_time:433709ms step_avg:397.53ms
step:1092/1670 train_time:434103ms step_avg:397.53ms
step:1093/1670 train_time:434498ms step_avg:397.53ms
step:1094/1670 train_time:434895ms step_avg:397.53ms
step:1095/1670 train_time:435284ms step_avg:397.52ms
step:1096/1670 train_time:435680ms step_avg:397.52ms
step:1097/1670 train_time:436069ms step_avg:397.51ms
step:1098/1670 train_time:436467ms step_avg:397.51ms
step:1099/1670 train_time:436859ms step_avg:397.51ms
step:1100/1670 train_time:437250ms step_avg:397.50ms
step:1101/1670 train_time:437640ms step_avg:397.49ms
step:1102/1670 train_time:438032ms step_avg:397.49ms
step:1103/1670 train_time:438423ms step_avg:397.48ms
step:1104/1670 train_time:438816ms step_avg:397.48ms
step:1105/1670 train_time:439207ms step_avg:397.47ms
step:1106/1670 train_time:439596ms step_avg:397.47ms
step:1107/1670 train_time:439992ms step_avg:397.46ms
step:1108/1670 train_time:440379ms step_avg:397.45ms
step:1109/1670 train_time:440771ms step_avg:397.45ms
step:1110/1670 train_time:441161ms step_avg:397.44ms
step:1111/1670 train_time:441553ms step_avg:397.44ms
step:1112/1670 train_time:441946ms step_avg:397.43ms
step:1113/1670 train_time:442336ms step_avg:397.43ms
step:1114/1670 train_time:442731ms step_avg:397.42ms
step:1115/1670 train_time:443177ms step_avg:397.47ms
step:1116/1670 train_time:443576ms step_avg:397.47ms
step:1117/1670 train_time:443969ms step_avg:397.47ms
step:1118/1670 train_time:444364ms step_avg:397.46ms
step:1119/1670 train_time:444759ms step_avg:397.46ms
step:1120/1670 train_time:445155ms step_avg:397.46ms
step:1121/1670 train_time:445545ms step_avg:397.45ms
step:1122/1670 train_time:445936ms step_avg:397.45ms
step:1123/1670 train_time:446330ms step_avg:397.44ms
step:1124/1670 train_time:446718ms step_avg:397.44ms
step:1125/1670 train_time:447107ms step_avg:397.43ms
step:1125/1670 val_loss:3.4140 train_time:447405ms step_avg:397.69ms
step:1126/1670 train_time:447683ms step_avg:397.59ms
step:1127/1670 train_time:448016ms step_avg:397.53ms
step:1128/1670 train_time:448408ms step_avg:397.52ms
step:1129/1670 train_time:448802ms step_avg:397.52ms
step:1130/1670 train_time:449194ms step_avg:397.52ms
step:1131/1670 train_time:449590ms step_avg:397.52ms
step:1132/1670 train_time:449980ms step_avg:397.51ms
step:1133/1670 train_time:450371ms step_avg:397.50ms
step:1134/1670 train_time:450765ms step_avg:397.50ms
step:1135/1670 train_time:451157ms step_avg:397.50ms
step:1136/1670 train_time:451551ms step_avg:397.49ms
step:1137/1670 train_time:451942ms step_avg:397.49ms
step:1138/1670 train_time:452334ms step_avg:397.48ms
step:1139/1670 train_time:452726ms step_avg:397.48ms
step:1140/1670 train_time:453116ms step_avg:397.47ms
step:1141/1670 train_time:453513ms step_avg:397.47ms
step:1142/1670 train_time:453906ms step_avg:397.47ms
step:1143/1670 train_time:454295ms step_avg:397.46ms
step:1144/1670 train_time:454684ms step_avg:397.45ms
step:1145/1670 train_time:455078ms step_avg:397.45ms
step:1146/1670 train_time:455476ms step_avg:397.45ms
step:1147/1670 train_time:455866ms step_avg:397.44ms
step:1148/1670 train_time:456261ms step_avg:397.44ms
step:1149/1670 train_time:456655ms step_avg:397.44ms
step:1150/1670 train_time:457048ms step_avg:397.43ms
step:1151/1670 train_time:457443ms step_avg:397.43ms
step:1152/1670 train_time:457831ms step_avg:397.42ms
step:1153/1670 train_time:458221ms step_avg:397.42ms
step:1154/1670 train_time:458614ms step_avg:397.41ms
step:1155/1670 train_time:459006ms step_avg:397.41ms
step:1156/1670 train_time:459396ms step_avg:397.40ms
step:1157/1670 train_time:459787ms step_avg:397.40ms
step:1158/1670 train_time:460179ms step_avg:397.39ms
step:1159/1670 train_time:460569ms step_avg:397.39ms
step:1160/1670 train_time:460966ms step_avg:397.38ms
step:1161/1670 train_time:461372ms step_avg:397.39ms
step:1162/1670 train_time:461757ms step_avg:397.38ms
step:1163/1670 train_time:462146ms step_avg:397.37ms
step:1164/1670 train_time:462540ms step_avg:397.37ms
step:1165/1670 train_time:462947ms step_avg:397.38ms
step:1166/1670 train_time:463338ms step_avg:397.37ms
step:1167/1670 train_time:463734ms step_avg:397.37ms
step:1168/1670 train_time:464122ms step_avg:397.36ms
step:1169/1670 train_time:464515ms step_avg:397.36ms
step:1170/1670 train_time:464905ms step_avg:397.35ms
step:1171/1670 train_time:465294ms step_avg:397.35ms
step:1172/1670 train_time:465690ms step_avg:397.35ms
step:1173/1670 train_time:466081ms step_avg:397.34ms
step:1174/1670 train_time:466460ms step_avg:397.33ms
step:1175/1670 train_time:466855ms step_avg:397.32ms
step:1176/1670 train_time:467244ms step_avg:397.32ms
step:1177/1670 train_time:467640ms step_avg:397.31ms
step:1178/1670 train_time:468034ms step_avg:397.31ms
step:1179/1670 train_time:468428ms step_avg:397.31ms
step:1180/1670 train_time:468826ms step_avg:397.31ms
step:1181/1670 train_time:469214ms step_avg:397.30ms
step:1182/1670 train_time:469605ms step_avg:397.30ms
step:1183/1670 train_time:469999ms step_avg:397.29ms
step:1184/1670 train_time:470388ms step_avg:397.29ms
step:1185/1670 train_time:470783ms step_avg:397.29ms
step:1186/1670 train_time:471174ms step_avg:397.28ms
step:1187/1670 train_time:471566ms step_avg:397.28ms
step:1188/1670 train_time:471962ms step_avg:397.27ms
step:1189/1670 train_time:472354ms step_avg:397.27ms
step:1190/1670 train_time:472747ms step_avg:397.27ms
step:1191/1670 train_time:473142ms step_avg:397.26ms
step:1192/1670 train_time:473533ms step_avg:397.26ms
step:1193/1670 train_time:473928ms step_avg:397.26ms
step:1194/1670 train_time:474323ms step_avg:397.26ms
step:1195/1670 train_time:474713ms step_avg:397.25ms
step:1196/1670 train_time:475109ms step_avg:397.25ms
step:1197/1670 train_time:475500ms step_avg:397.24ms
step:1198/1670 train_time:475891ms step_avg:397.24ms
step:1199/1670 train_time:476284ms step_avg:397.23ms
step:1200/1670 train_time:476675ms step_avg:397.23ms
step:1201/1670 train_time:477069ms step_avg:397.23ms
step:1202/1670 train_time:477464ms step_avg:397.22ms
step:1203/1670 train_time:477852ms step_avg:397.22ms
step:1204/1670 train_time:478244ms step_avg:397.21ms
step:1205/1670 train_time:478633ms step_avg:397.21ms
step:1206/1670 train_time:479024ms step_avg:397.20ms
step:1207/1670 train_time:479415ms step_avg:397.20ms
step:1208/1670 train_time:479808ms step_avg:397.19ms
step:1209/1670 train_time:480200ms step_avg:397.19ms
step:1210/1670 train_time:480591ms step_avg:397.18ms
step:1211/1670 train_time:480985ms step_avg:397.18ms
step:1212/1670 train_time:481378ms step_avg:397.18ms
step:1213/1670 train_time:481776ms step_avg:397.18ms
step:1214/1670 train_time:482163ms step_avg:397.17ms
step:1215/1670 train_time:482549ms step_avg:397.16ms
step:1216/1670 train_time:482939ms step_avg:397.15ms
step:1217/1670 train_time:483329ms step_avg:397.15ms
step:1218/1670 train_time:483721ms step_avg:397.14ms
step:1219/1670 train_time:484114ms step_avg:397.14ms
step:1220/1670 train_time:484512ms step_avg:397.14ms
step:1221/1670 train_time:484904ms step_avg:397.14ms
step:1222/1670 train_time:485294ms step_avg:397.13ms
step:1223/1670 train_time:485689ms step_avg:397.13ms
step:1224/1670 train_time:486078ms step_avg:397.12ms
step:1225/1670 train_time:486475ms step_avg:397.12ms
step:1226/1670 train_time:486868ms step_avg:397.12ms
step:1227/1670 train_time:487258ms step_avg:397.11ms
step:1228/1670 train_time:487650ms step_avg:397.11ms
step:1229/1670 train_time:488042ms step_avg:397.11ms
step:1230/1670 train_time:488434ms step_avg:397.10ms
step:1231/1670 train_time:488821ms step_avg:397.09ms
step:1232/1670 train_time:489213ms step_avg:397.09ms
step:1233/1670 train_time:489604ms step_avg:397.08ms
step:1234/1670 train_time:489999ms step_avg:397.08ms
step:1235/1670 train_time:490389ms step_avg:397.08ms
step:1236/1670 train_time:490783ms step_avg:397.07ms
step:1237/1670 train_time:491176ms step_avg:397.07ms
step:1238/1670 train_time:491569ms step_avg:397.07ms
step:1239/1670 train_time:491959ms step_avg:397.06ms
step:1240/1670 train_time:492352ms step_avg:397.06ms
step:1241/1670 train_time:492744ms step_avg:397.05ms
step:1242/1670 train_time:493139ms step_avg:397.05ms
step:1243/1670 train_time:493530ms step_avg:397.05ms
step:1244/1670 train_time:493923ms step_avg:397.04ms
step:1245/1670 train_time:494316ms step_avg:397.04ms
step:1246/1670 train_time:494707ms step_avg:397.04ms
step:1247/1670 train_time:495097ms step_avg:397.03ms
step:1248/1670 train_time:495495ms step_avg:397.03ms
step:1249/1670 train_time:495882ms step_avg:397.02ms
step:1250/1670 train_time:496274ms step_avg:397.02ms
step:1250/1670 val_loss:3.3751 train_time:496577ms step_avg:397.26ms
step:1251/1670 train_time:496865ms step_avg:397.17ms
step:1252/1670 train_time:497197ms step_avg:397.12ms
step:1253/1670 train_time:497596ms step_avg:397.12ms
step:1254/1670 train_time:497990ms step_avg:397.12ms
step:1255/1670 train_time:498379ms step_avg:397.11ms
step:1256/1670 train_time:498773ms step_avg:397.11ms
step:1257/1670 train_time:499167ms step_avg:397.11ms
step:1258/1670 train_time:499560ms step_avg:397.11ms
step:1259/1670 train_time:499955ms step_avg:397.10ms
step:1260/1670 train_time:500748ms step_avg:397.42ms
step:1261/1670 train_time:501406ms step_avg:397.63ms
step:1262/1670 train_time:501803ms step_avg:397.63ms
step:1263/1670 train_time:502197ms step_avg:397.62ms
step:1264/1670 train_time:502586ms step_avg:397.62ms
step:1265/1670 train_time:502977ms step_avg:397.61ms
step:1266/1670 train_time:503378ms step_avg:397.61ms
step:1267/1670 train_time:503770ms step_avg:397.61ms
step:1268/1670 train_time:504161ms step_avg:397.60ms
step:1269/1670 train_time:504555ms step_avg:397.60ms
step:1270/1670 train_time:504948ms step_avg:397.60ms
step:1271/1670 train_time:505343ms step_avg:397.59ms
step:1272/1670 train_time:505734ms step_avg:397.59ms
step:1273/1670 train_time:506125ms step_avg:397.58ms
step:1274/1670 train_time:506518ms step_avg:397.58ms
step:1275/1670 train_time:506909ms step_avg:397.58ms
step:1276/1670 train_time:507297ms step_avg:397.57ms
step:1277/1670 train_time:507690ms step_avg:397.56ms
step:1278/1670 train_time:508082ms step_avg:397.56ms
step:1279/1670 train_time:508474ms step_avg:397.56ms
step:1280/1670 train_time:508864ms step_avg:397.55ms
step:1281/1670 train_time:509258ms step_avg:397.55ms
step:1282/1670 train_time:509655ms step_avg:397.55ms
step:1283/1670 train_time:510043ms step_avg:397.54ms
step:1284/1670 train_time:510435ms step_avg:397.54ms
step:1285/1670 train_time:510828ms step_avg:397.53ms
step:1286/1670 train_time:511224ms step_avg:397.53ms
step:1287/1670 train_time:511614ms step_avg:397.52ms
step:1288/1670 train_time:512009ms step_avg:397.52ms
step:1289/1670 train_time:512401ms step_avg:397.52ms
step:1290/1670 train_time:512796ms step_avg:397.52ms
step:1291/1670 train_time:513189ms step_avg:397.51ms
step:1292/1670 train_time:513582ms step_avg:397.51ms
step:1293/1670 train_time:513971ms step_avg:397.50ms
step:1294/1670 train_time:514361ms step_avg:397.50ms
step:1295/1670 train_time:514758ms step_avg:397.50ms
step:1296/1670 train_time:515149ms step_avg:397.49ms
step:1297/1670 train_time:515540ms step_avg:397.49ms
step:1298/1670 train_time:515930ms step_avg:397.48ms
step:1299/1670 train_time:516327ms step_avg:397.48ms
step:1300/1670 train_time:516719ms step_avg:397.48ms
step:1301/1670 train_time:517113ms step_avg:397.47ms
step:1302/1670 train_time:517503ms step_avg:397.47ms
step:1303/1670 train_time:517900ms step_avg:397.47ms
step:1304/1670 train_time:518296ms step_avg:397.47ms
step:1305/1670 train_time:518686ms step_avg:397.46ms
step:1306/1670 train_time:519075ms step_avg:397.45ms
step:1307/1670 train_time:519470ms step_avg:397.45ms
step:1308/1670 train_time:519865ms step_avg:397.45ms
step:1309/1670 train_time:520255ms step_avg:397.44ms
step:1310/1670 train_time:520648ms step_avg:397.44ms
step:1311/1670 train_time:521040ms step_avg:397.44ms
step:1312/1670 train_time:521436ms step_avg:397.44ms
step:1313/1670 train_time:521829ms step_avg:397.43ms
step:1314/1670 train_time:522224ms step_avg:397.43ms
step:1315/1670 train_time:522616ms step_avg:397.43ms
step:1316/1670 train_time:523006ms step_avg:397.42ms
step:1317/1670 train_time:523402ms step_avg:397.42ms
step:1318/1670 train_time:523790ms step_avg:397.41ms
step:1319/1670 train_time:524181ms step_avg:397.41ms
step:1320/1670 train_time:524575ms step_avg:397.41ms
step:1321/1670 train_time:524965ms step_avg:397.40ms
step:1322/1670 train_time:525361ms step_avg:397.40ms
step:1323/1670 train_time:525751ms step_avg:397.39ms
step:1324/1670 train_time:526145ms step_avg:397.39ms
step:1325/1670 train_time:526534ms step_avg:397.38ms
step:1326/1670 train_time:526928ms step_avg:397.38ms
step:1327/1670 train_time:527322ms step_avg:397.38ms
step:1328/1670 train_time:527717ms step_avg:397.38ms
step:1329/1670 train_time:528105ms step_avg:397.37ms
step:1330/1670 train_time:528493ms step_avg:397.36ms
step:1331/1670 train_time:528885ms step_avg:397.36ms
step:1332/1670 train_time:529281ms step_avg:397.36ms
step:1333/1670 train_time:529672ms step_avg:397.35ms
step:1334/1670 train_time:530064ms step_avg:397.35ms
step:1335/1670 train_time:530455ms step_avg:397.34ms
step:1336/1670 train_time:530848ms step_avg:397.34ms
step:1337/1670 train_time:531242ms step_avg:397.34ms
step:1338/1670 train_time:531633ms step_avg:397.33ms
step:1339/1670 train_time:532025ms step_avg:397.33ms
step:1340/1670 train_time:532417ms step_avg:397.33ms
step:1341/1670 train_time:532814ms step_avg:397.33ms
step:1342/1670 train_time:533212ms step_avg:397.33ms
step:1343/1670 train_time:533603ms step_avg:397.32ms
step:1344/1670 train_time:534000ms step_avg:397.32ms
step:1345/1670 train_time:534390ms step_avg:397.32ms
step:1346/1670 train_time:534781ms step_avg:397.31ms
step:1347/1670 train_time:535173ms step_avg:397.31ms
step:1348/1670 train_time:535567ms step_avg:397.31ms
step:1349/1670 train_time:535971ms step_avg:397.31ms
step:1350/1670 train_time:536363ms step_avg:397.31ms
step:1351/1670 train_time:536740ms step_avg:397.29ms
step:1352/1670 train_time:537129ms step_avg:397.28ms
step:1353/1670 train_time:537526ms step_avg:397.28ms
step:1354/1670 train_time:537918ms step_avg:397.28ms
step:1355/1670 train_time:538312ms step_avg:397.28ms
step:1356/1670 train_time:538703ms step_avg:397.27ms
step:1357/1670 train_time:539098ms step_avg:397.27ms
step:1358/1670 train_time:539488ms step_avg:397.27ms
step:1359/1670 train_time:539898ms step_avg:397.28ms
step:1360/1670 train_time:540295ms step_avg:397.28ms
step:1361/1670 train_time:540684ms step_avg:397.27ms
step:1362/1670 train_time:541064ms step_avg:397.26ms
step:1363/1670 train_time:541455ms step_avg:397.25ms
step:1364/1670 train_time:541845ms step_avg:397.25ms
step:1365/1670 train_time:542238ms step_avg:397.24ms
step:1366/1670 train_time:542634ms step_avg:397.24ms
step:1367/1670 train_time:543026ms step_avg:397.24ms
step:1368/1670 train_time:543423ms step_avg:397.24ms
step:1369/1670 train_time:543828ms step_avg:397.24ms
step:1370/1670 train_time:544221ms step_avg:397.24ms
step:1371/1670 train_time:544601ms step_avg:397.23ms
step:1372/1670 train_time:544994ms step_avg:397.23ms
step:1373/1670 train_time:545383ms step_avg:397.22ms
step:1374/1670 train_time:545779ms step_avg:397.22ms
step:1375/1670 train_time:546170ms step_avg:397.21ms
step:1375/1670 val_loss:3.3396 train_time:546467ms step_avg:397.43ms
step:1376/1670 train_time:546743ms step_avg:397.34ms
step:1377/1670 train_time:547098ms step_avg:397.31ms
step:1378/1670 train_time:547488ms step_avg:397.31ms
step:1379/1670 train_time:547879ms step_avg:397.30ms
step:1380/1670 train_time:548277ms step_avg:397.30ms
step:1381/1670 train_time:548675ms step_avg:397.30ms
step:1382/1670 train_time:549066ms step_avg:397.30ms
step:1383/1670 train_time:549460ms step_avg:397.30ms
step:1384/1670 train_time:549850ms step_avg:397.29ms
step:1385/1670 train_time:550242ms step_avg:397.29ms
step:1386/1670 train_time:550636ms step_avg:397.28ms
step:1387/1670 train_time:551025ms step_avg:397.28ms
step:1388/1670 train_time:551417ms step_avg:397.27ms
step:1389/1670 train_time:551810ms step_avg:397.27ms
step:1390/1670 train_time:552201ms step_avg:397.27ms
step:1391/1670 train_time:552591ms step_avg:397.26ms
step:1392/1670 train_time:552985ms step_avg:397.26ms
step:1393/1670 train_time:553383ms step_avg:397.26ms
step:1394/1670 train_time:553769ms step_avg:397.25ms
step:1395/1670 train_time:554161ms step_avg:397.25ms
step:1396/1670 train_time:554548ms step_avg:397.24ms
step:1397/1670 train_time:554943ms step_avg:397.24ms
step:1398/1670 train_time:555333ms step_avg:397.23ms
step:1399/1670 train_time:555722ms step_avg:397.23ms
step:1400/1670 train_time:556112ms step_avg:397.22ms
step:1401/1670 train_time:556510ms step_avg:397.22ms
step:1402/1670 train_time:556905ms step_avg:397.22ms
step:1403/1670 train_time:557296ms step_avg:397.22ms
step:1404/1670 train_time:557687ms step_avg:397.21ms
step:1405/1670 train_time:558079ms step_avg:397.21ms
step:1406/1670 train_time:558470ms step_avg:397.20ms
step:1407/1670 train_time:558861ms step_avg:397.20ms
step:1408/1670 train_time:559254ms step_avg:397.20ms
step:1409/1670 train_time:559654ms step_avg:397.20ms
step:1410/1670 train_time:560041ms step_avg:397.19ms
step:1411/1670 train_time:560436ms step_avg:397.19ms
step:1412/1670 train_time:560825ms step_avg:397.18ms
step:1413/1670 train_time:561214ms step_avg:397.18ms
step:1414/1670 train_time:561609ms step_avg:397.18ms
step:1415/1670 train_time:561996ms step_avg:397.17ms
step:1416/1670 train_time:562390ms step_avg:397.17ms
step:1417/1670 train_time:562782ms step_avg:397.16ms
step:1418/1670 train_time:563169ms step_avg:397.16ms
step:1419/1670 train_time:563560ms step_avg:397.15ms
step:1420/1670 train_time:563955ms step_avg:397.15ms
step:1421/1670 train_time:564346ms step_avg:397.15ms
step:1422/1670 train_time:564745ms step_avg:397.15ms
step:1423/1670 train_time:565141ms step_avg:397.15ms
step:1424/1670 train_time:565529ms step_avg:397.14ms
step:1425/1670 train_time:565923ms step_avg:397.14ms
step:1426/1670 train_time:566317ms step_avg:397.14ms
step:1427/1670 train_time:566704ms step_avg:397.13ms
step:1428/1670 train_time:567102ms step_avg:397.13ms
step:1429/1670 train_time:567497ms step_avg:397.13ms
step:1430/1670 train_time:567888ms step_avg:397.12ms
step:1431/1670 train_time:568283ms step_avg:397.12ms
step:1432/1670 train_time:568672ms step_avg:397.12ms
step:1433/1670 train_time:569065ms step_avg:397.11ms
step:1434/1670 train_time:569458ms step_avg:397.11ms
step:1435/1670 train_time:569853ms step_avg:397.11ms
step:1436/1670 train_time:570248ms step_avg:397.11ms
step:1437/1670 train_time:570638ms step_avg:397.10ms
step:1438/1670 train_time:571031ms step_avg:397.10ms
step:1439/1670 train_time:571423ms step_avg:397.10ms
step:1440/1670 train_time:571817ms step_avg:397.10ms
step:1441/1670 train_time:572206ms step_avg:397.09ms
step:1442/1670 train_time:572596ms step_avg:397.08ms
step:1443/1670 train_time:572987ms step_avg:397.08ms
step:1444/1670 train_time:573381ms step_avg:397.08ms
step:1445/1670 train_time:573771ms step_avg:397.07ms
step:1446/1670 train_time:574166ms step_avg:397.07ms
step:1447/1670 train_time:574557ms step_avg:397.07ms
step:1448/1670 train_time:574948ms step_avg:397.06ms
step:1449/1670 train_time:575342ms step_avg:397.06ms
step:1450/1670 train_time:575733ms step_avg:397.06ms
step:1451/1670 train_time:576128ms step_avg:397.06ms
step:1452/1670 train_time:576519ms step_avg:397.05ms
step:1453/1670 train_time:576917ms step_avg:397.05ms
step:1454/1670 train_time:577307ms step_avg:397.05ms
step:1455/1670 train_time:577695ms step_avg:397.04ms
step:1456/1670 train_time:578090ms step_avg:397.04ms
step:1457/1670 train_time:578489ms step_avg:397.04ms
step:1458/1670 train_time:578879ms step_avg:397.04ms
step:1459/1670 train_time:579272ms step_avg:397.03ms
step:1460/1670 train_time:579662ms step_avg:397.03ms
step:1461/1670 train_time:580054ms step_avg:397.03ms
step:1462/1670 train_time:580445ms step_avg:397.02ms
step:1463/1670 train_time:580838ms step_avg:397.02ms
step:1464/1670 train_time:581232ms step_avg:397.02ms
step:1465/1670 train_time:581622ms step_avg:397.01ms
step:1466/1670 train_time:582016ms step_avg:397.01ms
step:1467/1670 train_time:582410ms step_avg:397.01ms
step:1468/1670 train_time:582805ms step_avg:397.01ms
step:1469/1670 train_time:583857ms step_avg:397.45ms
step:1470/1670 train_time:584262ms step_avg:397.46ms
step:1471/1670 train_time:584655ms step_avg:397.45ms
step:1472/1670 train_time:585048ms step_avg:397.45ms
step:1473/1670 train_time:585441ms step_avg:397.45ms
step:1474/1670 train_time:585835ms step_avg:397.45ms
step:1475/1670 train_time:586231ms step_avg:397.44ms
step:1476/1670 train_time:586625ms step_avg:397.44ms
step:1477/1670 train_time:587019ms step_avg:397.44ms
step:1478/1670 train_time:587416ms step_avg:397.44ms
step:1479/1670 train_time:587812ms step_avg:397.44ms
step:1480/1670 train_time:588204ms step_avg:397.44ms
step:1481/1670 train_time:588604ms step_avg:397.44ms
step:1482/1670 train_time:588991ms step_avg:397.43ms
step:1483/1670 train_time:589393ms step_avg:397.43ms
step:1484/1670 train_time:589781ms step_avg:397.43ms
step:1485/1670 train_time:590175ms step_avg:397.42ms
step:1486/1670 train_time:590565ms step_avg:397.42ms
step:1487/1670 train_time:590963ms step_avg:397.42ms
step:1488/1670 train_time:591359ms step_avg:397.42ms
step:1489/1670 train_time:591757ms step_avg:397.42ms
step:1490/1670 train_time:592147ms step_avg:397.41ms
step:1491/1670 train_time:592541ms step_avg:397.41ms
step:1492/1670 train_time:592935ms step_avg:397.41ms
step:1493/1670 train_time:593337ms step_avg:397.41ms
step:1494/1670 train_time:593730ms step_avg:397.41ms
step:1495/1670 train_time:594129ms step_avg:397.41ms
step:1496/1670 train_time:594523ms step_avg:397.41ms
step:1497/1670 train_time:594918ms step_avg:397.41ms
step:1498/1670 train_time:595315ms step_avg:397.41ms
step:1499/1670 train_time:595709ms step_avg:397.40ms
step:1500/1670 train_time:596103ms step_avg:397.40ms
step:1500/1670 val_loss:3.3090 train_time:596399ms step_avg:397.60ms
step:1501/1670 train_time:596671ms step_avg:397.52ms
step:1502/1670 train_time:597031ms step_avg:397.49ms
step:1503/1670 train_time:597432ms step_avg:397.49ms
step:1504/1670 train_time:597828ms step_avg:397.49ms
step:1505/1670 train_time:598225ms step_avg:397.49ms
step:1506/1670 train_time:598620ms step_avg:397.49ms
step:1507/1670 train_time:599018ms step_avg:397.49ms
step:1508/1670 train_time:599410ms step_avg:397.49ms
step:1509/1670 train_time:599804ms step_avg:397.48ms
step:1510/1670 train_time:600197ms step_avg:397.48ms
step:1511/1670 train_time:600593ms step_avg:397.48ms
step:1512/1670 train_time:600987ms step_avg:397.48ms
step:1513/1670 train_time:601382ms step_avg:397.48ms
step:1514/1670 train_time:601775ms step_avg:397.47ms
step:1515/1670 train_time:602169ms step_avg:397.47ms
step:1516/1670 train_time:602569ms step_avg:397.47ms
step:1517/1670 train_time:602965ms step_avg:397.47ms
step:1518/1670 train_time:603358ms step_avg:397.47ms
step:1519/1670 train_time:603755ms step_avg:397.47ms
step:1520/1670 train_time:604152ms step_avg:397.47ms
step:1521/1670 train_time:604546ms step_avg:397.47ms
step:1522/1670 train_time:604939ms step_avg:397.46ms
step:1523/1670 train_time:605332ms step_avg:397.46ms
step:1524/1670 train_time:605728ms step_avg:397.46ms
step:1525/1670 train_time:606127ms step_avg:397.46ms
step:1526/1670 train_time:606520ms step_avg:397.46ms
step:1527/1670 train_time:606915ms step_avg:397.46ms
step:1528/1670 train_time:607309ms step_avg:397.45ms
step:1529/1670 train_time:607703ms step_avg:397.45ms
step:1530/1670 train_time:608103ms step_avg:397.45ms
step:1531/1670 train_time:608501ms step_avg:397.45ms
step:1532/1670 train_time:608893ms step_avg:397.45ms
step:1533/1670 train_time:609286ms step_avg:397.45ms
step:1534/1670 train_time:609680ms step_avg:397.44ms
step:1535/1670 train_time:610073ms step_avg:397.44ms
step:1536/1670 train_time:610466ms step_avg:397.44ms
step:1537/1670 train_time:610861ms step_avg:397.44ms
step:1538/1670 train_time:611257ms step_avg:397.44ms
step:1539/1670 train_time:611650ms step_avg:397.43ms
step:1540/1670 train_time:612048ms step_avg:397.43ms
step:1541/1670 train_time:612439ms step_avg:397.43ms
step:1542/1670 train_time:612840ms step_avg:397.43ms
step:1543/1670 train_time:613237ms step_avg:397.43ms
step:1544/1670 train_time:613628ms step_avg:397.43ms
step:1545/1670 train_time:614022ms step_avg:397.43ms
step:1546/1670 train_time:614416ms step_avg:397.42ms
step:1547/1670 train_time:614810ms step_avg:397.42ms
step:1548/1670 train_time:615204ms step_avg:397.42ms
step:1549/1670 train_time:615598ms step_avg:397.42ms
step:1550/1670 train_time:615997ms step_avg:397.42ms
step:1551/1670 train_time:616393ms step_avg:397.42ms
step:1552/1670 train_time:616788ms step_avg:397.42ms
step:1553/1670 train_time:617181ms step_avg:397.41ms
step:1554/1670 train_time:617577ms step_avg:397.41ms
step:1555/1670 train_time:617969ms step_avg:397.41ms
step:1556/1670 train_time:618365ms step_avg:397.41ms
step:1557/1670 train_time:618764ms step_avg:397.41ms
step:1558/1670 train_time:619157ms step_avg:397.40ms
step:1559/1670 train_time:619554ms step_avg:397.40ms
step:1560/1670 train_time:619945ms step_avg:397.40ms
step:1561/1670 train_time:620338ms step_avg:397.40ms
step:1562/1670 train_time:620733ms step_avg:397.40ms
step:1563/1670 train_time:621129ms step_avg:397.40ms
step:1564/1670 train_time:621523ms step_avg:397.39ms
step:1565/1670 train_time:621917ms step_avg:397.39ms
step:1566/1670 train_time:622313ms step_avg:397.39ms
step:1567/1670 train_time:622705ms step_avg:397.39ms
step:1568/1670 train_time:623101ms step_avg:397.39ms
step:1569/1670 train_time:623491ms step_avg:397.38ms
step:1570/1670 train_time:623886ms step_avg:397.38ms
step:1571/1670 train_time:624279ms step_avg:397.38ms
step:1572/1670 train_time:624676ms step_avg:397.38ms
step:1573/1670 train_time:625069ms step_avg:397.37ms
step:1574/1670 train_time:625464ms step_avg:397.37ms
step:1575/1670 train_time:625859ms step_avg:397.37ms
step:1576/1670 train_time:626258ms step_avg:397.37ms
step:1577/1670 train_time:626652ms step_avg:397.37ms
step:1578/1670 train_time:627046ms step_avg:397.37ms
step:1579/1670 train_time:627441ms step_avg:397.37ms
step:1580/1670 train_time:627839ms step_avg:397.37ms
step:1581/1670 train_time:628234ms step_avg:397.36ms
step:1582/1670 train_time:628627ms step_avg:397.36ms
step:1583/1670 train_time:629024ms step_avg:397.36ms
step:1584/1670 train_time:629418ms step_avg:397.36ms
step:1585/1670 train_time:629816ms step_avg:397.36ms
step:1586/1670 train_time:630212ms step_avg:397.36ms
step:1587/1670 train_time:630605ms step_avg:397.36ms
step:1588/1670 train_time:631002ms step_avg:397.36ms
step:1589/1670 train_time:631394ms step_avg:397.35ms
step:1590/1670 train_time:631787ms step_avg:397.35ms
step:1591/1670 train_time:632183ms step_avg:397.35ms
step:1592/1670 train_time:632575ms step_avg:397.35ms
step:1593/1670 train_time:632967ms step_avg:397.34ms
step:1594/1670 train_time:633368ms step_avg:397.34ms
step:1595/1670 train_time:633761ms step_avg:397.34ms
step:1596/1670 train_time:634156ms step_avg:397.34ms
step:1597/1670 train_time:634554ms step_avg:397.34ms
step:1598/1670 train_time:634944ms step_avg:397.34ms
step:1599/1670 train_time:635344ms step_avg:397.34ms
step:1600/1670 train_time:635740ms step_avg:397.34ms
step:1601/1670 train_time:636136ms step_avg:397.34ms
step:1602/1670 train_time:636531ms step_avg:397.34ms
step:1603/1670 train_time:636922ms step_avg:397.33ms
step:1604/1670 train_time:637325ms step_avg:397.33ms
step:1605/1670 train_time:637721ms step_avg:397.33ms
step:1606/1670 train_time:638116ms step_avg:397.33ms
step:1607/1670 train_time:638510ms step_avg:397.33ms
step:1608/1670 train_time:638902ms step_avg:397.33ms
step:1609/1670 train_time:639295ms step_avg:397.32ms
step:1610/1670 train_time:639691ms step_avg:397.32ms
step:1611/1670 train_time:640091ms step_avg:397.33ms
step:1612/1670 train_time:640484ms step_avg:397.32ms
step:1613/1670 train_time:640882ms step_avg:397.32ms
step:1614/1670 train_time:641277ms step_avg:397.32ms
step:1615/1670 train_time:641672ms step_avg:397.32ms
step:1616/1670 train_time:642072ms step_avg:397.32ms
step:1617/1670 train_time:642459ms step_avg:397.32ms
step:1618/1670 train_time:642851ms step_avg:397.31ms
step:1619/1670 train_time:643248ms step_avg:397.31ms
step:1620/1670 train_time:643648ms step_avg:397.31ms
step:1621/1670 train_time:644043ms step_avg:397.31ms
step:1622/1670 train_time:644438ms step_avg:397.31ms
step:1623/1670 train_time:644835ms step_avg:397.31ms
step:1624/1670 train_time:645227ms step_avg:397.31ms
step:1625/1670 train_time:645625ms step_avg:397.31ms
step:1625/1670 val_loss:3.2837 train_time:645925ms step_avg:397.49ms
step:1626/1670 train_time:646194ms step_avg:397.41ms
step:1627/1670 train_time:646579ms step_avg:397.41ms
step:1628/1670 train_time:646972ms step_avg:397.40ms
step:1629/1670 train_time:647367ms step_avg:397.40ms
step:1630/1670 train_time:647765ms step_avg:397.40ms
step:1631/1670 train_time:648156ms step_avg:397.40ms
step:1632/1670 train_time:648551ms step_avg:397.40ms
step:1633/1670 train_time:648944ms step_avg:397.39ms
step:1634/1670 train_time:649343ms step_avg:397.39ms
step:1635/1670 train_time:649734ms step_avg:397.39ms
step:1636/1670 train_time:650130ms step_avg:397.39ms
step:1637/1670 train_time:650541ms step_avg:397.40ms
step:1638/1670 train_time:650923ms step_avg:397.39ms
step:1639/1670 train_time:651329ms step_avg:397.39ms
step:1640/1670 train_time:651724ms step_avg:397.39ms
step:1641/1670 train_time:652111ms step_avg:397.39ms
step:1642/1670 train_time:652508ms step_avg:397.39ms
step:1643/1670 train_time:652904ms step_avg:397.39ms
step:1644/1670 train_time:653306ms step_avg:397.39ms
step:1645/1670 train_time:653696ms step_avg:397.38ms
step:1646/1670 train_time:654089ms step_avg:397.38ms
step:1647/1670 train_time:654482ms step_avg:397.38ms
step:1648/1670 train_time:654877ms step_avg:397.38ms
step:1649/1670 train_time:655272ms step_avg:397.38ms
step:1650/1670 train_time:655667ms step_avg:397.37ms
step:1651/1670 train_time:656063ms step_avg:397.37ms
step:1652/1670 train_time:656457ms step_avg:397.37ms
step:1653/1670 train_time:656857ms step_avg:397.37ms
step:1654/1670 train_time:657253ms step_avg:397.37ms
step:1655/1670 train_time:657652ms step_avg:397.37ms
step:1656/1670 train_time:658045ms step_avg:397.37ms
step:1657/1670 train_time:658441ms step_avg:397.37ms
step:1658/1670 train_time:658836ms step_avg:397.37ms
step:1659/1670 train_time:659230ms step_avg:397.37ms
step:1660/1670 train_time:659623ms step_avg:397.36ms
step:1661/1670 train_time:660021ms step_avg:397.36ms
step:1662/1670 train_time:660413ms step_avg:397.36ms
step:1663/1670 train_time:660805ms step_avg:397.36ms
step:1664/1670 train_time:661206ms step_avg:397.36ms
step:1665/1670 train_time:661603ms step_avg:397.36ms
step:1666/1670 train_time:661998ms step_avg:397.36ms
step:1667/1670 train_time:662390ms step_avg:397.35ms
step:1668/1670 train_time:662790ms step_avg:397.36ms
step:1669/1670 train_time:663194ms step_avg:397.36ms
step:1670/1670 train_time:663580ms step_avg:397.35ms
step:1670/1670 val_loss:3.2752 train_time:663927ms step_avg:397.56ms
peak memory allocated: 31703 MiB reserved: 34462 MiB
total training time: 663.93s (663927ms)
=== Done. Exit code: 0 ===
