=== Environment [fp32 val fix] ===
SEED=1
NPROC=16
DATA_PATH=/models/modded-nanogpt_record50_cautious_wd
TRAIN_SCRIPT=/models/modded-nanogpt_record50_cautious_wd/npu_bench/record_032_vect_sigmoid_bfloat16/agent_outputs/default_agent/npu_port_fixed/train_gpt.py
Python: Python 3.10.19
Torch: 2.7.1+cpu
Torch_NPU: 2.7.1.post2
=== Starting training [fp32 val fix] ===
/root/miniconda3/envs/llm_test/lib/python3.10/runpy.py:126: RuntimeWarning: 'torch.distributed.run' found in sys.modules after import of package 'torch.distributed', but prior to execution of 'torch.distributed.run'; this may result in unpredictable behaviour
  warn(RuntimeWarning(msg))

*****************************************
Setting OMP_NUM_THREADS environment variable for each process to be 1 in default, to avoid your system being overloaded, please further tune the variable for optimal performance in your application as needed. 
*****************************************
/root/miniconda3/envs/llm_test/lib/python3.10/site-packages/torch/autograd/__init__.py:221: UserWarning: Cannot create tensor with interal format while allow_internel_format=False, tensor will be created with base format. (Triggered internally at build/CMakeFiles/torch_npu.dir/compiler_depend.ts:338.)
  torch.ones_like(out, memory_format=torch.preserve_format)
/root/miniconda3/envs/llm_test/lib/python3.10/site-packages/torch/autograd/__init__.py:221: UserWarning: Cannot create tensor with interal format while allow_internel_format=False, tensor will be created with base format. (Triggered internally at build/CMakeFiles/torch_npu.dir/compiler_depend.ts:338.)
  torch.ones_like(out, memory_format=torch.preserve_format)
/root/miniconda3/envs/llm_test/lib/python3.10/site-packages/torch/autograd/__init__.py:221: UserWarning: Cannot create tensor with interal format while allow_internel_format=False, tensor will be created with base format. (Triggered internally at build/CMakeFiles/torch_npu.dir/compiler_depend.ts:338.)
  torch.ones_like(out, memory_format=torch.preserve_format)
/root/miniconda3/envs/llm_test/lib/python3.10/site-packages/torch/autograd/__init__.py:221: UserWarning: Cannot create tensor with interal format while allow_internel_format=False, tensor will be created with base format. (Triggered internally at build/CMakeFiles/torch_npu.dir/compiler_depend.ts:338.)
  torch.ones_like(out, memory_format=torch.preserve_format)
/root/miniconda3/envs/llm_test/lib/python3.10/site-packages/torch/autograd/__init__.py:221: UserWarning: Cannot create tensor with interal format while allow_internel_format=False, tensor will be created with base format. (Triggered internally at build/CMakeFiles/torch_npu.dir/compiler_depend.ts:338.)
  torch.ones_like(out, memory_format=torch.preserve_format)
/root/miniconda3/envs/llm_test/lib/python3.10/site-packages/torch/autograd/__init__.py:221: UserWarning: Cannot create tensor with interal format while allow_internel_format=False, tensor will be created with base format. (Triggered internally at build/CMakeFiles/torch_npu.dir/compiler_depend.ts:338.)
  torch.ones_like(out, memory_format=torch.preserve_format)
/root/miniconda3/envs/llm_test/lib/python3.10/site-packages/torch/distributed/distributed_c10d.py:4631: UserWarning: No device id is provided via `init_process_group` or `barrier `. Using the current device set by the user. 
  warnings.warn(  # warn only once
/root/miniconda3/envs/llm_test/lib/python3.10/site-packages/torch/autograd/__init__.py:221: UserWarning: Cannot create tensor with interal format while allow_internel_format=False, tensor will be created with base format. (Triggered internally at build/CMakeFiles/torch_npu.dir/compiler_depend.ts:338.)
  torch.ones_like(out, memory_format=torch.preserve_format)
/root/miniconda3/envs/llm_test/lib/python3.10/site-packages/torch/autograd/__init__.py:221: UserWarning: Cannot create tensor with interal format while allow_internel_format=False, tensor will be created with base format. (Triggered internally at build/CMakeFiles/torch_npu.dir/compiler_depend.ts:338.)
  torch.ones_like(out, memory_format=torch.preserve_format)
/root/miniconda3/envs/llm_test/lib/python3.10/site-packages/torch/autograd/__init__.py:221: UserWarning: Cannot create tensor with interal format while allow_internel_format=False, tensor will be created with base format. (Triggered internally at build/CMakeFiles/torch_npu.dir/compiler_depend.ts:338.)
  torch.ones_like(out, memory_format=torch.preserve_format)
/root/miniconda3/envs/llm_test/lib/python3.10/site-packages/torch/autograd/__init__.py:221: UserWarning: Cannot create tensor with interal format while allow_internel_format=False, tensor will be created with base format. (Triggered internally at build/CMakeFiles/torch_npu.dir/compiler_depend.ts:338.)
  torch.ones_like(out, memory_format=torch.preserve_format)
/root/miniconda3/envs/llm_test/lib/python3.10/site-packages/torch/autograd/__init__.py:221: UserWarning: Cannot create tensor with interal format while allow_internel_format=False, tensor will be created with base format. (Triggered internally at build/CMakeFiles/torch_npu.dir/compiler_depend.ts:338.)
  torch.ones_like(out, memory_format=torch.preserve_format)
/root/miniconda3/envs/llm_test/lib/python3.10/site-packages/torch/autograd/__init__.py:221: UserWarning: Cannot create tensor with interal format while allow_internel_format=False, tensor will be created with base format. (Triggered internally at build/CMakeFiles/torch_npu.dir/compiler_depend.ts:338.)
  torch.ones_like(out, memory_format=torch.preserve_format)
/root/miniconda3/envs/llm_test/lib/python3.10/site-packages/torch/autograd/__init__.py:221: UserWarning: Cannot create tensor with interal format while allow_internel_format=False, tensor will be created with base format. (Triggered internally at build/CMakeFiles/torch_npu.dir/compiler_depend.ts:338.)
  torch.ones_like(out, memory_format=torch.preserve_format)
/root/miniconda3/envs/llm_test/lib/python3.10/site-packages/torch/autograd/__init__.py:221: UserWarning: Cannot create tensor with interal format while allow_internel_format=False, tensor will be created with base format. (Triggered internally at build/CMakeFiles/torch_npu.dir/compiler_depend.ts:338.)
  torch.ones_like(out, memory_format=torch.preserve_format)
/root/miniconda3/envs/llm_test/lib/python3.10/site-packages/torch/autograd/__init__.py:221: UserWarning: Cannot create tensor with interal format while allow_internel_format=False, tensor will be created with base format. (Triggered internally at build/CMakeFiles/torch_npu.dir/compiler_depend.ts:338.)
  torch.ones_like(out, memory_format=torch.preserve_format)
/root/miniconda3/envs/llm_test/lib/python3.10/site-packages/torch/autograd/__init__.py:221: UserWarning: Cannot create tensor with interal format while allow_internel_format=False, tensor will be created with base format. (Triggered internally at build/CMakeFiles/torch_npu.dir/compiler_depend.ts:338.)
  torch.ones_like(out, memory_format=torch.preserve_format)
/root/miniconda3/envs/llm_test/lib/python3.10/site-packages/torch/distributed/distributed_c10d.py:4631: UserWarning: No device id is provided via `init_process_group` or `barrier `. Using the current device set by the user. 
  warnings.warn(  # warn only once
/root/miniconda3/envs/llm_test/lib/python3.10/site-packages/torch/distributed/distributed_c10d.py:4631: UserWarning: No device id is provided via `init_process_group` or `barrier `. Using the current device set by the user. 
  warnings.warn(  # warn only once
/root/miniconda3/envs/llm_test/lib/python3.10/site-packages/torch/distributed/distributed_c10d.py:4631: UserWarning: No device id is provided via `init_process_group` or `barrier `. Using the current device set by the user. 
  warnings.warn(  # warn only once
/root/miniconda3/envs/llm_test/lib/python3.10/site-packages/torch/distributed/distributed_c10d.py:4631: UserWarning: No device id is provided via `init_process_group` or `barrier `. Using the current device set by the user. 
  warnings.warn(  # warn only once
/root/miniconda3/envs/llm_test/lib/python3.10/site-packages/torch/distributed/distributed_c10d.py:4631: UserWarning: No device id is provided via `init_process_group` or `barrier `. Using the current device set by the user. 
  warnings.warn(  # warn only once
/root/miniconda3/envs/llm_test/lib/python3.10/site-packages/torch/distributed/distributed_c10d.py:4631: UserWarning: No device id is provided via `init_process_group` or `barrier `. Using the current device set by the user. 
  warnings.warn(  # warn only once
/root/miniconda3/envs/llm_test/lib/python3.10/site-packages/torch/distributed/distributed_c10d.py:4631: UserWarning: No device id is provided via `init_process_group` or `barrier `. Using the current device set by the user. 
  warnings.warn(  # warn only once
/root/miniconda3/envs/llm_test/lib/python3.10/site-packages/torch/distributed/distributed_c10d.py:4631: UserWarning: No device id is provided via `init_process_group` or `barrier `. Using the current device set by the user. 
  warnings.warn(  # warn only once
/root/miniconda3/envs/llm_test/lib/python3.10/site-packages/torch/distributed/distributed_c10d.py:4631: UserWarning: No device id is provided via `init_process_group` or `barrier `. Using the current device set by the user. 
  warnings.warn(  # warn only once
/root/miniconda3/envs/llm_test/lib/python3.10/site-packages/torch/distributed/distributed_c10d.py:4631: UserWarning: No device id is provided via `init_process_group` or `barrier `. Using the current device set by the user. 
  warnings.warn(  # warn only once
/root/miniconda3/envs/llm_test/lib/python3.10/site-packages/torch/distributed/distributed_c10d.py:4631: UserWarning: No device id is provided via `init_process_group` or `barrier `. Using the current device set by the user. 
  warnings.warn(  # warn only once
/root/miniconda3/envs/llm_test/lib/python3.10/site-packages/torch/distributed/distributed_c10d.py:4631: UserWarning: No device id is provided via `init_process_group` or `barrier `. Using the current device set by the user. 
  warnings.warn(  # warn only once
/root/miniconda3/envs/llm_test/lib/python3.10/site-packages/torch/distributed/distributed_c10d.py:4631: UserWarning: No device id is provided via `init_process_group` or `barrier `. Using the current device set by the user. 
  warnings.warn(  # warn only once
/root/miniconda3/envs/llm_test/lib/python3.10/site-packages/torch/distributed/distributed_c10d.py:4631: UserWarning: No device id is provided via `init_process_group` or `barrier `. Using the current device set by the user. 
  warnings.warn(  # warn only once
/root/miniconda3/envs/llm_test/lib/python3.10/site-packages/torch/distributed/distributed_c10d.py:4631: UserWarning: No device id is provided via `init_process_group` or `barrier `. Using the current device set by the user. 
  warnings.warn(  # warn only once
logs/b958ad48-4635-4f05-afac-ffb6f8e019da
/root/miniconda3/envs/llm_test/lib/python3.10/site-packages/torch_npu/utils/storage.py:89: UserWarning: TypedStorage is deprecated. It will be removed in the future and UntypedStorage will be the only storage class. This should only matter to you if you are using storages directly.  To access UntypedStorage directly, use tensor.untyped_storage() instead of tensor.storage()
  if self.device.type != 'cpu':
step:0/1670 val_loss:10.8258 train_time:0ms step_avg:0.13ms
step:1/1670 train_time:1677ms step_avg:1677.22ms
step:2/1670 train_time:1787ms step_avg:893.49ms
step:3/1670 train_time:2173ms step_avg:724.32ms
step:4/1670 train_time:2567ms step_avg:641.69ms
step:5/1670 train_time:2954ms step_avg:590.75ms
step:6/1670 train_time:3341ms step_avg:556.83ms
step:7/1670 train_time:3736ms step_avg:533.72ms
step:8/1670 train_time:4127ms step_avg:515.92ms
step:9/1670 train_time:4525ms step_avg:502.76ms
step:10/1670 train_time:4916ms step_avg:491.64ms
step:11/1670 train_time:5313ms step_avg:483.03ms
step:12/1670 train_time:5703ms step_avg:475.27ms
step:13/1670 train_time:6100ms step_avg:469.24ms
step:14/1670 train_time:6494ms step_avg:463.87ms
step:15/1670 train_time:6882ms step_avg:458.80ms
step:16/1670 train_time:7277ms step_avg:454.80ms
step:17/1670 train_time:7671ms step_avg:451.21ms
step:18/1670 train_time:8057ms step_avg:447.63ms
step:19/1670 train_time:8449ms step_avg:444.68ms
step:20/1670 train_time:8843ms step_avg:442.14ms
step:21/1670 train_time:9234ms step_avg:439.71ms
step:22/1670 train_time:9626ms step_avg:437.55ms
step:23/1670 train_time:10018ms step_avg:435.58ms
step:24/1670 train_time:10411ms step_avg:433.78ms
step:25/1670 train_time:10802ms step_avg:432.07ms
step:26/1670 train_time:11194ms step_avg:430.54ms
step:27/1670 train_time:11593ms step_avg:429.36ms
step:28/1670 train_time:11982ms step_avg:427.91ms
step:29/1670 train_time:12373ms step_avg:426.64ms
step:30/1670 train_time:12763ms step_avg:425.43ms
step:31/1670 train_time:13156ms step_avg:424.38ms
step:32/1670 train_time:13548ms step_avg:423.36ms
step:33/1670 train_time:13940ms step_avg:422.41ms
step:34/1670 train_time:14333ms step_avg:421.57ms
step:35/1670 train_time:14725ms step_avg:420.70ms
step:36/1670 train_time:15114ms step_avg:419.85ms
step:37/1670 train_time:15507ms step_avg:419.11ms
step:38/1670 train_time:15898ms step_avg:418.37ms
step:39/1670 train_time:16291ms step_avg:417.72ms
step:40/1670 train_time:16683ms step_avg:417.08ms
step:41/1670 train_time:17075ms step_avg:416.46ms
step:42/1670 train_time:17466ms step_avg:415.85ms
step:43/1670 train_time:17859ms step_avg:415.33ms
step:44/1670 train_time:18249ms step_avg:414.76ms
step:45/1670 train_time:18642ms step_avg:414.27ms
step:46/1670 train_time:19034ms step_avg:413.79ms
step:47/1670 train_time:19428ms step_avg:413.35ms
step:48/1670 train_time:19816ms step_avg:412.84ms
step:49/1670 train_time:20212ms step_avg:412.48ms
step:50/1670 train_time:20604ms step_avg:412.08ms
step:51/1670 train_time:21002ms step_avg:411.80ms
step:52/1670 train_time:21393ms step_avg:411.40ms
step:53/1670 train_time:21786ms step_avg:411.05ms
step:54/1670 train_time:22175ms step_avg:410.65ms
step:55/1670 train_time:22569ms step_avg:410.35ms
step:56/1670 train_time:22959ms step_avg:409.98ms
step:57/1670 train_time:23354ms step_avg:409.72ms
step:58/1670 train_time:23748ms step_avg:409.44ms
step:59/1670 train_time:24141ms step_avg:409.18ms
step:60/1670 train_time:24533ms step_avg:408.89ms
step:61/1670 train_time:24925ms step_avg:408.61ms
step:62/1670 train_time:25318ms step_avg:408.36ms
step:63/1670 train_time:25715ms step_avg:408.18ms
step:64/1670 train_time:26107ms step_avg:407.92ms
step:65/1670 train_time:26498ms step_avg:407.66ms
step:66/1670 train_time:26884ms step_avg:407.34ms
step:67/1670 train_time:27273ms step_avg:407.06ms
step:68/1670 train_time:27662ms step_avg:406.79ms
step:69/1670 train_time:28059ms step_avg:406.65ms
step:70/1670 train_time:28455ms step_avg:406.50ms
step:71/1670 train_time:28848ms step_avg:406.30ms
step:72/1670 train_time:29238ms step_avg:406.08ms
step:73/1670 train_time:29631ms step_avg:405.91ms
step:74/1670 train_time:30025ms step_avg:405.74ms
step:75/1670 train_time:30424ms step_avg:405.65ms
step:76/1670 train_time:30813ms step_avg:405.44ms
step:77/1670 train_time:31209ms step_avg:405.31ms
step:78/1670 train_time:31601ms step_avg:405.13ms
step:79/1670 train_time:31995ms step_avg:405.00ms
step:80/1670 train_time:32391ms step_avg:404.89ms
step:81/1670 train_time:32782ms step_avg:404.72ms
step:82/1670 train_time:33178ms step_avg:404.61ms
step:83/1670 train_time:33571ms step_avg:404.47ms
step:84/1670 train_time:33965ms step_avg:404.35ms
step:85/1670 train_time:34356ms step_avg:404.19ms
step:86/1670 train_time:34756ms step_avg:404.13ms
step:87/1670 train_time:35149ms step_avg:404.01ms
step:88/1670 train_time:35541ms step_avg:403.88ms
step:89/1670 train_time:35932ms step_avg:403.74ms
step:90/1670 train_time:36327ms step_avg:403.63ms
step:91/1670 train_time:36721ms step_avg:403.53ms
step:92/1670 train_time:37112ms step_avg:403.39ms
step:93/1670 train_time:37505ms step_avg:403.28ms
step:94/1670 train_time:37897ms step_avg:403.16ms
step:95/1670 train_time:38288ms step_avg:403.03ms
step:96/1670 train_time:38682ms step_avg:402.93ms
step:97/1670 train_time:39076ms step_avg:402.84ms
step:98/1670 train_time:39469ms step_avg:402.75ms
step:99/1670 train_time:39865ms step_avg:402.67ms
step:100/1670 train_time:40256ms step_avg:402.56ms
step:101/1670 train_time:40651ms step_avg:402.49ms
step:102/1670 train_time:41043ms step_avg:402.39ms
step:103/1670 train_time:41435ms step_avg:402.28ms
step:104/1670 train_time:41825ms step_avg:402.16ms
step:105/1670 train_time:42223ms step_avg:402.13ms
step:106/1670 train_time:42614ms step_avg:402.02ms
step:107/1670 train_time:43005ms step_avg:401.92ms
step:108/1670 train_time:43396ms step_avg:401.82ms
step:109/1670 train_time:43788ms step_avg:401.72ms
step:110/1670 train_time:44174ms step_avg:401.58ms
step:111/1670 train_time:44573ms step_avg:401.56ms
step:112/1670 train_time:44961ms step_avg:401.44ms
step:113/1670 train_time:45358ms step_avg:401.40ms
step:114/1670 train_time:45746ms step_avg:401.28ms
step:115/1670 train_time:46148ms step_avg:401.29ms
step:116/1670 train_time:46528ms step_avg:401.10ms
step:117/1670 train_time:46924ms step_avg:401.06ms
step:118/1670 train_time:47319ms step_avg:401.01ms
step:119/1670 train_time:47709ms step_avg:400.92ms
step:120/1670 train_time:48099ms step_avg:400.83ms
step:121/1670 train_time:48496ms step_avg:400.79ms
step:122/1670 train_time:48887ms step_avg:400.71ms
step:123/1670 train_time:49279ms step_avg:400.64ms
step:124/1670 train_time:49669ms step_avg:400.55ms
step:125/1670 train_time:50061ms step_avg:400.49ms
step:125/1670 val_loss:4.3007 train_time:50356ms step_avg:402.85ms
step:126/1670 train_time:50630ms step_avg:401.83ms
step:127/1670 train_time:50966ms step_avg:401.31ms
step:128/1670 train_time:51356ms step_avg:401.22ms
step:129/1670 train_time:51753ms step_avg:401.19ms
step:130/1670 train_time:52161ms step_avg:401.24ms
step:131/1670 train_time:52553ms step_avg:401.17ms
step:132/1670 train_time:52944ms step_avg:401.09ms
step:133/1670 train_time:53338ms step_avg:401.03ms
step:134/1670 train_time:53745ms step_avg:401.08ms
step:135/1670 train_time:54119ms step_avg:400.88ms
step:136/1670 train_time:54507ms step_avg:400.79ms
step:137/1670 train_time:54912ms step_avg:400.82ms
step:138/1670 train_time:55289ms step_avg:400.65ms
step:139/1670 train_time:55686ms step_avg:400.62ms
step:140/1670 train_time:56075ms step_avg:400.53ms
step:141/1670 train_time:56470ms step_avg:400.49ms
step:142/1670 train_time:56861ms step_avg:400.43ms
step:143/1670 train_time:57253ms step_avg:400.37ms
step:144/1670 train_time:57644ms step_avg:400.30ms
step:145/1670 train_time:58034ms step_avg:400.23ms
step:146/1670 train_time:58430ms step_avg:400.21ms
step:147/1670 train_time:58821ms step_avg:400.14ms
step:148/1670 train_time:59211ms step_avg:400.07ms
step:149/1670 train_time:59604ms step_avg:400.03ms
step:150/1670 train_time:59994ms step_avg:399.96ms
step:151/1670 train_time:60387ms step_avg:399.91ms
step:152/1670 train_time:60778ms step_avg:399.86ms
step:153/1670 train_time:61169ms step_avg:399.80ms
step:154/1670 train_time:61562ms step_avg:399.75ms
step:155/1670 train_time:61951ms step_avg:399.69ms
step:156/1670 train_time:62345ms step_avg:399.65ms
step:157/1670 train_time:62741ms step_avg:399.62ms
step:158/1670 train_time:63134ms step_avg:399.58ms
step:159/1670 train_time:63531ms step_avg:399.56ms
step:160/1670 train_time:63922ms step_avg:399.51ms
step:161/1670 train_time:64310ms step_avg:399.44ms
step:162/1670 train_time:64703ms step_avg:399.40ms
step:163/1670 train_time:65098ms step_avg:399.37ms
step:164/1670 train_time:65488ms step_avg:399.32ms
step:165/1670 train_time:65881ms step_avg:399.28ms
step:166/1670 train_time:66272ms step_avg:399.23ms
step:167/1670 train_time:66659ms step_avg:399.16ms
step:168/1670 train_time:67058ms step_avg:399.16ms
step:169/1670 train_time:67450ms step_avg:399.11ms
step:170/1670 train_time:67844ms step_avg:399.08ms
step:171/1670 train_time:68236ms step_avg:399.04ms
step:172/1670 train_time:68626ms step_avg:398.99ms
step:173/1670 train_time:69022ms step_avg:398.97ms
step:174/1670 train_time:69414ms step_avg:398.93ms
step:175/1670 train_time:69803ms step_avg:398.87ms
step:176/1670 train_time:70202ms step_avg:398.87ms
step:177/1670 train_time:70594ms step_avg:398.84ms
step:178/1670 train_time:70985ms step_avg:398.79ms
step:179/1670 train_time:71371ms step_avg:398.72ms
step:180/1670 train_time:71772ms step_avg:398.74ms
step:181/1670 train_time:72165ms step_avg:398.70ms
step:182/1670 train_time:72559ms step_avg:398.68ms
step:183/1670 train_time:72952ms step_avg:398.65ms
step:184/1670 train_time:73344ms step_avg:398.61ms
step:185/1670 train_time:73738ms step_avg:398.58ms
step:186/1670 train_time:74115ms step_avg:398.47ms
step:187/1670 train_time:74505ms step_avg:398.42ms
step:188/1670 train_time:74899ms step_avg:398.40ms
step:189/1670 train_time:75289ms step_avg:398.35ms
step:190/1670 train_time:75685ms step_avg:398.34ms
step:191/1670 train_time:76077ms step_avg:398.31ms
step:192/1670 train_time:76469ms step_avg:398.28ms
step:193/1670 train_time:76860ms step_avg:398.24ms
step:194/1670 train_time:77255ms step_avg:398.22ms
step:195/1670 train_time:77647ms step_avg:398.19ms
step:196/1670 train_time:78041ms step_avg:398.17ms
step:197/1670 train_time:78434ms step_avg:398.14ms
step:198/1670 train_time:78829ms step_avg:398.13ms
step:199/1670 train_time:79223ms step_avg:398.10ms
step:200/1670 train_time:79613ms step_avg:398.07ms
step:201/1670 train_time:80000ms step_avg:398.01ms
step:202/1670 train_time:80394ms step_avg:397.99ms
step:203/1670 train_time:80787ms step_avg:397.97ms
step:204/1670 train_time:81182ms step_avg:397.95ms
step:205/1670 train_time:81570ms step_avg:397.90ms
step:206/1670 train_time:81965ms step_avg:397.89ms
step:207/1670 train_time:82357ms step_avg:397.86ms
step:208/1670 train_time:82750ms step_avg:397.84ms
step:209/1670 train_time:83143ms step_avg:397.81ms
step:210/1670 train_time:84193ms step_avg:400.92ms
step:211/1670 train_time:84580ms step_avg:400.85ms
step:212/1670 train_time:84976ms step_avg:400.83ms
step:213/1670 train_time:85371ms step_avg:400.80ms
step:214/1670 train_time:85762ms step_avg:400.76ms
step:215/1670 train_time:86155ms step_avg:400.72ms
step:216/1670 train_time:86542ms step_avg:400.66ms
step:217/1670 train_time:86936ms step_avg:400.63ms
step:218/1670 train_time:87328ms step_avg:400.59ms
step:219/1670 train_time:87722ms step_avg:400.56ms
step:220/1670 train_time:88113ms step_avg:400.51ms
step:221/1670 train_time:88503ms step_avg:400.46ms
step:222/1670 train_time:88897ms step_avg:400.44ms
step:223/1670 train_time:89286ms step_avg:400.39ms
step:224/1670 train_time:89680ms step_avg:400.36ms
step:225/1670 train_time:90074ms step_avg:400.33ms
step:226/1670 train_time:90468ms step_avg:400.30ms
step:227/1670 train_time:90861ms step_avg:400.27ms
step:228/1670 train_time:91251ms step_avg:400.22ms
step:229/1670 train_time:91646ms step_avg:400.20ms
step:230/1670 train_time:92037ms step_avg:400.16ms
step:231/1670 train_time:92433ms step_avg:400.14ms
step:232/1670 train_time:92823ms step_avg:400.10ms
step:233/1670 train_time:93216ms step_avg:400.07ms
step:234/1670 train_time:93609ms step_avg:400.04ms
step:235/1670 train_time:94008ms step_avg:400.03ms
step:236/1670 train_time:94393ms step_avg:399.97ms
step:237/1670 train_time:94783ms step_avg:399.93ms
step:238/1670 train_time:95174ms step_avg:399.89ms
step:239/1670 train_time:95567ms step_avg:399.86ms
step:240/1670 train_time:95956ms step_avg:399.82ms
step:241/1670 train_time:96349ms step_avg:399.79ms
step:242/1670 train_time:96738ms step_avg:399.74ms
step:243/1670 train_time:97128ms step_avg:399.71ms
step:244/1670 train_time:97519ms step_avg:399.67ms
step:245/1670 train_time:97915ms step_avg:399.66ms
step:246/1670 train_time:98307ms step_avg:399.62ms
step:247/1670 train_time:98703ms step_avg:399.61ms
step:248/1670 train_time:99093ms step_avg:399.57ms
step:249/1670 train_time:99490ms step_avg:399.56ms
step:250/1670 train_time:99880ms step_avg:399.52ms
step:250/1670 val_loss:3.9649 train_time:100177ms step_avg:400.71ms
step:251/1670 train_time:100434ms step_avg:400.14ms
step:252/1670 train_time:100795ms step_avg:399.98ms
step:253/1670 train_time:101190ms step_avg:399.96ms
step:254/1670 train_time:101589ms step_avg:399.96ms
step:255/1670 train_time:101977ms step_avg:399.91ms
step:256/1670 train_time:102369ms step_avg:399.88ms
step:257/1670 train_time:102762ms step_avg:399.85ms
step:258/1670 train_time:103157ms step_avg:399.83ms
step:259/1670 train_time:103549ms step_avg:399.80ms
step:260/1670 train_time:103952ms step_avg:399.81ms
step:261/1670 train_time:104342ms step_avg:399.78ms
step:262/1670 train_time:104731ms step_avg:399.74ms
step:263/1670 train_time:105124ms step_avg:399.71ms
step:264/1670 train_time:105512ms step_avg:399.67ms
step:265/1670 train_time:105902ms step_avg:399.63ms
step:266/1670 train_time:106297ms step_avg:399.61ms
step:267/1670 train_time:106683ms step_avg:399.56ms
step:268/1670 train_time:107076ms step_avg:399.54ms
step:269/1670 train_time:107472ms step_avg:399.52ms
step:270/1670 train_time:107859ms step_avg:399.48ms
step:271/1670 train_time:108252ms step_avg:399.45ms
step:272/1670 train_time:108639ms step_avg:399.41ms
step:273/1670 train_time:109036ms step_avg:399.40ms
step:274/1670 train_time:109426ms step_avg:399.37ms
step:275/1670 train_time:109818ms step_avg:399.34ms
step:276/1670 train_time:110209ms step_avg:399.31ms
step:277/1670 train_time:110600ms step_avg:399.28ms
step:278/1670 train_time:110993ms step_avg:399.25ms
step:279/1670 train_time:111384ms step_avg:399.22ms
step:280/1670 train_time:111780ms step_avg:399.21ms
step:281/1670 train_time:112169ms step_avg:399.18ms
step:282/1670 train_time:112564ms step_avg:399.16ms
step:283/1670 train_time:112952ms step_avg:399.12ms
step:284/1670 train_time:113344ms step_avg:399.10ms
step:285/1670 train_time:113738ms step_avg:399.08ms
step:286/1670 train_time:114131ms step_avg:399.06ms
step:287/1670 train_time:114519ms step_avg:399.02ms
step:288/1670 train_time:114917ms step_avg:399.02ms
step:289/1670 train_time:115308ms step_avg:398.99ms
step:290/1670 train_time:115705ms step_avg:398.98ms
step:291/1670 train_time:116096ms step_avg:398.96ms
step:292/1670 train_time:116488ms step_avg:398.93ms
step:293/1670 train_time:116878ms step_avg:398.90ms
step:294/1670 train_time:117275ms step_avg:398.89ms
step:295/1670 train_time:117666ms step_avg:398.87ms
step:296/1670 train_time:118057ms step_avg:398.84ms
step:297/1670 train_time:118450ms step_avg:398.82ms
step:298/1670 train_time:118838ms step_avg:398.78ms
step:299/1670 train_time:119228ms step_avg:398.76ms
step:300/1670 train_time:119621ms step_avg:398.74ms
step:301/1670 train_time:120010ms step_avg:398.71ms
step:302/1670 train_time:120402ms step_avg:398.68ms
step:303/1670 train_time:120793ms step_avg:398.66ms
step:304/1670 train_time:121184ms step_avg:398.63ms
step:305/1670 train_time:121578ms step_avg:398.62ms
step:306/1670 train_time:121970ms step_avg:398.60ms
step:307/1670 train_time:122358ms step_avg:398.56ms
step:308/1670 train_time:122750ms step_avg:398.54ms
step:309/1670 train_time:123145ms step_avg:398.53ms
step:310/1670 train_time:123540ms step_avg:398.51ms
step:311/1670 train_time:123932ms step_avg:398.49ms
step:312/1670 train_time:124324ms step_avg:398.47ms
step:313/1670 train_time:124714ms step_avg:398.45ms
step:314/1670 train_time:125107ms step_avg:398.43ms
step:315/1670 train_time:125500ms step_avg:398.41ms
step:316/1670 train_time:125894ms step_avg:398.40ms
step:317/1670 train_time:126287ms step_avg:398.38ms
step:318/1670 train_time:126679ms step_avg:398.36ms
step:319/1670 train_time:127069ms step_avg:398.34ms
step:320/1670 train_time:127461ms step_avg:398.31ms
step:321/1670 train_time:127854ms step_avg:398.30ms
step:322/1670 train_time:128247ms step_avg:398.28ms
step:323/1670 train_time:128639ms step_avg:398.26ms
step:324/1670 train_time:129026ms step_avg:398.23ms
step:325/1670 train_time:129415ms step_avg:398.20ms
step:326/1670 train_time:129808ms step_avg:398.18ms
step:327/1670 train_time:130202ms step_avg:398.17ms
step:328/1670 train_time:130590ms step_avg:398.14ms
step:329/1670 train_time:130984ms step_avg:398.13ms
step:330/1670 train_time:131378ms step_avg:398.11ms
step:331/1670 train_time:131765ms step_avg:398.08ms
step:332/1670 train_time:132153ms step_avg:398.05ms
step:333/1670 train_time:132546ms step_avg:398.04ms
step:334/1670 train_time:132938ms step_avg:398.02ms
step:335/1670 train_time:133328ms step_avg:397.99ms
step:336/1670 train_time:133719ms step_avg:397.97ms
step:337/1670 train_time:134108ms step_avg:397.95ms
step:338/1670 train_time:134499ms step_avg:397.93ms
step:339/1670 train_time:134892ms step_avg:397.91ms
step:340/1670 train_time:135286ms step_avg:397.90ms
step:341/1670 train_time:135677ms step_avg:397.88ms
step:342/1670 train_time:136067ms step_avg:397.86ms
step:343/1670 train_time:136461ms step_avg:397.84ms
step:344/1670 train_time:136861ms step_avg:397.85ms
step:345/1670 train_time:137252ms step_avg:397.83ms
step:346/1670 train_time:137643ms step_avg:397.81ms
step:347/1670 train_time:138036ms step_avg:397.80ms
step:348/1670 train_time:138429ms step_avg:397.79ms
step:349/1670 train_time:138820ms step_avg:397.77ms
step:350/1670 train_time:139211ms step_avg:397.75ms
step:351/1670 train_time:139603ms step_avg:397.73ms
step:352/1670 train_time:139996ms step_avg:397.72ms
step:353/1670 train_time:140389ms step_avg:397.70ms
step:354/1670 train_time:140780ms step_avg:397.68ms
step:355/1670 train_time:141172ms step_avg:397.67ms
step:356/1670 train_time:141564ms step_avg:397.65ms
step:357/1670 train_time:141953ms step_avg:397.63ms
step:358/1670 train_time:142344ms step_avg:397.61ms
step:359/1670 train_time:142737ms step_avg:397.60ms
step:360/1670 train_time:143128ms step_avg:397.58ms
step:361/1670 train_time:143521ms step_avg:397.56ms
step:362/1670 train_time:143915ms step_avg:397.55ms
step:363/1670 train_time:144305ms step_avg:397.53ms
step:364/1670 train_time:144701ms step_avg:397.53ms
step:365/1670 train_time:145091ms step_avg:397.51ms
step:366/1670 train_time:145481ms step_avg:397.49ms
step:367/1670 train_time:145877ms step_avg:397.49ms
step:368/1670 train_time:146270ms step_avg:397.47ms
step:369/1670 train_time:146664ms step_avg:397.46ms
step:370/1670 train_time:147053ms step_avg:397.44ms
step:371/1670 train_time:147444ms step_avg:397.42ms
step:372/1670 train_time:147843ms step_avg:397.43ms
step:373/1670 train_time:148234ms step_avg:397.41ms
step:374/1670 train_time:148629ms step_avg:397.40ms
step:375/1670 train_time:149018ms step_avg:397.38ms
step:375/1670 val_loss:3.8110 train_time:149317ms step_avg:398.18ms
step:376/1670 train_time:149587ms step_avg:397.84ms
step:377/1670 train_time:149924ms step_avg:397.68ms
step:378/1670 train_time:150315ms step_avg:397.66ms
step:379/1670 train_time:150715ms step_avg:397.67ms
step:380/1670 train_time:151106ms step_avg:397.65ms
step:381/1670 train_time:151496ms step_avg:397.63ms
step:382/1670 train_time:151885ms step_avg:397.61ms
step:383/1670 train_time:152281ms step_avg:397.60ms
step:384/1670 train_time:152672ms step_avg:397.58ms
step:385/1670 train_time:153060ms step_avg:397.56ms
step:386/1670 train_time:153460ms step_avg:397.56ms
step:387/1670 train_time:153852ms step_avg:397.55ms
step:388/1670 train_time:154245ms step_avg:397.54ms
step:389/1670 train_time:154637ms step_avg:397.52ms
step:390/1670 train_time:155030ms step_avg:397.51ms
step:391/1670 train_time:155423ms step_avg:397.50ms
step:392/1670 train_time:155815ms step_avg:397.49ms
step:393/1670 train_time:156207ms step_avg:397.47ms
step:394/1670 train_time:156598ms step_avg:397.46ms
step:395/1670 train_time:156989ms step_avg:397.44ms
step:396/1670 train_time:157385ms step_avg:397.44ms
step:397/1670 train_time:157775ms step_avg:397.42ms
step:398/1670 train_time:158174ms step_avg:397.42ms
step:399/1670 train_time:158563ms step_avg:397.40ms
step:400/1670 train_time:158954ms step_avg:397.39ms
step:401/1670 train_time:159346ms step_avg:397.37ms
step:402/1670 train_time:159741ms step_avg:397.37ms
step:403/1670 train_time:160131ms step_avg:397.35ms
step:404/1670 train_time:160524ms step_avg:397.34ms
step:405/1670 train_time:160918ms step_avg:397.33ms
step:406/1670 train_time:161307ms step_avg:397.31ms
step:407/1670 train_time:161698ms step_avg:397.29ms
step:408/1670 train_time:162092ms step_avg:397.28ms
step:409/1670 train_time:162484ms step_avg:397.27ms
step:410/1670 train_time:162876ms step_avg:397.26ms
step:411/1670 train_time:163279ms step_avg:397.27ms
step:412/1670 train_time:163664ms step_avg:397.24ms
step:413/1670 train_time:164053ms step_avg:397.22ms
step:414/1670 train_time:164446ms step_avg:397.21ms
step:415/1670 train_time:164841ms step_avg:397.21ms
step:416/1670 train_time:165230ms step_avg:397.19ms
step:417/1670 train_time:165625ms step_avg:397.18ms
step:418/1670 train_time:166013ms step_avg:397.16ms
step:419/1670 train_time:166403ms step_avg:397.14ms
step:420/1670 train_time:167446ms step_avg:398.68ms
step:421/1670 train_time:167844ms step_avg:398.68ms
step:422/1670 train_time:168237ms step_avg:398.67ms
step:423/1670 train_time:168630ms step_avg:398.65ms
step:424/1670 train_time:169024ms step_avg:398.64ms
step:425/1670 train_time:169416ms step_avg:398.63ms
step:426/1670 train_time:169810ms step_avg:398.62ms
step:427/1670 train_time:170203ms step_avg:398.60ms
step:428/1670 train_time:170593ms step_avg:398.58ms
step:429/1670 train_time:170983ms step_avg:398.56ms
step:430/1670 train_time:171378ms step_avg:398.55ms
step:431/1670 train_time:171770ms step_avg:398.54ms
step:432/1670 train_time:172161ms step_avg:398.52ms
step:433/1670 train_time:172553ms step_avg:398.51ms
step:434/1670 train_time:172948ms step_avg:398.50ms
step:435/1670 train_time:173343ms step_avg:398.49ms
step:436/1670 train_time:173732ms step_avg:398.47ms
step:437/1670 train_time:174126ms step_avg:398.46ms
step:438/1670 train_time:174514ms step_avg:398.43ms
step:439/1670 train_time:174907ms step_avg:398.42ms
step:440/1670 train_time:175297ms step_avg:398.40ms
step:441/1670 train_time:175691ms step_avg:398.39ms
step:442/1670 train_time:176083ms step_avg:398.38ms
step:443/1670 train_time:176478ms step_avg:398.37ms
step:444/1670 train_time:176868ms step_avg:398.35ms
step:445/1670 train_time:177265ms step_avg:398.35ms
step:446/1670 train_time:177654ms step_avg:398.33ms
step:447/1670 train_time:178047ms step_avg:398.31ms
step:448/1670 train_time:178439ms step_avg:398.30ms
step:449/1670 train_time:178834ms step_avg:398.29ms
step:450/1670 train_time:179224ms step_avg:398.28ms
step:451/1670 train_time:179616ms step_avg:398.26ms
step:452/1670 train_time:180010ms step_avg:398.25ms
step:453/1670 train_time:180404ms step_avg:398.24ms
step:454/1670 train_time:180791ms step_avg:398.22ms
step:455/1670 train_time:181184ms step_avg:398.21ms
step:456/1670 train_time:181573ms step_avg:398.19ms
step:457/1670 train_time:181966ms step_avg:398.17ms
step:458/1670 train_time:182356ms step_avg:398.16ms
step:459/1670 train_time:182744ms step_avg:398.14ms
step:460/1670 train_time:183135ms step_avg:398.12ms
step:461/1670 train_time:183528ms step_avg:398.11ms
step:462/1670 train_time:183916ms step_avg:398.09ms
step:463/1670 train_time:184314ms step_avg:398.09ms
step:464/1670 train_time:184712ms step_avg:398.09ms
step:465/1670 train_time:185095ms step_avg:398.05ms
step:466/1670 train_time:185483ms step_avg:398.03ms
step:467/1670 train_time:185884ms step_avg:398.04ms
step:468/1670 train_time:186272ms step_avg:398.02ms
step:469/1670 train_time:186666ms step_avg:398.01ms
step:470/1670 train_time:187054ms step_avg:397.99ms
step:471/1670 train_time:187447ms step_avg:397.98ms
step:472/1670 train_time:187838ms step_avg:397.96ms
step:473/1670 train_time:188233ms step_avg:397.96ms
step:474/1670 train_time:188621ms step_avg:397.94ms
step:475/1670 train_time:189011ms step_avg:397.92ms
step:476/1670 train_time:189406ms step_avg:397.91ms
step:477/1670 train_time:189800ms step_avg:397.90ms
step:478/1670 train_time:190187ms step_avg:397.88ms
step:479/1670 train_time:190580ms step_avg:397.87ms
step:480/1670 train_time:190971ms step_avg:397.86ms
step:481/1670 train_time:191366ms step_avg:397.85ms
step:482/1670 train_time:191759ms step_avg:397.84ms
step:483/1670 train_time:192154ms step_avg:397.84ms
step:484/1670 train_time:192543ms step_avg:397.82ms
step:485/1670 train_time:192936ms step_avg:397.81ms
step:486/1670 train_time:193328ms step_avg:397.79ms
step:487/1670 train_time:193724ms step_avg:397.79ms
step:488/1670 train_time:194113ms step_avg:397.77ms
step:489/1670 train_time:194505ms step_avg:397.76ms
step:490/1670 train_time:194896ms step_avg:397.75ms
step:491/1670 train_time:195291ms step_avg:397.74ms
step:492/1670 train_time:195682ms step_avg:397.73ms
step:493/1670 train_time:196073ms step_avg:397.71ms
step:494/1670 train_time:196466ms step_avg:397.70ms
step:495/1670 train_time:196859ms step_avg:397.70ms
step:496/1670 train_time:197250ms step_avg:397.68ms
step:497/1670 train_time:197644ms step_avg:397.67ms
step:498/1670 train_time:198038ms step_avg:397.67ms
step:499/1670 train_time:198428ms step_avg:397.65ms
step:500/1670 train_time:198822ms step_avg:397.64ms
step:500/1670 val_loss:3.7132 train_time:199117ms step_avg:398.23ms
step:501/1670 train_time:199406ms step_avg:398.02ms
step:502/1670 train_time:199747ms step_avg:397.90ms
step:503/1670 train_time:200140ms step_avg:397.89ms
step:504/1670 train_time:200536ms step_avg:397.89ms
step:505/1670 train_time:200929ms step_avg:397.88ms
step:506/1670 train_time:201321ms step_avg:397.87ms
step:507/1670 train_time:201701ms step_avg:397.83ms
step:508/1670 train_time:202092ms step_avg:397.82ms
step:509/1670 train_time:202489ms step_avg:397.82ms
step:510/1670 train_time:202878ms step_avg:397.80ms
step:511/1670 train_time:203271ms step_avg:397.79ms
step:512/1670 train_time:203666ms step_avg:397.78ms
step:513/1670 train_time:204062ms step_avg:397.78ms
step:514/1670 train_time:204454ms step_avg:397.77ms
step:515/1670 train_time:204846ms step_avg:397.76ms
step:516/1670 train_time:205239ms step_avg:397.75ms
step:517/1670 train_time:205627ms step_avg:397.73ms
step:518/1670 train_time:206019ms step_avg:397.72ms
step:519/1670 train_time:206407ms step_avg:397.70ms
step:520/1670 train_time:206800ms step_avg:397.69ms
step:521/1670 train_time:207192ms step_avg:397.68ms
step:522/1670 train_time:207583ms step_avg:397.67ms
step:523/1670 train_time:207973ms step_avg:397.65ms
step:524/1670 train_time:208369ms step_avg:397.65ms
step:525/1670 train_time:208759ms step_avg:397.64ms
step:526/1670 train_time:209150ms step_avg:397.62ms
step:527/1670 train_time:209538ms step_avg:397.60ms
step:528/1670 train_time:209932ms step_avg:397.60ms
step:529/1670 train_time:210329ms step_avg:397.60ms
step:530/1670 train_time:210725ms step_avg:397.59ms
step:531/1670 train_time:211115ms step_avg:397.58ms
step:532/1670 train_time:211509ms step_avg:397.57ms
step:533/1670 train_time:211903ms step_avg:397.57ms
step:534/1670 train_time:212295ms step_avg:397.56ms
step:535/1670 train_time:212688ms step_avg:397.55ms
step:536/1670 train_time:213080ms step_avg:397.54ms
step:537/1670 train_time:213471ms step_avg:397.53ms
step:538/1670 train_time:213864ms step_avg:397.52ms
step:539/1670 train_time:214258ms step_avg:397.51ms
step:540/1670 train_time:214650ms step_avg:397.50ms
step:541/1670 train_time:215041ms step_avg:397.49ms
step:542/1670 train_time:215432ms step_avg:397.48ms
step:543/1670 train_time:215828ms step_avg:397.47ms
step:544/1670 train_time:216215ms step_avg:397.45ms
step:545/1670 train_time:216612ms step_avg:397.45ms
step:546/1670 train_time:217003ms step_avg:397.44ms
step:547/1670 train_time:217396ms step_avg:397.43ms
step:548/1670 train_time:217801ms step_avg:397.45ms
step:549/1670 train_time:218194ms step_avg:397.44ms
step:550/1670 train_time:218589ms step_avg:397.44ms
step:551/1670 train_time:218982ms step_avg:397.43ms
step:552/1670 train_time:219374ms step_avg:397.42ms
step:553/1670 train_time:219755ms step_avg:397.39ms
step:554/1670 train_time:220149ms step_avg:397.38ms
step:555/1670 train_time:220540ms step_avg:397.37ms
step:556/1670 train_time:220934ms step_avg:397.36ms
step:557/1670 train_time:221324ms step_avg:397.35ms
step:558/1670 train_time:221796ms step_avg:397.48ms
step:559/1670 train_time:222184ms step_avg:397.47ms
step:560/1670 train_time:222581ms step_avg:397.47ms
step:561/1670 train_time:222976ms step_avg:397.46ms
step:562/1670 train_time:223369ms step_avg:397.45ms
step:563/1670 train_time:223762ms step_avg:397.45ms
step:564/1670 train_time:224160ms step_avg:397.45ms
step:565/1670 train_time:224555ms step_avg:397.44ms
step:566/1670 train_time:224945ms step_avg:397.43ms
step:567/1670 train_time:225335ms step_avg:397.42ms
step:568/1670 train_time:225729ms step_avg:397.41ms
step:569/1670 train_time:226121ms step_avg:397.40ms
step:570/1670 train_time:226515ms step_avg:397.40ms
step:571/1670 train_time:226909ms step_avg:397.39ms
step:572/1670 train_time:227303ms step_avg:397.38ms
step:573/1670 train_time:227692ms step_avg:397.37ms
step:574/1670 train_time:228081ms step_avg:397.35ms
step:575/1670 train_time:228477ms step_avg:397.35ms
step:576/1670 train_time:228871ms step_avg:397.35ms
step:577/1670 train_time:229263ms step_avg:397.34ms
step:578/1670 train_time:229653ms step_avg:397.32ms
step:579/1670 train_time:230047ms step_avg:397.32ms
step:580/1670 train_time:230440ms step_avg:397.31ms
step:581/1670 train_time:230835ms step_avg:397.31ms
step:582/1670 train_time:231223ms step_avg:397.29ms
step:583/1670 train_time:231618ms step_avg:397.29ms
step:584/1670 train_time:232011ms step_avg:397.28ms
step:585/1670 train_time:232402ms step_avg:397.27ms
step:586/1670 train_time:232794ms step_avg:397.26ms
step:587/1670 train_time:233190ms step_avg:397.26ms
step:588/1670 train_time:233580ms step_avg:397.24ms
step:589/1670 train_time:233968ms step_avg:397.23ms
step:590/1670 train_time:234359ms step_avg:397.22ms
step:591/1670 train_time:234751ms step_avg:397.21ms
step:592/1670 train_time:235140ms step_avg:397.20ms
step:593/1670 train_time:235536ms step_avg:397.19ms
step:594/1670 train_time:235926ms step_avg:397.18ms
step:595/1670 train_time:236315ms step_avg:397.17ms
step:596/1670 train_time:236708ms step_avg:397.16ms
step:597/1670 train_time:237101ms step_avg:397.15ms
step:598/1670 train_time:237494ms step_avg:397.15ms
step:599/1670 train_time:237887ms step_avg:397.14ms
step:600/1670 train_time:238277ms step_avg:397.13ms
step:601/1670 train_time:238670ms step_avg:397.12ms
step:602/1670 train_time:239070ms step_avg:397.13ms
step:603/1670 train_time:239460ms step_avg:397.11ms
step:604/1670 train_time:239855ms step_avg:397.11ms
step:605/1670 train_time:240244ms step_avg:397.10ms
step:606/1670 train_time:240636ms step_avg:397.09ms
step:607/1670 train_time:241033ms step_avg:397.09ms
step:608/1670 train_time:241425ms step_avg:397.08ms
step:609/1670 train_time:241817ms step_avg:397.07ms
step:610/1670 train_time:242205ms step_avg:397.06ms
step:611/1670 train_time:242600ms step_avg:397.05ms
step:612/1670 train_time:242989ms step_avg:397.04ms
step:613/1670 train_time:243381ms step_avg:397.03ms
step:614/1670 train_time:243773ms step_avg:397.03ms
step:615/1670 train_time:244168ms step_avg:397.02ms
step:616/1670 train_time:244556ms step_avg:397.01ms
step:617/1670 train_time:244949ms step_avg:397.00ms
step:618/1670 train_time:245339ms step_avg:396.99ms
step:619/1670 train_time:245730ms step_avg:396.98ms
step:620/1670 train_time:246121ms step_avg:396.97ms
step:621/1670 train_time:246510ms step_avg:396.96ms
step:622/1670 train_time:246900ms step_avg:396.95ms
step:623/1670 train_time:247287ms step_avg:396.93ms
step:624/1670 train_time:247683ms step_avg:396.93ms
step:625/1670 train_time:248075ms step_avg:396.92ms
step:625/1670 val_loss:3.6123 train_time:248375ms step_avg:397.40ms
step:626/1670 train_time:248647ms step_avg:397.20ms
step:627/1670 train_time:248981ms step_avg:397.10ms
step:628/1670 train_time:249373ms step_avg:397.09ms
step:629/1670 train_time:249762ms step_avg:397.08ms
step:630/1670 train_time:250161ms step_avg:397.08ms
step:631/1670 train_time:250556ms step_avg:397.08ms
step:632/1670 train_time:251599ms step_avg:398.10ms
step:633/1670 train_time:251986ms step_avg:398.08ms
step:634/1670 train_time:252379ms step_avg:398.07ms
step:635/1670 train_time:252775ms step_avg:398.07ms
step:636/1670 train_time:253180ms step_avg:398.08ms
step:637/1670 train_time:253572ms step_avg:398.07ms
step:638/1670 train_time:253961ms step_avg:398.06ms
step:639/1670 train_time:254343ms step_avg:398.03ms
step:640/1670 train_time:254738ms step_avg:398.03ms
step:641/1670 train_time:255130ms step_avg:398.02ms
step:642/1670 train_time:255521ms step_avg:398.01ms
step:643/1670 train_time:255912ms step_avg:398.00ms
step:644/1670 train_time:256306ms step_avg:397.99ms
step:645/1670 train_time:256703ms step_avg:397.99ms
step:646/1670 train_time:257087ms step_avg:397.97ms
step:647/1670 train_time:257482ms step_avg:397.96ms
step:648/1670 train_time:257875ms step_avg:397.96ms
step:649/1670 train_time:258270ms step_avg:397.95ms
step:650/1670 train_time:258659ms step_avg:397.94ms
step:651/1670 train_time:259050ms step_avg:397.93ms
step:652/1670 train_time:259440ms step_avg:397.91ms
step:653/1670 train_time:259836ms step_avg:397.91ms
step:654/1670 train_time:260229ms step_avg:397.90ms
step:655/1670 train_time:260621ms step_avg:397.89ms
step:656/1670 train_time:261010ms step_avg:397.88ms
step:657/1670 train_time:261405ms step_avg:397.88ms
step:658/1670 train_time:261794ms step_avg:397.86ms
step:659/1670 train_time:262188ms step_avg:397.86ms
step:660/1670 train_time:262584ms step_avg:397.85ms
step:661/1670 train_time:262974ms step_avg:397.84ms
step:662/1670 train_time:263364ms step_avg:397.83ms
step:663/1670 train_time:263757ms step_avg:397.82ms
step:664/1670 train_time:264147ms step_avg:397.81ms
step:665/1670 train_time:264543ms step_avg:397.81ms
step:666/1670 train_time:264933ms step_avg:397.80ms
step:667/1670 train_time:265327ms step_avg:397.79ms
step:668/1670 train_time:265714ms step_avg:397.77ms
step:669/1670 train_time:266105ms step_avg:397.77ms
step:670/1670 train_time:266496ms step_avg:397.76ms
step:671/1670 train_time:266892ms step_avg:397.75ms
step:672/1670 train_time:267293ms step_avg:397.76ms
step:673/1670 train_time:267685ms step_avg:397.75ms
step:674/1670 train_time:268079ms step_avg:397.74ms
step:675/1670 train_time:268472ms step_avg:397.74ms
step:676/1670 train_time:268866ms step_avg:397.73ms
step:677/1670 train_time:269259ms step_avg:397.72ms
step:678/1670 train_time:269652ms step_avg:397.72ms
step:679/1670 train_time:270039ms step_avg:397.70ms
step:680/1670 train_time:270432ms step_avg:397.69ms
step:681/1670 train_time:270827ms step_avg:397.69ms
step:682/1670 train_time:271215ms step_avg:397.68ms
step:683/1670 train_time:271609ms step_avg:397.67ms
step:684/1670 train_time:272006ms step_avg:397.67ms
step:685/1670 train_time:272412ms step_avg:397.68ms
step:686/1670 train_time:272794ms step_avg:397.66ms
step:687/1670 train_time:273195ms step_avg:397.66ms
step:688/1670 train_time:273583ms step_avg:397.65ms
step:689/1670 train_time:273972ms step_avg:397.64ms
step:690/1670 train_time:274371ms step_avg:397.64ms
step:691/1670 train_time:274759ms step_avg:397.63ms
step:692/1670 train_time:275155ms step_avg:397.62ms
step:693/1670 train_time:275548ms step_avg:397.62ms
step:694/1670 train_time:275940ms step_avg:397.61ms
step:695/1670 train_time:276328ms step_avg:397.59ms
step:696/1670 train_time:276724ms step_avg:397.59ms
step:697/1670 train_time:277116ms step_avg:397.58ms
step:698/1670 train_time:277507ms step_avg:397.57ms
step:699/1670 train_time:277897ms step_avg:397.56ms
step:700/1670 train_time:278291ms step_avg:397.56ms
step:701/1670 train_time:278680ms step_avg:397.55ms
step:702/1670 train_time:279082ms step_avg:397.55ms
step:703/1670 train_time:279473ms step_avg:397.54ms
step:704/1670 train_time:279868ms step_avg:397.54ms
step:705/1670 train_time:280258ms step_avg:397.53ms
step:706/1670 train_time:280634ms step_avg:397.50ms
step:707/1670 train_time:281029ms step_avg:397.49ms
step:708/1670 train_time:281423ms step_avg:397.49ms
step:709/1670 train_time:281819ms step_avg:397.49ms
step:710/1670 train_time:282214ms step_avg:397.49ms
step:711/1670 train_time:282604ms step_avg:397.47ms
step:712/1670 train_time:282990ms step_avg:397.46ms
step:713/1670 train_time:283389ms step_avg:397.46ms
step:714/1670 train_time:283773ms step_avg:397.44ms
step:715/1670 train_time:284164ms step_avg:397.43ms
step:716/1670 train_time:284562ms step_avg:397.43ms
step:717/1670 train_time:284953ms step_avg:397.42ms
step:718/1670 train_time:285347ms step_avg:397.42ms
step:719/1670 train_time:285738ms step_avg:397.41ms
step:720/1670 train_time:286128ms step_avg:397.40ms
step:721/1670 train_time:286518ms step_avg:397.39ms
step:722/1670 train_time:286910ms step_avg:397.38ms
step:723/1670 train_time:287302ms step_avg:397.38ms
step:724/1670 train_time:287699ms step_avg:397.37ms
step:725/1670 train_time:288091ms step_avg:397.37ms
step:726/1670 train_time:288488ms step_avg:397.37ms
step:727/1670 train_time:288879ms step_avg:397.36ms
step:728/1670 train_time:289271ms step_avg:397.35ms
step:729/1670 train_time:289658ms step_avg:397.34ms
step:730/1670 train_time:290061ms step_avg:397.34ms
step:731/1670 train_time:290450ms step_avg:397.33ms
step:732/1670 train_time:290852ms step_avg:397.34ms
step:733/1670 train_time:291235ms step_avg:397.32ms
step:734/1670 train_time:291622ms step_avg:397.30ms
step:735/1670 train_time:292025ms step_avg:397.31ms
step:736/1670 train_time:292425ms step_avg:397.32ms
step:737/1670 train_time:292805ms step_avg:397.29ms
step:738/1670 train_time:293197ms step_avg:397.29ms
step:739/1670 train_time:293589ms step_avg:397.28ms
step:740/1670 train_time:293977ms step_avg:397.27ms
step:741/1670 train_time:294370ms step_avg:397.26ms
step:742/1670 train_time:294763ms step_avg:397.26ms
step:743/1670 train_time:295154ms step_avg:397.25ms
step:744/1670 train_time:295548ms step_avg:397.24ms
step:745/1670 train_time:295941ms step_avg:397.24ms
step:746/1670 train_time:296336ms step_avg:397.23ms
step:747/1670 train_time:296732ms step_avg:397.23ms
step:748/1670 train_time:297121ms step_avg:397.22ms
step:749/1670 train_time:297524ms step_avg:397.23ms
step:750/1670 train_time:297917ms step_avg:397.22ms
step:750/1670 val_loss:3.5598 train_time:298207ms step_avg:397.61ms
step:751/1670 train_time:298476ms step_avg:397.44ms
step:752/1670 train_time:298841ms step_avg:397.40ms
step:753/1670 train_time:299235ms step_avg:397.39ms
step:754/1670 train_time:299629ms step_avg:397.39ms
step:755/1670 train_time:300020ms step_avg:397.38ms
step:756/1670 train_time:300412ms step_avg:397.37ms
step:757/1670 train_time:300806ms step_avg:397.37ms
step:758/1670 train_time:301202ms step_avg:397.36ms
step:759/1670 train_time:301591ms step_avg:397.35ms
step:760/1670 train_time:301986ms step_avg:397.35ms
step:761/1670 train_time:302378ms step_avg:397.34ms
step:762/1670 train_time:302774ms step_avg:397.34ms
step:763/1670 train_time:303169ms step_avg:397.34ms
step:764/1670 train_time:303558ms step_avg:397.33ms
step:765/1670 train_time:303953ms step_avg:397.32ms
step:766/1670 train_time:304348ms step_avg:397.32ms
step:767/1670 train_time:304743ms step_avg:397.32ms
step:768/1670 train_time:305140ms step_avg:397.32ms
step:769/1670 train_time:305560ms step_avg:397.35ms
step:770/1670 train_time:305951ms step_avg:397.34ms
step:771/1670 train_time:306338ms step_avg:397.33ms
step:772/1670 train_time:306736ms step_avg:397.33ms
step:773/1670 train_time:307130ms step_avg:397.32ms
step:774/1670 train_time:307526ms step_avg:397.32ms
step:775/1670 train_time:307919ms step_avg:397.31ms
step:776/1670 train_time:308312ms step_avg:397.31ms
step:777/1670 train_time:308703ms step_avg:397.30ms
step:778/1670 train_time:309098ms step_avg:397.30ms
step:779/1670 train_time:309493ms step_avg:397.30ms
step:780/1670 train_time:309885ms step_avg:397.29ms
step:781/1670 train_time:310278ms step_avg:397.28ms
step:782/1670 train_time:310670ms step_avg:397.28ms
step:783/1670 train_time:311063ms step_avg:397.27ms
step:784/1670 train_time:311455ms step_avg:397.26ms
step:785/1670 train_time:311844ms step_avg:397.25ms
step:786/1670 train_time:312236ms step_avg:397.25ms
step:787/1670 train_time:312630ms step_avg:397.24ms
step:788/1670 train_time:313021ms step_avg:397.24ms
step:789/1670 train_time:313417ms step_avg:397.23ms
step:790/1670 train_time:313808ms step_avg:397.22ms
step:791/1670 train_time:314197ms step_avg:397.22ms
step:792/1670 train_time:314591ms step_avg:397.21ms
step:793/1670 train_time:314985ms step_avg:397.21ms
step:794/1670 train_time:315381ms step_avg:397.21ms
step:795/1670 train_time:315766ms step_avg:397.19ms
step:796/1670 train_time:316160ms step_avg:397.19ms
step:797/1670 train_time:316551ms step_avg:397.18ms
step:798/1670 train_time:316947ms step_avg:397.18ms
step:799/1670 train_time:317338ms step_avg:397.17ms
step:800/1670 train_time:317729ms step_avg:397.16ms
step:801/1670 train_time:318117ms step_avg:397.15ms
step:802/1670 train_time:318509ms step_avg:397.14ms
step:803/1670 train_time:318907ms step_avg:397.14ms
step:804/1670 train_time:319295ms step_avg:397.13ms
step:805/1670 train_time:319688ms step_avg:397.13ms
step:806/1670 train_time:320079ms step_avg:397.12ms
step:807/1670 train_time:320475ms step_avg:397.12ms
step:808/1670 train_time:320867ms step_avg:397.11ms
step:809/1670 train_time:321258ms step_avg:397.10ms
step:810/1670 train_time:321649ms step_avg:397.10ms
step:811/1670 train_time:322042ms step_avg:397.09ms
step:812/1670 train_time:322439ms step_avg:397.09ms
step:813/1670 train_time:322828ms step_avg:397.08ms
step:814/1670 train_time:323216ms step_avg:397.07ms
step:815/1670 train_time:323607ms step_avg:397.06ms
step:816/1670 train_time:323996ms step_avg:397.05ms
step:817/1670 train_time:324391ms step_avg:397.05ms
step:818/1670 train_time:324783ms step_avg:397.05ms
step:819/1670 train_time:325174ms step_avg:397.04ms
step:820/1670 train_time:325562ms step_avg:397.03ms
step:821/1670 train_time:325952ms step_avg:397.02ms
step:822/1670 train_time:326341ms step_avg:397.01ms
step:823/1670 train_time:326737ms step_avg:397.01ms
step:824/1670 train_time:327127ms step_avg:397.00ms
step:825/1670 train_time:327522ms step_avg:397.00ms
step:826/1670 train_time:327910ms step_avg:396.99ms
step:827/1670 train_time:328306ms step_avg:396.98ms
step:828/1670 train_time:328694ms step_avg:396.97ms
step:829/1670 train_time:329090ms step_avg:396.97ms
step:830/1670 train_time:329483ms step_avg:396.97ms
step:831/1670 train_time:329877ms step_avg:396.96ms
step:832/1670 train_time:330267ms step_avg:396.96ms
step:833/1670 train_time:330660ms step_avg:396.95ms
step:834/1670 train_time:331050ms step_avg:396.94ms
step:835/1670 train_time:331438ms step_avg:396.93ms
step:836/1670 train_time:331831ms step_avg:396.93ms
step:837/1670 train_time:332227ms step_avg:396.93ms
step:838/1670 train_time:332628ms step_avg:396.93ms
step:839/1670 train_time:333014ms step_avg:396.92ms
step:840/1670 train_time:333402ms step_avg:396.91ms
step:841/1670 train_time:334437ms step_avg:397.67ms
step:842/1670 train_time:334835ms step_avg:397.67ms
step:843/1670 train_time:335226ms step_avg:397.66ms
step:844/1670 train_time:335619ms step_avg:397.65ms
step:845/1670 train_time:336013ms step_avg:397.65ms
step:846/1670 train_time:336405ms step_avg:397.64ms
step:847/1670 train_time:336793ms step_avg:397.63ms
step:848/1670 train_time:337191ms step_avg:397.63ms
step:849/1670 train_time:337589ms step_avg:397.63ms
step:850/1670 train_time:337984ms step_avg:397.63ms
step:851/1670 train_time:338374ms step_avg:397.62ms
step:852/1670 train_time:338768ms step_avg:397.61ms
step:853/1670 train_time:339162ms step_avg:397.61ms
step:854/1670 train_time:339551ms step_avg:397.60ms
step:855/1670 train_time:339943ms step_avg:397.59ms
step:856/1670 train_time:340329ms step_avg:397.58ms
step:857/1670 train_time:340723ms step_avg:397.58ms
step:858/1670 train_time:341118ms step_avg:397.57ms
step:859/1670 train_time:341513ms step_avg:397.57ms
step:860/1670 train_time:341903ms step_avg:397.56ms
step:861/1670 train_time:342297ms step_avg:397.56ms
step:862/1670 train_time:342690ms step_avg:397.55ms
step:863/1670 train_time:343081ms step_avg:397.55ms
step:864/1670 train_time:343476ms step_avg:397.54ms
step:865/1670 train_time:343867ms step_avg:397.53ms
step:866/1670 train_time:344259ms step_avg:397.53ms
step:867/1670 train_time:344652ms step_avg:397.52ms
step:868/1670 train_time:345041ms step_avg:397.51ms
step:869/1670 train_time:345431ms step_avg:397.50ms
step:870/1670 train_time:345825ms step_avg:397.50ms
step:871/1670 train_time:346213ms step_avg:397.49ms
step:872/1670 train_time:346602ms step_avg:397.48ms
step:873/1670 train_time:346991ms step_avg:397.47ms
step:874/1670 train_time:347379ms step_avg:397.46ms
step:875/1670 train_time:347774ms step_avg:397.46ms
step:875/1670 val_loss:3.5142 train_time:348069ms step_avg:397.79ms
step:876/1670 train_time:348338ms step_avg:397.65ms
step:877/1670 train_time:348717ms step_avg:397.62ms
step:878/1670 train_time:349113ms step_avg:397.62ms
step:879/1670 train_time:349507ms step_avg:397.62ms
step:880/1670 train_time:349900ms step_avg:397.61ms
step:881/1670 train_time:350289ms step_avg:397.60ms
step:882/1670 train_time:350680ms step_avg:397.60ms
step:883/1670 train_time:351066ms step_avg:397.58ms
step:884/1670 train_time:351463ms step_avg:397.58ms
step:885/1670 train_time:351851ms step_avg:397.57ms
step:886/1670 train_time:352241ms step_avg:397.56ms
step:887/1670 train_time:352632ms step_avg:397.56ms
step:888/1670 train_time:353025ms step_avg:397.55ms
step:889/1670 train_time:353415ms step_avg:397.54ms
step:890/1670 train_time:353806ms step_avg:397.54ms
step:891/1670 train_time:354197ms step_avg:397.53ms
step:892/1670 train_time:354588ms step_avg:397.52ms
step:893/1670 train_time:354979ms step_avg:397.51ms
step:894/1670 train_time:355379ms step_avg:397.52ms
step:895/1670 train_time:355770ms step_avg:397.51ms
step:896/1670 train_time:356161ms step_avg:397.50ms
step:897/1670 train_time:356560ms step_avg:397.50ms
step:898/1670 train_time:356951ms step_avg:397.50ms
step:899/1670 train_time:357343ms step_avg:397.49ms
step:900/1670 train_time:357738ms step_avg:397.49ms
step:901/1670 train_time:358125ms step_avg:397.48ms
step:902/1670 train_time:358519ms step_avg:397.47ms
step:903/1670 train_time:358912ms step_avg:397.47ms
step:904/1670 train_time:359304ms step_avg:397.46ms
step:905/1670 train_time:359695ms step_avg:397.45ms
step:906/1670 train_time:360088ms step_avg:397.45ms
step:907/1670 train_time:360482ms step_avg:397.44ms
step:908/1670 train_time:360878ms step_avg:397.44ms
step:909/1670 train_time:361268ms step_avg:397.43ms
step:910/1670 train_time:361664ms step_avg:397.43ms
step:911/1670 train_time:362058ms step_avg:397.43ms
step:912/1670 train_time:362452ms step_avg:397.43ms
step:913/1670 train_time:362847ms step_avg:397.42ms
step:914/1670 train_time:363227ms step_avg:397.40ms
step:915/1670 train_time:363630ms step_avg:397.41ms
step:916/1670 train_time:364021ms step_avg:397.40ms
step:917/1670 train_time:364408ms step_avg:397.39ms
step:918/1670 train_time:364796ms step_avg:397.38ms
step:919/1670 train_time:365185ms step_avg:397.37ms
step:920/1670 train_time:365575ms step_avg:397.36ms
step:921/1670 train_time:365971ms step_avg:397.36ms
step:922/1670 train_time:366361ms step_avg:397.35ms
step:923/1670 train_time:366752ms step_avg:397.35ms
step:924/1670 train_time:367141ms step_avg:397.34ms
step:925/1670 train_time:367532ms step_avg:397.33ms
step:926/1670 train_time:367923ms step_avg:397.33ms
step:927/1670 train_time:368312ms step_avg:397.32ms
step:928/1670 train_time:368702ms step_avg:397.31ms
step:929/1670 train_time:369095ms step_avg:397.30ms
step:930/1670 train_time:369486ms step_avg:397.30ms
step:931/1670 train_time:369878ms step_avg:397.29ms
step:932/1670 train_time:370264ms step_avg:397.28ms
step:933/1670 train_time:370659ms step_avg:397.28ms
step:934/1670 train_time:371054ms step_avg:397.27ms
step:935/1670 train_time:371447ms step_avg:397.27ms
step:936/1670 train_time:371843ms step_avg:397.27ms
step:937/1670 train_time:372236ms step_avg:397.26ms
step:938/1670 train_time:372634ms step_avg:397.26ms
step:939/1670 train_time:373026ms step_avg:397.26ms
step:940/1670 train_time:373415ms step_avg:397.25ms
step:941/1670 train_time:373808ms step_avg:397.25ms
step:942/1670 train_time:374201ms step_avg:397.24ms
step:943/1670 train_time:374591ms step_avg:397.23ms
step:944/1670 train_time:374985ms step_avg:397.23ms
step:945/1670 train_time:375372ms step_avg:397.22ms
step:946/1670 train_time:375767ms step_avg:397.22ms
step:947/1670 train_time:376155ms step_avg:397.21ms
step:948/1670 train_time:376549ms step_avg:397.20ms
step:949/1670 train_time:376938ms step_avg:397.19ms
step:950/1670 train_time:377330ms step_avg:397.19ms
step:951/1670 train_time:377724ms step_avg:397.19ms
step:952/1670 train_time:378113ms step_avg:397.18ms
step:953/1670 train_time:378506ms step_avg:397.17ms
step:954/1670 train_time:378902ms step_avg:397.17ms
step:955/1670 train_time:379291ms step_avg:397.16ms
step:956/1670 train_time:379687ms step_avg:397.16ms
step:957/1670 train_time:380080ms step_avg:397.16ms
step:958/1670 train_time:380473ms step_avg:397.15ms
step:959/1670 train_time:380864ms step_avg:397.15ms
step:960/1670 train_time:381254ms step_avg:397.14ms
step:961/1670 train_time:381649ms step_avg:397.14ms
step:962/1670 train_time:382041ms step_avg:397.13ms
step:963/1670 train_time:382435ms step_avg:397.13ms
step:964/1670 train_time:382832ms step_avg:397.13ms
step:965/1670 train_time:383227ms step_avg:397.13ms
step:966/1670 train_time:383621ms step_avg:397.12ms
step:967/1670 train_time:384009ms step_avg:397.11ms
step:968/1670 train_time:384401ms step_avg:397.11ms
step:969/1670 train_time:384791ms step_avg:397.10ms
step:970/1670 train_time:385187ms step_avg:397.10ms
step:971/1670 train_time:385578ms step_avg:397.09ms
step:972/1670 train_time:385970ms step_avg:397.09ms
step:973/1670 train_time:386363ms step_avg:397.08ms
step:974/1670 train_time:386756ms step_avg:397.08ms
step:975/1670 train_time:387149ms step_avg:397.08ms
step:976/1670 train_time:387540ms step_avg:397.07ms
step:977/1670 train_time:387933ms step_avg:397.07ms
step:978/1670 train_time:388325ms step_avg:397.06ms
step:979/1670 train_time:388716ms step_avg:397.05ms
step:980/1670 train_time:389105ms step_avg:397.05ms
step:981/1670 train_time:389498ms step_avg:397.04ms
step:982/1670 train_time:389892ms step_avg:397.04ms
step:983/1670 train_time:390289ms step_avg:397.04ms
step:984/1670 train_time:390681ms step_avg:397.03ms
step:985/1670 train_time:391077ms step_avg:397.03ms
step:986/1670 train_time:391470ms step_avg:397.03ms
step:987/1670 train_time:391858ms step_avg:397.02ms
step:988/1670 train_time:392250ms step_avg:397.01ms
step:989/1670 train_time:392643ms step_avg:397.01ms
step:990/1670 train_time:393036ms step_avg:397.01ms
step:991/1670 train_time:393425ms step_avg:397.00ms
step:992/1670 train_time:393819ms step_avg:397.00ms
step:993/1670 train_time:394210ms step_avg:396.99ms
step:994/1670 train_time:394603ms step_avg:396.98ms
step:995/1670 train_time:394996ms step_avg:396.98ms
step:996/1670 train_time:395387ms step_avg:396.97ms
step:997/1670 train_time:395781ms step_avg:396.97ms
step:998/1670 train_time:396171ms step_avg:396.96ms
step:999/1670 train_time:396564ms step_avg:396.96ms
step:1000/1670 train_time:396956ms step_avg:396.96ms
step:1000/1670 val_loss:3.4652 train_time:397248ms step_avg:397.25ms
step:1001/1670 train_time:397545ms step_avg:397.15ms
step:1002/1670 train_time:397887ms step_avg:397.09ms
step:1003/1670 train_time:398275ms step_avg:397.08ms
step:1004/1670 train_time:398668ms step_avg:397.08ms
step:1005/1670 train_time:399063ms step_avg:397.08ms
step:1006/1670 train_time:399455ms step_avg:397.07ms
step:1007/1670 train_time:399854ms step_avg:397.07ms
step:1008/1670 train_time:400298ms step_avg:397.12ms
step:1009/1670 train_time:400688ms step_avg:397.11ms
step:1010/1670 train_time:401080ms step_avg:397.11ms
step:1011/1670 train_time:401474ms step_avg:397.11ms
step:1012/1670 train_time:401866ms step_avg:397.10ms
step:1013/1670 train_time:402256ms step_avg:397.09ms
step:1014/1670 train_time:402643ms step_avg:397.08ms
step:1015/1670 train_time:403035ms step_avg:397.08ms
step:1016/1670 train_time:403430ms step_avg:397.08ms
step:1017/1670 train_time:403819ms step_avg:397.07ms
step:1018/1670 train_time:404217ms step_avg:397.07ms
step:1019/1670 train_time:404607ms step_avg:397.06ms
step:1020/1670 train_time:404995ms step_avg:397.05ms
step:1021/1670 train_time:405386ms step_avg:397.05ms
step:1022/1670 train_time:405782ms step_avg:397.05ms
step:1023/1670 train_time:406175ms step_avg:397.04ms
step:1024/1670 train_time:406567ms step_avg:397.04ms
step:1025/1670 train_time:406960ms step_avg:397.03ms
step:1026/1670 train_time:407360ms step_avg:397.04ms
step:1027/1670 train_time:407751ms step_avg:397.03ms
step:1028/1670 train_time:408139ms step_avg:397.02ms
step:1029/1670 train_time:408537ms step_avg:397.02ms
step:1030/1670 train_time:408926ms step_avg:397.02ms
step:1031/1670 train_time:409320ms step_avg:397.01ms
step:1032/1670 train_time:409711ms step_avg:397.01ms
step:1033/1670 train_time:410100ms step_avg:397.00ms
step:1034/1670 train_time:410497ms step_avg:397.00ms
step:1035/1670 train_time:410887ms step_avg:396.99ms
step:1036/1670 train_time:411281ms step_avg:396.99ms
step:1037/1670 train_time:411675ms step_avg:396.99ms
step:1038/1670 train_time:412066ms step_avg:396.98ms
step:1039/1670 train_time:412455ms step_avg:396.97ms
step:1040/1670 train_time:412846ms step_avg:396.97ms
step:1041/1670 train_time:413240ms step_avg:396.96ms
step:1042/1670 train_time:413632ms step_avg:396.96ms
step:1043/1670 train_time:414025ms step_avg:396.96ms
step:1044/1670 train_time:414417ms step_avg:396.95ms
step:1045/1670 train_time:414813ms step_avg:396.95ms
step:1046/1670 train_time:415210ms step_avg:396.95ms
step:1047/1670 train_time:415601ms step_avg:396.94ms
step:1048/1670 train_time:415999ms step_avg:396.95ms
step:1049/1670 train_time:416385ms step_avg:396.94ms
step:1050/1670 train_time:417429ms step_avg:397.55ms
step:1051/1670 train_time:417816ms step_avg:397.54ms
step:1052/1670 train_time:418209ms step_avg:397.54ms
step:1053/1670 train_time:418603ms step_avg:397.53ms
step:1054/1670 train_time:418996ms step_avg:397.53ms
step:1055/1670 train_time:419393ms step_avg:397.53ms
step:1056/1670 train_time:419790ms step_avg:397.53ms
step:1057/1670 train_time:420182ms step_avg:397.52ms
step:1058/1670 train_time:420570ms step_avg:397.51ms
step:1059/1670 train_time:420965ms step_avg:397.51ms
step:1060/1670 train_time:421355ms step_avg:397.50ms
step:1061/1670 train_time:421746ms step_avg:397.50ms
step:1062/1670 train_time:422137ms step_avg:397.49ms
step:1063/1670 train_time:422535ms step_avg:397.49ms
step:1064/1670 train_time:422924ms step_avg:397.48ms
step:1065/1670 train_time:423319ms step_avg:397.48ms
step:1066/1670 train_time:423710ms step_avg:397.48ms
step:1067/1670 train_time:424106ms step_avg:397.48ms
step:1068/1670 train_time:424497ms step_avg:397.47ms
step:1069/1670 train_time:424892ms step_avg:397.47ms
step:1070/1670 train_time:425283ms step_avg:397.46ms
step:1071/1670 train_time:425676ms step_avg:397.46ms
step:1072/1670 train_time:426068ms step_avg:397.45ms
step:1073/1670 train_time:426462ms step_avg:397.45ms
step:1074/1670 train_time:426849ms step_avg:397.44ms
step:1075/1670 train_time:427241ms step_avg:397.43ms
step:1076/1670 train_time:427634ms step_avg:397.43ms
step:1077/1670 train_time:428025ms step_avg:397.42ms
step:1078/1670 train_time:428417ms step_avg:397.42ms
step:1079/1670 train_time:428811ms step_avg:397.41ms
step:1080/1670 train_time:429206ms step_avg:397.41ms
step:1081/1670 train_time:429598ms step_avg:397.41ms
step:1082/1670 train_time:429993ms step_avg:397.41ms
step:1083/1670 train_time:430384ms step_avg:397.40ms
step:1084/1670 train_time:430776ms step_avg:397.40ms
step:1085/1670 train_time:431165ms step_avg:397.39ms
step:1086/1670 train_time:431559ms step_avg:397.38ms
step:1087/1670 train_time:431950ms step_avg:397.38ms
step:1088/1670 train_time:432342ms step_avg:397.37ms
step:1089/1670 train_time:432736ms step_avg:397.37ms
step:1090/1670 train_time:433124ms step_avg:397.36ms
step:1091/1670 train_time:433520ms step_avg:397.36ms
step:1092/1670 train_time:433918ms step_avg:397.36ms
step:1093/1670 train_time:434315ms step_avg:397.36ms
step:1094/1670 train_time:434712ms step_avg:397.36ms
step:1095/1670 train_time:435105ms step_avg:397.36ms
step:1096/1670 train_time:435500ms step_avg:397.35ms
step:1097/1670 train_time:435888ms step_avg:397.35ms
step:1098/1670 train_time:436285ms step_avg:397.34ms
step:1099/1670 train_time:436680ms step_avg:397.34ms
step:1100/1670 train_time:437073ms step_avg:397.34ms
step:1101/1670 train_time:437462ms step_avg:397.33ms
step:1102/1670 train_time:437855ms step_avg:397.33ms
step:1103/1670 train_time:438247ms step_avg:397.32ms
step:1104/1670 train_time:438639ms step_avg:397.32ms
step:1105/1670 train_time:439033ms step_avg:397.31ms
step:1106/1670 train_time:439421ms step_avg:397.31ms
step:1107/1670 train_time:439819ms step_avg:397.31ms
step:1108/1670 train_time:440205ms step_avg:397.30ms
step:1109/1670 train_time:440598ms step_avg:397.29ms
step:1110/1670 train_time:440989ms step_avg:397.29ms
step:1111/1670 train_time:441380ms step_avg:397.28ms
step:1112/1670 train_time:441771ms step_avg:397.28ms
step:1113/1670 train_time:442162ms step_avg:397.27ms
step:1114/1670 train_time:442555ms step_avg:397.27ms
step:1115/1670 train_time:443001ms step_avg:397.31ms
step:1116/1670 train_time:443390ms step_avg:397.30ms
step:1117/1670 train_time:443788ms step_avg:397.30ms
step:1118/1670 train_time:444180ms step_avg:397.30ms
step:1119/1670 train_time:444575ms step_avg:397.30ms
step:1120/1670 train_time:444968ms step_avg:397.29ms
step:1121/1670 train_time:445359ms step_avg:397.29ms
step:1122/1670 train_time:445747ms step_avg:397.28ms
step:1123/1670 train_time:446139ms step_avg:397.27ms
step:1124/1670 train_time:446528ms step_avg:397.27ms
step:1125/1670 train_time:446921ms step_avg:397.26ms
step:1125/1670 val_loss:3.4126 train_time:447217ms step_avg:397.53ms
step:1126/1670 train_time:447493ms step_avg:397.42ms
step:1127/1670 train_time:447855ms step_avg:397.39ms
step:1128/1670 train_time:448248ms step_avg:397.38ms
step:1129/1670 train_time:448640ms step_avg:397.38ms
step:1130/1670 train_time:449031ms step_avg:397.37ms
step:1131/1670 train_time:449428ms step_avg:397.37ms
step:1132/1670 train_time:449817ms step_avg:397.36ms
step:1133/1670 train_time:450209ms step_avg:397.36ms
step:1134/1670 train_time:450602ms step_avg:397.36ms
step:1135/1670 train_time:450992ms step_avg:397.35ms
step:1136/1670 train_time:451387ms step_avg:397.35ms
step:1137/1670 train_time:451779ms step_avg:397.34ms
step:1138/1670 train_time:452171ms step_avg:397.34ms
step:1139/1670 train_time:452563ms step_avg:397.33ms
step:1140/1670 train_time:452953ms step_avg:397.33ms
step:1141/1670 train_time:453350ms step_avg:397.33ms
step:1142/1670 train_time:453743ms step_avg:397.32ms
step:1143/1670 train_time:454136ms step_avg:397.32ms
step:1144/1670 train_time:454524ms step_avg:397.31ms
step:1145/1670 train_time:454917ms step_avg:397.31ms
step:1146/1670 train_time:455314ms step_avg:397.31ms
step:1147/1670 train_time:455705ms step_avg:397.30ms
step:1148/1670 train_time:456100ms step_avg:397.30ms
step:1149/1670 train_time:456495ms step_avg:397.30ms
step:1150/1670 train_time:456885ms step_avg:397.29ms
step:1151/1670 train_time:457283ms step_avg:397.29ms
step:1152/1670 train_time:457674ms step_avg:397.29ms
step:1153/1670 train_time:458063ms step_avg:397.28ms
step:1154/1670 train_time:458455ms step_avg:397.27ms
step:1155/1670 train_time:458847ms step_avg:397.27ms
step:1156/1670 train_time:459237ms step_avg:397.26ms
step:1157/1670 train_time:459627ms step_avg:397.26ms
step:1158/1670 train_time:460018ms step_avg:397.25ms
step:1159/1670 train_time:460409ms step_avg:397.25ms
step:1160/1670 train_time:460804ms step_avg:397.24ms
step:1161/1670 train_time:461197ms step_avg:397.24ms
step:1162/1670 train_time:461593ms step_avg:397.24ms
step:1163/1670 train_time:461981ms step_avg:397.23ms
step:1164/1670 train_time:462376ms step_avg:397.23ms
step:1165/1670 train_time:462771ms step_avg:397.23ms
step:1166/1670 train_time:463161ms step_avg:397.22ms
step:1167/1670 train_time:463555ms step_avg:397.22ms
step:1168/1670 train_time:463943ms step_avg:397.21ms
step:1169/1670 train_time:464337ms step_avg:397.21ms
step:1170/1670 train_time:464726ms step_avg:397.20ms
step:1171/1670 train_time:465115ms step_avg:397.19ms
step:1172/1670 train_time:465510ms step_avg:397.19ms
step:1173/1670 train_time:465902ms step_avg:397.19ms
step:1174/1670 train_time:466291ms step_avg:397.18ms
step:1175/1670 train_time:466687ms step_avg:397.18ms
step:1176/1670 train_time:467077ms step_avg:397.17ms
step:1177/1670 train_time:467472ms step_avg:397.17ms
step:1178/1670 train_time:467873ms step_avg:397.18ms
step:1179/1670 train_time:468268ms step_avg:397.17ms
step:1180/1670 train_time:468656ms step_avg:397.17ms
step:1181/1670 train_time:469047ms step_avg:397.16ms
step:1182/1670 train_time:469436ms step_avg:397.15ms
step:1183/1670 train_time:469828ms step_avg:397.15ms
step:1184/1670 train_time:470217ms step_avg:397.14ms
step:1185/1670 train_time:470610ms step_avg:397.14ms
step:1186/1670 train_time:471000ms step_avg:397.13ms
step:1187/1670 train_time:471391ms step_avg:397.13ms
step:1188/1670 train_time:471785ms step_avg:397.13ms
step:1189/1670 train_time:472178ms step_avg:397.12ms
step:1190/1670 train_time:472568ms step_avg:397.12ms
step:1191/1670 train_time:472968ms step_avg:397.12ms
step:1192/1670 train_time:473367ms step_avg:397.12ms
step:1193/1670 train_time:473755ms step_avg:397.11ms
step:1194/1670 train_time:474148ms step_avg:397.11ms
step:1195/1670 train_time:474540ms step_avg:397.10ms
step:1196/1670 train_time:474933ms step_avg:397.10ms
step:1197/1670 train_time:475325ms step_avg:397.10ms
step:1198/1670 train_time:475716ms step_avg:397.09ms
step:1199/1670 train_time:476111ms step_avg:397.09ms
step:1200/1670 train_time:476501ms step_avg:397.08ms
step:1201/1670 train_time:476892ms step_avg:397.08ms
step:1202/1670 train_time:477288ms step_avg:397.08ms
step:1203/1670 train_time:477678ms step_avg:397.07ms
step:1204/1670 train_time:478071ms step_avg:397.07ms
step:1205/1670 train_time:478456ms step_avg:397.06ms
step:1206/1670 train_time:478848ms step_avg:397.05ms
step:1207/1670 train_time:479236ms step_avg:397.05ms
step:1208/1670 train_time:479630ms step_avg:397.04ms
step:1209/1670 train_time:480019ms step_avg:397.04ms
step:1210/1670 train_time:480409ms step_avg:397.03ms
step:1211/1670 train_time:480805ms step_avg:397.03ms
step:1212/1670 train_time:481197ms step_avg:397.03ms
step:1213/1670 train_time:481590ms step_avg:397.02ms
step:1214/1670 train_time:481983ms step_avg:397.02ms
step:1215/1670 train_time:482372ms step_avg:397.01ms
step:1216/1670 train_time:482761ms step_avg:397.01ms
step:1217/1670 train_time:483150ms step_avg:397.00ms
step:1218/1670 train_time:483543ms step_avg:397.00ms
step:1219/1670 train_time:483937ms step_avg:396.99ms
step:1220/1670 train_time:484335ms step_avg:397.00ms
step:1221/1670 train_time:484726ms step_avg:396.99ms
step:1222/1670 train_time:485117ms step_avg:396.99ms
step:1223/1670 train_time:485519ms step_avg:396.99ms
step:1224/1670 train_time:485908ms step_avg:396.98ms
step:1225/1670 train_time:486300ms step_avg:396.98ms
step:1226/1670 train_time:486686ms step_avg:396.97ms
step:1227/1670 train_time:487078ms step_avg:396.97ms
step:1228/1670 train_time:487481ms step_avg:396.97ms
step:1229/1670 train_time:487872ms step_avg:396.97ms
step:1230/1670 train_time:488262ms step_avg:396.96ms
step:1231/1670 train_time:488652ms step_avg:396.96ms
step:1232/1670 train_time:489047ms step_avg:396.95ms
step:1233/1670 train_time:489438ms step_avg:396.95ms
step:1234/1670 train_time:489829ms step_avg:396.94ms
step:1235/1670 train_time:490222ms step_avg:396.94ms
step:1236/1670 train_time:490617ms step_avg:396.94ms
step:1237/1670 train_time:491007ms step_avg:396.93ms
step:1238/1670 train_time:491400ms step_avg:396.93ms
step:1239/1670 train_time:491794ms step_avg:396.93ms
step:1240/1670 train_time:492186ms step_avg:396.92ms
step:1241/1670 train_time:492576ms step_avg:396.92ms
step:1242/1670 train_time:492970ms step_avg:396.92ms
step:1243/1670 train_time:493363ms step_avg:396.91ms
step:1244/1670 train_time:493758ms step_avg:396.91ms
step:1245/1670 train_time:494155ms step_avg:396.91ms
step:1246/1670 train_time:494552ms step_avg:396.91ms
step:1247/1670 train_time:494938ms step_avg:396.90ms
step:1248/1670 train_time:495330ms step_avg:396.90ms
step:1249/1670 train_time:495725ms step_avg:396.90ms
step:1250/1670 train_time:496118ms step_avg:396.89ms
step:1250/1670 val_loss:3.3745 train_time:496411ms step_avg:397.13ms
step:1251/1670 train_time:496678ms step_avg:397.03ms
step:1252/1670 train_time:497048ms step_avg:397.00ms
step:1253/1670 train_time:497447ms step_avg:397.01ms
step:1254/1670 train_time:497843ms step_avg:397.00ms
step:1255/1670 train_time:498235ms step_avg:397.00ms
step:1256/1670 train_time:498627ms step_avg:397.00ms
step:1257/1670 train_time:499024ms step_avg:397.00ms
step:1258/1670 train_time:499414ms step_avg:396.99ms
step:1259/1670 train_time:499809ms step_avg:396.99ms
step:1260/1670 train_time:500854ms step_avg:397.50ms
step:1261/1670 train_time:501244ms step_avg:397.50ms
step:1262/1670 train_time:501641ms step_avg:397.50ms
step:1263/1670 train_time:502034ms step_avg:397.49ms
step:1264/1670 train_time:502422ms step_avg:397.49ms
step:1265/1670 train_time:502815ms step_avg:397.48ms
step:1266/1670 train_time:503210ms step_avg:397.48ms
step:1267/1670 train_time:503604ms step_avg:397.48ms
step:1268/1670 train_time:503999ms step_avg:397.48ms
step:1269/1670 train_time:504394ms step_avg:397.47ms
step:1270/1670 train_time:504787ms step_avg:397.47ms
step:1271/1670 train_time:505180ms step_avg:397.47ms
step:1272/1670 train_time:505570ms step_avg:397.46ms
step:1273/1670 train_time:505963ms step_avg:397.46ms
step:1274/1670 train_time:506354ms step_avg:397.45ms
step:1275/1670 train_time:506746ms step_avg:397.45ms
step:1276/1670 train_time:507136ms step_avg:397.44ms
step:1277/1670 train_time:507528ms step_avg:397.44ms
step:1278/1670 train_time:507917ms step_avg:397.43ms
step:1279/1670 train_time:508308ms step_avg:397.43ms
step:1280/1670 train_time:508704ms step_avg:397.43ms
step:1281/1670 train_time:509097ms step_avg:397.42ms
step:1282/1670 train_time:509495ms step_avg:397.42ms
step:1283/1670 train_time:509886ms step_avg:397.42ms
step:1284/1670 train_time:510277ms step_avg:397.41ms
step:1285/1670 train_time:510671ms step_avg:397.41ms
step:1286/1670 train_time:511067ms step_avg:397.41ms
step:1287/1670 train_time:511458ms step_avg:397.40ms
step:1288/1670 train_time:511854ms step_avg:397.40ms
step:1289/1670 train_time:512246ms step_avg:397.40ms
step:1290/1670 train_time:512638ms step_avg:397.39ms
step:1291/1670 train_time:513031ms step_avg:397.39ms
step:1292/1670 train_time:513425ms step_avg:397.39ms
step:1293/1670 train_time:513815ms step_avg:397.38ms
step:1294/1670 train_time:514204ms step_avg:397.38ms
step:1295/1670 train_time:514603ms step_avg:397.38ms
step:1296/1670 train_time:514992ms step_avg:397.37ms
step:1297/1670 train_time:515386ms step_avg:397.37ms
step:1298/1670 train_time:515781ms step_avg:397.37ms
step:1299/1670 train_time:516171ms step_avg:397.36ms
step:1300/1670 train_time:516566ms step_avg:397.36ms
step:1301/1670 train_time:516957ms step_avg:397.35ms
step:1302/1670 train_time:517349ms step_avg:397.35ms
step:1303/1670 train_time:517746ms step_avg:397.35ms
step:1304/1670 train_time:518140ms step_avg:397.35ms
step:1305/1670 train_time:518531ms step_avg:397.34ms
step:1306/1670 train_time:518919ms step_avg:397.33ms
step:1307/1670 train_time:519312ms step_avg:397.33ms
step:1308/1670 train_time:519713ms step_avg:397.33ms
step:1309/1670 train_time:520103ms step_avg:397.33ms
step:1310/1670 train_time:520489ms step_avg:397.32ms
step:1311/1670 train_time:520880ms step_avg:397.32ms
step:1312/1670 train_time:521279ms step_avg:397.32ms
step:1313/1670 train_time:521671ms step_avg:397.31ms
step:1314/1670 train_time:522067ms step_avg:397.31ms
step:1315/1670 train_time:522456ms step_avg:397.31ms
step:1316/1670 train_time:522846ms step_avg:397.30ms
step:1317/1670 train_time:523239ms step_avg:397.30ms
step:1318/1670 train_time:523629ms step_avg:397.29ms
step:1319/1670 train_time:524021ms step_avg:397.29ms
step:1320/1670 train_time:524414ms step_avg:397.28ms
step:1321/1670 train_time:524807ms step_avg:397.28ms
step:1322/1670 train_time:525203ms step_avg:397.28ms
step:1323/1670 train_time:525592ms step_avg:397.27ms
step:1324/1670 train_time:525989ms step_avg:397.27ms
step:1325/1670 train_time:526382ms step_avg:397.27ms
step:1326/1670 train_time:526776ms step_avg:397.27ms
step:1327/1670 train_time:527171ms step_avg:397.26ms
step:1328/1670 train_time:527560ms step_avg:397.26ms
step:1329/1670 train_time:527950ms step_avg:397.25ms
step:1330/1670 train_time:528337ms step_avg:397.25ms
step:1331/1670 train_time:528731ms step_avg:397.24ms
step:1332/1670 train_time:529127ms step_avg:397.24ms
step:1333/1670 train_time:529515ms step_avg:397.24ms
step:1334/1670 train_time:529909ms step_avg:397.23ms
step:1335/1670 train_time:530300ms step_avg:397.23ms
step:1336/1670 train_time:530692ms step_avg:397.22ms
step:1337/1670 train_time:531087ms step_avg:397.22ms
step:1338/1670 train_time:531479ms step_avg:397.22ms
step:1339/1670 train_time:531871ms step_avg:397.22ms
step:1340/1670 train_time:532265ms step_avg:397.21ms
step:1341/1670 train_time:532661ms step_avg:397.21ms
step:1342/1670 train_time:533058ms step_avg:397.21ms
step:1343/1670 train_time:533449ms step_avg:397.21ms
step:1344/1670 train_time:533847ms step_avg:397.21ms
step:1345/1670 train_time:534237ms step_avg:397.20ms
step:1346/1670 train_time:534626ms step_avg:397.20ms
step:1347/1670 train_time:535019ms step_avg:397.19ms
step:1348/1670 train_time:535411ms step_avg:397.19ms
step:1349/1670 train_time:535801ms step_avg:397.18ms
step:1350/1670 train_time:536194ms step_avg:397.18ms
step:1351/1670 train_time:536586ms step_avg:397.18ms
step:1352/1670 train_time:536976ms step_avg:397.17ms
step:1353/1670 train_time:537372ms step_avg:397.17ms
step:1354/1670 train_time:537762ms step_avg:397.17ms
step:1355/1670 train_time:538155ms step_avg:397.16ms
step:1356/1670 train_time:538549ms step_avg:397.16ms
step:1357/1670 train_time:538947ms step_avg:397.16ms
step:1358/1670 train_time:539338ms step_avg:397.16ms
step:1359/1670 train_time:539729ms step_avg:397.15ms
step:1360/1670 train_time:540124ms step_avg:397.15ms
step:1361/1670 train_time:540515ms step_avg:397.15ms
step:1362/1670 train_time:540905ms step_avg:397.14ms
step:1363/1670 train_time:541299ms step_avg:397.14ms
step:1364/1670 train_time:541690ms step_avg:397.13ms
step:1365/1670 train_time:542083ms step_avg:397.13ms
step:1366/1670 train_time:542479ms step_avg:397.13ms
step:1367/1670 train_time:542871ms step_avg:397.13ms
step:1368/1670 train_time:543265ms step_avg:397.12ms
step:1369/1670 train_time:543658ms step_avg:397.12ms
step:1370/1670 train_time:544051ms step_avg:397.12ms
step:1371/1670 train_time:544444ms step_avg:397.11ms
step:1372/1670 train_time:544836ms step_avg:397.11ms
step:1373/1670 train_time:545225ms step_avg:397.10ms
step:1374/1670 train_time:545617ms step_avg:397.10ms
step:1375/1670 train_time:546011ms step_avg:397.10ms
step:1375/1670 val_loss:3.3393 train_time:546309ms step_avg:397.32ms
step:1376/1670 train_time:546580ms step_avg:397.22ms
step:1377/1670 train_time:546912ms step_avg:397.18ms
step:1378/1670 train_time:547303ms step_avg:397.17ms
step:1379/1670 train_time:547694ms step_avg:397.17ms
step:1380/1670 train_time:548088ms step_avg:397.16ms
step:1381/1670 train_time:548486ms step_avg:397.17ms
step:1382/1670 train_time:548877ms step_avg:397.16ms
step:1383/1670 train_time:549272ms step_avg:397.16ms
step:1384/1670 train_time:549660ms step_avg:397.15ms
step:1385/1670 train_time:550052ms step_avg:397.15ms
step:1386/1670 train_time:550448ms step_avg:397.15ms
step:1387/1670 train_time:550840ms step_avg:397.14ms
step:1388/1670 train_time:551232ms step_avg:397.14ms
step:1389/1670 train_time:551625ms step_avg:397.14ms
step:1390/1670 train_time:552014ms step_avg:397.13ms
step:1391/1670 train_time:552406ms step_avg:397.13ms
step:1392/1670 train_time:552801ms step_avg:397.13ms
step:1393/1670 train_time:553192ms step_avg:397.12ms
step:1394/1670 train_time:553583ms step_avg:397.12ms
step:1395/1670 train_time:553975ms step_avg:397.11ms
step:1396/1670 train_time:554366ms step_avg:397.11ms
step:1397/1670 train_time:554758ms step_avg:397.11ms
step:1398/1670 train_time:555149ms step_avg:397.10ms
step:1399/1670 train_time:555538ms step_avg:397.10ms
step:1400/1670 train_time:555929ms step_avg:397.09ms
step:1401/1670 train_time:556324ms step_avg:397.09ms
step:1402/1670 train_time:556720ms step_avg:397.09ms
step:1403/1670 train_time:557114ms step_avg:397.09ms
step:1404/1670 train_time:557505ms step_avg:397.08ms
step:1405/1670 train_time:557898ms step_avg:397.08ms
step:1406/1670 train_time:558288ms step_avg:397.08ms
step:1407/1670 train_time:558680ms step_avg:397.07ms
step:1408/1670 train_time:559074ms step_avg:397.07ms
step:1409/1670 train_time:559466ms step_avg:397.07ms
step:1410/1670 train_time:559857ms step_avg:397.06ms
step:1411/1670 train_time:560250ms step_avg:397.06ms
step:1412/1670 train_time:560643ms step_avg:397.06ms
step:1413/1670 train_time:561032ms step_avg:397.05ms
step:1414/1670 train_time:561427ms step_avg:397.05ms
step:1415/1670 train_time:561821ms step_avg:397.05ms
step:1416/1670 train_time:562216ms step_avg:397.04ms
step:1417/1670 train_time:562607ms step_avg:397.04ms
step:1418/1670 train_time:562995ms step_avg:397.03ms
step:1419/1670 train_time:563389ms step_avg:397.03ms
step:1420/1670 train_time:563782ms step_avg:397.03ms
step:1421/1670 train_time:564166ms step_avg:397.02ms
step:1422/1670 train_time:564555ms step_avg:397.01ms
step:1423/1670 train_time:564955ms step_avg:397.02ms
step:1424/1670 train_time:565350ms step_avg:397.02ms
step:1425/1670 train_time:565744ms step_avg:397.01ms
step:1426/1670 train_time:566139ms step_avg:397.01ms
step:1427/1670 train_time:566527ms step_avg:397.01ms
step:1428/1670 train_time:566927ms step_avg:397.01ms
step:1429/1670 train_time:567318ms step_avg:397.00ms
step:1430/1670 train_time:567708ms step_avg:397.00ms
step:1431/1670 train_time:568105ms step_avg:397.00ms
step:1432/1670 train_time:568494ms step_avg:396.99ms
step:1433/1670 train_time:568890ms step_avg:396.99ms
step:1434/1670 train_time:569280ms step_avg:396.99ms
step:1435/1670 train_time:569675ms step_avg:396.99ms
step:1436/1670 train_time:570068ms step_avg:396.98ms
step:1437/1670 train_time:570461ms step_avg:396.98ms
step:1438/1670 train_time:570852ms step_avg:396.98ms
step:1439/1670 train_time:571245ms step_avg:396.97ms
step:1440/1670 train_time:571640ms step_avg:396.97ms
step:1441/1670 train_time:572029ms step_avg:396.97ms
step:1442/1670 train_time:572419ms step_avg:396.96ms
step:1443/1670 train_time:572808ms step_avg:396.96ms
step:1444/1670 train_time:573201ms step_avg:396.95ms
step:1445/1670 train_time:573591ms step_avg:396.95ms
step:1446/1670 train_time:573987ms step_avg:396.95ms
step:1447/1670 train_time:574378ms step_avg:396.94ms
step:1448/1670 train_time:574767ms step_avg:396.94ms
step:1449/1670 train_time:575159ms step_avg:396.93ms
step:1450/1670 train_time:575549ms step_avg:396.93ms
step:1451/1670 train_time:575942ms step_avg:396.93ms
step:1452/1670 train_time:576336ms step_avg:396.93ms
step:1453/1670 train_time:576732ms step_avg:396.92ms
step:1454/1670 train_time:577121ms step_avg:396.92ms
step:1455/1670 train_time:577513ms step_avg:396.92ms
step:1456/1670 train_time:577907ms step_avg:396.91ms
step:1457/1670 train_time:578304ms step_avg:396.91ms
step:1458/1670 train_time:578693ms step_avg:396.91ms
step:1459/1670 train_time:579085ms step_avg:396.91ms
step:1460/1670 train_time:579479ms step_avg:396.90ms
step:1461/1670 train_time:579870ms step_avg:396.90ms
step:1462/1670 train_time:580261ms step_avg:396.90ms
step:1463/1670 train_time:580655ms step_avg:396.89ms
step:1464/1670 train_time:581052ms step_avg:396.89ms
step:1465/1670 train_time:581443ms step_avg:396.89ms
step:1466/1670 train_time:581835ms step_avg:396.89ms
step:1467/1670 train_time:582229ms step_avg:396.88ms
step:1468/1670 train_time:582623ms step_avg:396.88ms
step:1469/1670 train_time:583667ms step_avg:397.32ms
step:1470/1670 train_time:584063ms step_avg:397.32ms
step:1471/1670 train_time:584456ms step_avg:397.32ms
step:1472/1670 train_time:584850ms step_avg:397.32ms
step:1473/1670 train_time:585243ms step_avg:397.31ms
step:1474/1670 train_time:585637ms step_avg:397.31ms
step:1475/1670 train_time:586032ms step_avg:397.31ms
step:1476/1670 train_time:586426ms step_avg:397.31ms
step:1477/1670 train_time:586818ms step_avg:397.30ms
step:1478/1670 train_time:587214ms step_avg:397.30ms
step:1479/1670 train_time:587610ms step_avg:397.30ms
step:1480/1670 train_time:588001ms step_avg:397.30ms
step:1481/1670 train_time:588396ms step_avg:397.30ms
step:1482/1670 train_time:588789ms step_avg:397.29ms
step:1483/1670 train_time:589184ms step_avg:397.29ms
step:1484/1670 train_time:589577ms step_avg:397.29ms
step:1485/1670 train_time:589967ms step_avg:397.28ms
step:1486/1670 train_time:590360ms step_avg:397.28ms
step:1487/1670 train_time:590755ms step_avg:397.28ms
step:1488/1670 train_time:591152ms step_avg:397.28ms
step:1489/1670 train_time:591550ms step_avg:397.28ms
step:1490/1670 train_time:591939ms step_avg:397.27ms
step:1491/1670 train_time:592334ms step_avg:397.27ms
step:1492/1670 train_time:592727ms step_avg:397.27ms
step:1493/1670 train_time:593129ms step_avg:397.27ms
step:1494/1670 train_time:593522ms step_avg:397.27ms
step:1495/1670 train_time:593921ms step_avg:397.27ms
step:1496/1670 train_time:594313ms step_avg:397.27ms
step:1497/1670 train_time:594706ms step_avg:397.27ms
step:1498/1670 train_time:595101ms step_avg:397.26ms
step:1499/1670 train_time:595496ms step_avg:397.26ms
step:1500/1670 train_time:595890ms step_avg:397.26ms
step:1500/1670 val_loss:3.3086 train_time:596183ms step_avg:397.46ms
step:1501/1670 train_time:596447ms step_avg:397.37ms
step:1502/1670 train_time:596794ms step_avg:397.33ms
step:1503/1670 train_time:597189ms step_avg:397.33ms
step:1504/1670 train_time:597592ms step_avg:397.34ms
step:1505/1670 train_time:597988ms step_avg:397.33ms
step:1506/1670 train_time:598384ms step_avg:397.33ms
step:1507/1670 train_time:598776ms step_avg:397.33ms
step:1508/1670 train_time:599171ms step_avg:397.33ms
step:1509/1670 train_time:599565ms step_avg:397.33ms
step:1510/1670 train_time:599959ms step_avg:397.32ms
step:1511/1670 train_time:600357ms step_avg:397.32ms
step:1512/1670 train_time:600747ms step_avg:397.32ms
step:1513/1670 train_time:601142ms step_avg:397.32ms
step:1514/1670 train_time:601537ms step_avg:397.32ms
step:1515/1670 train_time:601931ms step_avg:397.31ms
step:1516/1670 train_time:602325ms step_avg:397.31ms
step:1517/1670 train_time:602720ms step_avg:397.31ms
step:1518/1670 train_time:603112ms step_avg:397.31ms
step:1519/1670 train_time:603507ms step_avg:397.31ms
step:1520/1670 train_time:603905ms step_avg:397.31ms
step:1521/1670 train_time:604302ms step_avg:397.31ms
step:1522/1670 train_time:604693ms step_avg:397.30ms
step:1523/1670 train_time:605083ms step_avg:397.30ms
step:1524/1670 train_time:605484ms step_avg:397.30ms
step:1525/1670 train_time:605878ms step_avg:397.30ms
step:1526/1670 train_time:606270ms step_avg:397.29ms
step:1527/1670 train_time:606667ms step_avg:397.29ms
step:1528/1670 train_time:607060ms step_avg:397.29ms
step:1529/1670 train_time:607455ms step_avg:397.29ms
step:1530/1670 train_time:607850ms step_avg:397.29ms
step:1531/1670 train_time:608247ms step_avg:397.29ms
step:1532/1670 train_time:608641ms step_avg:397.29ms
step:1533/1670 train_time:609033ms step_avg:397.28ms
step:1534/1670 train_time:609431ms step_avg:397.28ms
step:1535/1670 train_time:609823ms step_avg:397.28ms
step:1536/1670 train_time:610216ms step_avg:397.28ms
step:1537/1670 train_time:610612ms step_avg:397.28ms
step:1538/1670 train_time:611005ms step_avg:397.27ms
step:1539/1670 train_time:611401ms step_avg:397.27ms
step:1540/1670 train_time:611799ms step_avg:397.27ms
step:1541/1670 train_time:612191ms step_avg:397.27ms
step:1542/1670 train_time:612588ms step_avg:397.27ms
step:1543/1670 train_time:612988ms step_avg:397.27ms
step:1544/1670 train_time:613383ms step_avg:397.27ms
step:1545/1670 train_time:613779ms step_avg:397.27ms
step:1546/1670 train_time:614171ms step_avg:397.26ms
step:1547/1670 train_time:614564ms step_avg:397.26ms
step:1548/1670 train_time:614958ms step_avg:397.26ms
step:1549/1670 train_time:615353ms step_avg:397.26ms
step:1550/1670 train_time:615751ms step_avg:397.26ms
step:1551/1670 train_time:616143ms step_avg:397.26ms
step:1552/1670 train_time:616540ms step_avg:397.25ms
step:1553/1670 train_time:616932ms step_avg:397.25ms
step:1554/1670 train_time:617329ms step_avg:397.25ms
step:1555/1670 train_time:617726ms step_avg:397.25ms
step:1556/1670 train_time:618117ms step_avg:397.25ms
step:1557/1670 train_time:618513ms step_avg:397.25ms
step:1558/1670 train_time:618910ms step_avg:397.25ms
step:1559/1670 train_time:619305ms step_avg:397.25ms
step:1560/1670 train_time:619706ms step_avg:397.25ms
step:1561/1670 train_time:620099ms step_avg:397.24ms
step:1562/1670 train_time:620494ms step_avg:397.24ms
step:1563/1670 train_time:620888ms step_avg:397.24ms
step:1564/1670 train_time:621282ms step_avg:397.24ms
step:1565/1670 train_time:621676ms step_avg:397.24ms
step:1566/1670 train_time:622073ms step_avg:397.24ms
step:1567/1670 train_time:622467ms step_avg:397.23ms
step:1568/1670 train_time:622859ms step_avg:397.23ms
step:1569/1670 train_time:623253ms step_avg:397.23ms
step:1570/1670 train_time:623649ms step_avg:397.23ms
step:1571/1670 train_time:624042ms step_avg:397.23ms
step:1572/1670 train_time:624441ms step_avg:397.23ms
step:1573/1670 train_time:624837ms step_avg:397.23ms
step:1574/1670 train_time:625229ms step_avg:397.22ms
step:1575/1670 train_time:625622ms step_avg:397.22ms
step:1576/1670 train_time:626019ms step_avg:397.22ms
step:1577/1670 train_time:626412ms step_avg:397.22ms
step:1578/1670 train_time:626807ms step_avg:397.22ms
step:1579/1670 train_time:627198ms step_avg:397.21ms
step:1580/1670 train_time:627594ms step_avg:397.21ms
step:1581/1670 train_time:627990ms step_avg:397.21ms
step:1582/1670 train_time:628383ms step_avg:397.21ms
step:1583/1670 train_time:628779ms step_avg:397.21ms
step:1584/1670 train_time:629175ms step_avg:397.21ms
step:1585/1670 train_time:629570ms step_avg:397.21ms
step:1586/1670 train_time:629965ms step_avg:397.20ms
step:1587/1670 train_time:630360ms step_avg:397.20ms
step:1588/1670 train_time:630755ms step_avg:397.20ms
step:1589/1670 train_time:631147ms step_avg:397.20ms
step:1590/1670 train_time:631542ms step_avg:397.20ms
step:1591/1670 train_time:631939ms step_avg:397.20ms
step:1592/1670 train_time:632329ms step_avg:397.19ms
step:1593/1670 train_time:632722ms step_avg:397.19ms
step:1594/1670 train_time:633120ms step_avg:397.19ms
step:1595/1670 train_time:633518ms step_avg:397.19ms
step:1596/1670 train_time:633913ms step_avg:397.19ms
step:1597/1670 train_time:634305ms step_avg:397.19ms
step:1598/1670 train_time:634697ms step_avg:397.18ms
step:1599/1670 train_time:635094ms step_avg:397.18ms
step:1600/1670 train_time:635490ms step_avg:397.18ms
step:1601/1670 train_time:635885ms step_avg:397.18ms
step:1602/1670 train_time:636276ms step_avg:397.18ms
step:1603/1670 train_time:636671ms step_avg:397.17ms
step:1604/1670 train_time:637073ms step_avg:397.18ms
step:1605/1670 train_time:637468ms step_avg:397.18ms
step:1606/1670 train_time:637862ms step_avg:397.17ms
step:1607/1670 train_time:638256ms step_avg:397.17ms
step:1608/1670 train_time:638649ms step_avg:397.17ms
step:1609/1670 train_time:639044ms step_avg:397.17ms
step:1610/1670 train_time:639439ms step_avg:397.17ms
step:1611/1670 train_time:639838ms step_avg:397.17ms
step:1612/1670 train_time:640232ms step_avg:397.17ms
step:1613/1670 train_time:640636ms step_avg:397.17ms
step:1614/1670 train_time:641028ms step_avg:397.17ms
step:1615/1670 train_time:641424ms step_avg:397.17ms
step:1616/1670 train_time:641837ms step_avg:397.18ms
step:1617/1670 train_time:642205ms step_avg:397.16ms
step:1618/1670 train_time:642598ms step_avg:397.16ms
step:1619/1670 train_time:642992ms step_avg:397.15ms
step:1620/1670 train_time:643394ms step_avg:397.16ms
step:1621/1670 train_time:643788ms step_avg:397.16ms
step:1622/1670 train_time:644185ms step_avg:397.15ms
step:1623/1670 train_time:644580ms step_avg:397.15ms
step:1624/1670 train_time:644975ms step_avg:397.15ms
step:1625/1670 train_time:645373ms step_avg:397.15ms
step:1625/1670 val_loss:3.2835 train_time:645667ms step_avg:397.33ms
step:1626/1670 train_time:645936ms step_avg:397.25ms
step:1627/1670 train_time:646279ms step_avg:397.22ms
step:1628/1670 train_time:646675ms step_avg:397.22ms
step:1629/1670 train_time:647069ms step_avg:397.22ms
step:1630/1670 train_time:647466ms step_avg:397.22ms
step:1631/1670 train_time:647858ms step_avg:397.22ms
step:1632/1670 train_time:648252ms step_avg:397.21ms
step:1633/1670 train_time:648644ms step_avg:397.21ms
step:1634/1670 train_time:649040ms step_avg:397.21ms
step:1635/1670 train_time:649432ms step_avg:397.21ms
step:1636/1670 train_time:649826ms step_avg:397.20ms
step:1637/1670 train_time:650224ms step_avg:397.20ms
step:1638/1670 train_time:650619ms step_avg:397.20ms
step:1639/1670 train_time:651016ms step_avg:397.20ms
step:1640/1670 train_time:651411ms step_avg:397.20ms
step:1641/1670 train_time:651807ms step_avg:397.20ms
step:1642/1670 train_time:652202ms step_avg:397.20ms
step:1643/1670 train_time:652597ms step_avg:397.20ms
step:1644/1670 train_time:652993ms step_avg:397.20ms
step:1645/1670 train_time:653388ms step_avg:397.20ms
step:1646/1670 train_time:653780ms step_avg:397.19ms
step:1647/1670 train_time:654173ms step_avg:397.19ms
step:1648/1670 train_time:654567ms step_avg:397.19ms
step:1649/1670 train_time:654965ms step_avg:397.19ms
step:1650/1670 train_time:655360ms step_avg:397.19ms
step:1651/1670 train_time:655755ms step_avg:397.19ms
step:1652/1670 train_time:656147ms step_avg:397.18ms
step:1653/1670 train_time:656547ms step_avg:397.19ms
step:1654/1670 train_time:656941ms step_avg:397.18ms
step:1655/1670 train_time:657336ms step_avg:397.18ms
step:1656/1670 train_time:657732ms step_avg:397.18ms
step:1657/1670 train_time:658128ms step_avg:397.18ms
step:1658/1670 train_time:658522ms step_avg:397.18ms
step:1659/1670 train_time:658915ms step_avg:397.18ms
step:1660/1670 train_time:659308ms step_avg:397.17ms
step:1661/1670 train_time:659705ms step_avg:397.17ms
step:1662/1670 train_time:660097ms step_avg:397.17ms
step:1663/1670 train_time:660492ms step_avg:397.17ms
step:1664/1670 train_time:660893ms step_avg:397.17ms
step:1665/1670 train_time:661292ms step_avg:397.17ms
step:1666/1670 train_time:661685ms step_avg:397.17ms
step:1667/1670 train_time:662077ms step_avg:397.17ms
step:1668/1670 train_time:662473ms step_avg:397.17ms
step:1669/1670 train_time:662869ms step_avg:397.17ms
step:1670/1670 train_time:663262ms step_avg:397.16ms
step:1670/1670 val_loss:3.2751 train_time:663607ms step_avg:397.37ms
peak memory allocated: 31703 MiB reserved: 34462 MiB
total training time: 663.61s (663607ms)
=== Done. Exit code: 0 ===
