=== Environment [fp32 val fix] ===
SEED=5
NPROC=16
DATA_PATH=/models/modded-nanogpt_record50_cautious_wd
TRAIN_SCRIPT=/models/modded-nanogpt_record50_cautious_wd/npu_bench/record_032_vect_sigmoid_bfloat16/agent_outputs/default_agent/npu_port_fixed/train_gpt.py
Python: Python 3.10.19
Torch: 2.7.1+cpu
Torch_NPU: 2.7.1.post2
=== Starting training [fp32 val fix] ===
/root/miniconda3/envs/llm_test/lib/python3.10/runpy.py:126: RuntimeWarning: 'torch.distributed.run' found in sys.modules after import of package 'torch.distributed', but prior to execution of 'torch.distributed.run'; this may result in unpredictable behaviour
  warn(RuntimeWarning(msg))

*****************************************
Setting OMP_NUM_THREADS environment variable for each process to be 1 in default, to avoid your system being overloaded, please further tune the variable for optimal performance in your application as needed. 
*****************************************
/root/miniconda3/envs/llm_test/lib/python3.10/site-packages/torch/autograd/__init__.py:221: UserWarning: Cannot create tensor with interal format while allow_internel_format=False, tensor will be created with base format. (Triggered internally at build/CMakeFiles/torch_npu.dir/compiler_depend.ts:338.)
  torch.ones_like(out, memory_format=torch.preserve_format)
/root/miniconda3/envs/llm_test/lib/python3.10/site-packages/torch/autograd/__init__.py:221: UserWarning: Cannot create tensor with interal format while allow_internel_format=False, tensor will be created with base format. (Triggered internally at build/CMakeFiles/torch_npu.dir/compiler_depend.ts:338.)
  torch.ones_like(out, memory_format=torch.preserve_format)
/root/miniconda3/envs/llm_test/lib/python3.10/site-packages/torch/distributed/distributed_c10d.py:4631: UserWarning: No device id is provided via `init_process_group` or `barrier `. Using the current device set by the user. 
  warnings.warn(  # warn only once
/root/miniconda3/envs/llm_test/lib/python3.10/site-packages/torch/distributed/distributed_c10d.py:4631: UserWarning: No device id is provided via `init_process_group` or `barrier `. Using the current device set by the user. 
  warnings.warn(  # warn only once
/root/miniconda3/envs/llm_test/lib/python3.10/site-packages/torch/autograd/__init__.py:221: UserWarning: Cannot create tensor with interal format while allow_internel_format=False, tensor will be created with base format. (Triggered internally at build/CMakeFiles/torch_npu.dir/compiler_depend.ts:338.)
  torch.ones_like(out, memory_format=torch.preserve_format)
/root/miniconda3/envs/llm_test/lib/python3.10/site-packages/torch/autograd/__init__.py:221: UserWarning: Cannot create tensor with interal format while allow_internel_format=False, tensor will be created with base format. (Triggered internally at build/CMakeFiles/torch_npu.dir/compiler_depend.ts:338.)
  torch.ones_like(out, memory_format=torch.preserve_format)
/root/miniconda3/envs/llm_test/lib/python3.10/site-packages/torch/autograd/__init__.py:221: UserWarning: Cannot create tensor with interal format while allow_internel_format=False, tensor will be created with base format. (Triggered internally at build/CMakeFiles/torch_npu.dir/compiler_depend.ts:338.)
  torch.ones_like(out, memory_format=torch.preserve_format)
/root/miniconda3/envs/llm_test/lib/python3.10/site-packages/torch/autograd/__init__.py:221: UserWarning: Cannot create tensor with interal format while allow_internel_format=False, tensor will be created with base format. (Triggered internally at build/CMakeFiles/torch_npu.dir/compiler_depend.ts:338.)
  torch.ones_like(out, memory_format=torch.preserve_format)
/root/miniconda3/envs/llm_test/lib/python3.10/site-packages/torch/autograd/__init__.py:221: UserWarning: Cannot create tensor with interal format while allow_internel_format=False, tensor will be created with base format. (Triggered internally at build/CMakeFiles/torch_npu.dir/compiler_depend.ts:338.)
  torch.ones_like(out, memory_format=torch.preserve_format)
/root/miniconda3/envs/llm_test/lib/python3.10/site-packages/torch/autograd/__init__.py:221: UserWarning: Cannot create tensor with interal format while allow_internel_format=False, tensor will be created with base format. (Triggered internally at build/CMakeFiles/torch_npu.dir/compiler_depend.ts:338.)
  torch.ones_like(out, memory_format=torch.preserve_format)
/root/miniconda3/envs/llm_test/lib/python3.10/site-packages/torch/autograd/__init__.py:221: UserWarning: Cannot create tensor with interal format while allow_internel_format=False, tensor will be created with base format. (Triggered internally at build/CMakeFiles/torch_npu.dir/compiler_depend.ts:338.)
  torch.ones_like(out, memory_format=torch.preserve_format)
/root/miniconda3/envs/llm_test/lib/python3.10/site-packages/torch/autograd/__init__.py:221: UserWarning: Cannot create tensor with interal format while allow_internel_format=False, tensor will be created with base format. (Triggered internally at build/CMakeFiles/torch_npu.dir/compiler_depend.ts:338.)
  torch.ones_like(out, memory_format=torch.preserve_format)
/root/miniconda3/envs/llm_test/lib/python3.10/site-packages/torch/autograd/__init__.py:221: UserWarning: Cannot create tensor with interal format while allow_internel_format=False, tensor will be created with base format. (Triggered internally at build/CMakeFiles/torch_npu.dir/compiler_depend.ts:338.)
  torch.ones_like(out, memory_format=torch.preserve_format)
/root/miniconda3/envs/llm_test/lib/python3.10/site-packages/torch/autograd/__init__.py:221: UserWarning: Cannot create tensor with interal format while allow_internel_format=False, tensor will be created with base format. (Triggered internally at build/CMakeFiles/torch_npu.dir/compiler_depend.ts:338.)
  torch.ones_like(out, memory_format=torch.preserve_format)
/root/miniconda3/envs/llm_test/lib/python3.10/site-packages/torch/autograd/__init__.py:221: UserWarning: Cannot create tensor with interal format while allow_internel_format=False, tensor will be created with base format. (Triggered internally at build/CMakeFiles/torch_npu.dir/compiler_depend.ts:338.)
  torch.ones_like(out, memory_format=torch.preserve_format)
/root/miniconda3/envs/llm_test/lib/python3.10/site-packages/torch/autograd/__init__.py:221: UserWarning: Cannot create tensor with interal format while allow_internel_format=False, tensor will be created with base format. (Triggered internally at build/CMakeFiles/torch_npu.dir/compiler_depend.ts:338.)
  torch.ones_like(out, memory_format=torch.preserve_format)
/root/miniconda3/envs/llm_test/lib/python3.10/site-packages/torch/autograd/__init__.py:221: UserWarning: Cannot create tensor with interal format while allow_internel_format=False, tensor will be created with base format. (Triggered internally at build/CMakeFiles/torch_npu.dir/compiler_depend.ts:338.)
  torch.ones_like(out, memory_format=torch.preserve_format)
/root/miniconda3/envs/llm_test/lib/python3.10/site-packages/torch/autograd/__init__.py:221: UserWarning: Cannot create tensor with interal format while allow_internel_format=False, tensor will be created with base format. (Triggered internally at build/CMakeFiles/torch_npu.dir/compiler_depend.ts:338.)
  torch.ones_like(out, memory_format=torch.preserve_format)
/root/miniconda3/envs/llm_test/lib/python3.10/site-packages/torch/distributed/distributed_c10d.py:4631: UserWarning: No device id is provided via `init_process_group` or `barrier `. Using the current device set by the user. 
  warnings.warn(  # warn only once
/root/miniconda3/envs/llm_test/lib/python3.10/site-packages/torch/distributed/distributed_c10d.py:4631: UserWarning: No device id is provided via `init_process_group` or `barrier `. Using the current device set by the user. 
  warnings.warn(  # warn only once
/root/miniconda3/envs/llm_test/lib/python3.10/site-packages/torch/distributed/distributed_c10d.py:4631: UserWarning: No device id is provided via `init_process_group` or `barrier `. Using the current device set by the user. 
  warnings.warn(  # warn only once
/root/miniconda3/envs/llm_test/lib/python3.10/site-packages/torch/distributed/distributed_c10d.py:4631: UserWarning: No device id is provided via `init_process_group` or `barrier `. Using the current device set by the user. 
  warnings.warn(  # warn only once
/root/miniconda3/envs/llm_test/lib/python3.10/site-packages/torch/distributed/distributed_c10d.py:4631: UserWarning: No device id is provided via `init_process_group` or `barrier `. Using the current device set by the user. 
  warnings.warn(  # warn only once
/root/miniconda3/envs/llm_test/lib/python3.10/site-packages/torch/distributed/distributed_c10d.py:4631: UserWarning: No device id is provided via `init_process_group` or `barrier `. Using the current device set by the user. 
  warnings.warn(  # warn only once
/root/miniconda3/envs/llm_test/lib/python3.10/site-packages/torch/distributed/distributed_c10d.py:4631: UserWarning: No device id is provided via `init_process_group` or `barrier `. Using the current device set by the user. 
  warnings.warn(  # warn only once
/root/miniconda3/envs/llm_test/lib/python3.10/site-packages/torch/distributed/distributed_c10d.py:4631: UserWarning: No device id is provided via `init_process_group` or `barrier `. Using the current device set by the user. 
  warnings.warn(  # warn only once
/root/miniconda3/envs/llm_test/lib/python3.10/site-packages/torch/distributed/distributed_c10d.py:4631: UserWarning: No device id is provided via `init_process_group` or `barrier `. Using the current device set by the user. 
  warnings.warn(  # warn only once
/root/miniconda3/envs/llm_test/lib/python3.10/site-packages/torch/distributed/distributed_c10d.py:4631: UserWarning: No device id is provided via `init_process_group` or `barrier `. Using the current device set by the user. 
  warnings.warn(  # warn only once
/root/miniconda3/envs/llm_test/lib/python3.10/site-packages/torch/distributed/distributed_c10d.py:4631: UserWarning: No device id is provided via `init_process_group` or `barrier `. Using the current device set by the user. 
  warnings.warn(  # warn only once
/root/miniconda3/envs/llm_test/lib/python3.10/site-packages/torch/distributed/distributed_c10d.py:4631: UserWarning: No device id is provided via `init_process_group` or `barrier `. Using the current device set by the user. 
  warnings.warn(  # warn only once
/root/miniconda3/envs/llm_test/lib/python3.10/site-packages/torch/distributed/distributed_c10d.py:4631: UserWarning: No device id is provided via `init_process_group` or `barrier `. Using the current device set by the user. 
  warnings.warn(  # warn only once
/root/miniconda3/envs/llm_test/lib/python3.10/site-packages/torch/distributed/distributed_c10d.py:4631: UserWarning: No device id is provided via `init_process_group` or `barrier `. Using the current device set by the user. 
  warnings.warn(  # warn only once
logs/c266d2bf-2ddc-4298-b4ee-64f757a02c24
/root/miniconda3/envs/llm_test/lib/python3.10/site-packages/torch_npu/utils/storage.py:89: UserWarning: TypedStorage is deprecated. It will be removed in the future and UntypedStorage will be the only storage class. This should only matter to you if you are using storages directly.  To access UntypedStorage directly, use tensor.untyped_storage() instead of tensor.storage()
  if self.device.type != 'cpu':
step:0/1670 val_loss:10.8258 train_time:0ms step_avg:0.08ms
step:1/1670 train_time:1640ms step_avg:1639.70ms
step:2/1670 train_time:1744ms step_avg:871.77ms
step:3/1670 train_time:2142ms step_avg:713.98ms
step:4/1670 train_time:2526ms step_avg:631.43ms
step:5/1670 train_time:2921ms step_avg:584.18ms
step:6/1670 train_time:3314ms step_avg:552.37ms
step:7/1670 train_time:3706ms step_avg:529.38ms
step:8/1670 train_time:4099ms step_avg:512.39ms
step:9/1670 train_time:4495ms step_avg:499.42ms
step:10/1670 train_time:4890ms step_avg:489.03ms
step:11/1670 train_time:5278ms step_avg:479.81ms
step:12/1670 train_time:5676ms step_avg:472.98ms
step:13/1670 train_time:6067ms step_avg:466.72ms
step:14/1670 train_time:6461ms step_avg:461.48ms
step:15/1670 train_time:6853ms step_avg:456.84ms
step:16/1670 train_time:7259ms step_avg:453.66ms
step:17/1670 train_time:7650ms step_avg:450.01ms
step:18/1670 train_time:8039ms step_avg:446.62ms
step:19/1670 train_time:8420ms step_avg:443.17ms
step:20/1670 train_time:8830ms step_avg:441.50ms
step:21/1670 train_time:9205ms step_avg:438.32ms
step:22/1670 train_time:9596ms step_avg:436.20ms
step:23/1670 train_time:9990ms step_avg:434.37ms
step:24/1670 train_time:10382ms step_avg:432.59ms
step:25/1670 train_time:10773ms step_avg:430.91ms
step:26/1670 train_time:11164ms step_avg:429.38ms
step:27/1670 train_time:11562ms step_avg:428.21ms
step:28/1670 train_time:11951ms step_avg:426.83ms
step:29/1670 train_time:12345ms step_avg:425.71ms
step:30/1670 train_time:12747ms step_avg:424.89ms
step:31/1670 train_time:13140ms step_avg:423.88ms
step:32/1670 train_time:13520ms step_avg:422.51ms
step:33/1670 train_time:13914ms step_avg:421.63ms
step:34/1670 train_time:14310ms step_avg:420.88ms
step:35/1670 train_time:14702ms step_avg:420.07ms
step:36/1670 train_time:15090ms step_avg:419.16ms
step:37/1670 train_time:15484ms step_avg:418.50ms
step:38/1670 train_time:15880ms step_avg:417.88ms
step:39/1670 train_time:16273ms step_avg:417.27ms
step:40/1670 train_time:16670ms step_avg:416.74ms
step:41/1670 train_time:17077ms step_avg:416.51ms
step:42/1670 train_time:17453ms step_avg:415.55ms
step:43/1670 train_time:17845ms step_avg:414.99ms
step:44/1670 train_time:18246ms step_avg:414.69ms
step:45/1670 train_time:18637ms step_avg:414.16ms
step:46/1670 train_time:19030ms step_avg:413.70ms
step:47/1670 train_time:19419ms step_avg:413.17ms
step:48/1670 train_time:19810ms step_avg:412.71ms
step:49/1670 train_time:20206ms step_avg:412.37ms
step:50/1670 train_time:20597ms step_avg:411.95ms
step:51/1670 train_time:20991ms step_avg:411.59ms
step:52/1670 train_time:21384ms step_avg:411.23ms
step:53/1670 train_time:21777ms step_avg:410.88ms
step:54/1670 train_time:22167ms step_avg:410.51ms
step:55/1670 train_time:22559ms step_avg:410.17ms
step:56/1670 train_time:22950ms step_avg:409.82ms
step:57/1670 train_time:23357ms step_avg:409.77ms
step:58/1670 train_time:23738ms step_avg:409.28ms
step:59/1670 train_time:24136ms step_avg:409.09ms
step:60/1670 train_time:24541ms step_avg:409.01ms
step:61/1670 train_time:24919ms step_avg:408.51ms
step:62/1670 train_time:25312ms step_avg:408.25ms
step:63/1670 train_time:25709ms step_avg:408.09ms
step:64/1670 train_time:26099ms step_avg:407.79ms
step:65/1670 train_time:26491ms step_avg:407.56ms
step:66/1670 train_time:26883ms step_avg:407.32ms
step:67/1670 train_time:27288ms step_avg:407.29ms
step:68/1670 train_time:27663ms step_avg:406.80ms
step:69/1670 train_time:28057ms step_avg:406.62ms
step:70/1670 train_time:28453ms step_avg:406.48ms
step:71/1670 train_time:28846ms step_avg:406.29ms
step:72/1670 train_time:29238ms step_avg:406.09ms
step:73/1670 train_time:29630ms step_avg:405.89ms
step:74/1670 train_time:30024ms step_avg:405.73ms
step:75/1670 train_time:30423ms step_avg:405.63ms
step:76/1670 train_time:30813ms step_avg:405.44ms
step:77/1670 train_time:31207ms step_avg:405.28ms
step:78/1670 train_time:31599ms step_avg:405.11ms
step:79/1670 train_time:31992ms step_avg:404.97ms
step:80/1670 train_time:32389ms step_avg:404.86ms
step:81/1670 train_time:32777ms step_avg:404.65ms
step:82/1670 train_time:33171ms step_avg:404.53ms
step:83/1670 train_time:33566ms step_avg:404.41ms
step:84/1670 train_time:33963ms step_avg:404.32ms
step:85/1670 train_time:34353ms step_avg:404.15ms
step:86/1670 train_time:34753ms step_avg:404.11ms
step:87/1670 train_time:35144ms step_avg:403.95ms
step:88/1670 train_time:35537ms step_avg:403.83ms
step:89/1670 train_time:35942ms step_avg:403.84ms
step:90/1670 train_time:36316ms step_avg:403.51ms
step:91/1670 train_time:36716ms step_avg:403.47ms
step:92/1670 train_time:37105ms step_avg:403.32ms
step:93/1670 train_time:37503ms step_avg:403.26ms
step:94/1670 train_time:37888ms step_avg:403.06ms
step:95/1670 train_time:38281ms step_avg:402.96ms
step:96/1670 train_time:38672ms step_avg:402.84ms
step:97/1670 train_time:39068ms step_avg:402.76ms
step:98/1670 train_time:39463ms step_avg:402.69ms
step:99/1670 train_time:39854ms step_avg:402.57ms
step:100/1670 train_time:40248ms step_avg:402.48ms
step:101/1670 train_time:40641ms step_avg:402.38ms
step:102/1670 train_time:41031ms step_avg:402.27ms
step:103/1670 train_time:41424ms step_avg:402.18ms
step:104/1670 train_time:41816ms step_avg:402.08ms
step:105/1670 train_time:42225ms step_avg:402.14ms
step:106/1670 train_time:42600ms step_avg:401.89ms
step:107/1670 train_time:42997ms step_avg:401.84ms
step:108/1670 train_time:43388ms step_avg:401.74ms
step:109/1670 train_time:43779ms step_avg:401.64ms
step:110/1670 train_time:44170ms step_avg:401.54ms
step:111/1670 train_time:44568ms step_avg:401.52ms
step:112/1670 train_time:44957ms step_avg:401.40ms
step:113/1670 train_time:45354ms step_avg:401.36ms
step:114/1670 train_time:45746ms step_avg:401.28ms
step:115/1670 train_time:46137ms step_avg:401.19ms
step:116/1670 train_time:46528ms step_avg:401.10ms
step:117/1670 train_time:46922ms step_avg:401.04ms
step:118/1670 train_time:47321ms step_avg:401.02ms
step:119/1670 train_time:47708ms step_avg:400.91ms
step:120/1670 train_time:48099ms step_avg:400.83ms
step:121/1670 train_time:48495ms step_avg:400.78ms
step:122/1670 train_time:48884ms step_avg:400.69ms
step:123/1670 train_time:49283ms step_avg:400.68ms
step:124/1670 train_time:49669ms step_avg:400.56ms
step:125/1670 train_time:50061ms step_avg:400.49ms
step:125/1670 val_loss:4.2991 train_time:50356ms step_avg:402.85ms
step:126/1670 train_time:50637ms step_avg:401.88ms
step:127/1670 train_time:50990ms step_avg:401.49ms
step:128/1670 train_time:51386ms step_avg:401.45ms
step:129/1670 train_time:51779ms step_avg:401.38ms
step:130/1670 train_time:52169ms step_avg:401.30ms
step:131/1670 train_time:52561ms step_avg:401.23ms
step:132/1670 train_time:52946ms step_avg:401.10ms
step:133/1670 train_time:53334ms step_avg:401.00ms
step:134/1670 train_time:53733ms step_avg:400.99ms
step:135/1670 train_time:54119ms step_avg:400.88ms
step:136/1670 train_time:54511ms step_avg:400.82ms
step:137/1670 train_time:54913ms step_avg:400.82ms
step:138/1670 train_time:55299ms step_avg:400.72ms
step:139/1670 train_time:55711ms step_avg:400.80ms
step:140/1670 train_time:56088ms step_avg:400.63ms
step:141/1670 train_time:56489ms step_avg:400.63ms
step:142/1670 train_time:56875ms step_avg:400.53ms
step:143/1670 train_time:57271ms step_avg:400.49ms
step:144/1670 train_time:57660ms step_avg:400.41ms
step:145/1670 train_time:58047ms step_avg:400.33ms
step:146/1670 train_time:58441ms step_avg:400.28ms
step:147/1670 train_time:58827ms step_avg:400.19ms
step:148/1670 train_time:59225ms step_avg:400.17ms
step:149/1670 train_time:59621ms step_avg:400.14ms
step:150/1670 train_time:60013ms step_avg:400.09ms
step:151/1670 train_time:60399ms step_avg:399.99ms
step:152/1670 train_time:60792ms step_avg:399.95ms
step:153/1670 train_time:61181ms step_avg:399.87ms
step:154/1670 train_time:61577ms step_avg:399.85ms
step:155/1670 train_time:61969ms step_avg:399.80ms
step:156/1670 train_time:62375ms step_avg:399.84ms
step:157/1670 train_time:62756ms step_avg:399.72ms
step:158/1670 train_time:63151ms step_avg:399.69ms
step:159/1670 train_time:63554ms step_avg:399.71ms
step:160/1670 train_time:63935ms step_avg:399.59ms
step:161/1670 train_time:64321ms step_avg:399.51ms
step:162/1670 train_time:64716ms step_avg:399.48ms
step:163/1670 train_time:65106ms step_avg:399.42ms
step:164/1670 train_time:65493ms step_avg:399.35ms
step:165/1670 train_time:65886ms step_avg:399.31ms
step:166/1670 train_time:66279ms step_avg:399.27ms
step:167/1670 train_time:66679ms step_avg:399.28ms
step:168/1670 train_time:67072ms step_avg:399.24ms
step:169/1670 train_time:67476ms step_avg:399.27ms
step:170/1670 train_time:67856ms step_avg:399.15ms
step:171/1670 train_time:68246ms step_avg:399.10ms
step:172/1670 train_time:68647ms step_avg:399.11ms
step:173/1670 train_time:69028ms step_avg:399.01ms
step:174/1670 train_time:69421ms step_avg:398.97ms
step:175/1670 train_time:69811ms step_avg:398.92ms
step:176/1670 train_time:70211ms step_avg:398.92ms
step:177/1670 train_time:70604ms step_avg:398.89ms
step:178/1670 train_time:70995ms step_avg:398.85ms
step:179/1670 train_time:71380ms step_avg:398.77ms
step:180/1670 train_time:71770ms step_avg:398.72ms
step:181/1670 train_time:72162ms step_avg:398.68ms
step:182/1670 train_time:72558ms step_avg:398.67ms
step:183/1670 train_time:72950ms step_avg:398.63ms
step:184/1670 train_time:73349ms step_avg:398.63ms
step:185/1670 train_time:73738ms step_avg:398.58ms
step:186/1670 train_time:74128ms step_avg:398.54ms
step:187/1670 train_time:74517ms step_avg:398.48ms
step:188/1670 train_time:74913ms step_avg:398.47ms
step:189/1670 train_time:75302ms step_avg:398.42ms
step:190/1670 train_time:75700ms step_avg:398.42ms
step:191/1670 train_time:76087ms step_avg:398.36ms
step:192/1670 train_time:76480ms step_avg:398.33ms
step:193/1670 train_time:76879ms step_avg:398.34ms
step:194/1670 train_time:77264ms step_avg:398.27ms
step:195/1670 train_time:77663ms step_avg:398.27ms
step:196/1670 train_time:78050ms step_avg:398.22ms
step:197/1670 train_time:78445ms step_avg:398.20ms
step:198/1670 train_time:78838ms step_avg:398.17ms
step:199/1670 train_time:79230ms step_avg:398.14ms
step:200/1670 train_time:79621ms step_avg:398.11ms
step:201/1670 train_time:80010ms step_avg:398.06ms
step:202/1670 train_time:80402ms step_avg:398.03ms
step:203/1670 train_time:80797ms step_avg:398.02ms
step:204/1670 train_time:81193ms step_avg:398.00ms
step:205/1670 train_time:81581ms step_avg:397.96ms
step:206/1670 train_time:81978ms step_avg:397.95ms
step:207/1670 train_time:82370ms step_avg:397.92ms
step:208/1670 train_time:82766ms step_avg:397.91ms
step:209/1670 train_time:83160ms step_avg:397.89ms
step:210/1670 train_time:84210ms step_avg:401.00ms
step:211/1670 train_time:84614ms step_avg:401.01ms
step:212/1670 train_time:85010ms step_avg:400.99ms
step:213/1670 train_time:85406ms step_avg:400.97ms
step:214/1670 train_time:85813ms step_avg:400.99ms
step:215/1670 train_time:86187ms step_avg:400.87ms
step:216/1670 train_time:86576ms step_avg:400.82ms
step:217/1670 train_time:86971ms step_avg:400.79ms
step:218/1670 train_time:87376ms step_avg:400.81ms
step:219/1670 train_time:87757ms step_avg:400.71ms
step:220/1670 train_time:88147ms step_avg:400.67ms
step:221/1670 train_time:88536ms step_avg:400.61ms
step:222/1670 train_time:88934ms step_avg:400.60ms
step:223/1670 train_time:89321ms step_avg:400.54ms
step:224/1670 train_time:89712ms step_avg:400.50ms
step:225/1670 train_time:90105ms step_avg:400.47ms
step:226/1670 train_time:90513ms step_avg:400.50ms
step:227/1670 train_time:90891ms step_avg:400.40ms
step:228/1670 train_time:91283ms step_avg:400.37ms
step:229/1670 train_time:91676ms step_avg:400.33ms
step:230/1670 train_time:92067ms step_avg:400.29ms
step:231/1670 train_time:92463ms step_avg:400.27ms
step:232/1670 train_time:92853ms step_avg:400.23ms
step:233/1670 train_time:93245ms step_avg:400.19ms
step:234/1670 train_time:93637ms step_avg:400.16ms
step:235/1670 train_time:94030ms step_avg:400.13ms
step:236/1670 train_time:94421ms step_avg:400.09ms
step:237/1670 train_time:94811ms step_avg:400.04ms
step:238/1670 train_time:95201ms step_avg:400.00ms
step:239/1670 train_time:95594ms step_avg:399.97ms
step:240/1670 train_time:95984ms step_avg:399.93ms
step:241/1670 train_time:96375ms step_avg:399.90ms
step:242/1670 train_time:96763ms step_avg:399.85ms
step:243/1670 train_time:97154ms step_avg:399.81ms
step:244/1670 train_time:97549ms step_avg:399.79ms
step:245/1670 train_time:97944ms step_avg:399.77ms
step:246/1670 train_time:98333ms step_avg:399.73ms
step:247/1670 train_time:98726ms step_avg:399.70ms
step:248/1670 train_time:99117ms step_avg:399.67ms
step:249/1670 train_time:99516ms step_avg:399.66ms
step:250/1670 train_time:99910ms step_avg:399.64ms
step:250/1670 val_loss:3.9687 train_time:100207ms step_avg:400.83ms
step:251/1670 train_time:100484ms step_avg:400.34ms
step:252/1670 train_time:100847ms step_avg:400.19ms
step:253/1670 train_time:101243ms step_avg:400.17ms
step:254/1670 train_time:101641ms step_avg:400.16ms
step:255/1670 train_time:102032ms step_avg:400.13ms
step:256/1670 train_time:102423ms step_avg:400.09ms
step:257/1670 train_time:102818ms step_avg:400.07ms
step:258/1670 train_time:103211ms step_avg:400.04ms
step:259/1670 train_time:103606ms step_avg:400.02ms
step:260/1670 train_time:104003ms step_avg:400.01ms
step:261/1670 train_time:104399ms step_avg:400.00ms
step:262/1670 train_time:104788ms step_avg:399.95ms
step:263/1670 train_time:105179ms step_avg:399.92ms
step:264/1670 train_time:105567ms step_avg:399.88ms
step:265/1670 train_time:105959ms step_avg:399.84ms
step:266/1670 train_time:106350ms step_avg:399.81ms
step:267/1670 train_time:106741ms step_avg:399.78ms
step:268/1670 train_time:107134ms step_avg:399.75ms
step:269/1670 train_time:107525ms step_avg:399.72ms
step:270/1670 train_time:107915ms step_avg:399.68ms
step:271/1670 train_time:108305ms step_avg:399.65ms
step:272/1670 train_time:108693ms step_avg:399.61ms
step:273/1670 train_time:109088ms step_avg:399.59ms
step:274/1670 train_time:109478ms step_avg:399.55ms
step:275/1670 train_time:109871ms step_avg:399.53ms
step:276/1670 train_time:110263ms step_avg:399.50ms
step:277/1670 train_time:110657ms step_avg:399.48ms
step:278/1670 train_time:111046ms step_avg:399.45ms
step:279/1670 train_time:111436ms step_avg:399.41ms
step:280/1670 train_time:111829ms step_avg:399.39ms
step:281/1670 train_time:112220ms step_avg:399.36ms
step:282/1670 train_time:112616ms step_avg:399.35ms
step:283/1670 train_time:113006ms step_avg:399.31ms
step:284/1670 train_time:113396ms step_avg:399.28ms
step:285/1670 train_time:113788ms step_avg:399.26ms
step:286/1670 train_time:114181ms step_avg:399.23ms
step:287/1670 train_time:114568ms step_avg:399.19ms
step:288/1670 train_time:114966ms step_avg:399.19ms
step:289/1670 train_time:115358ms step_avg:399.16ms
step:290/1670 train_time:115754ms step_avg:399.15ms
step:291/1670 train_time:116143ms step_avg:399.12ms
step:292/1670 train_time:116536ms step_avg:399.10ms
step:293/1670 train_time:116927ms step_avg:399.07ms
step:294/1670 train_time:117323ms step_avg:399.06ms
step:295/1670 train_time:117716ms step_avg:399.04ms
step:296/1670 train_time:118106ms step_avg:399.01ms
step:297/1670 train_time:118499ms step_avg:398.99ms
step:298/1670 train_time:118889ms step_avg:398.96ms
step:299/1670 train_time:119278ms step_avg:398.92ms
step:300/1670 train_time:119672ms step_avg:398.91ms
step:301/1670 train_time:120061ms step_avg:398.87ms
step:302/1670 train_time:120454ms step_avg:398.85ms
step:303/1670 train_time:120848ms step_avg:398.84ms
step:304/1670 train_time:121237ms step_avg:398.80ms
step:305/1670 train_time:121632ms step_avg:398.80ms
step:306/1670 train_time:122028ms step_avg:398.78ms
step:307/1670 train_time:122412ms step_avg:398.74ms
step:308/1670 train_time:122803ms step_avg:398.71ms
step:309/1670 train_time:123196ms step_avg:398.69ms
step:310/1670 train_time:123590ms step_avg:398.68ms
step:311/1670 train_time:123984ms step_avg:398.66ms
step:312/1670 train_time:124378ms step_avg:398.65ms
step:313/1670 train_time:124768ms step_avg:398.62ms
step:314/1670 train_time:125160ms step_avg:398.60ms
step:315/1670 train_time:125554ms step_avg:398.58ms
step:316/1670 train_time:125949ms step_avg:398.57ms
step:317/1670 train_time:126343ms step_avg:398.56ms
step:318/1670 train_time:126736ms step_avg:398.54ms
step:319/1670 train_time:127126ms step_avg:398.51ms
step:320/1670 train_time:127517ms step_avg:398.49ms
step:321/1670 train_time:127909ms step_avg:398.47ms
step:322/1670 train_time:128304ms step_avg:398.46ms
step:323/1670 train_time:128696ms step_avg:398.44ms
step:324/1670 train_time:129084ms step_avg:398.41ms
step:325/1670 train_time:129475ms step_avg:398.39ms
step:326/1670 train_time:129866ms step_avg:398.36ms
step:327/1670 train_time:130261ms step_avg:398.35ms
step:328/1670 train_time:130649ms step_avg:398.32ms
step:329/1670 train_time:131044ms step_avg:398.31ms
step:330/1670 train_time:131436ms step_avg:398.29ms
step:331/1670 train_time:131827ms step_avg:398.27ms
step:332/1670 train_time:132214ms step_avg:398.24ms
step:333/1670 train_time:132607ms step_avg:398.22ms
step:334/1670 train_time:132997ms step_avg:398.20ms
step:335/1670 train_time:133384ms step_avg:398.16ms
step:336/1670 train_time:133774ms step_avg:398.14ms
step:337/1670 train_time:134164ms step_avg:398.11ms
step:338/1670 train_time:134555ms step_avg:398.09ms
step:339/1670 train_time:134950ms step_avg:398.08ms
step:340/1670 train_time:135340ms step_avg:398.06ms
step:341/1670 train_time:135734ms step_avg:398.05ms
step:342/1670 train_time:136125ms step_avg:398.03ms
step:343/1670 train_time:136518ms step_avg:398.01ms
step:344/1670 train_time:136916ms step_avg:398.01ms
step:345/1670 train_time:137309ms step_avg:398.00ms
step:346/1670 train_time:137700ms step_avg:397.98ms
step:347/1670 train_time:138093ms step_avg:397.96ms
step:348/1670 train_time:138483ms step_avg:397.94ms
step:349/1670 train_time:138875ms step_avg:397.92ms
step:350/1670 train_time:139269ms step_avg:397.91ms
step:351/1670 train_time:139661ms step_avg:397.90ms
step:352/1670 train_time:140055ms step_avg:397.88ms
step:353/1670 train_time:140443ms step_avg:397.86ms
step:354/1670 train_time:140835ms step_avg:397.84ms
step:355/1670 train_time:141227ms step_avg:397.82ms
step:356/1670 train_time:141632ms step_avg:397.84ms
step:357/1670 train_time:142015ms step_avg:397.80ms
step:358/1670 train_time:142401ms step_avg:397.77ms
step:359/1670 train_time:142792ms step_avg:397.75ms
step:360/1670 train_time:143186ms step_avg:397.74ms
step:361/1670 train_time:143578ms step_avg:397.72ms
step:362/1670 train_time:143973ms step_avg:397.72ms
step:363/1670 train_time:144364ms step_avg:397.70ms
step:364/1670 train_time:144759ms step_avg:397.69ms
step:365/1670 train_time:145151ms step_avg:397.67ms
step:366/1670 train_time:145542ms step_avg:397.66ms
step:367/1670 train_time:145939ms step_avg:397.65ms
step:368/1670 train_time:146330ms step_avg:397.64ms
step:369/1670 train_time:146726ms step_avg:397.63ms
step:370/1670 train_time:147115ms step_avg:397.61ms
step:371/1670 train_time:147507ms step_avg:397.59ms
step:372/1670 train_time:147904ms step_avg:397.59ms
step:373/1670 train_time:148293ms step_avg:397.57ms
step:374/1670 train_time:148689ms step_avg:397.56ms
step:375/1670 train_time:149082ms step_avg:397.55ms
step:375/1670 val_loss:3.8145 train_time:149380ms step_avg:398.35ms
step:376/1670 train_time:149641ms step_avg:397.98ms
step:377/1670 train_time:149979ms step_avg:397.82ms
step:378/1670 train_time:150371ms step_avg:397.81ms
step:379/1670 train_time:150770ms step_avg:397.81ms
step:380/1670 train_time:151162ms step_avg:397.80ms
step:381/1670 train_time:151551ms step_avg:397.77ms
step:382/1670 train_time:151943ms step_avg:397.76ms
step:383/1670 train_time:152337ms step_avg:397.75ms
step:384/1670 train_time:152727ms step_avg:397.73ms
step:385/1670 train_time:153115ms step_avg:397.70ms
step:386/1670 train_time:153514ms step_avg:397.71ms
step:387/1670 train_time:153909ms step_avg:397.70ms
step:388/1670 train_time:154302ms step_avg:397.69ms
step:389/1670 train_time:154694ms step_avg:397.67ms
step:390/1670 train_time:155088ms step_avg:397.66ms
step:391/1670 train_time:155481ms step_avg:397.65ms
step:392/1670 train_time:155875ms step_avg:397.64ms
step:393/1670 train_time:156267ms step_avg:397.63ms
step:394/1670 train_time:156661ms step_avg:397.62ms
step:395/1670 train_time:157053ms step_avg:397.60ms
step:396/1670 train_time:157447ms step_avg:397.59ms
step:397/1670 train_time:157836ms step_avg:397.57ms
step:398/1670 train_time:158231ms step_avg:397.57ms
step:399/1670 train_time:158622ms step_avg:397.55ms
step:400/1670 train_time:159013ms step_avg:397.53ms
step:401/1670 train_time:159406ms step_avg:397.52ms
step:402/1670 train_time:159801ms step_avg:397.51ms
step:403/1670 train_time:160192ms step_avg:397.50ms
step:404/1670 train_time:160586ms step_avg:397.49ms
step:405/1670 train_time:160977ms step_avg:397.48ms
step:406/1670 train_time:161367ms step_avg:397.46ms
step:407/1670 train_time:161758ms step_avg:397.44ms
step:408/1670 train_time:162153ms step_avg:397.43ms
step:409/1670 train_time:162545ms step_avg:397.42ms
step:410/1670 train_time:162936ms step_avg:397.41ms
step:411/1670 train_time:163334ms step_avg:397.41ms
step:412/1670 train_time:163719ms step_avg:397.38ms
step:413/1670 train_time:164108ms step_avg:397.36ms
step:414/1670 train_time:164503ms step_avg:397.35ms
step:415/1670 train_time:164899ms step_avg:397.35ms
step:416/1670 train_time:165287ms step_avg:397.32ms
step:417/1670 train_time:165681ms step_avg:397.32ms
step:418/1670 train_time:166069ms step_avg:397.29ms
step:419/1670 train_time:166460ms step_avg:397.28ms
step:420/1670 train_time:167514ms step_avg:398.84ms
step:421/1670 train_time:167916ms step_avg:398.85ms
step:422/1670 train_time:168311ms step_avg:398.84ms
step:423/1670 train_time:168703ms step_avg:398.82ms
step:424/1670 train_time:169104ms step_avg:398.83ms
step:425/1670 train_time:169497ms step_avg:398.82ms
step:426/1670 train_time:169888ms step_avg:398.80ms
step:427/1670 train_time:170279ms step_avg:398.78ms
step:428/1670 train_time:170673ms step_avg:398.77ms
step:429/1670 train_time:171063ms step_avg:398.75ms
step:430/1670 train_time:171447ms step_avg:398.71ms
step:431/1670 train_time:171839ms step_avg:398.70ms
step:432/1670 train_time:172228ms step_avg:398.68ms
step:433/1670 train_time:172620ms step_avg:398.66ms
step:434/1670 train_time:173014ms step_avg:398.65ms
step:435/1670 train_time:173409ms step_avg:398.64ms
step:436/1670 train_time:173798ms step_avg:398.62ms
step:437/1670 train_time:174191ms step_avg:398.61ms
step:438/1670 train_time:174581ms step_avg:398.59ms
step:439/1670 train_time:174977ms step_avg:398.58ms
step:440/1670 train_time:175368ms step_avg:398.56ms
step:441/1670 train_time:175763ms step_avg:398.55ms
step:442/1670 train_time:176152ms step_avg:398.53ms
step:443/1670 train_time:176548ms step_avg:398.53ms
step:444/1670 train_time:176939ms step_avg:398.51ms
step:445/1670 train_time:177334ms step_avg:398.50ms
step:446/1670 train_time:177724ms step_avg:398.48ms
step:447/1670 train_time:178116ms step_avg:398.47ms
step:448/1670 train_time:178507ms step_avg:398.45ms
step:449/1670 train_time:178903ms step_avg:398.45ms
step:450/1670 train_time:179294ms step_avg:398.43ms
step:451/1670 train_time:179687ms step_avg:398.42ms
step:452/1670 train_time:180080ms step_avg:398.41ms
step:453/1670 train_time:180469ms step_avg:398.39ms
step:454/1670 train_time:180859ms step_avg:398.37ms
step:455/1670 train_time:181251ms step_avg:398.35ms
step:456/1670 train_time:181637ms step_avg:398.33ms
step:457/1670 train_time:182031ms step_avg:398.32ms
step:458/1670 train_time:182421ms step_avg:398.30ms
step:459/1670 train_time:182807ms step_avg:398.27ms
step:460/1670 train_time:183198ms step_avg:398.26ms
step:461/1670 train_time:183595ms step_avg:398.25ms
step:462/1670 train_time:183982ms step_avg:398.23ms
step:463/1670 train_time:184378ms step_avg:398.22ms
step:464/1670 train_time:184774ms step_avg:398.22ms
step:465/1670 train_time:185163ms step_avg:398.20ms
step:466/1670 train_time:185554ms step_avg:398.18ms
step:467/1670 train_time:185952ms step_avg:398.19ms
step:468/1670 train_time:186341ms step_avg:398.16ms
step:469/1670 train_time:186730ms step_avg:398.14ms
step:470/1670 train_time:187119ms step_avg:398.12ms
step:471/1670 train_time:187515ms step_avg:398.12ms
step:472/1670 train_time:187907ms step_avg:398.11ms
step:473/1670 train_time:188297ms step_avg:398.09ms
step:474/1670 train_time:188691ms step_avg:398.08ms
step:475/1670 train_time:189083ms step_avg:398.07ms
step:476/1670 train_time:189475ms step_avg:398.06ms
step:477/1670 train_time:189864ms step_avg:398.04ms
step:478/1670 train_time:190254ms step_avg:398.02ms
step:479/1670 train_time:190645ms step_avg:398.01ms
step:480/1670 train_time:191037ms step_avg:397.99ms
step:481/1670 train_time:191433ms step_avg:397.99ms
step:482/1670 train_time:191823ms step_avg:397.97ms
step:483/1670 train_time:192219ms step_avg:397.97ms
step:484/1670 train_time:192610ms step_avg:397.95ms
step:485/1670 train_time:193003ms step_avg:397.95ms
step:486/1670 train_time:193395ms step_avg:397.93ms
step:487/1670 train_time:193792ms step_avg:397.93ms
step:488/1670 train_time:194179ms step_avg:397.91ms
step:489/1670 train_time:194572ms step_avg:397.90ms
step:490/1670 train_time:194960ms step_avg:397.88ms
step:491/1670 train_time:195355ms step_avg:397.87ms
step:492/1670 train_time:195745ms step_avg:397.86ms
step:493/1670 train_time:196137ms step_avg:397.84ms
step:494/1670 train_time:196530ms step_avg:397.83ms
step:495/1670 train_time:196925ms step_avg:397.83ms
step:496/1670 train_time:197315ms step_avg:397.81ms
step:497/1670 train_time:197710ms step_avg:397.81ms
step:498/1670 train_time:198104ms step_avg:397.80ms
step:499/1670 train_time:198494ms step_avg:397.78ms
step:500/1670 train_time:198890ms step_avg:397.78ms
step:500/1670 val_loss:3.7108 train_time:199184ms step_avg:398.37ms
step:501/1670 train_time:199461ms step_avg:398.13ms
step:502/1670 train_time:199805ms step_avg:398.02ms
step:503/1670 train_time:200198ms step_avg:398.01ms
step:504/1670 train_time:200592ms step_avg:398.00ms
step:505/1670 train_time:200977ms step_avg:397.98ms
step:506/1670 train_time:201369ms step_avg:397.96ms
step:507/1670 train_time:201758ms step_avg:397.95ms
step:508/1670 train_time:202151ms step_avg:397.93ms
step:509/1670 train_time:202544ms step_avg:397.92ms
step:510/1670 train_time:202937ms step_avg:397.92ms
step:511/1670 train_time:203330ms step_avg:397.91ms
step:512/1670 train_time:203728ms step_avg:397.91ms
step:513/1670 train_time:204123ms step_avg:397.90ms
step:514/1670 train_time:204520ms step_avg:397.90ms
step:515/1670 train_time:204914ms step_avg:397.89ms
step:516/1670 train_time:205306ms step_avg:397.88ms
step:517/1670 train_time:205693ms step_avg:397.86ms
step:518/1670 train_time:206084ms step_avg:397.85ms
step:519/1670 train_time:206474ms step_avg:397.83ms
step:520/1670 train_time:206868ms step_avg:397.82ms
step:521/1670 train_time:207261ms step_avg:397.81ms
step:522/1670 train_time:207649ms step_avg:397.80ms
step:523/1670 train_time:208054ms step_avg:397.81ms
step:524/1670 train_time:208450ms step_avg:397.80ms
step:525/1670 train_time:208840ms step_avg:397.79ms
step:526/1670 train_time:209235ms step_avg:397.79ms
step:527/1670 train_time:209622ms step_avg:397.76ms
step:528/1670 train_time:209999ms step_avg:397.73ms
step:529/1670 train_time:210396ms step_avg:397.72ms
step:530/1670 train_time:210790ms step_avg:397.72ms
step:531/1670 train_time:211180ms step_avg:397.70ms
step:532/1670 train_time:211574ms step_avg:397.70ms
step:533/1670 train_time:211965ms step_avg:397.68ms
step:534/1670 train_time:212357ms step_avg:397.67ms
step:535/1670 train_time:212750ms step_avg:397.66ms
step:536/1670 train_time:213141ms step_avg:397.65ms
step:537/1670 train_time:213534ms step_avg:397.64ms
step:538/1670 train_time:213923ms step_avg:397.63ms
step:539/1670 train_time:214327ms step_avg:397.64ms
step:540/1670 train_time:214712ms step_avg:397.61ms
step:541/1670 train_time:215099ms step_avg:397.59ms
step:542/1670 train_time:215499ms step_avg:397.60ms
step:543/1670 train_time:215895ms step_avg:397.60ms
step:544/1670 train_time:216280ms step_avg:397.57ms
step:545/1670 train_time:216674ms step_avg:397.57ms
step:546/1670 train_time:217067ms step_avg:397.56ms
step:547/1670 train_time:217459ms step_avg:397.55ms
step:548/1670 train_time:217851ms step_avg:397.54ms
step:549/1670 train_time:218246ms step_avg:397.53ms
step:550/1670 train_time:218638ms step_avg:397.52ms
step:551/1670 train_time:219029ms step_avg:397.51ms
step:552/1670 train_time:219422ms step_avg:397.50ms
step:553/1670 train_time:219817ms step_avg:397.50ms
step:554/1670 train_time:220210ms step_avg:397.49ms
step:555/1670 train_time:220601ms step_avg:397.48ms
step:556/1670 train_time:220997ms step_avg:397.48ms
step:557/1670 train_time:221387ms step_avg:397.46ms
step:558/1670 train_time:221834ms step_avg:397.55ms
step:559/1670 train_time:222241ms step_avg:397.57ms
step:560/1670 train_time:222637ms step_avg:397.57ms
step:561/1670 train_time:223031ms step_avg:397.56ms
step:562/1670 train_time:223424ms step_avg:397.55ms
step:563/1670 train_time:223819ms step_avg:397.55ms
step:564/1670 train_time:224213ms step_avg:397.54ms
step:565/1670 train_time:224609ms step_avg:397.54ms
step:566/1670 train_time:224999ms step_avg:397.52ms
step:567/1670 train_time:225390ms step_avg:397.51ms
step:568/1670 train_time:225779ms step_avg:397.50ms
step:569/1670 train_time:226174ms step_avg:397.49ms
step:570/1670 train_time:226573ms step_avg:397.50ms
step:571/1670 train_time:226963ms step_avg:397.48ms
step:572/1670 train_time:227357ms step_avg:397.48ms
step:573/1670 train_time:227747ms step_avg:397.46ms
step:574/1670 train_time:228142ms step_avg:397.46ms
step:575/1670 train_time:228535ms step_avg:397.45ms
step:576/1670 train_time:228925ms step_avg:397.44ms
step:577/1670 train_time:229318ms step_avg:397.43ms
step:578/1670 train_time:229709ms step_avg:397.42ms
step:579/1670 train_time:230101ms step_avg:397.41ms
step:580/1670 train_time:230493ms step_avg:397.40ms
step:581/1670 train_time:230886ms step_avg:397.39ms
step:582/1670 train_time:231276ms step_avg:397.38ms
step:583/1670 train_time:231670ms step_avg:397.38ms
step:584/1670 train_time:232064ms step_avg:397.37ms
step:585/1670 train_time:232453ms step_avg:397.36ms
step:586/1670 train_time:232850ms step_avg:397.36ms
step:587/1670 train_time:233240ms step_avg:397.34ms
step:588/1670 train_time:233631ms step_avg:397.33ms
step:589/1670 train_time:234022ms step_avg:397.32ms
step:590/1670 train_time:234411ms step_avg:397.31ms
step:591/1670 train_time:234808ms step_avg:397.31ms
step:592/1670 train_time:235194ms step_avg:397.29ms
step:593/1670 train_time:235588ms step_avg:397.28ms
step:594/1670 train_time:235979ms step_avg:397.27ms
step:595/1670 train_time:236370ms step_avg:397.26ms
step:596/1670 train_time:236762ms step_avg:397.25ms
step:597/1670 train_time:237155ms step_avg:397.25ms
step:598/1670 train_time:237545ms step_avg:397.23ms
step:599/1670 train_time:237938ms step_avg:397.23ms
step:600/1670 train_time:238327ms step_avg:397.21ms
step:601/1670 train_time:238721ms step_avg:397.21ms
step:602/1670 train_time:239120ms step_avg:397.21ms
step:603/1670 train_time:239513ms step_avg:397.20ms
step:604/1670 train_time:239910ms step_avg:397.20ms
step:605/1670 train_time:240294ms step_avg:397.18ms
step:606/1670 train_time:240685ms step_avg:397.17ms
step:607/1670 train_time:241080ms step_avg:397.17ms
step:608/1670 train_time:241473ms step_avg:397.16ms
step:609/1670 train_time:241863ms step_avg:397.15ms
step:610/1670 train_time:242250ms step_avg:397.13ms
step:611/1670 train_time:242643ms step_avg:397.13ms
step:612/1670 train_time:243034ms step_avg:397.12ms
step:613/1670 train_time:243425ms step_avg:397.11ms
step:614/1670 train_time:243819ms step_avg:397.10ms
step:615/1670 train_time:244214ms step_avg:397.10ms
step:616/1670 train_time:244603ms step_avg:397.08ms
step:617/1670 train_time:244996ms step_avg:397.08ms
step:618/1670 train_time:245396ms step_avg:397.08ms
step:619/1670 train_time:245786ms step_avg:397.07ms
step:620/1670 train_time:246171ms step_avg:397.05ms
step:621/1670 train_time:246565ms step_avg:397.05ms
step:622/1670 train_time:246951ms step_avg:397.03ms
step:623/1670 train_time:247341ms step_avg:397.02ms
step:624/1670 train_time:247732ms step_avg:397.01ms
step:625/1670 train_time:248127ms step_avg:397.00ms
step:625/1670 val_loss:3.6103 train_time:248428ms step_avg:397.49ms
step:626/1670 train_time:248697ms step_avg:397.28ms
step:627/1670 train_time:249044ms step_avg:397.20ms
step:628/1670 train_time:249434ms step_avg:397.19ms
step:629/1670 train_time:249829ms step_avg:397.18ms
step:630/1670 train_time:250226ms step_avg:397.18ms
step:631/1670 train_time:250620ms step_avg:397.18ms
step:632/1670 train_time:251607ms step_avg:398.11ms
step:633/1670 train_time:252069ms step_avg:398.21ms
step:634/1670 train_time:252462ms step_avg:398.21ms
step:635/1670 train_time:252855ms step_avg:398.20ms
step:636/1670 train_time:253250ms step_avg:398.19ms
step:637/1670 train_time:253642ms step_avg:398.18ms
step:638/1670 train_time:254033ms step_avg:398.17ms
step:639/1670 train_time:254427ms step_avg:398.16ms
step:640/1670 train_time:254819ms step_avg:398.16ms
step:641/1670 train_time:255212ms step_avg:398.15ms
step:642/1670 train_time:255603ms step_avg:398.14ms
step:643/1670 train_time:255994ms step_avg:398.12ms
step:644/1670 train_time:256386ms step_avg:398.11ms
step:645/1670 train_time:256781ms step_avg:398.11ms
step:646/1670 train_time:257167ms step_avg:398.09ms
step:647/1670 train_time:257561ms step_avg:398.08ms
step:648/1670 train_time:257956ms step_avg:398.08ms
step:649/1670 train_time:258350ms step_avg:398.07ms
step:650/1670 train_time:258741ms step_avg:398.06ms
step:651/1670 train_time:259133ms step_avg:398.05ms
step:652/1670 train_time:259523ms step_avg:398.04ms
step:653/1670 train_time:259920ms step_avg:398.04ms
step:654/1670 train_time:260313ms step_avg:398.03ms
step:655/1670 train_time:260703ms step_avg:398.02ms
step:656/1670 train_time:261093ms step_avg:398.01ms
step:657/1670 train_time:261485ms step_avg:398.00ms
step:658/1670 train_time:261874ms step_avg:397.99ms
step:659/1670 train_time:262268ms step_avg:397.98ms
step:660/1670 train_time:262661ms step_avg:397.97ms
step:661/1670 train_time:263052ms step_avg:397.96ms
step:662/1670 train_time:263441ms step_avg:397.95ms
step:663/1670 train_time:263840ms step_avg:397.95ms
step:664/1670 train_time:264249ms step_avg:397.96ms
step:665/1670 train_time:264641ms step_avg:397.96ms
step:666/1670 train_time:265032ms step_avg:397.95ms
step:667/1670 train_time:265426ms step_avg:397.94ms
step:668/1670 train_time:265799ms step_avg:397.90ms
step:669/1670 train_time:266189ms step_avg:397.89ms
step:670/1670 train_time:266581ms step_avg:397.88ms
step:671/1670 train_time:266974ms step_avg:397.87ms
step:672/1670 train_time:267374ms step_avg:397.88ms
step:673/1670 train_time:267766ms step_avg:397.87ms
step:674/1670 train_time:268160ms step_avg:397.86ms
step:675/1670 train_time:268552ms step_avg:397.85ms
step:676/1670 train_time:268961ms step_avg:397.87ms
step:677/1670 train_time:269339ms step_avg:397.84ms
step:678/1670 train_time:269733ms step_avg:397.84ms
step:679/1670 train_time:270122ms step_avg:397.82ms
step:680/1670 train_time:270513ms step_avg:397.81ms
step:681/1670 train_time:270905ms step_avg:397.80ms
step:682/1670 train_time:271294ms step_avg:397.79ms
step:683/1670 train_time:271689ms step_avg:397.79ms
step:684/1670 train_time:272078ms step_avg:397.78ms
step:685/1670 train_time:272479ms step_avg:397.78ms
step:686/1670 train_time:272869ms step_avg:397.77ms
step:687/1670 train_time:273265ms step_avg:397.77ms
step:688/1670 train_time:273658ms step_avg:397.76ms
step:689/1670 train_time:274052ms step_avg:397.75ms
step:690/1670 train_time:274450ms step_avg:397.75ms
step:691/1670 train_time:274841ms step_avg:397.74ms
step:692/1670 train_time:275237ms step_avg:397.74ms
step:693/1670 train_time:275630ms step_avg:397.73ms
step:694/1670 train_time:276024ms step_avg:397.73ms
step:695/1670 train_time:276412ms step_avg:397.71ms
step:696/1670 train_time:276809ms step_avg:397.71ms
step:697/1670 train_time:277204ms step_avg:397.71ms
step:698/1670 train_time:277595ms step_avg:397.70ms
step:699/1670 train_time:277986ms step_avg:397.69ms
step:700/1670 train_time:278376ms step_avg:397.68ms
step:701/1670 train_time:278768ms step_avg:397.67ms
step:702/1670 train_time:279158ms step_avg:397.66ms
step:703/1670 train_time:279550ms step_avg:397.65ms
step:704/1670 train_time:279944ms step_avg:397.65ms
step:705/1670 train_time:280334ms step_avg:397.64ms
step:706/1670 train_time:280723ms step_avg:397.63ms
step:707/1670 train_time:281119ms step_avg:397.62ms
step:708/1670 train_time:281513ms step_avg:397.62ms
step:709/1670 train_time:281906ms step_avg:397.61ms
step:710/1670 train_time:282296ms step_avg:397.60ms
step:711/1670 train_time:282683ms step_avg:397.59ms
step:712/1670 train_time:283075ms step_avg:397.58ms
step:713/1670 train_time:283469ms step_avg:397.57ms
step:714/1670 train_time:283860ms step_avg:397.56ms
step:715/1670 train_time:284251ms step_avg:397.55ms
step:716/1670 train_time:284646ms step_avg:397.55ms
step:717/1670 train_time:285038ms step_avg:397.54ms
step:718/1670 train_time:285431ms step_avg:397.54ms
step:719/1670 train_time:285823ms step_avg:397.53ms
step:720/1670 train_time:286215ms step_avg:397.52ms
step:721/1670 train_time:286611ms step_avg:397.52ms
step:722/1670 train_time:287003ms step_avg:397.51ms
step:723/1670 train_time:287395ms step_avg:397.50ms
step:724/1670 train_time:287784ms step_avg:397.49ms
step:725/1670 train_time:288172ms step_avg:397.48ms
step:726/1670 train_time:288568ms step_avg:397.48ms
step:727/1670 train_time:288960ms step_avg:397.47ms
step:728/1670 train_time:289354ms step_avg:397.46ms
step:729/1670 train_time:289741ms step_avg:397.45ms
step:730/1670 train_time:290141ms step_avg:397.45ms
step:731/1670 train_time:290534ms step_avg:397.45ms
step:732/1670 train_time:290924ms step_avg:397.44ms
step:733/1670 train_time:291315ms step_avg:397.43ms
step:734/1670 train_time:291707ms step_avg:397.42ms
step:735/1670 train_time:292097ms step_avg:397.41ms
step:736/1670 train_time:292495ms step_avg:397.41ms
step:737/1670 train_time:292885ms step_avg:397.40ms
step:738/1670 train_time:293282ms step_avg:397.40ms
step:739/1670 train_time:293673ms step_avg:397.39ms
step:740/1670 train_time:294062ms step_avg:397.38ms
step:741/1670 train_time:294454ms step_avg:397.37ms
step:742/1670 train_time:294847ms step_avg:397.37ms
step:743/1670 train_time:295233ms step_avg:397.35ms
step:744/1670 train_time:295630ms step_avg:397.35ms
step:745/1670 train_time:296026ms step_avg:397.35ms
step:746/1670 train_time:296420ms step_avg:397.35ms
step:747/1670 train_time:296815ms step_avg:397.34ms
step:748/1670 train_time:297207ms step_avg:397.34ms
step:749/1670 train_time:297602ms step_avg:397.33ms
step:750/1670 train_time:297992ms step_avg:397.32ms
step:750/1670 val_loss:3.5569 train_time:298289ms step_avg:397.72ms
step:751/1670 train_time:298559ms step_avg:397.55ms
step:752/1670 train_time:298916ms step_avg:397.49ms
step:753/1670 train_time:299308ms step_avg:397.49ms
step:754/1670 train_time:299700ms step_avg:397.48ms
step:755/1670 train_time:300091ms step_avg:397.47ms
step:756/1670 train_time:300484ms step_avg:397.47ms
step:757/1670 train_time:300878ms step_avg:397.46ms
step:758/1670 train_time:301272ms step_avg:397.46ms
step:759/1670 train_time:301663ms step_avg:397.45ms
step:760/1670 train_time:302057ms step_avg:397.44ms
step:761/1670 train_time:302451ms step_avg:397.44ms
step:762/1670 train_time:302845ms step_avg:397.43ms
step:763/1670 train_time:303240ms step_avg:397.43ms
step:764/1670 train_time:303628ms step_avg:397.42ms
step:765/1670 train_time:304020ms step_avg:397.41ms
step:766/1670 train_time:304414ms step_avg:397.41ms
step:767/1670 train_time:304808ms step_avg:397.40ms
step:768/1670 train_time:305205ms step_avg:397.40ms
step:769/1670 train_time:305593ms step_avg:397.39ms
step:770/1670 train_time:305983ms step_avg:397.38ms
step:771/1670 train_time:306373ms step_avg:397.37ms
step:772/1670 train_time:306771ms step_avg:397.37ms
step:773/1670 train_time:307165ms step_avg:397.37ms
step:774/1670 train_time:307563ms step_avg:397.37ms
step:775/1670 train_time:307952ms step_avg:397.36ms
step:776/1670 train_time:308347ms step_avg:397.35ms
step:777/1670 train_time:308738ms step_avg:397.35ms
step:778/1670 train_time:309132ms step_avg:397.34ms
step:779/1670 train_time:309529ms step_avg:397.34ms
step:780/1670 train_time:309922ms step_avg:397.34ms
step:781/1670 train_time:310313ms step_avg:397.33ms
step:782/1670 train_time:310705ms step_avg:397.32ms
step:783/1670 train_time:311099ms step_avg:397.32ms
step:784/1670 train_time:311491ms step_avg:397.31ms
step:785/1670 train_time:311881ms step_avg:397.30ms
step:786/1670 train_time:312273ms step_avg:397.29ms
step:787/1670 train_time:312668ms step_avg:397.29ms
step:788/1670 train_time:313058ms step_avg:397.28ms
step:789/1670 train_time:313453ms step_avg:397.28ms
step:790/1670 train_time:313846ms step_avg:397.27ms
step:791/1670 train_time:314237ms step_avg:397.27ms
step:792/1670 train_time:314626ms step_avg:397.26ms
step:793/1670 train_time:315015ms step_avg:397.25ms
step:794/1670 train_time:315413ms step_avg:397.25ms
step:795/1670 train_time:315805ms step_avg:397.24ms
step:796/1670 train_time:316197ms step_avg:397.23ms
step:797/1670 train_time:316588ms step_avg:397.22ms
step:798/1670 train_time:316986ms step_avg:397.23ms
step:799/1670 train_time:317378ms step_avg:397.22ms
step:800/1670 train_time:317767ms step_avg:397.21ms
step:801/1670 train_time:318158ms step_avg:397.20ms
step:802/1670 train_time:318551ms step_avg:397.20ms
step:803/1670 train_time:318945ms step_avg:397.19ms
step:804/1670 train_time:319331ms step_avg:397.18ms
step:805/1670 train_time:319725ms step_avg:397.17ms
step:806/1670 train_time:320113ms step_avg:397.16ms
step:807/1670 train_time:320511ms step_avg:397.16ms
step:808/1670 train_time:320900ms step_avg:397.15ms
step:809/1670 train_time:321292ms step_avg:397.15ms
step:810/1670 train_time:321682ms step_avg:397.14ms
step:811/1670 train_time:322073ms step_avg:397.13ms
step:812/1670 train_time:322465ms step_avg:397.12ms
step:813/1670 train_time:322859ms step_avg:397.12ms
step:814/1670 train_time:323249ms step_avg:397.11ms
step:815/1670 train_time:323641ms step_avg:397.11ms
step:816/1670 train_time:324033ms step_avg:397.10ms
step:817/1670 train_time:324430ms step_avg:397.10ms
step:818/1670 train_time:324820ms step_avg:397.09ms
step:819/1670 train_time:325206ms step_avg:397.08ms
step:820/1670 train_time:325598ms step_avg:397.07ms
step:821/1670 train_time:325989ms step_avg:397.06ms
step:822/1670 train_time:326379ms step_avg:397.05ms
step:823/1670 train_time:326775ms step_avg:397.05ms
step:824/1670 train_time:327161ms step_avg:397.04ms
step:825/1670 train_time:327557ms step_avg:397.04ms
step:826/1670 train_time:327948ms step_avg:397.03ms
step:827/1670 train_time:328343ms step_avg:397.03ms
step:828/1670 train_time:328734ms step_avg:397.02ms
step:829/1670 train_time:329135ms step_avg:397.03ms
step:830/1670 train_time:329530ms step_avg:397.02ms
step:831/1670 train_time:329915ms step_avg:397.01ms
step:832/1670 train_time:330308ms step_avg:397.00ms
step:833/1670 train_time:330703ms step_avg:397.00ms
step:834/1670 train_time:331097ms step_avg:397.00ms
step:835/1670 train_time:331485ms step_avg:396.99ms
step:836/1670 train_time:331880ms step_avg:396.99ms
step:837/1670 train_time:332274ms step_avg:396.98ms
step:838/1670 train_time:332670ms step_avg:396.98ms
step:839/1670 train_time:333061ms step_avg:396.97ms
step:840/1670 train_time:333455ms step_avg:396.97ms
step:841/1670 train_time:334501ms step_avg:397.74ms
step:842/1670 train_time:334906ms step_avg:397.75ms
step:843/1670 train_time:335293ms step_avg:397.74ms
step:844/1670 train_time:335692ms step_avg:397.74ms
step:845/1670 train_time:336079ms step_avg:397.73ms
step:846/1670 train_time:336472ms step_avg:397.72ms
step:847/1670 train_time:336864ms step_avg:397.71ms
step:848/1670 train_time:337256ms step_avg:397.71ms
step:849/1670 train_time:337654ms step_avg:397.71ms
step:850/1670 train_time:338051ms step_avg:397.71ms
step:851/1670 train_time:338443ms step_avg:397.70ms
step:852/1670 train_time:338835ms step_avg:397.69ms
step:853/1670 train_time:339229ms step_avg:397.69ms
step:854/1670 train_time:339622ms step_avg:397.68ms
step:855/1670 train_time:340015ms step_avg:397.68ms
step:856/1670 train_time:340398ms step_avg:397.66ms
step:857/1670 train_time:340791ms step_avg:397.66ms
step:858/1670 train_time:341187ms step_avg:397.65ms
step:859/1670 train_time:341583ms step_avg:397.65ms
step:860/1670 train_time:341974ms step_avg:397.64ms
step:861/1670 train_time:342369ms step_avg:397.64ms
step:862/1670 train_time:342762ms step_avg:397.64ms
step:863/1670 train_time:343158ms step_avg:397.63ms
step:864/1670 train_time:343552ms step_avg:397.63ms
step:865/1670 train_time:343945ms step_avg:397.62ms
step:866/1670 train_time:344336ms step_avg:397.62ms
step:867/1670 train_time:344728ms step_avg:397.61ms
step:868/1670 train_time:345118ms step_avg:397.60ms
step:869/1670 train_time:345510ms step_avg:397.59ms
step:870/1670 train_time:345899ms step_avg:397.59ms
step:871/1670 train_time:346288ms step_avg:397.58ms
step:872/1670 train_time:346677ms step_avg:397.56ms
step:873/1670 train_time:347066ms step_avg:397.56ms
step:874/1670 train_time:347454ms step_avg:397.54ms
step:875/1670 train_time:347848ms step_avg:397.54ms
step:875/1670 val_loss:3.5127 train_time:348143ms step_avg:397.88ms
step:876/1670 train_time:348417ms step_avg:397.74ms
step:877/1670 train_time:348773ms step_avg:397.69ms
step:878/1670 train_time:349163ms step_avg:397.68ms
step:879/1670 train_time:349554ms step_avg:397.67ms
step:880/1670 train_time:349945ms step_avg:397.66ms
step:881/1670 train_time:350333ms step_avg:397.65ms
step:882/1670 train_time:350724ms step_avg:397.65ms
step:883/1670 train_time:351111ms step_avg:397.63ms
step:884/1670 train_time:351507ms step_avg:397.63ms
step:885/1670 train_time:351895ms step_avg:397.62ms
step:886/1670 train_time:352286ms step_avg:397.61ms
step:887/1670 train_time:352678ms step_avg:397.61ms
step:888/1670 train_time:353072ms step_avg:397.60ms
step:889/1670 train_time:353463ms step_avg:397.60ms
step:890/1670 train_time:353853ms step_avg:397.59ms
step:891/1670 train_time:354245ms step_avg:397.58ms
step:892/1670 train_time:354633ms step_avg:397.57ms
step:893/1670 train_time:355025ms step_avg:397.56ms
step:894/1670 train_time:355423ms step_avg:397.56ms
step:895/1670 train_time:355815ms step_avg:397.56ms
step:896/1670 train_time:356205ms step_avg:397.55ms
step:897/1670 train_time:356602ms step_avg:397.55ms
step:898/1670 train_time:356996ms step_avg:397.55ms
step:899/1670 train_time:357387ms step_avg:397.54ms
step:900/1670 train_time:357777ms step_avg:397.53ms
step:901/1670 train_time:358168ms step_avg:397.52ms
step:902/1670 train_time:358560ms step_avg:397.52ms
step:903/1670 train_time:358953ms step_avg:397.51ms
step:904/1670 train_time:359344ms step_avg:397.50ms
step:905/1670 train_time:359734ms step_avg:397.50ms
step:906/1670 train_time:360129ms step_avg:397.49ms
step:907/1670 train_time:360522ms step_avg:397.49ms
step:908/1670 train_time:360914ms step_avg:397.48ms
step:909/1670 train_time:361305ms step_avg:397.48ms
step:910/1670 train_time:361695ms step_avg:397.47ms
step:911/1670 train_time:362086ms step_avg:397.46ms
step:912/1670 train_time:362482ms step_avg:397.46ms
step:913/1670 train_time:362872ms step_avg:397.45ms
step:914/1670 train_time:363266ms step_avg:397.45ms
step:915/1670 train_time:363661ms step_avg:397.44ms
step:916/1670 train_time:364049ms step_avg:397.43ms
step:917/1670 train_time:364442ms step_avg:397.43ms
step:918/1670 train_time:364832ms step_avg:397.42ms
step:919/1670 train_time:365221ms step_avg:397.41ms
step:920/1670 train_time:365611ms step_avg:397.40ms
step:921/1670 train_time:366005ms step_avg:397.40ms
step:922/1670 train_time:366397ms step_avg:397.39ms
step:923/1670 train_time:366785ms step_avg:397.38ms
step:924/1670 train_time:367174ms step_avg:397.37ms
step:925/1670 train_time:367569ms step_avg:397.37ms
step:926/1670 train_time:367960ms step_avg:397.36ms
step:927/1670 train_time:368351ms step_avg:397.36ms
step:928/1670 train_time:368744ms step_avg:397.35ms
step:929/1670 train_time:369132ms step_avg:397.34ms
step:930/1670 train_time:369526ms step_avg:397.34ms
step:931/1670 train_time:369915ms step_avg:397.33ms
step:932/1670 train_time:370302ms step_avg:397.32ms
step:933/1670 train_time:370697ms step_avg:397.32ms
step:934/1670 train_time:371092ms step_avg:397.32ms
step:935/1670 train_time:371485ms step_avg:397.31ms
step:936/1670 train_time:371881ms step_avg:397.31ms
step:937/1670 train_time:372274ms step_avg:397.30ms
step:938/1670 train_time:372673ms step_avg:397.31ms
step:939/1670 train_time:373063ms step_avg:397.30ms
step:940/1670 train_time:373452ms step_avg:397.29ms
step:941/1670 train_time:373847ms step_avg:397.29ms
step:942/1670 train_time:374239ms step_avg:397.28ms
step:943/1670 train_time:374631ms step_avg:397.28ms
step:944/1670 train_time:375025ms step_avg:397.27ms
step:945/1670 train_time:375414ms step_avg:397.26ms
step:946/1670 train_time:375809ms step_avg:397.26ms
step:947/1670 train_time:376202ms step_avg:397.26ms
step:948/1670 train_time:376594ms step_avg:397.25ms
step:949/1670 train_time:376986ms step_avg:397.25ms
step:950/1670 train_time:377377ms step_avg:397.24ms
step:951/1670 train_time:377771ms step_avg:397.24ms
step:952/1670 train_time:378162ms step_avg:397.23ms
step:953/1670 train_time:378554ms step_avg:397.22ms
step:954/1670 train_time:378952ms step_avg:397.22ms
step:955/1670 train_time:379342ms step_avg:397.22ms
step:956/1670 train_time:379735ms step_avg:397.21ms
step:957/1670 train_time:380131ms step_avg:397.21ms
step:958/1670 train_time:380521ms step_avg:397.20ms
step:959/1670 train_time:380914ms step_avg:397.20ms
step:960/1670 train_time:381303ms step_avg:397.19ms
step:961/1670 train_time:381699ms step_avg:397.19ms
step:962/1670 train_time:382096ms step_avg:397.19ms
step:963/1670 train_time:382490ms step_avg:397.19ms
step:964/1670 train_time:382881ms step_avg:397.18ms
step:965/1670 train_time:383270ms step_avg:397.17ms
step:966/1670 train_time:383665ms step_avg:397.17ms
step:967/1670 train_time:384067ms step_avg:397.17ms
step:968/1670 train_time:384458ms step_avg:397.17ms
step:969/1670 train_time:384847ms step_avg:397.16ms
step:970/1670 train_time:385245ms step_avg:397.16ms
step:971/1670 train_time:385634ms step_avg:397.15ms
step:972/1670 train_time:386024ms step_avg:397.14ms
step:973/1670 train_time:386420ms step_avg:397.14ms
step:974/1670 train_time:386810ms step_avg:397.14ms
step:975/1670 train_time:387190ms step_avg:397.12ms
step:976/1670 train_time:387585ms step_avg:397.12ms
step:977/1670 train_time:387977ms step_avg:397.11ms
step:978/1670 train_time:388370ms step_avg:397.11ms
step:979/1670 train_time:388758ms step_avg:397.10ms
step:980/1670 train_time:389148ms step_avg:397.09ms
step:981/1670 train_time:389544ms step_avg:397.09ms
step:982/1670 train_time:389936ms step_avg:397.08ms
step:983/1670 train_time:390331ms step_avg:397.08ms
step:984/1670 train_time:390735ms step_avg:397.09ms
step:985/1670 train_time:391115ms step_avg:397.07ms
step:986/1670 train_time:391509ms step_avg:397.07ms
step:987/1670 train_time:391897ms step_avg:397.06ms
step:988/1670 train_time:392290ms step_avg:397.05ms
step:989/1670 train_time:392681ms step_avg:397.05ms
step:990/1670 train_time:393072ms step_avg:397.04ms
step:991/1670 train_time:393461ms step_avg:397.03ms
step:992/1670 train_time:393858ms step_avg:397.03ms
step:993/1670 train_time:394249ms step_avg:397.03ms
step:994/1670 train_time:394641ms step_avg:397.02ms
step:995/1670 train_time:395047ms step_avg:397.03ms
step:996/1670 train_time:395441ms step_avg:397.03ms
step:997/1670 train_time:395837ms step_avg:397.03ms
step:998/1670 train_time:396227ms step_avg:397.02ms
step:999/1670 train_time:396622ms step_avg:397.02ms
step:1000/1670 train_time:396997ms step_avg:397.00ms
step:1000/1670 val_loss:3.4625 train_time:397291ms step_avg:397.29ms
step:1001/1670 train_time:397565ms step_avg:397.17ms
step:1002/1670 train_time:397901ms step_avg:397.11ms
step:1003/1670 train_time:398293ms step_avg:397.10ms
step:1004/1670 train_time:398686ms step_avg:397.10ms
step:1005/1670 train_time:399078ms step_avg:397.09ms
step:1006/1670 train_time:399470ms step_avg:397.09ms
step:1007/1670 train_time:399864ms step_avg:397.08ms
step:1008/1670 train_time:400259ms step_avg:397.08ms
step:1009/1670 train_time:400651ms step_avg:397.08ms
step:1010/1670 train_time:401045ms step_avg:397.07ms
step:1011/1670 train_time:401436ms step_avg:397.07ms
step:1012/1670 train_time:401830ms step_avg:397.07ms
step:1013/1670 train_time:402219ms step_avg:397.06ms
step:1014/1670 train_time:402607ms step_avg:397.05ms
step:1015/1670 train_time:402998ms step_avg:397.04ms
step:1016/1670 train_time:403393ms step_avg:397.04ms
step:1017/1670 train_time:403782ms step_avg:397.03ms
step:1018/1670 train_time:404179ms step_avg:397.03ms
step:1019/1670 train_time:404570ms step_avg:397.03ms
step:1020/1670 train_time:404969ms step_avg:397.03ms
step:1021/1670 train_time:405352ms step_avg:397.02ms
step:1022/1670 train_time:405769ms step_avg:397.03ms
step:1023/1670 train_time:406164ms step_avg:397.03ms
step:1024/1670 train_time:406559ms step_avg:397.03ms
step:1025/1670 train_time:406949ms step_avg:397.02ms
step:1026/1670 train_time:407343ms step_avg:397.02ms
step:1027/1670 train_time:407734ms step_avg:397.01ms
step:1028/1670 train_time:408123ms step_avg:397.01ms
step:1029/1670 train_time:408524ms step_avg:397.01ms
step:1030/1670 train_time:408913ms step_avg:397.00ms
step:1031/1670 train_time:409307ms step_avg:397.00ms
step:1032/1670 train_time:409694ms step_avg:396.99ms
step:1033/1670 train_time:410082ms step_avg:396.98ms
step:1034/1670 train_time:410481ms step_avg:396.98ms
step:1035/1670 train_time:410869ms step_avg:396.98ms
step:1036/1670 train_time:411264ms step_avg:396.97ms
step:1037/1670 train_time:411660ms step_avg:396.97ms
step:1038/1670 train_time:412052ms step_avg:396.97ms
step:1039/1670 train_time:412442ms step_avg:396.96ms
step:1040/1670 train_time:412834ms step_avg:396.96ms
step:1041/1670 train_time:413220ms step_avg:396.95ms
step:1042/1670 train_time:413617ms step_avg:396.95ms
step:1043/1670 train_time:414008ms step_avg:396.94ms
step:1044/1670 train_time:414396ms step_avg:396.93ms
step:1045/1670 train_time:414797ms step_avg:396.93ms
step:1046/1670 train_time:415190ms step_avg:396.93ms
step:1047/1670 train_time:415582ms step_avg:396.93ms
step:1048/1670 train_time:415977ms step_avg:396.92ms
step:1049/1670 train_time:416367ms step_avg:396.92ms
step:1050/1670 train_time:417427ms step_avg:397.55ms
step:1051/1670 train_time:417816ms step_avg:397.54ms
step:1052/1670 train_time:418209ms step_avg:397.54ms
step:1053/1670 train_time:418604ms step_avg:397.53ms
step:1054/1670 train_time:418986ms step_avg:397.52ms
step:1055/1670 train_time:419381ms step_avg:397.52ms
step:1056/1670 train_time:419768ms step_avg:397.51ms
step:1057/1670 train_time:420158ms step_avg:397.50ms
step:1058/1670 train_time:420549ms step_avg:397.49ms
step:1059/1670 train_time:420940ms step_avg:397.49ms
step:1060/1670 train_time:421330ms step_avg:397.48ms
step:1061/1670 train_time:421721ms step_avg:397.48ms
step:1062/1670 train_time:422114ms step_avg:397.47ms
step:1063/1670 train_time:422510ms step_avg:397.47ms
step:1064/1670 train_time:422902ms step_avg:397.46ms
step:1065/1670 train_time:423296ms step_avg:397.46ms
step:1066/1670 train_time:423689ms step_avg:397.46ms
step:1067/1670 train_time:424080ms step_avg:397.45ms
step:1068/1670 train_time:424475ms step_avg:397.45ms
step:1069/1670 train_time:424868ms step_avg:397.44ms
step:1070/1670 train_time:425263ms step_avg:397.44ms
step:1071/1670 train_time:425654ms step_avg:397.44ms
step:1072/1670 train_time:426043ms step_avg:397.43ms
step:1073/1670 train_time:426436ms step_avg:397.42ms
step:1074/1670 train_time:426827ms step_avg:397.42ms
step:1075/1670 train_time:427220ms step_avg:397.41ms
step:1076/1670 train_time:427612ms step_avg:397.41ms
step:1077/1670 train_time:428003ms step_avg:397.40ms
step:1078/1670 train_time:428396ms step_avg:397.40ms
step:1079/1670 train_time:428789ms step_avg:397.39ms
step:1080/1670 train_time:429181ms step_avg:397.39ms
step:1081/1670 train_time:429577ms step_avg:397.39ms
step:1082/1670 train_time:429972ms step_avg:397.39ms
step:1083/1670 train_time:430362ms step_avg:397.38ms
step:1084/1670 train_time:430753ms step_avg:397.37ms
step:1085/1670 train_time:431139ms step_avg:397.36ms
step:1086/1670 train_time:431534ms step_avg:397.36ms
step:1087/1670 train_time:431925ms step_avg:397.36ms
step:1088/1670 train_time:432315ms step_avg:397.35ms
step:1089/1670 train_time:432709ms step_avg:397.35ms
step:1090/1670 train_time:433098ms step_avg:397.34ms
step:1091/1670 train_time:433491ms step_avg:397.33ms
step:1092/1670 train_time:433890ms step_avg:397.34ms
step:1093/1670 train_time:434280ms step_avg:397.33ms
step:1094/1670 train_time:434682ms step_avg:397.33ms
step:1095/1670 train_time:435070ms step_avg:397.32ms
step:1096/1670 train_time:435471ms step_avg:397.33ms
step:1097/1670 train_time:435862ms step_avg:397.32ms
step:1098/1670 train_time:436253ms step_avg:397.32ms
step:1099/1670 train_time:436645ms step_avg:397.31ms
step:1100/1670 train_time:437038ms step_avg:397.31ms
step:1101/1670 train_time:437428ms step_avg:397.30ms
step:1102/1670 train_time:437819ms step_avg:397.30ms
step:1103/1670 train_time:438212ms step_avg:397.29ms
step:1104/1670 train_time:438602ms step_avg:397.28ms
step:1105/1670 train_time:438997ms step_avg:397.28ms
step:1106/1670 train_time:439390ms step_avg:397.28ms
step:1107/1670 train_time:439789ms step_avg:397.28ms
step:1108/1670 train_time:440175ms step_avg:397.27ms
step:1109/1670 train_time:440570ms step_avg:397.27ms
step:1110/1670 train_time:440961ms step_avg:397.26ms
step:1111/1670 train_time:441350ms step_avg:397.25ms
step:1112/1670 train_time:441743ms step_avg:397.25ms
step:1113/1670 train_time:442133ms step_avg:397.24ms
step:1114/1670 train_time:442526ms step_avg:397.24ms
step:1115/1670 train_time:442971ms step_avg:397.28ms
step:1116/1670 train_time:443363ms step_avg:397.28ms
step:1117/1670 train_time:443756ms step_avg:397.27ms
step:1118/1670 train_time:444151ms step_avg:397.27ms
step:1119/1670 train_time:444546ms step_avg:397.27ms
step:1120/1670 train_time:444941ms step_avg:397.27ms
step:1121/1670 train_time:445332ms step_avg:397.26ms
step:1122/1670 train_time:445722ms step_avg:397.26ms
step:1123/1670 train_time:446115ms step_avg:397.25ms
step:1124/1670 train_time:446502ms step_avg:397.24ms
step:1125/1670 train_time:446895ms step_avg:397.24ms
step:1125/1670 val_loss:3.4102 train_time:447191ms step_avg:397.50ms
step:1126/1670 train_time:447504ms step_avg:397.43ms
step:1127/1670 train_time:447841ms step_avg:397.37ms
step:1128/1670 train_time:448235ms step_avg:397.37ms
step:1129/1670 train_time:448628ms step_avg:397.37ms
step:1130/1670 train_time:449015ms step_avg:397.36ms
step:1131/1670 train_time:449411ms step_avg:397.36ms
step:1132/1670 train_time:449800ms step_avg:397.35ms
step:1133/1670 train_time:450193ms step_avg:397.35ms
step:1134/1670 train_time:450586ms step_avg:397.34ms
step:1135/1670 train_time:450982ms step_avg:397.34ms
step:1136/1670 train_time:451371ms step_avg:397.33ms
step:1137/1670 train_time:451765ms step_avg:397.33ms
step:1138/1670 train_time:452155ms step_avg:397.32ms
step:1139/1670 train_time:452545ms step_avg:397.32ms
step:1140/1670 train_time:452936ms step_avg:397.31ms
step:1141/1670 train_time:453332ms step_avg:397.31ms
step:1142/1670 train_time:453726ms step_avg:397.31ms
step:1143/1670 train_time:454117ms step_avg:397.30ms
step:1144/1670 train_time:454506ms step_avg:397.30ms
step:1145/1670 train_time:454898ms step_avg:397.29ms
step:1146/1670 train_time:455297ms step_avg:397.29ms
step:1147/1670 train_time:455685ms step_avg:397.28ms
step:1148/1670 train_time:456085ms step_avg:397.29ms
step:1149/1670 train_time:456478ms step_avg:397.28ms
step:1150/1670 train_time:456870ms step_avg:397.28ms
step:1151/1670 train_time:457268ms step_avg:397.28ms
step:1152/1670 train_time:457657ms step_avg:397.27ms
step:1153/1670 train_time:458047ms step_avg:397.27ms
step:1154/1670 train_time:458444ms step_avg:397.27ms
step:1155/1670 train_time:458836ms step_avg:397.26ms
step:1156/1670 train_time:459229ms step_avg:397.26ms
step:1157/1670 train_time:459621ms step_avg:397.25ms
step:1158/1670 train_time:460013ms step_avg:397.25ms
step:1159/1670 train_time:460403ms step_avg:397.24ms
step:1160/1670 train_time:460799ms step_avg:397.24ms
step:1161/1670 train_time:461194ms step_avg:397.24ms
step:1162/1670 train_time:461589ms step_avg:397.24ms
step:1163/1670 train_time:461975ms step_avg:397.23ms
step:1164/1670 train_time:462369ms step_avg:397.22ms
step:1165/1670 train_time:462765ms step_avg:397.22ms
step:1166/1670 train_time:463159ms step_avg:397.22ms
step:1167/1670 train_time:463550ms step_avg:397.22ms
step:1168/1670 train_time:463939ms step_avg:397.21ms
step:1169/1670 train_time:464332ms step_avg:397.20ms
step:1170/1670 train_time:464721ms step_avg:397.20ms
step:1171/1670 train_time:465111ms step_avg:397.19ms
step:1172/1670 train_time:465506ms step_avg:397.19ms
step:1173/1670 train_time:465897ms step_avg:397.18ms
step:1174/1670 train_time:466287ms step_avg:397.18ms
step:1175/1670 train_time:466683ms step_avg:397.18ms
step:1176/1670 train_time:467074ms step_avg:397.17ms
step:1177/1670 train_time:467468ms step_avg:397.17ms
step:1178/1670 train_time:467867ms step_avg:397.17ms
step:1179/1670 train_time:468259ms step_avg:397.17ms
step:1180/1670 train_time:468654ms step_avg:397.16ms
step:1181/1670 train_time:469044ms step_avg:397.16ms
step:1182/1670 train_time:469436ms step_avg:397.15ms
step:1183/1670 train_time:469827ms step_avg:397.15ms
step:1184/1670 train_time:470215ms step_avg:397.14ms
step:1185/1670 train_time:470606ms step_avg:397.14ms
step:1186/1670 train_time:470997ms step_avg:397.13ms
step:1187/1670 train_time:471390ms step_avg:397.13ms
step:1188/1670 train_time:471783ms step_avg:397.12ms
step:1189/1670 train_time:472175ms step_avg:397.12ms
step:1190/1670 train_time:472566ms step_avg:397.11ms
step:1191/1670 train_time:472961ms step_avg:397.11ms
step:1192/1670 train_time:473351ms step_avg:397.11ms
step:1193/1670 train_time:473746ms step_avg:397.11ms
step:1194/1670 train_time:474141ms step_avg:397.10ms
step:1195/1670 train_time:474530ms step_avg:397.10ms
step:1196/1670 train_time:474925ms step_avg:397.09ms
step:1197/1670 train_time:475320ms step_avg:397.09ms
step:1198/1670 train_time:475710ms step_avg:397.09ms
step:1199/1670 train_time:476102ms step_avg:397.08ms
step:1200/1670 train_time:476499ms step_avg:397.08ms
step:1201/1670 train_time:476892ms step_avg:397.08ms
step:1202/1670 train_time:477285ms step_avg:397.08ms
step:1203/1670 train_time:477671ms step_avg:397.07ms
step:1204/1670 train_time:478064ms step_avg:397.06ms
step:1205/1670 train_time:478454ms step_avg:397.06ms
step:1206/1670 train_time:478847ms step_avg:397.05ms
step:1207/1670 train_time:479236ms step_avg:397.05ms
step:1208/1670 train_time:479628ms step_avg:397.04ms
step:1209/1670 train_time:480019ms step_avg:397.04ms
step:1210/1670 train_time:480409ms step_avg:397.03ms
step:1211/1670 train_time:480805ms step_avg:397.03ms
step:1212/1670 train_time:481199ms step_avg:397.03ms
step:1213/1670 train_time:481592ms step_avg:397.03ms
step:1214/1670 train_time:481982ms step_avg:397.02ms
step:1215/1670 train_time:482370ms step_avg:397.01ms
step:1216/1670 train_time:482759ms step_avg:397.01ms
step:1217/1670 train_time:483154ms step_avg:397.00ms
step:1218/1670 train_time:483546ms step_avg:397.00ms
step:1219/1670 train_time:483936ms step_avg:396.99ms
step:1220/1670 train_time:484335ms step_avg:397.00ms
step:1221/1670 train_time:484728ms step_avg:396.99ms
step:1222/1670 train_time:485118ms step_avg:396.99ms
step:1223/1670 train_time:485514ms step_avg:396.99ms
step:1224/1670 train_time:485900ms step_avg:396.98ms
step:1225/1670 train_time:486293ms step_avg:396.97ms
step:1226/1670 train_time:486684ms step_avg:396.97ms
step:1227/1670 train_time:487077ms step_avg:396.97ms
step:1228/1670 train_time:487468ms step_avg:396.96ms
step:1229/1670 train_time:487860ms step_avg:396.96ms
step:1230/1670 train_time:488251ms step_avg:396.95ms
step:1231/1670 train_time:488639ms step_avg:396.94ms
step:1232/1670 train_time:489034ms step_avg:396.94ms
step:1233/1670 train_time:489425ms step_avg:396.94ms
step:1234/1670 train_time:489819ms step_avg:396.94ms
step:1235/1670 train_time:490209ms step_avg:396.93ms
step:1236/1670 train_time:490604ms step_avg:396.93ms
step:1237/1670 train_time:490996ms step_avg:396.92ms
step:1238/1670 train_time:491387ms step_avg:396.92ms
step:1239/1670 train_time:491779ms step_avg:396.92ms
step:1240/1670 train_time:492170ms step_avg:396.91ms
step:1241/1670 train_time:492561ms step_avg:396.91ms
step:1242/1670 train_time:492957ms step_avg:396.91ms
step:1243/1670 train_time:493350ms step_avg:396.90ms
step:1244/1670 train_time:493745ms step_avg:396.90ms
step:1245/1670 train_time:494137ms step_avg:396.90ms
step:1246/1670 train_time:494528ms step_avg:396.89ms
step:1247/1670 train_time:494917ms step_avg:396.89ms
step:1248/1670 train_time:495308ms step_avg:396.88ms
step:1249/1670 train_time:495701ms step_avg:396.88ms
step:1250/1670 train_time:496094ms step_avg:396.88ms
step:1250/1670 val_loss:3.3714 train_time:496391ms step_avg:397.11ms
step:1251/1670 train_time:496662ms step_avg:397.01ms
step:1252/1670 train_time:496997ms step_avg:396.96ms
step:1253/1670 train_time:497396ms step_avg:396.96ms
step:1254/1670 train_time:497787ms step_avg:396.96ms
step:1255/1670 train_time:498178ms step_avg:396.95ms
step:1256/1670 train_time:498571ms step_avg:396.95ms
step:1257/1670 train_time:498966ms step_avg:396.95ms
step:1258/1670 train_time:499358ms step_avg:396.95ms
step:1259/1670 train_time:499752ms step_avg:396.94ms
step:1260/1670 train_time:500814ms step_avg:397.47ms
step:1261/1670 train_time:501213ms step_avg:397.47ms
step:1262/1670 train_time:501606ms step_avg:397.47ms
step:1263/1670 train_time:502002ms step_avg:397.47ms
step:1264/1670 train_time:502389ms step_avg:397.46ms
step:1265/1670 train_time:502780ms step_avg:397.45ms
step:1266/1670 train_time:503175ms step_avg:397.45ms
step:1267/1670 train_time:503568ms step_avg:397.45ms
step:1268/1670 train_time:503968ms step_avg:397.45ms
step:1269/1670 train_time:504359ms step_avg:397.45ms
step:1270/1670 train_time:504753ms step_avg:397.44ms
step:1271/1670 train_time:505145ms step_avg:397.44ms
step:1272/1670 train_time:505539ms step_avg:397.44ms
step:1273/1670 train_time:505929ms step_avg:397.43ms
step:1274/1670 train_time:506322ms step_avg:397.43ms
step:1275/1670 train_time:506712ms step_avg:397.42ms
step:1276/1670 train_time:507103ms step_avg:397.42ms
step:1277/1670 train_time:507494ms step_avg:397.41ms
step:1278/1670 train_time:507886ms step_avg:397.41ms
step:1279/1670 train_time:508278ms step_avg:397.40ms
step:1280/1670 train_time:508674ms step_avg:397.40ms
step:1281/1670 train_time:509062ms step_avg:397.39ms
step:1282/1670 train_time:509458ms step_avg:397.39ms
step:1283/1670 train_time:509851ms step_avg:397.39ms
step:1284/1670 train_time:510244ms step_avg:397.39ms
step:1285/1670 train_time:510641ms step_avg:397.39ms
step:1286/1670 train_time:511035ms step_avg:397.38ms
step:1287/1670 train_time:511426ms step_avg:397.38ms
step:1288/1670 train_time:511822ms step_avg:397.38ms
step:1289/1670 train_time:512215ms step_avg:397.37ms
step:1290/1670 train_time:512610ms step_avg:397.37ms
step:1291/1670 train_time:513003ms step_avg:397.37ms
step:1292/1670 train_time:513397ms step_avg:397.37ms
step:1293/1670 train_time:513787ms step_avg:397.36ms
step:1294/1670 train_time:514177ms step_avg:397.35ms
step:1295/1670 train_time:514572ms step_avg:397.35ms
step:1296/1670 train_time:514961ms step_avg:397.35ms
step:1297/1670 train_time:515355ms step_avg:397.34ms
step:1298/1670 train_time:515746ms step_avg:397.34ms
step:1299/1670 train_time:516141ms step_avg:397.34ms
step:1300/1670 train_time:516532ms step_avg:397.33ms
step:1301/1670 train_time:516923ms step_avg:397.33ms
step:1302/1670 train_time:517316ms step_avg:397.32ms
step:1303/1670 train_time:517712ms step_avg:397.32ms
step:1304/1670 train_time:518107ms step_avg:397.32ms
step:1305/1670 train_time:518497ms step_avg:397.32ms
step:1306/1670 train_time:518887ms step_avg:397.31ms
step:1307/1670 train_time:519280ms step_avg:397.31ms
step:1308/1670 train_time:519677ms step_avg:397.31ms
step:1309/1670 train_time:520066ms step_avg:397.30ms
step:1310/1670 train_time:520459ms step_avg:397.30ms
step:1311/1670 train_time:520851ms step_avg:397.29ms
step:1312/1670 train_time:521245ms step_avg:397.29ms
step:1313/1670 train_time:521638ms step_avg:397.29ms
step:1314/1670 train_time:522035ms step_avg:397.29ms
step:1315/1670 train_time:522424ms step_avg:397.28ms
step:1316/1670 train_time:522815ms step_avg:397.28ms
step:1317/1670 train_time:523207ms step_avg:397.27ms
step:1318/1670 train_time:523596ms step_avg:397.27ms
step:1319/1670 train_time:523989ms step_avg:397.26ms
step:1320/1670 train_time:524383ms step_avg:397.26ms
step:1321/1670 train_time:524773ms step_avg:397.25ms
step:1322/1670 train_time:525167ms step_avg:397.25ms
step:1323/1670 train_time:525558ms step_avg:397.25ms
step:1324/1670 train_time:525951ms step_avg:397.24ms
step:1325/1670 train_time:526340ms step_avg:397.24ms
step:1326/1670 train_time:526736ms step_avg:397.24ms
step:1327/1670 train_time:527127ms step_avg:397.23ms
step:1328/1670 train_time:527522ms step_avg:397.23ms
step:1329/1670 train_time:527912ms step_avg:397.23ms
step:1330/1670 train_time:528300ms step_avg:397.22ms
step:1331/1670 train_time:528695ms step_avg:397.22ms
step:1332/1670 train_time:529086ms step_avg:397.21ms
step:1333/1670 train_time:529479ms step_avg:397.21ms
step:1334/1670 train_time:529872ms step_avg:397.21ms
step:1335/1670 train_time:530263ms step_avg:397.20ms
step:1336/1670 train_time:530657ms step_avg:397.20ms
step:1337/1670 train_time:531051ms step_avg:397.20ms
step:1338/1670 train_time:531445ms step_avg:397.19ms
step:1339/1670 train_time:531836ms step_avg:397.19ms
step:1340/1670 train_time:532230ms step_avg:397.19ms
step:1341/1670 train_time:532624ms step_avg:397.18ms
step:1342/1670 train_time:533021ms step_avg:397.18ms
step:1343/1670 train_time:533413ms step_avg:397.18ms
step:1344/1670 train_time:533809ms step_avg:397.18ms
step:1345/1670 train_time:534197ms step_avg:397.17ms
step:1346/1670 train_time:534587ms step_avg:397.17ms
step:1347/1670 train_time:534980ms step_avg:397.16ms
step:1348/1670 train_time:535373ms step_avg:397.16ms
step:1349/1670 train_time:535768ms step_avg:397.16ms
step:1350/1670 train_time:536158ms step_avg:397.15ms
step:1351/1670 train_time:536550ms step_avg:397.15ms
step:1352/1670 train_time:536939ms step_avg:397.14ms
step:1353/1670 train_time:537335ms step_avg:397.14ms
step:1354/1670 train_time:537729ms step_avg:397.14ms
step:1355/1670 train_time:538121ms step_avg:397.14ms
step:1356/1670 train_time:538513ms step_avg:397.13ms
step:1357/1670 train_time:538907ms step_avg:397.13ms
step:1358/1670 train_time:539298ms step_avg:397.13ms
step:1359/1670 train_time:539691ms step_avg:397.12ms
step:1360/1670 train_time:540088ms step_avg:397.12ms
step:1361/1670 train_time:540483ms step_avg:397.12ms
step:1362/1670 train_time:540874ms step_avg:397.12ms
step:1363/1670 train_time:541264ms step_avg:397.11ms
step:1364/1670 train_time:541654ms step_avg:397.11ms
step:1365/1670 train_time:542044ms step_avg:397.10ms
step:1366/1670 train_time:542441ms step_avg:397.10ms
step:1367/1670 train_time:542833ms step_avg:397.10ms
step:1368/1670 train_time:543224ms step_avg:397.09ms
step:1369/1670 train_time:543620ms step_avg:397.09ms
step:1370/1670 train_time:544010ms step_avg:397.09ms
step:1371/1670 train_time:544403ms step_avg:397.08ms
step:1372/1670 train_time:544795ms step_avg:397.08ms
step:1373/1670 train_time:545184ms step_avg:397.07ms
step:1374/1670 train_time:545578ms step_avg:397.07ms
step:1375/1670 train_time:545970ms step_avg:397.07ms
step:1375/1670 val_loss:3.3364 train_time:546270ms step_avg:397.29ms
step:1376/1670 train_time:546543ms step_avg:397.20ms
step:1377/1670 train_time:546892ms step_avg:397.16ms
step:1378/1670 train_time:547283ms step_avg:397.16ms
step:1379/1670 train_time:547675ms step_avg:397.15ms
step:1380/1670 train_time:548081ms step_avg:397.16ms
step:1381/1670 train_time:548482ms step_avg:397.16ms
step:1382/1670 train_time:548862ms step_avg:397.15ms
step:1383/1670 train_time:549254ms step_avg:397.15ms
step:1384/1670 train_time:549640ms step_avg:397.14ms
step:1385/1670 train_time:550035ms step_avg:397.14ms
step:1386/1670 train_time:550426ms step_avg:397.13ms
step:1387/1670 train_time:550816ms step_avg:397.13ms
step:1388/1670 train_time:551210ms step_avg:397.13ms
step:1389/1670 train_time:551601ms step_avg:397.12ms
step:1390/1670 train_time:551993ms step_avg:397.12ms
step:1391/1670 train_time:552383ms step_avg:397.11ms
step:1392/1670 train_time:552777ms step_avg:397.11ms
step:1393/1670 train_time:553171ms step_avg:397.11ms
step:1394/1670 train_time:553561ms step_avg:397.10ms
step:1395/1670 train_time:553954ms step_avg:397.10ms
step:1396/1670 train_time:554340ms step_avg:397.09ms
step:1397/1670 train_time:554734ms step_avg:397.09ms
step:1398/1670 train_time:555126ms step_avg:397.09ms
step:1399/1670 train_time:555519ms step_avg:397.08ms
step:1400/1670 train_time:555906ms step_avg:397.08ms
step:1401/1670 train_time:556303ms step_avg:397.08ms
step:1402/1670 train_time:556699ms step_avg:397.07ms
step:1403/1670 train_time:557089ms step_avg:397.07ms
step:1404/1670 train_time:557481ms step_avg:397.07ms
step:1405/1670 train_time:557875ms step_avg:397.06ms
step:1406/1670 train_time:558263ms step_avg:397.06ms
step:1407/1670 train_time:558658ms step_avg:397.06ms
step:1408/1670 train_time:559053ms step_avg:397.05ms
step:1409/1670 train_time:559445ms step_avg:397.05ms
step:1410/1670 train_time:559837ms step_avg:397.05ms
step:1411/1670 train_time:560233ms step_avg:397.05ms
step:1412/1670 train_time:560624ms step_avg:397.04ms
step:1413/1670 train_time:561014ms step_avg:397.04ms
step:1414/1670 train_time:561408ms step_avg:397.04ms
step:1415/1670 train_time:561796ms step_avg:397.03ms
step:1416/1670 train_time:562189ms step_avg:397.03ms
step:1417/1670 train_time:562582ms step_avg:397.02ms
step:1418/1670 train_time:562969ms step_avg:397.02ms
step:1419/1670 train_time:563368ms step_avg:397.02ms
step:1420/1670 train_time:563758ms step_avg:397.01ms
step:1421/1670 train_time:564148ms step_avg:397.01ms
step:1422/1670 train_time:564537ms step_avg:397.00ms
step:1423/1670 train_time:564936ms step_avg:397.00ms
step:1424/1670 train_time:565331ms step_avg:397.00ms
step:1425/1670 train_time:565723ms step_avg:397.00ms
step:1426/1670 train_time:566116ms step_avg:397.00ms
step:1427/1670 train_time:566505ms step_avg:396.99ms
step:1428/1670 train_time:566906ms step_avg:396.99ms
step:1429/1670 train_time:567299ms step_avg:396.99ms
step:1430/1670 train_time:567690ms step_avg:396.99ms
step:1431/1670 train_time:568087ms step_avg:396.99ms
step:1432/1670 train_time:568476ms step_avg:396.98ms
step:1433/1670 train_time:568871ms step_avg:396.98ms
step:1434/1670 train_time:569263ms step_avg:396.98ms
step:1435/1670 train_time:569657ms step_avg:396.97ms
step:1436/1670 train_time:570049ms step_avg:396.97ms
step:1437/1670 train_time:570441ms step_avg:396.97ms
step:1438/1670 train_time:570835ms step_avg:396.96ms
step:1439/1670 train_time:571229ms step_avg:396.96ms
step:1440/1670 train_time:571620ms step_avg:396.96ms
step:1441/1670 train_time:572010ms step_avg:396.95ms
step:1442/1670 train_time:572401ms step_avg:396.95ms
step:1443/1670 train_time:572792ms step_avg:396.95ms
step:1444/1670 train_time:573183ms step_avg:396.94ms
step:1445/1670 train_time:573575ms step_avg:396.94ms
step:1446/1670 train_time:573971ms step_avg:396.94ms
step:1447/1670 train_time:574364ms step_avg:396.93ms
step:1448/1670 train_time:574754ms step_avg:396.93ms
step:1449/1670 train_time:575147ms step_avg:396.93ms
step:1450/1670 train_time:575537ms step_avg:396.92ms
step:1451/1670 train_time:575931ms step_avg:396.92ms
step:1452/1670 train_time:576323ms step_avg:396.92ms
step:1453/1670 train_time:576719ms step_avg:396.92ms
step:1454/1670 train_time:577110ms step_avg:396.91ms
step:1455/1670 train_time:577502ms step_avg:396.91ms
step:1456/1670 train_time:577892ms step_avg:396.90ms
step:1457/1670 train_time:578293ms step_avg:396.91ms
step:1458/1670 train_time:578690ms step_avg:396.91ms
step:1459/1670 train_time:579075ms step_avg:396.90ms
step:1460/1670 train_time:579468ms step_avg:396.90ms
step:1461/1670 train_time:579860ms step_avg:396.89ms
step:1462/1670 train_time:580251ms step_avg:396.89ms
step:1463/1670 train_time:580643ms step_avg:396.89ms
step:1464/1670 train_time:581039ms step_avg:396.88ms
step:1465/1670 train_time:581428ms step_avg:396.88ms
step:1466/1670 train_time:581822ms step_avg:396.88ms
step:1467/1670 train_time:582215ms step_avg:396.87ms
step:1468/1670 train_time:582611ms step_avg:396.87ms
step:1469/1670 train_time:583686ms step_avg:397.34ms
step:1470/1670 train_time:584094ms step_avg:397.34ms
step:1471/1670 train_time:584485ms step_avg:397.34ms
step:1472/1670 train_time:584879ms step_avg:397.34ms
step:1473/1670 train_time:585273ms step_avg:397.33ms
step:1474/1670 train_time:585650ms step_avg:397.32ms
step:1475/1670 train_time:586050ms step_avg:397.32ms
step:1476/1670 train_time:586442ms step_avg:397.32ms
step:1477/1670 train_time:586836ms step_avg:397.32ms
step:1478/1670 train_time:587230ms step_avg:397.31ms
step:1479/1670 train_time:587630ms step_avg:397.32ms
step:1480/1670 train_time:588022ms step_avg:397.31ms
step:1481/1670 train_time:588417ms step_avg:397.31ms
step:1482/1670 train_time:588810ms step_avg:397.31ms
step:1483/1670 train_time:589208ms step_avg:397.31ms
step:1484/1670 train_time:589602ms step_avg:397.31ms
step:1485/1670 train_time:589994ms step_avg:397.30ms
step:1486/1670 train_time:590386ms step_avg:397.30ms
step:1487/1670 train_time:590783ms step_avg:397.30ms
step:1488/1670 train_time:591178ms step_avg:397.30ms
step:1489/1670 train_time:591582ms step_avg:397.30ms
step:1490/1670 train_time:591974ms step_avg:397.30ms
step:1491/1670 train_time:592366ms step_avg:397.29ms
step:1492/1670 train_time:592762ms step_avg:397.29ms
step:1493/1670 train_time:593162ms step_avg:397.30ms
step:1494/1670 train_time:593555ms step_avg:397.29ms
step:1495/1670 train_time:593953ms step_avg:397.29ms
step:1496/1670 train_time:594345ms step_avg:397.29ms
step:1497/1670 train_time:594737ms step_avg:397.29ms
step:1498/1670 train_time:595132ms step_avg:397.28ms
step:1499/1670 train_time:595526ms step_avg:397.28ms
step:1500/1670 train_time:595921ms step_avg:397.28ms
step:1500/1670 val_loss:3.3057 train_time:596214ms step_avg:397.48ms
step:1501/1670 train_time:596500ms step_avg:397.40ms
step:1502/1670 train_time:596838ms step_avg:397.36ms
step:1503/1670 train_time:597234ms step_avg:397.36ms
step:1504/1670 train_time:597635ms step_avg:397.36ms
step:1505/1670 train_time:598034ms step_avg:397.36ms
step:1506/1670 train_time:598429ms step_avg:397.36ms
step:1507/1670 train_time:598823ms step_avg:397.36ms
step:1508/1670 train_time:599215ms step_avg:397.36ms
step:1509/1670 train_time:599611ms step_avg:397.36ms
step:1510/1670 train_time:600005ms step_avg:397.35ms
step:1511/1670 train_time:600403ms step_avg:397.35ms
step:1512/1670 train_time:600794ms step_avg:397.35ms
step:1513/1670 train_time:601187ms step_avg:397.35ms
step:1514/1670 train_time:601585ms step_avg:397.35ms
step:1515/1670 train_time:601973ms step_avg:397.34ms
step:1516/1670 train_time:602366ms step_avg:397.34ms
step:1517/1670 train_time:602762ms step_avg:397.34ms
step:1518/1670 train_time:603153ms step_avg:397.33ms
step:1519/1670 train_time:603547ms step_avg:397.33ms
step:1520/1670 train_time:603946ms step_avg:397.33ms
step:1521/1670 train_time:604343ms step_avg:397.33ms
step:1522/1670 train_time:604735ms step_avg:397.33ms
step:1523/1670 train_time:605124ms step_avg:397.32ms
step:1524/1670 train_time:605527ms step_avg:397.33ms
step:1525/1670 train_time:605924ms step_avg:397.33ms
step:1526/1670 train_time:606318ms step_avg:397.33ms
step:1527/1670 train_time:606713ms step_avg:397.32ms
step:1528/1670 train_time:607106ms step_avg:397.32ms
step:1529/1670 train_time:607502ms step_avg:397.32ms
step:1530/1670 train_time:607896ms step_avg:397.32ms
step:1531/1670 train_time:608293ms step_avg:397.32ms
step:1532/1670 train_time:608685ms step_avg:397.31ms
step:1533/1670 train_time:609077ms step_avg:397.31ms
step:1534/1670 train_time:609472ms step_avg:397.31ms
step:1535/1670 train_time:609865ms step_avg:397.31ms
step:1536/1670 train_time:610258ms step_avg:397.30ms
step:1537/1670 train_time:610653ms step_avg:397.30ms
step:1538/1670 train_time:611045ms step_avg:397.30ms
step:1539/1670 train_time:611440ms step_avg:397.30ms
step:1540/1670 train_time:611837ms step_avg:397.30ms
step:1541/1670 train_time:612232ms step_avg:397.30ms
step:1542/1670 train_time:612628ms step_avg:397.29ms
step:1543/1670 train_time:613029ms step_avg:397.30ms
step:1544/1670 train_time:613421ms step_avg:397.29ms
step:1545/1670 train_time:613816ms step_avg:397.29ms
step:1546/1670 train_time:614218ms step_avg:397.30ms
step:1547/1670 train_time:614602ms step_avg:397.29ms
step:1548/1670 train_time:614995ms step_avg:397.28ms
step:1549/1670 train_time:615391ms step_avg:397.28ms
step:1550/1670 train_time:615786ms step_avg:397.28ms
step:1551/1670 train_time:616178ms step_avg:397.28ms
step:1552/1670 train_time:616575ms step_avg:397.28ms
step:1553/1670 train_time:616968ms step_avg:397.28ms
step:1554/1670 train_time:617366ms step_avg:397.28ms
step:1555/1670 train_time:617759ms step_avg:397.27ms
step:1556/1670 train_time:618154ms step_avg:397.27ms
step:1557/1670 train_time:618550ms step_avg:397.27ms
step:1558/1670 train_time:618948ms step_avg:397.27ms
step:1559/1670 train_time:619340ms step_avg:397.27ms
step:1560/1670 train_time:619735ms step_avg:397.27ms
step:1561/1670 train_time:620129ms step_avg:397.26ms
step:1562/1670 train_time:620523ms step_avg:397.26ms
step:1563/1670 train_time:620917ms step_avg:397.26ms
step:1564/1670 train_time:621312ms step_avg:397.26ms
step:1565/1670 train_time:621704ms step_avg:397.25ms
step:1566/1670 train_time:622104ms step_avg:397.26ms
step:1567/1670 train_time:622502ms step_avg:397.26ms
step:1568/1670 train_time:622892ms step_avg:397.25ms
step:1569/1670 train_time:623286ms step_avg:397.25ms
step:1570/1670 train_time:623683ms step_avg:397.25ms
step:1571/1670 train_time:624078ms step_avg:397.25ms
step:1572/1670 train_time:624476ms step_avg:397.25ms
step:1573/1670 train_time:624869ms step_avg:397.25ms
step:1574/1670 train_time:625265ms step_avg:397.25ms
step:1575/1670 train_time:625659ms step_avg:397.24ms
step:1576/1670 train_time:626058ms step_avg:397.24ms
step:1577/1670 train_time:626453ms step_avg:397.24ms
step:1578/1670 train_time:626845ms step_avg:397.24ms
step:1579/1670 train_time:627238ms step_avg:397.24ms
step:1580/1670 train_time:627642ms step_avg:397.24ms
step:1581/1670 train_time:628040ms step_avg:397.24ms
step:1582/1670 train_time:628430ms step_avg:397.24ms
step:1583/1670 train_time:628825ms step_avg:397.24ms
step:1584/1670 train_time:629218ms step_avg:397.23ms
step:1585/1670 train_time:629614ms step_avg:397.23ms
step:1586/1670 train_time:630009ms step_avg:397.23ms
step:1587/1670 train_time:630401ms step_avg:397.23ms
step:1588/1670 train_time:630797ms step_avg:397.23ms
step:1589/1670 train_time:631188ms step_avg:397.22ms
step:1590/1670 train_time:631582ms step_avg:397.22ms
step:1591/1670 train_time:631978ms step_avg:397.22ms
step:1592/1670 train_time:632371ms step_avg:397.22ms
step:1593/1670 train_time:632762ms step_avg:397.21ms
step:1594/1670 train_time:633162ms step_avg:397.22ms
step:1595/1670 train_time:633557ms step_avg:397.21ms
step:1596/1670 train_time:633950ms step_avg:397.21ms
step:1597/1670 train_time:634347ms step_avg:397.21ms
step:1598/1670 train_time:634741ms step_avg:397.21ms
step:1599/1670 train_time:635135ms step_avg:397.21ms
step:1600/1670 train_time:635531ms step_avg:397.21ms
step:1601/1670 train_time:635927ms step_avg:397.21ms
step:1602/1670 train_time:636319ms step_avg:397.20ms
step:1603/1670 train_time:636714ms step_avg:397.20ms
step:1604/1670 train_time:637120ms step_avg:397.21ms
step:1605/1670 train_time:637515ms step_avg:397.21ms
step:1606/1670 train_time:637906ms step_avg:397.20ms
step:1607/1670 train_time:638302ms step_avg:397.20ms
step:1608/1670 train_time:638696ms step_avg:397.20ms
step:1609/1670 train_time:639090ms step_avg:397.20ms
step:1610/1670 train_time:639483ms step_avg:397.19ms
step:1611/1670 train_time:639883ms step_avg:397.20ms
step:1612/1670 train_time:640277ms step_avg:397.19ms
step:1613/1670 train_time:640676ms step_avg:397.20ms
step:1614/1670 train_time:641069ms step_avg:397.19ms
step:1615/1670 train_time:641466ms step_avg:397.19ms
step:1616/1670 train_time:641863ms step_avg:397.19ms
step:1617/1670 train_time:642252ms step_avg:397.19ms
step:1618/1670 train_time:642647ms step_avg:397.19ms
step:1619/1670 train_time:643040ms step_avg:397.18ms
step:1620/1670 train_time:643441ms step_avg:397.19ms
step:1621/1670 train_time:643840ms step_avg:397.19ms
step:1622/1670 train_time:644233ms step_avg:397.18ms
step:1623/1670 train_time:644630ms step_avg:397.18ms
step:1624/1670 train_time:645023ms step_avg:397.18ms
step:1625/1670 train_time:645422ms step_avg:397.18ms
step:1625/1670 val_loss:3.2804 train_time:645716ms step_avg:397.36ms
step:1626/1670 train_time:645992ms step_avg:397.29ms
step:1627/1670 train_time:646332ms step_avg:397.25ms
step:1628/1670 train_time:646725ms step_avg:397.25ms
step:1629/1670 train_time:647121ms step_avg:397.25ms
step:1630/1670 train_time:647516ms step_avg:397.25ms
step:1631/1670 train_time:647909ms step_avg:397.25ms
step:1632/1670 train_time:648304ms step_avg:397.24ms
step:1633/1670 train_time:648695ms step_avg:397.24ms
step:1634/1670 train_time:649091ms step_avg:397.24ms
step:1635/1670 train_time:649481ms step_avg:397.24ms
step:1636/1670 train_time:649877ms step_avg:397.24ms
step:1637/1670 train_time:650277ms step_avg:397.24ms
step:1638/1670 train_time:650667ms step_avg:397.23ms
step:1639/1670 train_time:651063ms step_avg:397.23ms
step:1640/1670 train_time:651457ms step_avg:397.23ms
step:1641/1670 train_time:651853ms step_avg:397.23ms
step:1642/1670 train_time:652249ms step_avg:397.23ms
step:1643/1670 train_time:652645ms step_avg:397.23ms
step:1644/1670 train_time:653041ms step_avg:397.23ms
step:1645/1670 train_time:653434ms step_avg:397.22ms
step:1646/1670 train_time:653825ms step_avg:397.22ms
step:1647/1670 train_time:654220ms step_avg:397.22ms
step:1648/1670 train_time:654616ms step_avg:397.22ms
step:1649/1670 train_time:655013ms step_avg:397.22ms
step:1650/1670 train_time:655411ms step_avg:397.22ms
step:1651/1670 train_time:655803ms step_avg:397.22ms
step:1652/1670 train_time:656198ms step_avg:397.21ms
step:1653/1670 train_time:656599ms step_avg:397.22ms
step:1654/1670 train_time:656993ms step_avg:397.21ms
step:1655/1670 train_time:657389ms step_avg:397.21ms
step:1656/1670 train_time:657783ms step_avg:397.21ms
step:1657/1670 train_time:658180ms step_avg:397.21ms
step:1658/1670 train_time:658577ms step_avg:397.21ms
step:1659/1670 train_time:658969ms step_avg:397.21ms
step:1660/1670 train_time:659362ms step_avg:397.21ms
step:1661/1670 train_time:659760ms step_avg:397.21ms
step:1662/1670 train_time:660154ms step_avg:397.20ms
step:1663/1670 train_time:660546ms step_avg:397.20ms
step:1664/1670 train_time:660947ms step_avg:397.20ms
step:1665/1670 train_time:661345ms step_avg:397.20ms
step:1666/1670 train_time:661737ms step_avg:397.20ms
step:1667/1670 train_time:662130ms step_avg:397.20ms
step:1668/1670 train_time:662534ms step_avg:397.20ms
step:1669/1670 train_time:662931ms step_avg:397.20ms
step:1670/1670 train_time:663320ms step_avg:397.20ms
step:1670/1670 val_loss:3.2718 train_time:663668ms step_avg:397.41ms
peak memory allocated: 31703 MiB reserved: 34462 MiB
total training time: 663.67s (663668ms)
=== Done. Exit code: 0 ===
